GLPSOL--GLPK LP/MIP Solver 5.0
Parameter(s) specified in the command line:
 --lp input/p2p-Gnutella24.html/p2p-Gnutella24.txt.gz.18.lp -o input/p2p-Gnutella24.html/p2p-Gnutella24.txt.gz.18.lp.sol
Reading problem data from 'input/p2p-Gnutella24.html/p2p-Gnutella24.txt.gz.18.lp'...
65372 rows, 157256 columns, 326847 non-zeros
157256 integer variables, all of which are binary
222633 lines were read
GLPK Integer Optimizer 5.0
65372 rows, 157256 columns, 326847 non-zeros
157256 integer variables, all of which are binary
Preprocessing...
65361 rows, 157243 columns, 326698 non-zeros
157243 integer variables, all of which are binary
Scaling...
 A: min|aij| =  1.000e+00  max|aij| =  1.000e+00  ratio =  1.000e+00
Problem data seem to be well scaled
Constructing initial basis...
Size of triangular part is 65361
Solving LP relaxation...
GLPK Simplex Optimizer 5.0
65361 rows, 157243 columns, 326698 non-zeros
      0: obj =   0.000000000e+00 inf =   3.200e+01 (32)
     32: obj =   3.665896000e+00 inf =   0.000e+00 (0)
Perturbing LP to avoid stalling [251]...
*  1455: obj =   1.315667000e+00 inf =   0.000e+00 (353) 7
*  2490: obj =   1.315667000e+00 inf =   0.000e+00 (511) 7
*  3446: obj =   1.315667000e+00 inf =   0.000e+00 (585) 7
*  4301: obj =   1.315667000e+00 inf =   0.000e+00 (658) 7
*  5095: obj =   1.315667000e+00 inf =   0.000e+00 (665) 7
*  5826: obj =   1.315667000e+00 inf =   0.000e+00 (65836) 6
*  6542: obj =   1.315667000e+00 inf =   0.000e+00 (1016) 7
*  7238: obj =   1.315667000e+00 inf =   0.000e+00 (1695) 6
*  7956: obj =   1.315667000e+00 inf =   0.000e+00 (1182) 7
*  8776: obj =   8.778800000e-01 inf =   0.000e+00 (1044) 7
*  9675: obj =   8.364060000e-01 inf =   0.000e+00 (566) 9
Removing LP perturbation [10101]...
* 10101: obj =   8.317980000e-01 inf =   0.000e+00 (0) 4
OPTIMAL LP SOLUTION FOUND
Integer optimization begins...
Long-step dual simplex will be used
+ 10101: mip =     not found yet >=              -inf        (1; 0)
+ 10101: >>>>>   8.317980000e-01 >=   8.317980000e-01   0.0% (1; 0)
+ 10101: mip =   8.317980000e-01 >=     tree is empty   0.0% (0; 1)
INTEGER OPTIMAL SOLUTION FOUND
Time used:   57.9 secs
Memory used: 178.6 Mb (187231821 bytes)
Writing MIP solution to 'input/p2p-Gnutella24.html/p2p-Gnutella24.txt.gz.18.lp.sol'...
Objective:  obj = 0.831798 (MINimum)
