GLPSOL--GLPK LP/MIP Solver 5.0
Parameter(s) specified in the command line:
 --lp input/gemsec-Facebook.html/public_figure_edges.csv.gz.250.lp -o input/gemsec-Facebook.html/public_figure_edges.csv.gz.250.lp.sol
Reading problem data from 'input/gemsec-Facebook.html/public_figure_edges.csv.gz.250.lp'...
67042 rows, 145645 columns, 335197 non-zeros
145645 integer variables, all of which are binary
212692 lines were read
GLPK Integer Optimizer 5.0
67042 rows, 145645 columns, 335197 non-zeros
145645 integer variables, all of which are binary
Preprocessing...
66983 rows, 145585 columns, 334440 non-zeros
145585 integer variables, all of which are binary
Scaling...
 A: min|aij| =  1.000e+00  max|aij| =  1.000e+00  ratio =  1.000e+00
Problem data seem to be well scaled
Constructing initial basis...
Size of triangular part is 66983
Solving LP relaxation...
GLPK Simplex Optimizer 5.0
66983 rows, 145585 columns, 334440 non-zeros
      0: obj =   0.000000000e+00 inf =   2.740e+02 (274)
    274: obj =   1.840379460e+02 inf =   0.000e+00 (0)
Perturbing LP to avoid stalling [480]...
*  1845: obj =   1.573252631e+02 inf =   0.000e+00 (1063) 11
*  3086: obj =   1.088124846e+02 inf =   3.142e-14 (1903) 10
*  4143: obj =   1.088124624e+02 inf =   1.866e-03 (1938) 10
*  5038: obj =   1.088124098e+02 inf =   4.675e-03 (2062) 8
*  5873: obj =   1.042241507e+02 inf =   5.391e-03 (2204) 7
*  6664: obj =   1.042240682e+02 inf =   6.094e-03 (2356) 7
*  7429: obj =   1.042240348e+02 inf =   4.939e-03 (2491) 7
*  8262: obj =   1.042236354e+02 inf =   4.104e-03 (2505) 8
*  9066: obj =   8.586912360e+01 inf =   6.982e-03 (68108) 7
*  9860: obj =   8.586857173e+01 inf =   1.041e-02 (68128) 8
* 10644: obj =   8.586810887e+01 inf =   9.050e-03 (68169) 8
* 11511: obj =   5.871645670e+01 inf =   8.538e-03 (2945) 8
* 12437: obj =   5.871617399e+01 inf =   1.244e-02 (2836) 9
* 13404: obj =   4.327818008e+01 inf =   1.279e-02 (2631) 8
* 14317: obj =   2.181610079e+01 inf =   1.339e-02 (2515) 8
* 15097: obj =   1.905343675e+01 inf =   1.353e-02 (2499) 7
* 15908: obj =   1.905337489e+01 inf =   1.363e-02 (2498) 7
* 16723: obj =   1.905332211e+01 inf =   1.284e-02 (2469) 8
* 17577: obj =   1.422374829e+01 inf =   1.265e-02 (2453) 8
* 18423: obj =   2.429725199e-01 inf =   1.241e-02 (2297) 7
* 19386: obj =   9.442479604e-02 inf =   1.657e-02 (1676) 9
Removing LP perturbation [19571]...
* 19571: obj =   0.000000000e+00 inf =   8.327e-17 (0) 2
OPTIMAL LP SOLUTION FOUND
Integer optimization begins...
Long-step dual simplex will be used
+ 19571: mip =     not found yet >=              -inf        (1; 0)
Solution found by heuristic: 0
+ 19571: mip =   0.000000000e+00 >=     tree is empty   0.0% (0; 1)
INTEGER OPTIMAL SOLUTION FOUND
Time used:   107.2 secs
Memory used: 174.8 Mb (183249515 bytes)
Writing MIP solution to 'input/gemsec-Facebook.html/public_figure_edges.csv.gz.250.lp.sol'...
Objective:  obj = 0 (MINimum)
