Version 1.2 launched as -e 0.1 12 input/gemsec-Facebook.html/public_figure_edges.csv.gz 100


Execution time and memory used at after reading from file: 1.260000e+00 seconds, 18038784 bytes of memory usage, 17652 kB of memory peak and 00:02 elapsed time
Statistics on the network after reading from file
	Number of nodes: 11567
	Number of allocated nodes: 12288
	Number of edges: 67039
	Maximum in degree: 274 (node 9429)
	Maximum out degree: 253 (node 5638)

Execution time and memory used at after adding costs: 1.260000e+00 seconds, 18038784 bytes of memory usage, 17652 kB of memory peak and 00:02 elapsed time
Statistics on the network after adding costs
	Number of nodes: 11567
	Number of allocated nodes: 12288
	Number of edges: 67039
	Maximum in degree: 274 (node 9429)
	Maximum out degree: 253 (node 5638)

Execution time and memory used at before starting main computation: 1.270000e+00 seconds, 18038784 bytes of memory usage, 18132 kB of memory peak and 00:02 elapsed time
Statistics on the network before starting main computation
	Number of nodes: 11567
	Number of allocated nodes: 12288
	Number of edges: 67039
	Maximum in degree: 274 (node 9429)
	Maximum out degree: 253 (node 5638)
	source 307 (node 5638) with out degree 253
	target 155 (node 9429) with in degree 274

Execution time and memory used at after iteration 1 (MF = 36.937381): 1.111000e+01 seconds, 78811136 bytes of memory usage, 92824 kB of memory peak and 00:11 elapsed time
Statistics on the network after iteration 1 (MF = 36.937381)
	Number of nodes: 11567
	Number of allocated nodes: 12288
	Number of edges: 67039
	Maximum in degree: 274 (node 9429)
	Maximum out degree: 253 (node 5638)
	source 307 (node 5638) with out degree 253
	target 155 (node 9429) with in degree 274

Execution time and memory used at after iteration 2 (MF = 10.034156): 1.172000e+01 seconds, 78811136 bytes of memory usage, 92896 kB of memory peak and 00:12 elapsed time
Statistics on the network after iteration 2 (MF = 10.034156)
	Number of nodes: 11567
	Number of allocated nodes: 12288
	Number of edges: 67039
	Maximum in degree: 274 (node 9429)
	Maximum out degree: 253 (node 5638)
	source 307 (node 5638) with out degree 253
	target 155 (node 9429) with in degree 274

Execution time and memory used at after iteration 3 (MF = 29.666034): 2.332700e+02 seconds, 121581568 bytes of memory usage, 182392 kB of memory peak and 03:54 elapsed time
Statistics on the network after iteration 3 (MF = 29.666034)
	Number of nodes: 11567
	Number of allocated nodes: 12288
	Number of edges: 67039
	Maximum in degree: 274 (node 9429)
	Maximum out degree: 253 (node 5638)
	source 307 (node 5638) with out degree 253
	target 155 (node 9429) with in degree 274

Execution time and memory used at after iteration 4 (MF = 24.036053): 3.050600e+02 seconds, 121581568 bytes of memory usage, 182392 kB of memory peak and 05:05 elapsed time
Statistics on the network after iteration 4 (MF = 24.036053)
	Number of nodes: 11567
	Number of allocated nodes: 12288
	Number of edges: 67039
	Maximum in degree: 274 (node 9429)
	Maximum out degree: 253 (node 5638)
	source 307 (node 5638) with out degree 253
	target 155 (node 9429) with in degree 274

Execution time and memory used at after iteration 5 (MF = 24.013283): 2.065260e+03 seconds, 121581568 bytes of memory usage, 210948 kB of memory peak and 34:26 elapsed time
Statistics on the network after iteration 5 (MF = 24.013283)
	Number of nodes: 11567
	Number of allocated nodes: 12288
	Number of edges: 67039
	Maximum in degree: 274 (node 9429)
	Maximum out degree: 253 (node 5638)
	source 307 (node 5638) with out degree 253
	target 155 (node 9429) with in degree 274

Execution time and memory used at after iteration 6 (MF = 22.825427): 6.865290e+03 seconds, 121581568 bytes of memory usage, 342708 kB of memory peak and 01:54:26 elapsed time
Statistics on the network after iteration 6 (MF = 22.825427)
	Number of nodes: 11567
	Number of allocated nodes: 12288
	Number of edges: 67039
	Maximum in degree: 274 (node 9429)
	Maximum out degree: 253 (node 5638)
	source 307 (node 5638) with out degree 253
	target 155 (node 9429) with in degree 274

Execution time and memory used at after iteration 7 (MF = 21.764706): 1.125940e+05 seconds, 134516736 bytes of memory usage, 1455108 kB of memory peak and 1-07:16:42 elapsed time
Statistics on the network after iteration 7 (MF = 21.764706)
	Number of nodes: 11567
	Number of allocated nodes: 12288
	Number of edges: 67039
	Maximum in degree: 274 (node 9429)
	Maximum out degree: 253 (node 5638)
	source 307 (node 5638) with out degree 253
	target 155 (node 9429) with in degree 274

Execution time and memory used at after iteration 8 (MF = 19.303605): 2.320685e+05 seconds, 121581568 bytes of memory usage, 2261464 kB of memory peak and 2-16:28:00 elapsed time
Statistics on the network after iteration 8 (MF = 19.303605)
	Number of nodes: 11567
	Number of allocated nodes: 12288
	Number of edges: 67039
	Maximum in degree: 274 (node 9429)
	Maximum out degree: 253 (node 5638)
	source 307 (node 5638) with out degree 253
	target 155 (node 9429) with in degree 274

Execution time and memory used at after iteration 9 (MF = 21.085389): 2.341950e+05 seconds, 121581568 bytes of memory usage, 2261464 kB of memory peak and 2-17:03:26 elapsed time
Statistics on the network after iteration 9 (MF = 21.085389)
	Number of nodes: 11567
	Number of allocated nodes: 12288
	Number of edges: 67039
	Maximum in degree: 274 (node 9429)
	Maximum out degree: 253 (node 5638)
	source 307 (node 5638) with out degree 253
	target 155 (node 9429) with in degree 274

Execution time and memory used at after iteration 10 (MF = 18.045541): 2.815044e+05 seconds, 121581568 bytes of memory usage, 2261464 kB of memory peak and 3-06:11:57 elapsed time
Statistics on the network after iteration 10 (MF = 18.045541)
	Number of nodes: 11567
	Number of allocated nodes: 12288
	Number of edges: 67039
	Maximum in degree: 274 (node 9429)
	Maximum out degree: 253 (node 5638)
	source 307 (node 5638) with out degree 253
	target 155 (node 9429) with in degree 274
