Version 1.2 launched as -e 0.1 12 input/Oregon-1.html/oregon1_010512.txt.gz 114


Execution time and memory used at after reading from file: 5.600000e-01 seconds, 16601088 bytes of memory usage, 16248 kB of memory peak and 00:00 elapsed time
Statistics on the network after reading from file
	Number of nodes: 11011
	Number of allocated nodes: 11264
	Number of edges: 22678
	Maximum in degree: 199 (node 6461)
	Maximum out degree: 2344 (node 701)

Execution time and memory used at after adding costs: 5.600000e-01 seconds, 16601088 bytes of memory usage, 16248 kB of memory peak and 00:00 elapsed time
Statistics on the network after adding costs
	Number of nodes: 11011
	Number of allocated nodes: 11264
	Number of edges: 22678
	Maximum in degree: 199 (node 6461)
	Maximum out degree: 2344 (node 701)

Execution time and memory used at before starting main computation: 5.700000e-01 seconds, 16601088 bytes of memory usage, 16728 kB of memory peak and 00:00 elapsed time
Statistics on the network before starting main computation
	Number of nodes: 11011
	Number of allocated nodes: 11264
	Number of edges: 22678
	Maximum in degree: 199 (node 6461)
	Maximum out degree: 2344 (node 701)
	source 32 (node 701) with out degree 2344
	target 166 (node 6461) with in degree 199

Execution time and memory used at after iteration 1 (MF = 34.638223): 4.300000e+00 seconds, 35692544 bytes of memory usage, 41916 kB of memory peak and 00:04 elapsed time
Statistics on the network after iteration 1 (MF = 34.638223)
	Number of nodes: 11011
	Number of allocated nodes: 11264
	Number of edges: 22678
	Maximum in degree: 199 (node 6461)
	Maximum out degree: 2344 (node 701)
	source 32 (node 701) with out degree 2344
	target 166 (node 6461) with in degree 199

Execution time and memory used at after iteration 2 (MF = 7.635077): 4.860000e+00 seconds, 35692544 bytes of memory usage, 41936 kB of memory peak and 00:05 elapsed time
Statistics on the network after iteration 2 (MF = 7.635077)
	Number of nodes: 11011
	Number of allocated nodes: 11264
	Number of edges: 22678
	Maximum in degree: 199 (node 6461)
	Maximum out degree: 2344 (node 701)
	source 32 (node 701) with out degree 2344
	target 166 (node 6461) with in degree 199

Execution time and memory used at after iteration 3 (MF = 26.559575): 8.720000e+00 seconds, 35799040 bytes of memory usage, 44128 kB of memory peak and 00:08 elapsed time
Statistics on the network after iteration 3 (MF = 26.559575)
	Number of nodes: 11011
	Number of allocated nodes: 11264
	Number of edges: 22678
	Maximum in degree: 199 (node 6461)
	Maximum out degree: 2344 (node 701)
	source 32 (node 701) with out degree 2344
	target 166 (node 6461) with in degree 199

Execution time and memory used at after iteration 4 (MF = 25.422336): 9.330000e+00 seconds, 38838272 bytes of memory usage, 44128 kB of memory peak and 00:09 elapsed time
Statistics on the network after iteration 4 (MF = 25.422336)
	Number of nodes: 11011
	Number of allocated nodes: 11264
	Number of edges: 22678
	Maximum in degree: 199 (node 6461)
	Maximum out degree: 2344 (node 701)
	source 32 (node 701) with out degree 2344
	target 166 (node 6461) with in degree 199

Execution time and memory used at after iteration 5 (MF = 26.593394): 1.288400e+02 seconds, 50442240 bytes of memory usage, 118772 kB of memory peak and 02:09 elapsed time
Statistics on the network after iteration 5 (MF = 26.593394)
	Number of nodes: 11011
	Number of allocated nodes: 11264
	Number of edges: 22678
	Maximum in degree: 199 (node 6461)
	Maximum out degree: 2344 (node 701)
	source 32 (node 701) with out degree 2344
	target 166 (node 6461) with in degree 199

Execution time and memory used at after iteration 6 (MF = 25.860794): 1.360100e+02 seconds, 50442240 bytes of memory usage, 118772 kB of memory peak and 02:16 elapsed time
Statistics on the network after iteration 6 (MF = 25.860794)
	Number of nodes: 11011
	Number of allocated nodes: 11264
	Number of edges: 22678
	Maximum in degree: 199 (node 6461)
	Maximum out degree: 2344 (node 701)
	source 32 (node 701) with out degree 2344
	target 166 (node 6461) with in degree 199

Execution time and memory used at after iteration 7 (MF = 26.351160): 1.553700e+02 seconds, 50442240 bytes of memory usage, 118772 kB of memory peak and 02:35 elapsed time
Statistics on the network after iteration 7 (MF = 26.351160)
	Number of nodes: 11011
	Number of allocated nodes: 11264
	Number of edges: 22678
	Maximum in degree: 199 (node 6461)
	Maximum out degree: 2344 (node 701)
	source 32 (node 701) with out degree 2344
	target 166 (node 6461) with in degree 199

Execution time and memory used at after iteration 8 (MF = 25.724341): 1.664800e+02 seconds, 50442240 bytes of memory usage, 118772 kB of memory peak and 02:46 elapsed time
Statistics on the network after iteration 8 (MF = 25.724341)
	Number of nodes: 11011
	Number of allocated nodes: 11264
	Number of edges: 22678
	Maximum in degree: 199 (node 6461)
	Maximum out degree: 2344 (node 701)
	source 32 (node 701) with out degree 2344
	target 166 (node 6461) with in degree 199

Execution time and memory used at after iteration 9 (MF = 26.593394): 1.798500e+02 seconds, 51367936 bytes of memory usage, 118772 kB of memory peak and 03:00 elapsed time
Statistics on the network after iteration 9 (MF = 26.593394)
	Number of nodes: 11011
	Number of allocated nodes: 11264
	Number of edges: 22678
	Maximum in degree: 199 (node 6461)
	Maximum out degree: 2344 (node 701)
	source 32 (node 701) with out degree 2344
	target 166 (node 6461) with in degree 199

Execution time and memory used at after iteration 10 (MF = 26.593394): 1.817600e+02 seconds, 51367936 bytes of memory usage, 118772 kB of memory peak and 03:02 elapsed time
Statistics on the network after iteration 10 (MF = 26.593394)
	Number of nodes: 11011
	Number of allocated nodes: 11264
	Number of edges: 22678
	Maximum in degree: 199 (node 6461)
	Maximum out degree: 2344 (node 701)
	source 32 (node 701) with out degree 2344
	target 166 (node 6461) with in degree 199

Execution time and memory used at after iteration 11 (MF = 25.181675): 1.836100e+02 seconds, 51367936 bytes of memory usage, 118772 kB of memory peak and 03:03 elapsed time
Statistics on the network after iteration 11 (MF = 25.181675)
	Number of nodes: 11011
	Number of allocated nodes: 11264
	Number of edges: 22678
	Maximum in degree: 199 (node 6461)
	Maximum out degree: 2344 (node 701)
	source 32 (node 701) with out degree 2344
	target 166 (node 6461) with in degree 199

Execution time and memory used at after iteration 12 (MF = 26.526543): 2.528400e+02 seconds, 50442240 bytes of memory usage, 118772 kB of memory peak and 04:13 elapsed time
Statistics on the network after iteration 12 (MF = 26.526543)
	Number of nodes: 11011
	Number of allocated nodes: 11264
	Number of edges: 22678
	Maximum in degree: 199 (node 6461)
	Maximum out degree: 2344 (node 701)
	source 32 (node 701) with out degree 2344
	target 166 (node 6461) with in degree 199

Execution time and memory used at after iteration 13 (MF = 26.190326): 3.389400e+02 seconds, 50442240 bytes of memory usage, 118772 kB of memory peak and 05:39 elapsed time
Statistics on the network after iteration 13 (MF = 26.190326)
	Number of nodes: 11011
	Number of allocated nodes: 11264
	Number of edges: 22678
	Maximum in degree: 199 (node 6461)
	Maximum out degree: 2344 (node 701)
	source 32 (node 701) with out degree 2344
	target 166 (node 6461) with in degree 199

Execution time and memory used at after iteration 14 (MF = 26.593394): 4.522400e+02 seconds, 50442240 bytes of memory usage, 120092 kB of memory peak and 07:32 elapsed time
Statistics on the network after iteration 14 (MF = 26.593394)
	Number of nodes: 11011
	Number of allocated nodes: 11264
	Number of edges: 22678
	Maximum in degree: 199 (node 6461)
	Maximum out degree: 2344 (node 701)
	source 32 (node 701) with out degree 2344
	target 166 (node 6461) with in degree 199

Execution time and memory used at after iteration 15 (MF = 25.140385): 6.467200e+02 seconds, 50442240 bytes of memory usage, 129480 kB of memory peak and 10:47 elapsed time
Statistics on the network after iteration 15 (MF = 25.140385)
	Number of nodes: 11011
	Number of allocated nodes: 11264
	Number of edges: 22678
	Maximum in degree: 199 (node 6461)
	Maximum out degree: 2344 (node 701)
	source 32 (node 701) with out degree 2344
	target 166 (node 6461) with in degree 199

Execution time and memory used at after iteration 16 (MF = 25.653166): 8.230800e+02 seconds, 50442240 bytes of memory usage, 167860 kB of memory peak and 13:43 elapsed time
Statistics on the network after iteration 16 (MF = 25.653166)
	Number of nodes: 11011
	Number of allocated nodes: 11264
	Number of edges: 22678
	Maximum in degree: 199 (node 6461)
	Maximum out degree: 2344 (node 701)
	source 32 (node 701) with out degree 2344
	target 166 (node 6461) with in degree 199

Execution time and memory used at after iteration 17 (MF = 26.593394): 9.807700e+02 seconds, 50442240 bytes of memory usage, 167860 kB of memory peak and 16:21 elapsed time
Statistics on the network after iteration 17 (MF = 26.593394)
	Number of nodes: 11011
	Number of allocated nodes: 11264
	Number of edges: 22678
	Maximum in degree: 199 (node 6461)
	Maximum out degree: 2344 (node 701)
	source 32 (node 701) with out degree 2344
	target 166 (node 6461) with in degree 199

Execution time and memory used at after iteration 18 (MF = 25.880456): 1.054750e+03 seconds, 50438144 bytes of memory usage, 167860 kB of memory peak and 17:35 elapsed time
Statistics on the network after iteration 18 (MF = 25.880456)
	Number of nodes: 11011
	Number of allocated nodes: 11264
	Number of edges: 22678
	Maximum in degree: 199 (node 6461)
	Maximum out degree: 2344 (node 701)
	source 32 (node 701) with out degree 2344
	target 166 (node 6461) with in degree 199

Execution time and memory used at after iteration 19 (MF = 26.593394): 1.140840e+03 seconds, 60985344 bytes of memory usage, 167860 kB of memory peak and 19:01 elapsed time
Statistics on the network after iteration 19 (MF = 26.593394)
	Number of nodes: 11011
	Number of allocated nodes: 11264
	Number of edges: 22678
	Maximum in degree: 199 (node 6461)
	Maximum out degree: 2344 (node 701)
	source 32 (node 701) with out degree 2344
	target 166 (node 6461) with in degree 199

Execution time and memory used at after iteration 20 (MF = 25.446716): 1.255390e+03 seconds, 60985344 bytes of memory usage, 167860 kB of memory peak and 20:55 elapsed time
Statistics on the network after iteration 20 (MF = 25.446716)
	Number of nodes: 11011
	Number of allocated nodes: 11264
	Number of edges: 22678
	Maximum in degree: 199 (node 6461)
	Maximum out degree: 2344 (node 701)
	source 32 (node 701) with out degree 2344
	target 166 (node 6461) with in degree 199

Execution time and memory used at after iteration 21 (MF = 25.990169): 1.508520e+03 seconds, 61513728 bytes of memory usage, 167860 kB of memory peak and 25:08 elapsed time
Statistics on the network after iteration 21 (MF = 25.990169)
	Number of nodes: 11011
	Number of allocated nodes: 11264
	Number of edges: 22678
	Maximum in degree: 199 (node 6461)
	Maximum out degree: 2344 (node 701)
	source 32 (node 701) with out degree 2344
	target 166 (node 6461) with in degree 199

Execution time and memory used at after iteration 22 (MF = 26.593394): 2.164640e+03 seconds, 61669376 bytes of memory usage, 167860 kB of memory peak and 36:05 elapsed time
Statistics on the network after iteration 22 (MF = 26.593394)
	Number of nodes: 11011
	Number of allocated nodes: 11264
	Number of edges: 22678
	Maximum in degree: 199 (node 6461)
	Maximum out degree: 2344 (node 701)
	source 32 (node 701) with out degree 2344
	target 166 (node 6461) with in degree 199

Execution time and memory used at after iteration 23 (MF = 26.593394): 2.244660e+03 seconds, 60985344 bytes of memory usage, 167860 kB of memory peak and 37:25 elapsed time
Statistics on the network after iteration 23 (MF = 26.593394)
	Number of nodes: 11011
	Number of allocated nodes: 11264
	Number of edges: 22678
	Maximum in degree: 199 (node 6461)
	Maximum out degree: 2344 (node 701)
	source 32 (node 701) with out degree 2344
	target 166 (node 6461) with in degree 199

Execution time and memory used at after iteration 24 (MF = 26.390877): 2.339810e+03 seconds, 60985344 bytes of memory usage, 167860 kB of memory peak and 39:00 elapsed time
Statistics on the network after iteration 24 (MF = 26.390877)
	Number of nodes: 11011
	Number of allocated nodes: 11264
	Number of edges: 22678
	Maximum in degree: 199 (node 6461)
	Maximum out degree: 2344 (node 701)
	source 32 (node 701) with out degree 2344
	target 166 (node 6461) with in degree 199

Execution time and memory used at after iteration 25 (MF = 25.455368): 3.308200e+03 seconds, 60985344 bytes of memory usage, 294912 kB of memory peak and 55:08 elapsed time
Statistics on the network after iteration 25 (MF = 25.455368)
	Number of nodes: 11011
	Number of allocated nodes: 11264
	Number of edges: 22678
	Maximum in degree: 199 (node 6461)
	Maximum out degree: 2344 (node 701)
	source 32 (node 701) with out degree 2344
	target 166 (node 6461) with in degree 199

Execution time and memory used at after iteration 26 (MF = 24.756587): 3.686120e+03 seconds, 61861888 bytes of memory usage, 444268 kB of memory peak and 01:01:26 elapsed time
Statistics on the network after iteration 26 (MF = 24.756587)
	Number of nodes: 11011
	Number of allocated nodes: 11264
	Number of edges: 22678
	Maximum in degree: 199 (node 6461)
	Maximum out degree: 2344 (node 701)
	source 32 (node 701) with out degree 2344
	target 166 (node 6461) with in degree 199

Execution time and memory used at after iteration 27 (MF = 25.894613): 2.318301e+04 seconds, 94121984 bytes of memory usage, 2379220 kB of memory peak and 06:26:23 elapsed time
Statistics on the network after iteration 27 (MF = 25.894613)
	Number of nodes: 11011
	Number of allocated nodes: 11264
	Number of edges: 22678
	Maximum in degree: 199 (node 6461)
	Maximum out degree: 2344 (node 701)
	source 32 (node 701) with out degree 2344
	target 166 (node 6461) with in degree 199

Execution time and memory used at after iteration 28 (MF = 26.187180): 2.488761e+04 seconds, 104280064 bytes of memory usage, 2379220 kB of memory peak and 06:54:48 elapsed time
Statistics on the network after iteration 28 (MF = 26.187180)
	Number of nodes: 11011
	Number of allocated nodes: 11264
	Number of edges: 22678
	Maximum in degree: 199 (node 6461)
	Maximum out degree: 2344 (node 701)
	source 32 (node 701) with out degree 2344
	target 166 (node 6461) with in degree 199

Execution time and memory used at after iteration 29 (MF = 26.593394): 2.644968e+04 seconds, 68739072 bytes of memory usage, 2379220 kB of memory peak and 07:20:50 elapsed time
Statistics on the network after iteration 29 (MF = 26.593394)
	Number of nodes: 11011
	Number of allocated nodes: 11264
	Number of edges: 22678
	Maximum in degree: 199 (node 6461)
	Maximum out degree: 2344 (node 701)
	source 32 (node 701) with out degree 2344
	target 166 (node 6461) with in degree 199
