GLPSOL--GLPK LP/MIP Solver 5.0
Parameter(s) specified in the command line:
 --lp input/sx-askubuntu.html/sx-askubuntu-c2a.txt.gz.1008.lp -o input/sx-askubuntu.html/sx-askubuntu-c2a.txt.gz.1008.lp.sol
Reading problem data from 'input/sx-askubuntu.html/sx-askubuntu-c2a.txt.gz.1008.lp'...
165573 rows, 406161 columns, 827852 non-zeros
406161 integer variables, all of which are binary
571739 lines were read
GLPK Integer Optimizer 5.0
165573 rows, 406161 columns, 827852 non-zeros
406161 integer variables, all of which are binary
Preprocessing...
1 hidden packing inequaliti(es) were detected
164649 rows, 405109 columns, 820977 non-zeros
405109 integer variables, all of which are binary
Scaling...
 A: min|aij| =  1.000e+00  max|aij| =  1.000e+00  ratio =  1.000e+00
Problem data seem to be well scaled
Constructing initial basis...
Size of triangular part is 164649
Solving LP relaxation...
GLPK Simplex Optimizer 5.0
164649 rows, 405109 columns, 820977 non-zeros
      0: obj =   0.000000000e+00 inf =   1.738e+03 (1738)
    673: obj =   8.882354769e+11 inf =   1.065e+03 (1065)
   1353: obj =   1.828145917e+12 inf =   3.850e+02 (385)
   1738: obj =   2.376292346e+12 inf =   0.000e+00 (0)
Perturbing LP to avoid stalling [1937]...
*  2451: obj =   2.376292346e+12 inf =   0.000e+00 (2451)
*  3143: obj =   2.280475616e+12 inf =   0.000e+00 (2723) 2
*  3672: obj =   2.280475616e+12 inf =   0.000e+00 (2717) 5
*  4226: obj =   2.280475616e+12 inf =   0.000e+00 (2726) 5
*  4762: obj =   2.280475616e+12 inf =   0.000e+00 (2722) 5
*  5284: obj =   2.280475616e+12 inf =   0.000e+00 (2762) 5
*  5807: obj =   2.280475616e+12 inf =   0.000e+00 (2783) 5
*  6319: obj =   2.280475616e+12 inf =   0.000e+00 (2767) 5
*  6813: obj =   2.280475616e+12 inf =   0.000e+00 (2780) 5
*  7305: obj =   2.280475616e+12 inf =   0.000e+00 (2812) 5
*  7799: obj =   2.280475616e+12 inf =   0.000e+00 (2839) 4
*  8281: obj =   2.280475616e+12 inf =   0.000e+00 (2830) 5
*  8752: obj =   2.280475616e+12 inf =   0.000e+00 (2863) 5
*  9205: obj =   2.280475616e+12 inf =   0.000e+00 (2863) 4
*  9670: obj =   2.280475616e+12 inf =   0.000e+00 (2840) 5
* 10133: obj =   2.280475616e+12 inf =   0.000e+00 (2854) 4
* 10606: obj =   2.280475616e+12 inf =   0.000e+00 (2876) 5
* 11055: obj =   2.280475616e+12 inf =   0.000e+00 (2874) 4
* 11451: obj =   2.280475616e+12 inf =   0.000e+00 (2880) 4
* 11871: obj =   2.280475616e+12 inf =   0.000e+00 (2898) 4
* 12303: obj =   2.280475616e+12 inf =   0.000e+00 (2916) 4
* 12654: obj =   2.280475616e+12 inf =   0.000e+00 (2900) 4
* 13015: obj =   2.280475616e+12 inf =   0.000e+00 (2938) 3
* 13459: obj =   2.280475616e+12 inf =   0.000e+00 (2958) 4
* 13899: obj =   2.280475616e+12 inf =   0.000e+00 (2948) 5
* 14309: obj =   2.280475616e+12 inf =   0.000e+00 (2947) 4
* 14770: obj =   2.280475616e+12 inf =   0.000e+00 (2954) 4
* 15155: obj =   2.280475616e+12 inf =   0.000e+00 (2952) 4
* 15582: obj =   2.280475616e+12 inf =   0.000e+00 (2964) 4
* 16001: obj =   2.280475616e+12 inf =   0.000e+00 (2964) 4
* 16406: obj =   2.280475616e+12 inf =   0.000e+00 (2949) 4
* 16792: obj =   2.280475616e+12 inf =   0.000e+00 (2948) 4
* 17157: obj =   2.280475616e+12 inf =   0.000e+00 (2997) 4
* 17556: obj =   2.280475616e+12 inf =   0.000e+00 (2989) 3
* 17957: obj =   2.280475616e+12 inf =   0.000e+00 (2985) 4
* 18331: obj =   2.280475616e+12 inf =   0.000e+00 (2974) 4
* 18702: obj =   2.280475616e+12 inf =   0.000e+00 (2986) 4
* 19095: obj =   2.280475616e+12 inf =   0.000e+00 (2970) 4
* 19436: obj =   2.280475616e+12 inf =   0.000e+00 (2978) 3
* 19815: obj =   2.280475616e+12 inf =   0.000e+00 (2998) 4
* 20190: obj =   2.280475616e+12 inf =   0.000e+00 (3032) 3
* 20561: obj =   2.280475616e+12 inf =   0.000e+00 (3063) 4
* 20939: obj =   2.280475616e+12 inf =   0.000e+00 (3020) 3
* 21270: obj =   2.280475616e+12 inf =   0.000e+00 (3041) 4
* 21669: obj =   2.280475616e+12 inf =   0.000e+00 (3049) 4
* 22057: obj =   2.280475616e+12 inf =   0.000e+00 (3107) 3
* 22426: obj =   2.280475616e+12 inf =   0.000e+00 (3079) 4
* 22839: obj =   2.223673337e+12 inf =   0.000e+00 (9881) 4
* 23182: obj =   2.223673337e+12 inf =   0.000e+00 (9868) 3
* 23515: obj =   2.199716888e+12 inf =   0.000e+00 (9836) 3
* 23847: obj =   2.199716888e+12 inf =   7.994e-15 (9828) 3
* 24191: obj =   2.199716888e+12 inf =   2.220e-16 (9812) 3
* 24530: obj =   2.199716888e+12 inf =   0.000e+00 (9800) 3
* 24865: obj =   2.199716888e+12 inf =   0.000e+00 (9796) 3
* 25198: obj =   2.199716888e+12 inf =   0.000e+00 (9787) 3
* 25520: obj =   2.199716888e+12 inf =   0.000e+00 (9768) 3
* 25843: obj =   2.192446500e+12 inf =   0.000e+00 (9753) 3
* 26163: obj =   2.192446500e+12 inf =   0.000e+00 (9724) 3
* 26478: obj =   2.192446500e+12 inf =   3.997e-15 (9713) 3
* 26796: obj =   2.192446500e+12 inf =   5.551e-16 (9699) 2
* 27111: obj =   2.192446500e+12 inf =   8.882e-16 (9696) 3
* 27420: obj =   2.189502939e+12 inf =   2.220e-16 (9696) 3
* 27720: obj =   2.189502939e+12 inf =   2.220e-16 (9704) 3
* 28029: obj =   2.189502939e+12 inf =   2.220e-16 (9693) 2
* 28335: obj =   2.189502939e+12 inf =   2.265e-14 (9684) 3
* 28638: obj =   2.189502939e+12 inf =   2.265e-14 (9679) 3
* 28943: obj =   2.189502939e+12 inf =   2.265e-14 (9676) 2
* 29242: obj =   2.189502939e+12 inf =   2.265e-14 (9671) 3
* 29541: obj =   2.189502939e+12 inf =   2.265e-14 (9656) 3
* 29842: obj =   2.189502939e+12 inf =   2.243e-14 (9679) 2
* 30139: obj =   2.189502939e+12 inf =   2.243e-14 (9659) 3
* 30434: obj =   2.189502939e+12 inf =   2.243e-14 (9681) 3
* 30731: obj =   2.189502939e+12 inf =   2.243e-14 (9668) 2
* 31024: obj =   2.189502939e+12 inf =   2.232e-14 (9687) 3
* 31316: obj =   2.189502939e+12 inf =   2.243e-14 (9684) 3
* 31610: obj =   2.189502939e+12 inf =   2.243e-14 (9684) 2
* 31898: obj =   2.189502939e+12 inf =   2.243e-14 (9701) 3
* 32191: obj =   2.189502939e+12 inf =   2.232e-14 (9683) 2
* 32478: obj =   2.189502939e+12 inf =   2.243e-14 (9712) 3
* 32766: obj =   2.189502939e+12 inf =   2.243e-14 (9711) 2
* 33051: obj =   2.189502939e+12 inf =   2.243e-14 (9727) 3
* 33339: obj =   2.189502939e+12 inf =   2.243e-14 (9733) 2
* 33621: obj =   2.189502939e+12 inf =   2.243e-14 (9728) 3
* 33905: obj =   2.189502939e+12 inf =   2.243e-14 (9735) 3
* 34191: obj =   2.189502939e+12 inf =   2.243e-14 (9748) 2
* 34469: obj =   2.189502939e+12 inf =   2.243e-14 (9754) 3
* 34751: obj =   2.189502939e+12 inf =   2.243e-14 (9769) 2
* 35032: obj =   2.189502939e+12 inf =   2.243e-14 (9769) 3
* 35315: obj =   2.189502939e+12 inf =   2.243e-14 (9755) 2
* 35591: obj =   2.189502939e+12 inf =   2.232e-14 (9754) 3
* 35870: obj =   2.189502939e+12 inf =   2.232e-14 (9760) 2
* 36147: obj =   2.189502939e+12 inf =   2.243e-14 (9754) 3
* 36426: obj =   2.189502939e+12 inf =   2.243e-14 (9756) 2
* 36700: obj =   2.189502939e+12 inf =   2.243e-14 (9760) 3
* 36940: obj =   2.189502939e+12 inf =   2.243e-14 (9757) 2
* 37218: obj =   2.189502939e+12 inf =   2.243e-14 (9784) 2
* 37491: obj =   2.189502939e+12 inf =   2.243e-14 (9806) 3
* 37764: obj =   2.189502939e+12 inf =   2.243e-14 (9817) 2
* 38039: obj =   2.189502939e+12 inf =   2.243e-14 (9838) 2
* 38309: obj =   2.189502939e+12 inf =   2.243e-14 (9847) 3
* 38582: obj =   2.189502939e+12 inf =   2.243e-14 (9865) 2
* 38850: obj =   2.189502939e+12 inf =   2.243e-14 (9877) 3
* 39123: obj =   2.189502939e+12 inf =   2.243e-14 (9882) 2
* 39395: obj =   2.189502939e+12 inf =   2.276e-14 (9883) 2
* 39619: obj =   2.189502939e+12 inf =   2.243e-14 (9884) 2
* 39885: obj =   2.189502939e+12 inf =   2.243e-14 (9912) 3
* 40157: obj =   2.189502939e+12 inf =   2.243e-14 (9911) 2
* 40422: obj =   2.189502939e+12 inf =   2.276e-14 (9916) 3
* 40689: obj =   2.189502939e+12 inf =   2.243e-14 (9922) 2
* 40955: obj =   2.189502939e+12 inf =   2.243e-14 (9939) 3
* 41224: obj =   2.189502939e+12 inf =   2.243e-14 (9949) 2
* 41490: obj =   2.189502939e+12 inf =   2.232e-14 (9972) 2
* 41751: obj =   2.189502939e+12 inf =   2.243e-14 (9989) 3
* 42017: obj =   2.189502939e+12 inf =   2.243e-14 (9999) 2
* 42279: obj =   2.189502939e+12 inf =   2.243e-14 (10000) 3
* 42543: obj =   2.189502939e+12 inf =   2.243e-14 (10004) 2
* 42806: obj =   2.189502939e+12 inf =   2.243e-14 (10031) 2
* 43067: obj =   2.189502939e+12 inf =   2.243e-14 (10062) 3
* 43331: obj =   2.189502939e+12 inf =   2.243e-14 (10072) 2
* 43594: obj =   2.189502939e+12 inf =   2.243e-14 (10092) 2
* 43851: obj =   2.189502939e+12 inf =   2.243e-14 (10114) 3
* 44114: obj =   2.189502939e+12 inf =   2.243e-14 (10109) 2
* 44372: obj =   2.189502939e+12 inf =   2.232e-14 (10109) 3
* 44633: obj =   2.189502939e+12 inf =   2.243e-14 (10134) 2
* 44894: obj =   2.189502939e+12 inf =   2.243e-14 (10152) 2
* 45152: obj =   2.189502939e+12 inf =   2.243e-14 (10138) 3
* 45413: obj =   2.189502939e+12 inf =   2.243e-14 (10157) 2
* 45673: obj =   2.189502939e+12 inf =   2.243e-14 (10166) 2
* 45928: obj =   2.189502939e+12 inf =   2.243e-14 (10184) 3
* 46188: obj =   2.189502939e+12 inf =   2.243e-14 (10185) 2
* 46447: obj =   2.189502939e+12 inf =   2.243e-14 (10219) 2
* 46701: obj =   2.189502939e+12 inf =   2.243e-14 (10229) 3
* 46959: obj =   2.189502939e+12 inf =   2.232e-14 (10251) 2
* 47218: obj =   2.189502939e+12 inf =   2.243e-14 (10252) 2
* 47472: obj =   2.189502939e+12 inf =   2.243e-14 (10275) 3
* 47728: obj =   2.189502939e+12 inf =   2.243e-14 (10295) 2
* 47985: obj =   2.189502939e+12 inf =   2.243e-14 (10296) 2
* 48238: obj =   2.189502939e+12 inf =   2.243e-14 (10312) 3
* 48494: obj =   2.189502939e+12 inf =   2.243e-14 (10323) 2
* 48749: obj =   2.189502939e+12 inf =   2.243e-14 (10335) 2
* 49001: obj =   2.189502939e+12 inf =   2.243e-14 (10348) 3
* 49257: obj =   2.189502939e+12 inf =   2.243e-14 (10352) 2
* 49511: obj =   2.189502939e+12 inf =   2.243e-14 (10376) 2
* 49762: obj =   2.189502939e+12 inf =   2.243e-14 (10391) 3
* 50017: obj =   2.189502939e+12 inf =   2.243e-14 (10394) 2
* 50271: obj =   2.189502939e+12 inf =   2.243e-14 (10405) 2
* 50521: obj =   2.189502939e+12 inf =   2.243e-14 (10437) 3
* 50774: obj =   2.189502939e+12 inf =   2.232e-14 (10446) 2
* 51028: obj =   2.189502939e+12 inf =   2.243e-14 (10441) 2
* 51278: obj =   2.189502939e+12 inf =   2.243e-14 (10450) 3
* 51531: obj =   2.189502939e+12 inf =   2.243e-14 (10475) 2
* 51783: obj =   2.189502939e+12 inf =   2.243e-14 (10488) 2
* 52036: obj =   2.189502939e+12 inf =   2.243e-14 (10502) 2
* 52285: obj =   2.189502939e+12 inf =   2.243e-14 (10505) 3
* 52537: obj =   2.189502939e+12 inf =   2.243e-14 (10524) 2
* 52788: obj =   2.189502939e+12 inf =   2.243e-14 (10530) 2
* 53040: obj =   2.189502939e+12 inf =   2.243e-14 (10536) 2
* 53287: obj =   2.189502939e+12 inf =   2.243e-14 (10544) 3
* 53536: obj =   2.189502939e+12 inf =   2.243e-14 (10572) 2
* 53785: obj =   2.189502939e+12 inf =   2.243e-14 (10586) 2
* 54032: obj =   2.189502939e+12 inf =   2.243e-14 (10606) 3
* 54282: obj =   2.189502939e+12 inf =   2.243e-14 (10620) 2
* 54531: obj =   2.189502939e+12 inf =   2.243e-14 (10630) 2
* 54779: obj =   2.189502939e+12 inf =   2.243e-14 (10644) 2
* 55027: obj =   2.189502939e+12 inf =   2.243e-14 (10636) 3
* 55276: obj =   2.189502939e+12 inf =   2.232e-14 (10653) 2
* 55524: obj =   2.189502939e+12 inf =   2.243e-14 (10663) 2
* 55770: obj =   2.189502939e+12 inf =   2.243e-14 (10681) 2
* 56014: obj =   2.189502939e+12 inf =   2.243e-14 (10708) 3
* 56262: obj =   2.189502939e+12 inf =   2.243e-14 (10725) 2
* 56509: obj =   2.189502939e+12 inf =   2.243e-14 (10732) 2
* 56755: obj =   2.189502939e+12 inf =   2.232e-14 (10746) 2
* 56998: obj =   2.189502939e+12 inf =   2.243e-14 (10731) 3
* 57245: obj =   2.189502939e+12 inf =   2.243e-14 (10747) 2
* 57490: obj =   2.189502939e+12 inf =   2.243e-14 (10752) 2
* 57735: obj =   2.189502939e+12 inf =   2.276e-14 (10775) 2
* 57981: obj =   2.189502939e+12 inf =   2.243e-14 (10774) 3
* 58228: obj =   2.189502939e+12 inf =   2.243e-14 (10783) 2
* 58473: obj =   2.189502939e+12 inf =   2.243e-14 (10789) 2
* 58717: obj =   2.189502939e+12 inf =   2.243e-14 (10802) 2
* 58962: obj =   2.189502939e+12 inf =   2.243e-14 (10802) 2
* 59204: obj =   2.189502939e+12 inf =   2.243e-14 (10807) 3
* 59449: obj =   2.189502939e+12 inf =   2.243e-14 (10822) 2
* 59692: obj =   2.189502939e+12 inf =   2.232e-14 (10835) 2
* 59935: obj =   2.189502939e+12 inf =   2.243e-14 (10871) 2
* 60175: obj =   2.189502939e+12 inf =   2.243e-14 (10900) 3
* 60418: obj =   2.189502939e+12 inf =   2.243e-14 (10909) 2
* 60660: obj =   2.189502939e+12 inf =   2.243e-14 (10903) 2
* 60902: obj =   2.189502939e+12 inf =   2.243e-14 (10919) 2
* 61145: obj =   2.189502939e+12 inf =   2.243e-14 (10937) 2
* 61384: obj =   2.189502939e+12 inf =   2.243e-14 (10952) 3
* 61625: obj =   2.189502939e+12 inf =   2.243e-14 (10967) 2
* 61865: obj =   2.189502939e+12 inf =   2.243e-14 (10969) 2
* 62108: obj =   2.189502939e+12 inf =   2.243e-14 (10965) 2
* 62350: obj =   2.189502939e+12 inf =   2.243e-14 (10956) 2
* 62590: obj =   2.189502939e+12 inf =   2.243e-14 (10979) 2
* 62825: obj =   2.189502939e+12 inf =   2.243e-14 (10987) 3
* 63066: obj =   2.189502939e+12 inf =   2.243e-14 (11000) 2
* 63306: obj =   2.189502939e+12 inf =   2.243e-14 (11000) 2
* 63546: obj =   2.189502939e+12 inf =   2.232e-14 (11006) 2
* 63785: obj =   2.189502939e+12 inf =   2.232e-14 (11013) 2
* 64022: obj =   2.189502939e+12 inf =   2.243e-14 (11012) 3
* 64262: obj =   2.189502939e+12 inf =   2.243e-14 (11000) 2
* 64501: obj =   2.189502939e+12 inf =   2.243e-14 (10996) 2
* 64739: obj =   2.189502939e+12 inf =   2.243e-14 (11000) 2
* 64978: obj =   2.189502939e+12 inf =   2.254e-14 (11021) 2
* 65213: obj =   2.189502939e+12 inf =   2.243e-14 (11016) 3
* 65452: obj =   2.189502939e+12 inf =   2.243e-14 (11014) 2
* 65689: obj =   2.189502939e+12 inf =   2.243e-14 (11022) 2
* 65927: obj =   2.189502939e+12 inf =   2.243e-14 (11048) 2
* 66166: obj =   2.189502939e+12 inf =   2.243e-14 (11052) 2
* 66404: obj =   2.189502939e+12 inf =   2.243e-14 (11063) 2
* 66640: obj =   2.189502939e+12 inf =   2.243e-14 (11067) 2
* 66876: obj =   2.189502939e+12 inf =   2.243e-14 (11069) 2
* 67110: obj =   2.189502939e+12 inf =   2.243e-14 (11050) 3
* 67347: obj =   2.189502939e+12 inf =   2.243e-14 (11066) 2
* 67583: obj =   2.189502939e+12 inf =   2.243e-14 (11068) 2
* 67818: obj =   2.189502939e+12 inf =   2.243e-14 (11079) 2
* 68054: obj =   2.189502939e+12 inf =   2.232e-14 (11079) 2
* 68286: obj =   2.189502939e+12 inf =   2.243e-14 (11082) 3
* 68520: obj =   2.189502939e+12 inf =   2.243e-14 (11101) 2
* 68754: obj =   2.189502939e+12 inf =   2.243e-14 (11104) 2
* 68989: obj =   2.189502939e+12 inf =   2.243e-14 (11120) 2
* 69225: obj =   2.189502939e+12 inf =   2.243e-14 (11135) 2
* 69459: obj =   2.189502939e+12 inf =   2.243e-14 (11140) 2
* 69692: obj =   2.189502939e+12 inf =   2.243e-14 (11160) 3
* 69925: obj =   2.189502939e+12 inf =   2.243e-14 (11178) 2
* 70160: obj =   2.189502939e+12 inf =   2.243e-14 (11174) 2
* 70394: obj =   2.189502939e+12 inf =   2.243e-14 (11197) 2
* 70628: obj =   2.189502939e+12 inf =   2.243e-14 (11215) 2
* 70861: obj =   2.189502939e+12 inf =   2.232e-14 (11213) 2
* 71095: obj =   2.189502939e+12 inf =   2.232e-14 (11231) 2
* 71324: obj =   2.189502939e+12 inf =   2.243e-14 (11217) 3
* 71556: obj =   2.189502939e+12 inf =   2.243e-14 (11219) 2
* 71789: obj =   2.189502939e+12 inf =   2.243e-14 (11236) 2
* 72023: obj =   2.189502939e+12 inf =   2.232e-14 (11242) 2
* 72256: obj =   2.189502939e+12 inf =   2.243e-14 (11267) 2
* 72488: obj =   2.189502939e+12 inf =   2.243e-14 (11273) 2
* 72715: obj =   2.189502939e+12 inf =   2.243e-14 (11274) 3
* 72947: obj =   2.189502939e+12 inf =   2.243e-14 (11278) 2
* 73179: obj =   2.189502939e+12 inf =   2.232e-14 (11284) 2
* 73411: obj =   2.189502939e+12 inf =   2.243e-14 (11273) 2
* 73641: obj =   2.189502939e+12 inf =   2.243e-14 (11280) 2
* 73871: obj =   2.189502939e+12 inf =   2.243e-14 (11299) 2
* 74099: obj =   2.189502939e+12 inf =   2.243e-14 (11321) 3
* 74330: obj =   2.189502939e+12 inf =   2.243e-14 (11327) 2
* 74560: obj =   2.189502939e+12 inf =   2.243e-14 (11326) 2
* 74790: obj =   2.189502939e+12 inf =   2.243e-14 (11346) 2
* 75020: obj =   2.189502939e+12 inf =   2.243e-14 (11355) 2
* 75251: obj =   2.189502939e+12 inf =   2.243e-14 (11358) 2
* 75477: obj =   2.189502939e+12 inf =   2.243e-14 (11362) 3
* 75706: obj =   2.189502939e+12 inf =   2.276e-14 (11372) 2
* 75936: obj =   2.189502939e+12 inf =   2.243e-14 (11380) 2
* 76167: obj =   2.189502939e+12 inf =   2.232e-14 (11397) 2
* 76396: obj =   2.189502939e+12 inf =   2.243e-14 (11389) 2
* 76625: obj =   2.189502939e+12 inf =   2.232e-14 (11393) 2
* 76853: obj =   2.189502939e+12 inf =   2.243e-14 (11396) 2
* 77078: obj =   2.189502939e+12 inf =   2.243e-14 (11406) 3
* 77306: obj =   2.189502939e+12 inf =   2.232e-14 (11405) 2
* 77534: obj =   2.189502939e+12 inf =   2.243e-14 (11415) 2
* 77761: obj =   2.189502939e+12 inf =   2.243e-14 (11415) 2
* 77989: obj =   2.189502939e+12 inf =   2.232e-14 (11419) 2
* 78217: obj =   2.189502939e+12 inf =   2.232e-14 (11440) 2
* 78445: obj =   2.189502939e+12 inf =   2.243e-14 (11444) 2
* 78670: obj =   2.189502939e+12 inf =   2.243e-14 (11439) 3
* 78896: obj =   2.189502939e+12 inf =   2.243e-14 (11458) 2
* 79125: obj =   2.189502939e+12 inf =   2.276e-14 (11454) 2
* 79353: obj =   2.189502939e+12 inf =   2.243e-14 (11450) 2
* 79580: obj =   2.189502939e+12 inf =   2.243e-14 (11462) 2
* 79806: obj =   2.189502939e+12 inf =   2.243e-14 (11466) 2
* 80033: obj =   2.189502939e+12 inf =   2.243e-14 (11449) 2
* 80260: obj =   2.189502939e+12 inf =   2.243e-14 (11409) 2
* 80487: obj =   2.189502939e+12 inf =   2.243e-14 (11398) 2
* 80713: obj =   2.135134857e+12 inf =   3.207e-06 (11382) 2
* 80854: obj =   2.135134857e+12 inf =   1.721e-05 (11370) 2
* 81030: obj =   2.135134852e+12 inf =   2.246e-04 (11379) 2
* 81215: obj =   2.135134846e+12 inf =   5.134e-04 (11367) 1
* 81357: obj =   2.135134819e+12 inf =   1.694e-03 (11365) 2
* 81537: obj =   2.124960108e+12 inf =   3.185e-03 (11345) 2
* 81718: obj =   2.124960048e+12 inf =   6.393e-03 (11334) 1
* 81858: obj =   2.124960042e+12 inf =   6.540e-03 (11332) 2
* 82044: obj =   2.124960003e+12 inf =   9.839e-03 (11318) 1
* 82184: obj =   2.124959950e+12 inf =   1.279e-02 (11317) 2
* 82348: obj =   2.124959877e+12 inf =   1.715e-02 (11296) 2
* 82534: obj =   2.124959820e+12 inf =   2.042e-02 (11283) 1
* 82672: obj =   2.124959794e+12 inf =   2.156e-02 (11270) 2
* 82854: obj =   2.124959721e+12 inf =   2.519e-02 (11258) 2
* 83043: obj =   2.124959681e+12 inf =   2.681e-02 (11240) 1
* 83185: obj =   2.124959620e+12 inf =   2.912e-02 (11230) 2
* 83360: obj =   2.124959485e+12 inf =   3.642e-02 (11224) 2
* 83547: obj =   2.124959326e+12 inf =   4.534e-02 (11188) 1
* 83687: obj =   2.124959308e+12 inf =   4.590e-02 (11199) 2
* 83865: obj =   2.124959270e+12 inf =   4.726e-02 (11190) 2
* 84053: obj =   2.124959160e+12 inf =   5.176e-02 (11201) 1
* 84192: obj =   2.124959114e+12 inf =   5.337e-02 (11218) 2
* 84371: obj =   2.124959012e+12 inf =   5.696e-02 (11193) 2
* 84557: obj =   2.124958909e+12 inf =   6.062e-02 (11185) 1
* 84675: obj =   2.124958836e+12 inf =   6.356e-02 (11170) 2
* 84795: obj =   2.124958784e+12 inf =   6.575e-02 (11165) 1
* 84917: obj =   2.124958747e+12 inf =   6.703e-02 (11141) 1
* 85079: obj =   2.124958679e+12 inf =   6.884e-02 (11138) 2
* 85265: obj =   2.124958591e+12 inf =   7.162e-02 (11105) 1
* 85390: obj =   2.124958464e+12 inf =   7.663e-02 (11137) 2
* 85572: obj =   2.124958419e+12 inf =   7.813e-02 (11104) 1
* 85701: obj =   2.124958291e+12 inf =   8.349e-02 (11088) 2
* 85877: obj =   2.124958041e+12 inf =   9.749e-02 (11117) 1
* 86007: obj =   2.124957971e+12 inf =   1.013e-01 (11094) 2
* 86191: obj =   2.124957954e+12 inf =   1.016e-01 (11095) 2
* 86376: obj =   2.124957935e+12 inf =   1.019e-01 (11074) 1
* 86507: obj =   2.124957924e+12 inf =   1.022e-01 (11068) 2
* 86686: obj =   2.124957763e+12 inf =   1.086e-01 (11055) 1
* 86817: obj =   2.124957701e+12 inf =   1.116e-01 (11049) 2
* 87002: obj =   2.124957642e+12 inf =   1.131e-01 (11045) 2
* 87178: obj =   2.124957403e+12 inf =   1.243e-01 (11066) 1
* 87309: obj =   2.124957391e+12 inf =   1.246e-01 (11043) 2
* 87488: obj =   2.124957289e+12 inf =   1.279e-01 (11026) 1
* 87616: obj =   2.124957249e+12 inf =   1.293e-01 (11045) 2
* 87801: obj =   2.124957243e+12 inf =   1.288e-01 (11015) 1
* 87933: obj =   2.124957207e+12 inf =   1.298e-01 (10983) 2
* 88116: obj =   2.124957166e+12 inf =   1.308e-01 (11020) 2
* 88303: obj =   2.124957155e+12 inf =   1.300e-01 (10981) 1
* 88434: obj =   2.124957135e+12 inf =   1.301e-01 (10979) 2
* 88618: obj =   2.124957096e+12 inf =   1.306e-01 (10955) 1
* 88745: obj =   2.124957051e+12 inf =   1.318e-01 (10951) 2
* 88925: obj =   2.124957001e+12 inf =   1.326e-01 (10942) 2
* 89109: obj =   2.124956950e+12 inf =   1.329e-01 (10943) 1
* 89235: obj =   2.124956835e+12 inf =   1.335e-01 (10936) 2
* 89417: obj =   2.124956818e+12 inf =   1.332e-01 (10941) 1
* 89545: obj =   2.124956800e+12 inf =   1.329e-01 (10919) 2
* 89729: obj =   2.121596218e+12 inf =   1.318e-01 (10907) 1
* 89854: obj =   2.121596214e+12 inf =   1.312e-01 (10910) 2
* 90034: obj =   2.121596136e+12 inf =   1.320e-01 (10914) 1
* 90157: obj =   2.121596092e+12 inf =   1.330e-01 (10900) 2
* 90340: obj =   2.121596075e+12 inf =   1.324e-01 (10899) 1
* 90461: obj =   2.121596022e+12 inf =   1.323e-01 (10890) 2
* 90636: obj =   2.121595956e+12 inf =   1.332e-01 (10890) 1
* 90760: obj =   2.121595943e+12 inf =   1.332e-01 (10885) 2
* 90941: obj =   2.121595919e+12 inf =   1.326e-01 (10895) 1
* 91063: obj =   2.121595827e+12 inf =   1.335e-01 (10867) 2
* 91240: obj =   2.121595695e+12 inf =   1.358e-01 (10847) 1
* 91365: obj =   2.121595665e+12 inf =   1.359e-01 (10851) 2
* 91545: obj =   2.121595616e+12 inf =   1.360e-01 (10830) 1
* 91668: obj =   2.121595586e+12 inf =   1.361e-01 (10840) 2
* 91849: obj =   2.121595550e+12 inf =   1.359e-01 (10827) 1
* 91969: obj =   2.121595440e+12 inf =   1.368e-01 (10824) 2
* 92146: obj =   2.121595366e+12 inf =   1.367e-01 (10841) 1
* 92266: obj =   2.121595173e+12 inf =   1.412e-01 (10839) 2
* 92448: obj =   2.121595166e+12 inf =   1.404e-01 (10801) 1
* 92571: obj =   2.121595148e+12 inf =   1.404e-01 (10776) 2
* 92751: obj =   2.121595140e+12 inf =   1.393e-01 (10772) 1
* 92873: obj =   2.121595110e+12 inf =   1.394e-01 (10791) 2
* 93051: obj =   2.121595009e+12 inf =   1.406e-01 (10760) 1
* 93177: obj =   2.121594951e+12 inf =   1.409e-01 (10740) 2
* 93323: obj =   2.121594906e+12 inf =   1.404e-01 (10726) 1
* 93481: obj =   2.121594855e+12 inf =   1.405e-01 (10725) 2
* 93659: obj =   2.121594850e+12 inf =   1.393e-01 (10719) 1
* 93784: obj =   2.121594847e+12 inf =   1.384e-01 (10683) 2
* 93963: obj =   2.121594782e+12 inf =   1.375e-01 (10718) 1
* 94087: obj =   2.121594705e+12 inf =   1.384e-01 (10694) 2
* 94264: obj =   2.121594606e+12 inf =   1.383e-01 (10678) 1
* 94390: obj =   2.121594518e+12 inf =   1.393e-01 (10689) 2
* 94570: obj =   2.121594506e+12 inf =   1.390e-01 (10672) 1
* 94695: obj =   2.121594480e+12 inf =   1.388e-01 (10654) 2
* 94863: obj =   2.121594205e+12 inf =   1.470e-01 (10672) 1
* 94998: obj =   2.121594166e+12 inf =   1.483e-01 (10647) 2
* 95173: obj =   2.121594098e+12 inf =   1.493e-01 (10642) 1
* 95302: obj =   2.121594032e+12 inf =   1.511e-01 (10632) 2
* 95481: obj =   2.121594019e+12 inf =   1.507e-01 (10612) 1
* 95605: obj =   2.121594019e+12 inf =   1.498e-01 (10618) 2
* 95783: obj =   2.121593992e+12 inf =   1.492e-01 (10608) 1
* 95908: obj =   2.121593954e+12 inf =   1.490e-01 (10600) 2
* 96085: obj =   2.121593847e+12 inf =   1.510e-01 (10598) 1
* 96211: obj =   2.121593820e+12 inf =   1.513e-01 (10613) 2
* 96389: obj =   2.121593820e+12 inf =   1.508e-01 (10578) 1
* 96514: obj =   2.121593803e+12 inf =   1.497e-01 (10582) 2
* 96692: obj =   2.121593797e+12 inf =   1.477e-01 (10595) 1
* 96817: obj =   2.121593797e+12 inf =   1.462e-01 (10570) 2
* 96993: obj =   2.121593740e+12 inf =   1.460e-01 (10556) 1
* 97120: obj =   2.121593704e+12 inf =   1.455e-01 (10563) 2
* 97297: obj =   2.121593637e+12 inf =   1.438e-01 (10545) 1
* 97423: obj =   2.121593623e+12 inf =   1.431e-01 (10526) 2
* 97593: obj =   2.120894328e+12 inf =   1.465e-01 (10502) 1
* 97726: obj =   2.120894286e+12 inf =   1.486e-01 (10528) 2
* 97901: obj =   2.114090231e+12 inf =   1.473e-01 (10509) 1
* 98031: obj =   2.114090193e+12 inf =   1.464e-01 (10549) 2
* 98206: obj =   2.114090143e+12 inf =   1.467e-01 (10532) 1
* 98335: obj =   2.114090132e+12 inf =   1.464e-01 (10501) 2
* 98512: obj =   2.114090092e+12 inf =   1.460e-01 (10502) 1
* 98638: obj =   2.114090046e+12 inf =   1.458e-01 (10494) 2
* 98816: obj =   2.114090038e+12 inf =   1.448e-01 (10482) 1
* 98941: obj =   2.114090026e+12 inf =   1.432e-01 (10474) 2
* 99118: obj =   2.114090002e+12 inf =   1.416e-01 (10498) 1
* 99244: obj =   2.114089948e+12 inf =   1.403e-01 (10490) 2
* 99415: obj =   2.114089868e+12 inf =   1.388e-01 (10488) 1
* 99549: obj =   2.114089766e+12 inf =   1.381e-01 (10470) 2
* 99727: obj =   2.114089764e+12 inf =   1.368e-01 (10456) 1
* 99852: obj =   2.114089754e+12 inf =   1.362e-01 (10450) 2
*100024: obj =   2.114089684e+12 inf =   1.348e-01 (10466) 1
*100155: obj =   2.114089667e+12 inf =   1.342e-01 (10483) 2
*100332: obj =   2.114089651e+12 inf =   1.338e-01 (10508) 1
*100458: obj =   2.114089640e+12 inf =   1.334e-01 (10457) 2
*100636: obj =   2.114089604e+12 inf =   1.323e-01 (10427) 1
*100761: obj =   2.114089579e+12 inf =   1.315e-01 (10455) 2
*100929: obj =   2.114089442e+12 inf =   1.296e-01 (10472) 1
*101065: obj =   2.114089400e+12 inf =   1.289e-01 (10449) 2
*101242: obj =   2.114089358e+12 inf =   1.283e-01 (10431) 1
*101369: obj =   2.114089336e+12 inf =   1.281e-01 (10449) 2
*101545: obj =   2.113260491e+12 inf =   1.282e-01 (10425) 1
*101672: obj =   2.113260445e+12 inf =   1.269e-01 (10411) 2
*101846: obj =   2.113260417e+12 inf =   1.257e-01 (10404) 1
*101975: obj =   2.113260396e+12 inf =   1.244e-01 (10405) 2
*102147: obj =   2.113260291e+12 inf =   1.223e-01 (10424) 1
*102278: obj =   2.113260243e+12 inf =   1.220e-01 (10415) 2
*102450: obj =   2.098690934e+12 inf =   1.207e-01 (10427) 1
*102581: obj =   2.098690889e+12 inf =   1.203e-01 (10427) 2
*102748: obj =   2.098690831e+12 inf =   1.199e-01 (10400) 1
*102885: obj =   2.098218472e+12 inf =   1.203e-01 (10412) 2
*103057: obj =   2.098218378e+12 inf =   1.209e-01 (10384) 1
*103188: obj =   2.098218339e+12 inf =   1.210e-01 (10417) 2
*103368: obj =   2.098218116e+12 inf =   1.198e-01 (10371) 1
*103492: obj =   2.098218107e+12 inf =   1.194e-01 (10357) 2
*103667: obj =   2.071762168e+12 inf =   1.181e-01 (10277) 1
*103798: obj =   2.071762090e+12 inf =   1.177e-01 (10301) 2
*103966: obj =   2.071761832e+12 inf =   1.202e-01 (10303) 1
*104104: obj =   2.071761746e+12 inf =   1.208e-01 (10304) 2
*104278: obj =   2.071761728e+12 inf =   1.208e-01 (10280) 1
*104410: obj =   2.071761678e+12 inf =   1.207e-01 (10274) 2
*104580: obj =   2.071761615e+12 inf =   1.221e-01 (10264) 1
*104713: obj =   2.071761587e+12 inf =   1.225e-01 (10270) 2
*104884: obj =   2.068767062e+12 inf =   1.223e-01 (10271) 1
*105016: obj =   2.068767015e+12 inf =   1.223e-01 (10253) 2
*105189: obj =   2.068766967e+12 inf =   1.228e-01 (10245) 1
*105322: obj =   2.065416191e+12 inf =   1.227e-01 (10254) 2
*105494: obj =   2.065416187e+12 inf =   1.226e-01 (10266) 1
*105625: obj =   2.065416169e+12 inf =   1.228e-01 (10245) 2
*105798: obj =   2.065416164e+12 inf =   1.227e-01 (10252) 1
*105929: obj =   2.065416131e+12 inf =   1.225e-01 (10267) 2
*106107: obj =   2.065416083e+12 inf =   1.223e-01 (10247) 1
*106234: obj =   2.065416059e+12 inf =   1.218e-01 (10267) 2
*106407: obj =   2.064888974e+12 inf =   1.216e-01 (10243) 1
*106537: obj =   2.064888949e+12 inf =   1.214e-01 (10237) 2
*106709: obj =   2.064888893e+12 inf =   1.212e-01 (10212) 1
*106842: obj =   2.062459862e+12 inf =   1.205e-01 (10210) 2
*107013: obj =   2.062459799e+12 inf =   1.210e-01 (10203) 1
*107145: obj =   2.062459788e+12 inf =   1.207e-01 (10211) 2
*107320: obj =   2.062459742e+12 inf =   1.202e-01 (10223) 1
*107451: obj =   2.062459695e+12 inf =   1.200e-01 (10181) 2
*107626: obj =   2.052336286e+12 inf =   1.194e-01 (10148) 1
*107757: obj =   2.052336278e+12 inf =   1.193e-01 (10135) 2
*107931: obj =   2.052336253e+12 inf =   1.189e-01 (10143) 1
*108060: obj =   2.052336229e+12 inf =   1.187e-01 (10128) 2
*108231: obj =   2.052336180e+12 inf =   1.194e-01 (10095) 1
*108364: obj =   2.052336085e+12 inf =   1.226e-01 (10094) 2
*108541: obj =   2.052336050e+12 inf =   1.239e-01 (10065) 1
*108667: obj =   2.049719261e+12 inf =   1.237e-01 (10071) 2
*108844: obj =   2.049719103e+12 inf =   1.229e-01 (10074) 1
*108973: obj =   2.049719085e+12 inf =   1.226e-01 (10086) 2
*109145: obj =   2.045121738e+12 inf =   1.217e-01 (10077) 1
*109277: obj =   2.045121633e+12 inf =   1.209e-01 (10061) 2
*109453: obj =   2.044246007e+12 inf =   1.204e-01 (10044) 1
*109584: obj =   2.044245996e+12 inf =   1.203e-01 (10032) 2
*109757: obj =   2.044245990e+12 inf =   1.203e-01 (10001) 1
*109888: obj =   2.044245989e+12 inf =   1.203e-01 (9988) 2
*110062: obj =   2.044245920e+12 inf =   1.194e-01 (9998) 1
*110192: obj =   2.044245899e+12 inf =   1.192e-01 (10002) 2
*110369: obj =   2.044245888e+12 inf =   1.189e-01 (10008) 1
*110495: obj =   2.044245888e+12 inf =   1.191e-01 (9970) 2
*110669: obj =   2.044245847e+12 inf =   1.181e-01 (10004) 1
*110800: obj =   2.044245773e+12 inf =   1.181e-01 (9982) 2
*110949: obj =   2.044245757e+12 inf =   1.180e-01 (9947) 1
*111104: obj =   2.044245718e+12 inf =   1.167e-01 (9964) 2
*111284: obj =   2.044245692e+12 inf =   1.164e-01 (9968) 1
*111407: obj =   2.044245677e+12 inf =   1.163e-01 (9942) 2
*111582: obj =   2.044245654e+12 inf =   1.157e-01 (9936) 1
*111710: obj =   2.044245613e+12 inf =   1.153e-01 (9944) 2
*111885: obj =   2.044245604e+12 inf =   1.155e-01 (9966) 1
*112013: obj =   2.044245580e+12 inf =   1.148e-01 (9946) 2
*112193: obj =   2.044245572e+12 inf =   1.146e-01 (9929) 1
*112317: obj =   2.044245548e+12 inf =   1.140e-01 (9953) 2
*112493: obj =   2.044245526e+12 inf =   1.135e-01 (9945) 1
*112620: obj =   2.044245505e+12 inf =   1.130e-01 (9928) 2
*112796: obj =   2.044245463e+12 inf =   1.125e-01 (9937) 1
*112929: obj =   2.033174625e+12 inf =   1.115e-01 (9894) 2
*113107: obj =   2.033174588e+12 inf =   1.117e-01 (9915) 1
*113233: obj =   2.033174555e+12 inf =   1.132e-01 (9911) 2
*113404: obj =   2.033174506e+12 inf =   1.172e-01 (9889) 1
*113537: obj =   2.029559865e+12 inf =   1.174e-01 (9848) 2
*113708: obj =   2.029559851e+12 inf =   1.175e-01 (9858) 1
*113842: obj =   2.029231388e+12 inf =   1.180e-01 (9881) 2
*114018: obj =   2.024007031e+12 inf =   1.187e-01 (9851) 1
*114145: obj =   2.024006987e+12 inf =   1.184e-01 (9861) 2
*114323: obj =   2.024006980e+12 inf =   1.194e-01 (9835) 1
*114450: obj =   2.024006952e+12 inf =   1.194e-01 (9824) 2
*114627: obj =   2.024006909e+12 inf =   1.194e-01 (9806) 1
*114760: obj =   2.024006883e+12 inf =   1.192e-01 (9780) 2
*114934: obj =   2.022350381e+12 inf =   1.191e-01 (9780) 1
*115064: obj =   2.021894689e+12 inf =   1.188e-01 (9811) 2
*115233: obj =   2.021894648e+12 inf =   1.218e-01 (9810) 1
*115368: obj =   2.021894607e+12 inf =   1.214e-01 (9818) 2
*115540: obj =   2.019899453e+12 inf =   1.210e-01 (9777) 1
*115673: obj =   2.019899388e+12 inf =   1.210e-01 (9796) 2
*115846: obj =   2.019788095e+12 inf =   1.205e-01 (9769) 1
*115976: obj =   2.019690820e+12 inf =   1.196e-01 (9776) 2
*116149: obj =   2.019690778e+12 inf =   1.175e-01 (9770) 1
*116281: obj =   2.019690738e+12 inf =   1.167e-01 (9782) 2
*116460: obj =   2.019690715e+12 inf =   1.164e-01 (9788) 1
*116586: obj =   2.019473600e+12 inf =   1.162e-01 (9758) 2
*116763: obj =   2.019473596e+12 inf =   1.161e-01 (9784) 1
*116890: obj =   2.019473578e+12 inf =   1.155e-01 (9765) 2
*117064: obj =   2.019473543e+12 inf =   1.146e-01 (9763) 1
*117193: obj =   2.019473517e+12 inf =   1.146e-01 (9764) 2
*117367: obj =   2.019473502e+12 inf =   1.139e-01 (9767) 1
*117496: obj =   2.019473499e+12 inf =   1.137e-01 (9734) 2
*117697: obj =   1.971500095e+12 inf =   1.130e-01 (9735) 1
*117841: obj =   1.971500085e+12 inf =   1.125e-01 (9705) 2
*118015: obj =   1.971500065e+12 inf =   1.114e-01 (9724) 1
*118145: obj =   1.971500051e+12 inf =   1.108e-01 (9721) 2
*118317: obj =   1.971500025e+12 inf =   1.101e-01 (9731) 1
*118450: obj =   1.971283077e+12 inf =   1.099e-01 (9710) 2
*118626: obj =   1.971283071e+12 inf =   1.093e-01 (9704) 1
*118754: obj =   1.971283070e+12 inf =   1.087e-01 (9688) 2
*118927: obj =   1.971283067e+12 inf =   1.078e-01 (9672) 1
*119058: obj =   1.971283045e+12 inf =   1.071e-01 (9631) 2
*119232: obj =   1.971082955e+12 inf =   1.062e-01 (9679) 1
*119361: obj =   1.971082923e+12 inf =   1.057e-01 (9670) 2
*119534: obj =   1.971082903e+12 inf =   1.053e-01 (9694) 1
*119665: obj =   1.966918597e+12 inf =   1.046e-01 (9675) 2
*119837: obj =   1.966918548e+12 inf =   1.025e-01 (9728) 1
*119968: obj =   1.966918515e+12 inf =   1.017e-01 (9702) 2
*120141: obj =   1.966796273e+12 inf =   1.013e-01 (9673) 1
*120277: obj =   1.966796186e+12 inf =   1.012e-01 (9665) 2
*120445: obj =   1.966710483e+12 inf =   1.024e-01 (9650) 1
*120580: obj =   1.966710446e+12 inf =   1.023e-01 (9657) 2
*120752: obj =   1.966710422e+12 inf =   1.019e-01 (9646) 1
*120884: obj =   1.966710390e+12 inf =   1.015e-01 (9607) 2
*121054: obj =   1.961323923e+12 inf =   1.018e-01 (9618) 1
*121190: obj =   1.961260841e+12 inf =   1.016e-01 (9622) 2
*121363: obj =   1.961210060e+12 inf =   1.016e-01 (9594) 1
*121505: obj =   1.949854297e+12 inf =   1.010e-01 (9594) 2
*121675: obj =   1.949854290e+12 inf =   1.006e-01 (9611) 1
*121837: obj =   1.915989694e+12 inf =   9.989e-02 (9577) 2
*122045: obj =   1.841301324e+12 inf =   9.965e-02 (9552) 1
*122202: obj =   1.841301300e+12 inf =   9.885e-02 (9530) 2
*122373: obj =   1.841301270e+12 inf =   9.845e-02 (9517) 1
*122505: obj =   1.841301259e+12 inf =   9.857e-02 (9522) 2
*122679: obj =   1.841301246e+12 inf =   9.871e-02 (9525) 1
*122808: obj =   1.841301243e+12 inf =   9.861e-02 (9543) 2
*122980: obj =   1.841301224e+12 inf =   9.868e-02 (9508) 1
*123112: obj =   1.841301217e+12 inf =   9.881e-02 (9525) 2
*123278: obj =   1.841301186e+12 inf =   9.901e-02 (9515) 1
*123415: obj =   1.841301176e+12 inf =   9.930e-02 (9496) 2
*123587: obj =   1.841157962e+12 inf =   1.002e-01 (9478) 1
*123722: obj =   1.839690233e+12 inf =   1.001e-01 (9467) 2
*123891: obj =   1.839690232e+12 inf =   1.000e-01 (9487) 1
*124029: obj =   1.839285075e+12 inf =   9.996e-02 (9466) 2
*124202: obj =   1.839284915e+12 inf =   9.977e-02 (9471) 1
*124332: obj =   1.839284904e+12 inf =   9.968e-02 (9463) 2
*124503: obj =   1.839284830e+12 inf =   9.920e-02 (9455) 1
*124635: obj =   1.839284815e+12 inf =   9.852e-02 (9431) 2
*124807: obj =   1.839284779e+12 inf =   9.786e-02 (9430) 1
*124938: obj =   1.839284750e+12 inf =   9.688e-02 (9401) 2
*125111: obj =   1.839284715e+12 inf =   9.603e-02 (9430) 1
*125242: obj =   1.839284699e+12 inf =   9.527e-02 (9438) 2
*125410: obj =   1.839229257e+12 inf =   9.356e-02 (9446) 1
*125545: obj =   1.839229245e+12 inf =   9.382e-02 (9444) 2
*125714: obj =   1.839229211e+12 inf =   9.334e-02 (9415) 1
*125848: obj =   1.839229121e+12 inf =   9.382e-02 (9391) 2
*126022: obj =   1.837840107e+12 inf =   9.362e-02 (9399) 1
*126153: obj =   1.837840075e+12 inf =   9.269e-02 (9412) 2
*126317: obj =   1.837840035e+12 inf =   9.396e-02 (9415) 1
*126456: obj =   1.837840024e+12 inf =   9.454e-02 (9404) 2
*126626: obj =   1.836044758e+12 inf =   9.444e-02 (9407) 1
*126788: obj =   1.803544011e+12 inf =   9.400e-02 (9393) 2
*127000: obj =   1.691824284e+12 inf =   9.316e-02 (9312) 1
*127197: obj =   1.640208677e+12 inf =   9.242e-02 (9306) 1
*127343: obj =   1.640208614e+12 inf =   9.262e-02 (9309) 2
*127510: obj =   1.640208601e+12 inf =   9.288e-02 (9310) 1
*127647: obj =   1.640208596e+12 inf =   9.295e-02 (9314) 2
*127820: obj =   1.640208553e+12 inf =   9.314e-02 (9268) 1
*127951: obj =   1.640208546e+12 inf =   9.304e-02 (9266) 2
*128122: obj =   1.640208527e+12 inf =   9.288e-02 (9266) 1
*128254: obj =   1.637223169e+12 inf =   9.322e-02 (9291) 2
*128425: obj =   1.637223144e+12 inf =   9.305e-02 (9261) 1
*128557: obj =   1.637223126e+12 inf =   9.320e-02 (9257) 2
*128724: obj =   1.637223077e+12 inf =   9.381e-02 (9230) 1
*128864: obj =   1.634204976e+12 inf =   9.364e-02 (9241) 2
*129032: obj =   1.634204976e+12 inf =   9.357e-02 (9266) 1
*129167: obj =   1.634204955e+12 inf =   9.366e-02 (9273) 2
*129336: obj =   1.630792538e+12 inf =   9.440e-02 (9269) 1
*129472: obj =   1.630792532e+12 inf =   9.451e-02 (9277) 2
*129643: obj =   1.628676200e+12 inf =   9.437e-02 (9239) 1
*129779: obj =   1.628676188e+12 inf =   9.423e-02 (9249) 2
*129948: obj =   1.628676182e+12 inf =   9.394e-02 (9245) 1
*130082: obj =   1.628676168e+12 inf =   9.381e-02 (9232) 2
*130258: obj =   1.628676144e+12 inf =   9.404e-02 (9202) 1
*130388: obj =   1.628676118e+12 inf =   9.519e-02 (9192) 2
*130557: obj =   1.628668715e+12 inf =   9.606e-02 (9199) 1
*130789: obj =   1.502367974e+12 inf =   9.532e-02 (9096) 1
*130906: obj =   1.502367965e+12 inf =   9.542e-02 (9112) 2
*131075: obj =   1.502367941e+12 inf =   9.549e-02 (9124) 1
*131205: obj =   1.502367925e+12 inf =   9.556e-02 (9078) 2
*131382: obj =   1.502367912e+12 inf =   9.547e-02 (9086) 1
*131508: obj =   1.502367899e+12 inf =   9.523e-02 (9069) 2
*131676: obj =   1.502367849e+12 inf =   9.595e-02 (9090) 1
*131811: obj =   1.502367846e+12 inf =   9.551e-02 (9073) 2
*131987: obj =   1.502367840e+12 inf =   9.531e-02 (9079) 1
*132114: obj =   1.502367833e+12 inf =   9.520e-02 (9076) 2
*132288: obj =   1.502367819e+12 inf =   9.477e-02 (9084) 1
*132417: obj =   1.502367787e+12 inf =   9.492e-02 (9072) 2
*132588: obj =   1.502367780e+12 inf =   9.414e-02 (9074) 1
*132720: obj =   1.502367756e+12 inf =   9.398e-02 (9072) 2
*132887: obj =   1.502367711e+12 inf =   9.537e-02 (9076) 1
*133023: obj =   1.502367699e+12 inf =   9.604e-02 (9084) 2
*133197: obj =   1.502367664e+12 inf =   9.664e-02 (9091) 1
*133326: obj =   1.502367658e+12 inf =   9.667e-02 (9093) 2
*133501: obj =   1.502367650e+12 inf =   9.637e-02 (9079) 1
*133630: obj =   1.502367648e+12 inf =   9.622e-02 (9092) 2
*133806: obj =   1.502367638e+12 inf =   9.602e-02 (9046) 1
*133933: obj =   1.502367609e+12 inf =   9.623e-02 (9053) 2
*134102: obj =   1.502367581e+12 inf =   9.674e-02 (9026) 1
*134237: obj =   1.500970835e+12 inf =   9.711e-02 (9028) 2
*134405: obj =   1.500970800e+12 inf =   9.888e-02 (9031) 1
*134540: obj =   1.500970791e+12 inf =   9.948e-02 (9007) 2
*134715: obj =   1.500970791e+12 inf =   9.916e-02 (9022) 1
*134844: obj =   1.500970766e+12 inf =   9.930e-02 (9012) 2
*135015: obj =   1.500970761e+12 inf =   9.912e-02 (8985) 1
*135147: obj =   1.500970739e+12 inf =   9.929e-02 (9014) 2
*135320: obj =   1.500970719e+12 inf =   9.962e-02 (9001) 1
*135450: obj =   1.500970701e+12 inf =   9.929e-02 (8996) 2
*135623: obj =   1.500970677e+12 inf =   1.001e-01 (9001) 1
*135753: obj =   1.500970675e+12 inf =   9.957e-02 (9009) 2
*135925: obj =   1.500970661e+12 inf =   9.944e-02 (8983) 1
*136056: obj =   1.500970654e+12 inf =   9.888e-02 (8981) 2
*136228: obj =   1.500970645e+12 inf =   9.852e-02 (8952) 1
*136360: obj =   1.500970625e+12 inf =   9.853e-02 (8980) 2
*136532: obj =   1.500970610e+12 inf =   9.832e-02 (8960) 1
*136664: obj =   1.500970595e+12 inf =   9.841e-02 (8956) 2
*136893: obj =   1.500108422e+12 inf =   9.959e-02 (9039) 2
*137117: obj =   1.500104788e+12 inf =   1.034e-01 (9012) 2
*137346: obj =   1.500101176e+12 inf =   1.025e-01 (8988) 2
*137575: obj =   1.500100283e+12 inf =   9.995e-02 (8989) 2
*137803: obj =   1.500099759e+12 inf =   9.757e-02 (8952) 2
*138030: obj =   1.500099413e+12 inf =   9.538e-02 (8939) 2
*138257: obj =   1.500099257e+12 inf =   9.408e-02 (8945) 2
*138482: obj =   1.500098995e+12 inf =   9.006e-02 (8943) 3
*138754: obj =   1.500098856e+12 inf =   8.742e-02 (8927) 2
*139014: obj =   1.500098632e+12 inf =   8.292e-02 (8929) 2
*139263: obj =   1.500098343e+12 inf =   8.125e-02 (8861) 3
*139556: obj =   1.500098146e+12 inf =   8.262e-02 (8829) 3
*139882: obj =   1.500098095e+12 inf =   8.283e-02 (8787) 2
*140209: obj =   1.500097999e+12 inf =   8.151e-02 (8760) 3
*140517: obj =   1.500097847e+12 inf =   7.998e-02 (8711) 3
*140854: obj =   1.500097781e+12 inf =   8.040e-02 (8708) 3
*141251: obj =   1.366427830e+12 inf =   7.978e-02 (8655) 2
*141505: obj =   1.366427780e+12 inf =   7.904e-02 (8680) 3
*141753: obj =   1.366427740e+12 inf =   8.135e-02 (8683) 2
*141999: obj =   1.366427697e+12 inf =   8.437e-02 (8688) 2
*142279: obj =   1.365772167e+12 inf =   8.410e-02 (8773) 3
*142517: obj =   1.365772141e+12 inf =   8.385e-02 (8799) 2
*142760: obj =   1.365772126e+12 inf =   8.325e-02 (8819) 2
*142997: obj =   1.365772091e+12 inf =   8.250e-02 (8828) 2
*143220: obj =   1.365772060e+12 inf =   8.158e-02 (8815) 2
*143447: obj =   1.365772053e+12 inf =   8.097e-02 (8810) 2
*143682: obj =   1.365772033e+12 inf =   8.042e-02 (8835) 2
*143855: obj =   1.364976438e+12 inf =   7.765e-02 (8805) 2
*144027: obj =   1.364976418e+12 inf =   7.767e-02 (8801) 1
*144155: obj =   1.364976411e+12 inf =   7.744e-02 (8757) 2
*144327: obj =   1.364976383e+12 inf =   7.794e-02 (8799) 1
*144458: obj =   1.364976370e+12 inf =   7.808e-02 (8790) 2
*144622: obj =   1.362207500e+12 inf =   7.816e-02 (8786) 1
*144813: obj =   1.359768912e+12 inf =   7.812e-02 (8863) 2
*145093: obj =   1.359768705e+12 inf =   7.780e-02 (8848) 2
*145336: obj =   1.359765870e+12 inf =   7.804e-02 (8847) 3
*145564: obj =   1.359765170e+12 inf =   7.738e-02 (8818) 2
*145790: obj =   1.359764549e+12 inf =   7.640e-02 (8774) 2
*146041: obj =   1.359763924e+12 inf =   8.806e-02 (8706) 2
*146368: obj =   1.359763756e+12 inf =   9.104e-02 (8645) 3
*146693: obj =   1.359763584e+12 inf =   9.070e-02 (8621) 3
*146963: obj =   1.359763474e+12 inf =   9.128e-02 (8569) 2
*147264: obj =   1.359763421e+12 inf =   9.113e-02 (8570) 3
*147598: obj =   1.359420725e+12 inf =   9.035e-02 (2725) 3
*147892: obj =   1.359420601e+12 inf =   8.906e-02 (2708) 3
*148186: obj =   1.359420470e+12 inf =   8.962e-02 (2719) 2
*148437: obj =   1.359420164e+12 inf =   8.917e-02 (2860) 3
*148663: obj =   1.359420022e+12 inf =   8.731e-02 (2906) 2
*148891: obj =   1.359419880e+12 inf =   8.674e-02 (2928) 2
*149114: obj =   1.359419603e+12 inf =   8.045e-02 (2926) 2
*149299: obj =   1.357690169e+12 inf =   7.579e-02 (8950) 2
*149469: obj =   1.357690150e+12 inf =   7.701e-02 (8932) 1
*149603: obj =   1.357690146e+12 inf =   7.681e-02 (8948) 2
*149775: obj =   1.357690125e+12 inf =   7.650e-02 (8945) 1
*149908: obj =   1.357690124e+12 inf =   7.612e-02 (8918) 2
*150076: obj =   1.354815552e+12 inf =   7.595e-02 (8897) 1
*150214: obj =   1.354815513e+12 inf =   7.743e-02 (8906) 2
*150383: obj =   1.354815487e+12 inf =   7.892e-02 (8897) 1
*150520: obj =   1.354815486e+12 inf =   7.866e-02 (8903) 2
*150694: obj =   1.354815469e+12 inf =   7.887e-02 (8887) 1
*150823: obj =   1.354815465e+12 inf =   7.853e-02 (8898) 2
*150996: obj =   1.354815461e+12 inf =   7.806e-02 (8919) 1
*151128: obj =   1.354815459e+12 inf =   7.735e-02 (8894) 2
*151298: obj =   1.354815432e+12 inf =   7.692e-02 (8883) 1
*151431: obj =   1.354815415e+12 inf =   7.686e-02 (8882) 2
*151604: obj =   1.354815407e+12 inf =   7.639e-02 (8872) 1
*151734: obj =   1.354815406e+12 inf =   7.593e-02 (8881) 2
*151900: obj =   1.354815388e+12 inf =   7.587e-02 (8834) 1
*152037: obj =   1.354815370e+12 inf =   7.567e-02 (8824) 2
*152209: obj =   1.354815349e+12 inf =   7.560e-02 (8828) 1
*152341: obj =   1.354815341e+12 inf =   7.546e-02 (8829) 2
*152512: obj =   1.354815330e+12 inf =   7.519e-02 (8839) 1
*152645: obj =   1.354815316e+12 inf =   7.487e-02 (8821) 2
*152816: obj =   1.354815304e+12 inf =   7.434e-02 (8815) 1
*152948: obj =   1.354815275e+12 inf =   7.440e-02 (8805) 2
*153210: obj =   1.308949913e+12 inf =   7.372e-02 (8779) 2
*153380: obj =   1.308949892e+12 inf =   7.355e-02 (8784) 1
*153514: obj =   1.308949886e+12 inf =   7.352e-02 (8787) 2
*153685: obj =   1.308949824e+12 inf =   7.302e-02 (8763) 1
*153818: obj =   1.308949822e+12 inf =   7.229e-02 (8773) 2
*153989: obj =   1.308949815e+12 inf =   7.113e-02 (8755) 1
*154121: obj =   1.308949815e+12 inf =   7.027e-02 (8755) 2
*154294: obj =   1.308949760e+12 inf =   6.907e-02 (8771) 1
*154424: obj =   1.308949731e+12 inf =   6.895e-02 (8745) 2
*154674: obj =   1.307269473e+12 inf =   6.895e-02 (8771) 2
*154901: obj =   1.307269313e+12 inf =   7.551e-02 (8748) 2
*155118: obj =   1.307269234e+12 inf =   7.865e-02 (8729) 2
*155338: obj =   1.307269056e+12 inf =   8.100e-02 (8721) 2
*155573: obj =   1.307268803e+12 inf =   7.979e-02 (8692) 2
*155808: obj =   1.307268614e+12 inf =   7.703e-02 (8670) 3
*156054: obj =   1.307268311e+12 inf =   7.680e-02 (8659) 2
*156349: obj =   1.307268212e+12 inf =   8.034e-02 (8668) 3
*156633: obj =   1.307268114e+12 inf =   8.505e-02 (8608) 2
*156955: obj =   1.307268052e+12 inf =   8.526e-02 (8571) 3
*157271: obj =   1.307267916e+12 inf =   8.512e-02 (8522) 2
*157589: obj =   1.307267809e+12 inf =   8.585e-02 (8504) 3
*157922: obj =   1.307267787e+12 inf =   8.630e-02 (8474) 3
*158248: obj =   1.306840926e+12 inf =   8.657e-02 (8460) 3
*158585: obj =   1.306840861e+12 inf =   8.745e-02 (8446) 3
*158926: obj =   1.306840755e+12 inf =   8.868e-02 (8395) 3
*159280: obj =   1.292205499e+12 inf =   9.015e-02 (8492) 3
*159612: obj =   1.292205356e+12 inf =   9.121e-02 (8476) 3
*160002: obj =   1.262959830e+12 inf =   9.198e-02 (8531) 2
*160290: obj =   1.262959782e+12 inf =   9.438e-02 (8539) 3
*160561: obj =   1.262959695e+12 inf =   1.007e-01 (8554) 2
*160811: obj =   1.262959681e+12 inf =   1.017e-01 (8582) 2
*161042: obj =   1.262959639e+12 inf =   1.030e-01 (8609) 2
*161278: obj =   1.262959566e+12 inf =   1.090e-01 (8591) 3
*161517: obj =   1.262959536e+12 inf =   1.127e-01 (8580) 2
*161755: obj =   1.262959476e+12 inf =   1.230e-01 (8593) 2
*162033: obj =   1.262959423e+12 inf =   1.277e-01 (8594) 3
*162304: obj =   1.262959342e+12 inf =   1.389e-01 (8633) 2
*162570: obj =   1.262959310e+12 inf =   1.432e-01 (8634) 3
*162825: obj =   1.262959274e+12 inf =   1.485e-01 (8602) 2
*163101: obj =   1.262959232e+12 inf =   1.535e-01 (8598) 2
*163367: obj =   1.262959174e+12 inf =   1.600e-01 (8629) 3
*163636: obj =   1.262959133e+12 inf =   1.656e-01 (8600) 2
*163892: obj =   1.262795062e+12 inf =   1.714e-01 (8621) 3
*164127: obj =   1.262794943e+12 inf =   1.830e-01 (8593) 2
*164372: obj =   1.262794917e+12 inf =   1.857e-01 (8603) 2
*164612: obj =   1.262794904e+12 inf =   1.857e-01 (8629) 2
*164841: obj =   1.262794888e+12 inf =   1.853e-01 (8626) 2
*165061: obj =   1.262794876e+12 inf =   1.845e-01 (8653) 2
*165282: obj =   1.262794857e+12 inf =   1.840e-01 (8663) 2
*165503: obj =   1.262794816e+12 inf =   1.848e-01 (8657) 2
*165739: obj =   1.262794810e+12 inf =   1.842e-01 (8629) 2
*165994: obj =   1.262794777e+12 inf =   1.848e-01 (8634) 3
*166216: obj =   1.262794773e+12 inf =   1.837e-01 (8639) 2
*166457: obj =   1.262794746e+12 inf =   1.827e-01 (8678) 2
*166703: obj =   1.262794724e+12 inf =   1.823e-01 (8651) 2
*166940: obj =   1.262794701e+12 inf =   1.811e-01 (8655) 2
*167185: obj =   1.262794656e+12 inf =   1.824e-01 (8670) 3
*167433: obj =   1.262794606e+12 inf =   1.839e-01 (8657) 2
*167672: obj =   1.262794586e+12 inf =   1.841e-01 (8654) 2
*167971: obj =   1.262794570e+12 inf =   1.830e-01 (8660) 3
*168230: obj =   1.262794555e+12 inf =   1.822e-01 (8682) 2
*168486: obj =   1.262794508e+12 inf =   1.813e-01 (8683) 2
*168720: obj =   1.262794465e+12 inf =   1.809e-01 (8673) 2
*168963: obj =   1.262794465e+12 inf =   1.794e-01 (8677) 3
*169186: obj =   1.262794435e+12 inf =   1.780e-01 (8660) 2
*169413: obj =   1.262794387e+12 inf =   1.765e-01 (8692) 2
*169669: obj =   1.262794360e+12 inf =   1.758e-01 (8700) 2
*169889: obj =   1.262794333e+12 inf =   1.744e-01 (8724) 2
*170161: obj =   1.262794306e+12 inf =   1.733e-01 (8680) 2
*170430: obj =   1.262794275e+12 inf =   1.722e-01 (8708) 3
*170695: obj =   1.262794203e+12 inf =   1.707e-01 (8714) 2
*170988: obj =   1.262794192e+12 inf =   1.691e-01 (8719) 3
*171232: obj =   1.262794171e+12 inf =   1.680e-01 (8664) 2
*171501: obj =   1.262794097e+12 inf =   1.665e-01 (8699) 3
*171779: obj =   1.262794066e+12 inf =   1.649e-01 (8625) 2
*172013: obj =   1.262793996e+12 inf =   1.638e-01 (8665) 2
*172235: obj =   1.258458927e+12 inf =   1.644e-01 (8619) 2
*172460: obj =   1.258458899e+12 inf =   1.650e-01 (8623) 2
*172685: obj =   1.258458859e+12 inf =   1.647e-01 (8599) 2
*172908: obj =   1.258458822e+12 inf =   1.638e-01 (8613) 2
*173130: obj =   1.258458744e+12 inf =   1.625e-01 (8583) 3
*173352: obj =   1.258458705e+12 inf =   1.618e-01 (8575) 2
*173576: obj =   1.258458635e+12 inf =   1.599e-01 (8585) 2
*173806: obj =   1.258458588e+12 inf =   1.586e-01 (8602) 2
*174035: obj =   1.258458527e+12 inf =   1.566e-01 (8566) 2
*174278: obj =   1.258458489e+12 inf =   1.554e-01 (8523) 2
*174505: obj =   1.258458395e+12 inf =   1.526e-01 (8506) 2
*174730: obj =   1.258458328e+12 inf =   1.498e-01 (8531) 2
*174959: obj =   1.258458237e+12 inf =   1.472e-01 (8514) 2
*175184: obj =   1.258458146e+12 inf =   1.437e-01 (8485) 2
*175423: obj =   1.258458066e+12 inf =   1.421e-01 (8469) 3
*175683: obj =   1.257582825e+12 inf =   1.413e-01 (8516) 2
*175918: obj =   1.257582591e+12 inf =   1.433e-01 (8493) 2
*176189: obj =   1.253386109e+12 inf =   1.467e-01 (8431) 3
*176440: obj =   1.253386096e+12 inf =   1.454e-01 (8472) 2
*176665: obj =   1.253386055e+12 inf =   1.431e-01 (8496) 2
*176911: obj =   1.253386034e+12 inf =   1.415e-01 (8484) 2
*177133: obj =   1.253385980e+12 inf =   1.406e-01 (8461) 2
*177353: obj =   1.253385965e+12 inf =   1.402e-01 (8469) 2
*177574: obj =   1.253385949e+12 inf =   1.398e-01 (8464) 2
*177821: obj =   1.253385891e+12 inf =   1.385e-01 (8472) 2
*178096: obj =   1.251986175e+12 inf =   1.390e-01 (8625) 3
*178346: obj =   1.251985973e+12 inf =   1.402e-01 (8619) 2
*178570: obj =   1.251985464e+12 inf =   1.419e-01 (8570) 2
*178793: obj =   1.251984909e+12 inf =   1.455e-01 (8519) 2
*179025: obj =   1.251984077e+12 inf =   1.622e-01 (8457) 3
*179357: obj =   1.251983958e+12 inf =   1.640e-01 (8446) 3
*179674: obj =   1.251983836e+12 inf =   1.638e-01 (8396) 2
*179993: obj =   1.251983643e+12 inf =   1.636e-01 (8356) 3
*180280: obj =   1.251983447e+12 inf =   1.608e-01 (8342) 3
*180592: obj =   1.251983228e+12 inf =   1.586e-01 (8339) 3
*180901: obj =   1.251983047e+12 inf =   1.558e-01 (8325) 2
*181209: obj =   1.251982789e+12 inf =   1.546e-01 (8278) 3
*181548: obj =   1.251982645e+12 inf =   1.541e-01 (8241) 3
*181867: obj =   1.239933057e+12 inf =   1.527e-01 (8264) 3
*182122: obj =   1.239932999e+12 inf =   1.536e-01 (8261) 2
*182370: obj =   1.239932945e+12 inf =   1.568e-01 (8300) 2
*182614: obj =   1.239932872e+12 inf =   1.640e-01 (8311) 3
*182845: obj =   1.239932837e+12 inf =   1.651e-01 (8326) 2
*183065: obj =   1.239932828e+12 inf =   1.643e-01 (8341) 2
*183283: obj =   1.239932790e+12 inf =   1.613e-01 (8353) 2
*183504: obj =   1.239932788e+12 inf =   1.607e-01 (8391) 1
*183723: obj =   1.239932772e+12 inf =   1.582e-01 (8388) 2
*183941: obj =   1.239932771e+12 inf =   1.574e-01 (8391) 2
*184158: obj =   1.237297337e+12 inf =   1.541e-01 (8379) 2
*184379: obj =   1.237297316e+12 inf =   1.517e-01 (8403) 2
*184597: obj =   1.237297294e+12 inf =   1.476e-01 (8426) 2
*184819: obj =   1.237297206e+12 inf =   1.451e-01 (8400) 2
*185041: obj =   1.237297171e+12 inf =   1.447e-01 (8384) 2
*185268: obj =   1.237297142e+12 inf =   1.445e-01 (8394) 2
*185490: obj =   1.237297036e+12 inf =   1.348e-01 (8383) 2
*185709: obj =   1.236165041e+12 inf =   1.289e-01 (8418) 2
*185832: obj =   1.236165031e+12 inf =   1.291e-01 (8399) 2
*185995: obj =   1.236164977e+12 inf =   1.313e-01 (8394) 1
*186135: obj =   1.236164954e+12 inf =   1.334e-01 (8397) 2
*186297: obj =   1.236164911e+12 inf =   1.382e-01 (8396) 1
*186440: obj =   1.236164898e+12 inf =   1.395e-01 (8400) 2
*186607: obj =   1.236164868e+12 inf =   1.423e-01 (8410) 1
*186743: obj =   1.236164815e+12 inf =   1.421e-01 (8398) 2
*186913: obj =   1.236164790e+12 inf =   1.421e-01 (8387) 1
*187047: obj =   1.236164774e+12 inf =   1.432e-01 (8352) 2
*187211: obj =   1.236164773e+12 inf =   1.427e-01 (8370) 1
*187351: obj =   1.236164744e+12 inf =   1.434e-01 (8395) 2
*187519: obj =   1.236164718e+12 inf =   1.444e-01 (8393) 1
*187681: obj =   1.197930288e+12 inf =   1.439e-01 (8349) 2
*187871: obj =   1.185398034e+12 inf =   1.431e-01 (8469) 1
*188033: obj =   1.185398007e+12 inf =   1.429e-01 (8466) 1
*188158: obj =   1.185397985e+12 inf =   1.438e-01 (8472) 2
*188318: obj =   1.185397962e+12 inf =   1.442e-01 (8491) 1
*188463: obj =   1.185397911e+12 inf =   1.467e-01 (8474) 2
*188627: obj =   1.185397877e+12 inf =   1.497e-01 (8448) 1
*188767: obj =   1.185397872e+12 inf =   1.500e-01 (8470) 2
*188938: obj =   1.185167371e+12 inf =   1.515e-01 (8460) 1
*189070: obj =   1.185167360e+12 inf =   1.514e-01 (8460) 2
*189237: obj =   1.185167321e+12 inf =   1.517e-01 (8442) 1
*189374: obj =   1.185167294e+12 inf =   1.535e-01 (8446) 2
*189542: obj =   1.185167273e+12 inf =   1.545e-01 (8456) 1
*189677: obj =   1.185167250e+12 inf =   1.556e-01 (8455) 2
*189841: obj =   1.185167191e+12 inf =   1.561e-01 (8443) 1
*189981: obj =   1.182539959e+12 inf =   1.566e-01 (8398) 2
*190183: obj =   1.140919166e+12 inf =   1.570e-01 (8441) 1
*190349: obj =   1.140919117e+12 inf =   1.594e-01 (8448) 1
*190466: obj =   1.140919082e+12 inf =   1.619e-01 (8430) 2
*190632: obj =   1.140919070e+12 inf =   1.630e-01 (8456) 1
*190763: obj =   1.140919044e+12 inf =   1.661e-01 (8448) 2
*190929: obj =   1.140919015e+12 inf =   1.679e-01 (8443) 1
*191066: obj =   1.140919012e+12 inf =   1.680e-01 (8410) 2
*191231: obj =   1.139486851e+12 inf =   1.692e-01 (8407) 1
*191371: obj =   1.139486838e+12 inf =   1.709e-01 (8408) 2
*191540: obj =   1.139486821e+12 inf =   1.727e-01 (8435) 1
*191674: obj =   1.139486803e+12 inf =   1.736e-01 (8413) 2
*191868: obj =   1.112386699e+12 inf =   1.742e-01 (8469) 1
*192029: obj =   1.112386649e+12 inf =   1.784e-01 (8475) 2
*192193: obj =   1.112386631e+12 inf =   1.801e-01 (8458) 1
*192333: obj =   1.112386628e+12 inf =   1.802e-01 (8468) 2
*192501: obj =   1.112386612e+12 inf =   1.811e-01 (8449) 1
*192637: obj =   1.112386610e+12 inf =   1.811e-01 (8424) 2
*192805: obj =   1.112386609e+12 inf =   1.807e-01 (8428) 1
*192940: obj =   1.112386583e+12 inf =   1.815e-01 (8433) 2
*193107: obj =   1.112386563e+12 inf =   1.818e-01 (8450) 1
*193243: obj =   1.112386529e+12 inf =   1.828e-01 (8441) 2
*193411: obj =   1.112386509e+12 inf =   1.834e-01 (8427) 1
*193547: obj =   1.112386487e+12 inf =   1.838e-01 (8424) 2
*193709: obj =   1.112386473e+12 inf =   1.836e-01 (8415) 1
*193850: obj =   1.112386437e+12 inf =   1.863e-01 (8394) 2
*194018: obj =   1.112342880e+12 inf =   1.881e-01 (8402) 1
*194179: obj =   1.093982586e+12 inf =   1.885e-01 (8382) 2
*194344: obj =   1.093982556e+12 inf =   1.907e-01 (8387) 1
*194484: obj =   1.093982534e+12 inf =   1.915e-01 (8356) 2
*194653: obj =   1.093982508e+12 inf =   1.917e-01 (8351) 1
*194789: obj =   1.093982487e+12 inf =   1.918e-01 (8315) 2
*194965: obj =   1.089869946e+12 inf =   1.929e-01 (8307) 1
*195154: obj =   1.088628200e+12 inf =   1.928e-01 (8480) 1
*195271: obj =   1.088628197e+12 inf =   1.928e-01 (8471) 2
*195440: obj =   1.088628159e+12 inf =   1.924e-01 (8470) 1
*195565: obj =   1.088628138e+12 inf =   1.925e-01 (8439) 2
*195738: obj =   1.088628118e+12 inf =   1.918e-01 (8458) 1
*195868: obj =   1.088628105e+12 inf =   1.916e-01 (8477) 2
*196038: obj =   1.088628087e+12 inf =   1.915e-01 (8459) 1
*196174: obj =   1.088628071e+12 inf =   1.919e-01 (8424) 2
*196346: obj =   1.088628052e+12 inf =   1.918e-01 (8411) 1
*196477: obj =   1.088628025e+12 inf =   1.926e-01 (8411) 2
*196647: obj =   1.088627989e+12 inf =   1.929e-01 (8426) 1
*196780: obj =   1.088627958e+12 inf =   1.942e-01 (8420) 2
*196944: obj =   1.088627911e+12 inf =   1.968e-01 (8403) 1
*197083: obj =   1.088627888e+12 inf =   1.973e-01 (8443) 2
*197250: obj =   1.088627868e+12 inf =   1.976e-01 (8425) 1
*197387: obj =   1.088589082e+12 inf =   1.974e-01 (8402) 2
*197558: obj =   1.088589060e+12 inf =   1.976e-01 (8460) 1
*197690: obj =   1.088589020e+12 inf =   1.970e-01 (8457) 2
*197854: obj =   1.088588974e+12 inf =   1.979e-01 (8443) 1
*197994: obj =   1.088588908e+12 inf =   2.004e-01 (8454) 2
*198171: obj =   1.088588887e+12 inf =   2.003e-01 (8409) 1
*198297: obj =   1.088588887e+12 inf =   1.999e-01 (8382) 2
*198467: obj =   1.088588878e+12 inf =   1.998e-01 (8424) 1
*198600: obj =   1.088588862e+12 inf =   1.990e-01 (8397) 2
*198767: obj =   1.088588828e+12 inf =   1.968e-01 (8386) 1
*198903: obj =   1.086799001e+12 inf =   1.957e-01 (8403) 2
*199069: obj =   1.086798960e+12 inf =   1.945e-01 (8436) 1
*199207: obj =   1.086798955e+12 inf =   1.945e-01 (8394) 2
*199407: obj =   1.053517340e+12 inf =   1.945e-01 (8410) 1
*199561: obj =   1.053517308e+12 inf =   1.954e-01 (8412) 2
*199727: obj =   1.053517283e+12 inf =   1.941e-01 (8391) 1
*199864: obj =   1.053517264e+12 inf =   1.935e-01 (8378) 2
*200031: obj =   1.053517253e+12 inf =   1.930e-01 (8362) 1
*200167: obj =   1.053517227e+12 inf =   1.923e-01 (8326) 2
*200337: obj =   1.053480971e+12 inf =   1.935e-01 (8321) 1
*200470: obj =   1.053480957e+12 inf =   1.927e-01 (8381) 2
*200639: obj =   1.053480926e+12 inf =   1.915e-01 (8388) 1
*200775: obj =   1.053480891e+12 inf =   1.908e-01 (8382) 2
*200945: obj =   1.053480860e+12 inf =   1.918e-01 (8368) 1
*201078: obj =   1.053480860e+12 inf =   1.914e-01 (8372) 2
*201263: obj =   1.037438162e+12 inf =   1.910e-01 (8348) 1
*201409: obj =   1.037438158e+12 inf =   1.910e-01 (8349) 2
*201579: obj =   1.037438129e+12 inf =   1.911e-01 (8376) 1
*201712: obj =   1.037438123e+12 inf =   1.909e-01 (8374) 2
*201882: obj =   1.037438100e+12 inf =   1.901e-01 (8385) 1
*202015: obj =   1.037438086e+12 inf =   1.898e-01 (8351) 2
*202183: obj =   1.037438055e+12 inf =   1.895e-01 (8357) 1
*202320: obj =   1.037438032e+12 inf =   1.895e-01 (8339) 2
*202487: obj =   1.037437974e+12 inf =   1.895e-01 (8350) 1
*202623: obj =   1.037437941e+12 inf =   1.910e-01 (8364) 2
*202790: obj =   1.037437924e+12 inf =   1.917e-01 (8366) 1
*202926: obj =   1.037437908e+12 inf =   1.925e-01 (8350) 2
*203091: obj =   1.037437878e+12 inf =   1.938e-01 (8349) 1
*203229: obj =   1.037437878e+12 inf =   1.938e-01 (8328) 2
*203408: obj =   1.026835940e+12 inf =   1.938e-01 (8328) 1
*203555: obj =   1.026835906e+12 inf =   1.938e-01 (8344) 2
*203720: obj =   1.023216262e+12 inf =   1.942e-01 (8333) 1
*203859: obj =   1.023216244e+12 inf =   1.945e-01 (8322) 2
*204026: obj =   1.023216230e+12 inf =   1.947e-01 (8269) 1
*204186: obj =   1.020058881e+12 inf =   1.944e-01 (8363) 2
*204365: obj =   1.017048626e+12 inf =   1.939e-01 (8447) 1
*204529: obj =   1.017048575e+12 inf =   1.969e-01 (8442) 2
*204694: obj =   1.017048538e+12 inf =   1.980e-01 (8454) 1
*204832: obj =   1.017048474e+12 inf =   2.030e-01 (8450) 2
*204996: obj =   1.017048465e+12 inf =   2.039e-01 (8425) 1
*205135: obj =   1.017048465e+12 inf =   2.037e-01 (8415) 2
*205300: obj =   1.017048458e+12 inf =   2.039e-01 (8389) 1
*205440: obj =   1.017048432e+12 inf =   2.059e-01 (8394) 2
*205608: obj =   1.017048391e+12 inf =   2.082e-01 (8392) 1
*205743: obj =   1.017048332e+12 inf =   2.115e-01 (8380) 2
*205912: obj =   1.017048317e+12 inf =   2.132e-01 (8392) 1
*206048: obj =   1.017013790e+12 inf =   2.128e-01 (8370) 2
*206237: obj =   9.989468444e+11 inf =   2.125e-01 (8343) 1
*206368: obj =   9.989468371e+11 inf =   2.125e-01 (8358) 2
*206539: obj =   9.989468148e+11 inf =   2.129e-01 (8379) 1
*206672: obj =   9.989467965e+11 inf =   2.136e-01 (8378) 2
*206839: obj =   9.989467724e+11 inf =   2.155e-01 (8389) 1
*206975: obj =   9.989039659e+11 inf =   2.168e-01 (8379) 2
*207136: obj =   9.989039329e+11 inf =   2.197e-01 (8372) 1
*207311: obj =   9.881071852e+11 inf =   2.214e-01 (8356) 2
*207477: obj =   9.881071468e+11 inf =   2.225e-01 (8367) 1
*207614: obj =   9.881071152e+11 inf =   2.229e-01 (8397) 2
*207778: obj =   9.881070574e+11 inf =   2.235e-01 (8389) 1
*207918: obj =   9.881069974e+11 inf =   2.239e-01 (8386) 2
*208085: obj =   9.881069524e+11 inf =   2.242e-01 (8403) 1
*208222: obj =   9.881069072e+11 inf =   2.263e-01 (8387) 2
*208392: obj =   9.881069060e+11 inf =   2.262e-01 (8387) 1
*208526: obj =   9.881068951e+11 inf =   2.264e-01 (8411) 2
*208695: obj =   9.881068730e+11 inf =   2.273e-01 (8456) 1
*208829: obj =   9.881068706e+11 inf =   2.270e-01 (8425) 2
*208993: obj =   9.881068601e+11 inf =   2.269e-01 (8413) 1
*209133: obj =   9.881068530e+11 inf =   2.268e-01 (8398) 2
*209303: obj =   9.881068528e+11 inf =   2.256e-01 (8368) 1
*209436: obj =   9.881068116e+11 inf =   2.262e-01 (8361) 2
*209604: obj =   9.881067740e+11 inf =   2.266e-01 (8378) 1
*209740: obj =   9.881067694e+11 inf =   2.263e-01 (8325) 2
*209910: obj =   9.881067547e+11 inf =   2.262e-01 (8323) 1
*210043: obj =   9.848531347e+11 inf =   2.251e-01 (8343) 2
*210207: obj =   9.848531295e+11 inf =   2.249e-01 (8331) 1
*210347: obj =   9.848530917e+11 inf =   2.245e-01 (8312) 2
*210517: obj =   9.848530475e+11 inf =   2.249e-01 (8292) 1
*210652: obj =   9.848530402e+11 inf =   2.253e-01 (8349) 2
*210824: obj =   9.848530178e+11 inf =   2.255e-01 (8311) 1
*210958: obj =   9.848529637e+11 inf =   2.261e-01 (8274) 2
*211140: obj =   9.687062278e+11 inf =   2.259e-01 (8371) 1
*211303: obj =   9.687061985e+11 inf =   2.273e-01 (8375) 2
*211470: obj =   9.687061841e+11 inf =   2.283e-01 (8408) 1
*211606: obj =   9.687061697e+11 inf =   2.286e-01 (8404) 2
*211774: obj =   9.660132499e+11 inf =   2.310e-01 (8396) 1
*211909: obj =   9.660132400e+11 inf =   2.313e-01 (8392) 2
*212075: obj =   9.660132328e+11 inf =   2.320e-01 (8339) 1
*212212: obj =   9.660132327e+11 inf =   2.317e-01 (8364) 2
*212376: obj =   9.660132224e+11 inf =   2.323e-01 (8373) 1
*212517: obj =   9.660131970e+11 inf =   2.340e-01 (8399) 2
*212687: obj =   9.660131316e+11 inf =   2.364e-01 (8377) 1
*212821: obj =   9.660130941e+11 inf =   2.398e-01 (8374) 2
*212987: obj =   9.660130755e+11 inf =   2.417e-01 (8340) 1
*213124: obj =   9.660130750e+11 inf =   2.414e-01 (8332) 2
*213316: obj =   9.499000015e+11 inf =   2.413e-01 (8415) 1
*213491: obj =   9.494403465e+11 inf =   2.421e-01 (8445) 1
*213610: obj =   9.494403120e+11 inf =   2.436e-01 (8473) 2
*213774: obj =   9.494402646e+11 inf =   2.460e-01 (8449) 1
*213914: obj =   9.494402616e+11 inf =   2.463e-01 (8468) 2
*214083: obj =   9.494402429e+11 inf =   2.473e-01 (8442) 1
*214218: obj =   9.494401683e+11 inf =   2.475e-01 (8439) 2
*214385: obj =   9.494401297e+11 inf =   2.490e-01 (8402) 1
*214521: obj =   9.494400867e+11 inf =   2.520e-01 (8418) 2
*214694: obj =   9.494400717e+11 inf =   2.515e-01 (8389) 1
*214825: obj =   9.494400681e+11 inf =   2.515e-01 (8395) 2
*214994: obj =   9.494400651e+11 inf =   2.516e-01 (8362) 1
*215130: obj =   9.493504239e+11 inf =   2.514e-01 (8384) 2
*215298: obj =   9.469124781e+11 inf =   2.513e-01 (8391) 1
*215434: obj =   9.469124335e+11 inf =   2.521e-01 (8390) 2
*215606: obj =   9.469124120e+11 inf =   2.523e-01 (8390) 1
*215737: obj =   9.469123761e+11 inf =   2.524e-01 (8406) 2
*215914: obj =   9.469123057e+11 inf =   2.521e-01 (8385) 1
*216041: obj =   9.469123002e+11 inf =   2.518e-01 (8380) 2
*216211: obj =   9.469122846e+11 inf =   2.508e-01 (8392) 1
*216344: obj =   9.421294672e+11 inf =   2.509e-01 (8363) 2
*216517: obj =   9.421294172e+11 inf =   2.501e-01 (8399) 1
*216647: obj =   9.421293847e+11 inf =   2.510e-01 (8400) 2
*216817: obj =   9.399234424e+11 inf =   2.504e-01 (8392) 1
*216951: obj =   9.398130626e+11 inf =   2.497e-01 (8310) 2
*217138: obj =   9.204076288e+11 inf =   2.495e-01 (8332) 1
*217284: obj =   9.204076219e+11 inf =   2.495e-01 (8344) 2
*217462: obj =   9.193380841e+11 inf =   2.489e-01 (8439) 1
*217625: obj =   9.193380310e+11 inf =   2.487e-01 (8426) 2
*217795: obj =   9.193379831e+11 inf =   2.505e-01 (8395) 1
*217928: obj =   9.193379625e+11 inf =   2.505e-01 (8393) 2
*218096: obj =   9.176614727e+11 inf =   2.508e-01 (8406) 1
*218231: obj =   9.176087740e+11 inf =   2.505e-01 (8388) 2
*218405: obj =   9.175582145e+11 inf =   2.494e-01 (8363) 1
*218535: obj =   9.175581811e+11 inf =   2.473e-01 (8397) 2
*218703: obj =   9.175581548e+11 inf =   2.459e-01 (8358) 1
*218838: obj =   9.175581471e+11 inf =   2.449e-01 (8386) 2
*219016: obj =   9.175581059e+11 inf =   2.446e-01 (8347) 1
*219142: obj =   9.175581003e+11 inf =   2.446e-01 (8337) 2
*219316: obj =   9.150790555e+11 inf =   2.432e-01 (8341) 1
*219445: obj =   9.150790297e+11 inf =   2.414e-01 (8332) 2
*219616: obj =   9.150790141e+11 inf =   2.401e-01 (8329) 1
*219749: obj =   9.150789634e+11 inf =   2.377e-01 (8327) 2
*219923: obj =   9.150789210e+11 inf =   2.368e-01 (8366) 1
*220054: obj =   9.150788914e+11 inf =   2.369e-01 (8374) 2
*220238: obj =   8.999215262e+11 inf =   2.368e-01 (8372) 1
*220391: obj =   8.999214845e+11 inf =   2.365e-01 (8338) 2
*220559: obj =   8.999214372e+11 inf =   2.367e-01 (8380) 1
*220694: obj =   8.999214113e+11 inf =   2.364e-01 (8364) 2
*220859: obj =   8.999213973e+11 inf =   2.367e-01 (8368) 1
*220997: obj =   8.970521165e+11 inf =   2.370e-01 (8315) 2
*221169: obj =   8.948833876e+11 inf =   2.369e-01 (8313) 1
*221314: obj =   8.895418200e+11 inf =   2.367e-01 (8325) 2
*221480: obj =   8.895417797e+11 inf =   2.370e-01 (8304) 1
*221618: obj =   8.895417632e+11 inf =   2.375e-01 (8262) 2
*221791: obj =   8.894550659e+11 inf =   2.373e-01 (8269) 1
*221921: obj =   8.894550554e+11 inf =   2.366e-01 (8258) 2
*222088: obj =   8.894550430e+11 inf =   2.359e-01 (8268) 1
*222278: obj =   8.785272133e+11 inf =   2.357e-01 (8410) 2
*222449: obj =   8.785271821e+11 inf =   2.369e-01 (8414) 1
*222581: obj =   8.785271402e+11 inf =   2.387e-01 (8400) 2
*222746: obj =   8.785271146e+11 inf =   2.398e-01 (8385) 1
*222884: obj =   8.785270873e+11 inf =   2.410e-01 (8396) 2
*223052: obj =   8.767669772e+11 inf =   2.417e-01 (8395) 1
*223187: obj =   8.767669199e+11 inf =   2.442e-01 (8392) 2
*223355: obj =   8.765650128e+11 inf =   2.437e-01 (8395) 1
*223492: obj =   8.765649852e+11 inf =   2.442e-01 (8375) 2
*223657: obj =   8.765649531e+11 inf =   2.449e-01 (8376) 1
*223795: obj =   8.765649270e+11 inf =   2.449e-01 (8372) 2
*223967: obj =   8.765648757e+11 inf =   2.465e-01 (8386) 1
*224101: obj =   8.764905981e+11 inf =   2.469e-01 (8356) 2
*224269: obj =   8.764905445e+11 inf =   2.481e-01 (8358) 1
*224407: obj =   8.764288678e+11 inf =   2.501e-01 (8363) 2
*224578: obj =   8.764288471e+11 inf =   2.512e-01 (8333) 1
*224713: obj =   8.764287951e+11 inf =   2.512e-01 (8367) 2
*224880: obj =   8.764286562e+11 inf =   2.540e-01 (8349) 1
*225016: obj =   8.707745638e+11 inf =   2.546e-01 (8317) 2
*225191: obj =   8.594563274e+11 inf =   2.542e-01 (8312) 1
*225371: obj =   8.502875435e+11 inf =   2.540e-01 (8356) 2
*225541: obj =   8.502875237e+11 inf =   2.539e-01 (8357) 1
*225674: obj =   8.502875026e+11 inf =   2.550e-01 (8357) 2
*225843: obj =   8.502874687e+11 inf =   2.566e-01 (8330) 1
*225977: obj =   8.500329323e+11 inf =   2.567e-01 (8361) 2
*226143: obj =   8.500329282e+11 inf =   2.565e-01 (8340) 1
*226281: obj =   8.500329280e+11 inf =   2.562e-01 (8351) 2
*226447: obj =   8.500328915e+11 inf =   2.566e-01 (8342) 1
*226585: obj =   8.500328610e+11 inf =   2.572e-01 (8344) 2
*226760: obj =   8.500327788e+11 inf =   2.566e-01 (8338) 1
*226888: obj =   8.500327492e+11 inf =   2.567e-01 (8327) 2
*227055: obj =   8.471471625e+11 inf =   2.573e-01 (8293) 1
*227206: obj =   8.345604901e+11 inf =   2.572e-01 (8244) 2
*227379: obj =   8.345604855e+11 inf =   2.573e-01 (8253) 1
*227510: obj =   8.345604663e+11 inf =   2.565e-01 (8255) 2
*227678: obj =   8.345604176e+11 inf =   2.553e-01 (8250) 1
*227815: obj =   8.343193871e+11 inf =   2.554e-01 (8237) 2
*227988: obj =   8.328180886e+11 inf =   2.556e-01 (8239) 1
*228120: obj =   8.328180570e+11 inf =   2.555e-01 (8223) 2
*228293: obj =   8.246074613e+11 inf =   2.552e-01 (8165) 1
*228458: obj =   8.022945084e+11 inf =   2.552e-01 (8111) 1
*228611: obj =   8.022944813e+11 inf =   2.542e-01 (8098) 2
*228785: obj =   8.004068596e+11 inf =   2.540e-01 (8113) 1
*228917: obj =   7.982760686e+11 inf =   2.536e-01 (8078) 2
*229083: obj =   7.982760541e+11 inf =   2.532e-01 (8099) 1
*229220: obj =   7.982760457e+11 inf =   2.530e-01 (8095) 2
*229392: obj =   7.980124753e+11 inf =   2.527e-01 (8072) 1
*229532: obj =   7.968896422e+11 inf =   2.525e-01 (8067) 2
*229704: obj =   7.968896155e+11 inf =   2.522e-01 (8061) 1
*229837: obj =   7.933086743e+11 inf =   2.517e-01 (8087) 2
*230007: obj =   7.930899467e+11 inf =   2.495e-01 (8100) 1
*230143: obj =   7.930898841e+11 inf =   2.452e-01 (8087) 2
*230306: obj =   7.930898201e+11 inf =   2.421e-01 (8077) 1
*230447: obj =   7.930898184e+11 inf =   2.421e-01 (8087) 2
*230616: obj =   7.930898043e+11 inf =   2.419e-01 (8082) 1
*230750: obj =   7.930897534e+11 inf =   2.415e-01 (8081) 2
*230919: obj =   7.914416458e+11 inf =   2.405e-01 (8028) 1
*231053: obj =   7.914416433e+11 inf =   2.404e-01 (8044) 2
*231218: obj =   7.914416285e+11 inf =   2.401e-01 (8031) 1
*231360: obj =   7.913485824e+11 inf =   2.401e-01 (7999) 2
*231528: obj =   7.913485606e+11 inf =   2.395e-01 (8002) 1
*231664: obj =   7.913485456e+11 inf =   2.391e-01 (7991) 2
*231840: obj =   7.912422025e+11 inf =   2.388e-01 (7953) 1
*231971: obj =   7.912421612e+11 inf =   2.388e-01 (7964) 2
*232138: obj =   7.912421426e+11 inf =   2.389e-01 (7989) 1
*232274: obj =   7.912421299e+11 inf =   2.391e-01 (8000) 2
*232442: obj =   7.823421384e+11 inf =   2.389e-01 (7975) 1
*232606: obj =   7.823421262e+11 inf =   2.394e-01 (8018) 2
*232780: obj =   7.823420685e+11 inf =   2.390e-01 (7979) 1
*232910: obj =   7.823420336e+11 inf =   2.386e-01 (7957) 2
*233081: obj =   7.823420294e+11 inf =   2.385e-01 (7990) 1
*233213: obj =   7.823420267e+11 inf =   2.381e-01 (7987) 2
*233384: obj =   7.656144453e+11 inf =   2.378e-01 (7927) 1
*233546: obj =   7.623259898e+11 inf =   2.373e-01 (7925) 2
*233718: obj =   7.623259751e+11 inf =   2.369e-01 (7914) 1
*233850: obj =   7.605625839e+11 inf =   2.368e-01 (7914) 2
*234021: obj =   7.604608502e+11 inf =   2.360e-01 (7900) 1
*234178: obj =   7.427757893e+11 inf =   2.359e-01 (7895) 2
*234345: obj =   7.294681760e+11 inf =   2.357e-01 (7849) 1
*234517: obj =   7.294681698e+11 inf =   2.348e-01 (7786) 1
*234639: obj =   7.271391823e+11 inf =   2.348e-01 (7807) 2
*234804: obj =   7.271390975e+11 inf =   2.337e-01 (7790) 1
*234929: obj =   7.271390755e+11 inf =   2.335e-01 (7794) 2
*235099: obj =   7.271390665e+11 inf =   2.335e-01 (7781) 1
*235229: obj =   7.271390648e+11 inf =   2.328e-01 (7780) 2
*235396: obj =   7.138497099e+11 inf =   2.329e-01 (7743) 1
*235562: obj =   7.105372182e+11 inf =   2.323e-01 (7748) 1
*235684: obj =   7.105372068e+11 inf =   2.324e-01 (7783) 2
*235856: obj =   7.105371929e+11 inf =   2.324e-01 (7780) 1
*235980: obj =   7.105371782e+11 inf =   2.323e-01 (7781) 2
*236151: obj =   7.105371692e+11 inf =   2.314e-01 (7758) 1
*236283: obj =   7.093033946e+11 inf =   2.306e-01 (7726) 2
*236451: obj =   7.059924719e+11 inf =   2.301e-01 (7726) 1
*236589: obj =   7.059924552e+11 inf =   2.301e-01 (7744) 2
*236759: obj =   7.045639249e+11 inf =   2.296e-01 (7694) 1
*236892: obj =   7.045639233e+11 inf =   2.292e-01 (7684) 2
*237064: obj =   7.044704577e+11 inf =   2.286e-01 (7684) 1
*237225: obj =   6.678308816e+11 inf =   2.285e-01 (7655) 1
*237383: obj =   6.210386572e+11 inf =   2.283e-01 (7534) 1
*237546: obj =   6.130913091e+11 inf =   2.290e-01 (7546) 1
*237664: obj =   6.130912751e+11 inf =   2.310e-01 (7541) 2
*237830: obj =   6.130912672e+11 inf =   2.311e-01 (7534) 1
*237967: obj =   6.130912529e+11 inf =   2.317e-01 (7519) 2
*238136: obj =   6.128832619e+11 inf =   2.307e-01 (7517) 1
*238272: obj =   6.092414531e+11 inf =   2.301e-01 (7516) 2
*238434: obj =   5.776387879e+11 inf =   2.299e-01 (7485) 1
*238600: obj =   5.776387673e+11 inf =   2.308e-01 (7491) 1
*238732: obj =   5.776387629e+11 inf =   2.309e-01 (7466) 2
*238898: obj =   5.776387373e+11 inf =   2.323e-01 (7448) 1
*239036: obj =   5.776387343e+11 inf =   2.319e-01 (7434) 2
*239203: obj =   5.776387114e+11 inf =   2.322e-01 (7441) 1
*239339: obj =   5.776387090e+11 inf =   2.317e-01 (7426) 2
*239507: obj =   5.776387014e+11 inf =   2.312e-01 (7451) 1
*239642: obj =   5.776386721e+11 inf =   2.323e-01 (7444) 2
*239811: obj =   5.776386277e+11 inf =   2.349e-01 (7433) 1
*239947: obj =   5.776386266e+11 inf =   2.348e-01 (7427) 2
*240113: obj =   5.776386251e+11 inf =   2.345e-01 (7403) 1
*240253: obj =   5.759069398e+11 inf =   2.334e-01 (7451) 2
*240461: obj =   5.493868264e+11 inf =   2.332e-01 (7333) 1
*240624: obj =   5.493867666e+11 inf =   2.349e-01 (7327) 1
*240765: obj =   5.493867602e+11 inf =   2.350e-01 (7333) 2
*240928: obj =   5.493867602e+11 inf =   2.348e-01 (7341) 1
*241069: obj =   5.493867525e+11 inf =   2.348e-01 (7343) 2
*241233: obj =   5.493867343e+11 inf =   2.357e-01 (7333) 1
*241376: obj =   5.477926015e+11 inf =   2.357e-01 (7335) 2
*241544: obj =   5.477925271e+11 inf =   2.371e-01 (7328) 1
*241681: obj =   5.477925068e+11 inf =   2.387e-01 (7302) 2
*241849: obj =   5.477924945e+11 inf =   2.389e-01 (7292) 1
*241984: obj =   5.436539346e+11 inf =   2.383e-01 (7295) 2
*242157: obj =   5.436538554e+11 inf =   2.381e-01 (7300) 1
*242287: obj =   5.436538271e+11 inf =   2.379e-01 (7321) 2
*242459: obj =   5.436538112e+11 inf =   2.376e-01 (7310) 1
*242592: obj =   5.436537681e+11 inf =   2.385e-01 (7308) 2
*242759: obj =   5.406375608e+11 inf =   2.383e-01 (7341) 1
*242896: obj =   5.406375463e+11 inf =   2.382e-01 (7305) 2
*243062: obj =   5.406374897e+11 inf =   2.374e-01 (7342) 1
*243201: obj =   5.391973934e+11 inf =   2.371e-01 (7332) 2
*243367: obj =   5.187570400e+11 inf =   2.364e-01 (7248) 1
*243528: obj =   5.044011962e+11 inf =   2.362e-01 (7251) 1
*243666: obj =   5.044011744e+11 inf =   2.371e-01 (7222) 2
*243831: obj =   5.026791065e+11 inf =   2.377e-01 (7241) 1
*244071: obj =   5.026790427e+11 inf =   2.395e-01 (7235) 2
*244303: obj =   5.026789330e+11 inf =   2.430e-01 (7201) 2
*244523: obj =   5.026744361e+11 inf =   2.452e-01 (7199) 3
*244749: obj =   5.026726489e+11 inf =   2.435e-01 (7198) 2
*244976: obj =   5.026723201e+11 inf =   2.425e-01 (7196) 2
*245196: obj =   5.026717834e+11 inf =   2.408e-01 (7192) 2
*245415: obj =   5.026712410e+11 inf =   2.389e-01 (7191) 2
*245640: obj =   5.026708000e+11 inf =   2.348e-01 (7161) 2
*245865: obj =   5.026704713e+11 inf =   2.320e-01 (7120) 2
*246090: obj =   5.026701646e+11 inf =   2.294e-01 (7110) 2
*246311: obj =   5.026698746e+11 inf =   2.259e-01 (7124) 2
*246532: obj =   5.026696425e+11 inf =   2.234e-01 (7145) 2
*246758: obj =   5.026693783e+11 inf =   2.197e-01 (7112) 2
*246985: obj =   5.026691612e+11 inf =   2.151e-01 (7110) 2
*247205: obj =   5.026689361e+11 inf =   2.113e-01 (7097) 2
*247441: obj =   5.026687495e+11 inf =   2.074e-01 (7116) 2
*247667: obj =   5.026685408e+11 inf =   2.026e-01 (7089) 2
*247891: obj =   5.026682852e+11 inf =   1.973e-01 (7112) 2
*248124: obj =   5.026680494e+11 inf =   1.917e-01 (7099) 3
*248352: obj =   5.026678122e+11 inf =   1.850e-01 (7054) 2
*248578: obj =   5.026675970e+11 inf =   1.799e-01 (7060) 2
*248810: obj =   5.026673908e+11 inf =   1.747e-01 (7031) 2
*249035: obj =   5.026671989e+11 inf =   1.704e-01 (7032) 2
*249266: obj =   5.026670119e+11 inf =   1.662e-01 (7027) 2
*249498: obj =   5.026667464e+11 inf =   1.588e-01 (7000) 2
*249725: obj =   5.026666017e+11 inf =   1.551e-01 (6986) 2
*249946: obj =   5.026664972e+11 inf =   1.528e-01 (6999) 3
*250181: obj =   5.026663309e+11 inf =   1.492e-01 (6974) 2
*250420: obj =   5.026661403e+11 inf =   1.461e-01 (6969) 2
*250644: obj =   5.026660550e+11 inf =   1.446e-01 (6922) 2
*250868: obj =   5.026659078e+11 inf =   1.424e-01 (6935) 2
*251098: obj =   5.026657840e+11 inf =   1.415e-01 (6864) 2
*251324: obj =   5.020148620e+11 inf =   1.436e-01 (6985) 3
*251541: obj =   5.020148018e+11 inf =   1.423e-01 (6994) 2
*251761: obj =   5.020147743e+11 inf =   1.410e-01 (6993) 1
*251975: obj =   5.020147084e+11 inf =   1.387e-01 (7002) 2
*252190: obj =   5.020146147e+11 inf =   1.358e-01 (7015) 2
*252404: obj =   5.020145774e+11 inf =   1.344e-01 (7037) 2
*252620: obj =   5.020145482e+11 inf =   1.331e-01 (7067) 2
*252836: obj =   5.020144829e+11 inf =   1.314e-01 (7060) 2
*253052: obj =   5.020144607e+11 inf =   1.304e-01 (7075) 2
*253268: obj =   5.020144266e+11 inf =   1.289e-01 (7098) 2
*253489: obj =   5.020143239e+11 inf =   1.288e-01 (7081) 2
*253706: obj =   5.020142803e+11 inf =   1.281e-01 (7091) 2
*253921: obj =   5.020142508e+11 inf =   1.275e-01 (7078) 2
*254136: obj =   5.020142248e+11 inf =   1.268e-01 (7107) 2
*254355: obj =   5.020140666e+11 inf =   1.268e-01 (7063) 2
*254573: obj =   5.020133012e+11 inf =   1.200e-01 (7112) 2
*254742: obj =   5.007128858e+11 inf =   1.200e-01 (7088) 1
*254889: obj =   5.007128487e+11 inf =   1.221e-01 (7105) 2
*255048: obj =   5.007128437e+11 inf =   1.220e-01 (7048) 1
*255192: obj =   5.007128226e+11 inf =   1.235e-01 (7054) 2
*255353: obj =   5.007128020e+11 inf =   1.247e-01 (7052) 1
*255498: obj =   5.007127829e+11 inf =   1.247e-01 (7057) 2
*255664: obj =   5.007127631e+11 inf =   1.255e-01 (7050) 1
*255802: obj =   5.007127399e+11 inf =   1.272e-01 (7024) 2
*255965: obj =   5.007127084e+11 inf =   1.295e-01 (7006) 1
*256107: obj =   5.007126817e+11 inf =   1.309e-01 (7001) 2
*256271: obj =   5.007126704e+11 inf =   1.316e-01 (6975) 1
*256411: obj =   5.007126608e+11 inf =   1.322e-01 (6975) 2
*256575: obj =   5.007126255e+11 inf =   1.348e-01 (7006) 1
*256714: obj =   5.007126193e+11 inf =   1.351e-01 (6976) 2
*256881: obj =   5.007125980e+11 inf =   1.347e-01 (6975) 1
*257046: obj =   4.956317317e+11 inf =   1.346e-01 (7048) 2
*257255: obj =   4.956316068e+11 inf =   1.374e-01 (7039) 2
*257462: obj =   4.956284547e+11 inf =   1.401e-01 (7015) 2
*257683: obj =   4.956269433e+11 inf =   1.399e-01 (6987) 2
*257903: obj =   4.956267370e+11 inf =   1.398e-01 (6988) 2
*258123: obj =   4.956266139e+11 inf =   1.388e-01 (6973) 2
*258343: obj =   4.956265203e+11 inf =   1.375e-01 (6975) 2
*258564: obj =   4.956263984e+11 inf =   1.353e-01 (6962) 2
*258785: obj =   4.956262639e+11 inf =   1.320e-01 (6924) 2
*259006: obj =   4.956261097e+11 inf =   1.281e-01 (6898) 2
*259228: obj =   4.956259563e+11 inf =   1.254e-01 (6899) 2
*259474: obj =   4.956257939e+11 inf =   1.238e-01 (6888) 2
*259710: obj =   4.956256172e+11 inf =   1.287e-01 (6832) 2
*259947: obj =   4.956254314e+11 inf =   1.392e-01 (6815) 3
*260185: obj =   4.956252895e+11 inf =   1.565e-01 (6749) 2
*260479: obj =   4.943155161e+11 inf =   1.772e-01 (6704) 3
*260809: obj =   4.801974680e+11 inf =   1.857e-01 (6837) 3
*261155: obj =   4.569150541e+11 inf =   1.859e-01 (17104) 3
*261507: obj =   3.975733539e+11 inf =   1.832e-01 (1579) 2
*261728: obj =   3.975730710e+11 inf =   1.740e-01 (1633) 2
*261945: obj =   3.975728424e+11 inf =   1.671e-01 (1640) 2
*262163: obj =   3.975726839e+11 inf =   1.621e-01 (1635) 2
*262381: obj =   3.975726403e+11 inf =   1.603e-01 (1636) 2
*262600: obj =   3.975725872e+11 inf =   1.585e-01 (1636) 2
*262819: obj =   3.975710465e+11 inf =   1.319e-01 (1631) 2
*262995: obj =   3.973183342e+11 inf =   1.189e-01 (7159) 2
*263154: obj =   3.973182925e+11 inf =   1.185e-01 (7144) 1
*263298: obj =   3.973182513e+11 inf =   1.183e-01 (7142) 2
*263455: obj =   3.973181944e+11 inf =   1.186e-01 (7130) 1
*263601: obj =   3.973181495e+11 inf =   1.195e-01 (7134) 2
*263765: obj =   3.973181447e+11 inf =   1.194e-01 (7151) 1
*263905: obj =   3.973180995e+11 inf =   1.194e-01 (7153) 2
*264063: obj =   3.973180004e+11 inf =   1.200e-01 (7157) 1
*264208: obj =   3.973179392e+11 inf =   1.210e-01 (7138) 2
*264367: obj =   3.973178954e+11 inf =   1.218e-01 (7138) 1
*264512: obj =   3.973178551e+11 inf =   1.229e-01 (7111) 2
*264672: obj =   3.973177638e+11 inf =   1.264e-01 (7154) 1
*264815: obj =   3.973177515e+11 inf =   1.265e-01 (7112) 2
*264975: obj =   3.973177096e+11 inf =   1.281e-01 (7127) 1
*265118: obj =   3.973176458e+11 inf =   1.319e-01 (7103) 2
*265282: obj =   3.973176206e+11 inf =   1.327e-01 (7113) 1
*265421: obj =   3.973175749e+11 inf =   1.350e-01 (7107) 2
*265584: obj =   3.973175351e+11 inf =   1.373e-01 (7089) 1
*265724: obj =   3.973175205e+11 inf =   1.382e-01 (7058) 2
*265886: obj =   3.973175157e+11 inf =   1.378e-01 (7065) 1
*266027: obj =   3.973175097e+11 inf =   1.378e-01 (7048) 2
*266192: obj =   3.973175021e+11 inf =   1.376e-01 (7050) 1
*266331: obj =   3.973175001e+11 inf =   1.374e-01 (7047) 2
*266492: obj =   3.973174937e+11 inf =   1.372e-01 (7057) 1
*266635: obj =   3.973174464e+11 inf =   1.394e-01 (7058) 2
*266797: obj =   3.973174025e+11 inf =   1.417e-01 (7068) 1
*266938: obj =   3.973173945e+11 inf =   1.423e-01 (7054) 2
*267099: obj =   3.973173515e+11 inf =   1.455e-01 (7035) 1
*267242: obj =   3.973173367e+11 inf =   1.467e-01 (7023) 2
*267403: obj =   3.973173267e+11 inf =   1.472e-01 (6988) 1
*267546: obj =   3.973173092e+11 inf =   1.484e-01 (6967) 2
*267707: obj =   3.973172835e+11 inf =   1.508e-01 (6968) 1
*267849: obj =   3.973172543e+11 inf =   1.527e-01 (6970) 2
*268009: obj =   3.973172294e+11 inf =   1.550e-01 (6941) 1
*268152: obj =   3.973172271e+11 inf =   1.548e-01 (6940) 2
*268316: obj =   3.973171935e+11 inf =   1.555e-01 (6926) 1
*268484: obj =   3.971927869e+11 inf =   1.550e-01 (6979) 2
*268705: obj =   3.971914884e+11 inf =   1.543e-01 (6976) 2
*268924: obj =   3.971911171e+11 inf =   1.535e-01 (6998) 2
*269143: obj =   3.971908691e+11 inf =   1.529e-01 (6966) 2
*269361: obj =   3.971905824e+11 inf =   1.489e-01 (6963) 2
*269583: obj =   3.971904254e+11 inf =   1.466e-01 (6933) 2
*269801: obj =   3.971902739e+11 inf =   1.449e-01 (6925) 2
*270021: obj =   3.971897998e+11 inf =   1.382e-01 (6878) 2
*270253: obj =   3.971895456e+11 inf =   1.336e-01 (6876) 2
*270475: obj =   3.971892115e+11 inf =   1.310e-01 (6868) 2
*270698: obj =   3.971888613e+11 inf =   1.309e-01 (6845) 3
*270926: obj =   3.971885438e+11 inf =   1.377e-01 (6797) 2
*271155: obj =   3.971883148e+11 inf =   1.486e-01 (6793) 2
*271402: obj =   3.971880317e+11 inf =   1.585e-01 (6746) 2
*271650: obj =   3.971877836e+11 inf =   1.823e-01 (6678) 3
*271992: obj =   3.811147250e+11 inf =   1.883e-01 (6598) 3
*272334: obj =   3.811143881e+11 inf =   1.894e-01 (6533) 3
*272694: obj =   3.811142582e+11 inf =   1.898e-01 (6490) 3
*273082: obj =   3.190560088e+11 inf =   1.893e-01 (11447) 2
*273446: obj =   2.714958218e+11 inf =   1.892e-01 (10046) 3
*273699: obj =   2.702541821e+11 inf =   1.840e-01 (1152) 2
*273917: obj =   2.702539891e+11 inf =   1.760e-01 (1162) 2
*274133: obj =   2.702538337e+11 inf =   1.686e-01 (1159) 2
*274349: obj =   2.702536171e+11 inf =   1.598e-01 (1149) 2
*274567: obj =   2.702534339e+11 inf =   1.533e-01 (1157) 2
*274786: obj =   2.702533637e+11 inf =   1.506e-01 (1164) 2
*275003: obj =   2.702533098e+11 inf =   1.485e-01 (1156) 2
*275219: obj =   2.702529690e+11 inf =   1.375e-01 (1124) 2
*275384: obj =   2.697390903e+11 inf =   1.177e-01 (7077) 2
*275546: obj =   2.697390635e+11 inf =   1.168e-01 (7081) 1
*275683: obj =   2.697390059e+11 inf =   1.169e-01 (7071) 2
*275839: obj =   2.697389840e+11 inf =   1.170e-01 (7067) 1
*275987: obj =   2.697389702e+11 inf =   1.168e-01 (7077) 2
*276143: obj =   2.697389135e+11 inf =   1.177e-01 (7062) 1
*276290: obj =   2.697388594e+11 inf =   1.194e-01 (7082) 2
*276446: obj =   2.697388459e+11 inf =   1.195e-01 (7093) 1
*276593: obj =   2.697388084e+11 inf =   1.206e-01 (7090) 2
*276751: obj =   2.697387621e+11 inf =   1.226e-01 (7043) 1
*276896: obj =   2.697387189e+11 inf =   1.254e-01 (7060) 2
*277053: obj =   2.697386669e+11 inf =   1.284e-01 (7054) 1
*277199: obj =   2.697386459e+11 inf =   1.293e-01 (7040) 2
*277357: obj =   2.697386148e+11 inf =   1.309e-01 (7030) 1
*277503: obj =   2.697385801e+11 inf =   1.329e-01 (7059) 2
*277660: obj =   2.697385270e+11 inf =   1.366e-01 (7060) 1
*277806: obj =   2.697384970e+11 inf =   1.380e-01 (7039) 2
*277966: obj =   2.697384325e+11 inf =   1.414e-01 (7034) 1
*278109: obj =   2.697383978e+11 inf =   1.430e-01 (7016) 2
*278268: obj =   2.697383276e+11 inf =   1.472e-01 (7009) 1
*278412: obj =   2.697382759e+11 inf =   1.503e-01 (6992) 2
*278571: obj =   2.697382499e+11 inf =   1.520e-01 (6974) 1
*278715: obj =   2.697382086e+11 inf =   1.548e-01 (7009) 2
*278874: obj =   2.697381813e+11 inf =   1.571e-01 (6958) 1
*279018: obj =   2.697381492e+11 inf =   1.579e-01 (6954) 2
*279177: obj =   2.693462818e+11 inf =   1.586e-01 (6994) 1
*279382: obj =   2.693461965e+11 inf =   1.608e-01 (6987) 2
*279595: obj =   2.693415678e+11 inf =   1.616e-01 (6966) 2
*279821: obj =   2.693410772e+11 inf =   1.614e-01 (6970) 2
*280048: obj =   2.693406653e+11 inf =   1.587e-01 (6943) 2
*280271: obj =   2.693403975e+11 inf =   1.558e-01 (6952) 2
*280493: obj =   2.693400974e+11 inf =   1.533e-01 (6930) 2
*280718: obj =   2.693397728e+11 inf =   1.491e-01 (6894) 2
*280946: obj =   2.693395385e+11 inf =   1.461e-01 (6845) 2
*281173: obj =   2.693391611e+11 inf =   1.411e-01 (6775) 3
*281400: obj =   2.693388368e+11 inf =   1.378e-01 (6756) 2
*281630: obj =   2.693385981e+11 inf =   1.360e-01 (6749) 2
*281869: obj =   2.693382879e+11 inf =   1.320e-01 (6701) 2
*282106: obj =   2.693378597e+11 inf =   1.359e-01 (6708) 2
*282354: obj =   2.693375368e+11 inf =   1.435e-01 (6641) 3
*282615: obj =   2.693372533e+11 inf =   1.564e-01 (6607) 2
*282939: obj =   2.532052990e+11 inf =   1.699e-01 (958) 3
*283291: obj =   2.283194187e+11 inf =   1.702e-01 (9269) 3
*283646: obj =   2.048931849e+11 inf =   1.708e-01 (8745) 3
*284004: obj =   2.048906875e+11 inf =   1.711e-01 (8679) 4
*284367: obj =   2.048889682e+11 inf =   1.718e-01 (8602) 3
*284737: obj =   2.038164642e+11 inf =   1.710e-01 (6430) 4
*285091: obj =   2.037489052e+11 inf =   1.697e-01 (6385) 3
*285466: obj =   1.310683754e+11 inf =   1.688e-01 (7649) 3
*285842: obj =   1.310675892e+11 inf =   1.692e-01 (7534) 3
*286217: obj =   7.952263434e+10 inf =   1.690e-01 (7160) 3
*286558: obj =   7.308348894e+10 inf =   1.689e-01 (7099) 4
*286923: obj =   7.308251808e+10 inf =   1.682e-01 (7004) 3
*287276: obj =   7.308171266e+10 inf =   1.675e-01 (6969) 4
*287638: obj =   5.129633782e+10 inf =   1.661e-01 (391) 3
*287887: obj =   5.129624677e+10 inf =   1.640e-01 (410) 2
*288115: obj =   5.129608660e+10 inf =   1.611e-01 (431) 2
*288335: obj =   5.129598954e+10 inf =   1.593e-01 (421) 2
*288552: obj =   5.129592984e+10 inf =   1.578e-01 (428) 2
*288769: obj =   5.129585918e+10 inf =   1.555e-01 (448) 2
*288986: obj =   5.129577983e+10 inf =   1.535e-01 (437) 2
*289202: obj =   5.129576159e+10 inf =   1.520e-01 (444) 2
*289419: obj =   5.129575202e+10 inf =   1.508e-01 (435) 2
*289641: obj =   5.129573360e+10 inf =   1.489e-01 (438) 2
*289866: obj =   5.129566929e+10 inf =   1.448e-01 (440) 1
*290086: obj =   5.129563682e+10 inf =   1.426e-01 (438) 2
*290307: obj =   5.129561518e+10 inf =   1.405e-01 (414) 2
*290545: obj =   5.129552672e+10 inf =   1.390e-01 (401) 3
*290768: obj =   5.129503119e+10 inf =   1.246e-01 (421) 2
*290928: obj =   5.115437576e+10 inf =   1.246e-01 (6924) 1
*291074: obj =   5.115436362e+10 inf =   1.247e-01 (6928) 2
*291232: obj =   5.115433120e+10 inf =   1.253e-01 (6907) 1
*291377: obj =   5.115428060e+10 inf =   1.274e-01 (6903) 2
*291536: obj =   5.115424887e+10 inf =   1.293e-01 (6885) 1
*291680: obj =   5.115422652e+10 inf =   1.303e-01 (6898) 2
*291845: obj =   5.115420463e+10 inf =   1.309e-01 (6889) 1
*291983: obj =   5.115420328e+10 inf =   1.304e-01 (6864) 2
*292148: obj =   5.115418281e+10 inf =   1.300e-01 (6876) 1
*292286: obj =   5.115415807e+10 inf =   1.304e-01 (6882) 2
*292455: obj =   5.007309059e+10 inf =   1.304e-01 (6994) 1
*292683: obj =   5.006589660e+10 inf =   1.304e-01 (6955) 2
*292903: obj =   5.006496796e+10 inf =   1.301e-01 (6946) 2
*293123: obj =   5.006415363e+10 inf =   1.291e-01 (6935) 2
*293365: obj =   5.006351634e+10 inf =   1.277e-01 (6885) 2
*293594: obj =   5.006266872e+10 inf =   1.257e-01 (6878) 2
*293824: obj =   5.006190501e+10 inf =   1.282e-01 (6853) 2
*294050: obj =   5.006096678e+10 inf =   1.448e-01 (6713) 2
*294296: obj =   5.006033827e+10 inf =   1.587e-01 (6605) 3
*294574: obj =   5.006000610e+10 inf =   1.621e-01 (6550) 2
*294869: obj =   5.005954065e+10 inf =   1.746e-01 (6486) 3
*295239: obj =   3.966105198e+10 inf =   1.796e-01 (7325) 3
*295583: obj =   1.016691189e+10 inf =   1.799e-01 (7100) 4
*295980: obj =  -5.400940463e+05 inf =   1.797e-01 (30) 3
*296355: obj =  -5.446089937e+05 inf =   1.792e-01 (24) 3
*296704: obj =  -5.638464427e+05 inf =   1.769e-01 (36) 4
*297051: obj =  -5.879982455e+05 inf =   1.753e-01 (54) 3
*297285: obj =  -6.034350081e+05 inf =   1.663e-01 (86) 2
*297543: obj =  -6.147701964e+05 inf =   1.616e-01 (104) 2
*297800: obj =  -6.328025029e+05 inf =   1.549e-01 (93) 3
*298053: obj =  -6.449709474e+05 inf =   1.526e-01 (89) 2
*298327: obj =  -6.523353712e+05 inf =   1.521e-01 (86) 2
*298572: obj =  -6.587591903e+05 inf =   1.491e-01 (67) 3
*298841: obj =  -6.672426906e+05 inf =   1.458e-01 (123) 2
*299105: obj =  -6.779451099e+05 inf =   1.358e-01 (111) 2
*299359: obj =  -6.873869045e+05 inf =   1.316e-01 (87) 2
Removing LP perturbation [299573]...
*299573: obj =   0.000000000e+00 inf =   0.000e+00 (0) 2
OPTIMAL LP SOLUTION FOUND
Integer optimization begins...
Long-step dual simplex will be used
+299573: mip =     not found yet >=              -inf        (1; 0)
+299573: >>>>>   0.000000000e+00 >=   0.000000000e+00   0.0% (1; 0)
+299573: mip =   0.000000000e+00 >=     tree is empty   0.0% (0; 1)
INTEGER OPTIMAL SOLUTION FOUND
Time used:   7595.7 secs
Memory used: 452.0 Mb (473982655 bytes)
Writing MIP solution to 'input/sx-askubuntu.html/sx-askubuntu-c2a.txt.gz.1008.lp.sol'...
Objective:  obj = 0 (MINimum)
