GLPSOL--GLPK LP/MIP Solver 5.0
Parameter(s) specified in the command line:
 --lp input/Oregon-1.html/oregon1_010407.txt.gz.126.lp.reach_chain_detours.lp
 -o input/Oregon-1.html/oregon1_010407.txt.gz.126.lp.reach_chain_detours.lp.sol
Reading problem data from 'input/Oregon-1.html/oregon1_010407.txt.gz.126.lp.reach_chain_detours.lp'...
1566 rows, 3457 columns, 7817 non-zeros
3457 integer variables, all of which are binary
5028 lines were read
GLPK Integer Optimizer 5.0
1566 rows, 3457 columns, 7817 non-zeros
3457 integer variables, all of which are binary
Preprocessing...
1 hidden packing inequaliti(es) were detected
1564 rows, 3455 columns, 7536 non-zeros
3455 integer variables, all of which are binary
Scaling...
 A: min|aij| =  1.000e+00  max|aij| =  1.000e+00  ratio =  1.000e+00
Problem data seem to be well scaled
Constructing initial basis...
Size of triangular part is 1564
Solving LP relaxation...
GLPK Simplex Optimizer 5.0
1564 rows, 3455 columns, 7536 non-zeros
      0: obj =   0.000000000e+00 inf =   1.160e+02 (116)
    116: obj =   4.761302400e+01 inf =   0.000e+00 (0)
Perturbing LP to avoid stalling [319]...
Removing LP perturbation [1214]...
*  1214: obj =   0.000000000e+00 inf =   0.000e+00 (0) 7
OPTIMAL LP SOLUTION FOUND
Integer optimization begins...
Long-step dual simplex will be used
+  1214: mip =     not found yet >=              -inf        (1; 0)
Solution found by heuristic: 0
+  1214: mip =   0.000000000e+00 >=     tree is empty   0.0% (0; 1)
INTEGER OPTIMAL SOLUTION FOUND
Time used:   0.1 secs
Memory used: 4.1 Mb (4347941 bytes)
Writing MIP solution to 'input/Oregon-1.html/oregon1_010407.txt.gz.126.lp.reach_chain_detours.lp.sol'...
Objective:  obj = 0 (MINimum)
