	Command being timed: "/usr/app/src/glpk-5.0/examples/glpsol --lp input/email-Eu-core-temporal.html/email-Eu-core-temporal-Dept4.txt.gz.12.lp -o input/email-Eu-core-temporal.html/email-Eu-core-temporal-Dept4.txt.gz.12.lp.sol"
	User time (seconds): 0.05
	System time (seconds): 0.00
	Percent of CPU this job got: 104%
	Elapsed (wall clock) time (h:mm:ss or m:ss): 0:00.06
	Average shared text size (kbytes): 0
	Average unshared data size (kbytes): 0
	Average stack size (kbytes): 0
	Average total size (kbytes): 0
	Maximum resident set size (kbytes): 6144
	Average resident set size (kbytes): 0
	Major (requiring I/O) page faults: 0
	Minor (reclaiming a frame) page faults: 2666
	Voluntary context switches: 31
	Involuntary context switches: 1
	Swaps: 0
	File system inputs: 0
	File system outputs: 560
	Socket messages sent: 0
	Socket messages received: 0
	Signals delivered: 0
	Page size (bytes): 4096
	Exit status: 0
