Version 1.2 launched as -e 0.1 12 input/sx-superuser.html/sx-superuser-a2q.txt.gz 420


Execution time and memory used at after reading from file: 1.458200e+02 seconds, 48074752 bytes of memory usage, 46984 kB of memory peak and 02:26 elapsed time
Statistics on the network after reading from file
	Number of nodes: 167981
	Number of allocated nodes: 168960
	Number of edges: 384346
	Maximum in degree: 429 (node 2805)
	Maximum out degree: 3101 (node 8672)

Execution time and memory used at before starting main computation: 1.459600e+02 seconds, 48615424 bytes of memory usage, 48652 kB of memory peak and 02:26 elapsed time
Statistics on the network before starting main computation
	Number of nodes: 167981
	Number of allocated nodes: 168960
	Number of edges: 384346
	Maximum in degree: 429 (node 2805)
	Maximum out degree: 3101 (node 8672)
	source 3012 (node 8672) with out degree 3101
	target 1117 (node 2805) with in degree 429

Execution time and memory used at after iteration 1 (MF = 308435696184.000000): 4.854330e+03 seconds, 415748096 bytes of memory usage, 485812 kB of memory peak and 01:20:55 elapsed time
Statistics on the network after iteration 1 (MF = 308435696184.000000)
	Number of nodes: 167981
	Number of allocated nodes: 168960
	Number of edges: 384346
	Maximum in degree: 429 (node 2805)
	Maximum out degree: 3101 (node 8672)
	source 3012 (node 8672) with out degree 3101
	target 1117 (node 2805) with in degree 429

Execution time and memory used at after iteration 2 (MF = 155271613147.000000): 5.015610e+03 seconds, 456949760 bytes of memory usage, 520908 kB of memory peak and 01:23:36 elapsed time
Statistics on the network after iteration 2 (MF = 155271613147.000000)
	Number of nodes: 167981
	Number of allocated nodes: 168960
	Number of edges: 384346
	Maximum in degree: 429 (node 2805)
	Maximum out degree: 3101 (node 8672)
	source 3012 (node 8672) with out degree 3101
	target 1117 (node 2805) with in degree 429
