	Command being timed: "/usr/app/src/main 5 input/ca-CondMat.html/ca-CondMat.txt.gz 0"
	User time (seconds): 3497.83
	System time (seconds): 1.08
	Percent of CPU this job got: 99%
	Elapsed (wall clock) time (h:mm:ss or m:ss): 58:19.05
	Average shared text size (kbytes): 0
	Average unshared data size (kbytes): 0
	Average stack size (kbytes): 0
	Average total size (kbytes): 0
	Maximum resident set size (kbytes): 18860
	Average resident set size (kbytes): 0
	Major (requiring I/O) page faults: 0
	Minor (reclaiming a frame) page faults: 355030
	Voluntary context switches: 112
	Involuntary context switches: 4163
	Swaps: 0
	File system inputs: 0
	File system outputs: 98472
	Socket messages sent: 0
	Socket messages received: 0
	Signals delivered: 0
	Page size (bytes): 4096
	Exit status: 0
