GLPSOL--GLPK LP/MIP Solver 5.0
Parameter(s) specified in the command line:
 --lp input/ca-HepTh.html/ca-HepTh.txt.gz.50.lp -o input/ca-HepTh.html/ca-HepTh.txt.gz.50.lp.sol
Reading problem data from 'input/ca-HepTh.html/ca-HepTh.txt.gz.50.lp'...
51949 rows, 113767 columns, 259732 non-zeros
113767 integer variables, all of which are binary
165721 lines were read
GLPK Integer Optimizer 5.0
51949 rows, 113767 columns, 259732 non-zeros
113767 integer variables, all of which are binary
Preprocessing...
51822 rows, 113640 columns, 259105 non-zeros
113640 integer variables, all of which are binary
Scaling...
 A: min|aij| =  1.000e+00  max|aij| =  1.000e+00  ratio =  1.000e+00
Problem data seem to be well scaled
Constructing initial basis...
Size of triangular part is 51822
Solving LP relaxation...
GLPK Simplex Optimizer 5.0
51822 rows, 113640 columns, 259105 non-zeros
      0: obj =   0.000000000e+00 inf =   6.000e+01 (60)
     60: obj =   7.340000500e+01 inf =   0.000e+00 (0)
Perturbing LP to avoid stalling [261]...
*  2011: obj =   3.160954569e+01 inf =   0.000e+00 (659) 17
*  3733: obj =   9.861540000e+00 inf =   5.551e-17 (930) 15
*  5092: obj =   9.861520807e+00 inf =   4.793e-04 (3574) 13
*  6636: obj =   9.861131704e+00 inf =   1.099e-02 (3130) 15
*  8262: obj =   9.860838573e+00 inf =   2.266e-02 (2938) 16
*  9772: obj =   9.860703403e+00 inf =   3.233e-02 (2958) 13
* 11223: obj =   9.860395361e+00 inf =   4.890e-02 (2644) 14
* 12730: obj =   9.860162622e+00 inf =   5.606e-02 (2624) 13
* 14060: obj =   9.860129890e+00 inf =   5.978e-02 (2664) 12
* 15120: obj =   9.860074109e+00 inf =   6.101e-02 (2707) 10
* 16153: obj =   9.860026291e+00 inf =   6.048e-02 (2806) 9
* 17163: obj =   9.860008657e+00 inf =   5.760e-02 (2901) 10
* 18175: obj =   9.859975915e+00 inf =   5.557e-02 (3001) 9
* 19187: obj =   9.859941460e+00 inf =   5.360e-02 (3078) 9
* 20199: obj =   9.859915789e+00 inf =   5.079e-02 (3190) 9
* 21226: obj =   9.859826315e+00 inf =   4.837e-02 (3251) 10
* 22546: obj =   9.859726682e+00 inf =   4.730e-02 (3142) 13
* 23888: obj =   9.859543523e+00 inf =   4.493e-02 (3047) 13
* 25139: obj =   9.859464452e+00 inf =   4.217e-02 (2974) 13
* 26435: obj =   7.982392405e+00 inf =   3.598e-02 (2782) 11
* 27908: obj =   6.751544904e+00 inf =   3.280e-02 (2224) 12
* 29426: obj =   6.428389857e+00 inf =   3.042e-02 (1614) 12
* 30960: obj =   6.197501743e+00 inf =   2.896e-02 (791) 14
Removing LP perturbation [32243]...
* 32243: obj =   6.200000000e+00 inf =   0.000e+00 (0) 11
OPTIMAL LP SOLUTION FOUND
Integer optimization begins...
Long-step dual simplex will be used
+ 32243: mip =     not found yet >=              -inf        (1; 0)
+ 32243: >>>>>   6.200000000e+00 >=   6.200000000e+00   0.0% (1; 0)
+ 32243: mip =   6.200000000e+00 >=     tree is empty   0.0% (0; 1)
INTEGER OPTIMAL SOLUTION FOUND
Time used:   119.6 secs
Memory used: 137.4 Mb (144085958 bytes)
Writing MIP solution to 'input/ca-HepTh.html/ca-HepTh.txt.gz.50.lp.sol'...
Objective:  obj = 6.2 (MINimum)
