	Command being timed: "/usr/app/src/glpk-5.0/examples/glpsol --lp input/ca-HepTh.html/ca-HepTh.txt.gz.50.lp -o input/ca-HepTh.html/ca-HepTh.txt.gz.50.lp.sol"
	User time (seconds): 120.33
	System time (seconds): 0.13
	Percent of CPU this job got: 99%
	Elapsed (wall clock) time (h:mm:ss or m:ss): 2:00.47
	Average shared text size (kbytes): 0
	Average unshared data size (kbytes): 0
	Average stack size (kbytes): 0
	Average total size (kbytes): 0
	Maximum resident set size (kbytes): 134804
	Average resident set size (kbytes): 0
	Major (requiring I/O) page faults: 0
	Minor (reclaiming a frame) page faults: 72104
	Voluntary context switches: 30
	Involuntary context switches: 135
	Swaps: 0
	File system inputs: 0
	File system outputs: 24528
	Socket messages sent: 0
	Socket messages received: 0
	Signals delivered: 0
	Page size (bytes): 4096
	Exit status: 0
