GLPSOL--GLPK LP/MIP Solver 5.0
Parameter(s) specified in the command line:
 --lp input/gemsec-Facebook.html/politician_edges.csv.gz.63.lp -o input/gemsec-Facebook.html/politician_edges.csv.gz.63.lp.sol
Reading problem data from 'input/gemsec-Facebook.html/politician_edges.csv.gz.63.lp'...
41710 rows, 89324 columns, 208537 non-zeros
89324 integer variables, all of which are binary
131039 lines were read
GLPK Integer Optimizer 5.0
41710 rows, 89324 columns, 208537 non-zeros
89324 integer variables, all of which are binary
Preprocessing...
41592 rows, 89203 columns, 207631 non-zeros
89203 integer variables, all of which are binary
Scaling...
 A: min|aij| =  1.000e+00  max|aij| =  1.000e+00  ratio =  1.000e+00
Problem data seem to be well scaled
Constructing initial basis...
Size of triangular part is 41592
Solving LP relaxation...
GLPK Simplex Optimizer 5.0
41592 rows, 89203 columns, 207631 non-zeros
      0: obj =   0.000000000e+00 inf =   2.250e+02 (225)
    225: obj =   1.303431770e+02 inf =   0.000e+00 (0)
Perturbing LP to avoid stalling [426]...
*  2439: obj =   1.000472908e+02 inf =   0.000e+00 (1128) 17
*  4306: obj =   8.186589062e+01 inf =   3.001e-04 (2380) 16
*  6194: obj =   7.992478992e+01 inf =   1.784e-03 (1782) 16
*  7761: obj =   7.899814084e+01 inf =   1.544e-03 (42216) 14
*  9392: obj =   6.476845741e+01 inf =   1.912e-03 (2164) 15
* 11204: obj =   2.123633813e+01 inf =   1.251e-03 (1956) 15
* 13040: obj =   5.213159720e+00 inf =   1.099e-03 (42205) 15
* 14686: obj =   3.282318001e+00 inf =   1.363e-03 (1522) 15
Removing LP perturbation [16301]...
* 16301: obj =   0.000000000e+00 inf =   0.000e+00 (0) 12
OPTIMAL LP SOLUTION FOUND
Integer optimization begins...
Long-step dual simplex will be used
+ 16301: mip =     not found yet >=              -inf        (1; 0)
+ 16301: >>>>>   0.000000000e+00 >=   0.000000000e+00   0.0% (1; 0)
+ 16301: mip =   0.000000000e+00 >=     tree is empty   0.0% (0; 1)
INTEGER OPTIMAL SOLUTION FOUND
Time used:   44.4 secs
Memory used: 107.1 Mb (112298641 bytes)
Writing MIP solution to 'input/gemsec-Facebook.html/politician_edges.csv.gz.63.lp.sol'...
Objective:  obj = 0 (MINimum)
