GLPSOL--GLPK LP/MIP Solver 5.0
Parameter(s) specified in the command line:
 --lp input/p2p-Gnutella05.html/p2p-Gnutella05.txt.gz.24.lp.reach_chain_detours.lp
 -o input/p2p-Gnutella05.html/p2p-Gnutella05.txt.gz.24.lp.reach_chain_detours.lp.sol
Reading problem data from 'input/p2p-Gnutella05.html/p2p-Gnutella05.txt.gz.24.lp.reach_chain_detours.lp'...
13398 rows, 29944 columns, 66977 non-zeros
29944 integer variables, all of which are binary
43347 lines were read
GLPK Integer Optimizer 5.0
13398 rows, 29944 columns, 66977 non-zeros
29944 integer variables, all of which are binary
Preprocessing...
13396 rows, 29942 columns, 66876 non-zeros
29942 integer variables, all of which are binary
Scaling...
 A: min|aij| =  1.000e+00  max|aij| =  1.000e+00  ratio =  1.000e+00
Problem data seem to be well scaled
Constructing initial basis...
Size of triangular part is 13396
Solving LP relaxation...
GLPK Simplex Optimizer 5.0
13396 rows, 29942 columns, 66876 non-zeros
      0: obj =   0.000000000e+00 inf =   7.900e+01 (79)
     79: obj =   5.627082600e+01 inf =   0.000e+00 (0)
Perturbing LP to avoid stalling [302]...
*  4072: obj =   1.589667297e+01 inf =   0.000e+00 (13921) 31
*  6989: obj =   1.039309051e+01 inf =   6.305e-04 (2331) 29
*  9559: obj =   9.835605980e+00 inf =   1.383e-02 (1883) 25
* 12123: obj =   8.610163769e+00 inf =   2.518e-02 (1819) 26
* 15044: obj =   2.815699406e+00 inf =   2.111e-02 (3765) 28
* 18532: obj =   2.814593816e+00 inf =   2.030e-02 (2937) 35
* 21998: obj =   2.285865681e+00 inf =   1.772e-02 (4498) 34
* 25142: obj =   2.284511599e+00 inf =   2.576e-02 (3165) 31
* 27996: obj =   2.283979125e+00 inf =   1.656e-02 (2709) 27
* 30570: obj =   2.283772509e+00 inf =   1.015e-02 (13854) 25
* 33680: obj =   2.281028133e+00 inf =   1.103e-02 (4006) 30
* 36879: obj =   2.279515722e+00 inf =   1.262e-02 (2974) 32
* 40193: obj =   2.278783917e+00 inf =   1.325e-02 (2528) 33
* 43334: obj =   1.758112125e+00 inf =   1.018e-02 (5183) 31
* 46308: obj =   1.756456486e+00 inf =   1.546e-02 (3870) 29
* 48752: obj =   1.756000281e+00 inf =   1.000e-02 (3176) 23
* 51246: obj =   1.755710753e+00 inf =   5.390e-03 (2704) 25
* 53629: obj =   1.755539066e+00 inf =   5.364e-03 (2194) 23
* 56444: obj =   1.753119625e+00 inf =   1.199e-02 (4193) 28
* 59504: obj =   1.751844225e+00 inf =   1.258e-02 (3335) 30
* 62700: obj =   1.751209233e+00 inf =   9.044e-03 (2674) 31
* 65932: obj =   1.271354757e+00 inf =   8.419e-03 (4982) 32
* 68736: obj =   1.270013558e+00 inf =   1.447e-02 (3597) 28
* 71335: obj =   1.269636232e+00 inf =   7.223e-03 (3153) 25
* 73644: obj =   1.269419246e+00 inf =   5.126e-03 (2601) 22
* 76258: obj =   1.268394544e+00 inf =   6.178e-03 (4569) 26
* 79448: obj =   1.266992047e+00 inf =   1.088e-02 (3487) 32
* 82657: obj =   1.266526550e+00 inf =   9.880e-03 (2804) 31
* 85808: obj =   9.021868107e-01 inf =   1.334e-02 (4167) 31
* 88466: obj =   9.015931611e-01 inf =   1.180e-02 (3264) 26
* 91015: obj =   9.012706584e-01 inf =   5.779e-03 (2685) 25
* 93311: obj =   9.011083274e-01 inf =   5.363e-03 (2249) 22
* 95727: obj =   9.009968644e-01 inf =   5.131e-03 (2122) 24
* 98181: obj =   9.008797460e-01 inf =   3.705e-03 (4253) 24
*101272: obj =   9.001518516e-01 inf =   8.725e-03 (3259) 30
*104630: obj =   6.655007639e-01 inf =   8.311e-03 (3556) 33
*107326: obj =   6.650200933e-01 inf =   6.343e-03 (2594) 26
*109778: obj =   6.648272874e-01 inf =   4.056e-03 (2025) 24
*111942: obj =   6.647724573e-01 inf =   2.774e-03 (1614) 21
*114900: obj =   4.909771559e-01 inf =   3.467e-03 (3260) 29
*117969: obj =   4.907184318e-01 inf =   5.777e-03 (2466) 31
*120710: obj =   2.828396104e-01 inf =   3.237e-03 (2013) 26
*123153: obj =   2.827472934e-01 inf =   3.395e-03 (3268) 24
*126022: obj =   2.826831195e-01 inf =   3.406e-03 (2590) 28
*128914: obj =   1.437222757e-01 inf =   3.696e-03 (1409) 28
Removing LP perturbation [130946]...
*130946: obj =   0.000000000e+00 inf =   0.000e+00 (0) 20
OPTIMAL LP SOLUTION FOUND
Integer optimization begins...
Long-step dual simplex will be used
+130946: mip =     not found yet >=              -inf        (1; 0)
+130946: >>>>>   0.000000000e+00 >=   0.000000000e+00   0.0% (1; 0)
+130946: mip =   0.000000000e+00 >=     tree is empty   0.0% (0; 1)
INTEGER OPTIMAL SOLUTION FOUND
Time used:   228.5 secs
Memory used: 35.8 Mb (37487700 bytes)
Writing MIP solution to 'input/p2p-Gnutella05.html/p2p-Gnutella05.txt.gz.24.lp.reach_chain_detours.lp.sol'...
Objective:  obj = 0 (MINimum)
