GLPSOL--GLPK LP/MIP Solver 5.0
Parameter(s) specified in the command line:
 --lp input/ca-HepTh.html/ca-HepTh.txt.gz.5.lp -o input/ca-HepTh.html/ca-HepTh.txt.gz.5.lp.sol
Reading problem data from 'input/ca-HepTh.html/ca-HepTh.txt.gz.5.lp'...
51949 rows, 113767 columns, 259732 non-zeros
113767 integer variables, all of which are binary
165721 lines were read
GLPK Integer Optimizer 5.0
51949 rows, 113767 columns, 259732 non-zeros
113767 integer variables, all of which are binary
Preprocessing...
51822 rows, 113640 columns, 259105 non-zeros
113640 integer variables, all of which are binary
Scaling...
 A: min|aij| =  1.000e+00  max|aij| =  1.000e+00  ratio =  1.000e+00
Problem data seem to be well scaled
Constructing initial basis...
Size of triangular part is 51822
Solving LP relaxation...
GLPK Simplex Optimizer 5.0
51822 rows, 113640 columns, 259105 non-zeros
      0: obj =   0.000000000e+00 inf =   6.000e+01 (60)
     60: obj =   7.340000500e+01 inf =   0.000e+00 (0)
Perturbing LP to avoid stalling [261]...
*  2121: obj =   6.507688260e+01 inf =   9.617e-04 (1830) 19
*  4013: obj =   6.507660530e+01 inf =   7.877e-03 (1655) 16
*  5675: obj =   6.507642420e+01 inf =   1.978e-02 (1507) 15
*  7100: obj =   6.507628661e+01 inf =   2.979e-02 (1422) 13
*  8373: obj =   6.507618496e+01 inf =   3.734e-02 (1469) 12
*  9531: obj =   6.507609089e+01 inf =   4.343e-02 (1481) 11
* 10658: obj =   6.507599051e+01 inf =   4.893e-02 (1551) 11
* 11758: obj =   6.507594247e+01 inf =   5.063e-02 (1580) 10
* 12854: obj =   6.507588864e+01 inf =   5.054e-02 (1660) 10
* 13924: obj =   6.507583188e+01 inf =   5.065e-02 (1708) 10
* 14979: obj =   6.507578867e+01 inf =   4.915e-02 (1784) 10
* 16025: obj =   6.507576873e+01 inf =   4.572e-02 (1882) 9
* 17103: obj =   6.507569392e+01 inf =   4.302e-02 (1975) 10
* 18343: obj =   6.507540338e+01 inf =   4.229e-02 (1842) 12
* 19687: obj =   6.507496852e+01 inf =   4.228e-02 (1781) 12
* 21133: obj =   6.319793623e+01 inf =   4.095e-02 (1606) 13
* 22589: obj =   6.249015564e+01 inf =   3.950e-02 (1369) 14
* 24131: obj =   6.155164761e+01 inf =   3.961e-02 (1051) 14
* 25573: obj =   6.155156457e+01 inf =   3.759e-02 (619) 14
Removing LP perturbation [26799]...
* 26799: obj =   6.001538800e+01 inf =   0.000e+00 (0) 12
OPTIMAL LP SOLUTION FOUND
Integer optimization begins...
Long-step dual simplex will be used
+ 26799: mip =     not found yet >=              -inf        (1; 0)
+ 26799: >>>>>   6.001538800e+01 >=   6.001538800e+01   0.0% (1; 0)
+ 26799: mip =   6.001538800e+01 >=     tree is empty   0.0% (0; 1)
INTEGER OPTIMAL SOLUTION FOUND
Time used:   99.8 secs
Memory used: 137.4 Mb (144085958 bytes)
Writing MIP solution to 'input/ca-HepTh.html/ca-HepTh.txt.gz.5.lp.sol'...
Objective:  obj = 60.015388 (MINimum)
