GLPSOL--GLPK LP/MIP Solver 5.0
Parameter(s) specified in the command line:
 --lp input/ca-HepTh.html/ca-HepTh.txt.gz.5.lp.reach_chain_detours.lp -o input/ca-HepTh.html/ca-HepTh.txt.gz.5.lp.reach_chain_detours.lp.sol
Reading problem data from 'input/ca-HepTh.html/ca-HepTh.txt.gz.5.lp.reach_chain_detours.lp'...
45677 rows, 98203 columns, 228372 non-zeros
98203 integer variables, all of which are binary
143885 lines were read
GLPK Integer Optimizer 5.0
45677 rows, 98203 columns, 228372 non-zeros
98203 integer variables, all of which are binary
Preprocessing...
45612 rows, 98138 columns, 227997 non-zeros
98138 integer variables, all of which are binary
Scaling...
 A: min|aij| =  1.000e+00  max|aij| =  1.000e+00  ratio =  1.000e+00
Problem data seem to be well scaled
Constructing initial basis...
Size of triangular part is 45612
Solving LP relaxation...
GLPK Simplex Optimizer 5.0
45612 rows, 98138 columns, 227997 non-zeros
      0: obj =   0.000000000e+00 inf =   5.800e+01 (58)
     58: obj =   7.152308100e+01 inf =   0.000e+00 (0)
Perturbing LP to avoid stalling [259]...
*  2008: obj =   6.320000500e+01 inf =   0.000e+00 (409) 17
*  3387: obj =   6.320000500e+01 inf =   0.000e+00 (668) 12
*  4621: obj =   6.320000500e+01 inf =   0.000e+00 (45939) 12
*  5784: obj =   6.320000500e+01 inf =   0.000e+00 (973) 10
*  6875: obj =   6.320000500e+01 inf =   0.000e+00 (1173) 10
*  7942: obj =   6.320000500e+01 inf =   0.000e+00 (1330) 10
*  9009: obj =   6.320000500e+01 inf =   0.000e+00 (1530) 9
* 10119: obj =   6.320000500e+01 inf =   0.000e+00 (1692) 11
* 11245: obj =   6.320000500e+01 inf =   0.000e+00 (2914) 10
* 12402: obj =   6.320000500e+01 inf =   0.000e+00 (2672) 12
* 13610: obj =   6.320000500e+01 inf =   0.000e+00 (2294) 11
* 14824: obj =   6.249231300e+01 inf =   0.000e+00 (1842) 12
* 16271: obj =   6.196923600e+01 inf =   0.000e+00 (1148) 12
* 17795: obj =   6.001538800e+01 inf =   3.997e-15 (111) 14
Removing LP perturbation [17898]...
* 17898: obj =   6.001538800e+01 inf =   0.000e+00 (0) 1
OPTIMAL LP SOLUTION FOUND
Integer optimization begins...
Long-step dual simplex will be used
+ 17898: mip =     not found yet >=              -inf        (1; 0)
+ 17898: >>>>>   6.001538800e+01 >=   6.001538800e+01   0.0% (1; 0)
+ 17898: mip =   6.001538800e+01 >=     tree is empty   0.0% (0; 1)
INTEGER OPTIMAL SOLUTION FOUND
Time used:   70.8 secs
Memory used: 117.3 Mb (122957904 bytes)
Writing MIP solution to 'input/ca-HepTh.html/ca-HepTh.txt.gz.5.lp.reach_chain_detours.lp.sol'...
Objective:  obj = 60.015388 (MINimum)
