Version 1.2 launched as -e 0.1 12 input/ego-Facebook.html/facebook_combined.txt.gz 200


Execution time and memory used at after reading from file: 6.000000e-01 seconds, 17674240 bytes of memory usage, 17296 kB of memory peak and 00:01 elapsed time
Statistics on the network after reading from file
	Number of nodes: 4039
	Number of allocated nodes: 4096
	Number of edges: 88234
	Maximum in degree: 251 (node 1888)
	Maximum out degree: 1043 (node 107)

Execution time and memory used at after adding costs: 6.000000e-01 seconds, 17674240 bytes of memory usage, 17296 kB of memory peak and 00:01 elapsed time
Statistics on the network after adding costs
	Number of nodes: 4039
	Number of allocated nodes: 4096
	Number of edges: 88234
	Maximum in degree: 251 (node 1888)
	Maximum out degree: 1043 (node 107)

Execution time and memory used at before starting main computation: 6.100000e-01 seconds, 17674240 bytes of memory usage, 17776 kB of memory peak and 00:01 elapsed time
Statistics on the network before starting main computation
	Number of nodes: 4039
	Number of allocated nodes: 4096
	Number of edges: 88234
	Maximum in degree: 251 (node 1888)
	Maximum out degree: 1043 (node 107)
	source 107 (node 107) with out degree 1043
	target 1373 (node 1888) with in degree 251

Execution time and memory used at after iteration 1 (MF = 72.071097): 4.270000e+00 seconds, 94679040 bytes of memory usage, 113828 kB of memory peak and 00:04 elapsed time
Statistics on the network after iteration 1 (MF = 72.071097)
	Number of nodes: 4039
	Number of allocated nodes: 4096
	Number of edges: 88234
	Maximum in degree: 251 (node 1888)
	Maximum out degree: 1043 (node 107)
	source 107 (node 107) with out degree 1043
	target 1373 (node 1888) with in degree 251

Execution time and memory used at after iteration 2 (MF = 39.481453): 5.280000e+00 seconds, 94679040 bytes of memory usage, 113904 kB of memory peak and 00:06 elapsed time
Statistics on the network after iteration 2 (MF = 39.481453)
	Number of nodes: 4039
	Number of allocated nodes: 4096
	Number of edges: 88234
	Maximum in degree: 251 (node 1888)
	Maximum out degree: 1043 (node 107)
	source 107 (node 107) with out degree 1043
	target 1373 (node 1888) with in degree 251
