Version 1.2 launched as -e 0.1 12 input/Oregon-2.html/oregon2_010428.txt.gz 23


Execution time and memory used at after reading from file: 6.800000e-01 seconds, 16838656 bytes of memory usage, 16480 kB of memory peak and 00:01 elapsed time
Statistics on the network after reading from file
	Number of nodes: 11113
	Number of allocated nodes: 11264
	Number of edges: 31435
	Maximum in degree: 238 (node 6461)
	Maximum out degree: 2358 (node 701)

Execution time and memory used at after adding costs: 6.800000e-01 seconds, 16838656 bytes of memory usage, 16480 kB of memory peak and 00:01 elapsed time
Statistics on the network after adding costs
	Number of nodes: 11113
	Number of allocated nodes: 11264
	Number of edges: 31435
	Maximum in degree: 238 (node 6461)
	Maximum out degree: 2358 (node 701)

Execution time and memory used at before starting main computation: 6.900000e-01 seconds, 16838656 bytes of memory usage, 16960 kB of memory peak and 00:01 elapsed time
Statistics on the network before starting main computation
	Number of nodes: 11113
	Number of allocated nodes: 11264
	Number of edges: 31435
	Maximum in degree: 238 (node 6461)
	Maximum out degree: 2358 (node 701)
	source 1598 (node 701) with out degree 2358
	target 4 (node 6461) with in degree 238

Execution time and memory used at after iteration 1 (MF = 44.971880): 5.140000e+00 seconds, 42868736 bytes of memory usage, 52168 kB of memory peak and 00:06 elapsed time
Statistics on the network after iteration 1 (MF = 44.971880)
	Number of nodes: 11113
	Number of allocated nodes: 11264
	Number of edges: 31435
	Maximum in degree: 238 (node 6461)
	Maximum out degree: 2358 (node 701)
	source 1598 (node 701) with out degree 2358
	target 4 (node 6461) with in degree 238

Execution time and memory used at after iteration 2 (MF = 26.724961): 5.730000e+00 seconds, 42934272 bytes of memory usage, 52244 kB of memory peak and 00:06 elapsed time
Statistics on the network after iteration 2 (MF = 26.724961)
	Number of nodes: 11113
	Number of allocated nodes: 11264
	Number of edges: 31435
	Maximum in degree: 238 (node 6461)
	Maximum out degree: 2358 (node 701)
	source 1598 (node 701) with out degree 2358
	target 4 (node 6461) with in degree 238

Execution time and memory used at after iteration 3 (MF = 36.483821): 2.134000e+01 seconds, 57315328 bytes of memory usage, 59960 kB of memory peak and 00:22 elapsed time
Statistics on the network after iteration 3 (MF = 36.483821)
	Number of nodes: 11113
	Number of allocated nodes: 11264
	Number of edges: 31435
	Maximum in degree: 238 (node 6461)
	Maximum out degree: 2358 (node 701)
	source 1598 (node 701) with out degree 2358
	target 4 (node 6461) with in degree 238

Execution time and memory used at after iteration 4 (MF = 38.169877): 3.018000e+01 seconds, 57139200 bytes of memory usage, 62876 kB of memory peak and 00:31 elapsed time
Statistics on the network after iteration 4 (MF = 38.169877)
	Number of nodes: 11113
	Number of allocated nodes: 11264
	Number of edges: 31435
	Maximum in degree: 238 (node 6461)
	Maximum out degree: 2358 (node 701)
	source 1598 (node 701) with out degree 2358
	target 4 (node 6461) with in degree 238

Execution time and memory used at after iteration 5 (MF = 35.724576): 3.267000e+01 seconds, 57626624 bytes of memory usage, 65840 kB of memory peak and 00:33 elapsed time
Statistics on the network after iteration 5 (MF = 35.724576)
	Number of nodes: 11113
	Number of allocated nodes: 11264
	Number of edges: 31435
	Maximum in degree: 238 (node 6461)
	Maximum out degree: 2358 (node 701)
	source 1598 (node 701) with out degree 2358
	target 4 (node 6461) with in degree 238

Execution time and memory used at after iteration 6 (MF = 36.609784): 4.598000e+01 seconds, 57532416 bytes of memory usage, 65840 kB of memory peak and 00:46 elapsed time
Statistics on the network after iteration 6 (MF = 36.609784)
	Number of nodes: 11113
	Number of allocated nodes: 11264
	Number of edges: 31435
	Maximum in degree: 238 (node 6461)
	Maximum out degree: 2358 (node 701)
	source 1598 (node 701) with out degree 2358
	target 4 (node 6461) with in degree 238

Execution time and memory used at after iteration 7 (MF = 34.714176): 2.433600e+02 seconds, 57782272 bytes of memory usage, 73748 kB of memory peak and 04:04 elapsed time
Statistics on the network after iteration 7 (MF = 34.714176)
	Number of nodes: 11113
	Number of allocated nodes: 11264
	Number of edges: 31435
	Maximum in degree: 238 (node 6461)
	Maximum out degree: 2358 (node 701)
	source 1598 (node 701) with out degree 2358
	target 4 (node 6461) with in degree 238

Execution time and memory used at after iteration 8 (MF = 35.955316): 2.474900e+02 seconds, 57507840 bytes of memory usage, 73748 kB of memory peak and 04:08 elapsed time
Statistics on the network after iteration 8 (MF = 35.955316)
	Number of nodes: 11113
	Number of allocated nodes: 11264
	Number of edges: 31435
	Maximum in degree: 238 (node 6461)
	Maximum out degree: 2358 (node 701)
	source 1598 (node 701) with out degree 2358
	target 4 (node 6461) with in degree 238

Execution time and memory used at after iteration 9 (MF = 34.400231): 2.679200e+02 seconds, 57933824 bytes of memory usage, 73748 kB of memory peak and 04:28 elapsed time
Statistics on the network after iteration 9 (MF = 34.400231)
	Number of nodes: 11113
	Number of allocated nodes: 11264
	Number of edges: 31435
	Maximum in degree: 238 (node 6461)
	Maximum out degree: 2358 (node 701)
	source 1598 (node 701) with out degree 2358
	target 4 (node 6461) with in degree 238

Execution time and memory used at after iteration 10 (MF = 35.315100): 2.857300e+02 seconds, 59510784 bytes of memory usage, 73748 kB of memory peak and 04:46 elapsed time
Statistics on the network after iteration 10 (MF = 35.315100)
	Number of nodes: 11113
	Number of allocated nodes: 11264
	Number of edges: 31435
	Maximum in degree: 238 (node 6461)
	Maximum out degree: 2358 (node 701)
	source 1598 (node 701) with out degree 2358
	target 4 (node 6461) with in degree 238

Execution time and memory used at after iteration 11 (MF = 34.649461): 3.730900e+02 seconds, 59006976 bytes of memory usage, 73748 kB of memory peak and 06:14 elapsed time
Statistics on the network after iteration 11 (MF = 34.649461)
	Number of nodes: 11113
	Number of allocated nodes: 11264
	Number of edges: 31435
	Maximum in degree: 238 (node 6461)
	Maximum out degree: 2358 (node 701)
	source 1598 (node 701) with out degree 2358
	target 4 (node 6461) with in degree 238

Execution time and memory used at after iteration 12 (MF = 35.050847): 4.055300e+02 seconds, 59006976 bytes of memory usage, 74504 kB of memory peak and 06:46 elapsed time
Statistics on the network after iteration 12 (MF = 35.050847)
	Number of nodes: 11113
	Number of allocated nodes: 11264
	Number of edges: 31435
	Maximum in degree: 238 (node 6461)
	Maximum out degree: 2358 (node 701)
	source 1598 (node 701) with out degree 2358
	target 4 (node 6461) with in degree 238

Execution time and memory used at after iteration 13 (MF = 34.405624): 4.332300e+02 seconds, 59846656 bytes of memory usage, 74504 kB of memory peak and 07:14 elapsed time
Statistics on the network after iteration 13 (MF = 34.405624)
	Number of nodes: 11113
	Number of allocated nodes: 11264
	Number of edges: 31435
	Maximum in degree: 238 (node 6461)
	Maximum out degree: 2358 (node 701)
	source 1598 (node 701) with out degree 2358
	target 4 (node 6461) with in degree 238

Execution time and memory used at after iteration 14 (MF = 33.497304): 4.507900e+02 seconds, 60051456 bytes of memory usage, 74504 kB of memory peak and 07:31 elapsed time
Statistics on the network after iteration 14 (MF = 33.497304)
	Number of nodes: 11113
	Number of allocated nodes: 11264
	Number of edges: 31435
	Maximum in degree: 238 (node 6461)
	Maximum out degree: 2358 (node 701)
	source 1598 (node 701) with out degree 2358
	target 4 (node 6461) with in degree 238

Execution time and memory used at after iteration 15 (MF = 34.002311): 6.653300e+02 seconds, 59691008 bytes of memory usage, 74504 kB of memory peak and 11:06 elapsed time
Statistics on the network after iteration 15 (MF = 34.002311)
	Number of nodes: 11113
	Number of allocated nodes: 11264
	Number of edges: 31435
	Maximum in degree: 238 (node 6461)
	Maximum out degree: 2358 (node 701)
	source 1598 (node 701) with out degree 2358
	target 4 (node 6461) with in degree 238

Execution time and memory used at after iteration 16 (MF = 35.800077): 7.424600e+02 seconds, 59006976 bytes of memory usage, 75960 kB of memory peak and 12:23 elapsed time
Statistics on the network after iteration 16 (MF = 35.800077)
	Number of nodes: 11113
	Number of allocated nodes: 11264
	Number of edges: 31435
	Maximum in degree: 238 (node 6461)
	Maximum out degree: 2358 (node 701)
	source 1598 (node 701) with out degree 2358
	target 4 (node 6461) with in degree 238

Execution time and memory used at after iteration 17 (MF = 34.957627): 8.060400e+02 seconds, 59006976 bytes of memory usage, 96328 kB of memory peak and 13:27 elapsed time
Statistics on the network after iteration 17 (MF = 34.957627)
	Number of nodes: 11113
	Number of allocated nodes: 11264
	Number of edges: 31435
	Maximum in degree: 238 (node 6461)
	Maximum out degree: 2358 (node 701)
	source 1598 (node 701) with out degree 2358
	target 4 (node 6461) with in degree 238

Execution time and memory used at after iteration 18 (MF = 34.074345): 1.157410e+03 seconds, 59006976 bytes of memory usage, 96328 kB of memory peak and 19:18 elapsed time
Statistics on the network after iteration 18 (MF = 34.074345)
	Number of nodes: 11113
	Number of allocated nodes: 11264
	Number of edges: 31435
	Maximum in degree: 238 (node 6461)
	Maximum out degree: 2358 (node 701)
	source 1598 (node 701) with out degree 2358
	target 4 (node 6461) with in degree 238

Execution time and memory used at after iteration 19 (MF = 35.681433): 1.537210e+03 seconds, 57577472 bytes of memory usage, 96328 kB of memory peak and 25:38 elapsed time
Statistics on the network after iteration 19 (MF = 35.681433)
	Number of nodes: 11113
	Number of allocated nodes: 11264
	Number of edges: 31435
	Maximum in degree: 238 (node 6461)
	Maximum out degree: 2358 (node 701)
	source 1598 (node 701) with out degree 2358
	target 4 (node 6461) with in degree 238

Execution time and memory used at after iteration 20 (MF = 34.183359): 1.664420e+03 seconds, 57577472 bytes of memory usage, 96328 kB of memory peak and 27:45 elapsed time
Statistics on the network after iteration 20 (MF = 34.183359)
	Number of nodes: 11113
	Number of allocated nodes: 11264
	Number of edges: 31435
	Maximum in degree: 238 (node 6461)
	Maximum out degree: 2358 (node 701)
	source 1598 (node 701) with out degree 2358
	target 4 (node 6461) with in degree 238

Execution time and memory used at after iteration 21 (MF = 35.670647): 2.439180e+03 seconds, 57577472 bytes of memory usage, 206372 kB of memory peak and 40:40 elapsed time
Statistics on the network after iteration 21 (MF = 35.670647)
	Number of nodes: 11113
	Number of allocated nodes: 11264
	Number of edges: 31435
	Maximum in degree: 238 (node 6461)
	Maximum out degree: 2358 (node 701)
	source 1598 (node 701) with out degree 2358
	target 4 (node 6461) with in degree 238

Execution time and memory used at after iteration 22 (MF = 34.759245): 2.755240e+03 seconds, 66285568 bytes of memory usage, 206372 kB of memory peak and 45:56 elapsed time
Statistics on the network after iteration 22 (MF = 34.759245)
	Number of nodes: 11113
	Number of allocated nodes: 11264
	Number of edges: 31435
	Maximum in degree: 238 (node 6461)
	Maximum out degree: 2358 (node 701)
	source 1598 (node 701) with out degree 2358
	target 4 (node 6461) with in degree 238

Execution time and memory used at after iteration 23 (MF = 34.638675): 3.011530e+03 seconds, 66285568 bytes of memory usage, 206372 kB of memory peak and 50:13 elapsed time
Statistics on the network after iteration 23 (MF = 34.638675)
	Number of nodes: 11113
	Number of allocated nodes: 11264
	Number of edges: 31435
	Maximum in degree: 238 (node 6461)
	Maximum out degree: 2358 (node 701)
	source 1598 (node 701) with out degree 2358
	target 4 (node 6461) with in degree 238

Execution time and memory used at after iteration 24 (MF = 33.335901): 3.369330e+03 seconds, 73940992 bytes of memory usage, 206372 kB of memory peak and 56:11 elapsed time
Statistics on the network after iteration 24 (MF = 33.335901)
	Number of nodes: 11113
	Number of allocated nodes: 11264
	Number of edges: 31435
	Maximum in degree: 238 (node 6461)
	Maximum out degree: 2358 (node 701)
	source 1598 (node 701) with out degree 2358
	target 4 (node 6461) with in degree 238

Execution time and memory used at after iteration 25 (MF = 35.778505): 3.741630e+03 seconds, 73940992 bytes of memory usage, 206372 kB of memory peak and 01:02:23 elapsed time
Statistics on the network after iteration 25 (MF = 35.778505)
	Number of nodes: 11113
	Number of allocated nodes: 11264
	Number of edges: 31435
	Maximum in degree: 238 (node 6461)
	Maximum out degree: 2358 (node 701)
	source 1598 (node 701) with out degree 2358
	target 4 (node 6461) with in degree 238

Execution time and memory used at after iteration 26 (MF = 35.271957): 4.534960e+03 seconds, 74547200 bytes of memory usage, 206372 kB of memory peak and 01:15:36 elapsed time
Statistics on the network after iteration 26 (MF = 35.271957)
	Number of nodes: 11113
	Number of allocated nodes: 11264
	Number of edges: 31435
	Maximum in degree: 238 (node 6461)
	Maximum out degree: 2358 (node 701)
	source 1598 (node 701) with out degree 2358
	target 4 (node 6461) with in degree 238

Execution time and memory used at after iteration 27 (MF = 33.206471): 4.623540e+03 seconds, 73940992 bytes of memory usage, 206372 kB of memory peak and 01:17:05 elapsed time
Statistics on the network after iteration 27 (MF = 33.206471)
	Number of nodes: 11113
	Number of allocated nodes: 11264
	Number of edges: 31435
	Maximum in degree: 238 (node 6461)
	Maximum out degree: 2358 (node 701)
	source 1598 (node 701) with out degree 2358
	target 4 (node 6461) with in degree 238

Execution time and memory used at after iteration 28 (MF = 33.647149): 4.674060e+03 seconds, 74686464 bytes of memory usage, 206372 kB of memory peak and 01:17:56 elapsed time
Statistics on the network after iteration 28 (MF = 33.647149)
	Number of nodes: 11113
	Number of allocated nodes: 11264
	Number of edges: 31435
	Maximum in degree: 238 (node 6461)
	Maximum out degree: 2358 (node 701)
	source 1598 (node 701) with out degree 2358
	target 4 (node 6461) with in degree 238

Execution time and memory used at after iteration 29 (MF = 35.058552): 4.825020e+03 seconds, 73940992 bytes of memory usage, 206372 kB of memory peak and 01:20:27 elapsed time
Statistics on the network after iteration 29 (MF = 35.058552)
	Number of nodes: 11113
	Number of allocated nodes: 11264
	Number of edges: 31435
	Maximum in degree: 238 (node 6461)
	Maximum out degree: 2358 (node 701)
	source 1598 (node 701) with out degree 2358
	target 4 (node 6461) with in degree 238

Execution time and memory used at after iteration 30 (MF = 35.128274): 5.022460e+03 seconds, 73940992 bytes of memory usage, 206372 kB of memory peak and 01:23:44 elapsed time
Statistics on the network after iteration 30 (MF = 35.128274)
	Number of nodes: 11113
	Number of allocated nodes: 11264
	Number of edges: 31435
	Maximum in degree: 238 (node 6461)
	Maximum out degree: 2358 (node 701)
	source 1598 (node 701) with out degree 2358
	target 4 (node 6461) with in degree 238

Execution time and memory used at after iteration 31 (MF = 35.210324): 5.181110e+03 seconds, 73940992 bytes of memory usage, 206372 kB of memory peak and 01:26:23 elapsed time
Statistics on the network after iteration 31 (MF = 35.210324)
	Number of nodes: 11113
	Number of allocated nodes: 11264
	Number of edges: 31435
	Maximum in degree: 238 (node 6461)
	Maximum out degree: 2358 (node 701)
	source 1598 (node 701) with out degree 2358
	target 4 (node 6461) with in degree 238

Execution time and memory used at after iteration 32 (MF = 35.922573): 5.324990e+03 seconds, 73940992 bytes of memory usage, 206372 kB of memory peak and 01:28:47 elapsed time
Statistics on the network after iteration 32 (MF = 35.922573)
	Number of nodes: 11113
	Number of allocated nodes: 11264
	Number of edges: 31435
	Maximum in degree: 238 (node 6461)
	Maximum out degree: 2358 (node 701)
	source 1598 (node 701) with out degree 2358
	target 4 (node 6461) with in degree 238

Execution time and memory used at after iteration 33 (MF = 34.815100): 5.606190e+03 seconds, 75382784 bytes of memory usage, 206372 kB of memory peak and 01:33:28 elapsed time
Statistics on the network after iteration 33 (MF = 34.815100)
	Number of nodes: 11113
	Number of allocated nodes: 11264
	Number of edges: 31435
	Maximum in degree: 238 (node 6461)
	Maximum out degree: 2358 (node 701)
	source 1598 (node 701) with out degree 2358
	target 4 (node 6461) with in degree 238

Execution time and memory used at after iteration 34 (MF = 35.523883): 5.841300e+03 seconds, 80519168 bytes of memory usage, 206372 kB of memory peak and 01:37:23 elapsed time
Statistics on the network after iteration 34 (MF = 35.523883)
	Number of nodes: 11113
	Number of allocated nodes: 11264
	Number of edges: 31435
	Maximum in degree: 238 (node 6461)
	Maximum out degree: 2358 (node 701)
	source 1598 (node 701) with out degree 2358
	target 4 (node 6461) with in degree 238

Execution time and memory used at after iteration 35 (MF = 33.173344): 6.034990e+03 seconds, 80519168 bytes of memory usage, 206372 kB of memory peak and 01:40:37 elapsed time
Statistics on the network after iteration 35 (MF = 33.173344)
	Number of nodes: 11113
	Number of allocated nodes: 11264
	Number of edges: 31435
	Maximum in degree: 238 (node 6461)
	Maximum out degree: 2358 (node 701)
	source 1598 (node 701) with out degree 2358
	target 4 (node 6461) with in degree 238

Execution time and memory used at after iteration 36 (MF = 36.000385): 6.324580e+03 seconds, 82341888 bytes of memory usage, 206372 kB of memory peak and 01:45:26 elapsed time
Statistics on the network after iteration 36 (MF = 36.000385)
	Number of nodes: 11113
	Number of allocated nodes: 11264
	Number of edges: 31435
	Maximum in degree: 238 (node 6461)
	Maximum out degree: 2358 (node 701)
	source 1598 (node 701) with out degree 2358
	target 4 (node 6461) with in degree 238

Execution time and memory used at after iteration 37 (MF = 35.365948): 6.606880e+03 seconds, 80519168 bytes of memory usage, 206372 kB of memory peak and 01:50:09 elapsed time
Statistics on the network after iteration 37 (MF = 35.365948)
	Number of nodes: 11113
	Number of allocated nodes: 11264
	Number of edges: 31435
	Maximum in degree: 238 (node 6461)
	Maximum out degree: 2358 (node 701)
	source 1598 (node 701) with out degree 2358
	target 4 (node 6461) with in degree 238

Execution time and memory used at after iteration 38 (MF = 32.964946): 6.976990e+03 seconds, 80519168 bytes of memory usage, 206372 kB of memory peak and 01:56:19 elapsed time
Statistics on the network after iteration 38 (MF = 32.964946)
	Number of nodes: 11113
	Number of allocated nodes: 11264
	Number of edges: 31435
	Maximum in degree: 238 (node 6461)
	Maximum out degree: 2358 (node 701)
	source 1598 (node 701) with out degree 2358
	target 4 (node 6461) with in degree 238

Execution time and memory used at after iteration 39 (MF = 35.453005): 7.428950e+03 seconds, 80519168 bytes of memory usage, 206372 kB of memory peak and 02:03:51 elapsed time
Statistics on the network after iteration 39 (MF = 35.453005)
	Number of nodes: 11113
	Number of allocated nodes: 11264
	Number of edges: 31435
	Maximum in degree: 238 (node 6461)
	Maximum out degree: 2358 (node 701)
	source 1598 (node 701) with out degree 2358
	target 4 (node 6461) with in degree 238

Execution time and memory used at after iteration 40 (MF = 33.634052): 7.998820e+03 seconds, 81297408 bytes of memory usage, 206372 kB of memory peak and 02:13:21 elapsed time
Statistics on the network after iteration 40 (MF = 33.634052)
	Number of nodes: 11113
	Number of allocated nodes: 11264
	Number of edges: 31435
	Maximum in degree: 238 (node 6461)
	Maximum out degree: 2358 (node 701)
	source 1598 (node 701) with out degree 2358
	target 4 (node 6461) with in degree 238

Execution time and memory used at after iteration 41 (MF = 33.802388): 8.850730e+03 seconds, 81981440 bytes of memory usage, 206372 kB of memory peak and 02:27:33 elapsed time
Statistics on the network after iteration 41 (MF = 33.802388)
	Number of nodes: 11113
	Number of allocated nodes: 11264
	Number of edges: 31435
	Maximum in degree: 238 (node 6461)
	Maximum out degree: 2358 (node 701)
	source 1598 (node 701) with out degree 2358
	target 4 (node 6461) with in degree 238

Execution time and memory used at after iteration 42 (MF = 35.536980): 9.693970e+03 seconds, 81580032 bytes of memory usage, 206372 kB of memory peak and 02:41:37 elapsed time
Statistics on the network after iteration 42 (MF = 35.536980)
	Number of nodes: 11113
	Number of allocated nodes: 11264
	Number of edges: 31435
	Maximum in degree: 238 (node 6461)
	Maximum out degree: 2358 (node 701)
	source 1598 (node 701) with out degree 2358
	target 4 (node 6461) with in degree 238

Execution time and memory used at after iteration 43 (MF = 35.200308): 1.042532e+04 seconds, 81371136 bytes of memory usage, 206372 kB of memory peak and 02:53:48 elapsed time
Statistics on the network after iteration 43 (MF = 35.200308)
	Number of nodes: 11113
	Number of allocated nodes: 11264
	Number of edges: 31435
	Maximum in degree: 238 (node 6461)
	Maximum out degree: 2358 (node 701)
	source 1598 (node 701) with out degree 2358
	target 4 (node 6461) with in degree 238

Execution time and memory used at after iteration 44 (MF = 34.580508): 1.107862e+04 seconds, 81928192 bytes of memory usage, 206372 kB of memory peak and 03:04:41 elapsed time
Statistics on the network after iteration 44 (MF = 34.580508)
	Number of nodes: 11113
	Number of allocated nodes: 11264
	Number of edges: 31435
	Maximum in degree: 238 (node 6461)
	Maximum out degree: 2358 (node 701)
	source 1598 (node 701) with out degree 2358
	target 4 (node 6461) with in degree 238

Execution time and memory used at after iteration 45 (MF = 33.453005): 1.187549e+04 seconds, 81371136 bytes of memory usage, 206372 kB of memory peak and 03:17:58 elapsed time
Statistics on the network after iteration 45 (MF = 33.453005)
	Number of nodes: 11113
	Number of allocated nodes: 11264
	Number of edges: 31435
	Maximum in degree: 238 (node 6461)
	Maximum out degree: 2358 (node 701)
	source 1598 (node 701) with out degree 2358
	target 4 (node 6461) with in degree 238

Execution time and memory used at after iteration 46 (MF = 36.449923): 1.277034e+04 seconds, 81371136 bytes of memory usage, 206372 kB of memory peak and 03:32:53 elapsed time
Statistics on the network after iteration 46 (MF = 36.449923)
	Number of nodes: 11113
	Number of allocated nodes: 11264
	Number of edges: 31435
	Maximum in degree: 238 (node 6461)
	Maximum out degree: 2358 (node 701)
	source 1598 (node 701) with out degree 2358
	target 4 (node 6461) with in degree 238

Execution time and memory used at after iteration 47 (MF = 36.223806): 1.372217e+04 seconds, 81371136 bytes of memory usage, 206372 kB of memory peak and 03:48:45 elapsed time
Statistics on the network after iteration 47 (MF = 36.223806)
	Number of nodes: 11113
	Number of allocated nodes: 11264
	Number of edges: 31435
	Maximum in degree: 238 (node 6461)
	Maximum out degree: 2358 (node 701)
	source 1598 (node 701) with out degree 2358
	target 4 (node 6461) with in degree 238

Execution time and memory used at after iteration 48 (MF = 35.199153): 1.481271e+04 seconds, 81371136 bytes of memory usage, 206372 kB of memory peak and 04:06:56 elapsed time
Statistics on the network after iteration 48 (MF = 35.199153)
	Number of nodes: 11113
	Number of allocated nodes: 11264
	Number of edges: 31435
	Maximum in degree: 238 (node 6461)
	Maximum out degree: 2358 (node 701)
	source 1598 (node 701) with out degree 2358
	target 4 (node 6461) with in degree 238

Execution time and memory used at after iteration 49 (MF = 35.143297): 1.631423e+04 seconds, 81371136 bytes of memory usage, 206372 kB of memory peak and 04:31:57 elapsed time
Statistics on the network after iteration 49 (MF = 35.143297)
	Number of nodes: 11113
	Number of allocated nodes: 11264
	Number of edges: 31435
	Maximum in degree: 238 (node 6461)
	Maximum out degree: 2358 (node 701)
	source 1598 (node 701) with out degree 2358
	target 4 (node 6461) with in degree 238

Execution time and memory used at after iteration 50 (MF = 34.598998): 1.784939e+04 seconds, 81371136 bytes of memory usage, 206372 kB of memory peak and 04:57:33 elapsed time
Statistics on the network after iteration 50 (MF = 34.598998)
	Number of nodes: 11113
	Number of allocated nodes: 11264
	Number of edges: 31435
	Maximum in degree: 238 (node 6461)
	Maximum out degree: 2358 (node 701)
	source 1598 (node 701) with out degree 2358
	target 4 (node 6461) with in degree 238

Execution time and memory used at after iteration 51 (MF = 35.751926): 1.948062e+04 seconds, 81371136 bytes of memory usage, 206372 kB of memory peak and 05:24:44 elapsed time
Statistics on the network after iteration 51 (MF = 35.751926)
	Number of nodes: 11113
	Number of allocated nodes: 11264
	Number of edges: 31435
	Maximum in degree: 238 (node 6461)
	Maximum out degree: 2358 (node 701)
	source 1598 (node 701) with out degree 2358
	target 4 (node 6461) with in degree 238

Execution time and memory used at after iteration 52 (MF = 36.913328): 2.112797e+04 seconds, 81371136 bytes of memory usage, 206372 kB of memory peak and 05:52:12 elapsed time
Statistics on the network after iteration 52 (MF = 36.913328)
	Number of nodes: 11113
	Number of allocated nodes: 11264
	Number of edges: 31435
	Maximum in degree: 238 (node 6461)
	Maximum out degree: 2358 (node 701)
	source 1598 (node 701) with out degree 2358
	target 4 (node 6461) with in degree 238

Execution time and memory used at after iteration 53 (MF = 34.592450): 2.266206e+04 seconds, 81371136 bytes of memory usage, 206372 kB of memory peak and 06:17:46 elapsed time
Statistics on the network after iteration 53 (MF = 34.592450)
	Number of nodes: 11113
	Number of allocated nodes: 11264
	Number of edges: 31435
	Maximum in degree: 238 (node 6461)
	Maximum out degree: 2358 (node 701)
	source 1598 (node 701) with out degree 2358
	target 4 (node 6461) with in degree 238

Execution time and memory used at after iteration 54 (MF = 35.486518): 2.424841e+04 seconds, 81371136 bytes of memory usage, 206372 kB of memory peak and 06:44:12 elapsed time
Statistics on the network after iteration 54 (MF = 35.486518)
	Number of nodes: 11113
	Number of allocated nodes: 11264
	Number of edges: 31435
	Maximum in degree: 238 (node 6461)
	Maximum out degree: 2358 (node 701)
	source 1598 (node 701) with out degree 2358
	target 4 (node 6461) with in degree 238

Execution time and memory used at after iteration 55 (MF = 36.115177): 2.610402e+04 seconds, 81371136 bytes of memory usage, 206372 kB of memory peak and 07:15:08 elapsed time
Statistics on the network after iteration 55 (MF = 36.115177)
	Number of nodes: 11113
	Number of allocated nodes: 11264
	Number of edges: 31435
	Maximum in degree: 238 (node 6461)
	Maximum out degree: 2358 (node 701)
	source 1598 (node 701) with out degree 2358
	target 4 (node 6461) with in degree 238

Execution time and memory used at after iteration 56 (MF = 35.800847): 2.801816e+04 seconds, 81371136 bytes of memory usage, 206372 kB of memory peak and 07:47:02 elapsed time
Statistics on the network after iteration 56 (MF = 35.800847)
	Number of nodes: 11113
	Number of allocated nodes: 11264
	Number of edges: 31435
	Maximum in degree: 238 (node 6461)
	Maximum out degree: 2358 (node 701)
	source 1598 (node 701) with out degree 2358
	target 4 (node 6461) with in degree 238

Execution time and memory used at after iteration 57 (MF = 34.491140): 3.007891e+04 seconds, 81371136 bytes of memory usage, 206372 kB of memory peak and 08:21:23 elapsed time
Statistics on the network after iteration 57 (MF = 34.491140)
	Number of nodes: 11113
	Number of allocated nodes: 11264
	Number of edges: 31435
	Maximum in degree: 238 (node 6461)
	Maximum out degree: 2358 (node 701)
	source 1598 (node 701) with out degree 2358
	target 4 (node 6461) with in degree 238

Execution time and memory used at after iteration 58 (MF = 36.059322): 3.228328e+04 seconds, 81371136 bytes of memory usage, 206372 kB of memory peak and 08:58:08 elapsed time
Statistics on the network after iteration 58 (MF = 36.059322)
	Number of nodes: 11113
	Number of allocated nodes: 11264
	Number of edges: 31435
	Maximum in degree: 238 (node 6461)
	Maximum out degree: 2358 (node 701)
	source 1598 (node 701) with out degree 2358
	target 4 (node 6461) with in degree 238

Execution time and memory used at after iteration 59 (MF = 35.141757): 3.471314e+04 seconds, 81371136 bytes of memory usage, 206372 kB of memory peak and 09:38:38 elapsed time
Statistics on the network after iteration 59 (MF = 35.141757)
	Number of nodes: 11113
	Number of allocated nodes: 11264
	Number of edges: 31435
	Maximum in degree: 238 (node 6461)
	Maximum out degree: 2358 (node 701)
	source 1598 (node 701) with out degree 2358
	target 4 (node 6461) with in degree 238

Execution time and memory used at after iteration 60 (MF = 33.613636): 3.699893e+04 seconds, 81371136 bytes of memory usage, 206372 kB of memory peak and 10:16:44 elapsed time
Statistics on the network after iteration 60 (MF = 33.613636)
	Number of nodes: 11113
	Number of allocated nodes: 11264
	Number of edges: 31435
	Maximum in degree: 238 (node 6461)
	Maximum out degree: 2358 (node 701)
	source 1598 (node 701) with out degree 2358
	target 4 (node 6461) with in degree 238

Execution time and memory used at after iteration 61 (MF = 35.955316): 3.955875e+04 seconds, 81371136 bytes of memory usage, 206372 kB of memory peak and 10:59:24 elapsed time
Statistics on the network after iteration 61 (MF = 35.955316)
	Number of nodes: 11113
	Number of allocated nodes: 11264
	Number of edges: 31435
	Maximum in degree: 238 (node 6461)
	Maximum out degree: 2358 (node 701)
	source 1598 (node 701) with out degree 2358
	target 4 (node 6461) with in degree 238

Execution time and memory used at after iteration 62 (MF = 34.759245): 4.159384e+04 seconds, 81371136 bytes of memory usage, 206372 kB of memory peak and 11:33:19 elapsed time
Statistics on the network after iteration 62 (MF = 34.759245)
	Number of nodes: 11113
	Number of allocated nodes: 11264
	Number of edges: 31435
	Maximum in degree: 238 (node 6461)
	Maximum out degree: 2358 (node 701)
	source 1598 (node 701) with out degree 2358
	target 4 (node 6461) with in degree 238

Execution time and memory used at after iteration 63 (MF = 34.000000): 4.361987e+04 seconds, 81371136 bytes of memory usage, 206372 kB of memory peak and 12:07:06 elapsed time
Statistics on the network after iteration 63 (MF = 34.000000)
	Number of nodes: 11113
	Number of allocated nodes: 11264
	Number of edges: 31435
	Maximum in degree: 238 (node 6461)
	Maximum out degree: 2358 (node 701)
	source 1598 (node 701) with out degree 2358
	target 4 (node 6461) with in degree 238

Execution time and memory used at after iteration 64 (MF = 35.160632): 4.567287e+04 seconds, 81371136 bytes of memory usage, 206372 kB of memory peak and 12:41:19 elapsed time
Statistics on the network after iteration 64 (MF = 35.160632)
	Number of nodes: 11113
	Number of allocated nodes: 11264
	Number of edges: 31435
	Maximum in degree: 238 (node 6461)
	Maximum out degree: 2358 (node 701)
	source 1598 (node 701) with out degree 2358
	target 4 (node 6461) with in degree 238

Execution time and memory used at after iteration 65 (MF = 36.429122): 4.806038e+04 seconds, 81371136 bytes of memory usage, 206372 kB of memory peak and 13:21:06 elapsed time
Statistics on the network after iteration 65 (MF = 36.429122)
	Number of nodes: 11113
	Number of allocated nodes: 11264
	Number of edges: 31435
	Maximum in degree: 238 (node 6461)
	Maximum out degree: 2358 (node 701)
	source 1598 (node 701) with out degree 2358
	target 4 (node 6461) with in degree 238

Execution time and memory used at after iteration 66 (MF = 33.702619): 4.990446e+04 seconds, 81371136 bytes of memory usage, 206372 kB of memory peak and 13:51:51 elapsed time
Statistics on the network after iteration 66 (MF = 33.702619)
	Number of nodes: 11113
	Number of allocated nodes: 11264
	Number of edges: 31435
	Maximum in degree: 238 (node 6461)
	Maximum out degree: 2358 (node 701)
	source 1598 (node 701) with out degree 2358
	target 4 (node 6461) with in degree 238

Execution time and memory used at after iteration 67 (MF = 33.368644): 5.168935e+04 seconds, 81371136 bytes of memory usage, 206372 kB of memory peak and 14:21:36 elapsed time
Statistics on the network after iteration 67 (MF = 33.368644)
	Number of nodes: 11113
	Number of allocated nodes: 11264
	Number of edges: 31435
	Maximum in degree: 238 (node 6461)
	Maximum out degree: 2358 (node 701)
	source 1598 (node 701) with out degree 2358
	target 4 (node 6461) with in degree 238

Execution time and memory used at after iteration 68 (MF = 35.935670): 5.369573e+04 seconds, 81371136 bytes of memory usage, 206372 kB of memory peak and 14:55:02 elapsed time
Statistics on the network after iteration 68 (MF = 35.935670)
	Number of nodes: 11113
	Number of allocated nodes: 11264
	Number of edges: 31435
	Maximum in degree: 238 (node 6461)
	Maximum out degree: 2358 (node 701)
	source 1598 (node 701) with out degree 2358
	target 4 (node 6461) with in degree 238

Execution time and memory used at after iteration 69 (MF = 36.236133): 5.581166e+04 seconds, 84705280 bytes of memory usage, 206372 kB of memory peak and 15:30:19 elapsed time
Statistics on the network after iteration 69 (MF = 36.236133)
	Number of nodes: 11113
	Number of allocated nodes: 11264
	Number of edges: 31435
	Maximum in degree: 238 (node 6461)
	Maximum out degree: 2358 (node 701)
	source 1598 (node 701) with out degree 2358
	target 4 (node 6461) with in degree 238

Execution time and memory used at after iteration 70 (MF = 33.630971): 5.828173e+04 seconds, 81371136 bytes of memory usage, 243776 kB of memory peak and 16:11:29 elapsed time
Statistics on the network after iteration 70 (MF = 33.630971)
	Number of nodes: 11113
	Number of allocated nodes: 11264
	Number of edges: 31435
	Maximum in degree: 238 (node 6461)
	Maximum out degree: 2358 (node 701)
	source 1598 (node 701) with out degree 2358
	target 4 (node 6461) with in degree 238

Execution time and memory used at after iteration 71 (MF = 36.531202): 6.101155e+04 seconds, 81371136 bytes of memory usage, 243776 kB of memory peak and 16:56:59 elapsed time
Statistics on the network after iteration 71 (MF = 36.531202)
	Number of nodes: 11113
	Number of allocated nodes: 11264
	Number of edges: 31435
	Maximum in degree: 238 (node 6461)
	Maximum out degree: 2358 (node 701)
	source 1598 (node 701) with out degree 2358
	target 4 (node 6461) with in degree 238

Execution time and memory used at after iteration 72 (MF = 35.082820): 6.336356e+04 seconds, 81371136 bytes of memory usage, 243776 kB of memory peak and 17:36:11 elapsed time
Statistics on the network after iteration 72 (MF = 35.082820)
	Number of nodes: 11113
	Number of allocated nodes: 11264
	Number of edges: 31435
	Maximum in degree: 238 (node 6461)
	Maximum out degree: 2358 (node 701)
	source 1598 (node 701) with out degree 2358
	target 4 (node 6461) with in degree 238

Execution time and memory used at after iteration 73 (MF = 34.282357): 6.645469e+04 seconds, 82964480 bytes of memory usage, 243776 kB of memory peak and 18:27:42 elapsed time
Statistics on the network after iteration 73 (MF = 34.282357)
	Number of nodes: 11113
	Number of allocated nodes: 11264
	Number of edges: 31435
	Maximum in degree: 238 (node 6461)
	Maximum out degree: 2358 (node 701)
	source 1598 (node 701) with out degree 2358
	target 4 (node 6461) with in degree 238

Execution time and memory used at after iteration 74 (MF = 35.729584): 6.969042e+04 seconds, 83005440 bytes of memory usage, 243776 kB of memory peak and 19:21:38 elapsed time
Statistics on the network after iteration 74 (MF = 35.729584)
	Number of nodes: 11113
	Number of allocated nodes: 11264
	Number of edges: 31435
	Maximum in degree: 238 (node 6461)
	Maximum out degree: 2358 (node 701)
	source 1598 (node 701) with out degree 2358
	target 4 (node 6461) with in degree 238

Execution time and memory used at after iteration 75 (MF = 35.572804): 7.316620e+04 seconds, 81846272 bytes of memory usage, 243776 kB of memory peak and 20:19:34 elapsed time
Statistics on the network after iteration 75 (MF = 35.572804)
	Number of nodes: 11113
	Number of allocated nodes: 11264
	Number of edges: 31435
	Maximum in degree: 238 (node 6461)
	Maximum out degree: 2358 (node 701)
	source 1598 (node 701) with out degree 2358
	target 4 (node 6461) with in degree 238

Execution time and memory used at after iteration 76 (MF = 33.973035): 7.609745e+04 seconds, 81371136 bytes of memory usage, 243776 kB of memory peak and 21:08:25 elapsed time
Statistics on the network after iteration 76 (MF = 33.973035)
	Number of nodes: 11113
	Number of allocated nodes: 11264
	Number of edges: 31435
	Maximum in degree: 238 (node 6461)
	Maximum out degree: 2358 (node 701)
	source 1598 (node 701) with out degree 2358
	target 4 (node 6461) with in degree 238

Execution time and memory used at after iteration 77 (MF = 33.229199): 7.862206e+04 seconds, 81371136 bytes of memory usage, 243776 kB of memory peak and 21:50:30 elapsed time
Statistics on the network after iteration 77 (MF = 33.229199)
	Number of nodes: 11113
	Number of allocated nodes: 11264
	Number of edges: 31435
	Maximum in degree: 238 (node 6461)
	Maximum out degree: 2358 (node 701)
	source 1598 (node 701) with out degree 2358
	target 4 (node 6461) with in degree 238

Execution time and memory used at after iteration 78 (MF = 37.870185): 8.109200e+04 seconds, 81371136 bytes of memory usage, 243776 kB of memory peak and 22:31:40 elapsed time
Statistics on the network after iteration 78 (MF = 37.870185)
	Number of nodes: 11113
	Number of allocated nodes: 11264
	Number of edges: 31435
	Maximum in degree: 238 (node 6461)
	Maximum out degree: 2358 (node 701)
	source 1598 (node 701) with out degree 2358
	target 4 (node 6461) with in degree 238

Execution time and memory used at after iteration 79 (MF = 35.581279): 8.379518e+04 seconds, 81371136 bytes of memory usage, 243776 kB of memory peak and 23:16:44 elapsed time
Statistics on the network after iteration 79 (MF = 35.581279)
	Number of nodes: 11113
	Number of allocated nodes: 11264
	Number of edges: 31435
	Maximum in degree: 238 (node 6461)
	Maximum out degree: 2358 (node 701)
	source 1598 (node 701) with out degree 2358
	target 4 (node 6461) with in degree 238

Execution time and memory used at after iteration 80 (MF = 36.110940): 8.657049e+04 seconds, 81371136 bytes of memory usage, 243776 kB of memory peak and 1-00:02:59 elapsed time
Statistics on the network after iteration 80 (MF = 36.110940)
	Number of nodes: 11113
	Number of allocated nodes: 11264
	Number of edges: 31435
	Maximum in degree: 238 (node 6461)
	Maximum out degree: 2358 (node 701)
	source 1598 (node 701) with out degree 2358
	target 4 (node 6461) with in degree 238

Execution time and memory used at after iteration 81 (MF = 32.868259): 8.918569e+04 seconds, 81371136 bytes of memory usage, 243776 kB of memory peak and 1-00:46:35 elapsed time
Statistics on the network after iteration 81 (MF = 32.868259)
	Number of nodes: 11113
	Number of allocated nodes: 11264
	Number of edges: 31435
	Maximum in degree: 238 (node 6461)
	Maximum out degree: 2358 (node 701)
	source 1598 (node 701) with out degree 2358
	target 4 (node 6461) with in degree 238

Execution time and memory used at after iteration 82 (MF = 35.986133): 9.215021e+04 seconds, 81702912 bytes of memory usage, 243776 kB of memory peak and 1-01:36:00 elapsed time
Statistics on the network after iteration 82 (MF = 35.986133)
	Number of nodes: 11113
	Number of allocated nodes: 11264
	Number of edges: 31435
	Maximum in degree: 238 (node 6461)
	Maximum out degree: 2358 (node 701)
	source 1598 (node 701) with out degree 2358
	target 4 (node 6461) with in degree 238

Execution time and memory used at after iteration 83 (MF = 36.333590): 9.514216e+04 seconds, 81371136 bytes of memory usage, 243776 kB of memory peak and 1-02:25:52 elapsed time
Statistics on the network after iteration 83 (MF = 36.333590)
	Number of nodes: 11113
	Number of allocated nodes: 11264
	Number of edges: 31435
	Maximum in degree: 238 (node 6461)
	Maximum out degree: 2358 (node 701)
	source 1598 (node 701) with out degree 2358
	target 4 (node 6461) with in degree 238

Execution time and memory used at after iteration 84 (MF = 35.189522): 9.853048e+04 seconds, 81371136 bytes of memory usage, 243776 kB of memory peak and 1-03:22:20 elapsed time
Statistics on the network after iteration 84 (MF = 35.189522)
	Number of nodes: 11113
	Number of allocated nodes: 11264
	Number of edges: 31435
	Maximum in degree: 238 (node 6461)
	Maximum out degree: 2358 (node 701)
	source 1598 (node 701) with out degree 2358
	target 4 (node 6461) with in degree 238

Execution time and memory used at after iteration 85 (MF = 34.815871): 1.025231e+05 seconds, 81371136 bytes of memory usage, 243776 kB of memory peak and 1-04:28:53 elapsed time
Statistics on the network after iteration 85 (MF = 34.815871)
	Number of nodes: 11113
	Number of allocated nodes: 11264
	Number of edges: 31435
	Maximum in degree: 238 (node 6461)
	Maximum out degree: 2358 (node 701)
	source 1598 (node 701) with out degree 2358
	target 4 (node 6461) with in degree 238

Execution time and memory used at after iteration 86 (MF = 36.474191): 1.066970e+05 seconds, 81174528 bytes of memory usage, 243776 kB of memory peak and 1-05:38:27 elapsed time
Statistics on the network after iteration 86 (MF = 36.474191)
	Number of nodes: 11113
	Number of allocated nodes: 11264
	Number of edges: 31435
	Maximum in degree: 238 (node 6461)
	Maximum out degree: 2358 (node 701)
	source 1598 (node 701) with out degree 2358
	target 4 (node 6461) with in degree 238

Execution time and memory used at after iteration 87 (MF = 36.845146): 1.109659e+05 seconds, 81174528 bytes of memory usage, 243776 kB of memory peak and 1-06:49:37 elapsed time
Statistics on the network after iteration 87 (MF = 36.845146)
	Number of nodes: 11113
	Number of allocated nodes: 11264
	Number of edges: 31435
	Maximum in degree: 238 (node 6461)
	Maximum out degree: 2358 (node 701)
	source 1598 (node 701) with out degree 2358
	target 4 (node 6461) with in degree 238

Execution time and memory used at after iteration 88 (MF = 36.286980): 1.155533e+05 seconds, 81174528 bytes of memory usage, 243776 kB of memory peak and 1-08:06:04 elapsed time
Statistics on the network after iteration 88 (MF = 36.286980)
	Number of nodes: 11113
	Number of allocated nodes: 11264
	Number of edges: 31435
	Maximum in degree: 238 (node 6461)
	Maximum out degree: 2358 (node 701)
	source 1598 (node 701) with out degree 2358
	target 4 (node 6461) with in degree 238

Execution time and memory used at after iteration 89 (MF = 34.268875): 1.194447e+05 seconds, 81174528 bytes of memory usage, 243776 kB of memory peak and 1-09:10:56 elapsed time
Statistics on the network after iteration 89 (MF = 34.268875)
	Number of nodes: 11113
	Number of allocated nodes: 11264
	Number of edges: 31435
	Maximum in degree: 238 (node 6461)
	Maximum out degree: 2358 (node 701)
	source 1598 (node 701) with out degree 2358
	target 4 (node 6461) with in degree 238

Execution time and memory used at after iteration 90 (MF = 34.731510): 1.235892e+05 seconds, 81174528 bytes of memory usage, 243776 kB of memory peak and 1-10:20:01 elapsed time
Statistics on the network after iteration 90 (MF = 34.731510)
	Number of nodes: 11113
	Number of allocated nodes: 11264
	Number of edges: 31435
	Maximum in degree: 238 (node 6461)
	Maximum out degree: 2358 (node 701)
	source 1598 (node 701) with out degree 2358
	target 4 (node 6461) with in degree 238

Execution time and memory used at after iteration 91 (MF = 35.068567): 1.278658e+05 seconds, 83275776 bytes of memory usage, 243776 kB of memory peak and 1-11:31:17 elapsed time
Statistics on the network after iteration 91 (MF = 35.068567)
	Number of nodes: 11113
	Number of allocated nodes: 11264
	Number of edges: 31435
	Maximum in degree: 238 (node 6461)
	Maximum out degree: 2358 (node 701)
	source 1598 (node 701) with out degree 2358
	target 4 (node 6461) with in degree 238

Execution time and memory used at after iteration 92 (MF = 36.523498): 1.323594e+05 seconds, 83345408 bytes of memory usage, 243776 kB of memory peak and 1-12:46:11 elapsed time
Statistics on the network after iteration 92 (MF = 36.523498)
	Number of nodes: 11113
	Number of allocated nodes: 11264
	Number of edges: 31435
	Maximum in degree: 238 (node 6461)
	Maximum out degree: 2358 (node 701)
	source 1598 (node 701) with out degree 2358
	target 4 (node 6461) with in degree 238

Execution time and memory used at after iteration 93 (MF = 35.974191): 1.369216e+05 seconds, 83345408 bytes of memory usage, 243776 kB of memory peak and 1-14:02:13 elapsed time
Statistics on the network after iteration 93 (MF = 35.974191)
	Number of nodes: 11113
	Number of allocated nodes: 11264
	Number of edges: 31435
	Maximum in degree: 238 (node 6461)
	Maximum out degree: 2358 (node 701)
	source 1598 (node 701) with out degree 2358
	target 4 (node 6461) with in degree 238

Execution time and memory used at after iteration 94 (MF = 36.613636): 1.414756e+05 seconds, 83345408 bytes of memory usage, 243776 kB of memory peak and 1-15:18:08 elapsed time
Statistics on the network after iteration 94 (MF = 36.613636)
	Number of nodes: 11113
	Number of allocated nodes: 11264
	Number of edges: 31435
	Maximum in degree: 238 (node 6461)
	Maximum out degree: 2358 (node 701)
	source 1598 (node 701) with out degree 2358
	target 4 (node 6461) with in degree 238

Execution time and memory used at after iteration 95 (MF = 33.967643): 1.459985e+05 seconds, 83345408 bytes of memory usage, 243776 kB of memory peak and 1-16:33:31 elapsed time
Statistics on the network after iteration 95 (MF = 33.967643)
	Number of nodes: 11113
	Number of allocated nodes: 11264
	Number of edges: 31435
	Maximum in degree: 238 (node 6461)
	Maximum out degree: 2358 (node 701)
	source 1598 (node 701) with out degree 2358
	target 4 (node 6461) with in degree 238

Execution time and memory used at after iteration 96 (MF = 33.932589): 1.502415e+05 seconds, 83345408 bytes of memory usage, 427948 kB of memory peak and 1-17:44:14 elapsed time
Statistics on the network after iteration 96 (MF = 33.932589)
	Number of nodes: 11113
	Number of allocated nodes: 11264
	Number of edges: 31435
	Maximum in degree: 238 (node 6461)
	Maximum out degree: 2358 (node 701)
	source 1598 (node 701) with out degree 2358
	target 4 (node 6461) with in degree 238

Execution time and memory used at after iteration 97 (MF = 36.568182): 1.545450e+05 seconds, 83345408 bytes of memory usage, 434652 kB of memory peak and 1-18:55:58 elapsed time
Statistics on the network after iteration 97 (MF = 36.568182)
	Number of nodes: 11113
	Number of allocated nodes: 11264
	Number of edges: 31435
	Maximum in degree: 238 (node 6461)
	Maximum out degree: 2358 (node 701)
	source 1598 (node 701) with out degree 2358
	target 4 (node 6461) with in degree 238

Execution time and memory used at after iteration 98 (MF = 33.698767): 1.596648e+05 seconds, 83345408 bytes of memory usage, 434652 kB of memory peak and 1-20:21:18 elapsed time
Statistics on the network after iteration 98 (MF = 33.698767)
	Number of nodes: 11113
	Number of allocated nodes: 11264
	Number of edges: 31435
	Maximum in degree: 238 (node 6461)
	Maximum out degree: 2358 (node 701)
	source 1598 (node 701) with out degree 2358
	target 4 (node 6461) with in degree 238

Execution time and memory used at after iteration 99 (MF = 36.975347): 1.648497e+05 seconds, 83345408 bytes of memory usage, 434652 kB of memory peak and 1-21:47:43 elapsed time
Statistics on the network after iteration 99 (MF = 36.975347)
	Number of nodes: 11113
	Number of allocated nodes: 11264
	Number of edges: 31435
	Maximum in degree: 238 (node 6461)
	Maximum out degree: 2358 (node 701)
	source 1598 (node 701) with out degree 2358
	target 4 (node 6461) with in degree 238

Execution time and memory used at after iteration 100 (MF = 35.945686): 1.704446e+05 seconds, 83345408 bytes of memory usage, 434652 kB of memory peak and 1-23:20:59 elapsed time
Statistics on the network after iteration 100 (MF = 35.945686)
	Number of nodes: 11113
	Number of allocated nodes: 11264
	Number of edges: 31435
	Maximum in degree: 238 (node 6461)
	Maximum out degree: 2358 (node 701)
	source 1598 (node 701) with out degree 2358
	target 4 (node 6461) with in degree 238

Execution time and memory used at after iteration 101 (MF = 35.935670): 1.767158e+05 seconds, 83345408 bytes of memory usage, 434652 kB of memory peak and 2-01:05:31 elapsed time
Statistics on the network after iteration 101 (MF = 35.935670)
	Number of nodes: 11113
	Number of allocated nodes: 11264
	Number of edges: 31435
	Maximum in degree: 238 (node 6461)
	Maximum out degree: 2358 (node 701)
	source 1598 (node 701) with out degree 2358
	target 4 (node 6461) with in degree 238

Execution time and memory used at after iteration 102 (MF = 34.471109): 1.831438e+05 seconds, 83345408 bytes of memory usage, 434652 kB of memory peak and 2-02:52:39 elapsed time
Statistics on the network after iteration 102 (MF = 34.471109)
	Number of nodes: 11113
	Number of allocated nodes: 11264
	Number of edges: 31435
	Maximum in degree: 238 (node 6461)
	Maximum out degree: 2358 (node 701)
	source 1598 (node 701) with out degree 2358
	target 4 (node 6461) with in degree 238

Execution time and memory used at after iteration 103 (MF = 33.579738): 1.887372e+05 seconds, 83345408 bytes of memory usage, 434652 kB of memory peak and 2-04:25:53 elapsed time
Statistics on the network after iteration 103 (MF = 33.579738)
	Number of nodes: 11113
	Number of allocated nodes: 11264
	Number of edges: 31435
	Maximum in degree: 238 (node 6461)
	Maximum out degree: 2358 (node 701)
	source 1598 (node 701) with out degree 2358
	target 4 (node 6461) with in degree 238

Execution time and memory used at after iteration 104 (MF = 35.446841): 1.948259e+05 seconds, 83345408 bytes of memory usage, 434652 kB of memory peak and 2-06:07:23 elapsed time
Statistics on the network after iteration 104 (MF = 35.446841)
	Number of nodes: 11113
	Number of allocated nodes: 11264
	Number of edges: 31435
	Maximum in degree: 238 (node 6461)
	Maximum out degree: 2358 (node 701)
	source 1598 (node 701) with out degree 2358
	target 4 (node 6461) with in degree 238

Execution time and memory used at after iteration 105 (MF = 36.634823): 2.011341e+05 seconds, 83345408 bytes of memory usage, 434652 kB of memory peak and 2-07:52:32 elapsed time
Statistics on the network after iteration 105 (MF = 36.634823)
	Number of nodes: 11113
	Number of allocated nodes: 11264
	Number of edges: 31435
	Maximum in degree: 238 (node 6461)
	Maximum out degree: 2358 (node 701)
	source 1598 (node 701) with out degree 2358
	target 4 (node 6461) with in degree 238

Execution time and memory used at after iteration 106 (MF = 34.412558): 2.076401e+05 seconds, 83345408 bytes of memory usage, 434652 kB of memory peak and 2-09:41:00 elapsed time
Statistics on the network after iteration 106 (MF = 34.412558)
	Number of nodes: 11113
	Number of allocated nodes: 11264
	Number of edges: 31435
	Maximum in degree: 238 (node 6461)
	Maximum out degree: 2358 (node 701)
	source 1598 (node 701) with out degree 2358
	target 4 (node 6461) with in degree 238

Execution time and memory used at after iteration 107 (MF = 34.080508): 2.158034e+05 seconds, 186687488 bytes of memory usage, 434652 kB of memory peak and 2-11:57:05 elapsed time
Statistics on the network after iteration 107 (MF = 34.080508)
	Number of nodes: 11113
	Number of allocated nodes: 11264
	Number of edges: 31435
	Maximum in degree: 238 (node 6461)
	Maximum out degree: 2358 (node 701)
	source 1598 (node 701) with out degree 2358
	target 4 (node 6461) with in degree 238

Execution time and memory used at after iteration 108 (MF = 36.650231): 2.241371e+05 seconds, 83345408 bytes of memory usage, 434652 kB of memory peak and 2-14:16:00 elapsed time
Statistics on the network after iteration 108 (MF = 36.650231)
	Number of nodes: 11113
	Number of allocated nodes: 11264
	Number of edges: 31435
	Maximum in degree: 238 (node 6461)
	Maximum out degree: 2358 (node 701)
	source 1598 (node 701) with out degree 2358
	target 4 (node 6461) with in degree 238

Execution time and memory used at after iteration 109 (MF = 34.985362): 2.307213e+05 seconds, 83345408 bytes of memory usage, 495868 kB of memory peak and 2-16:05:46 elapsed time
Statistics on the network after iteration 109 (MF = 34.985362)
	Number of nodes: 11113
	Number of allocated nodes: 11264
	Number of edges: 31435
	Maximum in degree: 238 (node 6461)
	Maximum out degree: 2358 (node 701)
	source 1598 (node 701) with out degree 2358
	target 4 (node 6461) with in degree 238

Execution time and memory used at after iteration 110 (MF = 34.853621): 2.396852e+05 seconds, 83345408 bytes of memory usage, 576732 kB of memory peak and 2-18:35:12 elapsed time
Statistics on the network after iteration 110 (MF = 34.853621)
	Number of nodes: 11113
	Number of allocated nodes: 11264
	Number of edges: 31435
	Maximum in degree: 238 (node 6461)
	Maximum out degree: 2358 (node 701)
	source 1598 (node 701) with out degree 2358
	target 4 (node 6461) with in degree 238

Execution time and memory used at after iteration 111 (MF = 35.894068): 2.486988e+05 seconds, 262950912 bytes of memory usage, 579748 kB of memory peak and 2-21:05:26 elapsed time
Statistics on the network after iteration 111 (MF = 35.894068)
	Number of nodes: 11113
	Number of allocated nodes: 11264
	Number of edges: 31435
	Maximum in degree: 238 (node 6461)
	Maximum out degree: 2358 (node 701)
	source 1598 (node 701) with out degree 2358
	target 4 (node 6461) with in degree 238

Execution time and memory used at after iteration 112 (MF = 34.046995): 2.571201e+05 seconds, 83345408 bytes of memory usage, 579748 kB of memory peak and 2-23:25:49 elapsed time
Statistics on the network after iteration 112 (MF = 34.046995)
	Number of nodes: 11113
	Number of allocated nodes: 11264
	Number of edges: 31435
	Maximum in degree: 238 (node 6461)
	Maximum out degree: 2358 (node 701)
	source 1598 (node 701) with out degree 2358
	target 4 (node 6461) with in degree 238

Execution time and memory used at after iteration 113 (MF = 34.229969): 2.657252e+05 seconds, 172232704 bytes of memory usage, 579748 kB of memory peak and 3-01:49:17 elapsed time
Statistics on the network after iteration 113 (MF = 34.229969)
	Number of nodes: 11113
	Number of allocated nodes: 11264
	Number of edges: 31435
	Maximum in degree: 238 (node 6461)
	Maximum out degree: 2358 (node 701)
	source 1598 (node 701) with out degree 2358
	target 4 (node 6461) with in degree 238

Execution time and memory used at after iteration 114 (MF = 36.264638): 2.746081e+05 seconds, 83345408 bytes of memory usage, 579748 kB of memory peak and 3-04:17:22 elapsed time
Statistics on the network after iteration 114 (MF = 36.264638)
	Number of nodes: 11113
	Number of allocated nodes: 11264
	Number of edges: 31435
	Maximum in degree: 238 (node 6461)
	Maximum out degree: 2358 (node 701)
	source 1598 (node 701) with out degree 2358
	target 4 (node 6461) with in degree 238

Execution time and memory used at after iteration 115 (MF = 37.109784): 2.838330e+05 seconds, 83345408 bytes of memory usage, 579748 kB of memory peak and 3-06:51:09 elapsed time
Statistics on the network after iteration 115 (MF = 37.109784)
	Number of nodes: 11113
	Number of allocated nodes: 11264
	Number of edges: 31435
	Maximum in degree: 238 (node 6461)
	Maximum out degree: 2358 (node 701)
	source 1598 (node 701) with out degree 2358
	target 4 (node 6461) with in degree 238

Execution time and memory used at after iteration 116 (MF = 34.139060): 2.920592e+05 seconds, 83345408 bytes of memory usage, 579748 kB of memory peak and 3-09:08:16 elapsed time
Statistics on the network after iteration 116 (MF = 34.139060)
	Number of nodes: 11113
	Number of allocated nodes: 11264
	Number of edges: 31435
	Maximum in degree: 238 (node 6461)
	Maximum out degree: 2358 (node 701)
	source 1598 (node 701) with out degree 2358
	target 4 (node 6461) with in degree 238

Execution time and memory used at after iteration 117 (MF = 33.842835): 2.984843e+05 seconds, 168210432 bytes of memory usage, 579748 kB of memory peak and 3-10:55:21 elapsed time
Statistics on the network after iteration 117 (MF = 33.842835)
	Number of nodes: 11113
	Number of allocated nodes: 11264
	Number of edges: 31435
	Maximum in degree: 238 (node 6461)
	Maximum out degree: 2358 (node 701)
	source 1598 (node 701) with out degree 2358
	target 4 (node 6461) with in degree 238

Execution time and memory used at after iteration 118 (MF = 35.224191): 3.054346e+05 seconds, 83345408 bytes of memory usage, 579748 kB of memory peak and 3-12:51:13 elapsed time
Statistics on the network after iteration 118 (MF = 35.224191)
	Number of nodes: 11113
	Number of allocated nodes: 11264
	Number of edges: 31435
	Maximum in degree: 238 (node 6461)
	Maximum out degree: 2358 (node 701)
	source 1598 (node 701) with out degree 2358
	target 4 (node 6461) with in degree 238

Execution time and memory used at after iteration 119 (MF = 35.713020): 3.123549e+05 seconds, 136433664 bytes of memory usage, 579748 kB of memory peak and 3-14:46:34 elapsed time
Statistics on the network after iteration 119 (MF = 35.713020)
	Number of nodes: 11113
	Number of allocated nodes: 11264
	Number of edges: 31435
	Maximum in degree: 238 (node 6461)
	Maximum out degree: 2358 (node 701)
	source 1598 (node 701) with out degree 2358
	target 4 (node 6461) with in degree 238

Execution time and memory used at after iteration 120 (MF = 34.328197): 3.193898e+05 seconds, 83345408 bytes of memory usage, 579748 kB of memory peak and 3-16:43:51 elapsed time
Statistics on the network after iteration 120 (MF = 34.328197)
	Number of nodes: 11113
	Number of allocated nodes: 11264
	Number of edges: 31435
	Maximum in degree: 238 (node 6461)
	Maximum out degree: 2358 (node 701)
	source 1598 (node 701) with out degree 2358
	target 4 (node 6461) with in degree 238

Execution time and memory used at after iteration 121 (MF = 34.516564): 3.267622e+05 seconds, 135163904 bytes of memory usage, 579748 kB of memory peak and 3-18:46:44 elapsed time
Statistics on the network after iteration 121 (MF = 34.516564)
	Number of nodes: 11113
	Number of allocated nodes: 11264
	Number of edges: 31435
	Maximum in degree: 238 (node 6461)
	Maximum out degree: 2358 (node 701)
	source 1598 (node 701) with out degree 2358
	target 4 (node 6461) with in degree 238

Execution time and memory used at after iteration 122 (MF = 34.849384): 3.363497e+05 seconds, 83345408 bytes of memory usage, 579748 kB of memory peak and 3-21:26:32 elapsed time
Statistics on the network after iteration 122 (MF = 34.849384)
	Number of nodes: 11113
	Number of allocated nodes: 11264
	Number of edges: 31435
	Maximum in degree: 238 (node 6461)
	Maximum out degree: 2358 (node 701)
	source 1598 (node 701) with out degree 2358
	target 4 (node 6461) with in degree 238
