	Command being timed: "/usr/app/src/glpk-5.0/examples/glpsol --lp input/Oregon-2.html/oregon2_010512.txt.gz.46.lp -o input/Oregon-2.html/oregon2_010512.txt.gz.46.lp.sol"
	User time (seconds): 5.87
	System time (seconds): 0.03
	Percent of CPU this job got: 100%
	Elapsed (wall clock) time (h:mm:ss or m:ss): 0:05.91
	Average shared text size (kbytes): 0
	Average unshared data size (kbytes): 0
	Average stack size (kbytes): 0
	Average total size (kbytes): 0
	Maximum resident set size (kbytes): 84664
	Average resident set size (kbytes): 0
	Major (requiring I/O) page faults: 0
	Minor (reclaiming a frame) page faults: 26876
	Voluntary context switches: 32
	Involuntary context switches: 7
	Swaps: 0
	File system inputs: 0
	File system outputs: 13736
	Socket messages sent: 0
	Socket messages received: 0
	Signals delivered: 0
	Page size (bytes): 4096
	Exit status: 0
