GLPSOL--GLPK LP/MIP Solver 5.0
Parameter(s) specified in the command line:
 --lp input/sx-askubuntu.html/sx-askubuntu-a2q.txt.gz.174.lp -o input/sx-askubuntu.html/sx-askubuntu-a2q.txt.gz.174.lp.sol
Reading problem data from 'input/sx-askubuntu.html/sx-askubuntu-a2q.txt.gz.174.lp'...
247256 rows, 628541 columns, 1236267 non-zeros
628541 integer variables, all of which are binary
875802 lines were read
GLPK Integer Optimizer 5.0
247256 rows, 628541 columns, 1236267 non-zeros
628541 integer variables, all of which are binary
Preprocessing...
1 hidden packing inequaliti(es) were detected
246531 rows, 627724 columns, 1230737 non-zeros
627724 integer variables, all of which are binary
Scaling...
 A: min|aij| =  1.000e+00  max|aij| =  1.000e+00  ratio =  1.000e+00
Problem data seem to be well scaled
Constructing initial basis...
Size of triangular part is 246531
Solving LP relaxation...
GLPK Simplex Optimizer 5.0
246531 rows, 627724 columns, 1230737 non-zeros
      0: obj =   0.000000000e+00 inf =   5.890e+02 (589)
    454: obj =   6.065493760e+11 inf =   1.350e+02 (135)
    589: obj =   7.956470956e+11 inf =   0.000e+00 (0)
Perturbing LP to avoid stalling [788]...
*  1072: obj =   7.956470956e+11 inf =   0.000e+00 (1072)
*  1505: obj =   7.927335747e+11 inf =   0.000e+00 (1191) 2
*  1898: obj =   7.927335747e+11 inf =   0.000e+00 (1205) 4
*  2276: obj =   7.927335747e+11 inf =   0.000e+00 (1223) 4
*  2650: obj =   7.927335747e+11 inf =   0.000e+00 (1212) 3
*  3012: obj =   7.927335747e+11 inf =   0.000e+00 (1227) 4
*  3367: obj =   7.927335747e+11 inf =   0.000e+00 (1235) 3
*  3714: obj =   7.927335747e+11 inf =   0.000e+00 (1260) 3
*  4055: obj =   7.927335747e+11 inf =   0.000e+00 (1271) 3
*  4388: obj =   7.927335747e+11 inf =   0.000e+00 (1286) 3
*  4712: obj =   7.927335747e+11 inf =   0.000e+00 (1278) 4
*  5033: obj =   7.927335747e+11 inf =   0.000e+00 (1285) 3
*  5350: obj =   7.927335747e+11 inf =   0.000e+00 (1288) 3
*  5662: obj =   7.927335747e+11 inf =   0.000e+00 (1320) 3
*  5974: obj =   7.927335747e+11 inf =   0.000e+00 (1328) 3
*  6283: obj =   7.927335747e+11 inf =   0.000e+00 (1308) 2
*  6583: obj =   7.927335747e+11 inf =   0.000e+00 (1313) 3
*  6881: obj =   7.927335747e+11 inf =   0.000e+00 (1336) 3
*  7175: obj =   7.927335747e+11 inf =   0.000e+00 (1335) 3
*  7464: obj =   7.927335747e+11 inf =   0.000e+00 (1348) 3
*  7751: obj =   7.927335747e+11 inf =   0.000e+00 (1366) 3
*  8037: obj =   7.758211124e+11 inf =   0.000e+00 (5075) 2
*  8329: obj =   7.733075030e+11 inf =   0.000e+00 (5085) 3
*  8621: obj =   7.733075029e+11 inf =   2.490e-07 (5059) 3
*  8923: obj =   7.399535842e+11 inf =   1.799e-04 (5009) 3
*  9270: obj =   7.392404282e+11 inf =   1.119e-03 (4899) 3
*  9742: obj =   4.389857201e+11 inf =   1.090e-03 (4725) 1
* 10095: obj =   4.267842572e+11 inf =   1.880e-03 (4710) 3
* 10417: obj =   4.267842276e+11 inf =   2.827e-03 (4689) 3
* 10733: obj =   4.240840215e+11 inf =   4.032e-03 (4690) 3
* 11065: obj =   4.096537298e+11 inf =   2.815e-03 (4614) 3
* 11448: obj =   3.018477642e+11 inf =   2.811e-03 (7601) 1
* 11791: obj =   2.923908954e+11 inf =   4.087e-03 (913) 3
* 12039: obj =   2.923907609e+11 inf =   8.919e-03 (982) 2
* 12294: obj =   2.909403882e+11 inf =   8.638e-03 (4406) 2
* 12554: obj =   2.904446807e+11 inf =   8.452e-03 (4336) 3
* 12848: obj =   2.802534675e+11 inf =   1.001e-02 (7433) 2
* 13134: obj =   2.802528414e+11 inf =   1.189e-02 (7312) 3
* 13440: obj =   2.708489603e+11 inf =   1.140e-02 (7063) 2
* 13747: obj =   2.654752669e+11 inf =   1.134e-02 (7004) 1
* 14050: obj =   2.564514922e+11 inf =   1.198e-02 (4178) 3
* 14380: obj =   2.373270406e+11 inf =   1.219e-02 (6372) 3
* 14683: obj =   2.333260290e+11 inf =   1.178e-02 (6042) 2
* 14987: obj =   2.297026974e+11 inf =   1.203e-02 (3647) 3
* 15335: obj =   2.199733847e+11 inf =   1.120e-02 (5662) 2
* 15698: obj =   2.186420010e+11 inf =   1.198e-02 (5478) 1
* 16049: obj =   2.186419715e+11 inf =   1.221e-02 (5333) 3
* 16375: obj =   2.173106157e+11 inf =   1.464e-02 (5257) 3
* 16732: obj =   2.173105900e+11 inf =   1.455e-02 (4971)
* 17049: obj =   2.173105673e+11 inf =   1.661e-02 (4802) 3
* 17392: obj =   2.146580200e+11 inf =   1.819e-02 (4671) 2
* 17748: obj =   2.146579757e+11 inf =   1.807e-02 (4371) 1
* 18038: obj =   2.146579330e+11 inf =   2.278e-02 (4253) 3
* 18366: obj =   2.119883799e+11 inf =   2.469e-02 (4238) 3
* 18697: obj =   2.119882899e+11 inf =   2.617e-02 (3943) 1
* 18984: obj =   2.119882384e+11 inf =   3.711e-02 (3820) 2
* 19309: obj =   2.093285592e+11 inf =   3.995e-02 (1288) 3
* 19637: obj =   2.093273621e+11 inf =   4.275e-02 (3668) 2
* 19935: obj =   2.093272563e+11 inf =   4.802e-02 (3525) 2
* 20251: obj =   2.093271318e+11 inf =   5.481e-02 (3409) 2
* 20552: obj =   2.093269964e+11 inf =   5.939e-02 (3275) 2
* 20824: obj =   2.093268405e+11 inf =   6.368e-02 (3167) 2
* 21109: obj =   2.093267812e+11 inf =   5.637e-02 (3125) 2
* 21396: obj =   2.093266744e+11 inf =   6.454e-02 (3022) 3
* 21670: obj =   2.093265034e+11 inf =   7.965e-02 (2946) 2
* 21953: obj =   2.093263030e+11 inf =   8.759e-02 (2849) 2
* 22261: obj =   2.066678270e+11 inf =   8.662e-02 (1638) 3
* 22576: obj =   2.066677849e+11 inf =   8.731e-02 (1611) 3
* 22894: obj =   2.053357318e+11 inf =   8.738e-02 (2946) 2
* 23167: obj =   2.053356966e+11 inf =   7.414e-02 (2779) 3
* 23433: obj =   2.053355093e+11 inf =   7.948e-02 (2720) 2
* 23710: obj =   2.053352588e+11 inf =   8.900e-02 (2647) 2
* 23972: obj =   2.053351371e+11 inf =   9.421e-02 (2587) 2
* 24260: obj =   2.053349041e+11 inf =   9.958e-02 (2524) 2
* 24526: obj =   2.053346421e+11 inf =   1.005e-01 (2456) 2
* 24790: obj =   2.053344401e+11 inf =   1.053e-01 (2407) 2
* 25053: obj =   2.053344194e+11 inf =   1.083e-01 (2371) 3
* 25330: obj =   2.053341363e+11 inf =   1.121e-01 (2346) 2
* 25596: obj =   2.053339181e+11 inf =   1.140e-01 (2322) 2
* 25822: obj =   2.053338636e+11 inf =   1.169e-01 (2297) 2
* 26072: obj =   2.053338006e+11 inf =   1.248e-01 (2236) 3
* 26329: obj =   2.053336406e+11 inf =   1.274e-01 (2202) 2
* 26595: obj =   2.053334617e+11 inf =   1.294e-01 (2197) 2
* 26818: obj =   2.053334362e+11 inf =   1.298e-01 (2197) 2
* 27050: obj =   2.053333725e+11 inf =   1.310e-01 (2193) 3
* 27284: obj =   2.053333644e+11 inf =   1.318e-01 (2198) 2
* 27581: obj =   2.053331227e+11 inf =   1.339e-01 (2102) 2
* 27799: obj =   2.053331197e+11 inf =   1.333e-01 (2128) 3
* 28026: obj =   2.053331081e+11 inf =   1.348e-01 (2142) 2
* 28280: obj =   2.053330925e+11 inf =   1.346e-01 (2105) 2
* 28525: obj =   2.053330017e+11 inf =   1.346e-01 (2094) 2
* 28741: obj =   2.053329919e+11 inf =   1.349e-01 (2092) 2
* 28956: obj =   2.053329845e+11 inf =   1.354e-01 (2103) 3
* 29182: obj =   2.053329671e+11 inf =   1.380e-01 (2133) 2
* 29403: obj =   2.053329546e+11 inf =   1.389e-01 (2131) 2
* 29644: obj =   2.053327530e+11 inf =   1.385e-01 (2104) 2
* 29859: obj =   2.053327004e+11 inf =   1.379e-01 (2119) 2
* 30081: obj =   2.053326728e+11 inf =   1.421e-01 (2119) 2
* 30294: obj =   2.053326676e+11 inf =   1.421e-01 (2122) 2
* 30510: obj =   2.053326671e+11 inf =   1.410e-01 (2107) 2
* 30727: obj =   2.053326656e+11 inf =   1.397e-01 (2131) 2
* 30935: obj =   2.053326551e+11 inf =   1.408e-01 (2146) 2
* 31150: obj =   2.053326448e+11 inf =   1.418e-01 (2129) 2
* 31362: obj =   2.053326394e+11 inf =   1.414e-01 (2120) 2
* 31568: obj =   2.053326382e+11 inf =   1.400e-01 (2128) 2
* 31803: obj =   2.053325854e+11 inf =   1.402e-01 (2096) 2
* 32017: obj =   2.053323858e+11 inf =   1.450e-01 (2143) 2
* 32224: obj =   2.053323817e+11 inf =   1.438e-01 (2145) 2
* 32428: obj =   2.053323787e+11 inf =   1.425e-01 (2148) 2
* 32631: obj =   2.053323737e+11 inf =   1.417e-01 (2156) 2
* 32833: obj =   2.053323716e+11 inf =   1.403e-01 (2159) 2
* 33037: obj =   2.053323438e+11 inf =   1.439e-01 (2151) 2
* 33240: obj =   2.053323421e+11 inf =   1.423e-01 (2155) 2
* 33443: obj =   2.053323365e+11 inf =   1.417e-01 (2158) 2
* 33644: obj =   2.053323343e+11 inf =   1.402e-01 (2172) 2
* 33844: obj =   2.053323299e+11 inf =   1.391e-01 (2175) 2
* 34047: obj =   2.053323162e+11 inf =   1.395e-01 (2194) 2
* 34251: obj =   2.053323123e+11 inf =   1.385e-01 (2193) 1
* 34451: obj =   2.053323111e+11 inf =   1.369e-01 (2203) 2
* 34649: obj =   2.053323108e+11 inf =   1.351e-01 (2205) 2
* 34847: obj =   2.053323058e+11 inf =   1.342e-01 (2208) 2
* 35046: obj =   2.053323046e+11 inf =   1.328e-01 (2201) 2
* 35245: obj =   2.053323046e+11 inf =   1.313e-01 (2219) 2
* 35441: obj =   2.053323045e+11 inf =   1.296e-01 (2235) 2
* 35640: obj =   2.053322842e+11 inf =   1.306e-01 (2244) 1
* 35835: obj =   2.053322841e+11 inf =   1.289e-01 (2258) 2
* 36031: obj =   2.053322834e+11 inf =   1.272e-01 (2267) 2
* 36226: obj =   2.053322833e+11 inf =   1.257e-01 (2264) 2
* 36420: obj =   2.053322812e+11 inf =   1.241e-01 (2257) 2
* 36616: obj =   2.053322810e+11 inf =   1.224e-01 (2258) 1
* 36808: obj =   2.053322810e+11 inf =   1.207e-01 (2265) 2
* 36999: obj =   2.053322734e+11 inf =   1.199e-01 (2265) 2
* 37191: obj =   2.053322732e+11 inf =   1.180e-01 (2270) 2
* 37381: obj =   2.053322729e+11 inf =   1.161e-01 (2266) 2
* 37575: obj =   2.053322729e+11 inf =   1.143e-01 (2267) 1
* 37764: obj =   2.053322719e+11 inf =   1.128e-01 (2274) 2
* 37953: obj =   2.053322702e+11 inf =   1.112e-01 (2282) 2
* 38145: obj =   2.053322492e+11 inf =   1.116e-01 (2261) 2
* 38334: obj =   2.053322489e+11 inf =   1.100e-01 (2266) 2
* 38526: obj =   2.053322488e+11 inf =   1.087e-01 (2270) 1
* 38713: obj =   2.053322485e+11 inf =   1.074e-01 (2265) 2
* 38899: obj =   2.053322485e+11 inf =   1.056e-01 (2276) 2
* 39087: obj =   2.053322442e+11 inf =   1.045e-01 (2276) 2
* 39276: obj =   2.053322440e+11 inf =   1.029e-01 (2285) 1
* 39463: obj =   2.053322405e+11 inf =   1.018e-01 (2279) 2
* 39647: obj =   2.053322403e+11 inf =   1.000e-01 (2291) 2
* 39834: obj =   2.053322377e+11 inf =   9.872e-02 (2283) 1
* 40019: obj =   2.053322337e+11 inf =   9.741e-02 (2285) 2
* 40203: obj =   2.053322331e+11 inf =   9.621e-02 (2286) 2
* 40386: obj =   2.053322325e+11 inf =   9.449e-02 (2293) 2
* 40572: obj =   2.053322323e+11 inf =   9.298e-02 (2290) 1
* 40753: obj =   2.053322322e+11 inf =   9.126e-02 (2284) 2
* 40934: obj =   2.053322272e+11 inf =   9.005e-02 (2303) 2
* 41117: obj =   2.053322144e+11 inf =   8.914e-02 (2309) 2
* 41301: obj =   2.053322143e+11 inf =   8.749e-02 (2307) 1
* 41473: obj =   2.053322086e+11 inf =   8.647e-02 (2315) 2
* 41623: obj =   2.053322077e+11 inf =   8.519e-02 (2319) 1
* 41766: obj =   2.053322077e+11 inf =   8.412e-02 (2331) 2
* 41917: obj =   2.053322073e+11 inf =   8.284e-02 (2317) 1
* 42091: obj =   2.053322069e+11 inf =   8.125e-02 (2342) 2
* 42274: obj =   2.053322066e+11 inf =   7.988e-02 (2336) 1
* 42452: obj =   2.053322065e+11 inf =   7.821e-02 (2353) 2
* 42630: obj =   2.053321872e+11 inf =   7.692e-02 (2353) 2
* 42807: obj =   2.053321868e+11 inf =   7.541e-02 (2371) 2
* 42989: obj =   2.053321824e+11 inf =   7.383e-02 (2361) 1
* 43168: obj =   2.053321650e+11 inf =   7.230e-02 (2378) 2
* 43345: obj =   2.053321616e+11 inf =   7.078e-02 (2385) 2
* 43524: obj =   2.053321616e+11 inf =   6.921e-02 (2384) 1
* 43701: obj =   2.053321599e+11 inf =   6.756e-02 (2361) 2
* 43887: obj =   2.053321351e+11 inf =   6.738e-02 (2295) 2
* 44120: obj =   2.053320932e+11 inf =   6.726e-02 (2196) 2
* 44380: obj =   2.053320770e+11 inf =   6.677e-02 (2171) 3
* 44656: obj =   2.053317827e+11 inf =   6.614e-02 (2139) 3
* 44888: obj =   2.053313474e+11 inf =   6.591e-02 (2063) 2
* 45146: obj =   2.053313144e+11 inf =   6.510e-02 (2003) 2
* 45376: obj =   2.053308225e+11 inf =   6.460e-02 (2032) 3
* 45584: obj =   2.053303180e+11 inf =   6.433e-02 (2019) 1
* 45795: obj =   2.053295355e+11 inf =   6.396e-02 (1979) 2
* 46009: obj =   2.053291532e+11 inf =   6.358e-02 (1972) 2
* 46268: obj =   2.053291123e+11 inf =   6.264e-02 (2001) 3
* 46538: obj =   2.053289197e+11 inf =   6.167e-02 (1942) 2
* 46734: obj =   2.053281477e+11 inf =   6.119e-02 (1878) 2
* 46971: obj =   2.053279284e+11 inf =   6.057e-02 (1842) 2
* 47214: obj =   2.053278698e+11 inf =   5.971e-02 (1801) 3
* 47424: obj =   2.053272364e+11 inf =   5.924e-02 (1762) 2
* 47632: obj =   2.053265815e+11 inf =   5.813e-02 (1744) 1
* 47849: obj =   2.053261909e+11 inf =   5.758e-02 (1738) 2
* 48072: obj =   2.053261061e+11 inf =   5.683e-02 (1730) 3
* 48318: obj =   2.039965506e+11 inf =   5.578e-02 (1728) 2
* 48586: obj =   2.000438433e+11 inf =   5.542e-02 (2417) 3
* 48790: obj =   2.000436328e+11 inf =   5.569e-02 (2443) 2
* 48992: obj =   2.000434486e+11 inf =   5.447e-02 (2417) 2
* 49179: obj =   2.000433315e+11 inf =   5.225e-02 (2400) 1
* 49362: obj =   2.000432549e+11 inf =   5.048e-02 (2349) 2
* 49547: obj =   2.000432184e+11 inf =   4.967e-02 (2316) 2
* 49733: obj =   2.000430562e+11 inf =   4.894e-02 (2245) 2
* 49915: obj =   2.000415634e+11 inf =   4.832e-02 (2213) 2
* 50103: obj =   2.000415062e+11 inf =   4.836e-02 (2160) 1
* 50286: obj =   2.000414385e+11 inf =   4.780e-02 (2041) 2
* 50470: obj =   2.000414276e+11 inf =   4.774e-02 (2016) 2
* 50650: obj =   2.000413670e+11 inf =   4.788e-02 (1969) 2
* 50835: obj =   2.000413230e+11 inf =   4.795e-02 (1952) 2
* 51016: obj =   2.000412865e+11 inf =   4.873e-02 (1898) 2
* 51203: obj =   2.000412565e+11 inf =   4.971e-02 (1837) 1
* 51386: obj =   2.000412452e+11 inf =   4.933e-02 (1836) 2
* 51569: obj =   2.000412253e+11 inf =   4.908e-02 (1807) 2
* 51748: obj =   2.000411846e+11 inf =   4.842e-02 (1747) 2
* 51929: obj =   2.000411481e+11 inf =   4.804e-02 (1683) 2
* 52115: obj =   2.000411122e+11 inf =   4.735e-02 (1688) 1
* 52288: obj =   2.000411020e+11 inf =   4.701e-02 (1624) 2
* 52447: obj =   2.000410735e+11 inf =   4.629e-02 (1612) 2
* 52644: obj =   2.000410488e+11 inf =   4.644e-02 (2825) 2
* 52926: obj =   2.000396469e+11 inf =   4.643e-02 (2699) 2
* 53113: obj =   2.000390414e+11 inf =   4.731e-02 (2668) 1
* 53295: obj =   2.000388911e+11 inf =   4.822e-02 (2609) 2
* 53482: obj =   2.000388442e+11 inf =   4.826e-02 (2551) 2
* 53671: obj =   2.000387309e+11 inf =   4.798e-02 (2541) 2
* 53881: obj =   2.000387020e+11 inf =   4.833e-02 (2532) 2
* 54079: obj =   2.000386642e+11 inf =   4.848e-02 (2498) 2
* 54300: obj =   2.000386402e+11 inf =   4.835e-02 (2398) 2
* 54526: obj =   2.000385485e+11 inf =   4.740e-02 (2364) 2
* 54757: obj =   2.000384898e+11 inf =   4.687e-02 (2302) 3
* 54963: obj =   2.000384621e+11 inf =   4.646e-02 (2228) 2
* 55194: obj =   2.000384380e+11 inf =   4.618e-02 (2141) 2
* 55414: obj =   2.000384238e+11 inf =   4.607e-02 (2139) 2
* 55686: obj =   2.000383689e+11 inf =   4.597e-02 (2034) 3
* 55953: obj =   2.000383357e+11 inf =   4.564e-02 (1991) 3
* 56203: obj =   2.000383240e+11 inf =   4.551e-02 (1941) 2
* 56469: obj =   2.000383095e+11 inf =   4.534e-02 (1775) 3
* 56749: obj =   2.000382895e+11 inf =   4.513e-02 (1585) 2
* 57042: obj =   2.000151396e+11 inf =   4.501e-02 (1435) 2
* 57370: obj =   1.999897651e+11 inf =   4.487e-02 (1170) 1
* 57674: obj =   1.998240984e+11 inf =   4.468e-02 (949) 1
* 57976: obj =   1.997926679e+11 inf =   4.420e-02 (653) 2
* 58303: obj =   1.997926620e+11 inf =   4.393e-02 (383) 1
* 58613: obj =   1.997926603e+11 inf =   4.339e-02 (173) 3
Removing LP perturbation [58847]...
* 58847: obj =   1.997976701e+11 inf =   0.000e+00 (0) 1
OPTIMAL LP SOLUTION FOUND
Integer optimization begins...
Long-step dual simplex will be used
+ 58847: mip =     not found yet >=              -inf        (1; 0)
+ 58847: >>>>>   1.997976701e+11 >=   1.997976701e+11   0.0% (1; 0)
+ 58847: mip =   1.997976701e+11 >=     tree is empty   0.0% (0; 1)
INTEGER OPTIMAL SOLUTION FOUND
Time used:   1195.6 secs
Memory used: 695.1 Mb (728869542 bytes)
Writing MIP solution to 'input/sx-askubuntu.html/sx-askubuntu-a2q.txt.gz.174.lp.sol'...
Objective:  obj = 1.997976701e+11 (MINimum)
