Launched as 5 input/web-Stanford.html/web-Stanford.txt.gz 0


Execution time and memory used at after reading from file: 9.181720e+03 seconds, 124383232 bytes of memory usage, 121504 kB of memory peak and 02:33:03 elapsed time
Statistics on the network after reading from file
	Number of nodes: 281903
	Number of allocated nodes: 282624
	Number of edges: 2312497
	Maximum in degree: 38606 (node 226411)
	Maximum out degree: 255 (node 82409)

Execution time and memory used at after adding costs: 9.181820e+03 seconds, 124383232 bytes of memory usage, 121504 kB of memory peak and 02:33:03 elapsed time
Statistics on the network after adding costs
	Number of nodes: 281903
	Number of allocated nodes: 282624
	Number of edges: 2312497
	Maximum in degree: 38606 (node 226411)
	Maximum out degree: 255 (node 82409)

Execution time and memory used at before starting main computation: 9.181820e+03 seconds, 124383232 bytes of memory usage, 123088 kB of memory peak and 02:33:03 elapsed time
Statistics on the network before starting main computation
	Number of nodes: 281903
	Number of allocated nodes: 282624
	Number of edges: 2312497
	Maximum in degree: 38606 (node 226411)
	Maximum out degree: 255 (node 82409)
	source 8946 (node 82409) with out degree 255
	target 8945 (node 278394) with in degree 182

Execution time and memory used at after creating milp without reductions: 9.187190e+03 seconds, 124383232 bytes of memory usage, 123088 kB of memory peak and 02:33:08 elapsed time
Statistics on the network after creating milp without reductions
	Number of nodes: 281903
	Number of allocated nodes: 282624
	Number of edges: 2312497
	Maximum in degree: 38606 (node 226411)
	Maximum out degree: 255 (node 82409)
	source 8946 (node 82409) with out degree 255
	target 8945 (node 278394) with in degree 182

Execution time and memory used at after reachability and chains reduction: 1.173075e+04 seconds, 129257472 bytes of memory usage, 134912 kB of memory peak and 03:15:32 elapsed time
Statistics on the network after reachability and chains reduction
	Number of nodes: 259
	Number of allocated nodes: 282624
	Number of edges: 1117
	Maximum in degree: 182 (node 278394)
	Maximum out degree: 255 (node 82409)
	source 8946 (node 82409) with out degree 255
	target 8945 (node 278394) with in degree 182

Execution time and memory used at after detours elimination: 1.173087e+04 seconds, 129257472 bytes of memory usage, 134912 kB of memory peak and 03:15:32 elapsed time
Statistics on the network after detours elimination
	Number of nodes: 259
	Number of allocated nodes: 282624
	Number of edges: 1117
	Maximum in degree: 182 (node 278394)
	Maximum out degree: 255 (node 82409)
	source 8946 (node 82409) with out degree 255
	target 8945 (node 278394) with in degree 182

Execution time and memory used at after creating milp with detours elimination (all transformations): 1.173088e+04 seconds, 129257472 bytes of memory usage, 134912 kB of memory peak and 03:15:32 elapsed time
Statistics on the network after creating milp with detours elimination (all transformations)
	Number of nodes: 259
	Number of allocated nodes: 282624
	Number of edges: 1117
	Maximum in degree: 182 (node 278394)
	Maximum out degree: 255 (node 82409)
	source 8946 (node 82409) with out degree 255
	target 8945 (node 278394) with in degree 182
