GLPSOL--GLPK LP/MIP Solver 5.0
Parameter(s) specified in the command line:
 --lp input/cit-HepTh.html/cit-HepTh.txt.gz.56.lp.reach_chain_detours.lp -o
 input/cit-HepTh.html/cit-HepTh.txt.gz.56.lp.reach_chain_detours.lp.sol
Reading problem data from 'input/cit-HepTh.html/cit-HepTh.txt.gz.56.lp.reach_chain_detours.lp'...
116223 rows, 239901 columns, 581102 non-zeros
239901 integer variables, all of which are binary
356129 lines were read
GLPK Integer Optimizer 5.0
116223 rows, 239901 columns, 581102 non-zeros
239901 integer variables, all of which are binary
Preprocessing...
1 hidden packing inequaliti(es) were detected
115698 rows, 239376 columns, 576737 non-zeros
239376 integer variables, all of which are binary
Scaling...
 A: min|aij| =  1.000e+00  max|aij| =  1.000e+00  ratio =  1.000e+00
Problem data seem to be well scaled
Constructing initial basis...
Size of triangular part is 115698
Solving LP relaxation...
GLPK Simplex Optimizer 5.0
115698 rows, 239376 columns, 576737 non-zeros
      0: obj =   0.000000000e+00 inf =   1.807e+03 (1807)
   1178: obj =   1.000353523e+03 inf =   6.290e+02 (629)
   1807: obj =   1.533252390e+03 inf =   0.000e+00 (0)
Perturbing LP to avoid stalling [2008]...
*  2804: obj =   1.530578330e+03 inf =   0.000e+00 (2797)
*  3548: obj =   1.530578330e+03 inf =   0.000e+00 (2834) 5
*  4219: obj =   1.530578330e+03 inf =   0.000e+00 (2904) 6
*  4853: obj =   1.530578330e+03 inf =   0.000e+00 (2929) 6
*  5463: obj =   1.530578330e+03 inf =   0.000e+00 (2957) 6
*  6056: obj =   1.530578330e+03 inf =   0.000e+00 (3010) 5
*  6626: obj =   1.530578330e+03 inf =   0.000e+00 (3032) 6
*  7176: obj =   1.530578330e+03 inf =   0.000e+00 (3056) 5
*  7721: obj =   1.530578330e+03 inf =   0.000e+00 (3058) 6
*  8271: obj =   1.530578330e+03 inf =   0.000e+00 (3090) 5
*  8790: obj =   1.530578330e+03 inf =   0.000e+00 (3099) 5
*  9316: obj =   1.530578330e+03 inf =   0.000e+00 (3124) 5
*  9830: obj =   1.530578330e+03 inf =   0.000e+00 (3125) 5
* 10338: obj =   1.530578330e+03 inf =   0.000e+00 (3132) 5
* 10828: obj =   1.530578330e+03 inf =   0.000e+00 (3145) 5
* 11308: obj =   1.530578330e+03 inf =   0.000e+00 (3164) 5
* 11793: obj =   1.530578330e+03 inf =   0.000e+00 (3160) 5
* 12239: obj =   1.530578330e+03 inf =   0.000e+00 (3163) 4
* 12714: obj =   1.530578330e+03 inf =   0.000e+00 (3177) 5
* 13178: obj =   1.530578330e+03 inf =   0.000e+00 (3170) 4
* 13629: obj =   1.530578330e+03 inf =   0.000e+00 (3171) 4
* 14072: obj =   1.488967696e+03 inf =   1.180e-15 (13475) 5
* 14443: obj =   1.488967598e+03 inf =   1.719e-03 (13393) 4
* 14825: obj =   1.488967350e+03 inf =   5.663e-03 (13219) 3
* 15198: obj =   1.488966984e+03 inf =   1.111e-02 (13058) 4
* 15586: obj =   1.488966755e+03 inf =   1.452e-02 (12904) 4
* 15957: obj =   1.488966464e+03 inf =   1.870e-02 (12776) 3
* 16340: obj =   1.488966126e+03 inf =   2.356e-02 (12610) 4
* 16731: obj =   1.488965819e+03 inf =   2.725e-02 (12487) 4
* 17137: obj =   1.488965309e+03 inf =   3.354e-02 (12289) 4
* 17532: obj =   1.488964795e+03 inf =   3.900e-02 (12140) 4
* 17924: obj =   1.488964221e+03 inf =   4.411e-02 (11981) 4
* 18334: obj =   1.488963704e+03 inf =   4.822e-02 (11794) 4
* 18748: obj =   1.488963263e+03 inf =   5.005e-02 (11603) 4
* 19144: obj =   1.488962784e+03 inf =   5.110e-02 (11464) 4
* 19544: obj =   1.488962421e+03 inf =   5.157e-02 (11287) 4
* 19980: obj =   1.445276998e+03 inf =   5.235e-02 (10152) 4
* 20409: obj =   1.445276258e+03 inf =   5.724e-02 (10038) 4
* 20829: obj =   1.445275652e+03 inf =   5.997e-02 (9901) 4
* 21255: obj =   1.445275050e+03 inf =   6.225e-02 (9838) 5
* 21691: obj =   1.445274664e+03 inf =   6.241e-02 (9744) 4
* 22119: obj =   1.445274117e+03 inf =   6.331e-02 (9643) 4
* 22536: obj =   1.445273455e+03 inf =   6.471e-02 (9541) 4
* 22963: obj =   1.445272244e+03 inf =   6.763e-02 (9396) 5
* 23394: obj =   1.445271332e+03 inf =   6.843e-02 (9304) 4
* 23811: obj =   1.445270605e+03 inf =   6.935e-02 (9166) 4
* 24251: obj =   1.434685548e+03 inf =   6.962e-02 (9065) 4
* 24679: obj =   1.434684876e+03 inf =   6.829e-02 (8983) 5
* 25100: obj =   1.434684425e+03 inf =   6.611e-02 (8867) 4
* 25524: obj =   1.434683810e+03 inf =   6.412e-02 (8765) 4
* 25969: obj =   1.434682710e+03 inf =   6.074e-02 (8650) 4
* 26415: obj =   1.421179649e+03 inf =   6.003e-02 (8533) 5
* 26830: obj =   1.421178779e+03 inf =   5.897e-02 (8418) 4
* 27287: obj =   1.374242883e+03 inf =   5.832e-02 (8273) 4
* 27756: obj =   1.374242098e+03 inf =   5.820e-02 (8225) 5
* 28221: obj =   1.374241181e+03 inf =   6.000e-02 (8174) 4
* 28670: obj =   1.355549726e+03 inf =   6.120e-02 (8100) 4
* 29128: obj =   1.355548627e+03 inf =   6.211e-02 (8014) 5
* 29592: obj =   1.355547554e+03 inf =   6.187e-02 (7973) 5
* 30036: obj =   1.355546943e+03 inf =   6.056e-02 (7950) 4
* 30502: obj =   1.355546313e+03 inf =   5.892e-02 (7848) 4
* 30959: obj =   1.355545533e+03 inf =   5.681e-02 (7783) 5
* 31421: obj =   1.355543564e+03 inf =   5.334e-02 (7650) 5
* 31892: obj =   1.355541482e+03 inf =   5.086e-02 (7552) 4
* 32373: obj =   1.216756651e+03 inf =   4.865e-02 (7489) 5
* 32867: obj =   1.216756359e+03 inf =   4.681e-02 (7445) 4
* 33335: obj =   1.216755980e+03 inf =   4.424e-02 (7403) 5
* 33849: obj =   1.215651756e+03 inf =   4.226e-02 (7305) 5
* 34366: obj =   1.206737354e+03 inf =   4.086e-02 (7212) 5
* 34898: obj =   1.206736590e+03 inf =   4.070e-02 (7087) 5
* 35416: obj =   1.206736184e+03 inf =   4.036e-02 (7065) 5
* 35968: obj =   1.185657930e+03 inf =   4.039e-02 (6996) 5
* 36513: obj =   1.185656599e+03 inf =   4.033e-02 (6992) 5
* 37032: obj =   1.185655344e+03 inf =   3.997e-02 (6993) 5
* 37583: obj =   1.185654484e+03 inf =   4.049e-02 (6935) 6
* 38116: obj =   1.185653957e+03 inf =   3.931e-02 (6886) 5
* 38661: obj =   1.183325319e+03 inf =   3.682e-02 (6797) 5
* 39181: obj =   1.179252971e+03 inf =   3.395e-02 (6725) 5
* 39704: obj =   1.179252595e+03 inf =   3.289e-02 (6660) 5
* 40228: obj =   1.179252255e+03 inf =   3.247e-02 (6623) 5
* 40745: obj =   1.178571077e+03 inf =   3.146e-02 (6545) 5
* 41251: obj =   1.178570727e+03 inf =   2.863e-02 (6520) 4
* 41758: obj =   1.178570496e+03 inf =   2.626e-02 (6452) 5
* 42260: obj =   1.168353817e+03 inf =   2.499e-02 (6390) 5
* 42736: obj =   1.168353603e+03 inf =   2.367e-02 (6324) 4
* 43237: obj =   1.168353405e+03 inf =   2.202e-02 (6271) 5
* 43726: obj =   1.168353265e+03 inf =   2.147e-02 (6215) 5
* 44204: obj =   1.113397554e+03 inf =   2.070e-02 (6146) 4
* 44674: obj =   1.113395752e+03 inf =   2.060e-02 (6101) 5
* 45149: obj =   1.104495774e+03 inf =   2.016e-02 (6121) 5
* 45611: obj =   1.104493448e+03 inf =   1.907e-02 (6025) 4
* 46055: obj =   1.104492610e+03 inf =   1.850e-02 (6006) 4
* 46490: obj =   1.104492011e+03 inf =   1.737e-02 (5985) 5
* 46902: obj =   1.104491550e+03 inf =   1.601e-02 (5918) 4
* 47341: obj =   1.104491272e+03 inf =   1.511e-02 (5902) 4
* 47815: obj =   1.104490856e+03 inf =   1.446e-02 (5851) 4
* 48309: obj =   1.104490533e+03 inf =   1.531e-02 (5810) 5
* 48841: obj =   1.104490372e+03 inf =   1.780e-02 (5766) 5
* 49404: obj =   1.092286702e+03 inf =   1.822e-02 (5759) 6
* 49974: obj =   1.087146375e+03 inf =   1.974e-02 (5589) 5
* 50544: obj =   1.085031208e+03 inf =   2.036e-02 (5506) 5
* 51084: obj =   1.083576219e+03 inf =   2.022e-02 (5469) 5
* 51619: obj =   1.054976104e+03 inf =   2.002e-02 (5371) 5
* 52141: obj =   1.037300052e+03 inf =   1.971e-02 (5330) 5
* 52672: obj =   1.037299811e+03 inf =   1.934e-02 (5278) 5
* 53190: obj =   1.033552629e+03 inf =   2.096e-02 (5238) 5
* 53804: obj =   1.028824302e+03 inf =   2.150e-02 (118612) 6
* 54306: obj =   1.028824011e+03 inf =   2.309e-02 (118588) 5
* 54743: obj =   1.028823634e+03 inf =   2.482e-02 (118567) 4
* 55207: obj =   1.028823427e+03 inf =   2.462e-02 (118605) 4
* 55635: obj =   1.028820034e+03 inf =   2.392e-02 (7417) 4
* 56096: obj =   1.028819764e+03 inf =   2.520e-02 (7329) 5
* 56550: obj =   1.028819650e+03 inf =   2.498e-02 (7224) 4
* 57004: obj =   1.028819489e+03 inf =   2.507e-02 (7170) 4
* 57442: obj =   1.028819337e+03 inf =   2.446e-02 (7104) 5
* 57875: obj =   1.028818604e+03 inf =   2.428e-02 (7191) 4
* 58345: obj =   1.028818442e+03 inf =   2.423e-02 (7058) 4
* 58810: obj =   1.028818358e+03 inf =   2.348e-02 (6967) 5
* 59282: obj =   1.028818009e+03 inf =   2.263e-02 (6854) 4
* 59735: obj =   1.028816910e+03 inf =   2.249e-02 (6698) 5
* 60226: obj =   1.028816277e+03 inf =   2.280e-02 (6574) 4
* 60764: obj =   1.028800387e+03 inf =   2.293e-02 (5560) 6
* 61313: obj =   1.028792333e+03 inf =   2.318e-02 (5495) 5
* 61856: obj =   1.028789207e+03 inf =   2.575e-02 (5434) 5
* 62462: obj =   1.028787783e+03 inf =   3.119e-02 (5350) 6
* 63074: obj =   1.028787605e+03 inf =   3.021e-02 (5240) 5
* 63617: obj =   1.028787385e+03 inf =   3.031e-02 (5212) 5
* 64125: obj =   1.028787195e+03 inf =   2.980e-02 (5187) 5
* 64676: obj =   1.022948751e+03 inf =   2.932e-02 (6509) 6
* 65212: obj =   1.021883829e+03 inf =   2.942e-02 (5209) 5
* 65671: obj =   1.021883677e+03 inf =   3.191e-02 (5174) 4
* 66207: obj =   1.021883570e+03 inf =   3.282e-02 (5157) 5
* 66709: obj =   1.021883449e+03 inf =   3.185e-02 (5129) 5
* 67217: obj =   1.018665790e+03 inf =   3.211e-02 (5132) 5
* 67747: obj =   1.001787402e+03 inf =   3.250e-02 (5046) 5
* 68277: obj =   1.001787187e+03 inf =   3.162e-02 (4948) 5
* 68774: obj =   9.937267583e+02 inf =   3.056e-02 (4948) 4
* 69287: obj =   9.908226948e+02 inf =   3.010e-02 (4853) 5
* 69889: obj =   9.794379976e+02 inf =   2.975e-02 (14997) 4
* 70373: obj =   9.794378172e+02 inf =   2.975e-02 (14861) 5
* 70804: obj =   9.794372824e+02 inf =   3.008e-02 (14746) 4
* 71261: obj =   9.794326196e+02 inf =   2.901e-02 (6615) 4
* 71723: obj =   9.794323999e+02 inf =   2.877e-02 (6544) 5
* 72171: obj =   9.794321313e+02 inf =   2.860e-02 (6611) 4
* 72631: obj =   9.794319601e+02 inf =   2.777e-02 (6577) 5
* 73088: obj =   9.794310819e+02 inf =   2.661e-02 (6567) 4
* 73561: obj =   9.794298445e+02 inf =   2.692e-02 (6315) 4
* 74045: obj =   9.794294486e+02 inf =   2.697e-02 (6207) 5
* 74558: obj =   9.794293001e+02 inf =   2.658e-02 (6154) 5
* 75092: obj =   9.794234293e+02 inf =   2.645e-02 (5120) 5
* 75602: obj =   9.794226717e+02 inf =   2.696e-02 (5033) 5
* 76132: obj =   9.794207538e+02 inf =   2.776e-02 (4971) 5
* 76709: obj =   9.729045474e+02 inf =   2.780e-02 (4884) 6
* 77234: obj =   9.609358970e+02 inf =   2.716e-02 (5886) 5
* 77700: obj =   9.609357264e+02 inf =   2.844e-02 (5841) 4
* 78218: obj =   9.594646757e+02 inf =   3.084e-02 (4754) 5
* 78689: obj =   9.523939825e+02 inf =   3.032e-02 (4700) 4
* 79190: obj =   9.516802264e+02 inf =   2.954e-02 (4697) 5
* 79752: obj =   9.423825787e+02 inf =   2.940e-02 (15070) 5
* 80251: obj =   9.359226478e+02 inf =   3.005e-02 (14946) 4
* 80722: obj =   9.359223498e+02 inf =   2.976e-02 (14768) 5
* 81183: obj =   9.359175259e+02 inf =   2.920e-02 (6276) 4
* 81659: obj =   9.359173247e+02 inf =   2.903e-02 (6213) 5
* 82095: obj =   9.359172519e+02 inf =   2.899e-02 (6129) 4
* 82562: obj =   9.359170540e+02 inf =   2.878e-02 (6074) 5
* 83038: obj =   9.359161510e+02 inf =   2.953e-02 (6110) 4
* 83524: obj =   9.359151391e+02 inf =   2.984e-02 (5962) 5
* 84022: obj =   9.359150172e+02 inf =   2.992e-02 (5848) 5
* 84530: obj =   9.359149130e+02 inf =   2.959e-02 (5794) 5
* 85042: obj =   9.359129742e+02 inf =   2.956e-02 (4718) 5
* 85580: obj =   9.359085807e+02 inf =   2.985e-02 (4688) 5
* 86130: obj =   9.359078529e+02 inf =   3.018e-02 (4621) 5
* 86607: obj =   9.359076609e+02 inf =   3.006e-02 (4589) 5
* 87136: obj =   9.317765028e+02 inf =   3.020e-02 (4449) 4
* 87712: obj =   9.193790569e+02 inf =   3.006e-02 (4352) 6
* 88302: obj =   9.193789403e+02 inf =   3.009e-02 (4273) 5
* 88860: obj =   9.141315678e+02 inf =   2.988e-02 (14954) 5
* 89329: obj =   9.141312788e+02 inf =   3.032e-02 (14766) 5
* 89789: obj =   9.141308302e+02 inf =   2.985e-02 (14649) 4
* 90262: obj =   9.141260978e+02 inf =   2.978e-02 (6042) 5
* 90733: obj =   9.141259913e+02 inf =   2.937e-02 (5983) 4
* 91210: obj =   9.141245249e+02 inf =   2.920e-02 (5864) 5
* 91698: obj =   9.141234173e+02 inf =   2.888e-02 (5731) 5
* 92212: obj =   9.141230484e+02 inf =   2.888e-02 (5580) 4
* 92745: obj =   9.141220762e+02 inf =   2.890e-02 (4547) 6
* 93288: obj =   9.102157962e+02 inf =   2.826e-02 (118563) 5
* 93871: obj =   9.056021663e+02 inf =   2.760e-02 (4214) 5
* 94437: obj =   9.056018731e+02 inf =   2.803e-02 (4131) 5
* 95020: obj =   9.003977665e+02 inf =   2.854e-02 (3845) 5
* 95708: obj =   7.302831570e+02 inf =   2.866e-02 (3698) 3
* 96236: obj =   7.302830920e+02 inf =   2.861e-02 (3701) 6
* 96763: obj =   7.302830058e+02 inf =   2.891e-02 (3682) 5
* 97291: obj =   7.273292027e+02 inf =   2.804e-02 (3704) 5
* 97877: obj =   7.210213798e+02 inf =   2.831e-02 (3629) 5
* 98421: obj =   7.199127408e+02 inf =   2.843e-02 (3545) 6
* 99107: obj =   5.705699555e+02 inf =   2.830e-02 (3355) 4
* 99670: obj =   5.648595195e+02 inf =   2.846e-02 (3433) 5
*100267: obj =   5.648593463e+02 inf =   2.871e-02 (3360) 5
*100749: obj =   5.648592401e+02 inf =   2.895e-02 (3369) 5
*101244: obj =   5.630439358e+02 inf =   2.834e-02 (3221) 5
*101751: obj =   5.630438780e+02 inf =   2.831e-02 (3185) 5
*102263: obj =   5.597386908e+02 inf =   2.802e-02 (3173) 5
*102784: obj =   5.563469998e+02 inf =   2.734e-02 (3134) 4
*103296: obj =   5.513040926e+02 inf =   2.709e-02 (3219) 5
*103843: obj =   5.513028651e+02 inf =   2.771e-02 (3185) 6
*104423: obj =   5.512823694e+02 inf =   2.850e-02 (3150) 5
*105013: obj =   5.435719285e+02 inf =   2.819e-02 (3079) 6
*105683: obj =   4.109843039e+02 inf =   2.817e-02 (2994) 5
*106256: obj =   4.040762097e+02 inf =   2.823e-02 (2889) 5
*106824: obj =   3.590499468e+02 inf =   2.797e-02 (2852) 5
*107409: obj =   3.257534270e+02 inf =   2.732e-02 (2782) 5
*108013: obj =   3.023917796e+02 inf =   2.707e-02 (2706) 5
*108523: obj =   3.023916979e+02 inf =   2.733e-02 (2672) 5
*109049: obj =   2.998615463e+02 inf =   2.684e-02 (2627) 5
*109572: obj =   2.984323351e+02 inf =   2.650e-02 (2551) 4
*110090: obj =   2.965702000e+02 inf =   2.643e-02 (2600) 5
*110602: obj =   2.943900142e+02 inf =   2.691e-02 (2549) 5
*111182: obj =   2.900949998e+02 inf =   2.732e-02 (2539) 6
*111735: obj =   2.846732850e+02 inf =   2.693e-02 (3872) 5
*112258: obj =   2.846668265e+02 inf =   2.673e-02 (2514) 5
*112739: obj =   2.827094682e+02 inf =   2.644e-02 (2593) 5
*113251: obj =   2.827090133e+02 inf =   2.659e-02 (2586) 5
*113801: obj =   2.681453187e+02 inf =   2.691e-02 (2489) 5
*114385: obj =   2.608322051e+02 inf =   2.672e-02 (2395) 6
*114977: obj =   2.574425879e+02 inf =   2.656e-02 (3726) 6
*115562: obj =   2.554511552e+02 inf =   2.669e-02 (3694) 5
*116123: obj =   2.427120373e+02 inf =   2.620e-02 (3686) 5
*116673: obj =   2.389699417e+02 inf =   2.603e-02 (2324) 6
*117269: obj =   2.288693054e+02 inf =   2.611e-02 (3593) 5
*117832: obj =   2.231238591e+02 inf =   2.598e-02 (2226) 6
*118437: obj =   2.169860527e+02 inf =   2.602e-02 (3517) 6
*118990: obj =   1.835385889e+02 inf =   2.585e-02 (3473) 5
*119575: obj =   1.835382762e+02 inf =   2.594e-02 (3396) 5
*120154: obj =   1.742210614e+02 inf =   2.620e-02 (3339) 6
*120750: obj =   1.732532640e+02 inf =   2.645e-02 (3250) 6
*121421: obj =   1.721681912e+02 inf =   2.646e-02 (2965) 3
*122031: obj =   1.700996469e+02 inf =   2.646e-02 (2785) 4
*122628: obj =   1.697451233e+02 inf =   2.794e-02 (2515) 3
*123067: obj =   1.697450857e+02 inf =   3.279e-02 (2511) 4
*123511: obj =   1.697450632e+02 inf =   3.747e-02 (2497) 4
*124046: obj =   1.697450450e+02 inf =   4.077e-02 (2394) 4
*124635: obj =   1.697450305e+02 inf =   4.204e-02 (2113) 3
*125221: obj =   1.697425284e+02 inf =   3.963e-02 (1983) 4
*125699: obj =   1.697424539e+02 inf =   3.401e-02 (1905) 5
*126197: obj =   1.697424131e+02 inf =   3.077e-02 (1806) 5
*126724: obj =   1.694950341e+02 inf =   3.114e-02 (1916) 5
*127182: obj =   1.694950025e+02 inf =   3.391e-02 (1927) 4
*127600: obj =   1.694949862e+02 inf =   3.603e-02 (1904) 4
*128047: obj =   1.694949728e+02 inf =   3.898e-02 (1850) 5
*128555: obj =   1.694933264e+02 inf =   3.640e-02 (1919) 4
*129000: obj =   1.694932425e+02 inf =   3.480e-02 (1821) 5
*129549: obj =   1.688024549e+02 inf =   3.535e-02 (1822) 5
*130002: obj =   1.688024259e+02 inf =   3.554e-02 (1799) 4
*130436: obj =   1.688024111e+02 inf =   3.856e-02 (1746) 4
*130907: obj =   1.688024059e+02 inf =   3.935e-02 (1685) 5
*131451: obj =   1.688010548e+02 inf =   3.781e-02 (1832) 5
*131901: obj =   1.688009743e+02 inf =   3.520e-02 (1772) 4
*132471: obj =   1.686629836e+02 inf =   3.565e-02 (1672) 6
*132929: obj =   1.686629615e+02 inf =   3.548e-02 (1633) 4
*133397: obj =   1.686629528e+02 inf =   3.592e-02 (1518) 4
*133950: obj =   1.685816324e+02 inf =   3.577e-02 (1484) 5
*134523: obj =   1.684892211e+02 inf =   3.479e-02 (1316) 6
*135137: obj =   1.683430505e+02 inf =   3.394e-02 (1001) 5
*135772: obj =   1.682072945e+02 inf =   3.281e-02 (518) 5
*136419: obj =   1.680490271e+02 inf =   3.214e-02 (36) 5
Removing LP perturbation [136457]...
*136457: obj =   1.680551100e+02 inf =   0.000e+00 (0)
OPTIMAL LP SOLUTION FOUND
Integer optimization begins...
Long-step dual simplex will be used
+136457: mip =     not found yet >=              -inf        (1; 0)
+136457: >>>>>   1.680551100e+02 >=   1.680551100e+02   0.0% (1; 0)
+136457: mip =   1.680551100e+02 >=     tree is empty   0.0% (0; 1)
INTEGER OPTIMAL SOLUTION FOUND
Time used:   1336.1 secs
Memory used: 298.6 Mb (313073950 bytes)
Writing MIP solution to 'input/cit-HepTh.html/cit-HepTh.txt.gz.56.lp.reach_chain_detours.lp.sol'...
Objective:  obj = 168.05511 (MINimum)
