	Command being timed: "/usr/app/src/glpk-5.0/examples/glpsol --lp input/as-Caida.html/as-caida20071105.txt.gz.364.lp -o input/as-Caida.html/as-caida20071105.txt.gz.364.lp.sol"
	User time (seconds): 39599.80
	System time (seconds): 53.56
	Percent of CPU this job got: 99%
	Elapsed (wall clock) time (h:mm:ss or m:ss): 11:01:35
	Average shared text size (kbytes): 0
	Average unshared data size (kbytes): 0
	Average stack size (kbytes): 0
	Average total size (kbytes): 0
	Maximum resident set size (kbytes): 288092
	Average resident set size (kbytes): 0
	Major (requiring I/O) page faults: 0
	Minor (reclaiming a frame) page faults: 2959354
	Voluntary context switches: 2103
	Involuntary context switches: 143701
	Swaps: 0
	File system inputs: 0
	File system outputs: 100176
	Socket messages sent: 0
	Socket messages received: 0
	Signals delivered: 0
	Page size (bytes): 4096
	Exit status: 0
