	Command being timed: "/usr/app/src/glpk-5.0/examples/glpsol --lp input/gemsec-Deezer.html/HU_edges.csv.gz.8.lp -o input/gemsec-Deezer.html/HU_edges.csv.gz.8.lp.sol"
	User time (seconds): 1487.10
	System time (seconds): 1.32
	Percent of CPU this job got: 99%
	Elapsed (wall clock) time (h:mm:ss or m:ss): 24:48.57
	Average shared text size (kbytes): 0
	Average unshared data size (kbytes): 0
	Average stack size (kbytes): 0
	Average total size (kbytes): 0
	Maximum resident set size (kbytes): 571732
	Average resident set size (kbytes): 0
	Major (requiring I/O) page faults: 0
	Minor (reclaiming a frame) page faults: 438767
	Voluntary context switches: 159
	Involuntary context switches: 2965
	Swaps: 0
	File system inputs: 0
	File system outputs: 104048
	Socket messages sent: 0
	Socket messages received: 0
	Signals delivered: 0
	Page size (bytes): 4096
	Exit status: 0
