GLPSOL--GLPK LP/MIP Solver 5.0
Parameter(s) specified in the command line:
 --lp input/Oregon-2.html/oregon2_010512.txt.gz.23.lp -o input/Oregon-2.html/oregon2_010512.txt.gz.23.lp.sol
Reading problem data from 'input/Oregon-2.html/oregon2_010512.txt.gz.23.lp'...
31307 rows, 73868 columns, 156522 non-zeros
73868 integer variables, all of which are binary
105180 lines were read
GLPK Integer Optimizer 5.0
31307 rows, 73868 columns, 156522 non-zeros
73868 integer variables, all of which are binary
Preprocessing...
1 hidden packing inequaliti(es) were detected
30909 rows, 73442 columns, 152330 non-zeros
73442 integer variables, all of which are binary
Scaling...
 A: min|aij| =  1.000e+00  max|aij| =  1.000e+00  ratio =  1.000e+00
Problem data seem to be well scaled
Constructing initial basis...
Size of triangular part is 30909
Solving LP relaxation...
GLPK Simplex Optimizer 5.0
30909 rows, 73442 columns, 152330 non-zeros
      0: obj =   0.000000000e+00 inf =   2.320e+02 (232)
    232: obj =   6.034766100e+01 inf =   0.000e+00 (0)
Perturbing LP to avoid stalling [434]...
*  2247: obj =   4.724098700e+01 inf =   4.330e-15 (520) 16
Removing LP perturbation [3825]...
*  3825: obj =   2.353138270e+01 inf =   7.772e-16 (0) 14
OPTIMAL LP SOLUTION FOUND
Integer optimization begins...
Long-step dual simplex will be used
+  3825: mip =     not found yet >=              -inf        (1; 0)
+  3826: mip =     not found yet >=   2.353185600e+01        (3; 0)
+  3871: mip =     not found yet >=   2.354960157e+01        (5; 0)
+  3892: mip =     not found yet >=   2.354960157e+01        (7; 0)
+  3937: mip =     not found yet >=   2.354960157e+01        (9; 0)
+  3978: mip =     not found yet >=   2.354960157e+01        (11; 0)
+  4031: mip =     not found yet >=   2.354960157e+01        (13; 0)
+  4063: mip =     not found yet >=   2.354960157e+01        (15; 0)
+  4111: mip =     not found yet >=   2.354960157e+01        (17; 0)
+  4137: mip =     not found yet >=   2.354960157e+01        (19; 0)
+  4167: mip =     not found yet >=   2.354960157e+01        (21; 0)
Time used: 61.7 secs.  Memory used: 70.8 Mb.
+  4215: mip =     not found yet >=   2.354960157e+01        (23; 0)
+  4269: mip =     not found yet >=   2.354960157e+01        (25; 0)
+  4293: mip =     not found yet >=   2.354960157e+01        (27; 0)
+  4325: mip =     not found yet >=   2.354960157e+01        (29; 0)
+  4396: mip =     not found yet >=   2.354960157e+01        (31; 0)
+  4398: mip =     not found yet >=   2.354960157e+01        (33; 0)
+  4401: mip =     not found yet >=   2.354960157e+01        (35; 0)
+  4416: >>>>>   2.649309100e+01 >=   2.354960157e+01  11.1% (36; 0)
+  4424: mip =   2.649309100e+01 >=   2.354991964e+01  11.1% (37; 1)
+  4477: mip =   2.649309100e+01 >=   2.354991964e+01  11.1% (39; 1)
+  4502: mip =   2.649309100e+01 >=   2.354991964e+01  11.1% (41; 1)
Time used: 123.6 secs.  Memory used: 71.4 Mb.
+  4559: mip =   2.649309100e+01 >=   2.354991964e+01  11.1% (43; 1)
+  4620: mip =   2.649309100e+01 >=   2.354991964e+01  11.1% (45; 1)
+  4680: mip =   2.649309100e+01 >=   2.354991964e+01  11.1% (47; 1)
+  4720: mip =   2.649309100e+01 >=   2.354991964e+01  11.1% (49; 1)
+  4742: mip =   2.649309100e+01 >=   2.354991964e+01  11.1% (51; 1)
+  4784: mip =   2.649309100e+01 >=   2.354991964e+01  11.1% (53; 1)
+  4809: mip =   2.649309100e+01 >=   2.354991964e+01  11.1% (55; 1)
+  4847: mip =   2.649309100e+01 >=   2.354991964e+01  11.1% (57; 1)
+  4849: mip =   2.649309100e+01 >=   2.354991964e+01  11.1% (59; 1)
+  4919: >>>>>   2.644474700e+01 >=   2.354991964e+01  10.9% (60; 1)
Time used: 185.5 secs.  Memory used: 73.6 Mb.
+  4953: mip =   2.644474700e+01 >=   2.355173704e+01  10.9% (55; 14)
+  5015: mip =   2.644474700e+01 >=   2.355173704e+01  10.9% (57; 14)
+  5046: mip =   2.644474700e+01 >=   2.355173704e+01  10.9% (59; 14)
+  5091: mip =   2.644474700e+01 >=   2.355173704e+01  10.9% (61; 14)
+  5127: mip =   2.644474700e+01 >=   2.355173704e+01  10.9% (63; 14)
+  5157: mip =   2.644474700e+01 >=   2.355173704e+01  10.9% (65; 14)
+  5183: mip =   2.644474700e+01 >=   2.355173704e+01  10.9% (67; 14)
+  5194: mip =   2.644474700e+01 >=   2.355173704e+01  10.9% (69; 14)
+  5253: mip =   2.644474700e+01 >=   2.355173704e+01  10.9% (71; 14)
+  5255: mip =   2.644474700e+01 >=   2.355173704e+01  10.9% (73; 14)
Time used: 245.9 secs.  Memory used: 75.5 Mb.
+  5257: mip =   2.644474700e+01 >=   2.355173704e+01  10.9% (75; 14)
+  5289: mip =   2.644474700e+01 >=   2.355173704e+01  10.9% (77; 14)
+  5309: mip =   2.644474700e+01 >=   2.355173704e+01  10.9% (79; 14)
+  5339: mip =   2.644474700e+01 >=   2.355437313e+01  10.9% (80; 15)
+  5367: mip =   2.644474700e+01 >=   2.355437313e+01  10.9% (82; 15)
+  5393: mip =   2.644474700e+01 >=   2.355437313e+01  10.9% (84; 15)
+  5404: mip =   2.644474700e+01 >=   2.355437313e+01  10.9% (86; 15)
+  5436: mip =   2.644474700e+01 >=   2.355437313e+01  10.9% (88; 15)
+  5508: mip =   2.644474700e+01 >=   2.355437313e+01  10.9% (90; 15)
+  5521: mip =   2.644474700e+01 >=   2.355437313e+01  10.9% (92; 15)
Time used: 307.7 secs.  Memory used: 76.2 Mb.
+  5527: mip =   2.644474700e+01 >=   2.355437313e+01  10.9% (94; 15)
+  5551: mip =   2.644474700e+01 >=   2.355437313e+01  10.9% (96; 15)
+  5603: mip =   2.644474700e+01 >=   2.355437313e+01  10.9% (98; 15)
+  5621: mip =   2.644474700e+01 >=   2.355437313e+01  10.9% (100; 15)
+  5635: mip =   2.644474700e+01 >=   2.355437313e+01  10.9% (102; 15)
+  5697: mip =   2.644474700e+01 >=   2.355437313e+01  10.9% (104; 15)
+  5722: mip =   2.644474700e+01 >=   2.355437313e+01  10.9% (106; 15)
+  5772: mip =   2.644474700e+01 >=   2.355487200e+01  10.9% (107; 16)
+  5797: mip =   2.644474700e+01 >=   2.357863165e+01  10.8% (109; 16)
+  5800: mip =   2.644474700e+01 >=   2.357863165e+01  10.8% (111; 16)
Time used: 369.6 secs.  Memory used: 78.0 Mb.
+  5840: mip =   2.644474700e+01 >=   2.357863165e+01  10.8% (113; 16)
+  5856: mip =   2.644474700e+01 >=   2.357863165e+01  10.8% (115; 16)
+  5892: mip =   2.644474700e+01 >=   2.357863165e+01  10.8% (117; 16)
+  5900: mip =   2.644474700e+01 >=   2.357863165e+01  10.8% (119; 16)
+  5960: >>>>>   2.398158200e+01 >=   2.357863165e+01   1.7% (120; 16)
+  6063: >>>>>   2.376976300e+01 >=   2.357994839e+01   0.8% (25; 207)
+  6100: mip =   2.376976300e+01 >=   2.359872074e+01   0.7% (14; 230)
+  6189: >>>>>   2.374980900e+01 >=   2.361361765e+01   0.6% (14; 231)
+  6211: mip =   2.374980900e+01 >=   2.361399200e+01   0.6% (11; 238)
+  6268: mip =   2.374980900e+01 >=   2.361820700e+01   0.6% (11; 240)
+  6347: mip =   2.374980900e+01 >=   2.363699400e+01   0.5% (10; 248)
Time used: 432.9 secs.  Memory used: 80.1 Mb.
+  6434: mip =   2.374980900e+01 >=   2.371945800e+01   0.1% (4; 269)
+  6473: mip =   2.374980900e+01 >=   2.374788986e+01 < 0.1% (1; 275)
+  6478: mip =   2.374980900e+01 >=     tree is empty   0.0% (0; 281)
INTEGER OPTIMAL SOLUTION FOUND
Time used:   457.3 secs
Memory used: 97.2 Mb (101952094 bytes)
Writing MIP solution to 'input/Oregon-2.html/oregon2_010512.txt.gz.23.lp.sol'...
Objective:  obj = 23.749809 (MINimum)
