GLPSOL--GLPK LP/MIP Solver 5.0
Parameter(s) specified in the command line:
 --lp input/soc-sign-bitcoin-otc.html/soc-sign-bitcoinotc.csv.gz.82.lp.reach_chain_detours.lp
 -o input/soc-sign-bitcoin-otc.html/soc-sign-bitcoinotc.csv.gz.82.lp.reach_chain_detours.lp.sol
Reading problem data from 'input/soc-sign-bitcoin-otc.html/soc-sign-bitcoinotc.csv.gz.82.lp.reach_chain_detours.lp'...
30149 rows, 63515 columns, 150732 non-zeros
63515 integer variables, all of which are binary
93669 lines were read
GLPK Integer Optimizer 5.0
30149 rows, 63515 columns, 150732 non-zeros
63515 integer variables, all of which are binary
Preprocessing...
29739 rows, 63105 columns, 148297 non-zeros
63105 integer variables, all of which are binary
Scaling...
 A: min|aij| =  1.000e+00  max|aij| =  1.000e+00  ratio =  1.000e+00
Problem data seem to be well scaled
Constructing initial basis...
Size of triangular part is 29739
Solving LP relaxation...
GLPK Simplex Optimizer 5.0
29739 rows, 63105 columns, 148297 non-zeros
      0: obj =   0.000000000e+00 inf =   3.620e+02 (362)
    362: obj =   2.430785810e+02 inf =   0.000e+00 (0)
Perturbing LP to avoid stalling [565]...
*  3089: obj =   2.357981500e+02 inf =   0.000e+00 (481) 24
*  5267: obj =   2.357981500e+02 inf =   0.000e+00 (500) 21
*  7370: obj =   2.357981500e+02 inf =   0.000e+00 (543) 19
*  9382: obj =   1.799952006e+02 inf =   3.690e-03 (7768) 20
* 11877: obj =   1.799947228e+02 inf =   1.355e-02 (7464) 25
* 14577: obj =   1.799943176e+02 inf =   1.661e-02 (7220) 26
* 17506: obj =   1.799940911e+02 inf =   1.572e-02 (6789) 28
* 20522: obj =   1.799939246e+02 inf =   1.246e-02 (6248) 29
* 22897: obj =   1.799937656e+02 inf =   2.455e-02 (5994) 22
* 24791: obj =   1.799935652e+02 inf =   2.885e-02 (5857) 18
* 26731: obj =   1.799932335e+02 inf =   3.787e-02 (5613) 18
* 28785: obj =   1.799930321e+02 inf =   3.173e-02 (5405) 19
* 30874: obj =   1.799926827e+02 inf =   3.230e-02 (5027) 20
* 32762: obj =   1.799923466e+02 inf =   3.333e-02 (4772) 17
* 34895: obj =   1.799919047e+02 inf =   3.871e-02 (4490) 19
* 36919: obj =   1.799915719e+02 inf =   3.762e-02 (4253) 20
* 38904: obj =   1.799911586e+02 inf =   4.300e-02 (3990) 19
* 40986: obj =   1.799902750e+02 inf =   4.260e-02 (3762) 19
* 43363: obj =   1.734867807e+02 inf =   3.796e-02 (3434) 21
* 45634: obj =   1.686236665e+02 inf =   3.577e-02 (3119) 21
* 48008: obj =   1.639940477e+02 inf =   3.323e-02 (2754) 22
* 50116: obj =   1.628882580e+02 inf =   2.878e-02 (2492) 19
* 52479: obj =   1.554751145e+02 inf =   2.505e-02 (2127) 21
* 54864: obj =   1.490173262e+02 inf =   2.278e-02 (1701) 22
* 57151: obj =   1.437434119e+02 inf =   2.082e-02 (1313) 20
* 59092: obj =   1.380746043e+02 inf =   1.789e-02 (818) 19
Removing LP perturbation [60401]...
* 60401: obj =   1.362239290e+02 inf =   1.503e-13 (0) 12
OPTIMAL LP SOLUTION FOUND
Integer optimization begins...
Long-step dual simplex will be used
+ 60401: mip =     not found yet >=              -inf        (1; 0)
Solution found by heuristic: 158.194906
+ 60401: mip =   1.581949060e+02 >=   1.362280680e+02  13.9% (2; 0)
+ 60454: mip =   1.581949060e+02 >=   1.362342170e+02  13.9% (3; 0)
+ 60483: mip =   1.581949060e+02 >=   1.362342170e+02  13.9% (4; 0)
+ 60524: mip =   1.581949060e+02 >=   1.362342170e+02  13.9% (5; 0)
Time used: 62.9 secs.  Memory used: 65.4 Mb.
+ 60537: mip =   1.581949060e+02 >=   1.362342170e+02  13.9% (6; 0)
+ 60556: mip =   1.581949060e+02 >=   1.362342170e+02  13.9% (7; 0)
+ 60589: mip =   1.581949060e+02 >=   1.362342170e+02  13.9% (8; 0)
+ 60609: mip =   1.581949060e+02 >=   1.362342170e+02  13.9% (9; 0)
+ 60628: mip =   1.581949060e+02 >=   1.362342170e+02  13.9% (10; 0)
Time used: 136.4 secs.  Memory used: 65.4 Mb.
+ 60635: mip =   1.581949060e+02 >=   1.362342170e+02  13.9% (11; 0)
+ 60669: mip =   1.581949060e+02 >=   1.362342170e+02  13.9% (12; 0)
+ 60686: mip =   1.581949060e+02 >=   1.362342170e+02  13.9% (13; 0)
+ 60710: mip =   1.581949060e+02 >=   1.362342170e+02  13.9% (14; 0)
+ 60741: mip =   1.581949060e+02 >=   1.362342170e+02  13.9% (15; 0)
Time used: 209.7 secs.  Memory used: 65.4 Mb.
+ 60751: mip =   1.581949060e+02 >=   1.362342170e+02  13.9% (16; 0)
+ 60787: mip =   1.581949060e+02 >=   1.362342170e+02  13.9% (17; 0)
+ 60803: mip =   1.581949060e+02 >=   1.362342170e+02  13.9% (18; 0)
+ 60847: mip =   1.581949060e+02 >=   1.362342170e+02  13.9% (19; 0)
Time used: 270.1 secs.  Memory used: 65.4 Mb.
+ 60873: mip =   1.581949060e+02 >=   1.362342170e+02  13.9% (20; 0)
+ 60906: mip =   1.581949060e+02 >=   1.362342170e+02  13.9% (21; 0)
Solution found by heuristic: 157.276571
+ 60919: mip =   1.572765710e+02 >=   1.362342170e+02  13.4% (22; 0)
Solution found by heuristic: 156.580115
+ 60938: mip =   1.565801150e+02 >=   1.362342170e+02  13.0% (23; 0)
+ 60964: mip =   1.565801150e+02 >=   1.362342170e+02  13.0% (24; 0)
Time used: 343.8 secs.  Memory used: 65.5 Mb.
+ 61029: mip =   1.565801150e+02 >=   1.362342170e+02  13.0% (25; 0)
Solution found by heuristic: 153.75115
+ 61142: mip =   1.537511500e+02 >=   1.362342170e+02  11.4% (26; 0)
+ 61237: mip =   1.537511500e+02 >=   1.362342170e+02  11.4% (27; 0)
+ 61244: mip =   1.537511500e+02 >=   1.362342170e+02  11.4% (28; 0)
Time used: 404.2 secs.  Memory used: 65.5 Mb.
+ 61253: mip =   1.537511500e+02 >=   1.362342170e+02  11.4% (29; 0)
+ 61277: mip =   1.537511500e+02 >=   1.362342170e+02  11.4% (30; 0)
+ 61295: mip =   1.537511500e+02 >=   1.362342170e+02  11.4% (31; 0)
+ 61302: mip =   1.537511500e+02 >=   1.362342170e+02  11.4% (32; 0)
+ 61312: mip =   1.537511500e+02 >=   1.362342170e+02  11.4% (33; 0)
Time used: 478.3 secs.  Memory used: 65.5 Mb.
+ 61352: mip =   1.537511500e+02 >=   1.362342170e+02  11.4% (34; 0)
+ 61362: mip =   1.537511500e+02 >=   1.362342170e+02  11.4% (35; 0)
Solution found by heuristic: 151.561627
+ 61469: mip =   1.515616270e+02 >=   1.362342170e+02  10.1% (36; 0)
Solution found by heuristic: 145.409086
+ 61515: mip =   1.454090860e+02 >=   1.362342170e+02   6.3% (37; 0)
Time used: 538.4 secs.  Memory used: 65.5 Mb.
+ 61537: >>>>>   1.440516120e+02 >=   1.362342170e+02   5.4% (37; 0)
+ 61561: mip =   1.440516120e+02 >=   1.363998620e+02   5.3% (36; 3)
+ 61577: mip =   1.440516120e+02 >=   1.364111439e+02   5.3% (37; 3)
+ 61590: mip =   1.440516120e+02 >=   1.364111439e+02   5.3% (38; 3)
+ 61602: mip =   1.440516120e+02 >=   1.364111439e+02   5.3% (39; 3)
+ 61609: mip =   1.440516120e+02 >=   1.364111439e+02   5.3% (40; 3)
Time used: 611.4 secs.  Memory used: 65.5 Mb.
+ 61627: mip =   1.440516120e+02 >=   1.364111439e+02   5.3% (41; 3)
+ 61638: mip =   1.440516120e+02 >=   1.364111439e+02   5.3% (42; 3)
+ 61710: mip =   1.440516120e+02 >=   1.364111439e+02   5.3% (43; 3)
+ 61717: mip =   1.440516120e+02 >=   1.364111439e+02   5.3% (44; 3)
+ 61752: mip =   1.440516120e+02 >=   1.364111439e+02   5.3% (45; 3)
Time used: 684.7 secs.  Memory used: 65.5 Mb.
+ 61762: mip =   1.440516120e+02 >=   1.364111439e+02   5.3% (46; 3)
+ 61764: mip =   1.440516120e+02 >=   1.364111439e+02   5.3% (47; 3)
+ 61778: mip =   1.440516120e+02 >=   1.364111439e+02   5.3% (48; 3)
+ 61825: mip =   1.440516120e+02 >=   1.364111439e+02   5.3% (49; 3)
+ 61842: mip =   1.440516120e+02 >=   1.364111439e+02   5.3% (50; 3)
Time used: 758.1 secs.  Memory used: 65.5 Mb.
+ 61845: mip =   1.440516120e+02 >=   1.364111439e+02   5.3% (51; 3)
+ 61883: mip =   1.440516120e+02 >=   1.364111439e+02   5.3% (52; 3)
+ 61915: mip =   1.440516120e+02 >=   1.364111439e+02   5.3% (53; 3)
+ 61985: mip =   1.440516120e+02 >=   1.364111439e+02   5.3% (54; 3)
Time used: 823.1 secs.  Memory used: 65.5 Mb.
+ 61987: mip =   1.440516120e+02 >=   1.364111439e+02   5.3% (55; 3)
+ 61996: mip =   1.440516120e+02 >=   1.364111439e+02   5.3% (56; 3)
+ 62022: mip =   1.440516120e+02 >=   1.364111439e+02   5.3% (57; 3)
+ 62081: mip =   1.440516120e+02 >=   1.364111439e+02   5.3% (58; 3)
Time used: 888.1 secs.  Memory used: 65.5 Mb.
+ 62085: mip =   1.440516120e+02 >=   1.364111439e+02   5.3% (59; 3)
+ 62143: mip =   1.440516120e+02 >=   1.364111439e+02   5.3% (60; 3)
+ 62207: mip =   1.440516120e+02 >=   1.364111439e+02   5.3% (61; 3)
+ 62231: mip =   1.440516120e+02 >=   1.364111439e+02   5.3% (62; 3)
+ 62239: mip =   1.440516120e+02 >=   1.364111439e+02   5.3% (63; 3)
Time used: 962.8 secs.  Memory used: 65.5 Mb.
+ 62248: mip =   1.440516120e+02 >=   1.364111439e+02   5.3% (64; 3)
+ 62336: mip =   1.440516120e+02 >=   1.364111439e+02   5.3% (65; 3)
+ 62361: mip =   1.440516120e+02 >=   1.364111439e+02   5.3% (66; 3)
+ 62390: mip =   1.440516120e+02 >=   1.364111439e+02   5.3% (67; 3)
Time used: 1022.9 secs.  Memory used: 65.5 Mb.
+ 62437: mip =   1.440516120e+02 >=   1.364111439e+02   5.3% (68; 3)
+ 62469: mip =   1.440516120e+02 >=   1.364189310e+02   5.3% (68; 4)
+ 62567: mip =   1.440516120e+02 >=   1.364256779e+02   5.3% (69; 4)
+ 62576: mip =   1.440516120e+02 >=   1.364256779e+02   5.3% (70; 4)
+ 62604: mip =   1.440516120e+02 >=   1.364256779e+02   5.3% (71; 4)
Time used: 1096.6 secs.  Memory used: 67.3 Mb.
+ 62638: mip =   1.440516120e+02 >=   1.364256779e+02   5.3% (72; 4)
+ 62776: mip =   1.440516120e+02 >=   1.364256779e+02   5.3% (73; 4)
Solution found by heuristic: 141.909083
+ 62801: mip =   1.419090830e+02 >=   1.364256779e+02   3.9% (74; 4)
+ 62809: mip =   1.419090830e+02 >=   1.364256779e+02   3.9% (75; 4)
+ 62819: mip =   1.419090830e+02 >=   1.364256779e+02   3.9% (76; 4)
Time used: 1170.8 secs.  Memory used: 67.3 Mb.
+ 62829: mip =   1.419090830e+02 >=   1.364256779e+02   3.9% (77; 4)
+ 62839: mip =   1.419090830e+02 >=   1.364256779e+02   3.9% (78; 4)
+ 62849: mip =   1.419090830e+02 >=   1.364256779e+02   3.9% (79; 4)
+ 62859: mip =   1.419090830e+02 >=   1.364256779e+02   3.9% (80; 4)
+ 62915: mip =   1.419090830e+02 >=   1.364256779e+02   3.9% (81; 4)
Time used: 1244.6 secs.  Memory used: 67.3 Mb.
+ 62926: mip =   1.419090830e+02 >=   1.364256779e+02   3.9% (82; 4)
+ 62963: mip =   1.419090830e+02 >=   1.364256779e+02   3.9% (83; 4)
+ 62993: mip =   1.419090830e+02 >=   1.364256779e+02   3.9% (84; 4)
+ 63003: mip =   1.419090830e+02 >=   1.364256779e+02   3.9% (85; 4)
+ 63014: mip =   1.419090830e+02 >=   1.364256779e+02   3.9% (86; 4)
Time used: 1318.3 secs.  Memory used: 67.3 Mb.
+ 63020: mip =   1.419090830e+02 >=   1.364256779e+02   3.9% (87; 4)
+ 63024: mip =   1.419090830e+02 >=   1.364256779e+02   3.9% (88; 4)
+ 63067: >>>>>   1.401802660e+02 >=   1.364256779e+02   2.7% (88; 4)
+ 63136: mip =   1.401802660e+02 >=   1.365066755e+02   2.6% (55; 71)
+ 63168: mip =   1.401802660e+02 >=   1.365066755e+02   2.6% (56; 71)
+ 63174: mip =   1.401802660e+02 >=   1.365066755e+02   2.6% (57; 71)
Time used: 1392.0 secs.  Memory used: 67.3 Mb.
+ 63197: mip =   1.401802660e+02 >=   1.365066755e+02   2.6% (58; 71)
+ 63209: mip =   1.401802660e+02 >=   1.365066755e+02   2.6% (59; 71)
+ 63214: mip =   1.401802660e+02 >=   1.365066755e+02   2.6% (60; 71)
+ 63220: mip =   1.401802660e+02 >=   1.365066755e+02   2.6% (61; 71)
+ 63241: mip =   1.401802660e+02 >=   1.365066755e+02   2.6% (62; 71)
Time used: 1465.1 secs.  Memory used: 67.3 Mb.
+ 63274: mip =   1.401802660e+02 >=   1.365066755e+02   2.6% (63; 71)
+ 63298: mip =   1.401802660e+02 >=   1.365066755e+02   2.6% (64; 71)
+ 63323: mip =   1.401802660e+02 >=   1.365066755e+02   2.6% (65; 71)
+ 63333: mip =   1.401802660e+02 >=   1.365066755e+02   2.6% (66; 71)
+ 63435: mip =   1.401802660e+02 >=   1.365066755e+02   2.6% (67; 71)
Time used: 1538.7 secs.  Memory used: 67.3 Mb.
+ 63441: mip =   1.401802660e+02 >=   1.365066755e+02   2.6% (68; 71)
+ 63595: mip =   1.401802660e+02 >=   1.365066755e+02   2.6% (69; 71)
+ 63613: mip =   1.401802660e+02 >=   1.365066755e+02   2.6% (70; 71)
+ 63623: >>>>>   1.396039990e+02 >=   1.365066755e+02   2.2% (70; 71)
+ 63633: mip =   1.396039990e+02 >=   1.365107252e+02   2.2% (58; 96)
+ 63648: mip =   1.396039990e+02 >=   1.365107252e+02   2.2% (59; 96)
Time used: 1613.0 secs.  Memory used: 67.3 Mb.
+ 63658: mip =   1.396039990e+02 >=   1.365107252e+02   2.2% (60; 96)
+ 63667: mip =   1.396039990e+02 >=   1.365107252e+02   2.2% (61; 96)
+ 63677: mip =   1.396039990e+02 >=   1.365107252e+02   2.2% (62; 96)
+ 63696: mip =   1.396039990e+02 >=   1.365107252e+02   2.2% (63; 96)
+ 63724: mip =   1.396039990e+02 >=   1.365107252e+02   2.2% (64; 96)
Time used: 1685.9 secs.  Memory used: 67.3 Mb.
+ 63734: mip =   1.396039990e+02 >=   1.365107252e+02   2.2% (65; 96)
+ 63792: mip =   1.396039990e+02 >=   1.365107252e+02   2.2% (66; 96)
+ 63806: mip =   1.396039990e+02 >=   1.365107252e+02   2.2% (67; 96)
+ 63819: mip =   1.396039990e+02 >=   1.365107252e+02   2.2% (68; 96)
+ 63911: mip =   1.396039990e+02 >=   1.365107252e+02   2.2% (69; 96)
Time used: 1759.9 secs.  Memory used: 67.3 Mb.
+ 63918: mip =   1.396039990e+02 >=   1.365107252e+02   2.2% (70; 96)
+ 63998: mip =   1.396039990e+02 >=   1.365357450e+02   2.2% (70; 97)
+ 64034: mip =   1.396039990e+02 >=   1.365357450e+02   2.2% (71; 97)
+ 64088: mip =   1.396039990e+02 >=   1.365357450e+02   2.2% (72; 97)
+ 64105: mip =   1.396039990e+02 >=   1.365357450e+02   2.2% (73; 97)
Time used: 1833.6 secs.  Memory used: 67.3 Mb.
+ 64121: mip =   1.396039990e+02 >=   1.365357450e+02   2.2% (74; 97)
+ 64129: mip =   1.396039990e+02 >=   1.365357450e+02   2.2% (75; 97)
+ 64153: mip =   1.396039990e+02 >=   1.365357450e+02   2.2% (76; 97)
+ 64182: mip =   1.396039990e+02 >=   1.365357450e+02   2.2% (77; 97)
+ 64204: mip =   1.396039990e+02 >=   1.365357450e+02   2.2% (78; 97)
Time used: 1906.8 secs.  Memory used: 67.3 Mb.
+ 64215: mip =   1.396039990e+02 >=   1.365357450e+02   2.2% (79; 97)
+ 64263: mip =   1.396039990e+02 >=   1.365357450e+02   2.2% (80; 97)
+ 64336: >>>>>   1.382711790e+02 >=   1.365357450e+02   1.3% (80; 97)
+ 64345: mip =   1.382711790e+02 >=   1.365588652e+02   1.2% (52; 154)
+ 64355: mip =   1.382711790e+02 >=   1.365676199e+02   1.2% (53; 154)
+ 64467: mip =   1.382711790e+02 >=   1.365676199e+02   1.2% (54; 154)
Time used: 1980.7 secs.  Memory used: 67.3 Mb.
+ 64497: mip =   1.382711790e+02 >=   1.365676199e+02   1.2% (55; 154)
+ 64571: >>>>>   1.377542300e+02 >=   1.365676199e+02   0.9% (55; 154)
+ 64578: mip =   1.377542300e+02 >=   1.365776096e+02   0.9% (46; 173)
+ 64609: mip =   1.377542300e+02 >=   1.365776096e+02   0.9% (47; 173)
+ 64660: mip =   1.377542300e+02 >=   1.365776096e+02   0.9% (48; 173)
+ 64742: mip =   1.377542300e+02 >=   1.365776096e+02   0.9% (49; 173)
Time used: 2055.5 secs.  Memory used: 67.8 Mb.
+ 64788: mip =   1.377542300e+02 >=   1.365776096e+02   0.9% (50; 173)
+ 64804: mip =   1.377542300e+02 >=   1.365776096e+02   0.9% (51; 173)
+ 64814: mip =   1.377542300e+02 >=   1.365776096e+02   0.9% (52; 173)
+ 64828: >>>>>   1.375523810e+02 >=   1.365776096e+02   0.7% (52; 173)
+ 64831: mip =   1.375523810e+02 >=   1.365893614e+02   0.7% (43; 191)
+ 64854: mip =   1.375523810e+02 >=   1.365893614e+02   0.7% (44; 191)
Time used: 2128.5 secs.  Memory used: 68.7 Mb.
+ 64884: mip =   1.375523810e+02 >=   1.365893614e+02   0.7% (45; 191)
+ 64916: mip =   1.375523810e+02 >=   1.365893614e+02   0.7% (46; 191)
+ 64944: mip =   1.375523810e+02 >=   1.365893614e+02   0.7% (47; 191)
+ 64999: mip =   1.375523810e+02 >=   1.365955538e+02   0.7% (47; 192)
+ 65050: mip =   1.375523810e+02 >=   1.365955538e+02   0.7% (48; 192)
Time used: 2201.0 secs.  Memory used: 70.4 Mb.
+ 65065: mip =   1.375523810e+02 >=   1.365955538e+02   0.7% (49; 192)
+ 65066: mip =   1.375523810e+02 >=   1.365959220e+02   0.7% (49; 193)
+ 65096: mip =   1.375523810e+02 >=   1.366144625e+02   0.7% (50; 193)
+ 65212: >>>>>   1.370200240e+02 >=   1.366144625e+02   0.3% (50; 193)
+ 65218: mip =   1.370200240e+02 >=   1.366184325e+02   0.3% (29; 237)
+ 65235: mip =   1.370200240e+02 >=   1.366184325e+02   0.3% (30; 237)
Time used: 2273.7 secs.  Memory used: 70.7 Mb.
+ 65289: mip =   1.370200240e+02 >=   1.366244737e+02   0.3% (30; 238)
+ 65290: mip =   1.370200240e+02 >=   1.366245138e+02   0.3% (30; 239)
+ 65380: mip =   1.370200240e+02 >=   1.366616545e+02   0.3% (29; 242)
+ 65395: mip =   1.370200240e+02 >=   1.366616545e+02   0.3% (30; 242)
+ 65439: mip =   1.370200240e+02 >=   1.366616545e+02   0.3% (31; 242)
Time used: 2345.7 secs.  Memory used: 71.0 Mb.
+ 65446: mip =   1.370200240e+02 >=   1.366617424e+02   0.3% (31; 243)
+ 65450: mip =   1.370200240e+02 >=   1.366617424e+02   0.3% (32; 243)
+ 65452: mip =   1.370200240e+02 >=   1.366617424e+02   0.3% (33; 243)
+ 65566: mip =   1.370200240e+02 >=   1.366641268e+02   0.3% (33; 244)
+ 65610: mip =   1.370200240e+02 >=   1.366793311e+02   0.2% (33; 245)
Time used: 2417.8 secs.  Memory used: 74.5 Mb.
+ 65718: mip =   1.370200240e+02 >=   1.366818145e+02   0.2% (31; 248)
+ 65763: mip =   1.370200240e+02 >=   1.366964432e+02   0.2% (32; 248)
+ 65824: mip =   1.370200240e+02 >=   1.367032030e+02   0.2% (32; 249)
+ 65836: mip =   1.370200240e+02 >=   1.367032030e+02   0.2% (33; 249)
+ 65841: mip =   1.370200240e+02 >=   1.367032030e+02   0.2% (34; 249)
Time used: 2492.1 secs.  Memory used: 76.6 Mb.
+ 65864: mip =   1.370200240e+02 >=   1.367032030e+02   0.2% (34; 249)
+ 65968: mip =   1.370200240e+02 >=   1.367178004e+02   0.2% (33; 252)
+ 66000: mip =   1.370200240e+02 >=   1.367190774e+02   0.2% (33; 253)
+ 66017: mip =   1.370200240e+02 >=   1.367275408e+02   0.2% (34; 253)
Time used: 2552.7 secs.  Memory used: 78.5 Mb.
+ 66028: mip =   1.370200240e+02 >=   1.367332168e+02   0.2% (34; 254)
+ 66057: mip =   1.370200240e+02 >=   1.367406465e+02   0.2% (34; 255)
+ 66090: mip =   1.370200240e+02 >=   1.367406465e+02   0.2% (34; 255)
+ 66151: mip =   1.370200240e+02 >=   1.367503780e+02   0.2% (32; 259)
+ 66175: >>>>>   1.368035370e+02 >=   1.367503780e+02 < 0.1% (32; 259)
+ 66230: mip =   1.368035370e+02 >=     tree is empty   0.0% (0; 349)
INTEGER OPTIMAL SOLUTION FOUND
Time used:   2744.1 secs
Memory used: 96.1 Mb (100729023 bytes)
Writing MIP solution to 'input/soc-sign-bitcoin-otc.html/soc-sign-bitcoinotc.csv.gz.82.lp.reach_chain_detours.lp.sol'...
Objective:  obj = 136.803537 (MINimum)
