	Command being timed: "/usr/app/src/glpk-5.0/examples/glpsol --lp input/sx-mathoverflow.html/sx-mathoverflow.txt.gz.672.lp -o input/sx-mathoverflow.html/sx-mathoverflow.txt.gz.672.lp.sol"
	User time (seconds): 25820.52
	System time (seconds): 11.02
	Percent of CPU this job got: 99%
	Elapsed (wall clock) time (h:mm:ss or m:ss): 7:10:32
	Average shared text size (kbytes): 0
	Average unshared data size (kbytes): 0
	Average stack size (kbytes): 0
	Average total size (kbytes): 0
	Maximum resident set size (kbytes): 571460
	Average resident set size (kbytes): 0
	Major (requiring I/O) page faults: 0
	Minor (reclaiming a frame) page faults: 1303933
	Voluntary context switches: 1506
	Involuntary context switches: 20503
	Swaps: 0
	File system inputs: 0
	File system outputs: 102392
	Socket messages sent: 0
	Socket messages received: 0
	Signals delivered: 0
	Page size (bytes): 4096
	Exit status: 0
