GLPSOL--GLPK LP/MIP Solver 5.0
Parameter(s) specified in the command line:
 --lp input/gemsec-Facebook.html/new_sites_edges.csv.gz.98.lp -o input/gemsec-Facebook.html/new_sites_edges.csv.gz.98.lp.sol
Reading problem data from 'input/gemsec-Facebook.html/new_sites_edges.csv.gz.98.lp'...
205968 rows, 439849 columns, 1029827 non-zeros
439849 integer variables, all of which are binary
645822 lines were read
GLPK Integer Optimizer 5.0
205968 rows, 439849 columns, 1029827 non-zeros
439849 integer variables, all of which are binary
Preprocessing...
205797 rows, 439678 columns, 1028067 non-zeros
439678 integer variables, all of which are binary
Scaling...
 A: min|aij| =  1.000e+00  max|aij| =  1.000e+00  ratio =  1.000e+00
Problem data seem to be well scaled
Constructing initial basis...
Size of triangular part is 205797
Solving LP relaxation...
GLPK Simplex Optimizer 5.0
205797 rows, 439678 columns, 1028067 non-zeros
      0: obj =   0.000000000e+00 inf =   5.850e+02 (585)
    585: obj =   3.444879820e+02 inf =   0.000e+00 (0)
Perturbing LP to avoid stalling [786]...
*  1214: obj =   3.349121970e+02 inf =   0.000e+00 (1180)
*  1728: obj =   3.349121970e+02 inf =   0.000e+00 (1199) 4
*  2208: obj =   3.349121970e+02 inf =   0.000e+00 (1198) 4
*  2665: obj =   3.349121970e+02 inf =   0.000e+00 (1214) 4
*  3106: obj =   3.349121970e+02 inf =   0.000e+00 (1225) 4
*  3533: obj =   3.349121970e+02 inf =   0.000e+00 (1241) 4
*  3949: obj =   3.349121970e+02 inf =   0.000e+00 (1275) 4
*  4355: obj =   3.349121970e+02 inf =   0.000e+00 (1269) 4
*  4757: obj =   3.349121970e+02 inf =   0.000e+00 (1303) 3
*  5165: obj =   3.234494201e+02 inf =   8.174e-06 (3341) 4
*  5574: obj =   3.211737608e+02 inf =   4.587e-05 (3677) 4
*  5994: obj =   3.211737482e+02 inf =   3.610e-04 (3698) 3
*  6388: obj =   3.211737347e+02 inf =   6.793e-04 (3739) 4
*  6773: obj =   3.211737156e+02 inf =   1.134e-03 (3772) 3
*  7164: obj =   3.211737057e+02 inf =   9.804e-04 (3813) 3
*  7528: obj =   3.211736823e+02 inf =   1.382e-03 (3875) 3
*  7891: obj =   3.211736609e+02 inf =   1.424e-03 (3951) 3
*  8249: obj =   3.211736367e+02 inf =   1.363e-03 (4035) 3
*  8604: obj =   3.159579643e+02 inf =   1.470e-03 (4109) 2
*  8950: obj =   3.159579178e+02 inf =   1.269e-03 (4171) 3
*  9304: obj =   3.151790125e+02 inf =   1.393e-03 (4561) 4
*  9640: obj =   3.151789453e+02 inf =   1.568e-03 (4534) 3
*  9989: obj =   3.151787939e+02 inf =   9.639e-04 (4566) 3
* 10347: obj =   3.128866065e+02 inf =   1.118e-03 (5069) 3
* 10698: obj =   3.128864522e+02 inf =   1.448e-03 (4972) 4
* 11058: obj =   3.128863653e+02 inf =   1.596e-03 (4836) 3
* 11405: obj =   3.107390202e+02 inf =   1.408e-03 (4702) 4
* 11759: obj =   3.107389431e+02 inf =   1.342e-03 (4600) 3
* 12107: obj =   3.075974168e+02 inf =   9.882e-04 (4615) 3
* 12444: obj =   3.062759560e+02 inf =   8.489e-04 (4460) 4
* 12783: obj =   2.948924471e+02 inf =   9.219e-04 (4578) 3
* 13129: obj =   2.948922185e+02 inf =   1.171e-03 (4451) 3
* 13486: obj =   2.939125213e+02 inf =   1.469e-03 (4390) 4
* 13862: obj =   2.881447830e+02 inf =   1.826e-03 (4117) 3
* 14252: obj =   2.834916624e+02 inf =   2.531e-03 (4008) 3
* 14622: obj =   2.834916316e+02 inf =   3.502e-03 (4036) 3
* 14977: obj =   2.810018296e+02 inf =   3.739e-03 (3950) 4
* 15321: obj =   2.810018001e+02 inf =   3.576e-03 (3975) 3
* 15656: obj =   2.810017465e+02 inf =   6.663e-03 (3936) 3
* 15993: obj =   2.789621797e+02 inf =   7.436e-03 (4006) 3
* 16333: obj =   2.789621315e+02 inf =   7.117e-03 (3968) 3
* 16687: obj =   2.740659011e+02 inf =   7.200e-03 (4092) 3
* 17039: obj =   2.725477314e+02 inf =   5.892e-03 (4063) 3
* 17419: obj =   2.723548963e+02 inf =   5.954e-03 (4124) 3
* 17743: obj =   2.710597865e+02 inf =   8.369e-03 (4062) 3
* 18052: obj =   2.710597462e+02 inf =   9.126e-03 (4069) 3
* 18378: obj =   2.686594651e+02 inf =   1.224e-02 (4165) 3
* 18681: obj =   2.686594434e+02 inf =   1.537e-02 (4175) 2
* 18985: obj =   2.686594176e+02 inf =   1.919e-02 (4194) 3
* 19308: obj =   2.686593797e+02 inf =   2.254e-02 (4162) 3
* 19605: obj =   2.686593560e+02 inf =   2.669e-02 (4160) 3
* 19906: obj =   2.686593363e+02 inf =   2.839e-02 (4221) 2
* 20196: obj =   2.686593063e+02 inf =   3.117e-02 (4212) 3
* 20480: obj =   2.686592959e+02 inf =   3.150e-02 (4238) 2
* 20760: obj =   2.686592926e+02 inf =   3.095e-02 (4275) 3
* 21041: obj =   2.686592761e+02 inf =   3.161e-02 (4330) 2
* 21318: obj =   2.686591946e+02 inf =   3.782e-02 (4371) 3
* 21595: obj =   2.686591505e+02 inf =   3.998e-02 (4369) 2
* 21867: obj =   2.686590929e+02 inf =   4.392e-02 (4408) 3
* 22141: obj =   2.686590615e+02 inf =   4.597e-02 (4458) 2
* 22412: obj =   2.686590430e+02 inf =   4.616e-02 (4505) 2
* 22678: obj =   2.686589851e+02 inf =   4.883e-02 (4588) 3
* 22945: obj =   2.686589222e+02 inf =   5.185e-02 (4626) 2
* 23210: obj =   2.686589044e+02 inf =   5.119e-02 (4659) 2
* 23464: obj =   2.686588862e+02 inf =   5.153e-02 (4695) 3
* 23725: obj =   2.686588542e+02 inf =   5.134e-02 (4718) 2
* 23985: obj =   2.686587938e+02 inf =   5.298e-02 (4802) 2
* 24241: obj =   2.686587528e+02 inf =   5.316e-02 (4812) 3
* 24499: obj =   2.686587139e+02 inf =   5.275e-02 (4870) 2
* 24758: obj =   2.686586605e+02 inf =   5.324e-02 (4913) 2
* 25014: obj =   2.686586067e+02 inf =   5.356e-02 (4975) 2
* 25264: obj =   2.686585572e+02 inf =   5.376e-02 (5006) 3
* 25518: obj =   2.686585128e+02 inf =   5.332e-02 (5073) 2
* 25771: obj =   2.686584812e+02 inf =   5.215e-02 (5128) 2
* 26024: obj =   2.686584327e+02 inf =   5.128e-02 (5190) 2
* 26269: obj =   2.686584144e+02 inf =   4.955e-02 (5275) 3
* 26513: obj =   2.686583497e+02 inf =   5.137e-02 (5326) 2
* 26761: obj =   2.686583157e+02 inf =   5.024e-02 (5372) 2
* 27007: obj =   2.686583151e+02 inf =   4.780e-02 (5433) 2
* 27247: obj =   2.686582841e+02 inf =   4.767e-02 (5499) 2
* 27490: obj =   2.686582569e+02 inf =   4.689e-02 (5538) 2
* 27730: obj =   2.686582473e+02 inf =   4.462e-02 (5595) 3
* 27974: obj =   2.686580940e+02 inf =   4.533e-02 (5668) 2
* 28215: obj =   2.686580653e+02 inf =   4.361e-02 (5686) 2
* 28449: obj =   2.686580128e+02 inf =   4.344e-02 (5752) 2
* 28686: obj =   2.686579587e+02 inf =   4.290e-02 (5804) 2
* 28920: obj =   2.686578970e+02 inf =   4.247e-02 (5870) 3
* 29157: obj =   2.686578432e+02 inf =   4.190e-02 (5894) 2
* 29391: obj =   2.686578178e+02 inf =   4.124e-02 (5934) 2
* 29620: obj =   2.686577492e+02 inf =   4.125e-02 (5998) 2
* 29858: obj =   2.686576259e+02 inf =   4.172e-02 (6001) 2
* 30090: obj =   2.686574894e+02 inf =   4.125e-02 (6053) 2
* 30329: obj =   2.686571543e+02 inf =   3.933e-02 (6075) 3
* 30572: obj =   2.578238535e+02 inf =   3.840e-02 (5779) 2
* 30822: obj =   2.578236919e+02 inf =   3.877e-02 (5812) 2
* 31058: obj =   2.578235705e+02 inf =   4.067e-02 (5824) 3
* 31301: obj =   2.578234817e+02 inf =   4.066e-02 (5844) 2
* 31540: obj =   2.578233669e+02 inf =   4.073e-02 (5828) 3
* 31787: obj =   2.578231212e+02 inf =   3.985e-02 (5818) 2
* 32031: obj =   2.578229761e+02 inf =   3.926e-02 (5812) 2
* 32266: obj =   2.578229231e+02 inf =   3.897e-02 (5789) 3
* 32509: obj =   2.578227230e+02 inf =   3.838e-02 (5760) 2
* 32753: obj =   2.578226092e+02 inf =   3.824e-02 (5778) 2
* 32994: obj =   2.578225157e+02 inf =   3.822e-02 (5786) 3
* 33232: obj =   2.578224489e+02 inf =   3.749e-02 (5761) 2
* 33474: obj =   2.578224019e+02 inf =   3.674e-02 (5777) 2
* 33715: obj =   2.578222689e+02 inf =   3.629e-02 (5799) 3
* 33950: obj =   2.578222023e+02 inf =   3.633e-02 (5792) 2
* 34195: obj =   2.578220428e+02 inf =   3.540e-02 (5754) 2
* 34430: obj =   2.578219853e+02 inf =   3.468e-02 (5756) 3
* 34663: obj =   2.578218723e+02 inf =   3.423e-02 (5774) 2
* 34902: obj =   2.483906235e+02 inf =   3.350e-02 (5743) 2
* 35143: obj =   2.483905402e+02 inf =   3.283e-02 (5762) 2
* 35379: obj =   2.483904114e+02 inf =   3.182e-02 (5706) 3
* 35600: obj =   2.483903416e+02 inf =   3.200e-02 (5727) 2
* 35834: obj =   2.483902455e+02 inf =   3.152e-02 (5772) 2
* 36072: obj =   2.483900687e+02 inf =   3.034e-02 (5742) 2
* 36293: obj =   2.441615213e+02 inf =   3.006e-02 (5815) 2
* 36509: obj =   2.441615096e+02 inf =   2.953e-02 (5843) 2
* 36748: obj =   2.441613149e+02 inf =   2.928e-02 (5828) 2
* 36972: obj =   2.441612454e+02 inf =   2.872e-02 (5855) 2
* 37200: obj =   2.441611378e+02 inf =   2.826e-02 (5858) 3
* 37420: obj =   2.441610595e+02 inf =   2.791e-02 (5914) 2
* 37642: obj =   2.441609024e+02 inf =   2.719e-02 (5921) 2
* 37869: obj =   2.441608052e+02 inf =   2.694e-02 (5957) 2
* 38091: obj =   2.441606663e+02 inf =   2.610e-02 (5979) 2
* 38319: obj =   2.441605203e+02 inf =   2.576e-02 (5996) 2
* 38541: obj =   2.441603559e+02 inf =   2.490e-02 (6016) 2
* 38766: obj =   2.441601843e+02 inf =   2.436e-02 (6070) 2
* 38989: obj =   2.336240318e+02 inf =   2.320e-02 (6076) 3
* 39219: obj =   2.336238289e+02 inf =   2.295e-02 (6066) 2
* 39440: obj =   2.336235898e+02 inf =   2.267e-02 (6066) 2
* 39659: obj =   2.336235607e+02 inf =   2.219e-02 (6097) 2
* 39890: obj =   2.336234268e+02 inf =   2.187e-02 (6137) 2
* 40129: obj =   2.183957518e+02 inf =   2.162e-02 (6263) 3
* 40364: obj =   2.183957119e+02 inf =   2.047e-02 (6275) 2
* 40605: obj =   2.183955290e+02 inf =   1.949e-02 (6298) 2
* 40847: obj =   2.183953516e+02 inf =   1.903e-02 (6301) 3
* 41094: obj =   2.183951796e+02 inf =   1.870e-02 (6231) 2
* 41339: obj =   2.183950118e+02 inf =   1.823e-02 (6236) 2
* 41578: obj =   2.174001283e+02 inf =   1.805e-02 (6116) 3
* 41821: obj =   2.173998604e+02 inf =   1.845e-02 (6096) 2
* 42059: obj =   2.173996929e+02 inf =   1.845e-02 (6081) 3
* 42293: obj =   2.173995723e+02 inf =   1.867e-02 (6030) 2
* 42525: obj =   2.173994901e+02 inf =   1.893e-02 (6039) 2
* 42761: obj =   2.173993656e+02 inf =   1.898e-02 (5988) 2
* 42991: obj =   2.173992347e+02 inf =   1.921e-02 (6013) 3
* 43224: obj =   2.173990593e+02 inf =   1.920e-02 (5969) 2
* 43456: obj =   2.173989533e+02 inf =   1.894e-02 (5930) 2
* 43684: obj =   2.173988968e+02 inf =   1.866e-02 (5894) 3
* 43919: obj =   2.173987391e+02 inf =   1.873e-02 (5864) 2
* 44148: obj =   2.173986525e+02 inf =   1.855e-02 (5889) 2
* 44385: obj =   2.173984931e+02 inf =   1.858e-02 (5834) 2
* 44604: obj =   2.173984294e+02 inf =   1.823e-02 (5846) 3
* 44835: obj =   2.173983248e+02 inf =   1.789e-02 (5870) 2
* 45063: obj =   2.173982200e+02 inf =   1.762e-02 (5886) 2
* 45291: obj =   2.171967304e+02 inf =   1.740e-02 (5875) 2
* 45510: obj =   2.171966672e+02 inf =   1.702e-02 (5832) 3
* 45741: obj =   2.171965384e+02 inf =   1.658e-02 (5874) 2
* 45973: obj =   2.171964070e+02 inf =   1.642e-02 (5868) 2
* 46199: obj =   2.171963126e+02 inf =   1.598e-02 (5833) 2
* 46427: obj =   2.171961694e+02 inf =   1.541e-02 (5776) 3
* 46662: obj =   2.171960495e+02 inf =   1.473e-02 (5760) 2
* 46892: obj =   2.171959313e+02 inf =   1.427e-02 (5735) 2
* 47123: obj =   2.171957867e+02 inf =   1.384e-02 (5702) 2
* 47361: obj =   2.171955364e+02 inf =   1.328e-02 (5717) 3
* 47590: obj =   2.021488691e+02 inf =   1.303e-02 (5629) 2
* 47810: obj =   2.021485914e+02 inf =   1.318e-02 (5644) 2
* 48030: obj =   2.021483969e+02 inf =   1.299e-02 (5613) 2
* 48250: obj =   2.021482064e+02 inf =   1.272e-02 (5632) 3
* 48470: obj =   2.021480111e+02 inf =   1.263e-02 (5613) 2
* 48690: obj =   2.021478367e+02 inf =   1.265e-02 (5548) 2
* 48912: obj =   2.021476906e+02 inf =   1.243e-02 (5567) 2
* 49134: obj =   2.021475278e+02 inf =   1.217e-02 (5507) 2
* 49352: obj =   2.004572210e+02 inf =   1.225e-02 (5499) 2
* 49568: obj =   2.004569636e+02 inf =   1.203e-02 (5522) 3
* 49790: obj =   2.004565461e+02 inf =   1.162e-02 (5548) 2
* 50014: obj =   1.877468362e+02 inf =   1.148e-02 (5630) 2
* 50241: obj =   1.877463421e+02 inf =   1.158e-02 (5621) 2
* 50466: obj =   1.877459883e+02 inf =   1.184e-02 (5617) 2
* 50687: obj =   1.877457197e+02 inf =   1.197e-02 (5589) 3
* 50918: obj =   1.877454713e+02 inf =   1.219e-02 (5571) 2
* 51152: obj =   1.877452097e+02 inf =   1.238e-02 (5540) 2
* 51385: obj =   1.877450279e+02 inf =   1.263e-02 (5492) 2
* 51616: obj =   1.864048879e+02 inf =   1.263e-02 (5492) 3
* 51850: obj =   1.864047907e+02 inf =   1.259e-02 (5488) 2
* 52088: obj =   1.864046744e+02 inf =   1.261e-02 (5451) 2
* 52323: obj =   1.864045796e+02 inf =   1.275e-02 (5408) 3
* 52567: obj =   1.864044493e+02 inf =   1.274e-02 (5379) 2
* 52813: obj =   1.864043627e+02 inf =   1.274e-02 (5355) 2
* 53053: obj =   1.864042326e+02 inf =   1.297e-02 (5292) 3
* 53302: obj =   1.864040541e+02 inf =   1.303e-02 (5271) 2
* 53539: obj =   1.864039313e+02 inf =   1.321e-02 (5260) 3
* 53799: obj =   1.844067048e+02 inf =   1.298e-02 (5285) 2
* 54048: obj =   1.844066518e+02 inf =   1.324e-02 (5230) 3
* 54308: obj =   1.824578600e+02 inf =   1.331e-02 (5164) 2
* 54562: obj =   1.783358120e+02 inf =   1.352e-02 (5100) 3
* 54824: obj =   1.783357284e+02 inf =   1.375e-02 (5128) 2
* 55079: obj =   1.783356887e+02 inf =   1.368e-02 (5173) 3
* 55344: obj =   1.783356074e+02 inf =   1.361e-02 (5202) 2
* 55594: obj =   1.783355890e+02 inf =   1.356e-02 (5239) 2
* 55845: obj =   1.783355436e+02 inf =   1.351e-02 (5209) 3
* 56106: obj =   1.783354765e+02 inf =   1.382e-02 (5147) 2
* 56369: obj =   1.783353837e+02 inf =   1.352e-02 (5190) 3
* 56629: obj =   1.783353573e+02 inf =   1.333e-02 (5165) 2
* 56885: obj =   1.783352828e+02 inf =   1.297e-02 (5166) 3
* 57141: obj =   1.759623334e+02 inf =   1.326e-02 (5140) 2
* 57402: obj =   1.759621602e+02 inf =   1.309e-02 (5129) 3
* 57656: obj =   1.739809736e+02 inf =   1.259e-02 (5110) 2
* 57905: obj =   1.739809071e+02 inf =   1.270e-02 (5058) 3
* 58167: obj =   1.723493594e+02 inf =   1.241e-02 (4955) 2
* 58420: obj =   1.723493409e+02 inf =   1.259e-02 (5029) 2
* 58658: obj =   1.723493324e+02 inf =   1.299e-02 (5050) 2
* 58906: obj =   1.692154340e+02 inf =   1.352e-02 (5067) 3
* 59147: obj =   1.692153523e+02 inf =   1.348e-02 (5112) 2
* 59385: obj =   1.692153224e+02 inf =   1.343e-02 (5145) 2
* 59616: obj =   1.692152989e+02 inf =   1.440e-02 (5130) 2
* 59850: obj =   1.692152630e+02 inf =   1.521e-02 (5208) 2
* 60082: obj =   1.692152436e+02 inf =   1.518e-02 (5225) 2
* 60319: obj =   1.692151744e+02 inf =   1.557e-02 (5252) 3
* 60546: obj =   1.692151420e+02 inf =   1.565e-02 (5238) 2
* 60778: obj =   1.692150899e+02 inf =   1.629e-02 (5306) 2
* 61009: obj =   1.692150476e+02 inf =   1.700e-02 (5331) 2
* 61243: obj =   1.692150198e+02 inf =   1.683e-02 (5366) 2
* 61484: obj =   1.692149829e+02 inf =   1.643e-02 (5403) 2
* 61714: obj =   1.692149649e+02 inf =   1.566e-02 (5445) 3
* 61956: obj =   1.692149180e+02 inf =   1.518e-02 (5442) 2
* 62197: obj =   1.683407894e+02 inf =   1.498e-02 (5438) 2
* 62440: obj =   1.679118699e+02 inf =   1.519e-02 (5454) 3
* 62675: obj =   1.669035332e+02 inf =   1.553e-02 (5448) 2
* 62914: obj =   1.669035053e+02 inf =   1.555e-02 (5436) 2
* 63150: obj =   1.669034528e+02 inf =   1.565e-02 (5323) 3
* 63395: obj =   1.657627425e+02 inf =   1.557e-02 (5258) 2
* 63655: obj =   1.569920882e+02 inf =   1.575e-02 (5211) 2
* 63896: obj =   1.569920559e+02 inf =   1.603e-02 (5234) 3
* 64149: obj =   1.569920201e+02 inf =   1.631e-02 (5216) 2
* 64391: obj =   1.565428438e+02 inf =   1.639e-02 (5163) 3
* 64641: obj =   1.562408401e+02 inf =   1.634e-02 (5218) 2
* 64885: obj =   1.562407974e+02 inf =   1.656e-02 (5287) 2
* 65117: obj =   1.562407561e+02 inf =   1.624e-02 (5298) 3
* 65365: obj =   1.562407149e+02 inf =   1.617e-02 (5201) 2
* 65625: obj =   1.562406986e+02 inf =   1.553e-02 (5196) 2
* 65874: obj =   1.562406716e+02 inf =   1.536e-02 (5173) 3
* 66127: obj =   1.562406316e+02 inf =   1.518e-02 (5163) 2
* 66375: obj =   1.471354394e+02 inf =   1.504e-02 (5052) 3
* 66627: obj =   1.452862488e+02 inf =   1.493e-02 (4999) 2
* 66882: obj =   1.452861992e+02 inf =   1.492e-02 (4989) 2
* 67127: obj =   1.447913790e+02 inf =   1.474e-02 (4961) 3
* 67379: obj =   1.447913163e+02 inf =   1.485e-02 (4904) 2
* 67630: obj =   1.385711061e+02 inf =   1.460e-02 (4874) 3
* 67880: obj =   1.385710703e+02 inf =   1.458e-02 (4837) 2
* 68128: obj =   1.365791553e+02 inf =   1.427e-02 (4817) 2
* 68372: obj =   1.365790949e+02 inf =   1.437e-02 (4777) 3
* 68637: obj =   1.349547715e+02 inf =   1.425e-02 (13228) 3
* 68897: obj =   1.349526319e+02 inf =   1.492e-02 (13214) 2
* 69147: obj =   1.349523267e+02 inf =   1.523e-02 (13122) 2
* 69395: obj =   1.349476604e+02 inf =   1.551e-02 (5737) 3
* 69680: obj =   1.349475563e+02 inf =   1.507e-02 (5547) 3
* 69930: obj =   1.349474381e+02 inf =   1.432e-02 (5390) 2
* 70177: obj =   1.349472479e+02 inf =   1.403e-02 (5207) 2
* 70428: obj =   1.324040907e+02 inf =   1.403e-02 (4965) 3
* 70698: obj =   1.280169213e+02 inf =   1.406e-02 (13068) 2
* 70942: obj =   1.280164864e+02 inf =   1.436e-02 (12992) 2
* 71177: obj =   1.280162567e+02 inf =   1.485e-02 (12889) 3
* 71419: obj =   1.280160683e+02 inf =   1.536e-02 (12823) 2
* 71652: obj =   1.280158940e+02 inf =   1.562e-02 (12759) 2
* 71890: obj =   1.280158061e+02 inf =   1.576e-02 (12696) 3
* 72133: obj =   1.280156930e+02 inf =   1.579e-02 (12625) 2
* 72381: obj =   1.280155781e+02 inf =   1.580e-02 (12617) 3
* 72623: obj =   1.280154812e+02 inf =   1.592e-02 (12547) 2
* 72876: obj =   1.280153392e+02 inf =   1.608e-02 (12513) 2
* 73123: obj =   1.280152163e+02 inf =   1.650e-02 (12410) 3
* 73381: obj =   1.280151295e+02 inf =   1.727e-02 (12364) 2
* 73630: obj =   1.280150110e+02 inf =   1.812e-02 (12286) 3
* 73903: obj =   1.280148877e+02 inf =   1.948e-02 (12240) 3
* 74164: obj =   1.280148400e+02 inf =   2.016e-02 (8959) 2
* 74410: obj =   1.280148041e+02 inf =   2.108e-02 (9070) 2
* 74645: obj =   1.280147965e+02 inf =   2.073e-02 (10605) 3
* 74886: obj =   1.280147639e+02 inf =   2.115e-02 (8916) 2
* 75169: obj =   1.280146933e+02 inf =   2.132e-02 (8554) 3
* 75441: obj =   1.280145867e+02 inf =   2.184e-02 (8536) 2
* 75708: obj =   1.280144537e+02 inf =   2.213e-02 (8440) 2
* 75966: obj =   1.280141384e+02 inf =   2.128e-02 (8300) 3
* 76225: obj =   1.280138326e+02 inf =   2.125e-02 (8197) 2
* 76478: obj =   1.280135683e+02 inf =   2.139e-02 (7977) 3
* 76734: obj =   1.280132704e+02 inf =   2.184e-02 (7766) 2
* 76985: obj =   1.280130644e+02 inf =   2.172e-02 (7604) 2
* 77231: obj =   1.280128453e+02 inf =   2.170e-02 (7412) 2
* 77471: obj =   1.280126998e+02 inf =   2.156e-02 (7322) 3
* 77717: obj =   1.280125394e+02 inf =   2.122e-02 (7191) 2
* 77965: obj =   1.280124687e+02 inf =   2.062e-02 (7102) 2
* 78211: obj =   1.280123801e+02 inf =   2.020e-02 (6994) 2
* 78453: obj =   1.280122968e+02 inf =   1.950e-02 (6833) 3
* 78701: obj =   1.280122036e+02 inf =   1.925e-02 (6731) 2
* 78953: obj =   1.280121155e+02 inf =   1.866e-02 (6611) 3
* 79203: obj =   1.280120535e+02 inf =   1.811e-02 (6461) 2
* 79427: obj =   1.280119728e+02 inf =   1.797e-02 (6387) 2
* 79649: obj =   1.280119513e+02 inf =   1.766e-02 (6311) 2
* 79906: obj =   1.280118404e+02 inf =   1.742e-02 (6279) 3
* 80157: obj =   1.280117912e+02 inf =   1.769e-02 (6178) 2
* 80398: obj =   1.280117343e+02 inf =   1.755e-02 (6078) 2
* 80643: obj =   1.280116976e+02 inf =   1.734e-02 (6005) 3
* 80902: obj =   1.280116478e+02 inf =   1.711e-02 (5929) 2
* 81152: obj =   1.280115852e+02 inf =   1.679e-02 (5875) 3
* 81402: obj =   1.280115560e+02 inf =   1.634e-02 (5779) 2
* 81651: obj =   1.280115159e+02 inf =   1.596e-02 (5646) 2
* 81908: obj =   1.280114905e+02 inf =   1.601e-02 (5631) 3
* 82180: obj =   1.280114479e+02 inf =   1.622e-02 (5583) 2
* 82438: obj =   1.280114092e+02 inf =   1.615e-02 (5551) 3
* 82698: obj =   1.280113545e+02 inf =   1.601e-02 (5398) 3
* 82972: obj =   1.280113228e+02 inf =   1.584e-02 (5457) 2
* 83253: obj =   1.280112874e+02 inf =   1.590e-02 (5421) 3
* 83512: obj =   1.280112265e+02 inf =   1.607e-02 (5362) 2
* 83790: obj =   1.271111221e+02 inf =   1.585e-02 (5179) 3
* 84070: obj =   1.263468146e+02 inf =   1.566e-02 (5118) 3
* 84356: obj =   1.263467753e+02 inf =   1.547e-02 (5060) 3
* 84631: obj =   1.263467378e+02 inf =   1.560e-02 (5027) 2
* 84878: obj =   1.263467007e+02 inf =   1.579e-02 (5012) 3
* 85131: obj =   1.263466514e+02 inf =   1.580e-02 (4909) 2
* 85375: obj =   1.244564226e+02 inf =   1.586e-02 (7560) 3
* 85611: obj =   1.244563288e+02 inf =   1.618e-02 (7588) 2
* 85848: obj =   1.244562367e+02 inf =   1.627e-02 (7559) 2
* 86081: obj =   1.244561707e+02 inf =   1.643e-02 (7531) 3
* 86318: obj =   1.244560924e+02 inf =   1.654e-02 (7536) 2
* 86555: obj =   1.244560222e+02 inf =   1.660e-02 (7493) 2
* 86791: obj =   1.244559587e+02 inf =   1.669e-02 (7473) 2
* 87028: obj =   1.244559026e+02 inf =   1.682e-02 (7486) 3
* 87271: obj =   1.244558238e+02 inf =   1.732e-02 (7399) 2
* 87519: obj =   1.244557829e+02 inf =   1.740e-02 (7372) 3
* 87771: obj =   1.244557431e+02 inf =   1.768e-02 (7398) 2
* 88021: obj =   1.244557157e+02 inf =   1.815e-02 (7333) 2
* 88313: obj =   1.231619277e+02 inf =   1.788e-02 (6039) 3
* 88612: obj =   1.231618918e+02 inf =   1.759e-02 (5926) 3
* 88881: obj =   1.231618374e+02 inf =   1.746e-02 (5884) 3
* 89149: obj =   1.231617796e+02 inf =   1.760e-02 (5718) 2
* 89423: obj =   1.231617456e+02 inf =   1.801e-02 (5617) 3
* 89690: obj =   1.231617066e+02 inf =   1.793e-02 (5582) 2
* 89947: obj =   1.231616806e+02 inf =   1.799e-02 (5461) 3
* 90219: obj =   1.231616454e+02 inf =   1.792e-02 (5336) 2
* 90504: obj =   1.225904628e+02 inf =   1.781e-02 (5304) 3
* 90808: obj =   1.214592029e+02 inf =   1.754e-02 (5385) 2
* 91083: obj =   1.214591907e+02 inf =   1.764e-02 (5339) 3
* 91375: obj =   1.214591786e+02 inf =   1.739e-02 (5279) 3
* 91637: obj =   1.214591654e+02 inf =   1.706e-02 (5283) 2
* 91893: obj =   1.214591420e+02 inf =   1.674e-02 (5323) 3
* 92149: obj =   1.214591331e+02 inf =   1.662e-02 (5348) 2
* 92405: obj =   1.214591118e+02 inf =   1.674e-02 (5321) 2
* 92655: obj =   1.214590931e+02 inf =   1.667e-02 (5359) 3
* 92927: obj =   1.214590609e+02 inf =   1.710e-02 (5325) 2
* 93188: obj =   1.214590284e+02 inf =   1.768e-02 (5303) 3
* 93431: obj =   1.214590085e+02 inf =   1.762e-02 (5349) 2
* 93697: obj =   1.214589954e+02 inf =   1.717e-02 (5347) 2
* 93951: obj =   1.214589783e+02 inf =   1.690e-02 (5353) 3
* 94206: obj =   1.214589606e+02 inf =   1.619e-02 (5398) 2
* 94499: obj =   1.214589271e+02 inf =   1.549e-02 (5353) 3
* 94798: obj =   1.142833006e+02 inf =   1.522e-02 (5488) 3
* 95056: obj =   1.132472765e+02 inf =   1.483e-02 (5430) 2
* 95308: obj =   1.132472540e+02 inf =   1.452e-02 (5386) 3
* 95597: obj =   1.103742058e+02 inf =   1.454e-02 (5342) 2
* 95864: obj =   1.103741783e+02 inf =   1.438e-02 (5369) 3
* 96118: obj =   1.103741649e+02 inf =   1.406e-02 (5302) 2
* 96371: obj =   1.103741172e+02 inf =   1.371e-02 (5266) 3
* 96640: obj =   1.097687189e+02 inf =   1.354e-02 (5255) 2
* 96887: obj =   1.097674560e+02 inf =   1.306e-02 (4734) 3
* 97117: obj =   1.097674370e+02 inf =   1.273e-02 (4711) 2
* 97338: obj =   1.097674091e+02 inf =   1.251e-02 (4646) 2
* 97573: obj =   1.097673803e+02 inf =   1.292e-02 (4591) 2
* 97793: obj =   1.097673405e+02 inf =   1.289e-02 (4642) 3
* 98015: obj =   1.097673049e+02 inf =   1.291e-02 (4582) 2
* 98231: obj =   1.097672703e+02 inf =   1.304e-02 (4579) 2
* 98453: obj =   1.097670073e+02 inf =   1.262e-02 (4596) 2
* 98664: obj =   1.097669783e+02 inf =   1.231e-02 (4574) 2
* 98885: obj =   1.097669456e+02 inf =   1.213e-02 (4541) 2
* 99111: obj =   1.097669106e+02 inf =   1.185e-02 (4528) 2
* 99335: obj =   1.097665243e+02 inf =   1.181e-02 (4509) 3
* 99586: obj =   9.791089191e+01 inf =   1.173e-02 (4394) 2
* 99822: obj =   9.712270020e+01 inf =   1.157e-02 (4429) 2
*100045: obj =   9.712264930e+01 inf =   1.173e-02 (4407) 2
*100266: obj =   9.712259059e+01 inf =   1.199e-02 (4413) 2
*100483: obj =   9.619730556e+01 inf =   1.220e-02 (4922) 2
*100702: obj =   9.619728326e+01 inf =   1.248e-02 (4888) 2
*100923: obj =   9.619724044e+01 inf =   1.245e-02 (4914) 3
*101152: obj =   9.619716179e+01 inf =   1.263e-02 (4859) 2
*101373: obj =   9.619712707e+01 inf =   1.290e-02 (4803) 2
*101606: obj =   9.619708421e+01 inf =   1.313e-02 (4810) 2
*101843: obj =   9.591337434e+01 inf =   1.341e-02 (4823) 3
*102117: obj =   9.425901225e+01 inf =   1.337e-02 (4739) 2
*102383: obj =   9.185538390e+01 inf =   1.306e-02 (4696) 3
*102629: obj =   9.093202864e+01 inf =   1.284e-02 (4815) 2
*102872: obj =   9.093200926e+01 inf =   1.297e-02 (4847) 2
*103122: obj =   9.093197593e+01 inf =   1.329e-02 (4841) 2
*103385: obj =   8.830346633e+01 inf =   1.342e-02 (4638) 3
*103665: obj =   8.457060663e+01 inf =   1.333e-02 (4069) 2
*103921: obj =   8.457057971e+01 inf =   1.307e-02 (4063) 2
*104159: obj =   8.457055827e+01 inf =   1.284e-02 (4041) 3
*104407: obj =   8.327416813e+01 inf =   1.261e-02 (4861) 2
*104657: obj =   8.327409137e+01 inf =   1.271e-02 (4800) 3
*104900: obj =   8.327403035e+01 inf =   1.304e-02 (4750) 2
*105177: obj =   8.277767951e+01 inf =   1.316e-02 (3863) 3
*105465: obj =   8.152509157e+01 inf =   1.328e-02 (4304) 2
*105768: obj =   8.066699594e+01 inf =   1.316e-02 (3968) 3
*106029: obj =   8.066698281e+01 inf =   1.274e-02 (3956) 3
*106283: obj =   8.066697180e+01 inf =   1.236e-02 (3849) 2
*106574: obj =   7.922343292e+01 inf =   1.211e-02 (4336) 3
*106804: obj =   7.922341465e+01 inf =   1.228e-02 (4297) 2
*107044: obj =   7.922339787e+01 inf =   1.264e-02 (4282) 2
*107283: obj =   7.922337923e+01 inf =   1.304e-02 (4246) 3
*107553: obj =   7.922336910e+01 inf =   1.325e-02 (4234) 2
*107805: obj =   7.922335745e+01 inf =   1.381e-02 (4225) 3
*108081: obj =   7.922333909e+01 inf =   1.381e-02 (4171) 2
*108330: obj =   7.922332985e+01 inf =   1.388e-02 (4132) 3
*108600: obj =   7.815773448e+01 inf =   1.383e-02 (4116) 2
*108870: obj =   7.785287562e+01 inf =   1.397e-02 (4245) 3
*109123: obj =   7.722143608e+01 inf =   1.434e-02 (4111) 2
*109374: obj =   7.722141723e+01 inf =   1.432e-02 (4103) 3
*109649: obj =   7.594012119e+01 inf =   1.402e-02 (3623) 2
*109902: obj =   7.594007919e+01 inf =   1.406e-02 (3666) 3
*110147: obj =   7.594005367e+01 inf =   1.401e-02 (3616) 2
*110381: obj =   7.594002570e+01 inf =   1.402e-02 (3585) 3
*110622: obj =   7.594000586e+01 inf =   1.414e-02 (3472) 2
*110870: obj =   7.593998747e+01 inf =   1.407e-02 (3502) 2
*111112: obj =   7.593997465e+01 inf =   1.379e-02 (3501) 3
*111358: obj =   7.593996534e+01 inf =   1.346e-02 (3470) 2
*111630: obj =   7.530502857e+01 inf =   1.268e-02 (3952) 3
*111884: obj =   7.530501069e+01 inf =   1.292e-02 (3912) 2
*112136: obj =   7.530499363e+01 inf =   1.374e-02 (3840) 3
*112415: obj =   7.530498652e+01 inf =   1.392e-02 (3818) 3
*112736: obj =   7.292168891e+01 inf =   1.403e-02 (3346) 2
*112980: obj =   7.292167587e+01 inf =   1.363e-02 (3359) 3
*113227: obj =   7.292166408e+01 inf =   1.352e-02 (3314) 2
*113479: obj =   7.292165965e+01 inf =   1.299e-02 (3228) 3
*113728: obj =   7.292163732e+01 inf =   1.257e-02 (3205) 2
*113975: obj =   7.282614954e+01 inf =   1.269e-02 (3592) 3
*114215: obj =   7.282614380e+01 inf =   1.269e-02 (3586) 2
*114490: obj =   7.212149066e+01 inf =   1.271e-02 (3806) 3
*114750: obj =   7.212146385e+01 inf =   1.269e-02 (3805) 2
*115000: obj =   7.212139997e+01 inf =   1.320e-02 (3791) 2
*115254: obj =   7.212137910e+01 inf =   1.356e-02 (3744) 3
*115480: obj =   7.212137038e+01 inf =   1.389e-02 (3724) 2
*115737: obj =   7.172582988e+01 inf =   1.411e-02 (3163) 3
*115989: obj =   7.172581528e+01 inf =   1.362e-02 (3183) 2
*116246: obj =   7.134116874e+01 inf =   1.333e-02 (3131) 3
*116538: obj =   7.033539627e+01 inf =   1.310e-02 (3102) 2
*116824: obj =   6.959442962e+01 inf =   1.340e-02 (3346) 3
*117087: obj =   6.938370873e+01 inf =   1.355e-02 (3236) 3
*117350: obj =   6.927847545e+01 inf =   1.384e-02 (3214) 2
*117655: obj =   6.905392197e+01 inf =   1.387e-02 (2694) 3
*117917: obj =   6.868424033e+01 inf =   1.340e-02 (2742) 3
*118167: obj =   6.868423670e+01 inf =   1.323e-02 (2675) 2
*118429: obj =   6.848882358e+01 inf =   1.306e-02 (3385) 3
*118707: obj =   6.848741316e+01 inf =   1.308e-02 (2670) 2
*118974: obj =   6.848741002e+01 inf =   1.267e-02 (2632) 3
*119234: obj =   6.848740612e+01 inf =   1.210e-02 (2577) 2
*119506: obj =   6.817834650e+01 inf =   1.210e-02 (3302) 3
*119789: obj =   6.775174963e+01 inf =   1.199e-02 (2424) 3
*120070: obj =   6.767788898e+01 inf =   1.204e-02 (2722) 2
*120352: obj =   6.734979512e+01 inf =   1.228e-02 (2653) 3
*120648: obj =   6.683695369e+01 inf =   1.214e-02 (2419) 3
*120900: obj =   6.683694562e+01 inf =   1.165e-02 (2472) 2
*121141: obj =   6.667639710e+01 inf =   1.144e-02 (2339) 3
*121447: obj =   6.603579662e+01 inf =   1.146e-02 (2271) 2
*121739: obj =   6.583615383e+01 inf =   1.147e-02 (2223) 3
*121978: obj =   6.583614895e+01 inf =   1.196e-02 (2252) 3
*122258: obj =   6.554502474e+01 inf =   1.232e-02 (2169) 2
*122562: obj =   6.481952351e+01 inf =   1.263e-02 (1999) 3
*122879: obj =   6.421046998e+01 inf =   1.257e-02 (1871) 3
*123191: obj =   6.383709068e+01 inf =   1.256e-02 (1724) 3
*123510: obj =   6.365963714e+01 inf =   1.247e-02 (1579) 3
*123823: obj =   6.337641842e+01 inf =   1.213e-02 (1521) 3
*124153: obj =   6.300850305e+01 inf =   1.207e-02 (1223) 3
*124483: obj =   6.258551087e+01 inf =   1.208e-02 (902) 3
*124821: obj =   6.219549304e+01 inf =   1.204e-02 (668) 3
*125154: obj =   6.191360856e+01 inf =   1.198e-02 (422) 3
*125491: obj =   6.180554150e+01 inf =   1.186e-02 (203) 3
Removing LP perturbation [125732]...
*125732: obj =   6.178927100e+01 inf =   0.000e+00 (0) 3
OPTIMAL LP SOLUTION FOUND
Integer optimization begins...
Long-step dual simplex will be used
+125732: mip =     not found yet >=              -inf        (1; 0)
+125732: >>>>>   6.178927100e+01 >=   6.178927100e+01   0.0% (1; 0)
+125732: mip =   6.178927100e+01 >=     tree is empty   0.0% (0; 1)
INTEGER OPTIMAL SOLUTION FOUND
Time used:   2385.4 secs
Memory used: 540.3 Mb (566555728 bytes)
Writing MIP solution to 'input/gemsec-Facebook.html/new_sites_edges.csv.gz.98.lp.sol'...
Objective:  obj = 61.789271 (MINimum)
