GLPSOL--GLPK LP/MIP Solver 5.0
Parameter(s) specified in the command line:
 --lp input/sx-mathoverflow.html/sx-mathoverflow-c2q.txt.gz.90.lp.reach_chain_detours.lp
 -o input/sx-mathoverflow.html/sx-mathoverflow-c2q.txt.gz.90.lp.reach_chain_detours.lp.sol
Reading problem data from 'input/sx-mathoverflow.html/sx-mathoverflow-c2q.txt.gz.90.lp.reach_chain_detours.lp'...
38553 rows, 79397 columns, 192752 non-zeros
79397 integer variables, all of which are binary
117955 lines were read
GLPK Integer Optimizer 5.0
38553 rows, 79397 columns, 192752 non-zeros
79397 integer variables, all of which are binary
Preprocessing...
1 hidden packing inequaliti(es) were detected
38494 rows, 79338 columns, 191706 non-zeros
79338 integer variables, all of which are binary
Scaling...
 A: min|aij| =  1.000e+00  max|aij| =  1.000e+00  ratio =  1.000e+00
Problem data seem to be well scaled
Constructing initial basis...
Size of triangular part is 38494
Solving LP relaxation...
GLPK Simplex Optimizer 5.0
38494 rows, 79338 columns, 191706 non-zeros
      0: obj =   0.000000000e+00 inf =   3.850e+02 (385)
    385: obj =   5.177129662e+11 inf =   0.000e+00 (0)
Perturbing LP to avoid stalling [584]...
*  2435: obj =   5.162577372e+11 inf =   0.000e+00 (879) 14
*  3881: obj =   5.162577372e+11 inf =   0.000e+00 (929) 14
*  5271: obj =   4.760832079e+11 inf =   0.000e+00 (2344) 13
*  6489: obj =   4.748964275e+11 inf =   5.746e-06 (2192) 12
*  7671: obj =   4.746192655e+11 inf =   5.598e-03 (2099) 11
*  8823: obj =   4.739305243e+11 inf =   1.275e-02 (2015) 12
*  9973: obj =   4.739302348e+11 inf =   2.213e-02 (1973) 11
* 11170: obj =   4.717475763e+11 inf =   1.790e-02 (1907) 12
* 12388: obj =   4.676075304e+11 inf =   1.473e-02 (1946) 12
* 13570: obj =   4.296055091e+11 inf =   1.193e-02 (1763) 11
* 14936: obj =   3.888416404e+11 inf =   8.618e-03 (1557) 13
* 16392: obj =   3.888397944e+11 inf =   3.282e-02 (3819) 14
* 18228: obj =   3.888395636e+11 inf =   3.144e-02 (3440) 15
* 19855: obj =   3.888393210e+11 inf =   2.189e-02 (3126) 15
* 22356: obj =   3.888390978e+11 inf =   1.802e-02 (990) 10
Removing LP perturbation [23409]...
* 23409: obj =   3.887394238e+11 inf =   0.000e+00 (0) 5
OPTIMAL LP SOLUTION FOUND
Integer optimization begins...
Long-step dual simplex will be used
+ 23409: mip =     not found yet >=              -inf        (1; 0)
+ 23409: >>>>>   3.887394238e+11 >=   3.887394238e+11   0.0% (1; 0)
+ 23409: mip =   3.887394238e+11 >=     tree is empty   0.0% (0; 1)
INTEGER OPTIMAL SOLUTION FOUND
Time used:   77.9 secs
Memory used: 97.6 Mb (102379760 bytes)
Writing MIP solution to 'input/sx-mathoverflow.html/sx-mathoverflow-c2q.txt.gz.90.lp.reach_chain_detours.lp.sol'...
Objective:  obj = 3.887394238e+11 (MINimum)
