Version 1.2 launched as -e 0.1 12 input/amazon0601.html/amazon0601.txt.gz 5


Execution time and memory used at after reading from file: 1.337076e+04 seconds, 174374912 bytes of memory usage, 170324 kB of memory peak and 03:42:52 elapsed time
Statistics on the network after reading from file
	Number of nodes: 403394
	Number of allocated nodes: 403456
	Number of edges: 3387388
	Maximum in degree: 2751 (node 1041)
	Maximum out degree: 10 (node 0)

Execution time and memory used at after adding costs: 1.337091e+04 seconds, 174374912 bytes of memory usage, 170324 kB of memory peak and 03:42:52 elapsed time
Statistics on the network after adding costs
	Number of nodes: 403394
	Number of allocated nodes: 403456
	Number of edges: 3387388
	Maximum in degree: 2751 (node 1041)
	Maximum out degree: 10 (node 0)

Execution time and memory used at before starting main computation: 1.346324e+04 seconds, 187080704 bytes of memory usage, 188372 kB of memory peak and 03:44:24 elapsed time
Statistics on the network before starting main computation
	Number of nodes: 403394
	Number of allocated nodes: 403456
	Number of edges: 3387388
	Maximum in degree: 2751 (node 1041)
	Maximum out degree: 10 (node 0)
	source 0 (node 0) with out degree 10
	target 194 (node 1041) with in degree 2751

Execution time and memory used at after iteration 1 (MF = 0.351322): 5.118407e+04 seconds, 3160870912 bytes of memory usage, 4445808 kB of memory peak and 14:13:09 elapsed time
Statistics on the network after iteration 1 (MF = 0.351322)
	Number of nodes: 403394
	Number of allocated nodes: 403456
	Number of edges: 3387388
	Maximum in degree: 2751 (node 1041)
	Maximum out degree: 10 (node 0)
	source 0 (node 0) with out degree 10
	target 194 (node 1041) with in degree 2751

Execution time and memory used at after iteration 2 (MF = 0.404564): 5.158626e+04 seconds, 3160870912 bytes of memory usage, 4445832 kB of memory peak and 14:19:51 elapsed time
Statistics on the network after iteration 2 (MF = 0.404564)
	Number of nodes: 403394
	Number of allocated nodes: 403456
	Number of edges: 3387388
	Maximum in degree: 2751 (node 1041)
	Maximum out degree: 10 (node 0)
	source 0 (node 0) with out degree 10
	target 194 (node 1041) with in degree 2751

Execution time and memory used at after iteration 3 (MF = 0.507063): 5.215467e+04 seconds, 3187085312 bytes of memory usage, 4613220 kB of memory peak and 14:29:20 elapsed time
Statistics on the network after iteration 3 (MF = 0.507063)
	Number of nodes: 403394
	Number of allocated nodes: 403456
	Number of edges: 3387388
	Maximum in degree: 2751 (node 1041)
	Maximum out degree: 10 (node 0)
	source 0 (node 0) with out degree 10
	target 194 (node 1041) with in degree 2751

Execution time and memory used at after iteration 4 (MF = 0.616806): 5.283136e+04 seconds, 3187085312 bytes of memory usage, 4773700 kB of memory peak and 14:40:36 elapsed time
Statistics on the network after iteration 4 (MF = 0.616806)
	Number of nodes: 403394
	Number of allocated nodes: 403456
	Number of edges: 3387388
	Maximum in degree: 2751 (node 1041)
	Maximum out degree: 10 (node 0)
	source 0 (node 0) with out degree 10
	target 194 (node 1041) with in degree 2751
