Version 1.2 launched as -e 0.1 12 input/ca-CondMat.html/ca-CondMat.txt.gz 200


Execution time and memory used at after reading from file: 6.920000e+00 seconds, 23289856 bytes of memory usage, 22780 kB of memory peak and 00:07 elapsed time
Statistics on the network after reading from file
	Number of nodes: 23133
	Number of allocated nodes: 23552
	Number of edges: 186878
	Maximum in degree: 279 (node 73647)
	Maximum out degree: 279 (node 73647)

Execution time and memory used at after adding costs: 6.930000e+00 seconds, 23289856 bytes of memory usage, 22780 kB of memory peak and 00:07 elapsed time
Statistics on the network after adding costs
	Number of nodes: 23133
	Number of allocated nodes: 23552
	Number of edges: 186878
	Maximum in degree: 279 (node 73647)
	Maximum out degree: 279 (node 73647)

Execution time and memory used at before starting main computation: 7.050000e+00 seconds, 23965696 bytes of memory usage, 23920 kB of memory peak and 00:07 elapsed time
Statistics on the network before starting main computation
	Number of nodes: 23133
	Number of allocated nodes: 23552
	Number of edges: 186878
	Maximum in degree: 279 (node 73647)
	Maximum out degree: 279 (node 73647)
	source 349 (node 73647) with out degree 279
	target 3073 (node 78667) with in degree 201

Execution time and memory used at after iteration 1 (MF = 158.451613): 8.157000e+01 seconds, 183226368 bytes of memory usage, 254148 kB of memory peak and 01:21 elapsed time
Statistics on the network after iteration 1 (MF = 158.451613)
	Number of nodes: 23133
	Number of allocated nodes: 23552
	Number of edges: 186878
	Maximum in degree: 279 (node 73647)
	Maximum out degree: 279 (node 73647)
	source 349 (node 73647) with out degree 279
	target 3073 (node 78667) with in degree 201

Execution time and memory used at after iteration 2 (MF = 85.681004): 9.996000e+01 seconds, 183226368 bytes of memory usage, 254528 kB of memory peak and 01:40 elapsed time
Statistics on the network after iteration 2 (MF = 85.681004)
	Number of nodes: 23133
	Number of allocated nodes: 23552
	Number of edges: 186878
	Maximum in degree: 279 (node 73647)
	Maximum out degree: 279 (node 73647)
	source 349 (node 73647) with out degree 279
	target 3073 (node 78667) with in degree 201

Execution time and memory used at after iteration 3 (MF = 75.956989): 5.065210e+04 seconds, 673161216 bytes of memory usage, 706416 kB of memory peak and 14:04:19 elapsed time
Statistics on the network after iteration 3 (MF = 75.956989)
	Number of nodes: 23133
	Number of allocated nodes: 23552
	Number of edges: 186878
	Maximum in degree: 279 (node 73647)
	Maximum out degree: 279 (node 73647)
	source 349 (node 73647) with out degree 279
	target 3073 (node 78667) with in degree 201

Execution time and memory used at after iteration 4 (MF = 88.390681): 2.990447e+05 seconds, 679342080 bytes of memory usage, 1478076 kB of memory peak and 3-11:04:31 elapsed time
Statistics on the network after iteration 4 (MF = 88.390681)
	Number of nodes: 23133
	Number of allocated nodes: 23552
	Number of edges: 186878
	Maximum in degree: 279 (node 73647)
	Maximum out degree: 279 (node 73647)
	source 349 (node 73647) with out degree 279
	target 3073 (node 78667) with in degree 201
