GLPSOL--GLPK LP/MIP Solver 5.0
Parameter(s) specified in the command line:
 --lp input/sx-mathoverflow.html/sx-mathoverflow-c2q.txt.gz.45.lp.reach_chain_detours.lp
 -o input/sx-mathoverflow.html/sx-mathoverflow-c2q.txt.gz.45.lp.reach_chain_detours.lp.sol
Reading problem data from 'input/sx-mathoverflow.html/sx-mathoverflow-c2q.txt.gz.45.lp.reach_chain_detours.lp'...
38553 rows, 79397 columns, 192752 non-zeros
79397 integer variables, all of which are binary
117955 lines were read
GLPK Integer Optimizer 5.0
38553 rows, 79397 columns, 192752 non-zeros
79397 integer variables, all of which are binary
Preprocessing...
1 hidden packing inequaliti(es) were detected
38494 rows, 79338 columns, 191706 non-zeros
79338 integer variables, all of which are binary
Scaling...
 A: min|aij| =  1.000e+00  max|aij| =  1.000e+00  ratio =  1.000e+00
Problem data seem to be well scaled
Constructing initial basis...
Size of triangular part is 38494
Solving LP relaxation...
GLPK Simplex Optimizer 5.0
38494 rows, 79338 columns, 191706 non-zeros
      0: obj =   0.000000000e+00 inf =   3.850e+02 (385)
    385: obj =   5.177129662e+11 inf =   0.000e+00 (0)
Perturbing LP to avoid stalling [584]...
*  2433: obj =   5.162577372e+11 inf =   0.000e+00 (874) 14
*  3879: obj =   5.162577372e+11 inf =   0.000e+00 (936) 13
*  5264: obj =   4.963961722e+11 inf =   0.000e+00 (2332) 14
*  6480: obj =   4.952502777e+11 inf =   2.443e-03 (2241) 12
*  7656: obj =   4.950219633e+11 inf =   1.201e-02 (2140) 11
*  8843: obj =   4.950217824e+11 inf =   1.787e-02 (2024) 12
* 10055: obj =   4.936393475e+11 inf =   1.812e-02 (2036) 12
* 11276: obj =   4.909479317e+11 inf =   1.597e-02 (1950) 11
* 12462: obj =   4.769906250e+11 inf =   1.356e-02 (1876) 12
* 13819: obj =   4.535116021e+11 inf =   1.007e-02 (1634) 13
* 15095: obj =   4.535100994e+11 inf =   2.918e-02 (4318) 12
* 16852: obj =   4.530203946e+11 inf =   2.251e-02 (1542) 17
* 18518: obj =   4.530201906e+11 inf =   1.528e-02 (1167) 15
* 19939: obj =   4.525228020e+11 inf =   1.010e-02 (998) 13
* 21263: obj =   4.520399941e+11 inf =   9.473e-03 (2568) 13
* 22315: obj =   4.520399103e+11 inf =   2.102e-02 (1596) 10
* 24549: obj =   4.518941941e+11 inf =   1.294e-02 (454) 10
Removing LP perturbation [25026]...
* 25026: obj =   4.518933883e+11 inf =   0.000e+00 (0) 1
OPTIMAL LP SOLUTION FOUND
Integer optimization begins...
Long-step dual simplex will be used
+ 25026: mip =     not found yet >=              -inf        (1; 0)
+ 25026: >>>>>   4.518933883e+11 >=   4.518933883e+11   0.0% (1; 0)
+ 25026: mip =   4.518933883e+11 >=     tree is empty   0.0% (0; 1)
INTEGER OPTIMAL SOLUTION FOUND
Time used:   86.7 secs
Memory used: 97.6 Mb (102379760 bytes)
Writing MIP solution to 'input/sx-mathoverflow.html/sx-mathoverflow-c2q.txt.gz.45.lp.reach_chain_detours.lp.sol'...
Objective:  obj = 4.518933883e+11 (MINimum)
