GLPSOL--GLPK LP/MIP Solver 5.0
Parameter(s) specified in the command line:
 --lp input/soc-RedditHyperlinks.html/soc-redditHyperlinks-title.tsv.gz.52.lp.reach_chain_detours.lp
 -o input/soc-RedditHyperlinks.html/soc-redditHyperlinks-title.tsv.gz.52.lp.reach_chain_detours.lp.sol
Reading problem data from 'input/soc-RedditHyperlinks.html/soc-redditHyperlinks-title.tsv.gz.52.lp.reach_chain_detours.lp'...
143780 rows, 300053 columns, 718887 non-zeros
300053 integer variables, all of which are binary
443838 lines were read
GLPK Integer Optimizer 5.0
143780 rows, 300053 columns, 718887 non-zeros
300053 integer variables, all of which are binary
Preprocessing...
143504 rows, 299777 columns, 715082 non-zeros
299777 integer variables, all of which are binary
Scaling...
 A: min|aij| =  1.000e+00  max|aij| =  1.000e+00  ratio =  1.000e+00
Problem data seem to be well scaled
Constructing initial basis...
Size of triangular part is 143504
Solving LP relaxation...
GLPK Simplex Optimizer 5.0
143504 rows, 299777 columns, 715082 non-zeros
      0: obj =   0.000000000e+00 inf =   6.500e+01 (65)
     65: obj =   5.165771000e+00 inf =   0.000e+00 (0)
Perturbing LP to avoid stalling [268]...
*   748: obj =   3.288109000e+00 inf =   0.000e+00 (90) 6
*  1282: obj =   3.145154000e+00 inf =   0.000e+00 (113) 5
*  1844: obj =   2.894982000e+00 inf =   0.000e+00 (98) 5
*  2364: obj =   2.796975000e+00 inf =   0.000e+00 (116) 5
*  2910: obj =   2.609621000e+00 inf =   0.000e+00 (120) 5
*  3397: obj =   2.609621000e+00 inf =   0.000e+00 (96) 5
*  3939: obj =   2.516837000e+00 inf =   0.000e+00 (109) 5
*  4420: obj =   2.516837000e+00 inf =   0.000e+00 (97) 5
*  4862: obj =   2.516837000e+00 inf =   0.000e+00 (121) 4
*  5327: obj =   2.516837000e+00 inf =   0.000e+00 (126) 5
*  5734: obj =   2.011132000e+00 inf =   0.000e+00 (136) 3
*  6174: obj =   2.011132000e+00 inf =   0.000e+00 (119) 5
*  6583: obj =   2.011132000e+00 inf =   0.000e+00 (142) 4
*  7041: obj =   2.011132000e+00 inf =   0.000e+00 (130) 4
*  7465: obj =   2.011132000e+00 inf =   0.000e+00 (143) 4
*  7873: obj =   1.669689000e+00 inf =   0.000e+00 (172) 4
*  8241: obj =   1.669689000e+00 inf =   0.000e+00 (160) 3
*  8624: obj =   1.669689000e+00 inf =   0.000e+00 (165) 4
*  9155: obj =   1.669689000e+00 inf =   0.000e+00 (161) 5
*  9591: obj =   1.669689000e+00 inf =   0.000e+00 (144) 5
* 10083: obj =   1.356425000e+00 inf =   0.000e+00 (123) 4
* 10561: obj =   1.238212000e+00 inf =   0.000e+00 (105) 5
* 11011: obj =   1.238212000e+00 inf =   0.000e+00 (124) 4
* 11453: obj =   1.238212000e+00 inf =   0.000e+00 (98) 5
* 11890: obj =   1.180205000e+00 inf =   0.000e+00 (90) 4
* 12269: obj =   1.127009000e+00 inf =   0.000e+00 (145) 3
* 12652: obj =   1.076837000e+00 inf =   0.000e+00 (124) 4
* 13060: obj =   7.096890000e-01 inf =   0.000e+00 (156) 4
* 13430: obj =   7.096890000e-01 inf =   0.000e+00 (167) 3
* 13841: obj =   7.096890000e-01 inf =   0.000e+00 (152) 4
* 14283: obj =   7.096890000e-01 inf =   0.000e+00 (166) 4
* 14709: obj =   7.096890000e-01 inf =   0.000e+00 (144) 5
* 15054: obj =   4.224040000e-01 inf =   4.172e-15 (6349) 3
* 15410: obj =   4.224037672e-01 inf =   3.034e-04 (6261) 3
* 15743: obj =   4.224033076e-01 inf =   9.878e-04 (6199) 4
* 16071: obj =   4.223963228e-01 inf =   1.235e-02 (6183) 3
* 16407: obj =   4.223822279e-01 inf =   2.996e-02 (6129) 3
* 16717: obj =   4.223673394e-01 inf =   5.108e-02 (6103) 3
* 17071: obj =   4.223584378e-01 inf =   5.890e-02 (6056) 4
* 17426: obj =   4.223419412e-01 inf =   8.867e-02 (5997) 3
* 17796: obj =   4.223260853e-01 inf =   1.066e-01 (5948) 4
* 18136: obj =   4.223094945e-01 inf =   1.351e-01 (5886) 3
* 18529: obj =   4.222907586e-01 inf =   1.635e-01 (5837) 4
* 18876: obj =   4.222711059e-01 inf =   2.001e-01 (5792) 4
* 19238: obj =   4.222392045e-01 inf =   2.408e-01 (5772) 3
* 19619: obj =   4.222223887e-01 inf =   2.730e-01 (5725) 4
* 20102: obj =   4.222150744e-01 inf =   2.786e-01 (5674) 5
* 20552: obj =   4.221961236e-01 inf =   2.742e-01 (5604) 4
* 20928: obj =   4.221902615e-01 inf =   2.854e-01 (5552) 4
* 21277: obj =   4.221748278e-01 inf =   3.289e-01 (5520) 3
* 21676: obj =   4.221558062e-01 inf =   3.578e-01 (5481) 4
* 22095: obj =   4.221467807e-01 inf =   3.633e-01 (5478) 5
* 22490: obj =   4.221297436e-01 inf =   3.370e-01 (5451) 3
* 22898: obj =   4.221183361e-01 inf =   3.544e-01 (5407) 5
* 23263: obj =   4.221113078e-01 inf =   3.856e-01 (5384) 3
* 23683: obj =   4.221030609e-01 inf =   4.150e-01 (5352) 4
* 24063: obj =   4.220977453e-01 inf =   3.971e-01 (5323) 4
* 24431: obj =   4.220901885e-01 inf =   3.558e-01 (5305) 4
* 24821: obj =   4.220852152e-01 inf =   3.083e-01 (5310) 3
* 25264: obj =   4.220799112e-01 inf =   2.762e-01 (5276) 5
* 25795: obj =   4.220772627e-01 inf =   2.680e-01 (5252) 5
* 26273: obj =   4.220720594e-01 inf =   2.725e-01 (5244) 4
* 26695: obj =   4.220678860e-01 inf =   2.953e-01 (5189) 4
* 27122: obj =   4.220663042e-01 inf =   3.011e-01 (5211) 4
* 27556: obj =   4.220629759e-01 inf =   2.808e-01 (5186) 4
* 27970: obj =   4.220573246e-01 inf =   2.279e-01 (5155) 4
* 28408: obj =   4.220533383e-01 inf =   1.914e-01 (5203) 4
* 28800: obj =   4.220482641e-01 inf =   2.284e-01 (5149) 4
* 29212: obj =   4.220431582e-01 inf =   2.123e-01 (5202) 4
* 29578: obj =   4.220385727e-01 inf =   2.513e-01 (5146) 3
* 30030: obj =   4.220321882e-01 inf =   2.770e-01 (5199) 4
* 30422: obj =   4.220293504e-01 inf =   3.095e-01 (5180) 3
* 30817: obj =   4.220218979e-01 inf =   3.348e-01 (5222) 4
* 31236: obj =   4.220141731e-01 inf =   3.411e-01 (5172) 4
* 31706: obj =   4.220075716e-01 inf =   3.475e-01 (5156) 4
* 32160: obj =   4.220017112e-01 inf =   3.645e-01 (5108) 4
* 32614: obj =   4.219977990e-01 inf =   3.734e-01 (5000) 5
* 33019: obj =   4.219955232e-01 inf =   3.395e-01 (4943) 4
* 33496: obj =   4.219935984e-01 inf =   3.133e-01 (4904) 4
* 33953: obj =   4.219866006e-01 inf =   2.893e-01 (4771) 4
* 34352: obj =   4.219840862e-01 inf =   2.748e-01 (4732) 4
* 34826: obj =   4.219817764e-01 inf =   2.758e-01 (4662) 5
* 35288: obj =   4.219789810e-01 inf =   2.699e-01 (4595) 4
* 35689: obj =   4.219775901e-01 inf =   2.627e-01 (4551) 4
* 36133: obj =   4.219745196e-01 inf =   2.242e-01 (4518) 4
* 36549: obj =   4.219729673e-01 inf =   2.097e-01 (4459) 4
* 37002: obj =   4.219703324e-01 inf =   1.972e-01 (4469) 5
* 37397: obj =   4.219679210e-01 inf =   1.773e-01 (4387) 4
* 37887: obj =   4.219644262e-01 inf =   1.661e-01 (4273) 4
* 38341: obj =   4.219609543e-01 inf =   1.749e-01 (4187) 4
* 38836: obj =   4.219593736e-01 inf =   1.802e-01 (4054) 4
* 39220: obj =   4.219556649e-01 inf =   2.194e-01 (4002) 3
* 39774: obj =   4.219534386e-01 inf =   2.198e-01 (3984) 4
* 40271: obj =   4.219527473e-01 inf =   2.209e-01 (4017) 4
* 40694: obj =   4.219487743e-01 inf =   2.353e-01 (3950) 4
* 41083: obj =   4.219384539e-01 inf =   2.505e-01 (3894) 3
* 41494: obj =   4.219347214e-01 inf =   2.568e-01 (3887) 4
* 41887: obj =   4.219264469e-01 inf =   2.798e-01 (3764) 3
* 42272: obj =   4.219189784e-01 inf =   2.890e-01 (3744) 3
* 42684: obj =   4.219105825e-01 inf =   3.095e-01 (3689) 3
* 43073: obj =   4.218967133e-01 inf =   3.281e-01 (3637) 3
* 43508: obj =   4.218891339e-01 inf =   3.364e-01 (3597) 4
* 43898: obj =   4.218728159e-01 inf =   3.532e-01 (3587) 3
* 44331: obj =   4.218673448e-01 inf =   3.617e-01 (3606) 3
* 44765: obj =   4.218622980e-01 inf =   3.652e-01 (3522) 4
* 45184: obj =   4.218490273e-01 inf =   3.848e-01 (3426) 4
* 45577: obj =   4.218452667e-01 inf =   4.050e-01 (3390) 3
* 45939: obj =   4.218378830e-01 inf =   4.220e-01 (3335) 4
* 46378: obj =   4.218252152e-01 inf =   4.245e-01 (3203) 4
* 46830: obj =   4.218134443e-01 inf =   4.285e-01 (3063) 3
* 47255: obj =   4.217998962e-01 inf =   4.425e-01 (3006) 4
* 47709: obj =   4.217930936e-01 inf =   4.428e-01 (2894) 4
* 48209: obj =   4.217791850e-01 inf =   4.376e-01 (2730) 4
* 48609: obj =   4.217774116e-01 inf =   4.572e-01 (2608) 4
* 49076: obj =   3.759963825e-01 inf =   4.465e-01 (2466) 3
* 49471: obj =   3.759940198e-01 inf =   4.219e-01 (2384) 4
* 49956: obj =   3.759867770e-01 inf =   4.144e-01 (2171) 3
* 50442: obj =   3.577012233e-01 inf =   4.130e-01 (2004) 4
* 50952: obj =   3.414756090e-01 inf =   4.157e-01 (1785) 4
* 51429: obj =   3.414731827e-01 inf =   4.069e-01 (1554) 4
* 51971: obj =   3.414684971e-01 inf =   4.040e-01 (1297) 4
* 52505: obj =   3.414670457e-01 inf =   4.010e-01 (981) 4
* 53051: obj =   3.414651165e-01 inf =   3.987e-01 (637) 4
* 53596: obj =   3.414636471e-01 inf =   3.968e-01 (215) 5
Removing LP perturbation [53918]...
* 53918: obj =   3.421290000e-01 inf =   0.000e+00 (0) 2
OPTIMAL LP SOLUTION FOUND
Integer optimization begins...
Long-step dual simplex will be used
+ 53918: mip =     not found yet >=              -inf        (1; 0)
+ 53918: >>>>>   3.421290000e-01 >=   3.421290000e-01   0.0% (1; 0)
+ 53918: mip =   3.421290000e-01 >=     tree is empty   0.0% (0; 1)
INTEGER OPTIMAL SOLUTION FOUND
Time used:   625.1 secs
Memory used: 370.5 Mb (388498647 bytes)
Writing MIP solution to 'input/soc-RedditHyperlinks.html/soc-redditHyperlinks-title.tsv.gz.52.lp.reach_chain_detours.lp.sol'...
Objective:  obj = 0.342129 (MINimum)
