GLPSOL--GLPK LP/MIP Solver 5.0
Parameter(s) specified in the command line:
 --lp input/sx-askubuntu.html/sx-askubuntu-a2q.txt.gz.290.lp.reach_chain_detours.lp
 -o input/sx-askubuntu.html/sx-askubuntu-a2q.txt.gz.290.lp.reach_chain_detours.lp.sol
Reading problem data from 'input/sx-askubuntu.html/sx-askubuntu-a2q.txt.gz.290.lp.reach_chain_detours.lp'...
37374 rows, 80233 columns, 186857 non-zeros
80233 integer variables, all of which are binary
117612 lines were read
GLPK Integer Optimizer 5.0
37374 rows, 80233 columns, 186857 non-zeros
80233 integer variables, all of which are binary
Preprocessing...
1 hidden packing inequaliti(es) were detected
37369 rows, 80228 columns, 186026 non-zeros
80228 integer variables, all of which are binary
Scaling...
 A: min|aij| =  1.000e+00  max|aij| =  1.000e+00  ratio =  1.000e+00
Problem data seem to be well scaled
Constructing initial basis...
Size of triangular part is 37369
Solving LP relaxation...
GLPK Simplex Optimizer 5.0
37369 rows, 80228 columns, 186026 non-zeros
      0: obj =   0.000000000e+00 inf =   3.280e+02 (328)
    328: obj =   4.398077911e+11 inf =   0.000e+00 (0)
Perturbing LP to avoid stalling [527]...
*  2846: obj =   4.368942701e+11 inf =   0.000e+00 (734) 19
*  4645: obj =   4.368942701e+11 inf =   0.000e+00 (779) 17
*  6089: obj =   3.911236190e+11 inf =   0.000e+00 (2703) 13
*  7317: obj =   3.911236190e+11 inf =   0.000e+00 (2899) 10
*  8484: obj =   3.911236190e+11 inf =   0.000e+00 (3080) 9
*  9592: obj =   3.565827144e+11 inf =   1.597e-05 (3154) 10
* 10609: obj =   3.565826306e+11 inf =   4.525e-03 (3052) 11
* 11622: obj =   3.565824274e+11 inf =   1.404e-02 (2921) 10
* 12639: obj =   3.561675696e+11 inf =   2.143e-02 (2846) 10
* 13651: obj =   3.561672663e+11 inf =   2.653e-02 (2774) 10
* 14664: obj =   3.561670646e+11 inf =   2.855e-02 (2664) 10
* 15675: obj =   3.515245505e+11 inf =   2.951e-02 (2568) 9
* 16684: obj =   3.515243262e+11 inf =   2.711e-02 (2602) 10
* 17694: obj =   3.509230169e+11 inf =   2.002e-02 (2551) 10
* 18707: obj =   3.363379154e+11 inf =   1.499e-02 (2558) 10
* 19686: obj =   3.323687427e+11 inf =   1.245e-02 (2501) 10
* 20703: obj =   3.172433078e+11 inf =   1.127e-02 (2495) 9
* 21691: obj =   2.910013477e+11 inf =   1.109e-02 (2373) 10
* 22664: obj =   2.327336264e+11 inf =   1.056e-02 (2225) 9
* 23847: obj =   1.293600055e+11 inf =   1.043e-02 (2225) 11
* 25363: obj =   1.263055128e+11 inf =   1.360e-02 (1811) 14
* 26996: obj =   6.808638245e+10 inf =   1.590e-02 (1840) 15
* 28368: obj =   5.474763178e+10 inf =   1.409e-02 (340) 12
* 29364: obj =   5.083619547e+10 inf =   1.489e-02 (3580) 10
* 30436: obj =   5.082578009e+10 inf =   1.475e-02 (3395) 11
* 32114: obj =   4.820593576e+10 inf =   2.074e-02 (2953) 16
* 34098: obj =   4.689881042e+10 inf =   1.797e-02 (2144) 16
* 35840: obj =   4.689844057e+10 inf =   1.975e-02 (1703) 15
* 37358: obj =   4.689776388e+10 inf =   2.055e-02 (1512) 13
* 39138: obj =   4.686006870e+10 inf =   1.945e-02 (493) 14
Removing LP perturbation [39722]...
* 39722: obj =   4.684575959e+10 inf =   0.000e+00 (0) 3
OPTIMAL LP SOLUTION FOUND
Integer optimization begins...
Long-step dual simplex will be used
+ 39722: mip =     not found yet >=              -inf        (1; 0)
+ 39722: >>>>>   4.684575960e+10 >=   4.684575960e+10   0.0% (1; 0)
+ 39722: mip =   4.684575960e+10 >=     tree is empty   0.0% (0; 1)
INTEGER OPTIMAL SOLUTION FOUND
Time used:   152.4 secs
Memory used: 96.6 Mb (101245982 bytes)
Writing MIP solution to 'input/sx-askubuntu.html/sx-askubuntu-a2q.txt.gz.290.lp.reach_chain_detours.lp.sol'...
Objective:  obj = 4.68457596e+10 (MINimum)
