	Command being timed: "/usr/app/src/glpk-5.0/examples/glpsol --lp input/sx-askubuntu.html/sx-askubuntu-c2a.txt.gz.1152.lp.reach_chain_detours.lp -o input/sx-askubuntu.html/sx-askubuntu-c2a.txt.gz.1152.lp.reach_chain_detours.lp.sol"
	User time (seconds): 1120.12
	System time (seconds): 1.84
	Percent of CPU this job got: 99%
	Elapsed (wall clock) time (h:mm:ss or m:ss): 18:41.99
	Average shared text size (kbytes): 0
	Average unshared data size (kbytes): 0
	Average stack size (kbytes): 0
	Average total size (kbytes): 0
	Maximum resident set size (kbytes): 172656
	Average resident set size (kbytes): 0
	Major (requiring I/O) page faults: 0
	Minor (reclaiming a frame) page faults: 748925
	Voluntary context switches: 51
	Involuntary context switches: 1146
	Swaps: 0
	File system inputs: 0
	File system outputs: 29432
	Socket messages sent: 0
	Socket messages received: 0
	Signals delivered: 0
	Page size (bytes): 4096
	Exit status: 0
