GLPSOL--GLPK LP/MIP Solver 5.0
Parameter(s) specified in the command line:
 --lp input/soc-sign-bitcoin-otc.html/soc-sign-bitcoinotc.csv.gz.328.lp.reach_chain_detours.lp
 -o input/soc-sign-bitcoin-otc.html/soc-sign-bitcoinotc.csv.gz.328.lp.reach_chain_detours.lp.sol
Reading problem data from 'input/soc-sign-bitcoin-otc.html/soc-sign-bitcoinotc.csv.gz.328.lp.reach_chain_detours.lp'...
30149 rows, 63515 columns, 150732 non-zeros
63515 integer variables, all of which are binary
93669 lines were read
GLPK Integer Optimizer 5.0
30149 rows, 63515 columns, 150732 non-zeros
63515 integer variables, all of which are binary
Preprocessing...
29739 rows, 63105 columns, 148297 non-zeros
63105 integer variables, all of which are binary
Scaling...
 A: min|aij| =  1.000e+00  max|aij| =  1.000e+00  ratio =  1.000e+00
Problem data seem to be well scaled
Constructing initial basis...
Size of triangular part is 29739
Solving LP relaxation...
GLPK Simplex Optimizer 5.0
29739 rows, 63105 columns, 148297 non-zeros
      0: obj =   0.000000000e+00 inf =   3.620e+02 (362)
    362: obj =   2.430785810e+02 inf =   0.000e+00 (0)
Perturbing LP to avoid stalling [565]...
*  3140: obj =   2.357981500e+02 inf =   0.000e+00 (488) 25
*  5322: obj =   2.357981500e+02 inf =   0.000e+00 (493) 20
*  7431: obj =   2.357981500e+02 inf =   0.000e+00 (590) 20
*  8985: obj =   1.632872179e+02 inf =   2.097e-03 (4552) 15
* 10278: obj =   1.632871481e+02 inf =   1.514e-02 (4396) 13
* 11557: obj =   1.632870510e+02 inf =   3.174e-02 (4327) 12
* 12804: obj =   1.632869783e+02 inf =   3.491e-02 (4208) 13
* 14126: obj =   1.615756196e+02 inf =   3.514e-02 (4376) 13
* 15366: obj =   1.573093185e+02 inf =   3.333e-02 (4754) 12
* 16627: obj =   1.508684979e+02 inf =   3.361e-02 (5430) 12
* 17894: obj =   1.501365705e+02 inf =   3.286e-02 (5409) 12
* 19189: obj =   1.343993307e+02 inf =   3.565e-02 (6563) 12
* 20448: obj =   1.278513957e+02 inf =   3.188e-02 (6642) 12
* 21705: obj =   1.144101634e+02 inf =   2.961e-02 (6426) 12
* 22915: obj =   9.759765676e+01 inf =   2.975e-02 (5975) 12
* 24099: obj =   2.815464303e+00 inf =   3.074e-02 (4191) 11
* 25191: obj =   2.815399666e+00 inf =   3.625e-02 (3882) 11
* 26303: obj =   2.815355734e+00 inf =   4.353e-02 (3677) 11
* 27396: obj =   2.815314418e+00 inf =   4.984e-02 (3460) 10
* 28530: obj =   2.411863269e+00 inf =   5.118e-02 (3306) 12
* 29642: obj =   2.411842829e+00 inf =   5.133e-02 (3153) 11
* 30717: obj =   2.411817656e+00 inf =   5.073e-02 (3024) 10
* 31689: obj =   2.411786020e+00 inf =   5.657e-02 (2959) 10
* 32675: obj =   2.411763182e+00 inf =   6.396e-02 (2874) 10
* 33686: obj =   2.411748888e+00 inf =   6.893e-02 (2825) 10
* 35044: obj =   1.811765272e+00 inf =   6.002e-02 (6688) 13
* 36687: obj =   1.810414031e+00 inf =   4.440e-02 (6345) 16
* 37759: obj =   1.810222041e+00 inf =   4.155e-02 (3185) 11
* 38767: obj =   1.810200044e+00 inf =   4.414e-02 (3039) 10
* 39777: obj =   1.810192585e+00 inf =   4.397e-02 (2876) 9
* 40826: obj =   1.810184888e+00 inf =   4.235e-02 (2793) 10
* 42147: obj =   1.681552297e+00 inf =   3.848e-02 (6283) 13
* 44244: obj =   1.681214255e+00 inf =   4.259e-02 (5756) 21
* 46591: obj =   1.681073234e+00 inf =   3.767e-02 (5360) 22
* 49141: obj =   1.681029828e+00 inf =   3.644e-02 (4637) 24
* 51048: obj =   1.680978432e+00 inf =   4.142e-02 (4396) 17
* 53508: obj =   1.680848043e+00 inf =   3.883e-02 (3475) 19
* 55939: obj =   1.680750929e+00 inf =   3.796e-02 (2554) 19
* 58739: obj =   1.680670843e+00 inf =   3.408e-02 (964) 18
Removing LP perturbation [59884]...
* 59884: obj =   1.644069000e+00 inf =   0.000e+00 (0) 7
OPTIMAL LP SOLUTION FOUND
Integer optimization begins...
Long-step dual simplex will be used
+ 59884: mip =     not found yet >=              -inf        (1; 0)
+ 59884: >>>>>   1.644069000e+00 >=   1.644069000e+00   0.0% (1; 0)
+ 59884: mip =   1.644069000e+00 >=     tree is empty   0.0% (0; 1)
INTEGER OPTIMAL SOLUTION FOUND
Time used:   198.4 secs
Memory used: 77.4 Mb (81146755 bytes)
Writing MIP solution to 'input/soc-sign-bitcoin-otc.html/soc-sign-bitcoinotc.csv.gz.328.lp.reach_chain_detours.lp.sol'...
Objective:  obj = 1.644069 (MINimum)
