	Command being timed: "/usr/app/src/main -e 0.1 12 input/email-Eu-core-temporal.html/email-Eu-core-temporal-Dept2.txt.gz 2"
	User time (seconds): 29086.35
	System time (seconds): 147.28
	Percent of CPU this job got: 100%
	Elapsed (wall clock) time (h:mm:ss or m:ss): 8:06:34
	Average shared text size (kbytes): 0
	Average unshared data size (kbytes): 0
	Average stack size (kbytes): 0
	Average total size (kbytes): 0
	Maximum resident set size (kbytes): 88480
	Average resident set size (kbytes): 0
	Major (requiring I/O) page faults: 0
	Minor (reclaiming a frame) page faults: 57754849
	Voluntary context switches: 102425
	Involuntary context switches: 65512
	Swaps: 0
	File system inputs: 0
	File system outputs: 13560
	Socket messages sent: 0
	Socket messages received: 0
	Signals delivered: 0
	Page size (bytes): 4096
	Exit status: 0
