	Command being timed: "/usr/app/src/glpk-5.0/examples/glpsol --lp input/Oregon-2.html/oregon2_010414.txt.gz.92.lp -o input/Oregon-2.html/oregon2_010414.txt.gz.92.lp.sol"
	User time (seconds): 6.76
	System time (seconds): 0.07
	Percent of CPU this job got: 100%
	Elapsed (wall clock) time (h:mm:ss or m:ss): 0:06.84
	Average shared text size (kbytes): 0
	Average unshared data size (kbytes): 0
	Average stack size (kbytes): 0
	Average total size (kbytes): 0
	Maximum resident set size (kbytes): 85748
	Average resident set size (kbytes): 0
	Major (requiring I/O) page faults: 0
	Minor (reclaiming a frame) page faults: 30393
	Voluntary context switches: 32
	Involuntary context switches: 22
	Swaps: 0
	File system inputs: 0
	File system outputs: 13880
	Socket messages sent: 0
	Socket messages received: 0
	Signals delivered: 0
	Page size (bytes): 4096
	Exit status: 0
