GLPSOL--GLPK LP/MIP Solver 5.0
Parameter(s) specified in the command line:
 --lp input/soc-sign-bitcoin-otc.html/soc-sign-bitcoinotc.csv.gz.410.lp -o
 input/soc-sign-bitcoin-otc.html/soc-sign-bitcoinotc.csv.gz.410.lp.sol
Reading problem data from 'input/soc-sign-bitcoin-otc.html/soc-sign-bitcoinotc.csv.gz.410.lp'...
35595 rows, 77065 columns, 177962 non-zeros
77065 integer variables, all of which are binary
112665 lines were read
GLPK Integer Optimizer 5.0
35595 rows, 77065 columns, 177962 non-zeros
77065 integer variables, all of which are binary
Preprocessing...
34652 rows, 76115 columns, 173021 non-zeros
76115 integer variables, all of which are binary
Scaling...
 A: min|aij| =  1.000e+00  max|aij| =  1.000e+00  ratio =  1.000e+00
Problem data seem to be well scaled
Constructing initial basis...
Size of triangular part is 34652
Solving LP relaxation...
GLPK Simplex Optimizer 5.0
34652 rows, 76115 columns, 173021 non-zeros
      0: obj =   0.000000000e+00 inf =   4.120e+02 (412)
    412: obj =   2.746664020e+02 inf =   0.000e+00 (0)
Perturbing LP to avoid stalling [615]...
*  3044: obj =   2.664468340e+02 inf =   0.000e+00 (590) 23
*  5350: obj =   2.664468340e+02 inf =   0.000e+00 (577) 23
*  7431: obj =   2.664468340e+02 inf =   0.000e+00 (570) 20
*  9302: obj =   2.664468340e+02 inf =   0.000e+00 (607) 18
* 11039: obj =   2.664468340e+02 inf =   0.000e+00 (611) 17
* 12724: obj =   2.664468340e+02 inf =   0.000e+00 (620) 16
* 14129: obj =   2.576186239e+02 inf =   2.082e-16 (5047) 13
* 15019: obj =   2.534374561e+02 inf =   1.616e-04 (5633) 9
* 15833: obj =   2.526098340e+02 inf =   3.154e-03 (5610) 8
* 16618: obj =   2.526098124e+02 inf =   6.131e-03 (5509) 8
* 17426: obj =   2.435580973e+02 inf =   9.949e-03 (5166) 8
* 18235: obj =   2.265871535e+02 inf =   1.380e-02 (4682) 8
* 19029: obj =   1.773632791e+02 inf =   1.556e-02 (4408) 7
* 19818: obj =   1.773632228e+02 inf =   1.980e-02 (4344) 8
* 20625: obj =   1.773631872e+02 inf =   2.059e-02 (4326) 7
* 21336: obj =   1.773631552e+02 inf =   2.299e-02 (4301) 8
* 22166: obj =   1.748527193e+02 inf =   2.377e-02 (4798) 7
* 22886: obj =   1.748526663e+02 inf =   2.547e-02 (4801) 8
* 23692: obj =   1.747572560e+02 inf =   2.313e-02 (4782) 7
* 24386: obj =   1.727473978e+02 inf =   2.875e-02 (4727) 7
* 25113: obj =   1.698311853e+02 inf =   2.722e-02 (4589) 8
* 25885: obj =   1.667180175e+02 inf =   2.655e-02 (5263) 7
* 26620: obj =   1.648874682e+02 inf =   2.741e-02 (5465) 7
* 27412: obj =   1.639121132e+02 inf =   2.771e-02 (5544) 7
* 28137: obj =   1.622707588e+02 inf =   2.826e-02 (5499) 8
* 28963: obj =   1.602850815e+02 inf =   3.002e-02 (5765) 7
* 29671: obj =   1.601942399e+02 inf =   3.341e-02 (5821) 7
* 30382: obj =   1.546209032e+02 inf =   3.604e-02 (6463) 7
* 31158: obj =   1.205693450e+02 inf =   3.587e-02 (6395) 7
* 32362: obj =   1.062574011e+02 inf =   2.890e-02 (5533) 11
* 33271: obj =   1.055891496e+02 inf =   3.286e-02 (6107) 9
* 34005: obj =   1.055891128e+02 inf =   3.294e-02 (6032) 7
* 34710: obj =   6.312149017e+01 inf =   3.382e-02 (4944) 7
* 35421: obj =   4.493589605e+01 inf =   3.412e-02 (4553) 7
* 36707: obj =   4.309142048e+01 inf =   2.961e-02 (35859) 12
* 37499: obj =   4.253610078e+01 inf =   3.176e-02 (4788) 8
* 38209: obj =   4.253607990e+01 inf =   3.236e-02 (4711) 7
* 38918: obj =   4.253603373e+01 inf =   3.671e-02 (4570) 7
* 39625: obj =   4.253599493e+01 inf =   3.801e-02 (4478) 7
* 40512: obj =   2.530675644e+01 inf =   3.898e-02 (14868) 8
* 41753: obj =   2.529574142e+01 inf =   2.807e-02 (5559) 13
* 42478: obj =   2.529567795e+01 inf =   2.853e-02 (5251) 7
* 43216: obj =   2.529563370e+01 inf =   2.961e-02 (5207) 7
* 44230: obj =   2.442505618e+01 inf =   3.126e-02 (4600) 10
* 44937: obj =   2.442502056e+01 inf =   3.316e-02 (4493) 7
* 45868: obj =   1.445691883e+01 inf =   3.158e-02 (14629) 9
* 47047: obj =   1.444559965e+01 inf =   2.626e-02 (14239) 11
* 48716: obj =   1.381773801e+01 inf =   2.746e-02 (35984) 16
* 50016: obj =   1.381738618e+01 inf =   3.015e-02 (35956) 13
* 51182: obj =   1.364561723e+01 inf =   2.950e-02 (4996) 11
* 51851: obj =   1.364556394e+01 inf =   2.981e-02 (4840) 7
* 52556: obj =   1.364550513e+01 inf =   3.306e-02 (4701) 6
* 53199: obj =   1.364549126e+01 inf =   3.319e-02 (4589) 7
* 53877: obj =   1.116481947e+01 inf =   3.290e-02 (4452) 7
* 54580: obj =   6.171802034e+00 inf =   3.209e-02 (4280) 6
* 55200: obj =   6.171774970e+00 inf =   3.117e-02 (4209) 7
* 55908: obj =   5.045946490e-01 inf =   2.941e-02 (4089) 6
* 56531: obj =   5.045700656e-01 inf =   2.963e-02 (3991) 6
* 57184: obj =   5.045541949e-01 inf =   2.945e-02 (3875) 7
* 57817: obj =   5.045321611e-01 inf =   3.198e-02 (3804) 6
* 58500: obj =   3.674223398e-01 inf =   3.120e-02 (3452) 7
* 59107: obj =   3.305796238e-01 inf =   3.431e-02 (3414) 6
* 59730: obj =   3.305777618e-01 inf =   3.462e-02 (3358) 6
* 60323: obj =   3.305740414e-01 inf =   3.667e-02 (3313) 6
* 60926: obj =   3.305708293e-01 inf =   3.905e-02 (3282) 6
* 61533: obj =   3.305689249e-01 inf =   3.954e-02 (3290) 6
* 62140: obj =   3.305662480e-01 inf =   4.121e-02 (3245) 6
* 62747: obj =   3.303370644e-01 inf =   4.169e-02 (3237) 6
* 63353: obj =   3.303346505e-01 inf =   4.359e-02 (3200) 6
* 63961: obj =   3.303336536e-01 inf =   4.264e-02 (3179) 6
* 64568: obj =   1.582190535e-01 inf =   4.198e-02 (35700) 6
* 65174: obj =   1.582178542e-01 inf =   4.032e-02 (35704) 6
* 66574: obj =   6.262618881e-03 inf =   3.805e-02 (3362) 13
* 67912: obj =   6.037381167e-03 inf =   3.527e-02 (3268) 13
* 69245: obj =   5.808496604e-03 inf =   3.254e-02 (3164) 14
* 70573: obj =   5.571103863e-03 inf =   3.241e-02 (3037) 13
* 72233: obj =   5.466147306e-03 inf =   4.221e-02 (2740) 16
Removing LP perturbation [73946]...
* 73946: obj =   0.000000000e+00 inf =   0.000e+00 (0) 17
OPTIMAL LP SOLUTION FOUND
Integer optimization begins...
Long-step dual simplex will be used
+ 73946: mip =     not found yet >=              -inf        (1; 0)
+ 74905: mip =     not found yet >=   0.000000000e+00        (4; 0)
+ 75710: mip =     not found yet >=   0.000000000e+00        (12; 0)
+ 76630: mip =     not found yet >=   0.000000000e+00        (17; 0)
+ 77429: mip =     not found yet >=   0.000000000e+00        (24; 0)
+ 78278: mip =     not found yet >=   0.000000000e+00        (29; 0)
+ 79017: >>>>>   0.000000000e+00 >=   0.000000000e+00   0.0% (31; 0)
+ 79017: mip =   0.000000000e+00 >=     tree is empty   0.0% (0; 61)
INTEGER OPTIMAL SOLUTION FOUND
Time used:   429.6 secs
Memory used: 95.2 Mb (99820067 bytes)
Writing MIP solution to 'input/soc-sign-bitcoin-otc.html/soc-sign-bitcoinotc.csv.gz.410.lp.sol'...
Objective:  obj = 0 (MINimum)
