GLPSOL--GLPK LP/MIP Solver 5.0
Parameter(s) specified in the command line:
 --lp input/gemsec-Facebook.html/new_sites_edges.csv.gz.49.lp.reach_chain_detours.lp
 -o input/gemsec-Facebook.html/new_sites_edges.csv.gz.49.lp.reach_chain_detours.lp.sol
Reading problem data from 'input/gemsec-Facebook.html/new_sites_edges.csv.gz.49.lp.reach_chain_detours.lp'...
42886 rows, 91932 columns, 214417 non-zeros
91932 integer variables, all of which are binary
134823 lines were read
GLPK Integer Optimizer 5.0
42886 rows, 91932 columns, 214417 non-zeros
91932 integer variables, all of which are binary
Preprocessing...
42884 rows, 91930 columns, 213665 non-zeros
91930 integer variables, all of which are binary
Scaling...
 A: min|aij| =  1.000e+00  max|aij| =  1.000e+00  ratio =  1.000e+00
Problem data seem to be well scaled
Constructing initial basis...
Size of triangular part is 42884
Solving LP relaxation...
GLPK Simplex Optimizer 5.0
42884 rows, 91930 columns, 213665 non-zeros
      0: obj =   0.000000000e+00 inf =   3.580e+02 (358)
    358: obj =   2.113077570e+02 inf =   0.000e+00 (0)
Perturbing LP to avoid stalling [559]...
*  2546: obj =   2.013130272e+02 inf =   7.000e-09 (1367) 15
*  3966: obj =   1.997609182e+02 inf =   6.000e-09 (1737) 12
*  5186: obj =   1.997609182e+02 inf =   6.000e-09 (2043) 11
*  6327: obj =   1.878213821e+02 inf =   8.278e-06 (2693) 11
*  7485: obj =   1.878212568e+02 inf =   2.222e-03 (2509) 11
*  8622: obj =   1.864972137e+02 inf =   1.705e-03 (2447) 12
*  9873: obj =   1.794822397e+02 inf =   1.185e-03 (2116) 12
* 11189: obj =   1.608473729e+02 inf =   5.873e-04 (2115) 12
* 12465: obj =   1.580187507e+02 inf =   2.044e-03 (2249) 11
* 13545: obj =   1.568506240e+02 inf =   4.405e-03 (2265) 10
* 14632: obj =   1.568505500e+02 inf =   4.951e-03 (2322) 10
* 15767: obj =   1.566041710e+02 inf =   3.062e-03 (2140) 11
* 16854: obj =   1.527009347e+02 inf =   3.197e-03 (1988) 11
* 18062: obj =   1.422101159e+02 inf =   3.170e-03 (1990) 10
* 19325: obj =   1.272006795e+02 inf =   3.187e-03 (1818) 12
* 20621: obj =   1.213867278e+02 inf =   2.759e-03 (1773) 13
* 21901: obj =   1.042686420e+02 inf =   2.415e-03 (1480) 11
* 23191: obj =   9.934523762e+01 inf =   2.536e-03 (1370) 12
* 24626: obj =   9.611592052e+01 inf =   3.945e-03 (1108) 14
* 26462: obj =   9.351708137e+01 inf =   2.806e-03 (230) 17
Removing LP perturbation [26764]...
* 26764: obj =   9.338908500e+01 inf =   0.000e+00 (0) 3
OPTIMAL LP SOLUTION FOUND
Integer optimization begins...
Long-step dual simplex will be used
+ 26764: mip =     not found yet >=              -inf        (1; 0)
+ 26764: >>>>>   9.338908500e+01 >=   9.338908500e+01   0.0% (1; 0)
+ 26764: mip =   9.338908500e+01 >=     tree is empty   0.0% (0; 1)
INTEGER OPTIMAL SOLUTION FOUND
Time used:   101.7 secs
Memory used: 110.2 Mb (115547984 bytes)
Writing MIP solution to 'input/gemsec-Facebook.html/new_sites_edges.csv.gz.49.lp.reach_chain_detours.lp.sol'...
Objective:  obj = 93.389085 (MINimum)
