GLPSOL--GLPK LP/MIP Solver 5.0
Parameter(s) specified in the command line:
 --lp input/sx-askubuntu.html/sx-askubuntu-a2q.txt.gz.464.lp -o input/sx-askubuntu.html/sx-askubuntu-a2q.txt.gz.464.lp.sol
Reading problem data from 'input/sx-askubuntu.html/sx-askubuntu-a2q.txt.gz.464.lp'...
247256 rows, 628541 columns, 1236267 non-zeros
628541 integer variables, all of which are binary
875802 lines were read
GLPK Integer Optimizer 5.0
247256 rows, 628541 columns, 1236267 non-zeros
628541 integer variables, all of which are binary
Preprocessing...
1 hidden packing inequaliti(es) were detected
246531 rows, 627724 columns, 1230737 non-zeros
627724 integer variables, all of which are binary
Scaling...
 A: min|aij| =  1.000e+00  max|aij| =  1.000e+00  ratio =  1.000e+00
Problem data seem to be well scaled
Constructing initial basis...
Size of triangular part is 246531
Solving LP relaxation...
GLPK Simplex Optimizer 5.0
246531 rows, 627724 columns, 1230737 non-zeros
      0: obj =   0.000000000e+00 inf =   5.890e+02 (589)
    455: obj =   6.079070634e+11 inf =   1.340e+02 (134)
    589: obj =   7.956470956e+11 inf =   0.000e+00 (0)
Perturbing LP to avoid stalling [788]...
*  1088: obj =   7.956470956e+11 inf =   0.000e+00 (1088)
*  1525: obj =   7.927335747e+11 inf =   0.000e+00 (1197) 3
*  1931: obj =   7.927335747e+11 inf =   0.000e+00 (1198) 3
*  2317: obj =   7.927335747e+11 inf =   0.000e+00 (1227) 4
*  2696: obj =   7.927335747e+11 inf =   0.000e+00 (1215) 4
*  3069: obj =   7.927335747e+11 inf =   0.000e+00 (1227) 3
*  3430: obj =   7.927335747e+11 inf =   0.000e+00 (1249) 3
*  3781: obj =   7.927335747e+11 inf =   0.000e+00 (1265) 4
*  4128: obj =   7.927335747e+11 inf =   0.000e+00 (1274) 3
*  4468: obj =   7.927335747e+11 inf =   0.000e+00 (1292) 3
*  4801: obj =   7.927335747e+11 inf =   0.000e+00 (1276) 3
*  5128: obj =   7.927335747e+11 inf =   0.000e+00 (1289) 3
*  5451: obj =   7.927335747e+11 inf =   0.000e+00 (1298) 3
*  5765: obj =   7.927335747e+11 inf =   0.000e+00 (1318) 4
*  6079: obj =   7.927335747e+11 inf =   0.000e+00 (1328) 3
*  6392: obj =   7.927335747e+11 inf =   0.000e+00 (1312) 3
*  6703: obj =   7.927335747e+11 inf =   0.000e+00 (1329) 3
*  7010: obj =   7.927335747e+11 inf =   0.000e+00 (1340) 2
*  7309: obj =   7.927335747e+11 inf =   0.000e+00 (1344) 3
*  7601: obj =   7.927335747e+11 inf =   0.000e+00 (1355) 3
*  7895: obj =   7.927335747e+11 inf =   0.000e+00 (1370) 3
*  8186: obj =   7.450057593e+11 inf =   0.000e+00 (5084) 3
*  8487: obj =   7.450057593e+11 inf =   0.000e+00 (5079) 3
*  8787: obj =   7.287077353e+11 inf =   0.000e+00 (5039) 3
*  9109: obj =   6.705351863e+11 inf =   0.000e+00 (4961) 3
*  9503: obj =   5.567057138e+11 inf =   1.332e-15 (4823) 2
*  9914: obj =   3.918878834e+11 inf =   0.000e+00 (4751) 2
* 10243: obj =   3.911588544e+11 inf =   3.331e-16 (4728) 3
* 10558: obj =   3.911588544e+11 inf =   0.000e+00 (4711) 3
* 10880: obj =   3.823354700e+11 inf =   0.000e+00 (4709) 3
* 11184: obj =   3.823354700e+11 inf =   0.000e+00 (4709) 2
* 11510: obj =   3.569518806e+11 inf =   6.154e-06 (4698) 3
* 11878: obj =   2.988979258e+11 inf =   2.759e-05 (4541) 2
* 12180: obj =   2.988979090e+11 inf =   7.239e-04 (4536) 2
* 12473: obj =   2.988978426e+11 inf =   3.339e-03 (4551) 3
* 12769: obj =   2.988977782e+11 inf =   6.432e-03 (4567) 3
* 13066: obj =   2.988977121e+11 inf =   8.787e-03 (4575) 2
* 13353: obj =   2.988976186e+11 inf =   1.300e-02 (4585) 3
* 13649: obj =   2.988975479e+11 inf =   1.576e-02 (4591) 2
* 13938: obj =   2.988974597e+11 inf =   1.894e-02 (4619) 3
* 14226: obj =   2.988973535e+11 inf =   2.249e-02 (4624) 2
* 14512: obj =   2.988973112e+11 inf =   2.354e-02 (4637) 3
* 14794: obj =   2.988972354e+11 inf =   2.606e-02 (4660) 2
* 15086: obj =   2.988971812e+11 inf =   2.685e-02 (4682) 2
* 15362: obj =   2.988971091e+11 inf =   2.954e-02 (4699) 3
* 15647: obj =   2.988970416e+11 inf =   3.031e-02 (4702) 2
* 15928: obj =   2.988276471e+11 inf =   2.994e-02 (4707) 3
* 16228: obj =   2.986929502e+11 inf =   2.670e-02 (4702) 3
* 16540: obj =   2.986924070e+11 inf =   2.587e-02 (4671) 3
* 16845: obj =   2.986921104e+11 inf =   2.457e-02 (4661) 2
* 17127: obj =   2.986917146e+11 inf =   2.640e-02 (4630) 3
* 17408: obj =   2.986910632e+11 inf =   3.829e-02 (4575) 3
* 17732: obj =   2.986908688e+11 inf =   4.275e-02 (4549) 3
* 18073: obj =   2.909513070e+11 inf =   4.334e-02 (4506) 3
* 18424: obj =   2.300656246e+11 inf =   4.151e-02 (4362) 2
* 18766: obj =   2.033564293e+11 inf =   3.996e-02 (7803) 3
* 19089: obj =   1.993327471e+11 inf =   4.044e-02 (4274) 3
* 19390: obj =   1.993326937e+11 inf =   4.051e-02 (4218) 3
* 19732: obj =   1.859871678e+11 inf =   3.836e-02 (7204) 2
* 20058: obj =   1.699745700e+11 inf =   4.024e-02 (7027) 3
* 20399: obj =   1.554161810e+11 inf =   4.113e-02 (4149) 3
* 20750: obj =   1.037453123e+11 inf =   4.007e-02 (4020) 3
* 21070: obj =   5.476863025e+10 inf =   4.092e-02 (523) 3
* 21348: obj =   5.476853548e+10 inf =   4.187e-02 (548) 2
* 21611: obj =   5.476841838e+10 inf =   4.256e-02 (570) 2
* 21867: obj =   5.476832292e+10 inf =   4.314e-02 (586) 3
* 22128: obj =   5.476821313e+10 inf =   4.477e-02 (576) 2
* 22388: obj =   5.476804120e+10 inf =   4.714e-02 (588) 2
* 22643: obj =   5.476797968e+10 inf =   4.757e-02 (581) 3
* 22902: obj =   5.476791544e+10 inf =   4.767e-02 (573) 2
* 23161: obj =   5.476770838e+10 inf =   5.030e-02 (577) 3
* 23420: obj =   5.476763468e+10 inf =   5.031e-02 (567) 2
* 23679: obj =   5.476746361e+10 inf =   5.108e-02 (575) 2
* 23938: obj =   5.476726104e+10 inf =   5.289e-02 (567) 3
* 24199: obj =   5.476706754e+10 inf =   5.463e-02 (577) 2
* 24460: obj =   5.476690381e+10 inf =   5.534e-02 (583) 2
* 24716: obj =   5.476674149e+10 inf =   5.592e-02 (567) 3
* 24976: obj =   5.476658424e+10 inf =   5.600e-02 (564) 2
* 25232: obj =   5.476653593e+10 inf =   5.469e-02 (553) 3
* 25494: obj =   5.476645478e+10 inf =   5.366e-02 (522) 2
* 25752: obj =   5.476630516e+10 inf =   5.283e-02 (518) 3
* 26017: obj =   5.476611474e+10 inf =   5.236e-02 (538) 2
* 26282: obj =   5.476596260e+10 inf =   5.117e-02 (525) 2
* 26540: obj =   5.476584153e+10 inf =   4.949e-02 (511) 3
* 26803: obj =   5.476574760e+10 inf =   4.748e-02 (527) 2
* 27068: obj =   5.476555013e+10 inf =   4.580e-02 (517) 3
* 27333: obj =   5.476538007e+10 inf =   4.312e-02 (488) 2
* 27596: obj =   5.476527371e+10 inf =   4.027e-02 (398) 3
* 27872: obj =   5.476521619e+10 inf =   3.871e-02 (286) 2
* 28150: obj =   5.457234604e+10 inf =   3.765e-02 (6468) 3
* 28434: obj =   5.457222393e+10 inf =   3.752e-02 (6468) 3
* 28713: obj =   5.457195948e+10 inf =   3.867e-02 (6366) 2
* 28992: obj =   5.457083834e+10 inf =   3.974e-02 (6273) 3
* 29269: obj =   5.456999900e+10 inf =   4.079e-02 (6244) 2
* 29534: obj =   5.456963911e+10 inf =   4.205e-02 (6177) 3
* 29803: obj =   5.456946370e+10 inf =   4.363e-02 (6097) 2
* 30060: obj =   5.456921837e+10 inf =   4.451e-02 (6046) 3
* 30317: obj =   5.456880960e+10 inf =   4.539e-02 (5957) 2
* 30571: obj =   5.456854945e+10 inf =   4.822e-02 (5902) 3
* 30819: obj =   5.456819592e+10 inf =   5.390e-02 (5831) 2
* 31072: obj =   5.456788424e+10 inf =   6.452e-02 (5750) 3
* 31354: obj =   5.456759129e+10 inf =   8.398e-02 (5693) 2
* 31656: obj =   5.439195174e+10 inf =   1.017e-01 (5668) 3
* 31983: obj =   4.766633740e+10 inf =   1.022e-01 (5527) 3
* 32328: obj =  -1.854724239e+06 inf =   1.018e-01 (81) 3
* 32662: obj =  -1.865722477e+06 inf =   9.903e-02 (51) 3
* 32987: obj =  -1.877652118e+06 inf =   9.695e-02 (66) 3
* 33291: obj =  -1.917322538e+06 inf =   9.087e-02 (82) 2
* 33580: obj =  -1.945350303e+06 inf =   8.738e-02 (89) 3
* 33895: obj =  -1.959679509e+06 inf =   8.453e-02 (88) 3
* 34196: obj =  -1.990539438e+06 inf =   7.877e-02 (91) 3
* 34480: obj =  -2.002477655e+06 inf =   7.706e-02 (91) 2
* 34774: obj =  -2.018666673e+06 inf =   7.552e-02 (92) 3
* 35063: obj =  -2.031522293e+06 inf =   7.208e-02 (73) 3
* 35361: obj =  -2.033520713e+06 inf =   7.062e-02 (28) 3
* 35684: obj =  -2.034853385e+06 inf =   6.887e-02 (5) 3
Removing LP perturbation [35709]...
* 35709: obj =   0.000000000e+00 inf =   0.000e+00 (0)
OPTIMAL LP SOLUTION FOUND
Integer optimization begins...
Long-step dual simplex will be used
+ 35709: mip =     not found yet >=              -inf        (1; 0)
+ 35709: mip =     not found yet >=   0.000000000e+00        (2; 0)
+ 36013: mip =     not found yet >=   0.000000000e+00        (3; 0)
+ 36017: mip =     not found yet >=   0.000000000e+00        (4; 0)
+ 36051: mip =     not found yet >=   0.000000000e+00        (5; 0)
+ 36055: mip =     not found yet >=   0.000000000e+00        (6; 0)
+ 36057: mip =     not found yet >=   0.000000000e+00        (7; 0)
+ 36400: mip =     not found yet >=   0.000000000e+00        (8; 0)
# 36636: obj =  -7.447315324e-01 inf =   0.000e+00 (5618) 2 14%
# 36805: obj =  -7.921725205e-01 inf =   0.000e+00 (5894) 1 100%
# 36967: obj =  -8.660886767e-01 inf =   0.000e+00 (5694) 2 100%
# 37125: obj =  -8.814724760e-01 inf =   0.000e+00 (5707) 2 100%
# 37287: obj =  -8.894681097e-01 inf =   0.000e+00 (5632) 1 100%
# 37446: obj =  -9.197157413e-01 inf =   0.000e+00 (5065) 2 100%
# 37614: obj =  -9.488376238e-01 inf =   0.000e+00 (4923) 1 100%
# 37771: obj =  -9.498690935e-01 inf =   0.000e+00 (4787) 2 100%
# 37928: obj =  -9.812197817e-01 inf =   0.000e+00 (4671) 2 100%
# 38093: obj =  -9.901072602e-01 inf =   0.000e+00 (4540) 1 100%
# 38248: obj =  -1.031747476e+00 inf =   0.000e+00 (4385) 2 100%
# 38411: obj =  -1.087486545e+00 inf =   0.000e+00 (3949) 1 100%
# 38566: obj =  -1.108314225e+00 inf =   0.000e+00 (3780) 2 100%
# 38727: obj =  -1.167659429e+00 inf =   0.000e+00 (3614) 2 100%
# 38888: obj =  -1.162074219e+00 inf =   0.000e+00 (3477) 1 100%
# 39038: obj =  -1.168961513e+00 inf =   0.000e+00 (3297) 2 100%
# 39197: obj =  -1.165315793e+00 inf =   0.000e+00 (3119) 1 100%
# 39345: obj =  -1.171054383e+00 inf =   0.000e+00 (2965) 2 100%
# 39505: obj =  -1.164561225e+00 inf =   0.000e+00 (2930) 1 100%
# 39652: obj =  -1.170489800e+00 inf =   0.000e+00 (2806) 2 100%
# 39809: obj =  -1.164365742e+00 inf =   0.000e+00 (2651) 1 100%
# 39953: obj =  -1.180587839e+00 inf =   0.000e+00 (2508) 2 100%
# 40108: obj =  -1.178682473e+00 inf =   0.000e+00 (2374) 1 100%
# 40250: obj =  -1.171688967e+00 inf =   0.000e+00 (2248) 2 100%
# 40402: obj =  -1.164335279e+00 inf =   0.000e+00 (2099) 1 100%
# 40545: obj =  -1.166171085e+00 inf =   0.000e+00 (1949) 2 100%
# 40697: obj =  -1.160941862e+00 inf =   0.000e+00 (1804) 1 100%
# 40848: obj =  -1.176997721e+00 inf =   0.000e+00 (1681) 2 100%
# 40998: obj =  -1.169722044e+00 inf =   0.000e+00 (1528) 1 100%
# 41146: obj =  -1.162824634e+00 inf =   0.000e+00 (1384) 1 100%
# 41280: obj =  -1.157181932e+00 inf =   0.000e+00 (1248) 2 100%
# 41427: obj =  -1.152557350e+00 inf =   0.000e+00 (1112) 1 100%
# 41561: obj =  -1.149991148e+00 inf =   0.000e+00 (991) 2 100%
# 41707: obj =  -1.144101277e+00 inf =   0.000e+00 (845) 1 100%
# 41851: obj =  -1.138377620e+00 inf =   0.000e+00 (701) 1 100%
# 41981: obj =  -1.133280472e+00 inf =   0.000e+00 (571) 2 100%
# 42127: obj =  -1.127633107e+00 inf =   0.000e+00 (428) 1 100%
# 42264: obj =  -1.128201251e+00 inf =   0.000e+00 (421) 2 100%
# 42415: obj =  -1.136852202e+00 inf =   0.000e+00 (303) 1 100%
# 42565: obj =  -1.142616375e+00 inf =   0.000e+00 (150) 2 100%
# 42715: obj =  -1.151145590e+00 inf =   0.000e+00 (37) 1 100%
# 42752: obj =   0.000000000e+00 inf =   0.000e+00 (0) 100%
Solution found by heuristic: 0
+ 42752: mip =   0.000000000e+00 >=     tree is empty   0.0% (0; 15)
INTEGER OPTIMAL SOLUTION FOUND
Time used:   857.8 secs
Memory used: 725.1 Mb (760367938 bytes)
Writing MIP solution to 'input/sx-askubuntu.html/sx-askubuntu-a2q.txt.gz.464.lp.sol'...
Objective:  obj = 0 (MINimum)
