GLPSOL--GLPK LP/MIP Solver 5.0
Parameter(s) specified in the command line:
 --lp input/Oregon-1.html/oregon1_010331.txt.gz.72.lp.reach_chain_detours.lp
 -o input/Oregon-1.html/oregon1_010331.txt.gz.72.lp.reach_chain_detours.lp.sol
Reading problem data from 'input/Oregon-1.html/oregon1_010331.txt.gz.72.lp.reach_chain_detours.lp'...
1764 rows, 3880 columns, 8807 non-zeros
3880 integer variables, all of which are binary
5649 lines were read
GLPK Integer Optimizer 5.0
1764 rows, 3880 columns, 8807 non-zeros
3880 integer variables, all of which are binary
Preprocessing...
1 hidden packing inequaliti(es) were detected
1762 rows, 3878 columns, 8525 non-zeros
3878 integer variables, all of which are binary
Scaling...
 A: min|aij| =  1.000e+00  max|aij| =  1.000e+00  ratio =  1.000e+00
Problem data seem to be well scaled
Constructing initial basis...
Size of triangular part is 1762
Solving LP relaxation...
GLPK Simplex Optimizer 5.0
1762 rows, 3878 columns, 8525 non-zeros
      0: obj =   0.000000000e+00 inf =   1.170e+02 (117)
    117: obj =   4.780081600e+01 inf =   0.000e+00 (0)
Perturbing LP to avoid stalling [658]...
Removing LP perturbation [1500]...
*  1500: obj =   9.720649000e+00 inf =   0.000e+00 (0) 10
OPTIMAL LP SOLUTION FOUND
Integer optimization begins...
Long-step dual simplex will be used
+  1500: mip =     not found yet >=              -inf        (1; 0)
+  1500: >>>>>   9.720649000e+00 >=   9.720649000e+00   0.0% (1; 0)
+  1500: mip =   9.720649000e+00 >=     tree is empty   0.0% (0; 1)
INTEGER OPTIMAL SOLUTION FOUND
Time used:   0.3 secs
Memory used: 4.9 Mb (5103668 bytes)
Writing MIP solution to 'input/Oregon-1.html/oregon1_010331.txt.gz.72.lp.reach_chain_detours.lp.sol'...
Objective:  obj = 9.720649 (MINimum)
