GLPSOL--GLPK LP/MIP Solver 5.0
Parameter(s) specified in the command line:
 --lp input/sx-mathoverflow.html/sx-mathoverflow-c2a.txt.gz.270.lp -o input/sx-mathoverflow.html/sx-mathoverflow-c2a.txt.gz.270.lp.sol
Reading problem data from 'input/sx-mathoverflow.html/sx-mathoverflow-c2a.txt.gz.270.lp'...
77215 rows, 168202 columns, 386062 non-zeros
168202 integer variables, all of which are binary
245422 lines were read
GLPK Integer Optimizer 5.0
77215 rows, 168202 columns, 386062 non-zeros
168202 integer variables, all of which are binary
Preprocessing...
1 hidden packing inequaliti(es) were detected
76606 rows, 167565 columns, 382298 non-zeros
167565 integer variables, all of which are binary
Scaling...
 A: min|aij| =  1.000e+00  max|aij| =  1.000e+00  ratio =  1.000e+00
Problem data seem to be well scaled
Constructing initial basis...
Size of triangular part is 76606
Solving LP relaxation...
GLPK Simplex Optimizer 5.0
76606 rows, 167565 columns, 382298 non-zeros
      0: obj =   0.000000000e+00 inf =   7.840e+02 (784)
    784: obj =   1.065338965e+12 inf =   0.000e+00 (0)
Perturbing LP to avoid stalling [983]...
*  2104: obj =   1.060968717e+12 inf =   0.000e+00 (1590) 4
*  2946: obj =   1.060968717e+12 inf =   0.000e+00 (1634) 8
*  3678: obj =   1.060968717e+12 inf =   0.000e+00 (1649) 7
*  4371: obj =   1.060968717e+12 inf =   0.000e+00 (1683) 7
*  5046: obj =   1.060968717e+12 inf =   0.000e+00 (1687) 6
*  5705: obj =   1.060968717e+12 inf =   0.000e+00 (1697) 7
*  6367: obj =   1.060968717e+12 inf =   0.000e+00 (1715) 6
*  7025: obj =   1.060968717e+12 inf =   0.000e+00 (1743) 6
*  7679: obj =   1.060968717e+12 inf =   0.000e+00 (1768) 7
*  8343: obj =   1.060968717e+12 inf =   0.000e+00 (1783) 6
*  8993: obj =   1.060968717e+12 inf =   0.000e+00 (1804) 6
*  9640: obj =   1.060968717e+12 inf =   0.000e+00 (1806) 7
* 10296: obj =   1.060968717e+12 inf =   0.000e+00 (1844) 6
* 10949: obj =   1.060968717e+12 inf =   0.000e+00 (1873) 6
* 11599: obj =   1.060968717e+12 inf =   0.000e+00 (1881) 7
* 12249: obj =   1.060968717e+12 inf =   0.000e+00 (1905) 6
* 12897: obj =   1.060968717e+12 inf =   0.000e+00 (1906) 6
* 13548: obj =   1.060968717e+12 inf =   0.000e+00 (1936) 7
* 14200: obj =   1.060968717e+12 inf =   0.000e+00 (1955) 6
* 14840: obj =   1.060968717e+12 inf =   0.000e+00 (1965) 6
* 15448: obj =   1.060968717e+12 inf =   0.000e+00 (1983) 6
* 15969: obj =   1.060968717e+12 inf =   0.000e+00 (1997) 5
* 16461: obj =   1.060968717e+12 inf =   0.000e+00 (2002) 5
* 16952: obj =   1.060968717e+12 inf =   0.000e+00 (2016) 5
* 17448: obj =   1.060968717e+12 inf =   0.000e+00 (2008) 5
* 17933: obj =   1.060968717e+12 inf =   0.000e+00 (2039) 5
* 18410: obj =   1.060968717e+12 inf =   0.000e+00 (2037) 4
* 18881: obj =   1.060968717e+12 inf =   0.000e+00 (2037) 5
* 19354: obj =   1.060968717e+12 inf =   0.000e+00 (2041) 5
* 19693: obj =   1.019207392e+12 inf =   4.472e-06 (10598) 3
* 19963: obj =   1.019207391e+12 inf =   2.509e-05 (10556) 3
* 20261: obj =   1.019207389e+12 inf =   2.184e-04 (10530) 3
* 20564: obj =   1.019207353e+12 inf =   2.645e-03 (10508) 3
* 20868: obj =   1.019207295e+12 inf =   6.791e-03 (10491) 3
* 21171: obj =   1.019207255e+12 inf =   1.114e-02 (10465) 3
* 21474: obj =   1.019207142e+12 inf =   2.084e-02 (10410) 3
* 21777: obj =   1.019207090e+12 inf =   2.527e-02 (10392) 3
* 22082: obj =   1.019207023e+12 inf =   2.900e-02 (10360) 3
* 22385: obj =   1.019206994e+12 inf =   3.043e-02 (10356) 3
* 22742: obj =   1.019206938e+12 inf =   3.249e-02 (10291) 3
* 23092: obj =   1.019206833e+12 inf =   3.737e-02 (10301) 4
* 23444: obj =   1.019206652e+12 inf =   4.874e-02 (10307) 3
* 23795: obj =   1.019206591e+12 inf =   5.332e-02 (10271) 3
* 24113: obj =   1.019206549e+12 inf =   5.488e-02 (10240) 4
* 24460: obj =   1.019206416e+12 inf =   5.535e-02 (10236) 3
* 24794: obj =   1.019206281e+12 inf =   6.275e-02 (10201) 3
* 25112: obj =   1.019206188e+12 inf =   6.759e-02 (10201) 4
* 25475: obj =   1.019206141e+12 inf =   6.899e-02 (10185) 3
* 25814: obj =   1.019206080e+12 inf =   7.103e-02 (10168) 3
* 26122: obj =   1.019205955e+12 inf =   7.614e-02 (10147) 4
* 26508: obj =   1.019205905e+12 inf =   7.599e-02 (10128) 3
* 26829: obj =   1.019205803e+12 inf =   7.857e-02 (10127) 4
* 27189: obj =   1.019205701e+12 inf =   8.198e-02 (10145) 3
* 27501: obj =   1.019205551e+12 inf =   8.990e-02 (10128) 3
* 27833: obj =   1.019205527e+12 inf =   9.063e-02 (10087) 3
* 28142: obj =   1.019205434e+12 inf =   9.606e-02 (10061) 4
* 28495: obj =   1.019205422e+12 inf =   9.557e-02 (10051) 3
* 28824: obj =   1.019205350e+12 inf =   9.707e-02 (10019) 3
* 29152: obj =   1.019205234e+12 inf =   9.956e-02 (10000) 4
* 29493: obj =   1.019205207e+12 inf =   9.910e-02 (9997) 3
* 29828: obj =   1.019205181e+12 inf =   9.967e-02 (9980) 3
* 30140: obj =   1.019205071e+12 inf =   1.055e-01 (9976) 3
* 30456: obj =   1.019205017e+12 inf =   1.092e-01 (9959) 3
* 30768: obj =   1.019205002e+12 inf =   1.094e-01 (9942) 4
* 31089: obj =   1.019204918e+12 inf =   1.142e-01 (9936) 3
* 31412: obj =   1.019204904e+12 inf =   1.146e-01 (9931) 3
* 31725: obj =   1.019204806e+12 inf =   1.169e-01 (9915) 3
* 32043: obj =   1.019204655e+12 inf =   1.241e-01 (9895) 3
* 32355: obj =   1.019204614e+12 inf =   1.278e-01 (9895) 3
* 32678: obj =   1.019204559e+12 inf =   1.297e-01 (9917) 3
* 32992: obj =   1.019204465e+12 inf =   1.312e-01 (9893) 4
* 33312: obj =   1.019204407e+12 inf =   1.323e-01 (9877) 3
* 33611: obj =   1.019204351e+12 inf =   1.369e-01 (9885) 3
* 33903: obj =   1.019204308e+12 inf =   1.405e-01 (9868) 3
* 34210: obj =   1.019204243e+12 inf =   1.409e-01 (9868) 3
* 34547: obj =   1.017342773e+12 inf =   1.404e-01 (9848) 3
* 34860: obj =   1.017342741e+12 inf =   1.400e-01 (9839) 3
* 35154: obj =   1.017342636e+12 inf =   1.423e-01 (9834) 3
* 35472: obj =   1.017342598e+12 inf =   1.427e-01 (9848) 3
* 35776: obj =   1.017262067e+12 inf =   1.437e-01 (9832) 3
* 36093: obj =   1.017262035e+12 inf =   1.429e-01 (9799) 3
* 36410: obj =   1.017167354e+12 inf =   1.439e-01 (9813) 3
* 36731: obj =   1.011389559e+12 inf =   1.450e-01 (9789) 3
* 37040: obj =   1.011389470e+12 inf =   1.450e-01 (9793) 4
* 37343: obj =   1.009431732e+12 inf =   1.467e-01 (9782) 3
* 37646: obj =   1.009431697e+12 inf =   1.503e-01 (9787) 3
* 37950: obj =   1.009364362e+12 inf =   1.508e-01 (9762) 3
* 38254: obj =   1.009364305e+12 inf =   1.523e-01 (9766) 3
* 38567: obj =   1.009364280e+12 inf =   1.509e-01 (9769) 3
* 38896: obj =   9.668174932e+11 inf =   1.487e-01 (9774) 3
* 39196: obj =   9.668174224e+11 inf =   1.467e-01 (9752) 3
* 39503: obj =   9.668174006e+11 inf =   1.451e-01 (9745) 3
* 39906: obj =   8.283867716e+11 inf =   1.428e-01 (9671) 3
* 40209: obj =   8.262712467e+11 inf =   1.402e-01 (9675) 3
* 40513: obj =   8.262711825e+11 inf =   1.403e-01 (9650) 3
* 40816: obj =   8.262711211e+11 inf =   1.433e-01 (9636) 3
* 41135: obj =   8.046493066e+11 inf =   1.439e-01 (9635) 3
* 41438: obj =   8.046492394e+11 inf =   1.440e-01 (9600) 3
* 41755: obj =   8.033080791e+11 inf =   1.423e-01 (9573) 3
* 42045: obj =   8.031893503e+11 inf =   1.391e-01 (9542) 3
* 42348: obj =   8.031893084e+11 inf =   1.385e-01 (9539) 3
* 42651: obj =   8.016064869e+11 inf =   1.374e-01 (9508) 3
* 42954: obj =   8.016064500e+11 inf =   1.338e-01 (9495) 3
* 43257: obj =   8.016063969e+11 inf =   1.290e-01 (9524) 3
* 43568: obj =   7.908551988e+11 inf =   1.264e-01 (9522) 3
* 43933: obj =   7.134449166e+11 inf =   1.248e-01 (9498) 3
* 44237: obj =   7.134448632e+11 inf =   1.246e-01 (9470) 3
* 44541: obj =   7.119349651e+11 inf =   1.242e-01 (9451) 3
* 44845: obj =   7.119349487e+11 inf =   1.240e-01 (9455) 3
* 45157: obj =   7.028998543e+11 inf =   1.241e-01 (9445) 3
* 45460: obj =   7.028997918e+11 inf =   1.200e-01 (9412) 3
* 45764: obj =   7.028997067e+11 inf =   1.181e-01 (9396) 3
* 46091: obj =   6.770818365e+11 inf =   1.198e-01 (9354) 3
* 46394: obj =   6.770818180e+11 inf =   1.200e-01 (9337) 3
* 46697: obj =   6.770817896e+11 inf =   1.195e-01 (9317) 3
* 47002: obj =   6.770426300e+11 inf =   1.191e-01 (9328) 3
* 47305: obj =   6.770425664e+11 inf =   1.210e-01 (9311) 3
* 47608: obj =   6.770425255e+11 inf =   1.245e-01 (9315) 3
* 47955: obj =   6.226891273e+11 inf =   1.287e-01 (9248) 2
* 48207: obj =   6.226890418e+11 inf =   1.316e-01 (9241) 3
* 48489: obj =   6.226890220e+11 inf =   1.307e-01 (9232) 3
* 48860: obj =   5.072383379e+11 inf =   1.291e-01 (9073) 2
* 49115: obj =   4.490741113e+11 inf =   1.309e-01 (9011) 3
* 49413: obj =   4.490740562e+11 inf =   1.313e-01 (9023) 3
* 49716: obj =   4.490739974e+11 inf =   1.330e-01 (9014) 3
* 50020: obj =   4.490739631e+11 inf =   1.342e-01 (8987) 3
* 50323: obj =   4.490739407e+11 inf =   1.350e-01 (9007) 3
* 50626: obj =   4.490739047e+11 inf =   1.338e-01 (9016) 3
* 50929: obj =   4.490738780e+11 inf =   1.348e-01 (9008) 3
* 51235: obj =   4.490737972e+11 inf =   1.385e-01 (9022) 3
* 51538: obj =   4.490737446e+11 inf =   1.402e-01 (9006) 3
* 51841: obj =   4.490737236e+11 inf =   1.382e-01 (8991) 3
* 52162: obj =   4.305865133e+11 inf =   1.379e-01 (8976) 3
* 52466: obj =   4.305864740e+11 inf =   1.398e-01 (8979) 3
* 52770: obj =   4.305864385e+11 inf =   1.407e-01 (8972) 3
* 53074: obj =   4.305864014e+11 inf =   1.437e-01 (8950) 3
* 53377: obj =   4.305863449e+11 inf =   1.458e-01 (8937) 3
* 53680: obj =   4.305862407e+11 inf =   1.493e-01 (8947) 3
* 54187: obj =   4.302144119e+11 inf =   1.439e-01 (8979) 4
* 54738: obj =   4.302111489e+11 inf =   1.337e-01 (8927) 5
* 55284: obj =   4.302088655e+11 inf =   1.189e-01 (8907) 5
* 55817: obj =   4.302076492e+11 inf =   1.082e-01 (8861) 5
* 56339: obj =   4.302061153e+11 inf =   9.012e-02 (8799) 5
* 56844: obj =   4.302050881e+11 inf =   8.169e-02 (8776) 5
* 57338: obj =   4.302037384e+11 inf =   9.658e-02 (8753) 5
* 57857: obj =   4.302032613e+11 inf =   1.240e-01 (8722) 5
* 58434: obj =   4.302028870e+11 inf =   1.539e-01 (8666) 5
* 59167: obj =   4.302027422e+11 inf =   1.587e-01 (8594) 7
* 60002: obj =   4.132958949e+11 inf =   1.598e-01 (17541) 6
* 60712: obj =   4.121485710e+11 inf =   1.604e-01 (8700) 7
* 61398: obj =   4.121483824e+11 inf =   1.512e-01 (8649) 7
* 62085: obj =   4.121481306e+11 inf =   1.486e-01 (8607) 6
* 62924: obj =   3.728544216e+11 inf =   1.471e-01 (16682) 6
* 63582: obj =   3.674919128e+11 inf =   1.514e-01 (16350) 7
* 64192: obj =   3.674899051e+11 inf =   1.640e-01 (16158) 6
* 64834: obj =   3.674888660e+11 inf =   1.731e-01 (16004) 6
* 65470: obj =   3.674872111e+11 inf =   1.936e-01 (15822) 6
* 66217: obj =   3.662875393e+11 inf =   1.898e-01 (9323) 8
* 66859: obj =   3.662863057e+11 inf =   1.754e-01 (9158) 6
* 67470: obj =   3.662847888e+11 inf =   1.655e-01 (9079) 5
* 68079: obj =   3.662842820e+11 inf =   1.617e-01 (8938) 6
* 68635: obj =   3.662834605e+11 inf =   1.643e-01 (8891) 6
* 69180: obj =   3.662827117e+11 inf =   1.814e-01 (8903) 5
* 69781: obj =   3.662823063e+11 inf =   1.884e-01 (8839) 5
* 70307: obj =   3.662817389e+11 inf =   1.998e-01 (8828) 5
* 70916: obj =   3.662813867e+11 inf =   2.064e-01 (8719) 6
* 71437: obj =   3.662811094e+11 inf =   2.092e-01 (8713) 5
* 72061: obj =   3.662809531e+11 inf =   2.050e-01 (8638) 6
* 72578: obj =   3.662805587e+11 inf =   2.125e-01 (8621) 5
* 73104: obj =   3.662802632e+11 inf =   2.238e-01 (8614) 5
* 73724: obj =   3.662801299e+11 inf =   2.280e-01 (8568) 5
* 74267: obj =   3.662799197e+11 inf =   2.339e-01 (8557) 5
* 74933: obj =   3.662798498e+11 inf =   2.304e-01 (8493) 6
* 75476: obj =   3.662796965e+11 inf =   2.362e-01 (8502) 5
* 76055: obj =   3.651211601e+11 inf =   2.267e-01 (8535) 6
* 76579: obj =   3.651201848e+11 inf =   2.078e-01 (8514) 4
* 77087: obj =   3.651191873e+11 inf =   1.835e-01 (8445) 5
* 77590: obj =   3.651182419e+11 inf =   1.539e-01 (8415) 5
* 78089: obj =   3.651172798e+11 inf =   1.225e-01 (8375) 5
* 78736: obj =   3.651168261e+11 inf =   1.142e-01 (8307) 6
* 79478: obj =   3.651165635e+11 inf =   1.122e-01 (8252) 6
* 80231: obj =   3.526216664e+11 inf =   1.119e-01 (8251) 7
* 80866: obj =   3.514041691e+11 inf =   1.187e-01 (16917) 6
* 81529: obj =   3.366870950e+11 inf =   1.109e-01 (16514) 6
* 82228: obj =   3.366855264e+11 inf =   1.158e-01 (16278) 7
* 82938: obj =   3.366834452e+11 inf =   1.228e-01 (16024) 7
* 83730: obj =   3.355059034e+11 inf =   1.219e-01 (9034) 8
* 84403: obj =   3.355051811e+11 inf =   1.207e-01 (8830) 6
* 84934: obj =   3.355044953e+11 inf =   1.300e-01 (8745) 5
* 85464: obj =   3.355039232e+11 inf =   1.451e-01 (8691) 5
* 86027: obj =   3.355033218e+11 inf =   1.652e-01 (8632) 5
* 86631: obj =   3.355030681e+11 inf =   1.736e-01 (8547) 6
* 87308: obj =   3.355028773e+11 inf =   1.615e-01 (8495) 6
* 87903: obj =   3.355026160e+11 inf =   1.474e-01 (8440) 6
* 88628: obj =   3.330958213e+11 inf =   1.459e-01 (8360) 6
* 89244: obj =   3.246659154e+11 inf =   1.416e-01 (16409) 6
* 89880: obj =   3.246633477e+11 inf =   1.375e-01 (16148) 6
* 90503: obj =   3.246603032e+11 inf =   1.314e-01 (15895) 7
* 91196: obj =   3.246582888e+11 inf =   1.352e-01 (15634) 6
* 91922: obj =   3.246574740e+11 inf =   1.367e-01 (15412) 8
* 92656: obj =   3.246563149e+11 inf =   1.360e-01 (15210) 7
* 93328: obj =   3.235408548e+11 inf =   1.351e-01 (9286) 6
* 93922: obj =   3.235397866e+11 inf =   1.408e-01 (9122) 6
* 94629: obj =   3.235392659e+11 inf =   1.445e-01 (8951) 6
* 95347: obj =   3.235387862e+11 inf =   1.453e-01 (8810) 7
* 96020: obj =   3.235385222e+11 inf =   1.483e-01 (8730) 6
* 96744: obj =   3.216917349e+11 inf =   1.430e-01 (8679) 7
* 97432: obj =   3.216909945e+11 inf =   1.376e-01 (8617) 7
* 98172: obj =   3.216903725e+11 inf =   1.357e-01 (8582) 6
* 98981: obj =   3.216901968e+11 inf =   1.347e-01 (8527) 7
* 99809: obj =   3.153353098e+11 inf =   1.322e-01 (16048) 7
*100550: obj =   3.153342805e+11 inf =   1.283e-01 (15797) 6
*101286: obj =   3.143989136e+11 inf =   1.259e-01 (8523) 7
*102056: obj =   3.019733521e+11 inf =   1.236e-01 (15554) 7
*102810: obj =   3.019728415e+11 inf =   1.237e-01 (15241) 7
*103624: obj =   3.011089525e+11 inf =   1.221e-01 (8621) 8
*104457: obj =   2.993099355e+11 inf =   1.211e-01 (14742) 7
*105357: obj =   2.980200640e+11 inf =   1.184e-01 (2074) 9
*106178: obj =   2.979825093e+11 inf =   1.164e-01 (13476) 8
*107119: obj =   2.979813000e+11 inf =   1.132e-01 (12899) 9
*108060: obj =   2.979799492e+11 inf =   1.095e-01 (12285) 9
*108911: obj =   2.940033835e+11 inf =   1.076e-01 (12080) 9
*109858: obj =   2.940031321e+11 inf =   1.061e-01 (11239) 4
*110782: obj =   2.940029925e+11 inf =   1.030e-01 (10505) 5
*111705: obj =   2.940028292e+11 inf =   9.944e-02 (9657) 5
*112561: obj =   2.940026480e+11 inf =   9.536e-02 (9276) 6
*113401: obj =   2.940024627e+11 inf =   9.001e-02 (8880) 5
*114140: obj =   2.940022353e+11 inf =   9.557e-02 (8535) 5
*114924: obj =   2.940020369e+11 inf =   9.629e-02 (8248) 5
*115598: obj =   2.940017440e+11 inf =   1.022e-01 (8027) 5
*116274: obj =   2.940014232e+11 inf =   1.127e-01 (7834) 5
*116899: obj =   2.940009217e+11 inf =   1.281e-01 (7644) 5
*117546: obj =   2.940003684e+11 inf =   1.400e-01 (7398) 5
*118166: obj =   2.939995615e+11 inf =   1.533e-01 (7210) 4
*118829: obj =   2.939988264e+11 inf =   1.610e-01 (7002) 5
*119452: obj =   2.939981377e+11 inf =   1.666e-01 (6828) 5
*120027: obj =   2.939972673e+11 inf =   1.771e-01 (6713) 5
*120634: obj =   2.939965880e+11 inf =   1.841e-01 (6572) 5
*121246: obj =   2.939957108e+11 inf =   1.898e-01 (6422) 5
*121862: obj =   2.939941929e+11 inf =   1.971e-01 (6325) 5
*122491: obj =   2.939931156e+11 inf =   1.990e-01 (6133) 5
*123081: obj =   2.939915395e+11 inf =   2.033e-01 (6038) 5
*123705: obj =   2.939904679e+11 inf =   2.049e-01 (5889) 5
*124337: obj =   2.939896788e+11 inf =   2.049e-01 (5757) 6
*124923: obj =   2.939883778e+11 inf =   2.066e-01 (5638) 5
*125547: obj =   2.939872063e+11 inf =   2.045e-01 (5539) 5
*126177: obj =   2.939858792e+11 inf =   2.015e-01 (5448) 6
*126760: obj =   2.927124424e+11 inf =   1.997e-01 (4318) 6
*127321: obj =   2.927118903e+11 inf =   1.967e-01 (4262) 5
*127853: obj =   2.927102355e+11 inf =   1.918e-01 (4093) 6
*128409: obj =   2.927095743e+11 inf =   1.882e-01 (3949) 5
*128876: obj =   2.926889938e+11 inf =   1.875e-01 (4045) 5
*129215: obj =   2.926886977e+11 inf =   1.843e-01 (3948) 3
*129566: obj =   2.926884685e+11 inf =   1.819e-01 (3885) 4
*129946: obj =   2.926883220e+11 inf =   1.788e-01 (3802) 3
*130273: obj =   2.926880285e+11 inf =   1.799e-01 (3769) 4
*130646: obj =   2.926879025e+11 inf =   1.792e-01 (3701) 3
*130982: obj =   2.926877931e+11 inf =   1.784e-01 (3616) 4
*131332: obj =   2.926876113e+11 inf =   1.802e-01 (3573) 3
*131689: obj =   2.926874862e+11 inf =   1.838e-01 (3544) 3
*132031: obj =   2.926874120e+11 inf =   1.846e-01 (3465) 4
*132400: obj =   2.926873628e+11 inf =   1.842e-01 (3385) 4
*132776: obj =   2.926872010e+11 inf =   1.828e-01 (3315) 3
*133108: obj =   2.926870443e+11 inf =   1.824e-01 (3274) 4
*133501: obj =   2.926870148e+11 inf =   1.809e-01 (3231) 3
*133836: obj =   2.926869586e+11 inf =   1.774e-01 (3081) 4
*134354: obj =   2.926638963e+11 inf =   1.773e-01 (7069) 5
*134858: obj =   2.926626836e+11 inf =   1.765e-01 (6916) 5
*135303: obj =   2.926622625e+11 inf =   1.751e-01 (6804) 4
*135738: obj =   2.926618526e+11 inf =   1.696e-01 (6686) 4
*136219: obj =   2.926616661e+11 inf =   1.679e-01 (6591) 5
*136685: obj =   2.926614968e+11 inf =   1.648e-01 (6430) 5
*137178: obj =   2.926614002e+11 inf =   1.603e-01 (6369) 5
*137720: obj =   2.926613226e+11 inf =   1.593e-01 (6232) 5
*138336: obj =   2.926612164e+11 inf =   1.571e-01 (6032) 6
*138911: obj =   2.926600790e+11 inf =   1.537e-01 (5914) 5
*139490: obj =   2.926589008e+11 inf =   1.503e-01 (5845) 5
*139852: obj =   2.926480077e+11 inf =   1.488e-01 (13330) 4
*140198: obj =   2.926407459e+11 inf =   1.469e-01 (13288) 3
*140555: obj =   2.926406596e+11 inf =   1.444e-01 (13152) 3
*140888: obj =   2.926401104e+11 inf =   1.408e-01 (13110) 4
*141251: obj =   2.926400426e+11 inf =   1.391e-01 (12961) 3
*141577: obj =   2.926399945e+11 inf =   1.392e-01 (12833) 4
*141943: obj =   2.926396334e+11 inf =   1.382e-01 (12562) 3
*142300: obj =   2.926395867e+11 inf =   1.359e-01 (12267) 4
*142694: obj =   2.926394573e+11 inf =   1.356e-01 (12007) 4
*143097: obj =   2.926392347e+11 inf =   1.356e-01 (11765) 4
*143494: obj =   2.926391406e+11 inf =   1.353e-01 (11547) 3
*143902: obj =   2.926386675e+11 inf =   1.348e-01 (11341) 4
*144293: obj =   2.921353924e+11 inf =   1.343e-01 (11099) 4
*144707: obj =   2.921351846e+11 inf =   1.332e-01 (10874) 4
*145113: obj =   2.921349089e+11 inf =   1.327e-01 (10555) 4
*145480: obj =   2.921347580e+11 inf =   1.323e-01 (10351) 4
*145840: obj =   2.921074870e+11 inf =   1.310e-01 (10195) 4
*146231: obj =   2.921037420e+11 inf =   1.299e-01 (10030) 3
*146585: obj =   2.915940361e+11 inf =   1.287e-01 (9854) 4
*146962: obj =   2.915938328e+11 inf =   1.284e-01 (9645) 4
*147358: obj =   2.915583471e+11 inf =   1.277e-01 (9380) 3
*147742: obj =   2.913994125e+11 inf =   1.271e-01 (9245) 4
*148092: obj =   2.912954459e+11 inf =   1.250e-01 (9245) 4
*148481: obj =   2.912242473e+11 inf =   1.239e-01 (9104) 3
*148862: obj =   2.910565677e+11 inf =   1.214e-01 (9000) 4
*149266: obj =   2.902008397e+11 inf =   1.207e-01 (8874) 4
*149658: obj =   2.899817084e+11 inf =   1.195e-01 (8734) 4
*150036: obj =   2.898235013e+11 inf =   1.192e-01 (8644) 4
*150403: obj =   2.897549618e+11 inf =   1.181e-01 (8537) 3
*150777: obj =   2.895275577e+11 inf =   1.163e-01 (8480) 4
*151117: obj =   2.893996650e+11 inf =   1.171e-01 (8425) 4
*151525: obj =   2.893083893e+11 inf =   1.177e-01 (8372) 4
*151949: obj =   2.887615073e+11 inf =   1.180e-01 (8382) 4
*152391: obj =   2.875107624e+11 inf =   1.163e-01 (8259) 4
*152818: obj =   2.869472939e+11 inf =   1.149e-01 (8568) 4
*153241: obj =   2.861082877e+11 inf =   1.172e-01 (8660) 5
*153657: obj =   2.861082076e+11 inf =   1.186e-01 (8548) 4
*154079: obj =   2.853379312e+11 inf =   1.172e-01 (8450) 4
*154489: obj =   2.853378120e+11 inf =   1.200e-01 (8423) 4
*154909: obj =   2.849757985e+11 inf =   1.205e-01 (8380) 4
*155314: obj =   2.843594618e+11 inf =   1.231e-01 (8378) 4
*155717: obj =   2.843593637e+11 inf =   1.257e-01 (8272) 4
*156126: obj =   2.836341590e+11 inf =   1.273e-01 (8274) 4
*156530: obj =   2.836340909e+11 inf =   1.266e-01 (8235) 4
*156943: obj =   2.833629899e+11 inf =   1.251e-01 (8199) 4
*157358: obj =   2.827685252e+11 inf =   1.256e-01 (8158) 4
*157754: obj =   2.827683350e+11 inf =   1.283e-01 (8143) 4
*158158: obj =   2.827682298e+11 inf =   1.317e-01 (8056) 4
*158576: obj =   2.827681324e+11 inf =   1.312e-01 (8004) 4
*158994: obj =   2.813151327e+11 inf =   1.344e-01 (8277) 4
*159379: obj =   2.813148800e+11 inf =   1.438e-01 (8215) 4
*159778: obj =   2.813147265e+11 inf =   1.460e-01 (8201) 4
*160183: obj =   2.813144939e+11 inf =   1.448e-01 (8119) 4
*160589: obj =   2.813143148e+11 inf =   1.464e-01 (8079) 4
*161029: obj =   2.804131246e+11 inf =   1.461e-01 (8105) 4
*161432: obj =   2.804129461e+11 inf =   1.478e-01 (8040) 4
*161839: obj =   2.804127606e+11 inf =   1.465e-01 (8012) 5
*162261: obj =   2.793548572e+11 inf =   1.480e-01 (8041) 4
*162687: obj =   2.793546877e+11 inf =   1.479e-01 (7960) 4
*163106: obj =   2.787534629e+11 inf =   1.479e-01 (7952) 4
*163508: obj =   2.787531762e+11 inf =   1.507e-01 (7914) 4
*163931: obj =   2.787529811e+11 inf =   1.512e-01 (7860) 4
*164340: obj =   2.773703221e+11 inf =   1.589e-01 (7955) 4
*164771: obj =   2.773700302e+11 inf =   1.657e-01 (7887) 4
*165162: obj =   2.773697407e+11 inf =   1.744e-01 (7863) 4
*165567: obj =   2.773694258e+11 inf =   1.810e-01 (7858) 4
*165965: obj =   2.773691891e+11 inf =   1.858e-01 (7818) 4
*166372: obj =   2.773688725e+11 inf =   1.865e-01 (7807) 4
*166783: obj =   2.773686188e+11 inf =   1.858e-01 (7804) 4
*167193: obj =   2.773683588e+11 inf =   1.809e-01 (7803) 4
*167633: obj =   2.773683122e+11 inf =   1.790e-01 (7727) 5
*168034: obj =   2.773676991e+11 inf =   1.745e-01 (7673) 4
*168436: obj =   2.765668868e+11 inf =   1.747e-01 (7752) 4
*168837: obj =   2.765665651e+11 inf =   1.765e-01 (7731) 4
*169226: obj =   2.765663152e+11 inf =   1.757e-01 (7722) 4
*169631: obj =   2.765660973e+11 inf =   1.747e-01 (7692) 4
*170059: obj =   2.765656659e+11 inf =   1.736e-01 (7623) 4
*170480: obj =   2.765653414e+11 inf =   1.647e-01 (7616) 4
*170888: obj =   2.765650621e+11 inf =   1.599e-01 (7589) 4
*171312: obj =   2.746811663e+11 inf =   1.608e-01 (7709) 4
*171731: obj =   2.746811241e+11 inf =   1.605e-01 (7652) 4
*172162: obj =   2.673078837e+11 inf =   1.625e-01 (7665) 5
*172565: obj =   2.673074234e+11 inf =   1.663e-01 (7638) 4
*172975: obj =   2.673070202e+11 inf =   1.699e-01 (7597) 4
*173405: obj =   2.673065906e+11 inf =   1.686e-01 (7588) 4
*173805: obj =   2.673060572e+11 inf =   1.684e-01 (7547) 4
*174226: obj =   2.673056938e+11 inf =   1.682e-01 (7487) 4
*174626: obj =   2.673051242e+11 inf =   1.708e-01 (7502) 4
*175053: obj =   2.673049053e+11 inf =   1.696e-01 (7492) 4
*175442: obj =   2.673043890e+11 inf =   1.735e-01 (7439) 4
*175838: obj =   2.673038193e+11 inf =   1.824e-01 (7430) 4
*176241: obj =   2.673032849e+11 inf =   1.877e-01 (7427) 4
*176635: obj =   2.673026709e+11 inf =   1.978e-01 (7404) 4
*177033: obj =   2.673023795e+11 inf =   2.026e-01 (7369) 4
*177439: obj =   2.673021927e+11 inf =   2.030e-01 (7403) 4
*177821: obj =   2.673018230e+11 inf =   2.035e-01 (7384) 4
*178237: obj =   2.673014204e+11 inf =   2.033e-01 (7401) 4
*178656: obj =   2.673009947e+11 inf =   2.018e-01 (7360) 4
*179072: obj =   2.673009007e+11 inf =   1.996e-01 (7345) 4
*179462: obj =   2.673002484e+11 inf =   1.972e-01 (7353) 4
*179875: obj =   2.672999376e+11 inf =   1.991e-01 (7306) 4
*180323: obj =   2.654935991e+11 inf =   1.982e-01 (7387) 4
*180737: obj =   2.654931730e+11 inf =   2.023e-01 (7344) 4
*181153: obj =   2.654928169e+11 inf =   2.024e-01 (7341) 5
*181557: obj =   2.654923707e+11 inf =   1.987e-01 (7310) 4
*181959: obj =   2.654918411e+11 inf =   1.950e-01 (7304) 3
*182360: obj =   2.654915457e+11 inf =   1.929e-01 (7282) 4
*182766: obj =   2.654910991e+11 inf =   1.921e-01 (7261) 4
*183180: obj =   2.654907291e+11 inf =   1.890e-01 (7250) 5
*183599: obj =   2.654903781e+11 inf =   1.857e-01 (7282) 4
*184014: obj =   2.654899580e+11 inf =   1.850e-01 (7224) 4
*184407: obj =   2.654892386e+11 inf =   1.852e-01 (7227) 4
*184818: obj =   2.654886795e+11 inf =   1.870e-01 (7192) 4
*185239: obj =   2.654884315e+11 inf =   1.865e-01 (7216) 4
*185638: obj =   2.654879644e+11 inf =   1.841e-01 (7171) 4
*186056: obj =   2.654875256e+11 inf =   1.822e-01 (7161) 4
*186455: obj =   2.654869629e+11 inf =   1.845e-01 (7168) 4
*186857: obj =   2.654864130e+11 inf =   1.812e-01 (7175) 4
*187239: obj =   2.654857658e+11 inf =   1.861e-01 (7154) 4
*187642: obj =   2.654853740e+11 inf =   1.884e-01 (7140) 4
*188047: obj =   2.654847884e+11 inf =   1.959e-01 (7132) 4
*188459: obj =   2.633995355e+11 inf =   2.027e-01 (7241) 4
*188855: obj =   2.633991356e+11 inf =   2.063e-01 (7204) 4
*189269: obj =   2.633986140e+11 inf =   2.103e-01 (7212) 4
*189662: obj =   2.633978771e+11 inf =   2.134e-01 (7153) 4
*190080: obj =   2.633976024e+11 inf =   2.182e-01 (7138) 4
*190507: obj =   2.633968800e+11 inf =   2.130e-01 (7129) 4
*190904: obj =   2.633960021e+11 inf =   2.069e-01 (7091) 4
*191307: obj =   2.633954279e+11 inf =   2.054e-01 (7069) 4
*191720: obj =   2.633948627e+11 inf =   2.041e-01 (7036) 4
*192144: obj =   2.633943923e+11 inf =   2.072e-01 (7042) 4
*192551: obj =   2.633938417e+11 inf =   2.121e-01 (6997) 4
*192954: obj =   2.633933016e+11 inf =   2.182e-01 (7012) 4
*193364: obj =   2.633929410e+11 inf =   2.218e-01 (7049) 4
*193786: obj =   2.633924740e+11 inf =   2.229e-01 (7029) 4
*194193: obj =   2.633920960e+11 inf =   2.203e-01 (7002) 5
*194627: obj =   2.633916668e+11 inf =   2.193e-01 (6958) 4
*195064: obj =   2.580811134e+11 inf =   2.191e-01 (7173) 4
*195488: obj =   2.580805788e+11 inf =   2.215e-01 (7132) 4
*195905: obj =   2.580803317e+11 inf =   2.197e-01 (7074) 4
*196298: obj =   2.580795979e+11 inf =   2.252e-01 (7065) 4
*196711: obj =   2.580790540e+11 inf =   2.315e-01 (7016) 4
*197145: obj =   2.580788388e+11 inf =   2.286e-01 (6946) 5
*197554: obj =   2.580778617e+11 inf =   2.263e-01 (6939) 4
*197953: obj =   2.580771866e+11 inf =   2.247e-01 (6922) 4
*198365: obj =   2.580764023e+11 inf =   2.270e-01 (6924) 4
*198771: obj =   2.580759047e+11 inf =   2.277e-01 (6899) 4
*199165: obj =   2.580753504e+11 inf =   2.310e-01 (6880) 4
*199555: obj =   2.580748659e+11 inf =   2.349e-01 (6854) 4
*199942: obj =   2.580744656e+11 inf =   2.375e-01 (6831) 3
*200377: obj =   2.580741572e+11 inf =   2.363e-01 (6855) 5
*200770: obj =   2.580734568e+11 inf =   2.331e-01 (6824) 4
*201171: obj =   2.580725270e+11 inf =   2.259e-01 (6844) 4
*201571: obj =   2.580715581e+11 inf =   2.229e-01 (6835) 4
*202006: obj =   2.580709115e+11 inf =   2.215e-01 (6803) 4
*202428: obj =   2.580704090e+11 inf =   2.209e-01 (6794) 4
*202861: obj =   2.546167847e+11 inf =   2.190e-01 (6872) 4
*203262: obj =   2.546162139e+11 inf =   2.203e-01 (6859) 4
*203660: obj =   2.546155800e+11 inf =   2.252e-01 (6819) 4
*204106: obj =   2.546152802e+11 inf =   2.215e-01 (6765) 5
*204500: obj =   2.546139037e+11 inf =   2.186e-01 (6764) 4
*204884: obj =   2.546129234e+11 inf =   2.222e-01 (6791) 3
*205275: obj =   2.546122224e+11 inf =   2.261e-01 (6800) 4
*205653: obj =   2.546114258e+11 inf =   2.293e-01 (6806) 4
*206068: obj =   2.546106741e+11 inf =   2.336e-01 (6760) 4
*206466: obj =   2.546099157e+11 inf =   2.388e-01 (6762) 4
*206878: obj =   2.546094876e+11 inf =   2.409e-01 (6740) 4
*207260: obj =   2.546089797e+11 inf =   2.449e-01 (6731) 4
*207655: obj =   2.546078973e+11 inf =   2.517e-01 (6733) 4
*208067: obj =   2.546073365e+11 inf =   2.550e-01 (6748) 4
*208474: obj =   2.546065859e+11 inf =   2.552e-01 (6731) 4
*208871: obj =   2.546055059e+11 inf =   2.549e-01 (6711) 4
*209271: obj =   2.546045483e+11 inf =   2.586e-01 (6736) 4
*209700: obj =   2.546040205e+11 inf =   2.626e-01 (6711) 4
*210153: obj =   2.546037524e+11 inf =   2.620e-01 (6664) 4
*210563: obj =   2.546028919e+11 inf =   2.599e-01 (6678) 4
*210967: obj =   2.546021442e+11 inf =   2.588e-01 (6650) 4
*211360: obj =   2.546012269e+11 inf =   2.582e-01 (6633) 4
*211774: obj =   2.546007019e+11 inf =   2.568e-01 (6611) 4
*212190: obj =   2.546004585e+11 inf =   2.556e-01 (6641) 5
*212607: obj =   2.545997687e+11 inf =   2.524e-01 (6621) 4
*213032: obj =   2.545996866e+11 inf =   2.504e-01 (6639) 4
*213428: obj =   2.545988175e+11 inf =   2.461e-01 (6616) 4
*213847: obj =   2.545979674e+11 inf =   2.444e-01 (6601) 4
*214237: obj =   2.545971275e+11 inf =   2.474e-01 (6606) 4
*214636: obj =   2.545962992e+11 inf =   2.477e-01 (6592) 4
*215090: obj =   2.545958389e+11 inf =   2.474e-01 (6576) 4
*215512: obj =   2.545949465e+11 inf =   2.464e-01 (6574) 4
*215953: obj =   2.545942764e+11 inf =   2.456e-01 (6527) 5
*216368: obj =   2.545937939e+11 inf =   2.412e-01 (6535) 4
*216800: obj =   2.545928974e+11 inf =   2.351e-01 (6518) 4
*217247: obj =   2.545924650e+11 inf =   2.318e-01 (6507) 5
*217668: obj =   2.545916810e+11 inf =   2.296e-01 (6515) 4
*218066: obj =   2.545911237e+11 inf =   2.301e-01 (6502) 4
*218464: obj =   2.545901493e+11 inf =   2.318e-01 (6492) 4
*218886: obj =   2.545897897e+11 inf =   2.327e-01 (6475) 4
*219310: obj =   2.545888466e+11 inf =   2.319e-01 (6479) 4
*219748: obj =   2.545882395e+11 inf =   2.333e-01 (6457) 4
*220151: obj =   2.545876061e+11 inf =   2.302e-01 (6453) 4
*220569: obj =   2.545869940e+11 inf =   2.325e-01 (6429) 4
*220980: obj =   2.545861028e+11 inf =   2.285e-01 (6427) 5
*221404: obj =   2.545855435e+11 inf =   2.286e-01 (6440) 4
*221824: obj =   2.545853392e+11 inf =   2.277e-01 (6407) 4
*222277: obj =   2.545846505e+11 inf =   2.248e-01 (6405) 4
*222693: obj =   2.545837512e+11 inf =   2.282e-01 (6389) 4
*223115: obj =   2.503585223e+11 inf =   2.253e-01 (6490) 5
*223513: obj =   2.503574799e+11 inf =   2.297e-01 (6490) 4
*223917: obj =   2.503568242e+11 inf =   2.339e-01 (6457) 4
*224345: obj =   2.503563967e+11 inf =   2.363e-01 (6450) 4
*224744: obj =   2.503552636e+11 inf =   2.419e-01 (6423) 4
*225146: obj =   2.503542063e+11 inf =   2.484e-01 (6421) 4
*225548: obj =   2.503536159e+11 inf =   2.519e-01 (6414) 4
*225988: obj =   2.503532317e+11 inf =   2.502e-01 (6394) 4
*226431: obj =   2.503524001e+11 inf =   2.481e-01 (6378) 4
*226853: obj =   2.503517163e+11 inf =   2.456e-01 (6371) 5
*227257: obj =   2.503503324e+11 inf =   2.445e-01 (6363) 4
*227656: obj =   2.503496056e+11 inf =   2.459e-01 (6368) 3
*228044: obj =   2.503484600e+11 inf =   2.472e-01 (6352) 4
*228470: obj =   2.503476627e+11 inf =   2.478e-01 (6357) 5
*228886: obj =   2.503468780e+11 inf =   2.475e-01 (6343) 4
*229328: obj =   2.503462875e+11 inf =   2.432e-01 (6331) 4
*229718: obj =   2.503445469e+11 inf =   2.363e-01 (6310) 4
*230166: obj =   2.503441985e+11 inf =   2.360e-01 (6282) 4
*230594: obj =   2.503436399e+11 inf =   2.327e-01 (6277) 5
*231037: obj =   2.503428257e+11 inf =   2.283e-01 (6269) 4
*231443: obj =   2.503415144e+11 inf =   2.223e-01 (6273) 4
*231861: obj =   2.503404865e+11 inf =   2.198e-01 (6227) 4
*232302: obj =   2.503400178e+11 inf =   2.175e-01 (6239) 4
*232719: obj =   2.503393180e+11 inf =   2.167e-01 (6216) 5
*233129: obj =   2.503386417e+11 inf =   2.156e-01 (6175) 4
*233533: obj =   2.503377123e+11 inf =   2.159e-01 (6165) 4
*233964: obj =   2.503368189e+11 inf =   2.167e-01 (6154) 4
*234369: obj =   2.503361664e+11 inf =   2.161e-01 (6163) 4
*234798: obj =   2.503353330e+11 inf =   2.160e-01 (6148) 4
*235199: obj =   2.503344462e+11 inf =   2.193e-01 (6148) 4
*235595: obj =   2.503337595e+11 inf =   2.207e-01 (6141) 4
*236034: obj =   2.503333758e+11 inf =   2.192e-01 (6137) 4
*236443: obj =   2.503324311e+11 inf =   2.196e-01 (6145) 4
*236876: obj =   2.503320610e+11 inf =   2.185e-01 (6107) 5
*237289: obj =   2.503313757e+11 inf =   2.177e-01 (6076) 4
*237706: obj =   2.503307607e+11 inf =   2.180e-01 (6081) 4
*238130: obj =   2.503301845e+11 inf =   2.175e-01 (6098) 4
*238539: obj =   2.503295224e+11 inf =   2.186e-01 (6024) 4
*238931: obj =   2.503289264e+11 inf =   2.214e-01 (5999) 4
*239376: obj =   2.503286431e+11 inf =   2.206e-01 (6001) 4
*239790: obj =   2.503280814e+11 inf =   2.199e-01 (6016) 5
*240208: obj =   2.503272894e+11 inf =   2.191e-01 (6019) 4
*240623: obj =   2.503264813e+11 inf =   2.168e-01 (6000) 4
*241104: obj =   2.503234398e+11 inf =   2.090e-01 (6003) 5
*241529: obj =   2.503227423e+11 inf =   2.065e-01 (5994) 4
*241929: obj =   2.503219083e+11 inf =   2.079e-01 (5956) 4
*242392: obj =   2.503215218e+11 inf =   2.063e-01 (5937) 4
*242839: obj =   2.503213105e+11 inf =   2.046e-01 (5949) 5
*243298: obj =   2.503208010e+11 inf =   2.006e-01 (5926) 4
*243727: obj =   2.503200467e+11 inf =   1.957e-01 (5928) 4
*244152: obj =   2.503189701e+11 inf =   1.880e-01 (5897) 5
*244560: obj =   2.503181505e+11 inf =   1.868e-01 (5911) 4
*244998: obj =   2.503177847e+11 inf =   1.877e-01 (5876) 4
*245412: obj =   2.503169585e+11 inf =   1.879e-01 (5889) 4
*245837: obj =   2.503162941e+11 inf =   1.865e-01 (5883) 4
*246260: obj =   2.503158301e+11 inf =   1.851e-01 (5894) 5
*246669: obj =   2.503152062e+11 inf =   1.853e-01 (5869) 4
*247092: obj =   2.450286948e+11 inf =   1.851e-01 (6022) 4
*247537: obj =   2.450270081e+11 inf =   1.861e-01 (5975) 4
*247953: obj =   2.450263080e+11 inf =   1.891e-01 (5946) 4
*248343: obj =   2.450255906e+11 inf =   1.971e-01 (5908) 4
*248736: obj =   2.450249599e+11 inf =   2.024e-01 (5913) 4
*249176: obj =   2.450248196e+11 inf =   2.008e-01 (5936) 4
*249584: obj =   2.450239381e+11 inf =   1.993e-01 (5901) 4
*249996: obj =   2.450230415e+11 inf =   1.999e-01 (5895) 4
*250417: obj =   2.450228239e+11 inf =   1.997e-01 (5865) 5
*250865: obj =   2.450225809e+11 inf =   1.985e-01 (5861) 4
*251314: obj =   2.450220872e+11 inf =   1.954e-01 (5850) 5
*251754: obj =   2.450212493e+11 inf =   1.929e-01 (5821) 4
*252192: obj =   2.450206543e+11 inf =   1.918e-01 (5797) 4
*252608: obj =   2.450193109e+11 inf =   1.902e-01 (5793) 4
*253030: obj =   2.450183733e+11 inf =   1.921e-01 (5773) 5
*253454: obj =   2.450180449e+11 inf =   1.920e-01 (5771) 4
*253877: obj =   2.450172836e+11 inf =   1.919e-01 (5749) 4
*254296: obj =   2.450159107e+11 inf =   1.914e-01 (5767) 4
*254710: obj =   2.450152251e+11 inf =   1.926e-01 (5745) 4
*255169: obj =   2.291489610e+11 inf =   1.914e-01 (5897) 5
*255569: obj =   2.291462787e+11 inf =   1.996e-01 (5901) 4
*255971: obj =   2.291439162e+11 inf =   2.083e-01 (5900) 4
*256380: obj =   2.291430918e+11 inf =   2.085e-01 (5871) 4
*256783: obj =   2.291414394e+11 inf =   2.131e-01 (5881) 4
*257190: obj =   2.291405562e+11 inf =   2.129e-01 (5886) 4
*257617: obj =   2.291392379e+11 inf =   2.144e-01 (5865) 4
*258045: obj =   2.291375298e+11 inf =   2.158e-01 (5864) 4
*258454: obj =   2.291342139e+11 inf =   2.251e-01 (5855) 4
*258854: obj =   2.291331971e+11 inf =   2.278e-01 (5852) 4
*259287: obj =   2.291323366e+11 inf =   2.285e-01 (5831) 4
*259697: obj =   2.291306110e+11 inf =   2.342e-01 (5833) 4
*260093: obj =   2.291290268e+11 inf =   2.413e-01 (5853) 4
*260493: obj =   2.291269519e+11 inf =   2.518e-01 (5858) 4
*260891: obj =   2.291250069e+11 inf =   2.595e-01 (5841) 4
*261305: obj =   2.291234038e+11 inf =   2.677e-01 (5825) 4
*261701: obj =   2.291224478e+11 inf =   2.710e-01 (5808) 4
*262070: obj =   2.291207244e+11 inf =   2.784e-01 (5806) 4
*262466: obj =   2.291190736e+11 inf =   2.842e-01 (5829) 4
*262851: obj =   2.291169896e+11 inf =   2.889e-01 (5819) 4
*263235: obj =   2.291141759e+11 inf =   2.949e-01 (5809) 3
*263610: obj =   2.291117792e+11 inf =   3.015e-01 (5787) 4
*264013: obj =   2.291104189e+11 inf =   3.008e-01 (5732) 4
*264394: obj =   2.291091917e+11 inf =   3.013e-01 (5753) 4
*264801: obj =   2.291080119e+11 inf =   3.005e-01 (5733) 4
*265173: obj =   2.291051161e+11 inf =   3.037e-01 (5731) 4
*265556: obj =   2.291027391e+11 inf =   3.078e-01 (5749) 3
*265947: obj =   2.291014772e+11 inf =   3.076e-01 (5719) 4
*266330: obj =   2.290994885e+11 inf =   3.103e-01 (5698) 4
*266725: obj =   2.290968941e+11 inf =   3.139e-01 (5708) 4
*267114: obj =   2.290946359e+11 inf =   3.175e-01 (5676) 4
*267504: obj =   2.290919617e+11 inf =   3.244e-01 (5674) 4
*267897: obj =   2.290892027e+11 inf =   3.345e-01 (5650) 4
*268339: obj =   2.290883235e+11 inf =   3.341e-01 (5661) 4
*268729: obj =   2.290854558e+11 inf =   3.423e-01 (5658) 4
*269117: obj =   2.290842894e+11 inf =   3.456e-01 (5680) 4
*269521: obj =   2.290830135e+11 inf =   3.501e-01 (5670) 4
*269915: obj =   2.290809531e+11 inf =   3.601e-01 (5661) 4
*270338: obj =   2.290795625e+11 inf =   3.616e-01 (5623) 4
*270747: obj =   2.290789264e+11 inf =   3.614e-01 (5604) 4
*271176: obj =   2.290785692e+11 inf =   3.572e-01 (5584) 4
*271580: obj =   2.290762882e+11 inf =   3.574e-01 (5588) 4
*271995: obj =   2.290756535e+11 inf =   3.575e-01 (5555) 4
*272430: obj =   2.290747927e+11 inf =   3.539e-01 (5525) 4
*272853: obj =   2.290739216e+11 inf =   3.489e-01 (5502) 5
*273284: obj =   2.290731163e+11 inf =   3.441e-01 (5488) 4
*273709: obj =   2.290711325e+11 inf =   3.372e-01 (5485) 4
*274138: obj =   2.290699634e+11 inf =   3.333e-01 (5486) 4
*274564: obj =   2.290669956e+11 inf =   3.238e-01 (5468) 5
*274981: obj =   2.290646198e+11 inf =   3.168e-01 (5467) 4
*275397: obj =   2.290639919e+11 inf =   3.148e-01 (5454) 4
*275830: obj =   2.290624983e+11 inf =   3.086e-01 (5469) 4
*276283: obj =   2.290614074e+11 inf =   3.043e-01 (5483) 4
*276731: obj =   2.290602975e+11 inf =   3.015e-01 (5474) 5
*277192: obj =   2.290574173e+11 inf =   2.927e-01 (5490) 4
*277642: obj =   2.290539246e+11 inf =   2.837e-01 (5476) 5
*278080: obj =   2.290508517e+11 inf =   2.763e-01 (5517) 4
*278524: obj =   2.290482342e+11 inf =   2.695e-01 (5518) 5
*278948: obj =   2.290457484e+11 inf =   2.627e-01 (5485) 4
*279389: obj =   2.290429692e+11 inf =   2.564e-01 (5476) 4
*279831: obj =   2.290412190e+11 inf =   2.514e-01 (5435) 5
*280277: obj =   2.290393863e+11 inf =   2.455e-01 (5445) 4
*280724: obj =   2.290376626e+11 inf =   2.413e-01 (5448) 4
*281168: obj =   2.290368221e+11 inf =   2.387e-01 (5405) 5
*281614: obj =   2.290356392e+11 inf =   2.347e-01 (5361) 4
*282020: obj =   2.290332856e+11 inf =   2.270e-01 (5352) 4
*282450: obj =   2.290313148e+11 inf =   2.214e-01 (5351) 4
*282867: obj =   2.290290233e+11 inf =   2.176e-01 (5341) 5
*283311: obj =   2.290285923e+11 inf =   2.166e-01 (5338) 4
*283753: obj =   2.290270486e+11 inf =   2.134e-01 (5324) 4
*284191: obj =   2.290258779e+11 inf =   2.099e-01 (5252) 5
*284637: obj =   2.290239910e+11 inf =   2.051e-01 (5263) 4
*285103: obj =   2.290222623e+11 inf =   2.008e-01 (5250) 5
*285544: obj =   2.290198891e+11 inf =   1.960e-01 (5266) 4
*285995: obj =   2.290182612e+11 inf =   1.936e-01 (5257) 5
*286459: obj =   2.290159512e+11 inf =   1.903e-01 (5216) 4
*286863: obj =   2.290137231e+11 inf =   1.879e-01 (5233) 4
*287332: obj =   2.290123943e+11 inf =   1.853e-01 (5215) 5
*287776: obj =   2.290102230e+11 inf =   1.817e-01 (5176) 4
*288219: obj =   2.290086025e+11 inf =   1.791e-01 (5172) 5
*288630: obj =   2.290058955e+11 inf =   1.775e-01 (5187) 4
*289032: obj =   2.290039079e+11 inf =   1.802e-01 (5172) 4
*289423: obj =   2.290017250e+11 inf =   1.831e-01 (5163) 3
*289807: obj =   2.289997238e+11 inf =   1.880e-01 (5154) 4
*290174: obj =   2.289986516e+11 inf =   1.900e-01 (5136) 4
*290531: obj =   2.289977583e+11 inf =   1.907e-01 (5113) 3
*290880: obj =   2.289957121e+11 inf =   1.939e-01 (5130) 4
*291241: obj =   2.289935680e+11 inf =   1.977e-01 (5145) 3
*291591: obj =   2.289916353e+11 inf =   2.026e-01 (5098) 4
*291955: obj =   2.289908705e+11 inf =   2.035e-01 (5078) 3
*292315: obj =   2.289902629e+11 inf =   2.037e-01 (5090) 4
*292690: obj =   2.289893616e+11 inf =   2.051e-01 (5077) 4
*293062: obj =   2.289879467e+11 inf =   2.033e-01 (5074) 3
*293430: obj =   2.289862965e+11 inf =   2.023e-01 (5074) 4
*293839: obj =   2.289838900e+11 inf =   2.001e-01 (5055) 4
*294242: obj =   2.289827985e+11 inf =   1.994e-01 (5057) 4
*294660: obj =   2.289811972e+11 inf =   1.990e-01 (5040) 4
*295074: obj =   2.289801019e+11 inf =   1.986e-01 (5033) 4
*295493: obj =   2.289787745e+11 inf =   1.991e-01 (5018) 5
*295905: obj =   2.289770731e+11 inf =   2.009e-01 (4978) 4
*296331: obj =   2.289758803e+11 inf =   2.011e-01 (4997) 4
*296739: obj =   2.289741634e+11 inf =   2.033e-01 (5001) 4
*297172: obj =   2.289730449e+11 inf =   2.025e-01 (4988) 4
*297561: obj =   2.289700692e+11 inf =   2.062e-01 (4965) 4
*297959: obj =   2.289681177e+11 inf =   2.134e-01 (4986) 4
*298371: obj =   2.289667658e+11 inf =   2.170e-01 (4965) 4
*298763: obj =   2.289651555e+11 inf =   2.179e-01 (4970) 4
*299150: obj =   2.289632088e+11 inf =   2.205e-01 (4952) 4
*299588: obj =   2.289616599e+11 inf =   2.232e-01 (4953) 4
*300041: obj =   2.289614531e+11 inf =   2.211e-01 (4944) 5
*300475: obj =   2.289600877e+11 inf =   2.168e-01 (4919) 4
*300924: obj =   2.289591119e+11 inf =   2.144e-01 (4910) 4
*301348: obj =   2.289575796e+11 inf =   2.077e-01 (4898) 4
*301757: obj =   2.289555072e+11 inf =   2.025e-01 (4904) 5
*302201: obj =   2.289544013e+11 inf =   2.006e-01 (4904) 4
*302618: obj =   2.289532335e+11 inf =   2.002e-01 (4894) 4
*303017: obj =   2.289519895e+11 inf =   1.987e-01 (4894) 4
*303471: obj =   2.289506080e+11 inf =   1.970e-01 (4924) 4
*303888: obj =   2.289488957e+11 inf =   1.948e-01 (4905) 5
*304339: obj =   2.289475554e+11 inf =   1.919e-01 (4921) 4
*304771: obj =   2.289464125e+11 inf =   1.903e-01 (4857) 4
*305211: obj =   2.289455526e+11 inf =   1.875e-01 (4875) 5
*305634: obj =   2.289430688e+11 inf =   1.820e-01 (4866) 4
*306056: obj =   2.289414141e+11 inf =   1.804e-01 (4822) 4
*306479: obj =   2.289394140e+11 inf =   1.791e-01 (4824) 4
*306908: obj =   2.289378094e+11 inf =   1.791e-01 (4819) 4
*307308: obj =   2.289359627e+11 inf =   1.814e-01 (4814) 4
*307711: obj =   2.289340249e+11 inf =   1.869e-01 (4838) 4
*308167: obj =   2.289338423e+11 inf =   1.858e-01 (4802) 5
*308596: obj =   2.289322695e+11 inf =   1.822e-01 (4813) 4
*308996: obj =   2.289299519e+11 inf =   1.795e-01 (4779) 4
*309397: obj =   2.289282411e+11 inf =   1.813e-01 (4764) 4
*309822: obj =   2.289267171e+11 inf =   1.813e-01 (4774) 4
*310228: obj =   2.289249655e+11 inf =   1.827e-01 (4767) 4
*310627: obj =   2.289227971e+11 inf =   1.875e-01 (4764) 4
*311038: obj =   2.289217480e+11 inf =   1.889e-01 (4754) 4
*311450: obj =   2.289199005e+11 inf =   1.906e-01 (4718) 4
*311846: obj =   2.289171703e+11 inf =   1.999e-01 (4735) 4
*312265: obj =   2.289168672e+11 inf =   2.003e-01 (4735) 5
*312683: obj =   2.289151366e+11 inf =   2.023e-01 (4726) 4
*313108: obj =   2.289136358e+11 inf =   2.052e-01 (4714) 4
*313516: obj =   2.289123889e+11 inf =   2.091e-01 (4734) 4
*313963: obj =   2.289112719e+11 inf =   2.106e-01 (4714) 4
*314397: obj =   2.289106880e+11 inf =   2.094e-01 (4664) 5
*314846: obj =   2.289105717e+11 inf =   2.078e-01 (4649) 4
*315243: obj =   2.289083671e+11 inf =   2.052e-01 (4658) 4
*315650: obj =   2.289063273e+11 inf =   2.089e-01 (4664) 4
*316086: obj =   2.289061216e+11 inf =   2.082e-01 (4650) 4
*316521: obj =   2.289058129e+11 inf =   2.067e-01 (4657) 5
*316917: obj =   2.289033258e+11 inf =   2.117e-01 (4636) 4
*317367: obj =   2.289022088e+11 inf =   2.126e-01 (4638) 4
*317759: obj =   2.289003900e+11 inf =   2.158e-01 (4626) 4
*318157: obj =   2.288989280e+11 inf =   2.226e-01 (4622) 4
*318553: obj =   2.288981149e+11 inf =   2.254e-01 (4616) 4
*318965: obj =   2.288970407e+11 inf =   2.239e-01 (4634) 4
*319396: obj =   2.288963043e+11 inf =   2.226e-01 (4597) 4
*319811: obj =   2.288949303e+11 inf =   2.207e-01 (4584) 4
*320230: obj =   2.288937514e+11 inf =   2.191e-01 (4609) 4
*320655: obj =   2.288924100e+11 inf =   2.175e-01 (4603) 5
*321104: obj =   2.288916465e+11 inf =   2.170e-01 (4596) 4
*321512: obj =   2.288902360e+11 inf =   2.139e-01 (4603) 4
*321957: obj =   2.288895231e+11 inf =   2.141e-01 (4601) 4
*322383: obj =   2.288889063e+11 inf =   2.128e-01 (4588) 5
*322778: obj =   2.288872780e+11 inf =   2.158e-01 (4568) 4
*323179: obj =   2.288866996e+11 inf =   2.180e-01 (4574) 3
*323580: obj =   2.288857810e+11 inf =   2.201e-01 (4564) 4
*324010: obj =   2.288845236e+11 inf =   2.186e-01 (4537) 5
*324413: obj =   2.288829651e+11 inf =   2.154e-01 (4536) 4
*324815: obj =   2.288811362e+11 inf =   2.176e-01 (4515) 4
*325249: obj =   2.288807656e+11 inf =   2.165e-01 (4528) 4
*325651: obj =   2.288794339e+11 inf =   2.132e-01 (4548) 4
*326071: obj =   2.288785282e+11 inf =   2.115e-01 (4519) 4
*326448: obj =   2.288778782e+11 inf =   2.106e-01 (4494) 4
*326823: obj =   2.288767715e+11 inf =   2.116e-01 (4495) 4
*327236: obj =   2.288759742e+11 inf =   2.116e-01 (4521) 4
*327646: obj =   2.288749133e+11 inf =   2.118e-01 (4516) 4
*328032: obj =   2.288732148e+11 inf =   2.183e-01 (4471) 3
*328440: obj =   2.288727371e+11 inf =   2.186e-01 (4473) 5
*328828: obj =   2.288715996e+11 inf =   2.211e-01 (4475) 3
*329246: obj =   2.288709759e+11 inf =   2.222e-01 (4471) 5
*329640: obj =   2.288699655e+11 inf =   2.239e-01 (4452) 3
*330022: obj =   2.288689448e+11 inf =   2.268e-01 (4419) 4
*330406: obj =   2.288674561e+11 inf =   2.267e-01 (4426) 4
*330784: obj =   2.288656630e+11 inf =   2.292e-01 (4425) 4
*331171: obj =   2.288641344e+11 inf =   2.345e-01 (4413) 4
*331580: obj =   2.288629989e+11 inf =   2.404e-01 (4448) 4
*332004: obj =   2.288622032e+11 inf =   2.403e-01 (4454) 4
*332420: obj =   2.288616840e+11 inf =   2.394e-01 (4481) 4
*332854: obj =   2.288609614e+11 inf =   2.398e-01 (4449) 4
*333286: obj =   2.288603692e+11 inf =   2.366e-01 (4402) 4
*333705: obj =   2.288593937e+11 inf =   2.346e-01 (4424) 5
*334101: obj =   2.288582112e+11 inf =   2.331e-01 (4417) 4
*334521: obj =   2.288564958e+11 inf =   2.350e-01 (4415) 4
*334963: obj =   2.288561244e+11 inf =   2.345e-01 (4399) 4
*335408: obj =   2.288554150e+11 inf =   2.336e-01 (4418) 4
*335800: obj =   2.288539095e+11 inf =   2.287e-01 (4445) 4
*336219: obj =   2.288527706e+11 inf =   2.268e-01 (4426) 4
*336679: obj =   2.288524294e+11 inf =   2.257e-01 (4422) 5
*337152: obj =   2.288512896e+11 inf =   2.236e-01 (4405) 5
*337585: obj =   2.288502805e+11 inf =   2.211e-01 (4412) 4
*338024: obj =   2.288470285e+11 inf =   2.166e-01 (4403) 4
*338410: obj =   2.288456320e+11 inf =   2.156e-01 (4392) 4
*338871: obj =   2.288451431e+11 inf =   2.153e-01 (4396) 5
*339294: obj =   2.288442357e+11 inf =   2.121e-01 (4377) 4
*339720: obj =   2.288433803e+11 inf =   2.093e-01 (4341) 4
*340168: obj =   2.288428694e+11 inf =   2.076e-01 (4343) 5
*340604: obj =   2.288418177e+11 inf =   2.046e-01 (4363) 4
*341036: obj =   2.288413446e+11 inf =   2.035e-01 (4359) 4
*341441: obj =   2.288400825e+11 inf =   2.026e-01 (4362) 4
*341853: obj =   2.288391124e+11 inf =   2.020e-01 (4354) 4
*342259: obj =   2.288382787e+11 inf =   2.038e-01 (4320) 4
*342665: obj =   2.288368332e+11 inf =   2.050e-01 (4344) 4
*343110: obj =   2.274353926e+11 inf =   2.058e-01 (4423) 5
*343528: obj =   2.274345683e+11 inf =   2.030e-01 (4431) 4
*343958: obj =   2.274332636e+11 inf =   2.007e-01 (4433) 4
*344416: obj =   2.274320032e+11 inf =   1.982e-01 (4402) 5
*344831: obj =   2.274311512e+11 inf =   1.964e-01 (4386) 4
*345255: obj =   2.274296206e+11 inf =   1.918e-01 (4380) 4
*345696: obj =   2.274284975e+11 inf =   1.878e-01 (4339) 4
*346150: obj =   2.274258316e+11 inf =   1.825e-01 (4313) 5
*346618: obj =   2.274248711e+11 inf =   1.801e-01 (4320) 4
*347069: obj =   2.274235413e+11 inf =   1.769e-01 (4314) 5
*347483: obj =   2.274210938e+11 inf =   1.760e-01 (4331) 4
*347926: obj =   2.274200485e+11 inf =   1.754e-01 (4288) 4
*348329: obj =   2.274189635e+11 inf =   1.743e-01 (4325) 4
*348720: obj =   2.274181280e+11 inf =   1.738e-01 (4303) 4
*349202: obj =   2.274162690e+11 inf =   1.740e-01 (4284) 5
*349665: obj =   2.178311829e+11 inf =   1.762e-01 (10696) 4
*350172: obj =   2.178266038e+11 inf =   1.766e-01 (10638) 6
*350637: obj =   2.178221065e+11 inf =   1.764e-01 (10542) 4
*351065: obj =   2.178171267e+11 inf =   1.766e-01 (10439) 4
*351508: obj =   2.178112348e+11 inf =   1.781e-01 (10311) 5
*351949: obj =   2.178074457e+11 inf =   1.788e-01 (10228) 4
*352386: obj =   2.178009014e+11 inf =   1.806e-01 (10114) 4
*352809: obj =   2.177951040e+11 inf =   1.851e-01 (10026) 5
*353241: obj =   2.177890776e+11 inf =   1.927e-01 (9900) 4
*353688: obj =   2.177840340e+11 inf =   1.958e-01 (9814) 4
*354129: obj =   2.177782268e+11 inf =   2.001e-01 (9696) 5
*354617: obj =   2.177711126e+11 inf =   2.009e-01 (9541) 4
*355110: obj =   2.177644647e+11 inf =   1.991e-01 (9364) 5
*355575: obj =   2.177617093e+11 inf =   1.982e-01 (9298) 5
*356042: obj =   2.177556815e+11 inf =   1.939e-01 (9269) 5
*356460: obj =   2.177522980e+11 inf =   1.929e-01 (9216) 4
*356884: obj =   2.177465133e+11 inf =   1.992e-01 (9139) 4
*357349: obj =   2.177455653e+11 inf =   1.999e-01 (8998) 4
*357772: obj =   2.177424823e+11 inf =   2.042e-01 (8903) 5
*358244: obj =   2.177419724e+11 inf =   2.033e-01 (8829) 4
*358679: obj =   2.177403823e+11 inf =   2.036e-01 (8749) 5
*359122: obj =   2.177393255e+11 inf =   2.016e-01 (8689) 4
*359553: obj =   2.177364709e+11 inf =   2.006e-01 (8651) 4
*359995: obj =   2.177338778e+11 inf =   2.058e-01 (8611) 5
*360451: obj =   2.177316125e+11 inf =   2.052e-01 (8539) 4
*360887: obj =   2.177282203e+11 inf =   2.083e-01 (8484) 4
*361348: obj =   2.177252242e+11 inf =   2.135e-01 (8427) 5
*361800: obj =   2.177216983e+11 inf =   2.248e-01 (8347) 4
*362277: obj =   2.177200073e+11 inf =   2.369e-01 (8296) 5
*362767: obj =   2.177190656e+11 inf =   2.428e-01 (8283) 5
*363257: obj =   2.177177578e+11 inf =   2.525e-01 (8230) 5
*363720: obj =   2.177164443e+11 inf =   2.616e-01 (8210) 4
*364313: obj =   2.177161368e+11 inf =   2.609e-01 (8119) 6
*364816: obj =   2.177150969e+11 inf =   2.566e-01 (8092) 5
*365367: obj =   2.177138775e+11 inf =   2.508e-01 (8075) 6
*365863: obj =   2.177125853e+11 inf =   2.457e-01 (8037) 5
*366299: obj =   2.177115004e+11 inf =   2.469e-01 (7972) 4
*366726: obj =   2.177104870e+11 inf =   2.489e-01 (7987) 4
*367235: obj =   2.177095578e+11 inf =   2.481e-01 (7966) 5
*367661: obj =   2.177080064e+11 inf =   2.517e-01 (7961) 4
*368114: obj =   2.177071638e+11 inf =   2.625e-01 (7904) 5
*368588: obj =   2.177066116e+11 inf =   2.652e-01 (7829) 4
*369016: obj =   2.177062055e+11 inf =   2.647e-01 (7814) 5
*369457: obj =   2.177051928e+11 inf =   2.624e-01 (7770) 4
*369993: obj =   2.177039901e+11 inf =   2.627e-01 (7772) 5
*370471: obj =   2.177031738e+11 inf =   2.636e-01 (7777) 5
*370984: obj =   2.177027398e+11 inf =   2.643e-01 (7760) 5
*371414: obj =   2.177021436e+11 inf =   2.673e-01 (7742) 4
*371921: obj =   2.177018744e+11 inf =   2.696e-01 (7697) 5
*372491: obj =   2.177007279e+11 inf =   2.675e-01 (7610) 6
*372980: obj =   2.177001522e+11 inf =   2.690e-01 (7623) 5
*373443: obj =   2.176998121e+11 inf =   2.672e-01 (7594) 4
*373898: obj =   2.176992701e+11 inf =   2.672e-01 (7564) 5
*374363: obj =   2.176987191e+11 inf =   2.655e-01 (7546) 5
*374822: obj =   2.176981408e+11 inf =   2.660e-01 (7499) 4
*375280: obj =   2.176975081e+11 inf =   2.652e-01 (7474) 5
*375750: obj =   2.176970582e+11 inf =   2.677e-01 (7475) 4
*376253: obj =   2.176965555e+11 inf =   2.680e-01 (7408) 5
*376714: obj =   2.176961377e+11 inf =   2.714e-01 (7417) 5
*377251: obj =   2.176957711e+11 inf =   2.686e-01 (7425) 5
*377705: obj =   2.176952858e+11 inf =   2.663e-01 (7387) 5
*378167: obj =   2.176949794e+11 inf =   2.688e-01 (7368) 4
*378632: obj =   2.176946979e+11 inf =   2.702e-01 (7327) 5
*379157: obj =   2.176945211e+11 inf =   2.687e-01 (7311) 5
*379633: obj =   2.176940586e+11 inf =   2.697e-01 (7279) 5
*380127: obj =   2.176937427e+11 inf =   2.678e-01 (7297) 5
*380671: obj =   2.176932636e+11 inf =   2.652e-01 (7212) 5
*381171: obj =   2.176929830e+11 inf =   2.667e-01 (7177) 5
*381664: obj =   2.176923766e+11 inf =   2.651e-01 (7172) 5
*382173: obj =   2.176921375e+11 inf =   2.616e-01 (7104) 5
*382662: obj =   2.176918433e+11 inf =   2.605e-01 (7052) 5
*383240: obj =   2.176908109e+11 inf =   2.582e-01 (6952) 5
*383717: obj =   2.176906582e+11 inf =   2.560e-01 (6910) 5
*384298: obj =   2.176901777e+11 inf =   2.539e-01 (6884) 6
*384844: obj =   2.176899711e+11 inf =   2.529e-01 (6813) 5
*385355: obj =   2.176897395e+11 inf =   2.506e-01 (6725) 5
*385859: obj =   2.176895262e+11 inf =   2.516e-01 (6673) 5
*386424: obj =   2.176889088e+11 inf =   2.481e-01 (6580) 6
*387021: obj =   2.176881396e+11 inf =   2.438e-01 (6466) 6
*387589: obj =   2.176879326e+11 inf =   2.394e-01 (6326) 5
*388153: obj =   2.176878595e+11 inf =   2.358e-01 (6137) 6
*388832: obj =   2.176875304e+11 inf =   2.336e-01 (5460) 5
*389667: obj =   2.176864540e+11 inf =   2.305e-01 (4757) 3
*390539: obj =   2.176854928e+11 inf =   2.265e-01 (3908) 2
*391426: obj =   2.176847869e+11 inf =   2.228e-01 (3034) 1
*392305: obj =   2.176843276e+11 inf =   2.184e-01 (2205) 2
*393197: obj =   2.176840792e+11 inf =   2.135e-01 (1317) 1
*394104: obj =   2.176839461e+11 inf =   2.098e-01 (373) 2
Removing LP perturbation [394468]...
*394468: obj =   2.178441219e+11 inf =   0.000e+00 (0) 1
OPTIMAL LP SOLUTION FOUND
Integer optimization begins...
Long-step dual simplex will be used
+394468: mip =     not found yet >=              -inf        (1; 0)
+394468: >>>>>   2.178441219e+11 >=   2.178441219e+11   0.0% (1; 0)
+394468: mip =   2.178441219e+11 >=     tree is empty   0.0% (0; 1)
INTEGER OPTIMAL SOLUTION FOUND
Time used:   4400.1 secs
Memory used: 199.7 Mb (209409227 bytes)
Writing MIP solution to 'input/sx-mathoverflow.html/sx-mathoverflow-c2a.txt.gz.270.lp.sol'...
Objective:  obj = 2.178441219e+11 (MINimum)
