GLPSOL--GLPK LP/MIP Solver 5.0
Parameter(s) specified in the command line:
 --lp input/Oregon-2.html/oregon2_010407.txt.gz.140.lp.reach_chain_detours.lp
 -o input/Oregon-2.html/oregon2_010407.txt.gz.140.lp.reach_chain_detours.lp.sol
Reading problem data from 'input/Oregon-2.html/oregon2_010407.txt.gz.140.lp.reach_chain_detours.lp'...
2642 rows, 5667 columns, 13197 non-zeros
5667 integer variables, all of which are binary
8314 lines were read
GLPK Integer Optimizer 5.0
2642 rows, 5667 columns, 13197 non-zeros
5667 integer variables, all of which are binary
Preprocessing...
1 hidden packing inequaliti(es) were detected
2640 rows, 5665 columns, 12886 non-zeros
5665 integer variables, all of which are binary
Scaling...
 A: min|aij| =  1.000e+00  max|aij| =  1.000e+00  ratio =  1.000e+00
Problem data seem to be well scaled
Constructing initial basis...
Size of triangular part is 2640
Solving LP relaxation...
GLPK Simplex Optimizer 5.0
2640 rows, 5665 columns, 12886 non-zeros
      0: obj =   0.000000000e+00 inf =   1.740e+02 (174)
    174: obj =   4.247975900e+01 inf =   0.000e+00 (0)
Perturbing LP to avoid stalling [377]...
Removing LP perturbation [2229]...
*  2229: obj =   0.000000000e+00 inf =   0.000e+00 (0) 16
OPTIMAL LP SOLUTION FOUND
Integer optimization begins...
Long-step dual simplex will be used
+  2229: mip =     not found yet >=              -inf        (1; 0)
+  2229: >>>>>   0.000000000e+00 >=   0.000000000e+00   0.0% (1; 0)
+  2229: mip =   0.000000000e+00 >=     tree is empty   0.0% (0; 1)
INTEGER OPTIMAL SOLUTION FOUND
Time used:   0.4 secs
Memory used: 6.8 Mb (7136471 bytes)
Writing MIP solution to 'input/Oregon-2.html/oregon2_010407.txt.gz.140.lp.reach_chain_detours.lp.sol'...
Objective:  obj = 0 (MINimum)
