GLPSOL--GLPK LP/MIP Solver 5.0
Parameter(s) specified in the command line:
 --lp input/sx-mathoverflow.html/sx-mathoverflow-c2a.txt.gz.540.lp -o input/sx-mathoverflow.html/sx-mathoverflow-c2a.txt.gz.540.lp.sol
Reading problem data from 'input/sx-mathoverflow.html/sx-mathoverflow-c2a.txt.gz.540.lp'...
77215 rows, 168202 columns, 386062 non-zeros
168202 integer variables, all of which are binary
245422 lines were read
GLPK Integer Optimizer 5.0
77215 rows, 168202 columns, 386062 non-zeros
168202 integer variables, all of which are binary
Preprocessing...
1 hidden packing inequaliti(es) were detected
76606 rows, 167565 columns, 382298 non-zeros
167565 integer variables, all of which are binary
Scaling...
 A: min|aij| =  1.000e+00  max|aij| =  1.000e+00  ratio =  1.000e+00
Problem data seem to be well scaled
Constructing initial basis...
Size of triangular part is 76606
Solving LP relaxation...
GLPK Simplex Optimizer 5.0
76606 rows, 167565 columns, 382298 non-zeros
      0: obj =   0.000000000e+00 inf =   7.840e+02 (784)
    784: obj =   1.065338965e+12 inf =   0.000e+00 (0)
Perturbing LP to avoid stalling [983]...
*  1866: obj =   1.060968717e+12 inf =   0.000e+00 (1587) 2
*  2599: obj =   1.060968717e+12 inf =   0.000e+00 (1612) 7
*  3225: obj =   1.060968717e+12 inf =   0.000e+00 (1639) 6
*  3825: obj =   1.060968717e+12 inf =   0.000e+00 (1655) 6
*  4393: obj =   1.060968717e+12 inf =   0.000e+00 (1677) 5
*  4988: obj =   1.060968717e+12 inf =   0.000e+00 (1686) 6
*  5525: obj =   1.060968717e+12 inf =   0.000e+00 (1694) 5
*  6056: obj =   1.060968717e+12 inf =   0.000e+00 (1712) 5
*  6592: obj =   1.060968717e+12 inf =   0.000e+00 (1727) 5
*  7143: obj =   1.060968717e+12 inf =   0.000e+00 (1756) 6
*  7679: obj =   1.060968717e+12 inf =   0.000e+00 (1768) 5
*  8256: obj =   1.060968717e+12 inf =   0.000e+00 (1778) 5
*  8809: obj =   1.060968717e+12 inf =   0.000e+00 (1794) 5
*  9334: obj =   1.060968717e+12 inf =   0.000e+00 (1811) 6
*  9906: obj =   1.060968717e+12 inf =   0.000e+00 (1832) 5
* 10464: obj =   1.060968717e+12 inf =   0.000e+00 (1848) 6
* 10990: obj =   1.060968717e+12 inf =   0.000e+00 (1873) 5
* 11529: obj =   1.060968717e+12 inf =   0.000e+00 (1871) 5
* 12088: obj =   1.060968717e+12 inf =   0.000e+00 (1904) 5
* 12620: obj =   1.060968717e+12 inf =   0.000e+00 (1907) 5
* 13141: obj =   1.060968717e+12 inf =   0.000e+00 (1932) 6
* 13658: obj =   1.060968717e+12 inf =   0.000e+00 (1935) 5
* 14181: obj =   1.060968717e+12 inf =   0.000e+00 (1960) 5
* 14695: obj =   1.060968717e+12 inf =   0.000e+00 (1956) 5
* 15214: obj =   1.060968717e+12 inf =   0.000e+00 (1983) 5
* 15737: obj =   1.060968717e+12 inf =   0.000e+00 (1990) 5
* 16250: obj =   1.060968717e+12 inf =   0.000e+00 (2012) 5
* 16760: obj =   1.060968717e+12 inf =   0.000e+00 (2008) 5
* 17269: obj =   1.060968717e+12 inf =   0.000e+00 (2016) 5
* 17773: obj =   1.060968717e+12 inf =   0.000e+00 (2008) 5
* 18315: obj =   1.060968717e+12 inf =   0.000e+00 (2032) 5
* 18834: obj =   1.060968717e+12 inf =   0.000e+00 (2041) 5
* 19337: obj =   1.060968717e+12 inf =   0.000e+00 (2052) 5
* 19655: obj =   9.769768381e+11 inf =   4.472e-06 (10598) 4
* 19921: obj =   9.769768375e+11 inf =   7.553e-05 (10565) 2
* 20160: obj =   9.769768250e+11 inf =   1.473e-03 (10541) 3
* 20450: obj =   9.769767950e+11 inf =   3.677e-03 (10524) 2
* 20666: obj =   9.769767736e+11 inf =   4.747e-03 (10517) 3
* 20946: obj =   9.769767288e+11 inf =   9.020e-03 (10453) 2
* 21170: obj =   9.769767168e+11 inf =   9.872e-03 (10462) 3
* 21443: obj =   9.769766452e+11 inf =   1.583e-02 (10444) 2
* 21675: obj =   9.769766185e+11 inf =   1.816e-02 (10419) 3
* 21942: obj =   9.769765908e+11 inf =   2.041e-02 (10403) 2
* 22207: obj =   9.769765360e+11 inf =   2.388e-02 (10403) 3
* 22456: obj =   9.769764770e+11 inf =   2.921e-02 (10381) 2
* 22687: obj =   9.769763913e+11 inf =   3.600e-02 (10369) 3
* 22940: obj =   9.769763292e+11 inf =   4.206e-02 (10322) 2
* 23193: obj =   9.769762857e+11 inf =   4.550e-02 (10288) 3
* 23451: obj =   9.769762711e+11 inf =   4.608e-02 (10282) 2
* 23690: obj =   9.769762238e+11 inf =   4.931e-02 (10288) 2
* 23900: obj =   9.769761841e+11 inf =   5.059e-02 (10270) 3
* 24157: obj =   9.769761408e+11 inf =   5.285e-02 (10256) 2
* 24405: obj =   9.769761077e+11 inf =   5.417e-02 (10247) 3
* 24628: obj =   9.769759428e+11 inf =   6.023e-02 (10234) 2
* 24875: obj =   9.769758261e+11 inf =   6.696e-02 (10217) 2
* 25112: obj =   9.769757808e+11 inf =   7.041e-02 (10206) 3
* 25363: obj =   9.769757757e+11 inf =   7.001e-02 (10198) 2
* 25581: obj =   9.769756853e+11 inf =   7.479e-02 (10159) 2
* 25803: obj =   9.769755857e+11 inf =   8.206e-02 (10131) 2
* 26022: obj =   9.769755551e+11 inf =   8.456e-02 (10124) 3
* 26264: obj =   9.769755538e+11 inf =   8.388e-02 (10096) 2
* 26503: obj =   9.769754657e+11 inf =   8.939e-02 (10083) 2
* 26707: obj =   9.769754317e+11 inf =   9.150e-02 (10083) 2
* 26933: obj =   9.769753796e+11 inf =   9.328e-02 (10058) 3
* 27174: obj =   9.769752329e+11 inf =   9.736e-02 (10068) 2
* 27375: obj =   9.769750952e+11 inf =   1.052e-01 (10080) 2
* 27599: obj =   9.769750770e+11 inf =   1.056e-01 (10084) 2
* 27842: obj =   9.769748415e+11 inf =   1.167e-01 (10087) 3
* 28054: obj =   9.769747703e+11 inf =   1.205e-01 (10057) 2
* 28279: obj =   9.769746718e+11 inf =   1.212e-01 (10058) 2
* 28515: obj =   9.769745510e+11 inf =   1.238e-01 (10050) 2
* 28751: obj =   9.769745170e+11 inf =   1.241e-01 (10042) 3
* 28974: obj =   9.769744027e+11 inf =   1.269e-01 (10048) 2
* 29178: obj =   9.769742998e+11 inf =   1.334e-01 (10029) 2
* 29399: obj =   9.769742823e+11 inf =   1.341e-01 (10017) 2
* 29625: obj =   9.769742817e+11 inf =   1.332e-01 (9995) 2
* 29858: obj =   9.769742596e+11 inf =   1.340e-01 (10011) 2
* 30064: obj =   9.769741969e+11 inf =   1.360e-01 (9987) 3
* 30271: obj =   9.769741515e+11 inf =   1.386e-01 (9991) 2
* 30558: obj =   9.769740886e+11 inf =   1.403e-01 (9980) 2
* 30771: obj =   9.769740786e+11 inf =   1.393e-01 (9963) 3
* 30978: obj =   9.769740182e+11 inf =   1.417e-01 (9956) 2
* 31181: obj =   9.769739091e+11 inf =   1.462e-01 (9953) 2
* 31402: obj =   9.769739018e+11 inf =   1.457e-01 (9951) 2
* 31603: obj =   9.769738812e+11 inf =   1.460e-01 (9942) 2
* 31800: obj =   9.769738150e+11 inf =   1.501e-01 (9929) 2
* 32008: obj =   9.769737584e+11 inf =   1.535e-01 (9933) 2
* 32208: obj =   9.769736864e+11 inf =   1.582e-01 (9911) 2
* 32414: obj =   9.769736312e+11 inf =   1.600e-01 (9911) 2
* 32600: obj =   9.769736195e+11 inf =   1.606e-01 (9914) 2
* 32805: obj =   9.769736188e+11 inf =   1.593e-01 (9888) 2
* 33043: obj =   9.769735425e+11 inf =   1.620e-01 (9891) 2
* 33297: obj =   9.769734974e+11 inf =   1.610e-01 (9889) 3
* 33532: obj =   9.769734718e+11 inf =   1.604e-01 (9862) 2
* 33736: obj =   9.769734692e+11 inf =   1.594e-01 (9864) 2
* 33938: obj =   9.769734287e+11 inf =   1.579e-01 (9888) 2
* 34130: obj =   9.769733906e+11 inf =   1.564e-01 (9876) 2
* 34310: obj =   9.769733172e+11 inf =   1.589e-01 (9887) 2
* 34510: obj =   9.769732540e+11 inf =   1.564e-01 (9859) 2
* 34712: obj =   9.769732233e+11 inf =   1.552e-01 (9844) 2
* 34914: obj =   9.769731893e+11 inf =   1.546e-01 (9839) 2
* 35116: obj =   9.769731590e+11 inf =   1.551e-01 (9836) 2
* 35318: obj =   9.769731373e+11 inf =   1.557e-01 (9836) 2
* 35539: obj =   9.769730818e+11 inf =   1.555e-01 (9849) 2
* 35802: obj =   9.752056412e+11 inf =   1.550e-01 (9838) 2
* 35990: obj =   9.752055829e+11 inf =   1.553e-01 (9838) 2
* 36178: obj =   9.752055569e+11 inf =   1.537e-01 (9839) 2
* 36365: obj =   9.752055253e+11 inf =   1.531e-01 (9848) 2
* 36552: obj =   9.752054838e+11 inf =   1.524e-01 (9837) 2
* 36745: obj =   9.752054576e+11 inf =   1.517e-01 (9816) 2
* 36940: obj =   9.752053899e+11 inf =   1.508e-01 (9795) 2
* 37138: obj =   9.714588976e+11 inf =   1.497e-01 (9774) 2
* 37341: obj =   9.712763726e+11 inf =   1.482e-01 (9790) 2
* 37629: obj =   8.656586460e+11 inf =   1.465e-01 (9753) 2
* 37831: obj =   8.656585979e+11 inf =   1.438e-01 (9732) 2
* 38034: obj =   8.656585583e+11 inf =   1.444e-01 (9725) 2
* 38282: obj =   8.656585193e+11 inf =   1.457e-01 (9700) 2
* 38506: obj =   8.655046770e+11 inf =   1.430e-01 (9665) 2
* 38700: obj =   8.445055631e+11 inf =   1.412e-01 (9686) 2
* 38905: obj =   8.055841817e+11 inf =   1.406e-01 (9672) 2
* 39090: obj =   8.055841082e+11 inf =   1.392e-01 (9664) 2
* 39292: obj =   8.035903233e+11 inf =   1.386e-01 (9652) 2
* 39494: obj =   8.035903180e+11 inf =   1.381e-01 (9615) 2
* 39696: obj =   8.035903079e+11 inf =   1.379e-01 (9618) 2
* 39898: obj =   8.035902347e+11 inf =   1.366e-01 (9628) 2
* 40100: obj =   8.035901621e+11 inf =   1.358e-01 (9646) 2
* 40302: obj =   8.035901145e+11 inf =   1.353e-01 (9624) 2
* 40504: obj =   8.035900921e+11 inf =   1.352e-01 (9602) 2
* 40733: obj =   8.035900600e+11 inf =   1.338e-01 (9592) 2
* 40944: obj =   8.035900081e+11 inf =   1.329e-01 (9589) 2
* 41111: obj =   8.035899650e+11 inf =   1.323e-01 (9589) 2
* 41313: obj =   8.035899425e+11 inf =   1.316e-01 (9580) 2
* 41515: obj =   8.016671850e+11 inf =   1.311e-01 (9544) 2
* 41749: obj =   7.577389841e+11 inf =   1.308e-01 (9503) 2
* 41985: obj =   7.159682968e+11 inf =   1.299e-01 (9498) 2
* 42187: obj =   7.159682764e+11 inf =   1.297e-01 (9479) 2
* 42389: obj =   7.159682295e+11 inf =   1.306e-01 (9484) 2
* 42591: obj =   7.157848290e+11 inf =   1.304e-01 (9463) 2
* 42793: obj =   7.157848017e+11 inf =   1.286e-01 (9457) 2
* 42996: obj =   7.157847829e+11 inf =   1.268e-01 (9437) 2
* 43198: obj =   7.157847384e+11 inf =   1.253e-01 (9433) 2
* 43455: obj =   7.157847194e+11 inf =   1.254e-01 (9431) 2
* 43636: obj =   6.928109323e+11 inf =   1.248e-01 (9426) 2
* 43831: obj =   6.851846327e+11 inf =   1.245e-01 (9441) 2
* 44033: obj =   6.851846113e+11 inf =   1.235e-01 (9416) 2
* 44235: obj =   6.851845763e+11 inf =   1.213e-01 (9432) 2
* 44438: obj =   6.851845312e+11 inf =   1.206e-01 (9416) 2
* 44641: obj =   6.816030369e+11 inf =   1.199e-01 (9378) 2
* 44843: obj =   6.816030272e+11 inf =   1.193e-01 (9342) 2
* 45071: obj =   6.546126511e+11 inf =   1.174e-01 (9320) 2
* 45273: obj =   6.525344797e+11 inf =   1.171e-01 (9322) 2
* 45475: obj =   6.525344604e+11 inf =   1.173e-01 (9318) 2
* 45677: obj =   6.525344552e+11 inf =   1.166e-01 (9301) 2
* 45879: obj =   6.525344223e+11 inf =   1.135e-01 (9267) 2
* 46098: obj =   6.339092902e+11 inf =   1.123e-01 (9277) 2
* 46300: obj =   6.339092672e+11 inf =   1.115e-01 (9240) 2
* 46542: obj =   6.017159177e+11 inf =   1.104e-01 (9201) 2
* 46745: obj =   6.017158991e+11 inf =   1.090e-01 (9216) 2
* 46956: obj =   5.903299048e+11 inf =   1.071e-01 (9180) 2
* 47158: obj =   5.903298743e+11 inf =   1.079e-01 (9193) 2
* 47360: obj =   5.903298556e+11 inf =   1.086e-01 (9200) 2
* 47562: obj =   5.903298369e+11 inf =   1.091e-01 (9188) 2
* 47776: obj =   5.767822820e+11 inf =   1.089e-01 (9162) 2
* 47979: obj =   5.767822399e+11 inf =   1.122e-01 (9144) 2
* 48190: obj =   5.767822134e+11 inf =   1.136e-01 (9132) 2
* 48389: obj =   5.767821846e+11 inf =   1.147e-01 (9114) 2
* 48585: obj =   5.767821522e+11 inf =   1.170e-01 (9115) 2
* 48787: obj =   5.767821039e+11 inf =   1.208e-01 (9118) 2
* 48991: obj =   5.718351439e+11 inf =   1.211e-01 (9104) 2
* 49193: obj =   5.718350870e+11 inf =   1.238e-01 (9104) 2
* 49395: obj =   5.718350724e+11 inf =   1.250e-01 (9107) 2
* 49597: obj =   5.718350382e+11 inf =   1.262e-01 (9101) 2
* 49880: obj =   4.365441148e+11 inf =   1.257e-01 (8938) 1
* 50028: obj =   4.365440905e+11 inf =   1.268e-01 (8947) 2
* 50216: obj =   4.365440877e+11 inf =   1.267e-01 (8954) 2
* 50418: obj =   4.365440548e+11 inf =   1.284e-01 (8947) 2
* 50647: obj =   4.365440262e+11 inf =   1.281e-01 (8951) 2
* 50822: obj =   4.365439745e+11 inf =   1.294e-01 (8941) 2
* 51024: obj =   4.365439067e+11 inf =   1.328e-01 (8949) 2
* 51226: obj =   4.365438866e+11 inf =   1.339e-01 (8963) 2
* 51428: obj =   4.365438352e+11 inf =   1.339e-01 (8946) 2
* 51645: obj =   4.210456988e+11 inf =   1.331e-01 (8919) 2
* 51861: obj =   3.992272661e+11 inf =   1.329e-01 (8882) 2
* 52064: obj =   3.992272113e+11 inf =   1.335e-01 (8876) 2
* 52267: obj =   3.992271555e+11 inf =   1.351e-01 (8866) 2
* 52470: obj =   3.992271368e+11 inf =   1.358e-01 (8854) 2
* 52672: obj =   3.992271288e+11 inf =   1.350e-01 (8864) 2
* 52874: obj =   3.979105073e+11 inf =   1.335e-01 (8839) 2
* 53100: obj =   3.713650169e+11 inf =   1.326e-01 (8806) 2
* 53303: obj =   3.713649914e+11 inf =   1.335e-01 (8815) 2
* 53505: obj =   3.713649507e+11 inf =   1.363e-01 (8827) 2
* 53707: obj =   3.713649429e+11 inf =   1.361e-01 (8797) 2
* 53909: obj =   3.713649377e+11 inf =   1.359e-01 (8784) 2
* 54111: obj =   3.713649057e+11 inf =   1.362e-01 (8783) 2
* 54313: obj =   3.713648985e+11 inf =   1.354e-01 (8774) 2
* 54515: obj =   3.713648730e+11 inf =   1.341e-01 (8767) 2
* 54717: obj =   3.713648302e+11 inf =   1.346e-01 (8767) 2
* 54961: obj =   3.032857378e+11 inf =   1.342e-01 (8661) 2
* 55164: obj =   3.032857000e+11 inf =   1.369e-01 (8699) 2
* 55392: obj =   3.032856988e+11 inf =   1.366e-01 (8673) 2
* 55568: obj =   3.032856775e+11 inf =   1.358e-01 (8668) 2
* 55770: obj =   3.032856580e+11 inf =   1.356e-01 (8669) 2
* 56012: obj =   2.033405473e+11 inf =   1.355e-01 (8515) 2
* 56214: obj =   2.033405080e+11 inf =   1.385e-01 (8532) 2
* 56416: obj =   2.033404617e+11 inf =   1.436e-01 (8521) 2
* 56618: obj =   2.033404356e+11 inf =   1.455e-01 (8519) 2
* 56820: obj =   2.033404147e+11 inf =   1.470e-01 (8515) 2
* 57022: obj =   2.033403921e+11 inf =   1.491e-01 (8515) 2
* 57224: obj =   2.033403273e+11 inf =   1.579e-01 (8517) 2
* 57426: obj =   2.033402853e+11 inf =   1.641e-01 (8523) 2
* 57628: obj =   2.033402683e+11 inf =   1.655e-01 (8502) 2
* 57830: obj =   2.033402486e+11 inf =   1.677e-01 (8501) 2
* 58032: obj =   2.033402190e+11 inf =   1.709e-01 (8507) 2
* 58235: obj =   2.033401952e+11 inf =   1.733e-01 (8519) 2
* 58437: obj =   2.033401648e+11 inf =   1.767e-01 (8515) 2
* 58670: obj =   1.229991453e+11 inf =   1.769e-01 (8416) 2
* 59044: obj =   5.065790814e+10 inf =   1.824e-01 (13659) 3
* 59468: obj =   5.059379968e+10 inf =   1.766e-01 (13593) 4
* 59877: obj =   5.056584385e+10 inf =   1.675e-01 (13545) 4
* 60287: obj =   5.054960533e+10 inf =   1.618e-01 (13500) 4
* 60687: obj =   5.053366878e+10 inf =   1.499e-01 (13450) 4
* 61082: obj =   5.051548323e+10 inf =   1.376e-01 (13421) 4
* 61492: obj =   5.049755813e+10 inf =   1.225e-01 (13311) 4
* 61887: obj =   5.047827026e+10 inf =   1.061e-01 (13245) 4
* 62277: obj =   5.046040559e+10 inf =   9.857e-02 (13207) 4
* 62560: obj =   5.045211961e+10 inf =   9.802e-02 (8595) 3
* 62751: obj =   5.045205714e+10 inf =   9.859e-02 (8587) 2
* 62939: obj =   5.045193281e+10 inf =   1.029e-01 (8556) 2
* 63142: obj =   5.045186928e+10 inf =   1.057e-01 (8528) 2
* 63345: obj =   5.045184780e+10 inf =   1.061e-01 (8502) 2
* 63547: obj =   5.045173877e+10 inf =   1.080e-01 (8505) 2
* 63749: obj =   5.045159219e+10 inf =   1.171e-01 (8505) 2
* 63951: obj =   5.045149228e+10 inf =   1.253e-01 (8503) 2
* 64154: obj =   5.045140826e+10 inf =   1.312e-01 (8495) 2
* 64356: obj =   5.045133206e+10 inf =   1.379e-01 (8483) 2
* 64596: obj =   5.045128224e+10 inf =   1.415e-01 (8475) 2
* 64803: obj =   5.045127246e+10 inf =   1.412e-01 (8442) 2
* 64979: obj =   5.045124493e+10 inf =   1.414e-01 (8439) 2
* 65164: obj =   5.045112891e+10 inf =   1.396e-01 (8442) 2
* 65366: obj =   5.045098396e+10 inf =   1.440e-01 (8441) 2
* 65569: obj =   5.045086753e+10 inf =   1.498e-01 (8437) 2
* 65771: obj =   5.045070250e+10 inf =   1.643e-01 (8424) 2
* 65973: obj =   5.045060476e+10 inf =   1.741e-01 (8422) 2
* 66175: obj =   5.045056044e+10 inf =   1.790e-01 (8434) 2
* 66377: obj =   5.045055683e+10 inf =   1.788e-01 (8435) 2
* 66579: obj =   5.045051069e+10 inf =   1.837e-01 (8404) 2
* 66781: obj =   5.045043762e+10 inf =   1.918e-01 (8400) 2
* 67002: obj =   5.045042527e+10 inf =   1.922e-01 (8382) 2
* 67200: obj =   5.045038186e+10 inf =   1.971e-01 (8387) 2
* 67388: obj =   5.045037596e+10 inf =   1.965e-01 (8383) 2
* 67590: obj =   5.045034565e+10 inf =   1.991e-01 (8380) 2
* 67793: obj =   5.045029757e+10 inf =   2.056e-01 (8375) 2
* 67995: obj =   5.045029196e+10 inf =   2.050e-01 (8357) 2
* 68197: obj =   5.045022665e+10 inf =   2.147e-01 (8362) 2
* 68399: obj =   5.045018651e+10 inf =   2.204e-01 (8354) 2
* 68602: obj =   5.045012915e+10 inf =   2.260e-01 (8366) 2
* 68804: obj =   5.045003462e+10 inf =   2.355e-01 (8365) 2
* 69006: obj =   5.044995659e+10 inf =   2.453e-01 (8374) 2
* 69208: obj =   5.044994223e+10 inf =   2.473e-01 (8354) 2
* 69410: obj =   5.044989792e+10 inf =   2.549e-01 (8349) 2
* 69612: obj =   5.044988760e+10 inf =   2.557e-01 (8339) 2
* 69814: obj =   5.044985075e+10 inf =   2.596e-01 (8329) 2
* 70016: obj =   5.044978411e+10 inf =   2.695e-01 (8357) 2
* 70218: obj =   5.044974439e+10 inf =   2.733e-01 (8342) 2
* 70420: obj =   5.044970604e+10 inf =   2.777e-01 (8358) 2
* 70622: obj =   5.044969368e+10 inf =   2.782e-01 (8358) 2
* 70824: obj =   5.044960110e+10 inf =   2.899e-01 (8351) 2
* 71027: obj =   5.044958540e+10 inf =   2.923e-01 (8341) 2
* 71229: obj =   5.044955580e+10 inf =   2.978e-01 (8337) 2
* 71431: obj =   5.044954437e+10 inf =   2.992e-01 (8320) 2
* 71633: obj =   5.044954089e+10 inf =   2.984e-01 (8307) 2
* 71851: obj =   5.044953406e+10 inf =   2.980e-01 (8307) 2
* 72263: obj =   4.267727913e+10 inf =   2.837e-01 (523) 3
* 72668: obj =   4.267718942e+10 inf =   2.749e-01 (476) 4
* 73101: obj =   4.267702725e+10 inf =   2.551e-01 (478) 4
* 73349: obj =   4.256786940e+10 inf =   2.076e-01 (8370) 2
* 73461: obj =   4.256786081e+10 inf =   2.073e-01 (8368) 2
* 73663: obj =   4.256784410e+10 inf =   2.067e-01 (8368) 2
* 73865: obj =   4.256779206e+10 inf =   2.077e-01 (8349) 2
* 74067: obj =   4.256774906e+10 inf =   2.095e-01 (8337) 2
* 74270: obj =   4.256773155e+10 inf =   2.099e-01 (8346) 2
* 74472: obj =   4.256771724e+10 inf =   2.103e-01 (8331) 2
* 74674: obj =   4.256771167e+10 inf =   2.102e-01 (8324) 2
* 74876: obj =   4.256769961e+10 inf =   2.092e-01 (8312) 2
* 75078: obj =   4.256766418e+10 inf =   2.100e-01 (8299) 2
* 75280: obj =   4.256763266e+10 inf =   2.112e-01 (8270) 2
* 75484: obj =   4.256761148e+10 inf =   2.124e-01 (8279) 2
* 75686: obj =   4.256758961e+10 inf =   2.139e-01 (8272) 2
* 75919: obj =   2.606793665e+10 inf =   2.142e-01 (14747) 2
* 76348: obj =   2.599677085e+10 inf =   2.054e-01 (14700) 4
* 76751: obj =   2.596170486e+10 inf =   1.902e-01 (14605) 4
* 77145: obj =   2.594044323e+10 inf =   1.775e-01 (14518) 4
* 77530: obj =   2.592514244e+10 inf =   1.663e-01 (14465) 4
* 77914: obj =   2.590844339e+10 inf =   1.532e-01 (14378) 3
* 78310: obj =   2.588999185e+10 inf =   1.387e-01 (14250) 4
* 78680: obj =   2.586849597e+10 inf =   1.422e-01 (14182) 4
* 79065: obj =   2.585495598e+10 inf =   1.499e-01 (14045) 4
* 79260: obj =   2.585162053e+10 inf =   1.525e-01 (8790) 2
* 79454: obj =   2.585148433e+10 inf =   1.519e-01 (8774) 2
* 79643: obj =   2.585140892e+10 inf =   1.536e-01 (8752) 2
* 79839: obj =   2.585137699e+10 inf =   1.551e-01 (8748) 2
* 80042: obj =   2.585129999e+10 inf =   1.566e-01 (8746) 2
* 80247: obj =   2.585118601e+10 inf =   1.589e-01 (8724) 2
* 80450: obj =   2.585104433e+10 inf =   1.633e-01 (8724) 2
* 80652: obj =   2.585087001e+10 inf =   1.688e-01 (8705) 2
* 80857: obj =   2.585073171e+10 inf =   1.738e-01 (8710) 2
* 81063: obj =   2.585056491e+10 inf =   1.802e-01 (8698) 2
* 81312: obj =   2.585036745e+10 inf =   1.883e-01 (8693) 2
* 81510: obj =   2.585027077e+10 inf =   1.916e-01 (8684) 2
* 81693: obj =   2.585012417e+10 inf =   1.946e-01 (8673) 2
* 81876: obj =   2.584994403e+10 inf =   2.003e-01 (8661) 2
* 82079: obj =   2.584983640e+10 inf =   2.041e-01 (8646) 2
* 82282: obj =   2.584981798e+10 inf =   2.049e-01 (8628) 2
* 82484: obj =   2.584973865e+10 inf =   2.091e-01 (8614) 2
* 82686: obj =   2.584964282e+10 inf =   2.141e-01 (8632) 2
* 82894: obj =   2.584957288e+10 inf =   2.177e-01 (8604) 2
* 83100: obj =   2.584954048e+10 inf =   2.179e-01 (8602) 2
* 83303: obj =   2.584946431e+10 inf =   2.222e-01 (8590) 2
* 83506: obj =   2.584939215e+10 inf =   2.268e-01 (8572) 2
* 83726: obj =   2.584929774e+10 inf =   2.324e-01 (8582) 2
* 83923: obj =   2.584923650e+10 inf =   2.363e-01 (8571) 2
* 84116: obj =   2.584917394e+10 inf =   2.394e-01 (8535) 2
* 84324: obj =   2.584913294e+10 inf =   2.412e-01 (8543) 2
* 84528: obj =   2.584904546e+10 inf =   2.471e-01 (8527) 2
* 84739: obj =   2.584904160e+10 inf =   2.458e-01 (8510) 2
* 84944: obj =   2.584902917e+10 inf =   2.454e-01 (8498) 2
* 85148: obj =   2.584897107e+10 inf =   2.473e-01 (8497) 2
* 85352: obj =   2.584893247e+10 inf =   2.486e-01 (8453) 2
* 85554: obj =   2.584884271e+10 inf =   2.520e-01 (8454) 2
* 85756: obj =   2.584879746e+10 inf =   2.550e-01 (8428) 2
* 85962: obj =   2.584878657e+10 inf =   2.551e-01 (8425) 2
* 86167: obj =   2.584873702e+10 inf =   2.576e-01 (8428) 2
* 86370: obj =   2.584864271e+10 inf =   2.610e-01 (8437) 2
* 86577: obj =   2.584863379e+10 inf =   2.614e-01 (8416) 2
* 86780: obj =   2.584861719e+10 inf =   2.622e-01 (8407) 2
* 86982: obj =   2.584855914e+10 inf =   2.651e-01 (8417) 2
* 87185: obj =   2.584848005e+10 inf =   2.704e-01 (8411) 2
* 87387: obj =   2.584842185e+10 inf =   2.751e-01 (8410) 2
* 87589: obj =   2.584837317e+10 inf =   2.808e-01 (8397) 2
* 87796: obj =   2.584833983e+10 inf =   2.842e-01 (8358) 2
* 87998: obj =   2.584833550e+10 inf =   2.839e-01 (8362) 2
* 88201: obj =   2.584829189e+10 inf =   2.857e-01 (8366) 2
* 88404: obj =   2.584825666e+10 inf =   2.857e-01 (8360) 2
* 88619: obj =   2.584816942e+10 inf =   2.905e-01 (8364) 2
* 88811: obj =   2.584814001e+10 inf =   2.920e-01 (8363) 2
* 88990: obj =   2.584805735e+10 inf =   2.978e-01 (8357) 1
* 89120: obj =   2.584803190e+10 inf =   3.003e-01 (8363) 2
* 89325: obj =   2.584799759e+10 inf =   3.037e-01 (8333) 2
* 89531: obj =   2.584798953e+10 inf =   3.039e-01 (8343) 2
* 89734: obj =   2.584798909e+10 inf =   3.028e-01 (8331) 2
* 89938: obj =   2.584798853e+10 inf =   3.015e-01 (8330) 2
* 90140: obj =   2.584794089e+10 inf =   3.052e-01 (8331) 2
* 90342: obj =   2.584791774e+10 inf =   3.066e-01 (8329) 2
* 90545: obj =   2.584784403e+10 inf =   3.130e-01 (8339) 2
* 90749: obj =   2.584781016e+10 inf =   3.185e-01 (8327) 2
* 91072: obj =   2.584759487e+10 inf =   3.190e-01 (14505) 3
* 91466: obj =   2.583765759e+10 inf =   3.156e-01 (14407) 4
* 91858: obj =   2.581734691e+10 inf =   3.155e-01 (14285) 3
* 92241: obj =   2.580071254e+10 inf =   3.297e-01 (14187) 4
* 92675: obj =   2.579303247e+10 inf =   3.361e-01 (14046) 5
* 93084: obj =   2.578730315e+10 inf =   3.461e-01 (13935) 4
* 93523: obj =   2.578073675e+10 inf =   3.558e-01 (13766) 4
* 93976: obj =   2.577858417e+10 inf =   3.596e-01 (13624) 4
* 94424: obj =   2.577670071e+10 inf =   3.631e-01 (13511) 5
* 94834: obj =   2.577311022e+10 inf =   3.729e-01 (13411) 4
* 95265: obj =   2.576923211e+10 inf =   3.842e-01 (13247) 4
* 95711: obj =   2.576592542e+10 inf =   3.987e-01 (13144) 5
* 96149: obj =   2.576473794e+10 inf =   4.061e-01 (13031) 4
* 96646: obj =   2.576411676e+10 inf =   4.095e-01 (12933) 5
* 97196: obj =   2.576400404e+10 inf =   4.074e-01 (12879) 5
* 97744: obj =   2.576322714e+10 inf =   4.055e-01 (12781) 5
* 98277: obj =   2.455941066e+10 inf =   4.023e-01 (2366) 5
* 98685: obj =   2.455822783e+10 inf =   3.992e-01 (2265) 4
* 99081: obj =   2.455720010e+10 inf =   3.962e-01 (2151) 4
* 99487: obj =   2.455577971e+10 inf =   3.933e-01 (2075) 4
* 99879: obj =   2.455421936e+10 inf =   3.892e-01 (1993) 4
*100271: obj =   2.455336401e+10 inf =   3.892e-01 (1926) 3
*100669: obj =   2.455228859e+10 inf =   3.907e-01 (1842) 4
*101065: obj =   2.455145479e+10 inf =   3.914e-01 (1711) 4
*101461: obj =   2.455076449e+10 inf =   3.928e-01 (1642) 4
*101867: obj =   2.455020285e+10 inf =   3.942e-01 (1549) 4
*102293: obj =   2.454980954e+10 inf =   3.945e-01 (1485) 4
*102704: obj =   2.454931574e+10 inf =   3.946e-01 (1417) 3
*103084: obj =   2.454884849e+10 inf =   3.946e-01 (1337) 4
*103477: obj =   2.454838397e+10 inf =   3.960e-01 (1305) 4
*103867: obj =   2.454817532e+10 inf =   3.937e-01 (1231) 3
*104252: obj =   2.454771105e+10 inf =   3.952e-01 (1176) 4
*104652: obj =   2.454734939e+10 inf =   3.959e-01 (1144) 3
*105029: obj =   2.454690899e+10 inf =   3.988e-01 (1084) 4
*105433: obj =   2.454670066e+10 inf =   3.996e-01 (1015) 4
*105844: obj =   2.454635976e+10 inf =   3.999e-01 (960) 4
*106259: obj =   2.454603444e+10 inf =   4.021e-01 (906) 3
*106660: obj =   2.454585965e+10 inf =   4.003e-01 (868) 4
*107044: obj =   2.454569175e+10 inf =   3.940e-01 (820) 4
*107471: obj =   2.454550082e+10 inf =   3.869e-01 (806) 4
*107874: obj =   2.454544587e+10 inf =   3.822e-01 (782) 3
*108279: obj =   2.454524837e+10 inf =   3.778e-01 (778) 4
*108678: obj =   2.454508673e+10 inf =   3.726e-01 (708) 4
*109056: obj =   2.454477157e+10 inf =   3.700e-01 (703) 3
*109449: obj =   2.454463045e+10 inf =   3.686e-01 (684) 4
*109855: obj =   2.454436883e+10 inf =   3.693e-01 (645) 4
*110256: obj =   2.454423108e+10 inf =   3.674e-01 (687) 3
*110668: obj =   2.454333187e+10 inf =   3.335e-01 (685) 4
*110810: obj =   2.449100911e+10 inf =   3.354e-01 (8544) 2
*110996: obj =   2.449091140e+10 inf =   3.400e-01 (8531) 1
*111113: obj =   2.449086232e+10 inf =   3.423e-01 (8527) 2
*111312: obj =   2.449083899e+10 inf =   3.430e-01 (8514) 1
*111434: obj =   2.449080416e+10 inf =   3.439e-01 (8517) 2
*111618: obj =   2.449071317e+10 inf =   3.492e-01 (8504) 2
*111816: obj =   2.449064542e+10 inf =   3.531e-01 (8489) 1
*111921: obj =   2.449063903e+10 inf =   3.530e-01 (8480) 2
*112123: obj =   2.449061471e+10 inf =   3.533e-01 (8474) 1
*112226: obj =   2.449061457e+10 inf =   3.519e-01 (8459) 2
*112418: obj =   2.449061253e+10 inf =   3.500e-01 (8461) 1
*112529: obj =   2.449056511e+10 inf =   3.525e-01 (8453) 2
*112728: obj =   2.449050142e+10 inf =   3.559e-01 (8451) 1
*112832: obj =   2.449049557e+10 inf =   3.550e-01 (8457) 2
*113032: obj =   2.449045588e+10 inf =   3.571e-01 (8439) 1
*113136: obj =   2.449042102e+10 inf =   3.591e-01 (8442) 2
*113338: obj =   2.449033949e+10 inf =   3.645e-01 (8417) 2
*113534: obj =   2.449026771e+10 inf =   3.692e-01 (8412) 1
*113641: obj =   2.449026339e+10 inf =   3.694e-01 (8399) 2
*113831: obj =   2.449020966e+10 inf =   3.737e-01 (8394) 1
*113945: obj =   2.449019935e+10 inf =   3.744e-01 (8367) 2
*114141: obj =   2.449015750e+10 inf =   3.784e-01 (8400) 1
*114249: obj =   2.449014070e+10 inf =   3.801e-01 (8365) 2
*114443: obj =   2.449010294e+10 inf =   3.836e-01 (8367) 1
*114552: obj =   2.449008205e+10 inf =   3.838e-01 (8362) 2
*114741: obj =   2.449006025e+10 inf =   3.857e-01 (8356) 1
*114855: obj =   2.449003379e+10 inf =   3.878e-01 (8353) 2
*115057: obj =   2.449000158e+10 inf =   3.893e-01 (8365) 2
*115247: obj =   2.448997376e+10 inf =   3.906e-01 (8360) 1
*115360: obj =   2.448994073e+10 inf =   3.938e-01 (8352) 2
*115552: obj =   2.448991519e+10 inf =   3.961e-01 (8373) 1
*115663: obj =   2.448991513e+10 inf =   3.942e-01 (8369) 2
*115852: obj =   2.448989984e+10 inf =   3.928e-01 (8329) 1
*115966: obj =   2.448985270e+10 inf =   3.982e-01 (8321) 2
*116158: obj =   2.448982847e+10 inf =   4.004e-01 (8348) 1
*116269: obj =   2.448982176e+10 inf =   4.003e-01 (8361) 2
*116453: obj =   2.448977014e+10 inf =   4.029e-01 (8336) 1
*116572: obj =   2.448973882e+10 inf =   4.049e-01 (8332) 2
*116768: obj =   2.448970650e+10 inf =   4.073e-01 (8332) 1
*116875: obj =   2.448967727e+10 inf =   4.092e-01 (8328) 2
*117064: obj =   2.448967584e+10 inf =   4.063e-01 (8330) 1
*117180: obj =   2.448966865e+10 inf =   4.057e-01 (8312) 2
*117371: obj =   2.448964550e+10 inf =   4.052e-01 (8303) 1
*117483: obj =   2.448964505e+10 inf =   4.045e-01 (8298) 2
*117672: obj =   2.448959938e+10 inf =   4.053e-01 (8281) 1
*117786: obj =   2.448956691e+10 inf =   4.062e-01 (8289) 2
*117978: obj =   2.448955743e+10 inf =   4.038e-01 (8284) 1
*118089: obj =   2.448954838e+10 inf =   4.022e-01 (8264) 2
*118246: obj =   2.448951742e+10 inf =   4.018e-01 (8261) 1
*118376: obj =   2.448951175e+10 inf =   4.014e-01 (8252) 1
*118493: obj =   2.448948153e+10 inf =   4.022e-01 (8247) 2
*118695: obj =   2.448943845e+10 inf =   4.037e-01 (8266) 2
*118882: obj =   2.448937984e+10 inf =   4.074e-01 (8256) 1
*118998: obj =   2.448937785e+10 inf =   4.060e-01 (8254) 2
*119186: obj =   2.448934309e+10 inf =   4.071e-01 (8263) 1
*119301: obj =   2.448934069e+10 inf =   4.056e-01 (8241) 2
*119489: obj =   2.448930552e+10 inf =   4.046e-01 (8238) 1
*119604: obj =   2.448928745e+10 inf =   4.053e-01 (8260) 2
*119806: obj =   2.448926478e+10 inf =   4.034e-01 (8248) 2
*119991: obj =   2.448922350e+10 inf =   4.052e-01 (8258) 1
*120109: obj =   2.448920797e+10 inf =   4.054e-01 (8264) 2
*120311: obj =   2.448918900e+10 inf =   4.053e-01 (8231) 2
*120513: obj =   2.448916524e+10 inf =   4.043e-01 (8222) 2
*120706: obj =   2.448916515e+10 inf =   4.005e-01 (8209) 1
*120816: obj =   2.448915346e+10 inf =   3.987e-01 (8201) 2
*121013: obj =   1.123737996e+10 inf =   3.949e-01 (15929) 1
*121405: obj =   1.084288101e+10 inf =   3.818e-01 (15848) 4
*121787: obj =   1.079535076e+10 inf =   3.702e-01 (15789) 4
*122178: obj =   1.076411572e+10 inf =   3.616e-01 (15728) 4
*122568: obj =   1.073035872e+10 inf =   3.525e-01 (15661) 4
*122947: obj =   1.071961562e+10 inf =   3.509e-01 (15619) 4
*123335: obj =   1.069288728e+10 inf =   3.396e-01 (15551) 3
*123735: obj =   1.067358249e+10 inf =   3.348e-01 (15491) 4
*124116: obj =   1.065110790e+10 inf =   3.243e-01 (15427) 4
*124528: obj =   1.063532068e+10 inf =   3.185e-01 (15338) 4
*124903: obj =   1.060850889e+10 inf =   3.030e-01 (15252) 4
*125292: obj =   1.058558798e+10 inf =   2.919e-01 (15142) 4
*125678: obj =   1.056636761e+10 inf =   2.835e-01 (15048) 4
*126050: obj =   1.054915137e+10 inf =   2.739e-01 (14970) 3
*126435: obj =   1.052595417e+10 inf =   2.614e-01 (14867) 4
*126814: obj =   1.050947271e+10 inf =   2.536e-01 (14803) 4
*127191: obj =   1.049174564e+10 inf =   2.444e-01 (14711) 4
*127582: obj =   1.047374730e+10 inf =   2.362e-01 (14608) 3
*127945: obj =   1.045964041e+10 inf =   2.289e-01 (14562) 4
*128321: obj =   1.043851264e+10 inf =   2.181e-01 (14509) 4
*128703: obj =   1.042510891e+10 inf =   2.125e-01 (14426) 3
*129090: obj =   1.040358610e+10 inf =   2.034e-01 (14316) 4
*129494: obj =   1.038268669e+10 inf =   1.975e-01 (14236) 4
*129878: obj =   1.036538669e+10 inf =   1.936e-01 (14141) 4
*130260: obj =   1.034775837e+10 inf =   1.925e-01 (14031) 4
*130637: obj =   1.033249439e+10 inf =   1.933e-01 (13942) 4
*130945: obj =   1.032817791e+10 inf =   1.924e-01 (9548) 3
*131218: obj =   1.032802813e+10 inf =   1.912e-01 (9506) 2
*131443: obj =   1.032795185e+10 inf =   1.908e-01 (9499) 3
*131691: obj =   1.032765452e+10 inf =   1.880e-01 (9468) 2
*131924: obj =   1.032751865e+10 inf =   1.870e-01 (9447) 2
*132151: obj =   1.032707710e+10 inf =   1.843e-01 (9435) 3
*132392: obj =   1.032675010e+10 inf =   1.829e-01 (9425) 2
*132629: obj =   1.032642866e+10 inf =   1.821e-01 (9412) 2
*132861: obj =   1.032623410e+10 inf =   1.812e-01 (9419) 3
*133115: obj =   1.032613236e+10 inf =   1.809e-01 (9376) 2
*133295: obj =   1.032595891e+10 inf =   1.799e-01 (9376) 2
*133481: obj =   1.032571725e+10 inf =   1.794e-01 (9347) 2
*133671: obj =   1.032566493e+10 inf =   1.794e-01 (9329) 2
*133873: obj =   1.032545173e+10 inf =   1.802e-01 (9325) 2
*134078: obj =   1.032517093e+10 inf =   1.815e-01 (9300) 2
*134280: obj =   1.032492494e+10 inf =   1.826e-01 (9288) 2
*134482: obj =   1.032469596e+10 inf =   1.843e-01 (9282) 2
*134684: obj =   1.032440975e+10 inf =   1.880e-01 (9253) 2
*134886: obj =   1.032440823e+10 inf =   1.872e-01 (9230) 2
*135088: obj =   1.032424467e+10 inf =   1.893e-01 (9222) 2
*135290: obj =   1.032398120e+10 inf =   1.939e-01 (9213) 2
*135496: obj =   1.032383203e+10 inf =   1.969e-01 (9183) 2
*135696: obj =   1.032381849e+10 inf =   1.967e-01 (9168) 2
*135898: obj =   1.032359700e+10 inf =   2.000e-01 (9162) 2
*136100: obj =   1.032349099e+10 inf =   2.009e-01 (9139) 2
*136303: obj =   1.032324008e+10 inf =   2.058e-01 (9112) 2
*136506: obj =   1.032312401e+10 inf =   2.079e-01 (9112) 2
*136708: obj =   1.032290037e+10 inf =   2.135e-01 (9102) 2
*136911: obj =   1.032273276e+10 inf =   2.174e-01 (9094) 2
*137117: obj =   1.032253278e+10 inf =   2.232e-01 (9075) 2
*137321: obj =   1.032239721e+10 inf =   2.280e-01 (9060) 2
*137525: obj =   1.032221340e+10 inf =   2.349e-01 (9045) 2
*137733: obj =   1.032215896e+10 inf =   2.358e-01 (9037) 2
*137936: obj =   1.032199955e+10 inf =   2.408e-01 (9021) 2
*138144: obj =   1.032185338e+10 inf =   2.467e-01 (8994) 2
*138347: obj =   1.032170869e+10 inf =   2.536e-01 (8976) 2
*138551: obj =   1.032168312e+10 inf =   2.540e-01 (8978) 2
*138755: obj =   1.032158522e+10 inf =   2.557e-01 (8942) 2
*138965: obj =   1.032147694e+10 inf =   2.591e-01 (8933) 2
*139169: obj =   1.032138058e+10 inf =   2.636e-01 (8892) 2
*139375: obj =   1.032129567e+10 inf =   2.675e-01 (8881) 2
*139592: obj =   1.032122460e+10 inf =   2.702e-01 (8842) 2
*139791: obj =   1.032119412e+10 inf =   2.704e-01 (8824) 2
*139999: obj =   1.032111495e+10 inf =   2.722e-01 (8798) 2
*140212: obj =   1.032099684e+10 inf =   2.709e-01 (8792) 2
*140404: obj =   1.032095142e+10 inf =   2.705e-01 (8785) 2
*140607: obj =   1.032088510e+10 inf =   2.697e-01 (8764) 2
*140810: obj =   1.032080183e+10 inf =   2.700e-01 (8763) 2
*141012: obj =   1.032060289e+10 inf =   2.682e-01 (8750) 2
*141215: obj =   1.032044619e+10 inf =   2.707e-01 (8773) 2
*141420: obj =   1.032034242e+10 inf =   2.743e-01 (8757) 2
*141627: obj =   1.032019421e+10 inf =   2.806e-01 (8752) 2
*141835: obj =   1.032010466e+10 inf =   2.822e-01 (8731) 2
*142037: obj =   1.031999634e+10 inf =   2.861e-01 (8733) 2
*142240: obj =   1.031985775e+10 inf =   2.931e-01 (8717) 2
*142443: obj =   1.031977939e+10 inf =   2.952e-01 (8732) 2
*142646: obj =   1.031970310e+10 inf =   2.986e-01 (8718) 2
*142848: obj =   1.031959441e+10 inf =   3.029e-01 (8694) 2
*143052: obj =   1.031946968e+10 inf =   3.122e-01 (8682) 2
*143254: obj =   1.031941790e+10 inf =   3.161e-01 (8693) 2
*143456: obj =   1.031932478e+10 inf =   3.209e-01 (8687) 2
*143660: obj =   1.031924007e+10 inf =   3.286e-01 (8693) 2
*143865: obj =   1.031923443e+10 inf =   3.283e-01 (8663) 2
*144067: obj =   1.031922935e+10 inf =   3.273e-01 (8642) 2
*144269: obj =   1.031919155e+10 inf =   3.236e-01 (8632) 2
*144471: obj =   1.031915413e+10 inf =   3.210e-01 (8632) 2
*144677: obj =   1.031911264e+10 inf =   3.166e-01 (8599) 2
*144879: obj =   1.031906341e+10 inf =   3.122e-01 (8585) 2
*145087: obj =   1.031901501e+10 inf =   3.073e-01 (8605) 2
*145290: obj =   1.031899258e+10 inf =   3.057e-01 (8590) 2
*145492: obj =   1.031895611e+10 inf =   3.026e-01 (8583) 2
*145695: obj =   1.031892210e+10 inf =   2.997e-01 (8576) 2
*145900: obj =   1.031888710e+10 inf =   2.952e-01 (8550) 2
*146103: obj =   1.031888281e+10 inf =   2.949e-01 (8557) 2
*146306: obj =   1.031887045e+10 inf =   2.933e-01 (8557) 2
*146510: obj =   1.031880738e+10 inf =   2.864e-01 (8559) 2
*146713: obj =   1.031875130e+10 inf =   2.843e-01 (8552) 2
*146915: obj =   1.031866302e+10 inf =   2.825e-01 (8542) 2
*147117: obj =   1.031860732e+10 inf =   2.815e-01 (8524) 2
*147319: obj =   1.031856248e+10 inf =   2.786e-01 (8515) 2
*147521: obj =   1.031851463e+10 inf =   2.753e-01 (8491) 2
*147723: obj =   1.031850437e+10 inf =   2.744e-01 (8513) 2
*147925: obj =   1.031849184e+10 inf =   2.739e-01 (8519) 2
*148127: obj =   1.031841888e+10 inf =   2.696e-01 (8490) 2
*148330: obj =   1.031833435e+10 inf =   2.661e-01 (8492) 2
*148532: obj =   1.031827739e+10 inf =   2.654e-01 (8493) 2
*148734: obj =   1.031827369e+10 inf =   2.651e-01 (8463) 2
*148936: obj =   1.031826783e+10 inf =   2.645e-01 (8452) 2
*149140: obj =   1.031822272e+10 inf =   2.602e-01 (8445) 2
*149342: obj =   1.031820730e+10 inf =   2.597e-01 (8447) 2
*149544: obj =   1.031817138e+10 inf =   2.554e-01 (8455) 2
*149749: obj =   1.031812926e+10 inf =   2.513e-01 (8460) 2
*149951: obj =   1.031808229e+10 inf =   2.500e-01 (8435) 2
*150155: obj =   1.031806521e+10 inf =   2.493e-01 (8437) 2
*150357: obj =   1.031802002e+10 inf =   2.462e-01 (8455) 2
*150559: obj =   1.031798328e+10 inf =   2.443e-01 (8418) 2
*150761: obj =   1.031797393e+10 inf =   2.439e-01 (8408) 2
*151027: obj =   1.276687960e+09 inf =   2.428e-01 (1388) 2
*151393: obj =  -1.456210258e+07 inf =   2.387e-01 (1284) 3
*151761: obj =  -1.500859364e+07 inf =   2.346e-01 (1262) 4
*152122: obj =  -1.548174250e+07 inf =   2.319e-01 (1218) 3
*152482: obj =  -1.572687218e+07 inf =   2.293e-01 (1153) 3
*152832: obj =  -1.599138563e+07 inf =   2.277e-01 (1124) 4
*153189: obj =  -1.657071687e+07 inf =   2.278e-01 (1085) 3
*153548: obj =  -1.690082056e+07 inf =   2.287e-01 (1049) 3
*153904: obj =  -1.710902343e+07 inf =   2.291e-01 (1011) 4
*154267: obj =  -1.729377194e+07 inf =   2.293e-01 (1014) 3
*154633: obj =  -1.755944014e+07 inf =   2.311e-01 (976) 3
*154993: obj =  -1.776975532e+07 inf =   2.330e-01 (977) 4
*155359: obj =  -1.800263317e+07 inf =   2.350e-01 (934) 3
*155728: obj =  -1.838877859e+07 inf =   2.411e-01 (937) 4
*156090: obj =  -1.873578867e+07 inf =   2.475e-01 (928) 3
*156481: obj =  -1.887545365e+07 inf =   2.495e-01 (878) 3
*156849: obj =  -1.902316029e+07 inf =   2.516e-01 (859) 4
*157218: obj =  -1.939111494e+07 inf =   2.605e-01 (802) 3
*157587: obj =  -1.958234303e+07 inf =   2.650e-01 (798) 4
*157956: obj =  -1.971526592e+07 inf =   2.685e-01 (767) 3
*158328: obj =  -1.988087625e+07 inf =   2.730e-01 (739) 3
*158696: obj =  -1.996701108e+07 inf =   2.740e-01 (750) 4
*159062: obj =  -2.011738667e+07 inf =   2.780e-01 (720) 3
*159438: obj =  -2.013957220e+07 inf =   2.767e-01 (722) 3
*159808: obj =  -2.026001428e+07 inf =   2.790e-01 (664) 4
*160185: obj =  -2.038265015e+07 inf =   2.830e-01 (629) 3
*160564: obj =  -2.051891145e+07 inf =   2.876e-01 (652) 4
*160929: obj =  -2.053065913e+07 inf =   2.839e-01 (644) 3
*161302: obj =  -2.065017628e+07 inf =   2.863e-01 (613) 4
*161691: obj =  -2.070585376e+07 inf =   2.854e-01 (579) 3
*162050: obj =  -2.080043476e+07 inf =   2.864e-01 (543) 4
*162426: obj =  -2.095458927e+07 inf =   2.928e-01 (534) 3
*162800: obj =  -2.106433023e+07 inf =   2.949e-01 (511) 4
*163176: obj =  -2.125548349e+07 inf =   3.038e-01 (509) 3
*163553: obj =  -2.136191636e+07 inf =   3.089e-01 (518) 4
*163926: obj =  -2.143147002e+07 inf =   3.105e-01 (496) 3
*164310: obj =  -2.154128627e+07 inf =   3.159e-01 (469) 4
*164692: obj =  -2.160618581e+07 inf =   3.186e-01 (471) 3
*165056: obj =  -2.166527474e+07 inf =   3.190e-01 (412) 4
*165426: obj =  -2.176498984e+07 inf =   3.254e-01 (473) 3
*165793: obj =  -2.181220244e+07 inf =   3.262e-01 (441) 3
*166161: obj =  -2.187632857e+07 inf =   3.256e-01 (391) 4
*166560: obj =  -2.195578094e+07 inf =   3.293e-01 (391) 3
*166996: obj =  -2.201819290e+07 inf =   3.298e-01 (402) 5
*167412: obj =  -2.205429223e+07 inf =   3.288e-01 (374) 3
*167852: obj =  -2.210964888e+07 inf =   3.261e-01 (400) 4
*168245: obj =  -2.218998578e+07 inf =   3.259e-01 (417) 4
Removing LP perturbation [168623]...
*168623: obj =   0.000000000e+00 inf =   0.000e+00 (0) 4
OPTIMAL LP SOLUTION FOUND
Integer optimization begins...
Long-step dual simplex will be used
+168623: mip =     not found yet >=              -inf        (1; 0)
Solution found by heuristic: 0
+168623: mip =   0.000000000e+00 >=     tree is empty   0.0% (0; 1)
INTEGER OPTIMAL SOLUTION FOUND
Time used:   3457.1 secs
Memory used: 208.5 Mb (218601947 bytes)
Writing MIP solution to 'input/sx-mathoverflow.html/sx-mathoverflow-c2a.txt.gz.540.lp.sol'...
Objective:  obj = 0 (MINimum)
