GLPSOL--GLPK LP/MIP Solver 5.0
Parameter(s) specified in the command line:
 --lp input/p2p-Gnutella06.html/p2p-Gnutella06.txt.gz.42.lp.reach_chain_detours.lp
 -o input/p2p-Gnutella06.html/p2p-Gnutella06.txt.gz.42.lp.reach_chain_detours.lp.sol
Reading problem data from 'input/p2p-Gnutella06.html/p2p-Gnutella06.txt.gz.42.lp.reach_chain_detours.lp'...
13499 rows, 30130 columns, 67482 non-zeros
30130 integer variables, all of which are binary
43634 lines were read
GLPK Integer Optimizer 5.0
13499 rows, 30130 columns, 67482 non-zeros
30130 integer variables, all of which are binary
Preprocessing...
13495 rows, 30126 columns, 67352 non-zeros
30126 integer variables, all of which are binary
Scaling...
 A: min|aij| =  1.000e+00  max|aij| =  1.000e+00  ratio =  1.000e+00
Problem data seem to be well scaled
Constructing initial basis...
Size of triangular part is 13495
Solving LP relaxation...
GLPK Simplex Optimizer 5.0
13495 rows, 30126 columns, 67352 non-zeros
      0: obj =   0.000000000e+00 inf =   6.300e+01 (63)
     63: obj =   3.176271100e+01 inf =   0.000e+00 (0)
Perturbing LP to avoid stalling [304]...
*  4101: obj =   1.004519800e+01 inf =   0.000e+00 (743) 32
Removing LP perturbation [6455]...
*  6455: obj =   3.322033000e+00 inf =   0.000e+00 (0) 23
OPTIMAL LP SOLUTION FOUND
Integer optimization begins...
Long-step dual simplex will be used
+  6455: mip =     not found yet >=              -inf        (1; 0)
+  6455: >>>>>   3.322033000e+00 >=   3.322033000e+00   0.0% (1; 0)
+  6455: mip =   3.322033000e+00 >=     tree is empty   0.0% (0; 1)
INTEGER OPTIMAL SOLUTION FOUND
Time used:   8.0 secs
Memory used: 36.0 Mb (37731536 bytes)
Writing MIP solution to 'input/p2p-Gnutella06.html/p2p-Gnutella06.txt.gz.42.lp.reach_chain_detours.lp.sol'...
Objective:  obj = 3.322033 (MINimum)
