Version 1.2 launched as -e 0.1 12 input/gemsec-Facebook.html/athletes_edges.csv.gz 240


Execution time and memory used at after reading from file: 3.010000e+00 seconds, 18841600 bytes of memory usage, 18436 kB of memory peak and 00:03 elapsed time
Statistics on the network after reading from file
	Number of nodes: 13868
	Number of allocated nodes: 14336
	Number of edges: 86812
	Maximum in degree: 250 (node 11976)
	Maximum out degree: 247 (node 5328)

Execution time and memory used at after adding costs: 3.020000e+00 seconds, 18841600 bytes of memory usage, 18436 kB of memory peak and 00:03 elapsed time
Statistics on the network after adding costs
	Number of nodes: 13868
	Number of allocated nodes: 14336
	Number of edges: 86812
	Maximum in degree: 250 (node 11976)
	Maximum out degree: 247 (node 5328)

Execution time and memory used at before starting main computation: 3.020000e+00 seconds, 18976768 bytes of memory usage, 19048 kB of memory peak and 00:03 elapsed time
Statistics on the network before starting main computation
	Number of nodes: 13868
	Number of allocated nodes: 14336
	Number of edges: 86812
	Maximum in degree: 250 (node 11976)
	Maximum out degree: 247 (node 5328)
	source 214 (node 5328) with out degree 247
	target 301 (node 11976) with in degree 250

Execution time and memory used at after iteration 1 (MF = 25.098592): 1.742000e+01 seconds, 96845824 bytes of memory usage, 114752 kB of memory peak and 00:18 elapsed time
Statistics on the network after iteration 1 (MF = 25.098592)
	Number of nodes: 13868
	Number of allocated nodes: 14336
	Number of edges: 86812
	Maximum in degree: 250 (node 11976)
	Maximum out degree: 247 (node 5328)
	source 214 (node 5328) with out degree 247
	target 301 (node 11976) with in degree 250
GMF with memory efficient alternating algo is 0.000000

Execution time and memory used at after executing the alternating algorithm: 1.765000e+01 seconds, 93937664 bytes of memory usage, 114752 kB of memory peak and 00:18 elapsed time
Statistics on the network after executing the alternating algorithm
	Number of nodes: 13868
	Number of allocated nodes: 14336
	Number of edges: 86812
	Maximum in degree: 250 (node 11976)
	Maximum out degree: 247 (node 5328)
	source 214 (node 5328) with out degree 247
	target 301 (node 11976) with in degree 250
