GLPSOL--GLPK LP/MIP Solver 5.0
Parameter(s) specified in the command line:
 --lp input/Oregon-1.html/oregon1_010526.txt.gz.76.lp.reach_chain_detours.lp
 -o input/Oregon-1.html/oregon1_010526.txt.gz.76.lp.reach_chain_detours.lp.sol
Reading problem data from 'input/Oregon-1.html/oregon1_010526.txt.gz.76.lp.reach_chain_detours.lp'...
1622 rows, 3542 columns, 8097 non-zeros
3542 integer variables, all of which are binary
5169 lines were read
GLPK Integer Optimizer 5.0
1622 rows, 3542 columns, 8097 non-zeros
3542 integer variables, all of which are binary
Preprocessing...
1 hidden packing inequaliti(es) were detected
1620 rows, 3540 columns, 7810 non-zeros
3540 integer variables, all of which are binary
Scaling...
 A: min|aij| =  1.000e+00  max|aij| =  1.000e+00  ratio =  1.000e+00
Problem data seem to be well scaled
Constructing initial basis...
Size of triangular part is 1620
Solving LP relaxation...
GLPK Simplex Optimizer 5.0
1620 rows, 3540 columns, 7810 non-zeros
      0: obj =   0.000000000e+00 inf =   1.620e+02 (162)
    162: obj =   3.836753500e+01 inf =   0.000e+00 (0)
Perturbing LP to avoid stalling [367]...
Removing LP perturbation [1797]...
*  1797: obj =   1.437769000e+00 inf =   0.000e+00 (0) 11
OPTIMAL LP SOLUTION FOUND
Integer optimization begins...
Long-step dual simplex will be used
+  1797: mip =     not found yet >=              -inf        (1; 0)
+  1797: >>>>>   1.437769000e+00 >=   1.437769000e+00   0.0% (1; 0)
+  1797: mip =   1.437769000e+00 >=     tree is empty   0.0% (0; 1)
INTEGER OPTIMAL SOLUTION FOUND
Time used:   0.2 secs
Memory used: 4.3 Mb (4507122 bytes)
Writing MIP solution to 'input/Oregon-1.html/oregon1_010526.txt.gz.76.lp.reach_chain_detours.lp.sol'...
Objective:  obj = 1.437769 (MINimum)
