Version 1.2 launched as -e 0.1 -i 12 input/soc-sign-bitcoin-alpha.html/soc-sign-bitcoinalpha.csv.gz 125


Execution time and memory used at after reading from file: 7.000000e-02 seconds, 15523840 bytes of memory usage, 15196 kB of memory peak and 00:00 elapsed time
Statistics on the network after reading from file
	Number of nodes: 3783
	Number of allocated nodes: 4096
	Number of edges: 24186
	Maximum in degree: 398 (node 1)
	Maximum out degree: 490 (node 1)

Execution time and memory used at after adding costs: 8.000000e-02 seconds, 15523840 bytes of memory usage, 15196 kB of memory peak and 00:00 elapsed time
Statistics on the network after adding costs
	Number of nodes: 3783
	Number of allocated nodes: 4096
	Number of edges: 24186
	Maximum in degree: 398 (node 1)
	Maximum out degree: 490 (node 1)

Execution time and memory used at before starting main computation: 9.000000e-02 seconds, 15659008 bytes of memory usage, 15808 kB of memory peak and 00:00 elapsed time
Statistics on the network before starting main computation
	Number of nodes: 3783
	Number of allocated nodes: 4096
	Number of edges: 24186
	Maximum in degree: 398 (node 1)
	Maximum out degree: 490 (node 1)
	source 1 (node 1) with out degree 490
	target 690 (node 3) with in degree 251

Execution time and memory used at after iteration 1 (MF = 123.763514): 2.000000e+00 seconds, 37085184 bytes of memory usage, 44268 kB of memory peak and 00:02 elapsed time
Statistics on the network after iteration 1 (MF = 123.763514)
	Number of nodes: 3783
	Number of allocated nodes: 4096
	Number of edges: 24186
	Maximum in degree: 398 (node 1)
	Maximum out degree: 490 (node 1)
	source 1 (node 1) with out degree 490
	target 690 (node 3) with in degree 251

Execution time and memory used at after iteration 2 (MF = 95.862613): 1.129000e+01 seconds, 58015744 bytes of memory usage, 58912 kB of memory peak and 00:11 elapsed time
Statistics on the network after iteration 2 (MF = 95.862613)
	Number of nodes: 3783
	Number of allocated nodes: 4096
	Number of edges: 24186
	Maximum in degree: 398 (node 1)
	Maximum out degree: 490 (node 1)
	source 1 (node 1) with out degree 490
	target 690 (node 3) with in degree 251

Execution time and memory used at after iteration 3 (MF = 74.099099): 6.071000e+01 seconds, 57073664 bytes of memory usage, 72244 kB of memory peak and 01:01 elapsed time
Statistics on the network after iteration 3 (MF = 74.099099)
	Number of nodes: 3783
	Number of allocated nodes: 4096
	Number of edges: 24186
	Maximum in degree: 398 (node 1)
	Maximum out degree: 490 (node 1)
	source 1 (node 1) with out degree 490
	target 690 (node 3) with in degree 251

Execution time and memory used at after iteration 4 (MF = 84.909910): 3.253800e+02 seconds, 57507840 bytes of memory usage, 72244 kB of memory peak and 05:26 elapsed time
Statistics on the network after iteration 4 (MF = 84.909910)
	Number of nodes: 3783
	Number of allocated nodes: 4096
	Number of edges: 24186
	Maximum in degree: 398 (node 1)
	Maximum out degree: 490 (node 1)
	source 1 (node 1) with out degree 490
	target 690 (node 3) with in degree 251
