	Command being timed: "/usr/app/src/glpk-5.0/examples/glpsol --lp input/p2p-Gnutella08.html/p2p-Gnutella08.txt.gz.16.lp -o input/p2p-Gnutella08.html/p2p-Gnutella08.txt.gz.16.lp.sol"
	User time (seconds): 24.76
	System time (seconds): 0.12
	Percent of CPU this job got: 100%
	Elapsed (wall clock) time (h:mm:ss or m:ss): 0:24.88
	Average shared text size (kbytes): 0
	Average unshared data size (kbytes): 0
	Average stack size (kbytes): 0
	Average total size (kbytes): 0
	Maximum resident set size (kbytes): 56868
	Average resident set size (kbytes): 0
	Major (requiring I/O) page faults: 2
	Minor (reclaiming a frame) page faults: 36095
	Voluntary context switches: 35
	Involuntary context switches: 45
	Swaps: 0
	File system inputs: 264
	File system outputs: 8872
	Socket messages sent: 0
	Socket messages received: 0
	Signals delivered: 0
	Page size (bytes): 4096
	Exit status: 0
