	Command being timed: "/usr/app/src/glpk-5.0/examples/glpsol --lp input/ca-HepTh.html/ca-HepTh.txt.gz.5.lp -o input/ca-HepTh.html/ca-HepTh.txt.gz.5.lp.sol"
	User time (seconds): 100.38
	System time (seconds): 0.22
	Percent of CPU this job got: 99%
	Elapsed (wall clock) time (h:mm:ss or m:ss): 1:40.61
	Average shared text size (kbytes): 0
	Average unshared data size (kbytes): 0
	Average stack size (kbytes): 0
	Average total size (kbytes): 0
	Maximum resident set size (kbytes): 134604
	Average resident set size (kbytes): 0
	Major (requiring I/O) page faults: 0
	Minor (reclaiming a frame) page faults: 79196
	Voluntary context switches: 31
	Involuntary context switches: 249
	Swaps: 0
	File system inputs: 0
	File system outputs: 24512
	Socket messages sent: 0
	Socket messages received: 0
	Signals delivered: 0
	Page size (bytes): 4096
	Exit status: 0
