GLPSOL--GLPK LP/MIP Solver 5.0
Parameter(s) specified in the command line:
 --lp input/ego-Facebook.html/facebook_combined.txt.gz.175.lp.reach_chain_detours.lp
 -o input/ego-Facebook.html/facebook_combined.txt.gz.175.lp.reach_chain_detours.lp.sol
Reading problem data from 'input/ego-Facebook.html/facebook_combined.txt.gz.175.lp.reach_chain_detours.lp'...
27548 rows, 56165 columns, 137727 non-zeros
56165 integer variables, all of which are binary
83718 lines were read
GLPK Integer Optimizer 5.0
27548 rows, 56165 columns, 137727 non-zeros
56165 integer variables, all of which are binary
Preprocessing...
1 hidden packing inequaliti(es) were detected
27546 rows, 56163 columns, 136605 non-zeros
56163 integer variables, all of which are binary
Scaling...
 A: min|aij| =  1.000e+00  max|aij| =  1.000e+00  ratio =  1.000e+00
Problem data seem to be well scaled
Constructing initial basis...
Size of triangular part is 27546
Solving LP relaxation...
GLPK Simplex Optimizer 5.0
27546 rows, 56163 columns, 136605 non-zeros
      0: obj =   0.000000000e+00 inf =   2.510e+02 (251)
    251: obj =   7.207110200e+01 inf =   0.000e+00 (0)
Perturbing LP to avoid stalling [454]...
*  3265: obj =   5.543598996e+01 inf =   5.543e-05 (944) 24
*  5899: obj =   4.139228784e+01 inf =   7.934e-04 (1154) 25
*  8620: obj =   1.976713038e+01 inf =   2.343e-03 (683) 25
* 11705: obj =   1.863282099e+01 inf =   4.436e-03 (468) 28
Removing LP perturbation [12310]...
* 12310: obj =   1.858964700e+01 inf =   0.000e+00 (0) 4
OPTIMAL LP SOLUTION FOUND
Integer optimization begins...
Long-step dual simplex will be used
+ 12310: mip =     not found yet >=              -inf        (1; 0)
+ 12310: >>>>>   1.858964700e+01 >=   1.858964700e+01   0.0% (1; 0)
+ 12310: mip =   1.858964700e+01 >=     tree is empty   0.0% (0; 1)
INTEGER OPTIMAL SOLUTION FOUND
Time used:   21.1 secs
Memory used: 70.5 Mb (73915273 bytes)
Writing MIP solution to 'input/ego-Facebook.html/facebook_combined.txt.gz.175.lp.reach_chain_detours.lp.sol'...
Objective:  obj = 18.589647 (MINimum)
