	Command being timed: "/usr/app/src/glpk-5.0/examples/glpsol --lp input/sx-mathoverflow.html/sx-mathoverflow-c2a.txt.gz.54.lp -o input/sx-mathoverflow.html/sx-mathoverflow-c2a.txt.gz.54.lp.sol"
	User time (seconds): 3739.73
	System time (seconds): 2.74
	Percent of CPU this job got: 99%
	Elapsed (wall clock) time (h:mm:ss or m:ss): 1:02:31
	Average shared text size (kbytes): 0
	Average unshared data size (kbytes): 0
	Average stack size (kbytes): 0
	Average total size (kbytes): 0
	Maximum resident set size (kbytes): 197480
	Average resident set size (kbytes): 0
	Major (requiring I/O) page faults: 0
	Minor (reclaiming a frame) page faults: 116169
	Voluntary context switches: 96
	Involuntary context switches: 16499
	Swaps: 0
	File system inputs: 0
	File system outputs: 33832
	Socket messages sent: 0
	Socket messages received: 0
	Signals delivered: 0
	Page size (bytes): 4096
	Exit status: 0
