GLPSOL--GLPK LP/MIP Solver 5.0
Parameter(s) specified in the command line:
 --lp input/sx-mathoverflow.html/sx-mathoverflow-c2a.txt.gz.54.lp -o input/sx-mathoverflow.html/sx-mathoverflow-c2a.txt.gz.54.lp.sol
Reading problem data from 'input/sx-mathoverflow.html/sx-mathoverflow-c2a.txt.gz.54.lp'...
77215 rows, 168202 columns, 386062 non-zeros
168202 integer variables, all of which are binary
245422 lines were read
GLPK Integer Optimizer 5.0
77215 rows, 168202 columns, 386062 non-zeros
168202 integer variables, all of which are binary
Preprocessing...
1 hidden packing inequaliti(es) were detected
76606 rows, 167565 columns, 382298 non-zeros
167565 integer variables, all of which are binary
Scaling...
 A: min|aij| =  1.000e+00  max|aij| =  1.000e+00  ratio =  1.000e+00
Problem data seem to be well scaled
Constructing initial basis...
Size of triangular part is 76606
Solving LP relaxation...
GLPK Simplex Optimizer 5.0
76606 rows, 167565 columns, 382298 non-zeros
      0: obj =   0.000000000e+00 inf =   7.840e+02 (784)
    784: obj =   1.065338965e+12 inf =   0.000e+00 (0)
Perturbing LP to avoid stalling [983]...
*  1783: obj =   1.060968717e+12 inf =   0.000e+00 (1584) 1
*  2471: obj =   1.060968717e+12 inf =   0.000e+00 (1603) 7
*  3069: obj =   1.060968717e+12 inf =   0.000e+00 (1636) 5
*  3621: obj =   1.060968717e+12 inf =   0.000e+00 (1654) 6
*  4108: obj =   1.060968717e+12 inf =   0.000e+00 (1671) 4
*  4622: obj =   1.060968717e+12 inf =   0.000e+00 (1682) 5
*  5133: obj =   1.060968717e+12 inf =   0.000e+00 (1688) 5
*  5633: obj =   1.060968717e+12 inf =   0.000e+00 (1694) 5
*  6133: obj =   1.060968717e+12 inf =   0.000e+00 (1719) 5
*  6625: obj =   1.060968717e+12 inf =   0.000e+00 (1728) 4
*  7114: obj =   1.060968717e+12 inf =   0.000e+00 (1750) 5
*  7602: obj =   1.060968717e+12 inf =   0.000e+00 (1771) 5
*  8091: obj =   1.060968717e+12 inf =   0.000e+00 (1778) 5
*  8584: obj =   1.060968717e+12 inf =   0.000e+00 (1782) 4
*  9074: obj =   1.060968717e+12 inf =   0.000e+00 (1805) 5
*  9572: obj =   1.060968717e+12 inf =   0.000e+00 (1803) 5
* 10050: obj =   1.060968717e+12 inf =   0.000e+00 (1837) 5
* 10551: obj =   1.060968717e+12 inf =   0.000e+00 (1859) 4
* 11050: obj =   1.060968717e+12 inf =   0.000e+00 (1876) 5
* 11548: obj =   1.060968717e+12 inf =   0.000e+00 (1874) 5
* 12042: obj =   1.060968717e+12 inf =   0.000e+00 (1907) 5
* 12536: obj =   1.060968717e+12 inf =   0.000e+00 (1905) 5
* 13031: obj =   1.060968717e+12 inf =   0.000e+00 (1929) 4
* 13526: obj =   1.060968717e+12 inf =   0.000e+00 (1939) 5
* 14018: obj =   1.060968717e+12 inf =   0.000e+00 (1943) 5
* 14509: obj =   1.060968717e+12 inf =   0.000e+00 (1952) 5
* 14998: obj =   1.060968717e+12 inf =   0.000e+00 (1971) 5
* 15488: obj =   1.060968717e+12 inf =   0.000e+00 (1985) 4
* 15975: obj =   1.060968717e+12 inf =   0.000e+00 (1996) 5
* 16459: obj =   1.060968717e+12 inf =   0.000e+00 (2009) 5
* 16945: obj =   1.060968717e+12 inf =   0.000e+00 (2011) 5
* 17424: obj =   1.060968717e+12 inf =   0.000e+00 (2015) 5
* 17910: obj =   1.060968717e+12 inf =   0.000e+00 (2041) 4
* 18391: obj =   1.060968717e+12 inf =   0.000e+00 (2034) 5
* 18851: obj =   1.060968717e+12 inf =   0.000e+00 (2041) 5
* 19319: obj =   1.060968717e+12 inf =   0.000e+00 (2051) 4
* 19655: obj =   1.052991834e+12 inf =   4.472e-06 (10598) 4
* 19905: obj =   1.052991833e+12 inf =   1.242e-04 (10575) 2
* 20160: obj =   1.052991824e+12 inf =   1.252e-03 (10550) 3
* 20433: obj =   1.052991810e+12 inf =   2.099e-03 (10516) 2
* 20665: obj =   1.052991778e+12 inf =   3.589e-03 (10491) 3
* 20933: obj =   1.052991714e+12 inf =   8.902e-03 (10466) 2
* 21170: obj =   1.052991682e+12 inf =   1.253e-02 (10465) 3
* 21426: obj =   1.052991635e+12 inf =   1.597e-02 (10435) 2
* 21675: obj =   1.052991607e+12 inf =   1.789e-02 (10379) 3
* 21926: obj =   1.052991567e+12 inf =   2.036e-02 (10375) 2
* 22180: obj =   1.052991529e+12 inf =   2.232e-02 (10358) 3
* 22435: obj =   1.052991479e+12 inf =   2.456e-02 (10334) 2
* 22685: obj =   1.052991438e+12 inf =   2.674e-02 (10339) 2
* 22888: obj =   1.052991362e+12 inf =   3.070e-02 (10328) 3
* 23137: obj =   1.052991340e+12 inf =   3.195e-02 (10316) 2
* 23386: obj =   1.052991325e+12 inf =   3.227e-02 (10274) 2
* 23595: obj =   1.052991244e+12 inf =   3.777e-02 (10266) 3
* 23803: obj =   1.052991196e+12 inf =   4.252e-02 (10257) 2
* 24022: obj =   1.052991122e+12 inf =   5.020e-02 (10228) 2
* 24240: obj =   1.052991055e+12 inf =   5.776e-02 (10238) 2
* 24461: obj =   1.052991013e+12 inf =   6.059e-02 (10232) 2
* 24687: obj =   1.052990973e+12 inf =   6.014e-02 (10248) 2
* 24905: obj =   1.052990866e+12 inf =   6.358e-02 (10246) 2
* 25112: obj =   1.052990826e+12 inf =   6.629e-02 (10233) 3
* 25314: obj =   1.052990735e+12 inf =   7.251e-02 (10231) 2
* 25516: obj =   1.052990650e+12 inf =   8.085e-02 (10205) 2
* 25721: obj =   1.052990631e+12 inf =   8.229e-02 (10180) 2
* 25935: obj =   1.052990610e+12 inf =   8.364e-02 (10187) 2
* 26127: obj =   1.052990515e+12 inf =   9.400e-02 (10169) 2
* 26324: obj =   1.052990505e+12 inf =   9.460e-02 (10157) 2
* 26553: obj =   1.052990407e+12 inf =   9.777e-02 (10158) 2
* 26739: obj =   1.052990338e+12 inf =   1.014e-01 (10147) 2
* 26937: obj =   1.052990276e+12 inf =   1.070e-01 (10128) 2
* 27137: obj =   1.052990237e+12 inf =   1.106e-01 (10134) 2
* 27336: obj =   1.052990210e+12 inf =   1.131e-01 (10108) 2
* 27537: obj =   1.052990202e+12 inf =   1.129e-01 (10084) 2
* 27749: obj =   1.052990182e+12 inf =   1.116e-01 (10094) 2
* 27945: obj =   1.052990104e+12 inf =   1.137e-01 (10104) 2
* 28144: obj =   1.052989992e+12 inf =   1.162e-01 (10070) 2
* 28347: obj =   1.052989932e+12 inf =   1.178e-01 (10066) 2
* 28550: obj =   1.052989869e+12 inf =   1.194e-01 (10073) 2
* 28752: obj =   1.052989788e+12 inf =   1.236e-01 (10079) 2
* 28954: obj =   1.052989730e+12 inf =   1.272e-01 (10042) 2
* 29156: obj =   1.052989710e+12 inf =   1.282e-01 (10021) 2
* 29358: obj =   1.052989584e+12 inf =   1.365e-01 (10025) 2
* 29560: obj =   1.052989500e+12 inf =   1.413e-01 (10015) 2
* 29762: obj =   1.052989389e+12 inf =   1.476e-01 (10025) 2
* 29964: obj =   1.052989354e+12 inf =   1.486e-01 (10012) 2
* 30166: obj =   1.052989307e+12 inf =   1.490e-01 (9991) 2
* 30368: obj =   1.052989299e+12 inf =   1.484e-01 (9980) 2
* 30570: obj =   1.052989256e+12 inf =   1.471e-01 (9977) 2
* 30772: obj =   1.052989174e+12 inf =   1.464e-01 (9970) 2
* 30974: obj =   1.052989109e+12 inf =   1.467e-01 (9968) 2
* 31176: obj =   1.052989075e+12 inf =   1.461e-01 (9965) 2
* 31378: obj =   1.052989022e+12 inf =   1.485e-01 (9956) 2
* 31580: obj =   1.052989000e+12 inf =   1.498e-01 (9961) 2
* 31782: obj =   1.052988990e+12 inf =   1.497e-01 (9953) 2
* 31985: obj =   1.052988945e+12 inf =   1.498e-01 (9945) 2
* 32187: obj =   1.052988922e+12 inf =   1.484e-01 (9904) 2
* 32389: obj =   1.052988882e+12 inf =   1.503e-01 (9898) 2
* 32591: obj =   1.051052159e+12 inf =   1.497e-01 (9905) 2
* 32794: obj =   1.051052094e+12 inf =   1.474e-01 (9911) 2
* 32996: obj =   1.051052076e+12 inf =   1.476e-01 (9926) 2
* 33198: obj =   1.047754953e+12 inf =   1.483e-01 (9916) 2
* 33400: obj =   1.047754925e+12 inf =   1.495e-01 (9893) 2
* 33602: obj =   1.047754908e+12 inf =   1.502e-01 (9899) 2
* 33804: obj =   1.047754861e+12 inf =   1.533e-01 (9901) 2
* 34006: obj =   1.047754801e+12 inf =   1.575e-01 (9862) 2
* 34210: obj =   1.047754764e+12 inf =   1.585e-01 (9859) 2
* 34413: obj =   1.047754751e+12 inf =   1.589e-01 (9878) 2
* 34616: obj =   1.047745196e+12 inf =   1.577e-01 (9829) 2
* 34819: obj =   1.047727619e+12 inf =   1.574e-01 (9850) 2
* 35023: obj =   1.047727582e+12 inf =   1.536e-01 (9870) 2
* 35225: obj =   1.047727554e+12 inf =   1.513e-01 (9858) 2
* 35427: obj =   1.047727506e+12 inf =   1.480e-01 (9826) 2
* 35629: obj =   1.047727450e+12 inf =   1.444e-01 (9841) 2
* 35831: obj =   1.045691681e+12 inf =   1.420e-01 (9838) 2
* 36035: obj =   1.045691649e+12 inf =   1.413e-01 (9824) 2
* 36237: obj =   1.045681853e+12 inf =   1.430e-01 (9813) 2
* 36446: obj =   1.038363854e+12 inf =   1.424e-01 (9808) 2
* 36742: obj =   9.109018575e+11 inf =   1.416e-01 (9742) 2
* 37020: obj =   8.091400689e+11 inf =   1.404e-01 (9716) 2
* 37222: obj =   8.091400365e+11 inf =   1.398e-01 (9714) 2
* 37424: obj =   8.091400284e+11 inf =   1.392e-01 (9711) 2
* 37626: obj =   8.091399736e+11 inf =   1.404e-01 (9693) 2
* 37828: obj =   8.091399248e+11 inf =   1.427e-01 (9682) 2
* 38031: obj =   8.091398725e+11 inf =   1.441e-01 (9704) 2
* 38233: obj =   8.091398365e+11 inf =   1.449e-01 (9686) 2
* 38436: obj =   8.091398260e+11 inf =   1.451e-01 (9680) 2
* 38638: obj =   8.091397826e+11 inf =   1.435e-01 (9665) 2
* 38840: obj =   8.091396993e+11 inf =   1.404e-01 (9648) 2
* 39042: obj =   8.091396341e+11 inf =   1.418e-01 (9626) 2
* 39244: obj =   8.091396050e+11 inf =   1.428e-01 (9643) 2
* 39446: obj =   8.069248785e+11 inf =   1.448e-01 (9634) 2
* 39648: obj =   8.069248652e+11 inf =   1.439e-01 (9615) 2
* 39851: obj =   8.040457906e+11 inf =   1.437e-01 (9609) 2
* 40053: obj =   8.040457495e+11 inf =   1.437e-01 (9611) 2
* 40256: obj =   8.040456724e+11 inf =   1.451e-01 (9609) 2
* 40458: obj =   8.040456703e+11 inf =   1.448e-01 (9602) 2
* 40660: obj =   8.040456237e+11 inf =   1.451e-01 (9595) 2
* 40862: obj =   8.040455785e+11 inf =   1.475e-01 (9592) 2
* 41064: obj =   8.040455554e+11 inf =   1.489e-01 (9579) 2
* 41267: obj =   8.040455174e+11 inf =   1.473e-01 (9578) 2
* 41594: obj =   8.024215242e+11 inf =   1.456e-01 (9733) 3
* 42075: obj =   8.024074748e+11 inf =   1.443e-01 (9695) 4
* 42495: obj =   8.023949623e+11 inf =   1.356e-01 (9614) 4
* 42903: obj =   8.023905220e+11 inf =   1.261e-01 (9612) 4
* 43305: obj =   8.023867197e+11 inf =   1.161e-01 (9574) 3
* 43692: obj =   8.023821882e+11 inf =   9.925e-02 (9525) 4
* 44087: obj =   8.023799725e+11 inf =   8.857e-02 (9488) 4
* 44483: obj =   8.023755562e+11 inf =   6.558e-02 (9481) 3
* 44862: obj =   8.023717243e+11 inf =   7.122e-02 (9442) 4
* 45240: obj =   8.023700655e+11 inf =   9.613e-02 (9429) 4
* 45627: obj =   8.023688052e+11 inf =   1.238e-01 (9397) 3
* 46063: obj =   8.023683815e+11 inf =   1.335e-01 (9374) 4
* 46538: obj =   8.023679140e+11 inf =   1.450e-01 (9329) 5
* 47096: obj =   8.023678481e+11 inf =   1.450e-01 (9278) 4
* 47659: obj =   8.023675063e+11 inf =   1.424e-01 (9256) 5
* 48258: obj =   8.020728170e+11 inf =   1.385e-01 (9193) 5
* 48709: obj =   8.020726100e+11 inf =   1.286e-01 (9200) 5
* 49139: obj =   8.020722866e+11 inf =   1.220e-01 (9189) 4
* 49547: obj =   8.020720496e+11 inf =   1.258e-01 (9173) 4
* 49917: obj =   8.020719418e+11 inf =   1.296e-01 (9219) 3
* 50289: obj =   8.020717652e+11 inf =   1.370e-01 (9197) 4
* 50664: obj =   8.020716919e+11 inf =   1.395e-01 (9177) 3
* 51044: obj =   8.020716492e+11 inf =   1.396e-01 (9165) 4
* 51446: obj =   8.020715647e+11 inf =   1.421e-01 (9131) 3
* 51954: obj =   8.020714932e+11 inf =   1.431e-01 (9133) 5
* 52388: obj =   8.020714500e+11 inf =   1.464e-01 (9118) 4
* 52831: obj =   7.818336012e+11 inf =   1.462e-01 (9113) 4
* 53261: obj =   7.818335100e+11 inf =   1.475e-01 (9107) 4
* 53687: obj =   7.524527399e+11 inf =   1.449e-01 (9055) 4
* 54103: obj =   7.259485406e+11 inf =   1.332e-01 (9023) 3
* 54575: obj =   7.022249874e+11 inf =   1.225e-01 (8987) 4
* 54973: obj =   6.682961566e+11 inf =   1.125e-01 (8942) 4
* 55459: obj =   6.373369846e+11 inf =   1.109e-01 (8863) 4
* 56007: obj =   6.258133668e+11 inf =   1.102e-01 (24537) 5
* 56437: obj =   6.258083635e+11 inf =   1.161e-01 (24355) 4
* 56877: obj =   6.258061481e+11 inf =   1.178e-01 (24198) 4
* 57320: obj =   6.258028811e+11 inf =   1.321e-01 (23950) 5
* 57788: obj =   6.258015435e+11 inf =   1.406e-01 (23782) 4
* 58295: obj =   6.258007762e+11 inf =   1.409e-01 (23659) 5
* 58814: obj =   6.257999466e+11 inf =   1.413e-01 (23519) 5
* 59339: obj =   6.257986947e+11 inf =   1.415e-01 (23366) 5
* 59835: obj =   6.257979017e+11 inf =   1.426e-01 (23227) 5
* 60386: obj =   6.257974054e+11 inf =   1.401e-01 (23111) 6
* 60973: obj =   6.257967844e+11 inf =   1.407e-01 (23001) 5
* 61567: obj =   6.257963291e+11 inf =   1.389e-01 (22933) 6
* 62117: obj =   6.245722410e+11 inf =   1.347e-01 (11088) 5
* 62495: obj =   6.245703885e+11 inf =   1.347e-01 (10913) 4
* 62866: obj =   6.245692501e+11 inf =   1.374e-01 (10843) 4
* 63233: obj =   6.245686566e+11 inf =   1.397e-01 (10754) 3
* 63598: obj =   6.245678190e+11 inf =   1.429e-01 (10652) 4
* 63968: obj =   6.245670990e+11 inf =   1.472e-01 (10546) 3
* 64353: obj =   6.245663940e+11 inf =   1.520e-01 (10448) 4
* 64740: obj =   6.245649978e+11 inf =   1.596e-01 (10377) 3
* 65142: obj =   6.245643907e+11 inf =   1.642e-01 (10271) 4
* 65551: obj =   6.245636116e+11 inf =   1.715e-01 (10189) 4
* 65990: obj =   6.245629431e+11 inf =   1.756e-01 (10118) 4
* 66410: obj =   6.245624653e+11 inf =   1.801e-01 (10052) 4
* 66851: obj =   6.245622185e+11 inf =   1.834e-01 (9963) 5
* 67282: obj =   6.245618436e+11 inf =   1.891e-01 (9865) 4
* 67814: obj =   6.245617027e+11 inf =   1.870e-01 (9792) 5
* 68259: obj =   6.245613122e+11 inf =   1.914e-01 (9788) 4
* 68709: obj =   6.245610284e+11 inf =   1.987e-01 (9727) 4
* 69177: obj =   6.245608013e+11 inf =   2.028e-01 (9679) 4
* 69647: obj =   6.245605116e+11 inf =   2.089e-01 (9646) 5
* 70144: obj =   6.245603580e+11 inf =   2.096e-01 (9581) 4
* 70544: obj =   6.245601238e+11 inf =   2.028e-01 (9527) 4
* 70981: obj =   6.245599256e+11 inf =   1.994e-01 (9512) 4
* 71379: obj =   6.245598576e+11 inf =   1.964e-01 (9462) 4
* 71756: obj =   6.245596176e+11 inf =   1.875e-01 (9467) 4
* 72229: obj =   6.245594195e+11 inf =   1.818e-01 (9438) 4
* 72678: obj =   6.245592332e+11 inf =   1.791e-01 (9422) 4
* 73137: obj =   6.245591514e+11 inf =   1.827e-01 (9363) 5
* 73549: obj =   6.230528495e+11 inf =   1.936e-01 (9451) 3
* 74012: obj =   6.230525257e+11 inf =   1.906e-01 (9401) 5
* 74389: obj =   6.230505809e+11 inf =   1.751e-01 (9399) 3
* 74761: obj =   6.230480448e+11 inf =   1.605e-01 (9363) 4
* 75170: obj =   6.230466902e+11 inf =   1.606e-01 (9328) 4
* 75712: obj =   6.230458936e+11 inf =   1.561e-01 (9311) 4
* 76233: obj =   6.230454408e+11 inf =   1.507e-01 (9262) 5
* 76743: obj =   6.230448926e+11 inf =   1.437e-01 (9236) 5
* 77265: obj =   6.230443927e+11 inf =   1.366e-01 (9175) 4
* 77792: obj =   6.230440779e+11 inf =   1.303e-01 (9120) 5
* 78358: obj =   6.230439690e+11 inf =   1.265e-01 (9096) 5
* 78954: obj =   6.203911870e+11 inf =   1.239e-01 (24686) 4
* 79413: obj =   6.203896102e+11 inf =   1.227e-01 (24423) 4
* 79836: obj =   6.203881968e+11 inf =   1.387e-01 (24198) 4
* 80351: obj =   6.194073321e+11 inf =   1.368e-01 (9616) 5
* 80850: obj =   6.194070639e+11 inf =   1.288e-01 (9450) 5
* 81396: obj =   6.194069206e+11 inf =   1.223e-01 (9324) 5
* 81964: obj =   6.054804239e+11 inf =   1.181e-01 (24180) 5
* 82470: obj =   6.054796689e+11 inf =   1.243e-01 (23973) 4
* 83010: obj =   6.045291062e+11 inf =   1.262e-01 (9608) 6
* 83545: obj =   6.045288629e+11 inf =   1.188e-01 (9345) 5
* 84135: obj =   5.996540332e+11 inf =   1.182e-01 (23837) 5
* 84656: obj =   5.996535009e+11 inf =   1.272e-01 (23568) 5
* 85237: obj =   5.989015074e+11 inf =   1.243e-01 (9596) 6
* 85838: obj =   5.965863237e+11 inf =   1.213e-01 (23244) 5
* 86412: obj =   5.965860447e+11 inf =   1.208e-01 (22805) 5
* 86990: obj =   5.965855141e+11 inf =   1.212e-01 (22535) 6
* 87612: obj =   5.965850459e+11 inf =   1.184e-01 (22178) 6
* 88241: obj =   5.965843004e+11 inf =   1.153e-01 (21574) 6
* 88876: obj =   5.965834164e+11 inf =   1.124e-01 (20746) 6
* 89507: obj =   5.965826460e+11 inf =   1.098e-01 (20134) 6
* 90145: obj =   5.965815832e+11 inf =   1.074e-01 (19408) 7
* 90789: obj =   5.965804336e+11 inf =   1.047e-01 (18738) 6
* 91270: obj =   5.951861075e+11 inf =   1.081e-01 (3917) 5
* 91633: obj =   5.951852928e+11 inf =   1.119e-01 (3878) 3
* 92008: obj =   5.951847221e+11 inf =   1.129e-01 (3840) 4
* 92406: obj =   5.951839576e+11 inf =   1.121e-01 (3733) 4
* 92818: obj =   5.951838804e+11 inf =   1.112e-01 (3656) 4
* 93130: obj =   5.951820260e+11 inf =   1.024e-01 (8319) 3
* 93309: obj =   5.951817962e+11 inf =   1.035e-01 (8273) 2
* 93505: obj =   5.951812362e+11 inf =   1.105e-01 (8235) 2
* 93707: obj =   5.951810652e+11 inf =   1.134e-01 (8196) 2
* 93909: obj =   5.951808744e+11 inf =   1.165e-01 (8159) 2
* 94111: obj =   5.951804654e+11 inf =   1.252e-01 (8124) 2
* 94313: obj =   5.951801477e+11 inf =   1.336e-01 (8105) 2
* 94515: obj =   5.951799735e+11 inf =   1.382e-01 (8069) 2
* 94717: obj =   5.951798384e+11 inf =   1.404e-01 (8034) 2
* 94919: obj =   5.951797119e+11 inf =   1.426e-01 (8013) 2
* 95121: obj =   5.951796478e+11 inf =   1.434e-01 (7995) 2
* 95323: obj =   5.951794619e+11 inf =   1.471e-01 (7951) 2
* 95526: obj =   5.951794163e+11 inf =   1.477e-01 (7914) 2
* 95728: obj =   5.951793838e+11 inf =   1.474e-01 (7889) 2
* 95931: obj =   5.951793574e+11 inf =   1.471e-01 (7842) 2
* 96134: obj =   5.951792639e+11 inf =   1.466e-01 (7812) 2
* 96337: obj =   5.951791477e+11 inf =   1.485e-01 (7794) 2
* 96539: obj =   5.951791295e+11 inf =   1.484e-01 (7801) 2
* 96741: obj =   5.951788917e+11 inf =   1.518e-01 (7791) 2
* 96943: obj =   5.951786027e+11 inf =   1.573e-01 (7778) 2
* 97145: obj =   5.951782704e+11 inf =   1.663e-01 (7781) 2
* 97347: obj =   5.951780701e+11 inf =   1.726e-01 (7756) 2
* 97549: obj =   5.951780499e+11 inf =   1.728e-01 (7742) 2
* 97751: obj =   5.951780373e+11 inf =   1.725e-01 (7716) 2
* 97953: obj =   5.951777943e+11 inf =   1.776e-01 (7704) 2
* 98155: obj =   5.951777174e+11 inf =   1.797e-01 (7705) 2
* 98357: obj =   5.951775654e+11 inf =   1.847e-01 (7709) 2
* 98559: obj =   5.951775338e+11 inf =   1.854e-01 (7691) 2
* 98761: obj =   5.951775307e+11 inf =   1.846e-01 (7683) 2
* 98964: obj =   5.951775280e+11 inf =   1.835e-01 (7657) 2
* 99166: obj =   5.951773903e+11 inf =   1.837e-01 (7649) 2
* 99369: obj =   5.951771886e+11 inf =   1.849e-01 (7641) 2
* 99571: obj =   5.951769637e+11 inf =   1.871e-01 (7638) 2
* 99773: obj =   5.951765268e+11 inf =   1.947e-01 (7644) 2
* 99975: obj =   5.951761997e+11 inf =   2.030e-01 (7634) 2
*100178: obj =   5.951761028e+11 inf =   2.058e-01 (7623) 2
*100380: obj =   5.951759644e+11 inf =   2.108e-01 (7622) 2
*100582: obj =   5.951759246e+11 inf =   2.113e-01 (7610) 2
*100785: obj =   5.951758435e+11 inf =   2.135e-01 (7612) 2
*100987: obj =   5.951755969e+11 inf =   2.227e-01 (7623) 2
*101190: obj =   5.951753851e+11 inf =   2.319e-01 (7625) 2
*101392: obj =   5.951751583e+11 inf =   2.446e-01 (7610) 2
*101594: obj =   5.951750674e+11 inf =   2.486e-01 (7600) 2
*101797: obj =   5.951750213e+11 inf =   2.489e-01 (7587) 2
*101999: obj =   5.951747145e+11 inf =   2.618e-01 (7575) 2
*102201: obj =   5.951745366e+11 inf =   2.714e-01 (7586) 2
*102403: obj =   5.951745231e+11 inf =   2.711e-01 (7572) 2
*102605: obj =   5.951741854e+11 inf =   2.854e-01 (7580) 2
*102807: obj =   5.951741549e+11 inf =   2.867e-01 (7561) 2
*103009: obj =   5.951740455e+11 inf =   2.921e-01 (7541) 2
*103211: obj =   5.951739758e+11 inf =   2.953e-01 (7528) 2
*103413: obj =   5.951737836e+11 inf =   3.050e-01 (7531) 2
*103615: obj =   5.951737190e+11 inf =   3.077e-01 (7521) 2
*103817: obj =   5.951736257e+11 inf =   3.115e-01 (7528) 2
*104019: obj =   5.951734582e+11 inf =   3.187e-01 (7514) 2
*104221: obj =   5.951733625e+11 inf =   3.238e-01 (7506) 2
*104423: obj =   5.951732331e+11 inf =   3.311e-01 (7505) 2
*104625: obj =   5.951731915e+11 inf =   3.317e-01 (7480) 2
*104827: obj =   5.951728168e+11 inf =   3.454e-01 (7474) 2
*105029: obj =   5.951727469e+11 inf =   3.490e-01 (7471) 2
*105231: obj =   5.951725316e+11 inf =   3.544e-01 (7457) 2
*105433: obj =   5.951723753e+11 inf =   3.620e-01 (7460) 2
*105635: obj =   5.951721806e+11 inf =   3.696e-01 (7454) 2
*105837: obj =   5.951721446e+11 inf =   3.703e-01 (7434) 2
*106039: obj =   5.951721354e+11 inf =   3.702e-01 (7425) 2
*106244: obj =   5.951720559e+11 inf =   3.725e-01 (7417) 2
*106446: obj =   5.951720426e+11 inf =   3.721e-01 (7414) 2
*106648: obj =   5.951718812e+11 inf =   3.751e-01 (7401) 2
*106850: obj =   5.951716890e+11 inf =   3.811e-01 (7400) 2
*107052: obj =   5.951715440e+11 inf =   3.866e-01 (7410) 2
*107255: obj =   5.951714233e+11 inf =   3.894e-01 (7412) 2
*107457: obj =   5.951713182e+11 inf =   3.913e-01 (7421) 2
*107659: obj =   5.951711268e+11 inf =   3.965e-01 (7404) 2
*107862: obj =   5.951710351e+11 inf =   3.982e-01 (7375) 2
*108064: obj =   5.951710002e+11 inf =   3.984e-01 (7377) 2
*108267: obj =   5.951709122e+11 inf =   4.010e-01 (7375) 2
*108469: obj =   5.951706329e+11 inf =   4.113e-01 (7363) 2
*108671: obj =   5.951703687e+11 inf =   4.230e-01 (7358) 2
*108873: obj =   5.951703050e+11 inf =   4.264e-01 (7358) 2
*109076: obj =   5.951702623e+11 inf =   4.269e-01 (7374) 2
*109278: obj =   5.951701633e+11 inf =   4.314e-01 (7379) 2
*109480: obj =   5.951700492e+11 inf =   4.368e-01 (7389) 2
*109682: obj =   5.951698454e+11 inf =   4.462e-01 (7385) 2
*109884: obj =   5.951697688e+11 inf =   4.462e-01 (7364) 2
*110086: obj =   5.951696622e+11 inf =   4.461e-01 (7372) 2
*110288: obj =   5.951694829e+11 inf =   4.461e-01 (7365) 2
*110491: obj =   5.951693324e+11 inf =   4.459e-01 (7348) 2
*110693: obj =   5.951692240e+11 inf =   4.470e-01 (7338) 2
*110896: obj =   5.951691371e+11 inf =   4.471e-01 (7330) 2
*111098: obj =   5.951690394e+11 inf =   4.479e-01 (7310) 2
*111300: obj =   5.951689098e+11 inf =   4.497e-01 (7336) 2
*111502: obj =   5.951688698e+11 inf =   4.490e-01 (7289) 2
*111704: obj =   5.951687391e+11 inf =   4.509e-01 (7281) 2
*111906: obj =   5.951686463e+11 inf =   4.530e-01 (7282) 2
*112108: obj =   5.951684706e+11 inf =   4.587e-01 (7280) 2
*112310: obj =   5.951683832e+11 inf =   4.612e-01 (7274) 2
*112512: obj =   5.951681944e+11 inf =   4.679e-01 (7275) 2
*112714: obj =   5.951681192e+11 inf =   4.699e-01 (7278) 2
*112916: obj =   5.951681046e+11 inf =   4.674e-01 (7267) 2
*113118: obj =   5.951680779e+11 inf =   4.662e-01 (7277) 2
*113320: obj =   5.951679603e+11 inf =   4.671e-01 (7263) 2
*113523: obj =   5.951678720e+11 inf =   4.667e-01 (7255) 2
*113725: obj =   5.951677528e+11 inf =   4.707e-01 (7241) 2
*113927: obj =   5.951676921e+11 inf =   4.725e-01 (7225) 2
*114129: obj =   5.951675373e+11 inf =   4.772e-01 (7224) 2
*114331: obj =   5.951673806e+11 inf =   4.828e-01 (7243) 2
*114533: obj =   5.951673022e+11 inf =   4.842e-01 (7237) 2
*114735: obj =   5.951672826e+11 inf =   4.837e-01 (7219) 2
*114937: obj =   5.951672746e+11 inf =   4.820e-01 (7208) 2
*115139: obj =   5.951672154e+11 inf =   4.815e-01 (7182) 2
*115341: obj =   5.951671395e+11 inf =   4.825e-01 (7179) 2
*115543: obj =   5.951671159e+11 inf =   4.808e-01 (7171) 2
*115745: obj =   5.951670185e+11 inf =   4.795e-01 (7168) 2
*115947: obj =   5.951669528e+11 inf =   4.801e-01 (7179) 2
*116149: obj =   5.951668779e+11 inf =   4.813e-01 (7185) 2
*116352: obj =   5.951668191e+11 inf =   4.817e-01 (7174) 2
*116554: obj =   5.951667512e+11 inf =   4.820e-01 (7171) 2
*116757: obj =   5.951665482e+11 inf =   4.860e-01 (7180) 2
*116960: obj =   5.951664946e+11 inf =   4.870e-01 (7173) 2
*117162: obj =   5.951663961e+11 inf =   4.897e-01 (7157) 2
*117364: obj =   5.951662854e+11 inf =   4.887e-01 (7167) 2
*117566: obj =   5.951660982e+11 inf =   4.945e-01 (7166) 2
*117768: obj =   5.951660483e+11 inf =   4.939e-01 (7164) 2
*117970: obj =   5.951659514e+11 inf =   4.893e-01 (7154) 2
*118173: obj =   5.951658446e+11 inf =   4.932e-01 (7161) 2
*118375: obj =   5.951657283e+11 inf =   4.942e-01 (7159) 2
*118577: obj =   5.951657026e+11 inf =   4.949e-01 (7132) 2
*118779: obj =   5.951657017e+11 inf =   4.945e-01 (7126) 2
*119061: obj =   5.951655377e+11 inf =   4.922e-01 (7215) 2
*119415: obj =   5.951645035e+11 inf =   4.903e-01 (7111) 4
*119772: obj =   5.951618534e+11 inf =   4.824e-01 (7097) 3
*120150: obj =   5.951579205e+11 inf =   4.730e-01 (7065) 3
*120590: obj =   5.951562795e+11 inf =   4.702e-01 (7021) 5
*121099: obj =   5.951555342e+11 inf =   4.711e-01 (6971) 4
*121577: obj =   5.951542210e+11 inf =   4.673e-01 (6942) 4
*122064: obj =   5.951535778e+11 inf =   4.660e-01 (6929) 4
*122537: obj =   5.951524021e+11 inf =   4.607e-01 (6903) 5
*123017: obj =   5.951509828e+11 inf =   4.535e-01 (6885) 4
*123513: obj =   5.951501304e+11 inf =   4.488e-01 (6857) 5
*124023: obj =   5.951489198e+11 inf =   4.407e-01 (6811) 4
*124536: obj =   5.951482403e+11 inf =   4.359e-01 (6736) 5
*125085: obj =   5.951478153e+11 inf =   4.335e-01 (6724) 5
*125619: obj =   5.951474296e+11 inf =   4.295e-01 (6692) 5
*126187: obj =   5.951468581e+11 inf =   4.207e-01 (6649) 5
*126752: obj =   5.951466202e+11 inf =   4.152e-01 (6629) 5
*127335: obj =   5.951463255e+11 inf =   4.081e-01 (6543) 4
*127920: obj =   5.911052079e+11 inf =   4.040e-01 (6511) 5
*128490: obj =   5.910478899e+11 inf =   4.006e-01 (21573) 4
*129010: obj =   5.896149573e+11 inf =   3.955e-01 (21223) 4
*129514: obj =   5.896146295e+11 inf =   3.946e-01 (21034) 5
*130088: obj =   5.896131998e+11 inf =   3.893e-01 (20845) 5
*130654: obj =   5.896126623e+11 inf =   3.864e-01 (20592) 6
*131235: obj =   5.896121428e+11 inf =   3.815e-01 (20206) 4
*131806: obj =   5.896119610e+11 inf =   3.763e-01 (19726) 3
*132339: obj =   5.896117906e+11 inf =   3.715e-01 (19376) 4
*132888: obj =   5.896117202e+11 inf =   3.665e-01 (18954) 3
*133388: obj =   5.896115839e+11 inf =   3.576e-01 (18588) 4
*133909: obj =   5.896113617e+11 inf =   3.501e-01 (18068) 3
*134460: obj =   5.896112143e+11 inf =   3.411e-01 (17655) 3
*134972: obj =   5.896111170e+11 inf =   3.304e-01 (17218) 4
*135497: obj =   5.896109895e+11 inf =   3.246e-01 (16862) 4
*136038: obj =   5.896107797e+11 inf =   3.125e-01 (16439) 3
*136554: obj =   5.896105836e+11 inf =   3.037e-01 (16149) 4
*137088: obj =   5.896104316e+11 inf =   2.919e-01 (15734) 4
*137616: obj =   5.896103244e+11 inf =   2.810e-01 (15404) 4
*138120: obj =   5.896102614e+11 inf =   2.715e-01 (15103) 3
*138647: obj =   5.896101071e+11 inf =   2.648e-01 (14759) 4
*139152: obj =   5.896099783e+11 inf =   2.530e-01 (14474) 4
*139679: obj =   5.896098629e+11 inf =   2.431e-01 (14137) 4
*140197: obj =   5.896097757e+11 inf =   2.342e-01 (13895) 4
*140715: obj =   5.896096821e+11 inf =   2.265e-01 (13599) 4
*141212: obj =   5.896095689e+11 inf =   2.196e-01 (13380) 4
*141720: obj =   5.896094229e+11 inf =   2.079e-01 (13120) 4
*142202: obj =   5.896092837e+11 inf =   2.000e-01 (12905) 4
*142698: obj =   5.896091422e+11 inf =   1.879e-01 (12597) 4
*143164: obj =   5.896090272e+11 inf =   1.796e-01 (12381) 4
*143676: obj =   5.896088724e+11 inf =   1.712e-01 (12111) 4
*144149: obj =   5.896086496e+11 inf =   1.627e-01 (11863) 4
*144648: obj =   5.896085314e+11 inf =   1.552e-01 (11669) 4
*145104: obj =   5.896083623e+11 inf =   1.530e-01 (11518) 4
*145558: obj =   5.896082234e+11 inf =   1.507e-01 (11327) 4
*146003: obj =   5.896079503e+11 inf =   1.441e-01 (11117) 4
*146452: obj =   5.896078439e+11 inf =   1.453e-01 (10958) 4
*146881: obj =   5.896075331e+11 inf =   1.444e-01 (10834) 3
*147312: obj =   5.896074215e+11 inf =   1.405e-01 (10772) 4
*147733: obj =   5.896069877e+11 inf =   1.380e-01 (10675) 4
*148127: obj =   5.896068138e+11 inf =   1.349e-01 (10579) 4
*148567: obj =   5.896063822e+11 inf =   1.324e-01 (10515) 3
*148998: obj =   5.896059736e+11 inf =   1.327e-01 (10340) 4
*149447: obj =   5.896057856e+11 inf =   1.287e-01 (10284) 4
*149858: obj =   5.896054180e+11 inf =   1.270e-01 (10194) 4
*150283: obj =   5.896051327e+11 inf =   1.248e-01 (10091) 4
*150719: obj =   5.896042282e+11 inf =   1.240e-01 (9979) 3
*151141: obj =   5.896037414e+11 inf =   1.210e-01 (9906) 4
*151570: obj =   5.896032433e+11 inf =   1.189e-01 (9806) 4
*152003: obj =   5.896023317e+11 inf =   1.172e-01 (9731) 4
*152433: obj =   5.896020646e+11 inf =   1.131e-01 (9612) 4
*152856: obj =   5.896010904e+11 inf =   1.112e-01 (9575) 4
*153286: obj =   5.896006152e+11 inf =   1.074e-01 (9492) 4
*153710: obj =   5.895993393e+11 inf =   1.046e-01 (9432) 4
*153990: obj =   5.895924667e+11 inf =   1.014e-01 (11039) 2
*154239: obj =   5.881623612e+11 inf =   9.955e-02 (11014) 3
*154501: obj =   5.881623235e+11 inf =   9.876e-02 (10896) 3
*154799: obj =   5.881622976e+11 inf =   9.852e-02 (10642) 2
*155067: obj =   5.881622717e+11 inf =   9.788e-02 (10390) 3
*155342: obj =   5.881622287e+11 inf =   9.676e-02 (10143) 3
*155628: obj =   5.881621428e+11 inf =   9.642e-02 (9970) 3
*155926: obj =   5.881620449e+11 inf =   9.620e-02 (9749) 3
*156224: obj =   5.878816787e+11 inf =   9.584e-02 (9484) 3
*156529: obj =   5.878807362e+11 inf =   9.539e-02 (9287) 3
*156834: obj =   5.878806514e+11 inf =   9.507e-02 (9058) 3
*157138: obj =   5.878805834e+11 inf =   9.447e-02 (8833) 3
*157455: obj =   5.878796682e+11 inf =   9.394e-02 (8590) 3
*157768: obj =   5.878712313e+11 inf =   9.314e-02 (8364) 3
*158086: obj =   5.875991741e+11 inf =   9.274e-02 (8142) 3
*158400: obj =   5.875990757e+11 inf =   9.173e-02 (7939) 3
*158720: obj =   5.875811049e+11 inf =   9.081e-02 (7721) 3
*159038: obj =   5.875343240e+11 inf =   9.022e-02 (7482) 3
*159357: obj =   5.875143318e+11 inf =   8.908e-02 (7277) 3
*159672: obj =   5.874909127e+11 inf =   8.854e-02 (7097) 4
*160004: obj =   5.874659335e+11 inf =   8.828e-02 (6916) 3
*160340: obj =   5.874368303e+11 inf =   8.744e-02 (6619) 3
*160676: obj =   5.873768727e+11 inf =   8.688e-02 (6452) 3
*160992: obj =   5.872952535e+11 inf =   8.587e-02 (6317) 4
*161325: obj =   5.872692013e+11 inf =   8.530e-02 (6048) 3
*161674: obj =   5.871947666e+11 inf =   8.453e-02 (5877) 3
*162011: obj =   5.871122343e+11 inf =   8.389e-02 (5720) 4
*162364: obj =   5.870961731e+11 inf =   8.263e-02 (5513) 3
*162727: obj =   5.870448661e+11 inf =   8.196e-02 (5350) 4
*163092: obj =   5.870446231e+11 inf =   8.085e-02 (5151) 3
*163437: obj =   5.870268629e+11 inf =   7.999e-02 (4915) 4
*163792: obj =   5.868913822e+11 inf =   7.856e-02 (4801) 3
*164147: obj =   5.867546631e+11 inf =   7.763e-02 (4738) 4
*164504: obj =   5.866945835e+11 inf =   7.687e-02 (4580) 3
*164855: obj =   5.864749462e+11 inf =   7.658e-02 (4621) 3
*165184: obj =   5.864605145e+11 inf =   7.629e-02 (4514) 4
*165542: obj =   5.864157115e+11 inf =   7.538e-02 (4336) 3
*165907: obj =   5.863011404e+11 inf =   7.421e-02 (4218) 4
*166264: obj =   5.861693632e+11 inf =   7.238e-02 (4146) 3
*166613: obj =   5.861278487e+11 inf =   7.068e-02 (3996) 4
*166974: obj =   5.859415974e+11 inf =   7.017e-02 (3939) 3
*167318: obj =   5.858340346e+11 inf =   6.961e-02 (3842) 4
*167670: obj =   5.857146450e+11 inf =   6.907e-02 (3719) 3
*168012: obj =   5.854705189e+11 inf =   6.833e-02 (3700) 4
*168360: obj =   5.854311648e+11 inf =   6.820e-02 (3595) 3
*168709: obj =   5.851671432e+11 inf =   6.779e-02 (3747) 4
*169077: obj =   5.849007932e+11 inf =   6.739e-02 (3813) 3
*169411: obj =   5.849007236e+11 inf =   6.775e-02 (3750) 3
*169745: obj =   5.847794332e+11 inf =   6.763e-02 (3730) 4
*170108: obj =   5.846480684e+11 inf =   6.666e-02 (3673) 3
*170442: obj =   5.846479990e+11 inf =   6.573e-02 (3531) 4
*170774: obj =   5.844296960e+11 inf =   6.733e-02 (3514) 3
*171130: obj =   5.841805135e+11 inf =   6.664e-02 (3460) 3
*171475: obj =   5.841804431e+11 inf =   6.770e-02 (3379) 4
*171849: obj =   5.836763839e+11 inf =   6.647e-02 (3371) 3
*172156: obj =   5.835588201e+11 inf =   6.882e-02 (3311) 4
*172505: obj =   5.835587593e+11 inf =   6.840e-02 (3258) 3
*172866: obj =   5.814889987e+11 inf =   6.689e-02 (3152) 4
*173200: obj =   5.814888330e+11 inf =   6.767e-02 (3145) 3
*173537: obj =   5.814887518e+11 inf =   6.631e-02 (3092) 3
*173898: obj =   5.809062378e+11 inf =   6.618e-02 (3079) 4
*174241: obj =   5.809059862e+11 inf =   6.858e-02 (2958) 3
*174595: obj =   5.804557960e+11 inf =   6.891e-02 (2892) 4
*174964: obj =   5.786749130e+11 inf =   6.729e-02 (2981) 3
*175295: obj =   5.786747625e+11 inf =   6.767e-02 (2969) 3
*175642: obj =   5.786746636e+11 inf =   6.829e-02 (2958) 4
*175986: obj =   5.786744965e+11 inf =   6.868e-02 (2913) 3
*176320: obj =   5.782911165e+11 inf =   6.852e-02 (2879) 4
*176649: obj =   5.782910546e+11 inf =   6.846e-02 (2861) 3
*176999: obj =   5.769228376e+11 inf =   7.286e-02 (2855) 3
*177318: obj =   5.769226763e+11 inf =   7.741e-02 (2851) 3
*177663: obj =   5.769225729e+11 inf =   7.712e-02 (2797) 4
*178008: obj =   5.743485479e+11 inf =   7.667e-02 (2903) 3
*178344: obj =   5.735033477e+11 inf =   8.130e-02 (2886) 4
*178699: obj =   5.735032832e+11 inf =   8.092e-02 (2882) 3
*179060: obj =   5.725461037e+11 inf =   8.077e-02 (2838) 4
*179388: obj =   5.725458333e+11 inf =   8.245e-02 (2830) 3
*179708: obj =   5.725455966e+11 inf =   8.564e-02 (2823) 3
*180069: obj =   5.701893130e+11 inf =   8.832e-02 (2866) 4
*180419: obj =   5.701891482e+11 inf =   8.924e-02 (2859) 3
*180764: obj =   5.701887745e+11 inf =   9.434e-02 (2835) 4
*181123: obj =   5.701886284e+11 inf =   9.389e-02 (2807) 3
*181442: obj =   5.701882461e+11 inf =   9.539e-02 (2792) 3
*181808: obj =   5.687150939e+11 inf =   9.547e-02 (2755) 4
*182128: obj =   5.687146673e+11 inf =   9.512e-02 (2750) 3
*182465: obj =   5.687143928e+11 inf =   9.928e-02 (2752) 3
*182798: obj =   5.687140823e+11 inf =   1.059e-01 (2758) 4
*183168: obj =   5.648834689e+11 inf =   1.057e-01 (2816) 3
*183490: obj =   5.648827533e+11 inf =   1.119e-01 (2815) 3
*183827: obj =   5.648826590e+11 inf =   1.115e-01 (2771) 4
*184149: obj =   5.648824627e+11 inf =   1.113e-01 (2755) 3
*184473: obj =   5.648820036e+11 inf =   1.159e-01 (2743) 3
*184841: obj =   5.648819359e+11 inf =   1.153e-01 (2715) 4
*185168: obj =   5.648812472e+11 inf =   1.134e-01 (2698) 3
*185495: obj =   5.648807907e+11 inf =   1.180e-01 (2704) 3
*185840: obj =   5.648806284e+11 inf =   1.191e-01 (2690) 4
*186199: obj =   5.623243020e+11 inf =   1.174e-01 (2678) 3
*186520: obj =   5.623237006e+11 inf =   1.172e-01 (2668) 3
*186850: obj =   5.623233038e+11 inf =   1.166e-01 (2630) 4
*187194: obj =   5.623228710e+11 inf =   1.166e-01 (2649) 3
*187508: obj =   5.623221962e+11 inf =   1.187e-01 (2623) 3
*187868: obj =   5.591289800e+11 inf =   1.171e-01 (2654) 4
*188188: obj =   5.591281126e+11 inf =   1.192e-01 (2660) 3
*188500: obj =   5.591273844e+11 inf =   1.246e-01 (2671) 3
*188850: obj =   5.591266789e+11 inf =   1.324e-01 (2620) 3
*189187: obj =   5.550201547e+11 inf =   1.327e-01 (2651) 4
*189498: obj =   5.550186589e+11 inf =   1.426e-01 (2682) 3
*189833: obj =   5.550179793e+11 inf =   1.481e-01 (2666) 3
*190196: obj =   5.550178703e+11 inf =   1.464e-01 (2637) 4
*190544: obj =   5.550173656e+11 inf =   1.487e-01 (2589) 3
*190877: obj =   5.550163359e+11 inf =   1.517e-01 (2626) 4
*191195: obj =   5.550152799e+11 inf =   1.601e-01 (2613) 3
*191547: obj =   5.550150589e+11 inf =   1.604e-01 (2561) 3
*191904: obj =   5.550148692e+11 inf =   1.593e-01 (2557) 4
*192253: obj =   5.550141432e+11 inf =   1.599e-01 (2563) 3
*192583: obj =   5.550133000e+11 inf =   1.625e-01 (2561) 3
*192903: obj =   5.550125695e+11 inf =   1.646e-01 (2569) 4
*193260: obj =   5.550119979e+11 inf =   1.657e-01 (2592) 3
*193605: obj =   5.550111679e+11 inf =   1.666e-01 (2564) 4
*193948: obj =   5.550101753e+11 inf =   1.682e-01 (2546) 3
*194293: obj =   5.550096214e+11 inf =   1.683e-01 (2514) 3
*194633: obj =   5.550091237e+11 inf =   1.666e-01 (2517) 4
*194968: obj =   5.550087004e+11 inf =   1.653e-01 (2498) 3
*195303: obj =   5.550082265e+11 inf =   1.625e-01 (2527) 3
*195627: obj =   5.550074933e+11 inf =   1.615e-01 (2518) 4
*195953: obj =   5.550067797e+11 inf =   1.643e-01 (2508) 3
*196315: obj =   5.495261032e+11 inf =   1.632e-01 (2555) 3
*196659: obj =   5.495258398e+11 inf =   1.627e-01 (2521) 4
*196962: obj =   5.495250673e+11 inf =   1.674e-01 (2499) 3
*197300: obj =   5.495245962e+11 inf =   1.696e-01 (2486) 3
*197656: obj =   5.495244783e+11 inf =   1.685e-01 (2505) 4
*197996: obj =   5.495239936e+11 inf =   1.696e-01 (2506) 3
*198333: obj =   5.418489453e+11 inf =   1.703e-01 (2527) 3
*198655: obj =   5.418481179e+11 inf =   1.734e-01 (2506) 3
*199027: obj =   5.418479806e+11 inf =   1.713e-01 (2507) 4
*199367: obj =   5.418473315e+11 inf =   1.717e-01 (2486) 4
*199691: obj =   5.418461813e+11 inf =   1.757e-01 (2470) 3
*200054: obj =   5.418454271e+11 inf =   1.753e-01 (2501) 3
*200377: obj =   5.418438476e+11 inf =   1.799e-01 (2493) 3
*200704: obj =   5.418434829e+11 inf =   1.797e-01 (2494) 4
*201035: obj =   5.418425460e+11 inf =   1.815e-01 (2474) 3
*201384: obj =   5.418415453e+11 inf =   1.796e-01 (2475) 3
*201738: obj =   5.418405614e+11 inf =   1.803e-01 (2463) 4
*202056: obj =   5.418402489e+11 inf =   1.811e-01 (2464) 3
*202383: obj =   5.418393786e+11 inf =   1.827e-01 (2445) 3
*202703: obj =   5.418382673e+11 inf =   1.849e-01 (2467) 4
*203037: obj =   5.418377894e+11 inf =   1.838e-01 (2460) 3
*203372: obj =   5.418372083e+11 inf =   1.833e-01 (2429) 3
*203713: obj =   5.418363901e+11 inf =   1.827e-01 (2434) 3
*204044: obj =   5.418358491e+11 inf =   1.824e-01 (2448) 4
*204374: obj =   5.418347046e+11 inf =   1.828e-01 (2423) 3
*204685: obj =   5.418335144e+11 inf =   1.835e-01 (2397) 3
*205007: obj =   5.418320234e+11 inf =   1.883e-01 (2404) 3
*205342: obj =   5.418315000e+11 inf =   1.877e-01 (2395) 4
*205683: obj =   5.418311185e+11 inf =   1.864e-01 (2446) 3
*205965: obj =   5.418304554e+11 inf =   1.879e-01 (2433) 3
*206285: obj =   5.418297976e+11 inf =   1.889e-01 (2476) 3
*206638: obj =   5.418292593e+11 inf =   1.886e-01 (2431) 3
*206980: obj =   5.418286479e+11 inf =   1.889e-01 (2421) 4
*207302: obj =   5.418271774e+11 inf =   1.902e-01 (2435) 3
*207659: obj =   5.418267092e+11 inf =   1.909e-01 (2408) 4
*208005: obj =   5.418263155e+11 inf =   1.906e-01 (2432) 3
*208344: obj =   5.418259299e+11 inf =   1.902e-01 (2422) 3
*208685: obj =   5.418251260e+11 inf =   1.874e-01 (2375) 4
*209045: obj =   5.418246495e+11 inf =   1.866e-01 (2378) 3
*209374: obj =   5.418237802e+11 inf =   1.847e-01 (2380) 3
*209702: obj =   5.418234103e+11 inf =   1.834e-01 (2350) 4
*210047: obj =   5.302978056e+11 inf =   1.825e-01 (2433) 3
*210366: obj =   5.302963555e+11 inf =   1.855e-01 (2425) 3
*210696: obj =   5.302960978e+11 inf =   1.851e-01 (2418) 4
*211055: obj =   5.302958003e+11 inf =   1.844e-01 (2420) 3
*211381: obj =   5.302947069e+11 inf =   1.870e-01 (2419) 3
*211701: obj =   5.302931637e+11 inf =   1.946e-01 (2415) 4
*212041: obj =   5.302930985e+11 inf =   1.940e-01 (2389) 3
*212367: obj =   5.302921705e+11 inf =   1.961e-01 (2393) 3
*212678: obj =   5.302911540e+11 inf =   2.003e-01 (2392) 3
*213030: obj =   5.302911335e+11 inf =   1.985e-01 (2374) 4
*213353: obj =   5.302903042e+11 inf =   1.992e-01 (2378) 3
*213692: obj =   5.302893544e+11 inf =   2.001e-01 (2336) 3
*214011: obj =   5.302879203e+11 inf =   2.037e-01 (2354) 3
*214323: obj =   5.302865232e+11 inf =   2.114e-01 (2341) 3
*214662: obj =   5.302860790e+11 inf =   2.107e-01 (2344) 4
*214966: obj =   5.302849148e+11 inf =   2.086e-01 (2318) 3
*215269: obj =   5.302836727e+11 inf =   2.089e-01 (2332) 3
*215582: obj =   5.302825686e+11 inf =   2.098e-01 (2326) 3
*215932: obj =   5.302817809e+11 inf =   2.085e-01 (2340) 3
*216259: obj =   5.302814206e+11 inf =   2.082e-01 (2333) 4
*216602: obj =   5.302808261e+11 inf =   2.068e-01 (2330) 3
*216946: obj =   5.302797411e+11 inf =   2.040e-01 (2305) 3
*217274: obj =   5.302784068e+11 inf =   2.015e-01 (2312) 4
*217634: obj =   5.302770910e+11 inf =   2.003e-01 (2300) 3
*217999: obj =   5.302762771e+11 inf =   1.986e-01 (2309) 4
*218356: obj =   5.302751005e+11 inf =   1.962e-01 (2294) 3
*218722: obj =   5.138933075e+11 inf =   1.935e-01 (2773) 4
*219041: obj =   5.138916794e+11 inf =   1.925e-01 (2758) 3
*219388: obj =   5.138894610e+11 inf =   1.913e-01 (2757) 4
*219726: obj =   5.138866265e+11 inf =   1.886e-01 (2732) 3
*220059: obj =   5.138774377e+11 inf =   1.779e-01 (2735) 3
*220404: obj =   5.138737490e+11 inf =   1.744e-01 (2737) 4
*220754: obj =   5.138689022e+11 inf =   1.717e-01 (2710) 3
*221107: obj =   5.138654300e+11 inf =   1.688e-01 (2715) 4
*221463: obj =   5.138586195e+11 inf =   1.628e-01 (2697) 3
*221829: obj =   5.138568310e+11 inf =   1.628e-01 (2691) 4
*222204: obj =   5.138540607e+11 inf =   1.625e-01 (2736) 3
*222568: obj =   5.138506728e+11 inf =   1.599e-01 (2686) 4
*222925: obj =   5.138456768e+11 inf =   1.560e-01 (2682) 4
*223259: obj =   5.138383737e+11 inf =   1.548e-01 (2696) 3
*223655: obj =   5.138372183e+11 inf =   1.553e-01 (2682) 4
*224082: obj =   5.138356533e+11 inf =   1.545e-01 (2674) 4
*224472: obj =   5.138308139e+11 inf =   1.489e-01 (2633) 4
*224866: obj =   5.138279424e+11 inf =   1.457e-01 (2656) 4
*225261: obj =   5.138252834e+11 inf =   1.436e-01 (2622) 4
*225659: obj =   5.138227610e+11 inf =   1.397e-01 (2612) 4
*226049: obj =   5.138205794e+11 inf =   1.357e-01 (2605) 3
*226454: obj =   5.138183409e+11 inf =   1.313e-01 (2597) 5
*226866: obj =   5.138166946e+11 inf =   1.286e-01 (2624) 4
*227263: obj =   5.138131649e+11 inf =   1.200e-01 (2602) 4
*227709: obj =   5.138108300e+11 inf =   1.147e-01 (2591) 4
*228139: obj =   5.138077637e+11 inf =   1.070e-01 (2581) 4
*228526: obj =   5.138051836e+11 inf =   1.029e-01 (2552) 4
*228904: obj =   5.138028324e+11 inf =   1.004e-01 (2557) 4
*229300: obj =   5.138014347e+11 inf =   9.849e-02 (2551) 4
*229712: obj =   5.137996949e+11 inf =   9.699e-02 (2497) 4
*230166: obj =   5.137981704e+11 inf =   9.462e-02 (2479) 4
*230609: obj =   5.137967750e+11 inf =   9.266e-02 (2460) 5
*230988: obj =   5.137954673e+11 inf =   9.281e-02 (2448) 3
*231328: obj =   5.137938018e+11 inf =   9.861e-02 (2431) 4
*231713: obj =   5.137925894e+11 inf =   1.015e-01 (2395) 4
*232149: obj =   5.137902251e+11 inf =   1.071e-01 (2397) 4
*232510: obj =   5.137890400e+11 inf =   1.050e-01 (2365) 3
*232916: obj =   5.137878586e+11 inf =   1.046e-01 (2340) 4
*233325: obj =   5.137869169e+11 inf =   1.040e-01 (2326) 5
*233694: obj =   5.137856632e+11 inf =   1.047e-01 (2338) 3
*234162: obj =   5.137847972e+11 inf =   1.036e-01 (2346) 5
*234534: obj =   5.137838885e+11 inf =   1.051e-01 (2309) 3
*234902: obj =   5.137828930e+11 inf =   1.118e-01 (2324) 4
*235265: obj =   5.137823123e+11 inf =   1.099e-01 (2257) 4
*235587: obj =   5.137810569e+11 inf =   1.109e-01 (2269) 3
*235944: obj =   5.137802017e+11 inf =   1.182e-01 (2245) 3
*236287: obj =   5.137798876e+11 inf =   1.201e-01 (2270) 4
*236624: obj =   5.137788981e+11 inf =   1.318e-01 (2236) 3
*236995: obj =   5.137784156e+11 inf =   1.329e-01 (2248) 4
*237394: obj =   5.137772379e+11 inf =   1.321e-01 (2237) 4
*237783: obj =   5.137764230e+11 inf =   1.322e-01 (2217) 4
*238210: obj =   5.137759719e+11 inf =   1.317e-01 (2209) 4
*238571: obj =   5.137754322e+11 inf =   1.349e-01 (2191) 3
*238977: obj =   5.137749406e+11 inf =   1.323e-01 (2176) 4
*239329: obj =   5.137744574e+11 inf =   1.360e-01 (2134) 4
*239681: obj =   5.137742109e+11 inf =   1.381e-01 (2149) 3
*240058: obj =   5.137737153e+11 inf =   1.422e-01 (2159) 4
*240426: obj =   5.137731854e+11 inf =   1.479e-01 (2167) 4
*240827: obj =   5.137726948e+11 inf =   1.502e-01 (2166) 4
*241184: obj =   5.137721041e+11 inf =   1.558e-01 (2137) 3
*241518: obj =   5.137714717e+11 inf =   1.546e-01 (2121) 4
*241879: obj =   5.137710766e+11 inf =   1.579e-01 (2104) 3
*242227: obj =   5.137707118e+11 inf =   1.591e-01 (2109) 4
*242640: obj =   5.137703672e+11 inf =   1.592e-01 (2066) 4
*243003: obj =   5.137700129e+11 inf =   1.622e-01 (2018) 3
*243421: obj =   5.137696706e+11 inf =   1.596e-01 (1991) 4
*243806: obj =   5.137694264e+11 inf =   1.565e-01 (2003) 4
*244205: obj =   5.137690911e+11 inf =   1.536e-01 (1942) 4
*244549: obj =   5.137688509e+11 inf =   1.521e-01 (1928) 4
*244931: obj =   5.137687226e+11 inf =   1.486e-01 (1928) 3
*245337: obj =   5.137684035e+11 inf =   1.492e-01 (1922) 4
*245774: obj =   5.137682447e+11 inf =   1.489e-01 (1896) 5
*246209: obj =   5.137681058e+11 inf =   1.469e-01 (1828) 4
*246626: obj =   5.137680163e+11 inf =   1.460e-01 (1835) 4
*247077: obj =   5.137678311e+11 inf =   1.443e-01 (1725) 5
*247535: obj =   5.137676506e+11 inf =   1.413e-01 (1579) 4
*247988: obj =   5.137675558e+11 inf =   1.386e-01 (1297) 4
*248475: obj =   5.137675385e+11 inf =   1.373e-01 (837) 5
*249066: obj =   5.137674474e+11 inf =   1.352e-01 (236) 3
Removing LP perturbation [249302]...
*249302: obj =   5.139126535e+11 inf =   0.000e+00 (0) 1
OPTIMAL LP SOLUTION FOUND
Integer optimization begins...
Long-step dual simplex will be used
+249302: mip =     not found yet >=              -inf        (1; 0)
+249302: >>>>>   5.139126535e+11 >=   5.139126535e+11   0.0% (1; 0)
+249302: mip =   5.139126535e+11 >=     tree is empty   0.0% (0; 1)
INTEGER OPTIMAL SOLUTION FOUND
Time used:   3749.9 secs
Memory used: 199.7 Mb (209409227 bytes)
Writing MIP solution to 'input/sx-mathoverflow.html/sx-mathoverflow-c2a.txt.gz.54.lp.sol'...
Objective:  obj = 5.139126535e+11 (MINimum)
