GLPSOL--GLPK LP/MIP Solver 5.0
Parameter(s) specified in the command line:
 --lp input/ca-HepTh.html/ca-HepTh.txt.gz.10.lp.reach_chain_detours.lp -o
 input/ca-HepTh.html/ca-HepTh.txt.gz.10.lp.reach_chain_detours.lp.sol
Reading problem data from 'input/ca-HepTh.html/ca-HepTh.txt.gz.10.lp.reach_chain_detours.lp'...
45677 rows, 98203 columns, 228372 non-zeros
98203 integer variables, all of which are binary
143885 lines were read
GLPK Integer Optimizer 5.0
45677 rows, 98203 columns, 228372 non-zeros
98203 integer variables, all of which are binary
Preprocessing...
45612 rows, 98138 columns, 227997 non-zeros
98138 integer variables, all of which are binary
Scaling...
 A: min|aij| =  1.000e+00  max|aij| =  1.000e+00  ratio =  1.000e+00
Problem data seem to be well scaled
Constructing initial basis...
Size of triangular part is 45612
Solving LP relaxation...
GLPK Simplex Optimizer 5.0
45612 rows, 98138 columns, 227997 non-zeros
      0: obj =   0.000000000e+00 inf =   5.800e+01 (58)
     58: obj =   7.152308100e+01 inf =   0.000e+00 (0)
Perturbing LP to avoid stalling [259]...
*  2276: obj =   6.320000500e+01 inf =   0.000e+00 (180) 20
*  4215: obj =   5.570769600e+01 inf =   0.000e+00 (3406) 18
*  6082: obj =   5.570769600e+01 inf =   0.000e+00 (2759) 18
*  8005: obj =   5.570769600e+01 inf =   0.000e+00 (2283) 19
*  9758: obj =   5.570769600e+01 inf =   0.000e+00 (1932) 16
* 11337: obj =   5.570769600e+01 inf =   0.000e+00 (1823) 15
* 12648: obj =   5.570769600e+01 inf =   0.000e+00 (1955) 12
* 13802: obj =   5.570769600e+01 inf =   0.000e+00 (2130) 10
* 14896: obj =   5.570769600e+01 inf =   0.000e+00 (2250) 9
* 15924: obj =   5.570769600e+01 inf =   0.000e+00 (2403) 10
* 16922: obj =   5.570769600e+01 inf =   0.000e+00 (2544) 8
* 17928: obj =   5.570769600e+01 inf =   0.000e+00 (2692) 9
* 18963: obj =   5.570769600e+01 inf =   0.000e+00 (2797) 10
* 20028: obj =   5.570769600e+01 inf =   0.000e+00 (2806) 10
* 21128: obj =   5.570769600e+01 inf =   0.000e+00 (2648) 10
* 22269: obj =   5.570769600e+01 inf =   0.000e+00 (2450) 11
* 23341: obj =   5.570769600e+01 inf =   0.000e+00 (2075) 10
* 24447: obj =   5.447692700e+01 inf =   0.000e+00 (1725) 10
* 25540: obj =   5.447692700e+01 inf =   0.000e+00 (1259) 9
* 27080: obj =   5.348531727e+01 inf =   1.401e-06 (195) 15
Removing LP perturbation [27254]...
* 27254: obj =   5.346813457e+01 inf =   5.423e-13 (0) 2
OPTIMAL LP SOLUTION FOUND
Integer optimization begins...
Long-step dual simplex will be used
+ 27254: mip =     not found yet >=              -inf        (1; 0)
Solution found by heuristic: 58.676926
+ 27254: mip =   5.867692600e+01 >=   5.347693000e+01   8.9% (2; 0)
+ 27283: >>>>>   5.355384900e+01 >=   5.351209100e+01 < 0.1% (2; 0)
+ 27298: mip =   5.355384900e+01 >=     tree is empty   0.0% (0; 3)
INTEGER OPTIMAL SOLUTION FOUND
Time used:   143.4 secs
Memory used: 122.9 Mb (128920660 bytes)
Writing MIP solution to 'input/ca-HepTh.html/ca-HepTh.txt.gz.10.lp.reach_chain_detours.lp.sol'...
Objective:  obj = 53.553849 (MINimum)
