GLPSOL--GLPK LP/MIP Solver 5.0
Parameter(s) specified in the command line:
 --lp input/sx-askubuntu.html/sx-askubuntu-a2q.txt.gz.232.lp -o input/sx-askubuntu.html/sx-askubuntu-a2q.txt.gz.232.lp.sol
Reading problem data from 'input/sx-askubuntu.html/sx-askubuntu-a2q.txt.gz.232.lp'...
247256 rows, 628541 columns, 1236267 non-zeros
628541 integer variables, all of which are binary
875802 lines were read
GLPK Integer Optimizer 5.0
247256 rows, 628541 columns, 1236267 non-zeros
628541 integer variables, all of which are binary
Preprocessing...
1 hidden packing inequaliti(es) were detected
246531 rows, 627724 columns, 1230737 non-zeros
627724 integer variables, all of which are binary
Scaling...
 A: min|aij| =  1.000e+00  max|aij| =  1.000e+00  ratio =  1.000e+00
Problem data seem to be well scaled
Constructing initial basis...
Size of triangular part is 246531
Solving LP relaxation...
GLPK Simplex Optimizer 5.0
246531 rows, 627724 columns, 1230737 non-zeros
      0: obj =   0.000000000e+00 inf =   5.890e+02 (589)
    448: obj =   5.983700484e+11 inf =   1.410e+02 (141)
    589: obj =   7.956470956e+11 inf =   0.000e+00 (0)
Perturbing LP to avoid stalling [788]...
*  1077: obj =   7.956470956e+11 inf =   0.000e+00 (1077)
*  1511: obj =   7.927335747e+11 inf =   0.000e+00 (1190) 2
*  1900: obj =   7.927335747e+11 inf =   0.000e+00 (1203) 4
*  2281: obj =   7.927335747e+11 inf =   0.000e+00 (1222) 4
*  2661: obj =   7.927335747e+11 inf =   0.000e+00 (1214) 3
*  3028: obj =   7.927335747e+11 inf =   0.000e+00 (1228) 4
*  3388: obj =   7.927335747e+11 inf =   0.000e+00 (1247) 3
*  3741: obj =   7.927335747e+11 inf =   0.000e+00 (1264) 3
*  4082: obj =   7.927335747e+11 inf =   0.000e+00 (1279) 4
*  4420: obj =   7.927335747e+11 inf =   0.000e+00 (1286) 3
*  4752: obj =   7.927335747e+11 inf =   0.000e+00 (1276) 3
*  5077: obj =   7.927335747e+11 inf =   0.000e+00 (1284) 3
*  5398: obj =   7.927335747e+11 inf =   0.000e+00 (1299) 3
*  5714: obj =   7.927335747e+11 inf =   0.000e+00 (1317) 3
*  6026: obj =   7.927335747e+11 inf =   0.000e+00 (1327) 3
*  6335: obj =   7.927335747e+11 inf =   0.000e+00 (1316) 3
*  6640: obj =   7.927335747e+11 inf =   0.000e+00 (1319) 3
*  6942: obj =   7.927335747e+11 inf =   0.000e+00 (1339) 3
*  7240: obj =   7.927335747e+11 inf =   0.000e+00 (1351) 3
*  7532: obj =   7.927335747e+11 inf =   0.000e+00 (1349) 3
*  7829: obj =   7.927335747e+11 inf =   0.000e+00 (1355) 2
*  8116: obj =   7.701180727e+11 inf =   0.000e+00 (5076) 3
*  8414: obj =   7.676471543e+11 inf =   0.000e+00 (5089) 3
*  8712: obj =   7.676471520e+11 inf =   1.823e-06 (5053) 3
*  9021: obj =   7.295287157e+11 inf =   3.892e-06 (4992) 3
*  9356: obj =   7.204551476e+11 inf =   6.508e-04 (4910) 3
*  9784: obj =   5.410486793e+11 inf =   1.340e-03 (4764) 2
* 10122: obj =   5.341670732e+11 inf =   3.622e-03 (4747) 3
* 10503: obj =   4.626757433e+11 inf =   3.708e-03 (4721) 3
* 10869: obj =   4.025385028e+11 inf =   4.811e-03 (4651) 2
* 11246: obj =   3.786250480e+11 inf =   5.402e-03 (9640) 3
* 11611: obj =   3.296715812e+11 inf =   4.884e-03 (8291) 2
* 11966: obj =   3.285576018e+11 inf =   6.559e-03 (4375) 2
* 12282: obj =   3.271168485e+11 inf =   1.138e-02 (4392) 3
* 12617: obj =   2.932179358e+11 inf =   1.363e-02 (4302) 3
* 12925: obj =   2.932178812e+11 inf =   2.010e-02 (4299) 3
* 13224: obj =   2.932178326e+11 inf =   2.428e-02 (4323) 2
* 13512: obj =   2.932177848e+11 inf =   2.878e-02 (4334) 3
* 13811: obj =   2.932177430e+11 inf =   3.241e-02 (4332) 2
* 14098: obj =   2.932176918e+11 inf =   3.710e-02 (4326) 3
* 14401: obj =   2.932176669e+11 inf =   3.906e-02 (4340) 3
* 14711: obj =   2.932176285e+11 inf =   4.016e-02 (4309) 2
* 15018: obj =   2.932175784e+11 inf =   4.517e-02 (4322) 3
* 15298: obj =   2.932175310e+11 inf =   5.054e-02 (4339) 3
* 15615: obj =   2.932175124e+11 inf =   4.969e-02 (4345) 2
* 15922: obj =   2.922471875e+11 inf =   4.545e-02 (4366) 3
* 16197: obj =   2.922466323e+11 inf =   4.992e-02 (4315) 3
* 16487: obj =   2.922462995e+11 inf =   6.175e-02 (4249) 3
* 16810: obj =   2.922460704e+11 inf =   8.564e-02 (4176) 3
* 17167: obj =   2.862351373e+11 inf =   8.563e-02 (7797) 3
* 17518: obj =   2.673179181e+11 inf =   7.523e-02 (4068) 2
* 17859: obj =   2.551331680e+11 inf =   7.387e-02 (7335) 3
* 18209: obj =   2.305602619e+11 inf =   7.249e-02 (3962) 3
* 18573: obj =   1.722198906e+11 inf =   7.097e-02 (6158) 3
* 18914: obj =   1.469404210e+11 inf =   6.973e-02 (5950) 3
* 19266: obj =   1.460568957e+11 inf =   6.869e-02 (3751) 3
* 19608: obj =   1.416148019e+11 inf =   6.565e-02 (5434) 3
* 19958: obj =   1.402913606e+11 inf =   6.261e-02 (5256) 3
* 20322: obj =   1.398408254e+11 inf =   6.111e-02 (3091) 2
* 20679: obj =   1.389680316e+11 inf =   5.788e-02 (4935) 2
* 21023: obj =   1.389679482e+11 inf =   5.652e-02 (4750) 2
* 21388: obj =   1.376446227e+11 inf =   5.601e-02 (4473) 2
* 21743: obj =   1.376445955e+11 inf =   5.715e-02 (4164) 1
* 22080: obj =   1.376445713e+11 inf =   5.702e-02 (3941) 2
* 22418: obj =   1.336953889e+11 inf =   5.648e-02 (3826) 3
* 22766: obj =   1.336953459e+11 inf =   5.893e-02 (3645) 1
* 23047: obj =   1.323777276e+11 inf =   6.585e-02 (928) 3
* 23300: obj =   1.323776334e+11 inf =   6.676e-02 (975) 2
* 23544: obj =   1.323775477e+11 inf =   6.602e-02 (962) 3
* 23790: obj =   1.323773115e+11 inf =   6.745e-02 (951) 2
* 24031: obj =   1.323772549e+11 inf =   6.767e-02 (950) 3
* 24276: obj =   1.323770922e+11 inf =   6.952e-02 (970) 2
* 24513: obj =   1.323770445e+11 inf =   6.973e-02 (3025) 2
* 24740: obj =   1.323768840e+11 inf =   6.685e-02 (3016) 3
* 24968: obj =   1.323767474e+11 inf =   6.989e-02 (2980) 2
* 25198: obj =   1.323767213e+11 inf =   7.023e-02 (2940) 2
* 25428: obj =   1.323766467e+11 inf =   7.125e-02 (2944) 2
* 25649: obj =   1.323765943e+11 inf =   7.189e-02 (2938) 3
* 25876: obj =   1.323765200e+11 inf =   7.589e-02 (2915) 2
* 26104: obj =   1.323764774e+11 inf =   7.900e-02 (2923) 2
* 26333: obj =   1.323763803e+11 inf =   9.331e-02 (2907) 2
* 26561: obj =   1.323763178e+11 inf =   1.016e-01 (2879) 3
* 26788: obj =   1.323762676e+11 inf =   1.075e-01 (2896) 2
* 27015: obj =   1.323762440e+11 inf =   1.102e-01 (2912) 2
* 27243: obj =   1.323762050e+11 inf =   1.124e-01 (2893) 2
* 27470: obj =   1.323761590e+11 inf =   1.183e-01 (2900) 2
* 27688: obj =   1.323761434e+11 inf =   1.200e-01 (2931) 3
* 27912: obj =   1.323761044e+11 inf =   1.238e-01 (2921) 2
* 28138: obj =   1.323760901e+11 inf =   1.250e-01 (2916) 2
* 28363: obj =   1.323760505e+11 inf =   1.220e-01 (2903) 2
* 28649: obj =   1.323759135e+11 inf =   1.198e-01 (2957) 3
* 28962: obj =   1.323757585e+11 inf =   1.183e-01 (2902) 3
* 29255: obj =   1.323754770e+11 inf =   1.155e-01 (2844) 2
* 29550: obj =   1.323753341e+11 inf =   1.143e-01 (2801) 3
* 29825: obj =   1.323748730e+11 inf =   1.064e-01 (2753) 3
* 30121: obj =   1.323746821e+11 inf =   1.048e-01 (2716) 2
* 30419: obj =   1.323744499e+11 inf =   1.026e-01 (2658) 3
* 30728: obj =   1.323742949e+11 inf =   1.005e-01 (2594) 3
* 31067: obj =   1.323742584e+11 inf =   9.931e-02 (2562) 3
* 31415: obj =   1.323678813e+11 inf =   9.744e-02 (4566) 3
* 31740: obj =   1.323677815e+11 inf =   9.408e-02 (4366) 2
* 32071: obj =   1.323677225e+11 inf =   9.312e-02 (4190) 2
* 32402: obj =   1.323675461e+11 inf =   9.173e-02 (4069) 3
* 32744: obj =   1.323674667e+11 inf =   8.788e-02 (3870) 3
* 33077: obj =   1.323674124e+11 inf =   8.449e-02 (3709) 3
* 33431: obj =   1.323673434e+11 inf =   8.059e-02 (3527) 1
* 33729: obj =   1.310554921e+11 inf =   7.887e-02 (1162) 3
* 34025: obj =   1.310554168e+11 inf =   7.825e-02 (1150) 2
* 34271: obj =   1.310551439e+11 inf =   7.857e-02 (1163) 3
* 34513: obj =   1.310549394e+11 inf =   7.704e-02 (1158) 2
* 34751: obj =   1.310548157e+11 inf =   7.570e-02 (1162) 2
* 34983: obj =   1.310545879e+11 inf =   7.376e-02 (1152) 3
* 35220: obj =   1.310545157e+11 inf =   7.280e-02 (1120) 2
* 35456: obj =   1.310542898e+11 inf =   7.217e-02 (1082) 2
* 35687: obj =   1.310541176e+11 inf =   7.227e-02 (1083) 3
* 35921: obj =   1.310539967e+11 inf =   7.284e-02 (1079) 2
* 36158: obj =   1.310536665e+11 inf =   7.753e-02 (1050) 2
* 36386: obj =   1.310535182e+11 inf =   7.875e-02 (3112) 2
* 36600: obj =   1.310533928e+11 inf =   7.991e-02 (3082) 3
* 36822: obj =   1.310533380e+11 inf =   8.057e-02 (3037) 2
* 37046: obj =   1.310532458e+11 inf =   8.267e-02 (3039) 2
* 37271: obj =   1.310531847e+11 inf =   8.375e-02 (3019) 2
* 37492: obj =   1.310531306e+11 inf =   8.488e-02 (3016) 2
* 37711: obj =   1.310530818e+11 inf =   8.503e-02 (3013) 3
* 37936: obj =   1.310530261e+11 inf =   8.623e-02 (3006) 2
* 38159: obj =   1.310529756e+11 inf =   8.696e-02 (2971) 2
* 38380: obj =   1.310529689e+11 inf =   8.635e-02 (2980) 2
* 38603: obj =   1.310529587e+11 inf =   8.576e-02 (2963) 2
* 38825: obj =   1.310529036e+11 inf =   8.440e-02 (2952) 3
* 39048: obj =   1.310528552e+11 inf =   8.409e-02 (2962) 2
* 39269: obj =   1.310528299e+11 inf =   8.378e-02 (2915) 2
* 39489: obj =   1.310527845e+11 inf =   8.486e-02 (2921) 2
* 39754: obj =   1.310527346e+11 inf =   8.521e-02 (3013) 2
* 40047: obj =   1.310525969e+11 inf =   8.401e-02 (2903) 3
* 40305: obj =   1.310521236e+11 inf =   7.802e-02 (2854) 3
* 40585: obj =   1.310518215e+11 inf =   7.541e-02 (2838) 2
* 40846: obj =   1.310513347e+11 inf =   7.100e-02 (2770) 3
* 41133: obj =   1.310511374e+11 inf =   6.997e-02 (2732) 2
* 41404: obj =   1.310508241e+11 inf =   6.728e-02 (2658) 3
* 41705: obj =   1.310507181e+11 inf =   6.758e-02 (2639) 3
* 42016: obj =   1.310506008e+11 inf =   6.895e-02 (2519) 2
* 42330: obj =   1.310505440e+11 inf =   6.926e-02 (2461) 3
* 42663: obj =   1.310421375e+11 inf =   6.884e-02 (4756) 3
* 42981: obj =   1.310420349e+11 inf =   6.832e-02 (4627) 3
* 43283: obj =   1.310418990e+11 inf =   6.625e-02 (4539) 2
* 43597: obj =   1.310417392e+11 inf =   6.558e-02 (4424) 4
* 43938: obj =   1.310415966e+11 inf =   6.444e-02 (4210) 2
* 44285: obj =   1.310415586e+11 inf =   6.372e-02 (3916) 2
* 44621: obj =   1.310415394e+11 inf =   6.321e-02 (3661) 2
* 44922: obj =   1.310414815e+11 inf =   6.354e-02 (3562) 2
* 45223: obj =   1.310414226e+11 inf =   6.190e-02 (3444) 3
* 45541: obj =   1.310413443e+11 inf =   6.261e-02 (3330) 2
* 45825: obj =   1.310412551e+11 inf =   6.679e-02 (3236) 2
* 46100: obj =   1.310411716e+11 inf =   7.142e-02 (3100) 2
* 46395: obj =   1.310410092e+11 inf =   7.393e-02 (2998) 3
* 46674: obj =   1.310408596e+11 inf =   7.886e-02 (2884) 2
* 46942: obj =   1.310407095e+11 inf =   8.346e-02 (2866) 2
* 47232: obj =   1.297327131e+11 inf =   8.402e-02 (1626) 2
* 47543: obj =   1.284246702e+11 inf =   8.211e-02 (1593) 4
* 47841: obj =   1.284245901e+11 inf =   8.288e-02 (1521) 2
* 48093: obj =   1.284244584e+11 inf =   8.726e-02 (1538) 3
* 48330: obj =   1.284243404e+11 inf =   8.907e-02 (1555) 2
* 48562: obj =   1.284242087e+11 inf =   8.999e-02 (1557) 2
* 48787: obj =   1.284241079e+11 inf =   9.098e-02 (1528) 3
* 49017: obj =   1.284239303e+11 inf =   9.329e-02 (1495) 2
* 49248: obj =   1.284236148e+11 inf =   9.884e-02 (1466) 2
* 49476: obj =   1.284236124e+11 inf =   9.791e-02 (1440) 2
* 49700: obj =   1.284236102e+11 inf =   9.709e-02 (1449) 3
* 49928: obj =   1.284231685e+11 inf =   1.054e-01 (1376) 2
* 50158: obj =   1.284229800e+11 inf =   1.086e-01 (1410) 2
* 50386: obj =   1.284229539e+11 inf =   1.080e-01 (1391) 2
* 50614: obj =   1.284227162e+11 inf =   1.116e-01 (1393) 2
* 50839: obj =   1.284224846e+11 inf =   1.155e-01 (1366) 3
* 51069: obj =   1.284220591e+11 inf =   1.239e-01 (1305) 2
* 51289: obj =   1.284219429e+11 inf =   1.254e-01 (3421) 2
* 51502: obj =   1.284217846e+11 inf =   1.249e-01 (3418) 2
* 51714: obj =   1.284216435e+11 inf =   1.241e-01 (3349) 2
* 51926: obj =   1.284215232e+11 inf =   1.228e-01 (3326) 2
* 52135: obj =   1.284214386e+11 inf =   1.218e-01 (3310) 3
* 52351: obj =   1.284213661e+11 inf =   1.214e-01 (3301) 2
* 52565: obj =   1.284213149e+11 inf =   1.205e-01 (3262) 2
* 52778: obj =   1.284212466e+11 inf =   1.187e-01 (3253) 2
* 52993: obj =   1.284211381e+11 inf =   1.184e-01 (3233) 2
* 53207: obj =   1.284211118e+11 inf =   1.179e-01 (3206) 2
* 53424: obj =   1.284210177e+11 inf =   1.176e-01 (3200) 2
* 53639: obj =   1.284209751e+11 inf =   1.173e-01 (3211) 2
* 53852: obj =   1.284209402e+11 inf =   1.166e-01 (3171) 2
* 54061: obj =   1.284208666e+11 inf =   1.167e-01 (3159) 3
* 54276: obj =   1.284208500e+11 inf =   1.161e-01 (3170) 2
* 54489: obj =   1.284207922e+11 inf =   1.150e-01 (3190) 2
* 54701: obj =   1.284207372e+11 inf =   1.147e-01 (3194) 2
* 54913: obj =   1.284206728e+11 inf =   1.137e-01 (3190) 2
* 55128: obj =   1.284206361e+11 inf =   1.133e-01 (3142) 2
* 55349: obj =   1.284206113e+11 inf =   1.122e-01 (3147) 2
* 55566: obj =   1.284205801e+11 inf =   1.109e-01 (3102) 2
* 55779: obj =   1.284204863e+11 inf =   1.102e-01 (3088) 2
* 55996: obj =   1.284204186e+11 inf =   1.093e-01 (3048) 2
* 56214: obj =   1.284204037e+11 inf =   1.089e-01 (2996) 3
* 56438: obj =   1.284203946e+11 inf =   1.084e-01 (2966) 2
* 56658: obj =   1.284203726e+11 inf =   1.080e-01 (2944) 2
* 56879: obj =   1.284203551e+11 inf =   1.074e-01 (2940) 2
* 57098: obj =   1.284203301e+11 inf =   1.067e-01 (2952) 2
* 57317: obj =   1.284202838e+11 inf =   1.064e-01 (2966) 2
* 57533: obj =   1.284202734e+11 inf =   1.062e-01 (2926) 2
* 57746: obj =   1.284202657e+11 inf =   1.057e-01 (2924) 2
* 57982: obj =   1.284200287e+11 inf =   1.043e-01 (5320) 2
* 58214: obj =   1.284176803e+11 inf =   9.799e-02 (5276) 3
* 58467: obj =   1.284158254e+11 inf =   9.475e-02 (5233) 2
* 58712: obj =   1.284144175e+11 inf =   9.232e-02 (5211) 2
* 58939: obj =   1.284112759e+11 inf =   8.805e-02 (5124) 3
* 59187: obj =   1.284093518e+11 inf =   8.915e-02 (5062) 2
* 59431: obj =   1.284071990e+11 inf =   9.099e-02 (5025) 3
* 59694: obj =   1.284067312e+11 inf =   9.034e-02 (4950) 2
* 59953: obj =   1.284058804e+11 inf =   8.876e-02 (4870) 3
* 60208: obj =   1.284041959e+11 inf =   8.694e-02 (4784) 2
* 60461: obj =   1.284033746e+11 inf =   8.583e-02 (4765) 3
* 60732: obj =   1.284026272e+11 inf =   8.595e-02 (4679) 2
* 60992: obj =   1.284018763e+11 inf =   8.650e-02 (4565) 3
* 61280: obj =   1.284014451e+11 inf =   8.669e-02 (4455) 3
* 61574: obj =   1.284011788e+11 inf =   8.683e-02 (4395) 3
* 61868: obj =   1.284009052e+11 inf =   8.688e-02 (4310) 3
* 62175: obj =   1.284007808e+11 inf =   8.633e-02 (4244) 3
* 62497: obj =   1.284006695e+11 inf =   8.566e-02 (4204) 2
* 62795: obj =   1.284005820e+11 inf =   8.435e-02 (4210) 3
* 63114: obj =   1.284005252e+11 inf =   8.411e-02 (4161) 3
* 63420: obj =   1.284004552e+11 inf =   8.348e-02 (4033) 3
* 63742: obj =   1.271036431e+11 inf =   8.163e-02 (2159) 3
* 64041: obj =   1.271034749e+11 inf =   8.123e-02 (2078) 3
* 64289: obj =   1.271030520e+11 inf =   8.263e-02 (2015) 3
* 64532: obj =   1.271026337e+11 inf =   8.452e-02 (1933) 2
* 64770: obj =   1.271023470e+11 inf =   8.649e-02 (1853) 2
* 65003: obj =   1.271018405e+11 inf =   9.114e-02 (1780) 3
* 65237: obj =   1.271015457e+11 inf =   9.267e-02 (1736) 2
* 65470: obj =   1.271012965e+11 inf =   9.429e-02 (1649) 2
* 65700: obj =   1.271011772e+11 inf =   9.460e-02 (1592) 2
* 65927: obj =   1.271009226e+11 inf =   9.543e-02 (1568) 2
* 66152: obj =   1.271006441e+11 inf =   9.666e-02 (1552) 3
* 66379: obj =   1.271005351e+11 inf =   9.628e-02 (1533) 2
* 66606: obj =   1.271001863e+11 inf =   9.827e-02 (1462) 2
* 66830: obj =   1.270999194e+11 inf =   1.001e-01 (1428) 2
* 67055: obj =   1.270996630e+11 inf =   1.027e-01 (1386) 2
* 67275: obj =   1.270996554e+11 inf =   1.016e-01 (1372) 3
* 67500: obj =   1.270995067e+11 inf =   1.026e-01 (1354) 2
* 67724: obj =   1.270994443e+11 inf =   1.018e-01 (1347) 2
* 67947: obj =   1.270993735e+11 inf =   1.015e-01 (1304) 2
* 68173: obj =   1.270991936e+11 inf =   1.020e-01 (1313) 2
* 68394: obj =   1.270987746e+11 inf =   1.060e-01 (1283) 3
* 68612: obj =   1.270986871e+11 inf =   1.057e-01 (4222) 2
* 68824: obj =   1.270985743e+11 inf =   1.048e-01 (4218) 2
* 69036: obj =   1.270984814e+11 inf =   1.039e-01 (4220) 2
* 69246: obj =   1.270983774e+11 inf =   1.031e-01 (4243) 2
* 69456: obj =   1.270982220e+11 inf =   1.021e-01 (4169) 2
* 69665: obj =   1.270981300e+11 inf =   1.014e-01 (4171) 2
* 69873: obj =   1.270980508e+11 inf =   1.008e-01 (4134) 2
* 70083: obj =   1.270979637e+11 inf =   1.004e-01 (4131) 2
* 70292: obj =   1.270978695e+11 inf =   9.975e-02 (4126) 2
* 70500: obj =   1.270978196e+11 inf =   9.860e-02 (4141) 2
* 70707: obj =   1.270977170e+11 inf =   9.721e-02 (4116) 3
* 70911: obj =   1.270976694e+11 inf =   9.612e-02 (4080) 1
* 71111: obj =   1.270976363e+11 inf =   9.419e-02 (4078) 2
* 71312: obj =   1.270975954e+11 inf =   9.275e-02 (4044) 2
* 71513: obj =   1.270975359e+11 inf =   9.226e-02 (4090) 2
* 71713: obj =   1.270974845e+11 inf =   9.099e-02 (4055) 2
* 71916: obj =   1.270974490e+11 inf =   9.004e-02 (4022) 2
* 72116: obj =   1.270974060e+11 inf =   8.921e-02 (4039) 2
* 72310: obj =   1.270973870e+11 inf =   8.652e-02 (4050) 2
* 72513: obj =   1.270973320e+11 inf =   8.700e-02 (4019) 2
* 72706: obj =   1.270973168e+11 inf =   8.542e-02 (4073) 2
* 72952: obj =   1.270972436e+11 inf =   8.454e-02 (4179) 2
* 73208: obj =   1.270967706e+11 inf =   8.661e-02 (4180) 2
* 73451: obj =   1.270960284e+11 inf =   8.964e-02 (4088) 3
* 73691: obj =   1.270947909e+11 inf =   9.497e-02 (4031) 2
* 73946: obj =   1.270942973e+11 inf =   9.974e-02 (3993) 2
* 74190: obj =   1.270933371e+11 inf =   1.066e-01 (3943) 3
* 74451: obj =   1.270928924e+11 inf =   1.094e-01 (3882) 2
* 74715: obj =   1.270925796e+11 inf =   1.117e-01 (3839) 2
* 74973: obj =   1.270923522e+11 inf =   1.136e-01 (3801) 3
* 75242: obj =   1.270915956e+11 inf =   1.145e-01 (3781) 2
* 75504: obj =   1.270911304e+11 inf =   1.153e-01 (3717) 3
* 75772: obj =   1.270908145e+11 inf =   1.162e-01 (3631) 2
* 76031: obj =   1.270902036e+11 inf =   1.168e-01 (3557) 2
* 76290: obj =   1.270897718e+11 inf =   1.175e-01 (3521) 3
* 76560: obj =   1.270891812e+11 inf =   1.195e-01 (3446) 2
* 76816: obj =   1.270886740e+11 inf =   1.250e-01 (3365) 3
* 77094: obj =   1.270883900e+11 inf =   1.300e-01 (3281) 3
* 77409: obj =   1.270882831e+11 inf =   1.336e-01 (3169) 2
* 77723: obj =   1.270882306e+11 inf =   1.344e-01 (3161) 3
* 78039: obj =   1.270881790e+11 inf =   1.335e-01 (3126) 2
* 78353: obj =   1.270881385e+11 inf =   1.349e-01 (3076) 3
* 78665: obj =   1.270880933e+11 inf =   1.316e-01 (3019) 2
* 78979: obj =   1.270690772e+11 inf =   1.312e-01 (5673) 2
* 79268: obj =   1.270689333e+11 inf =   1.318e-01 (5583) 3
* 79584: obj =   1.270687046e+11 inf =   1.310e-01 (5479) 3
* 79901: obj =   1.270685073e+11 inf =   1.295e-01 (5168) 3
* 80217: obj =   1.270683417e+11 inf =   1.279e-01 (4972) 3
* 80533: obj =   1.270682741e+11 inf =   1.266e-01 (4778) 2
* 80869: obj =   1.270682274e+11 inf =   1.254e-01 (4487) 1
* 81178: obj =   1.270681947e+11 inf =   1.243e-01 (4339) 3
* 81503: obj =   1.270681379e+11 inf =   1.235e-01 (4056) 1
* 81799: obj =   1.270681082e+11 inf =   1.240e-01 (3907) 2
* 82072: obj =   1.270680675e+11 inf =   1.251e-01 (3813) 2
* 82392: obj =   1.270680300e+11 inf =   1.238e-01 (3723) 2
* 82676: obj =   1.270680005e+11 inf =   1.240e-01 (3627) 2
* 82946: obj =   1.270679571e+11 inf =   1.254e-01 (3562) 2
* 83223: obj =   1.270679219e+11 inf =   1.279e-01 (3470) 3
* 83517: obj =   1.270678721e+11 inf =   1.248e-01 (3418) 2
* 83785: obj =   1.270678191e+11 inf =   1.261e-01 (3344) 2
* 84044: obj =   1.270677346e+11 inf =   1.267e-01 (3349) 2
* 84296: obj =   1.270676748e+11 inf =   1.297e-01 (3287) 3
* 84591: obj =   1.270675018e+11 inf =   1.283e-01 (3162) 2
* 84824: obj =   1.270673945e+11 inf =   1.302e-01 (3101) 2
* 85050: obj =   1.270672419e+11 inf =   1.364e-01 (3038) 2
* 85310: obj =   1.270671046e+11 inf =   1.399e-01 (2956) 3
* 85545: obj =   1.270669974e+11 inf =   1.408e-01 (2886) 2
* 85773: obj =   1.270667473e+11 inf =   1.448e-01 (2903) 2
* 85997: obj =   1.270666086e+11 inf =   1.477e-01 (2815) 2
* 86234: obj =   1.270665630e+11 inf =   1.572e-01 (2758) 2
* 86503: obj =   1.270661858e+11 inf =   1.582e-01 (2689) 2
* 86718: obj =   1.270661571e+11 inf =   1.628e-01 (2651) 3
* 86957: obj =   1.270658495e+11 inf =   1.644e-01 (2695) 2
* 87203: obj =   1.270658061e+11 inf =   1.677e-01 (2582) 2
* 87467: obj =   1.270654362e+11 inf =   1.709e-01 (2563) 2
* 87690: obj =   1.270652742e+11 inf =   1.768e-01 (2510) 2
* 87916: obj =   1.270650680e+11 inf =   1.787e-01 (2453) 2
* 88146: obj =   1.270649530e+11 inf =   1.811e-01 (2435) 2
* 88399: obj =   1.270647586e+11 inf =   1.831e-01 (2420) 3
* 88620: obj =   1.270644232e+11 inf =   1.911e-01 (2425) 2
* 88834: obj =   1.270642545e+11 inf =   1.914e-01 (2414) 2
* 89073: obj =   1.270641813e+11 inf =   1.960e-01 (2350) 2
* 89316: obj =   1.270639593e+11 inf =   1.996e-01 (2412) 2
* 89528: obj =   1.270638448e+11 inf =   2.042e-01 (2330) 2
* 89756: obj =   1.270636012e+11 inf =   2.032e-01 (2396) 2
* 89994: obj =   1.270633348e+11 inf =   2.055e-01 (2305) 2
* 90205: obj =   1.270633249e+11 inf =   2.063e-01 (2295) 3
* 90419: obj =   1.270633140e+11 inf =   2.077e-01 (2267) 2
* 90655: obj =   1.257767723e+11 inf =   2.106e-01 (2119) 2
* 90871: obj =   1.257765701e+11 inf =   2.197e-01 (2131) 2
* 91075: obj =   1.257764818e+11 inf =   2.218e-01 (2138) 2
* 91282: obj =   1.257764463e+11 inf =   2.214e-01 (2149) 2
* 91489: obj =   1.257763917e+11 inf =   2.214e-01 (2135) 2
* 91696: obj =   1.257761500e+11 inf =   2.238e-01 (2096) 2
* 91904: obj =   1.257757944e+11 inf =   2.304e-01 (2009) 2
* 92111: obj =   1.257755628e+11 inf =   2.340e-01 (2027) 2
* 92319: obj =   1.257753867e+11 inf =   2.356e-01 (1986) 2
* 92526: obj =   1.257751965e+11 inf =   2.377e-01 (1960) 2
* 92733: obj =   1.257749625e+11 inf =   2.405e-01 (1913) 2
* 92939: obj =   1.257748620e+11 inf =   2.400e-01 (1906) 2
* 93148: obj =   1.257745144e+11 inf =   2.449e-01 (1887) 2
* 93355: obj =   1.257744107e+11 inf =   2.441e-01 (1866) 2
* 93563: obj =   1.257741655e+11 inf =   2.454e-01 (1809) 3
* 93771: obj =   1.257739339e+11 inf =   2.477e-01 (1761) 2
* 93979: obj =   1.257735053e+11 inf =   2.542e-01 (1702) 2
* 94188: obj =   1.257732530e+11 inf =   2.573e-01 (1695) 2
* 94396: obj =   1.257729798e+11 inf =   2.605e-01 (1657) 2
* 94602: obj =   1.257728722e+11 inf =   2.597e-01 (1667) 2
* 94808: obj =   1.257726561e+11 inf =   2.605e-01 (1664) 2
* 95014: obj =   1.257725050e+11 inf =   2.601e-01 (1661) 2
* 95220: obj =   1.257724693e+11 inf =   2.566e-01 (1647) 2
* 95427: obj =   1.257721552e+11 inf =   2.596e-01 (1606) 2
* 95633: obj =   1.257719690e+11 inf =   2.595e-01 (1584) 2
* 95838: obj =   1.257717504e+11 inf =   2.594e-01 (1581) 2
* 96044: obj =   1.257715564e+11 inf =   2.586e-01 (1563) 2
* 96251: obj =   1.257713900e+11 inf =   2.567e-01 (1565) 2
* 96457: obj =   1.257711418e+11 inf =   2.563e-01 (1528) 2
* 96654: obj =   1.257710184e+11 inf =   2.554e-01 (4516) 2
* 96846: obj =   1.257708917e+11 inf =   2.558e-01 (4498) 2
* 97039: obj =   1.257707777e+11 inf =   2.567e-01 (4439) 2
* 97234: obj =   1.257707587e+11 inf =   2.565e-01 (4424) 2
* 97427: obj =   1.257707025e+11 inf =   2.561e-01 (4414) 2
* 97621: obj =   1.257705839e+11 inf =   2.551e-01 (4395) 2
* 97820: obj =   1.257704809e+11 inf =   2.548e-01 (4356) 2
* 98022: obj =   1.257703912e+11 inf =   2.543e-01 (4348) 2
* 98224: obj =   1.257703414e+11 inf =   2.535e-01 (4334) 2
* 98426: obj =   1.257702456e+11 inf =   2.526e-01 (4336) 2
* 98626: obj =   1.257701892e+11 inf =   2.515e-01 (4334) 1
* 98817: obj =   1.257700253e+11 inf =   2.505e-01 (4297) 2
* 99008: obj =   1.257699483e+11 inf =   2.501e-01 (4291) 2
* 99203: obj =   1.257698905e+11 inf =   2.498e-01 (4323) 2
* 99397: obj =   1.257697886e+11 inf =   2.490e-01 (4282) 2
* 99590: obj =   1.257697445e+11 inf =   2.483e-01 (4284) 2
* 99781: obj =   1.257696965e+11 inf =   2.472e-01 (4297) 2
* 99970: obj =   1.257696644e+11 inf =   2.459e-01 (4290) 2
*100164: obj =   1.257695418e+11 inf =   2.438e-01 (4284) 2
*100357: obj =   1.257694718e+11 inf =   2.430e-01 (4280) 2
*100548: obj =   1.257694095e+11 inf =   2.421e-01 (4265) 2
*100749: obj =   1.257693197e+11 inf =   2.411e-01 (4260) 1
*100933: obj =   1.257692953e+11 inf =   2.379e-01 (4267) 2
*101118: obj =   1.257692615e+11 inf =   2.346e-01 (4263) 2
*101307: obj =   1.257691891e+11 inf =   2.323e-01 (4265) 2
*101498: obj =   1.257691285e+11 inf =   2.316e-01 (4263) 2
*101686: obj =   1.257690831e+11 inf =   2.299e-01 (4233) 2
*101877: obj =   1.257689792e+11 inf =   2.293e-01 (4225) 2
*102077: obj =   1.257688416e+11 inf =   2.289e-01 (4179) 2
*102279: obj =   1.257687942e+11 inf =   2.286e-01 (4182) 2
*102476: obj =   1.257687345e+11 inf =   2.275e-01 (4183) 1
*102690: obj =   1.257686727e+11 inf =   2.279e-01 (4242) 3
*102925: obj =   1.257685432e+11 inf =   2.275e-01 (4145) 2
*103141: obj =   1.257684666e+11 inf =   2.272e-01 (4132) 2
*103363: obj =   1.257680765e+11 inf =   2.242e-01 (4075) 2
*103575: obj =   1.257677760e+11 inf =   2.230e-01 (4019) 2
*103780: obj =   1.257673577e+11 inf =   2.203e-01 (3981) 2
*103983: obj =   1.257670817e+11 inf =   2.187e-01 (3903) 2
*104188: obj =   1.257667046e+11 inf =   2.162e-01 (3865) 2
*104392: obj =   1.257664618e+11 inf =   2.158e-01 (3829) 2
*104600: obj =   1.257663793e+11 inf =   2.160e-01 (3804) 1
*104803: obj =   1.257659389e+11 inf =   2.140e-01 (3787) 2
*105004: obj =   1.257658111e+11 inf =   2.149e-01 (3743) 2
*105212: obj =   1.257655288e+11 inf =   2.138e-01 (3725) 2
*105435: obj =   1.257652614e+11 inf =   2.135e-01 (3700) 2
*105660: obj =   1.257651054e+11 inf =   2.139e-01 (3658) 3
*105885: obj =   1.257648331e+11 inf =   2.142e-01 (3604) 2
*106123: obj =   1.257646489e+11 inf =   2.146e-01 (3578) 2
*106344: obj =   1.257643591e+11 inf =   2.143e-01 (3527) 2
*106571: obj =   1.257642071e+11 inf =   2.144e-01 (3533) 2
*106806: obj =   1.257639879e+11 inf =   2.143e-01 (3507) 2
*107035: obj =   1.257637112e+11 inf =   2.140e-01 (3534) 3
*107257: obj =   1.257635380e+11 inf =   2.138e-01 (3507) 2
*107479: obj =   1.257632465e+11 inf =   2.134e-01 (3469) 2
*107705: obj =   1.257630065e+11 inf =   2.151e-01 (3464) 2
*107932: obj =   1.257627721e+11 inf =   2.175e-01 (3438) 2
*108161: obj =   1.257625653e+11 inf =   2.198e-01 (3419) 2
*108381: obj =   1.257623803e+11 inf =   2.229e-01 (3375) 3
*108605: obj =   1.257621622e+11 inf =   2.285e-01 (3337) 2
*108830: obj =   1.257619522e+11 inf =   2.364e-01 (3276) 2
*109090: obj =   1.257619179e+11 inf =   2.375e-01 (3247) 2
*109331: obj =   1.257618141e+11 inf =   2.400e-01 (3239) 3
*109592: obj =   1.257617719e+11 inf =   2.418e-01 (3153) 2
*109853: obj =   1.257617339e+11 inf =   2.433e-01 (3110) 2
*110105: obj =   1.257449438e+11 inf =   2.473e-01 (3209) 3
*110334: obj =   1.257446029e+11 inf =   2.568e-01 (3191) 2
*110582: obj =   1.257440807e+11 inf =   2.664e-01 (3168) 2
*110852: obj =   1.257439625e+11 inf =   2.720e-01 (3092) 3
*111136: obj =   1.257436434e+11 inf =   2.725e-01 (3044) 2
*111418: obj =   1.257434278e+11 inf =   2.718e-01 (3022) 3
*111687: obj =   1.257433779e+11 inf =   2.714e-01 (2951) 2
*111972: obj =   1.257432764e+11 inf =   2.707e-01 (2892) 3
*112263: obj =   1.257431760e+11 inf =   2.690e-01 (2862) 2
*112534: obj =   1.257431114e+11 inf =   2.662e-01 (2873) 2
*112809: obj =   1.257430785e+11 inf =   2.650e-01 (2880) 3
*113102: obj =   1.257430471e+11 inf =   2.653e-01 (2835) 2
*113398: obj =   1.257430053e+11 inf =   2.636e-01 (2790) 3
*113693: obj =   1.257429623e+11 inf =   2.619e-01 (2750) 2
*113959: obj =   1.256926442e+11 inf =   2.599e-01 (5106) 2
*114211: obj =   1.256923838e+11 inf =   2.617e-01 (5048) 2
*114476: obj =   1.256921906e+11 inf =   2.637e-01 (4986) 3
*114749: obj =   1.256919058e+11 inf =   2.634e-01 (4906) 3
*115035: obj =   1.256915333e+11 inf =   2.626e-01 (4845) 2
*115316: obj =   1.256913715e+11 inf =   2.619e-01 (4804) 3
*115619: obj =   1.256910576e+11 inf =   2.597e-01 (4585) 3
*115919: obj =   1.256907153e+11 inf =   2.434e-01 (4372) 3
*116216: obj =   1.256906877e+11 inf =   2.414e-01 (4283) 2
*116512: obj =   1.256906260e+11 inf =   2.404e-01 (4131) 3
*116839: obj =   1.256905799e+11 inf =   2.371e-01 (3975) 1
*117107: obj =   1.256905263e+11 inf =   2.337e-01 (3948) 2
*117371: obj =   1.256904712e+11 inf =   2.297e-01 (3874) 2
*117686: obj =   1.256904351e+11 inf =   2.273e-01 (3726) 2
*117903: obj =   1.256903712e+11 inf =   2.247e-01 (3679) 3
*118153: obj =   1.256903344e+11 inf =   2.235e-01 (3609) 2
*118427: obj =   1.256902993e+11 inf =   2.227e-01 (3578) 3
*118708: obj =   1.256902486e+11 inf =   2.201e-01 (3524) 1
*118981: obj =   1.256902203e+11 inf =   2.180e-01 (3474) 2
*119227: obj =   1.256901750e+11 inf =   2.183e-01 (3403) 3
*119513: obj =   1.256901501e+11 inf =   2.165e-01 (3289) 2
*119758: obj =   1.256901187e+11 inf =   2.157e-01 (3240) 2
*119987: obj =   1.256900894e+11 inf =   2.155e-01 (3215) 2
*120208: obj =   1.256900560e+11 inf =   2.167e-01 (3187) 2
*120504: obj =   1.256899866e+11 inf =   2.156e-01 (3125) 2
*120731: obj =   1.256899695e+11 inf =   2.153e-01 (3074) 2
*120970: obj =   1.256899382e+11 inf =   2.158e-01 (3031) 2
*121205: obj =   1.256898979e+11 inf =   2.171e-01 (3026) 2
*121471: obj =   1.256898545e+11 inf =   2.165e-01 (2938) 3
*121723: obj =   1.256898242e+11 inf =   2.179e-01 (2906) 2
*121944: obj =   1.256897916e+11 inf =   2.194e-01 (2895) 2
*122184: obj =   1.256897761e+11 inf =   2.188e-01 (2829) 2
*122450: obj =   1.256897186e+11 inf =   2.166e-01 (2734) 3
*122693: obj =   1.256896748e+11 inf =   2.142e-01 (2727) 2
*122899: obj =   1.256896580e+11 inf =   2.141e-01 (2676) 1
*123115: obj =   1.256896290e+11 inf =   2.149e-01 (2672) 2
*123340: obj =   1.256896065e+11 inf =   2.149e-01 (2669) 3
*123586: obj =   1.256895846e+11 inf =   2.133e-01 (2573) 2
*123825: obj =   1.256895477e+11 inf =   2.118e-01 (2525) 2
*124026: obj =   1.256895194e+11 inf =   2.142e-01 (2527) 2
*124253: obj =   1.256895076e+11 inf =   2.143e-01 (2510) 2
*124508: obj =   1.256894448e+11 inf =   2.146e-01 (2482) 3
*124718: obj =   1.256894302e+11 inf =   2.155e-01 (2480) 2
*124937: obj =   1.256894258e+11 inf =   2.144e-01 (2458) 1
*125144: obj =   1.256893995e+11 inf =   2.156e-01 (2422) 3
*125387: obj =   1.256893642e+11 inf =   2.157e-01 (2456) 2
*125667: obj =   1.256891296e+11 inf =   2.143e-01 (2359) 2
*125876: obj =   1.256888062e+11 inf =   2.142e-01 (2372) 2
*126069: obj =   1.256887996e+11 inf =   2.130e-01 (2382) 2
*126267: obj =   1.256887615e+11 inf =   2.142e-01 (2380) 2
*126467: obj =   1.256887262e+11 inf =   2.153e-01 (2369) 2
*126686: obj =   1.256887137e+11 inf =   2.152e-01 (2364) 2
*126894: obj =   1.256886885e+11 inf =   2.156e-01 (2331) 2
*127126: obj =   1.256886702e+11 inf =   2.156e-01 (2323) 2
*127328: obj =   1.256886455e+11 inf =   2.154e-01 (2316) 2
*127530: obj =   1.256886325e+11 inf =   2.153e-01 (2292) 2
*127775: obj =   1.256881328e+11 inf =   2.149e-01 (2314) 2
*127961: obj =   1.256881243e+11 inf =   2.138e-01 (2268) 2
*128153: obj =   1.256881239e+11 inf =   2.122e-01 (2302) 2
*128342: obj =   1.256881141e+11 inf =   2.114e-01 (2327) 2
*128534: obj =   1.256880902e+11 inf =   2.112e-01 (2310) 2
*128729: obj =   1.256880793e+11 inf =   2.104e-01 (2264) 1
*128915: obj =   1.256880667e+11 inf =   2.096e-01 (2282) 2
*129100: obj =   1.256880600e+11 inf =   2.086e-01 (2317) 2
*129289: obj =   1.256880595e+11 inf =   2.066e-01 (2320) 2
*129477: obj =   1.256880543e+11 inf =   2.049e-01 (2323) 1
*129702: obj =   1.256876984e+11 inf =   2.039e-01 (2323) 2
*129884: obj =   1.256876979e+11 inf =   2.020e-01 (2305) 2
*130067: obj =   1.256876977e+11 inf =   1.998e-01 (2321) 2
*130251: obj =   1.256876917e+11 inf =   1.980e-01 (2333) 2
*130442: obj =   1.256876784e+11 inf =   1.968e-01 (2346) 1
*130625: obj =   1.256876767e+11 inf =   1.947e-01 (2341) 2
*130806: obj =   1.256876729e+11 inf =   1.929e-01 (2338) 2
*130986: obj =   1.256876724e+11 inf =   1.910e-01 (2352) 2
*131173: obj =   1.256876544e+11 inf =   1.895e-01 (2308) 1
*131353: obj =   1.256876544e+11 inf =   1.872e-01 (2323) 2
*131567: obj =   1.256876511e+11 inf =   1.856e-01 (2342) 2
*131745: obj =   1.256876507e+11 inf =   1.831e-01 (2347) 2
*131927: obj =   1.256876431e+11 inf =   1.814e-01 (2330) 1
*132108: obj =   1.256876265e+11 inf =   1.799e-01 (2316) 2
*132294: obj =   1.256876055e+11 inf =   1.789e-01 (2314) 2
*132478: obj =   1.256876030e+11 inf =   1.772e-01 (2282) 2
*132660: obj =   1.256875994e+11 inf =   1.754e-01 (2285) 1
*132837: obj =   1.256875860e+11 inf =   1.739e-01 (2288) 2
*133045: obj =   1.256871389e+11 inf =   1.735e-01 (2266) 2
*133223: obj =   1.256871384e+11 inf =   1.717e-01 (2256) 2
*133405: obj =   1.256871373e+11 inf =   1.696e-01 (2257) 1
*133582: obj =   1.256871351e+11 inf =   1.675e-01 (2261) 2
*133758: obj =   1.256871330e+11 inf =   1.652e-01 (2268) 2
*133937: obj =   1.256871329e+11 inf =   1.629e-01 (2273) 2
*134117: obj =   1.256871200e+11 inf =   1.612e-01 (2284) 1
*134294: obj =   1.256871162e+11 inf =   1.593e-01 (2327) 2
*134483: obj =   1.256871047e+11 inf =   1.576e-01 (2260) 2
*134681: obj =   1.256870794e+11 inf =   1.562e-01 (2266) 2
*134858: obj =   1.256870794e+11 inf =   1.543e-01 (2262) 1
*135030: obj =   1.256870792e+11 inf =   1.518e-01 (2275) 2
*135208: obj =   1.256870756e+11 inf =   1.498e-01 (2294) 2
*135386: obj =   1.256870743e+11 inf =   1.474e-01 (2276) 1
*135558: obj =   1.256870727e+11 inf =   1.450e-01 (2289) 2
*135731: obj =   1.256870583e+11 inf =   1.428e-01 (2286) 2
*135905: obj =   1.256870578e+11 inf =   1.407e-01 (2307) 1
*136077: obj =   1.256870554e+11 inf =   1.388e-01 (2314) 2
*136253: obj =   1.256870484e+11 inf =   1.370e-01 (2340) 1
*136424: obj =   1.256870481e+11 inf =   1.347e-01 (2354) 2
*136596: obj =   1.256870424e+11 inf =   1.328e-01 (2351) 2
*136770: obj =   1.256870424e+11 inf =   1.307e-01 (2377) 1
*136939: obj =   1.256870419e+11 inf =   1.285e-01 (2376) 2
*137111: obj =   1.256870177e+11 inf =   1.260e-01 (2373) 2
*137287: obj =   1.256869965e+11 inf =   1.236e-01 (2369) 1
*137457: obj =   1.256869961e+11 inf =   1.214e-01 (2364) 2
*137630: obj =   1.256869961e+11 inf =   1.191e-01 (2383) 1
*137799: obj =   1.256869955e+11 inf =   1.168e-01 (2391) 2
*137968: obj =   1.256869944e+11 inf =   1.150e-01 (2391) 2
*138141: obj =   1.256869917e+11 inf =   1.129e-01 (2397) 1
*138313: obj =   1.256869854e+11 inf =   1.112e-01 (2378) 2
*138551: obj =   1.256869496e+11 inf =   1.096e-01 (2258) 2
*138778: obj =   1.256861149e+11 inf =   1.083e-01 (2228) 3
*138960: obj =   1.256857828e+11 inf =   1.064e-01 (2228) 1
*139157: obj =   1.256857471e+11 inf =   1.035e-01 (2164) 2
*139378: obj =   1.256857011e+11 inf =   1.025e-01 (2176) 2
*139587: obj =   1.256849367e+11 inf =   1.015e-01 (2176) 2
*139791: obj =   1.256842812e+11 inf =   1.002e-01 (2103) 2
*139985: obj =   1.256829257e+11 inf =   9.910e-02 (2096) 2
*140185: obj =   1.256826171e+11 inf =   9.760e-02 (1974) 2
*140388: obj =   1.256825824e+11 inf =   9.643e-02 (1946) 2
*140588: obj =   1.256817200e+11 inf =   9.549e-02 (1991) 1
*140787: obj =   1.256805513e+11 inf =   9.407e-02 (1965) 2
*140976: obj =   1.256795181e+11 inf =   9.273e-02 (1902) 2
*141181: obj =   1.256793585e+11 inf =   9.101e-02 (1923) 2
*141384: obj =   1.256793182e+11 inf =   8.961e-02 (1946) 2
*141604: obj =   1.244505911e+11 inf =   8.851e-02 (2388) 2
*141818: obj =   1.244505169e+11 inf =   8.781e-02 (2450) 2
*142017: obj =   1.244504283e+11 inf =   8.643e-02 (2494) 2
*142195: obj =   1.244503831e+11 inf =   8.449e-02 (2496) 2
*142376: obj =   1.244503503e+11 inf =   8.245e-02 (2477) 2
*142559: obj =   1.244499751e+11 inf =   7.993e-02 (2448) 1
*142735: obj =   1.244498371e+11 inf =   7.757e-02 (2444) 2
*142913: obj =   1.244496421e+11 inf =   7.583e-02 (2410) 2
*143093: obj =   1.244495504e+11 inf =   7.475e-02 (2394) 2
*143277: obj =   1.244493459e+11 inf =   7.221e-02 (2301) 1
*143458: obj =   1.244486364e+11 inf =   6.689e-02 (2191) 2
*143636: obj =   1.244457467e+11 inf =   6.022e-02 (2126) 2
*143806: obj =   1.244301858e+11 inf =   5.983e-02 (2490) 2
*143980: obj =   1.244301293e+11 inf =   5.992e-02 (2447) 1
*144148: obj =   1.244300208e+11 inf =   6.033e-02 (2386) 2
*144316: obj =   1.244299026e+11 inf =   6.158e-02 (2296) 2
*144491: obj =   1.244298285e+11 inf =   6.249e-02 (2243) 1
*144659: obj =   1.244297648e+11 inf =   6.315e-02 (2234) 2
*144828: obj =   1.244296786e+11 inf =   6.467e-02 (2163) 2
*145003: obj =   1.244296512e+11 inf =   6.473e-02 (2141) 1
*145172: obj =   1.244295888e+11 inf =   6.512e-02 (2131) 2
*145340: obj =   1.244295142e+11 inf =   6.589e-02 (2106) 2
*145512: obj =   1.244294516e+11 inf =   6.648e-02 (2107) 2
*145690: obj =   1.244294438e+11 inf =   6.629e-02 (2105) 1
*145858: obj =   1.244293826e+11 inf =   6.600e-02 (2079) 2
*146024: obj =   1.244292979e+11 inf =   6.604e-02 (2023) 2
*146199: obj =   1.244292315e+11 inf =   6.613e-02 (2000) 1
*146366: obj =   1.244291079e+11 inf =   6.660e-02 (1942) 2
*146533: obj =   1.244290293e+11 inf =   6.720e-02 (1966) 2
*146706: obj =   1.244289755e+11 inf =   6.789e-02 (1973) 1
*146875: obj =   1.244289054e+11 inf =   6.867e-02 (1943) 2
*147045: obj =   1.244288783e+11 inf =   6.880e-02 (1956) 2
*147221: obj =   1.244288447e+11 inf =   6.864e-02 (1957) 1
*147390: obj =   1.244287832e+11 inf =   6.882e-02 (1959) 2
*147558: obj =   1.244287742e+11 inf =   6.839e-02 (1909) 2
*147731: obj =   1.244287598e+11 inf =   6.781e-02 (1862) 1
*147902: obj =   1.244287589e+11 inf =   6.716e-02 (1828) 2
*148070: obj =   1.244287337e+11 inf =   6.682e-02 (1824) 2
*148243: obj =   1.244286653e+11 inf =   6.620e-02 (1840) 2
*148423: obj =   1.244286551e+11 inf =   6.610e-02 (1802) 1
*148592: obj =   1.244286194e+11 inf =   6.576e-02 (1799) 2
*148759: obj =   1.244285931e+11 inf =   6.533e-02 (1775) 2
*148935: obj =   1.244285448e+11 inf =   6.519e-02 (1750) 1
*149103: obj =   1.244284849e+11 inf =   6.542e-02 (1737) 2
*149270: obj =   1.244284499e+11 inf =   6.555e-02 (1729) 2
*149446: obj =   1.244284222e+11 inf =   6.578e-02 (1668) 1
*149613: obj =   1.244284158e+11 inf =   6.560e-02 (1628) 2
*149781: obj =   1.231088385e+11 inf =   6.565e-02 (1622) 2
*149974: obj =   1.230967015e+11 inf =   6.542e-02 (1683) 2
*150164: obj =   1.230951079e+11 inf =   6.663e-02 (1668) 1
*150348: obj =   1.230941747e+11 inf =   6.718e-02 (1700) 2
*150532: obj =   1.230939585e+11 inf =   6.753e-02 (1681) 2
*150715: obj =   1.230936922e+11 inf =   6.819e-02 (1705) 1
*150912: obj =   1.230935352e+11 inf =   6.747e-02 (1685) 2
*151100: obj =   1.230933107e+11 inf =   6.694e-02 (1646) 2
*151295: obj =   1.230931338e+11 inf =   6.689e-02 (1586) 2
*151474: obj =   1.230930387e+11 inf =   6.737e-02 (1616) 2
*151668: obj =   1.230929639e+11 inf =   6.726e-02 (1565) 1
*151880: obj =   1.230929164e+11 inf =   6.772e-02 (1481) 2
*152064: obj =   1.230929034e+11 inf =   6.791e-02 (1502) 2
*152258: obj =   1.230928490e+11 inf =   6.755e-02 (1496) 2
*152454: obj =   1.230928004e+11 inf =   6.701e-02 (1425) 1
*152639: obj =   1.230927349e+11 inf =   6.632e-02 (1409) 2
*152820: obj =   1.230927073e+11 inf =   6.624e-02 (1419) 2
*153023: obj =   1.230926421e+11 inf =   6.577e-02 (1385) 2
*153217: obj =   1.230926080e+11 inf =   6.534e-02 (1411) 2
*153407: obj =   1.230925992e+11 inf =   6.547e-02 (1329) 1
*153602: obj =   1.230925665e+11 inf =   6.474e-02 (1295) 2
*153802: obj =   1.230925493e+11 inf =   6.437e-02 (1312) 2
*154003: obj =   1.230925099e+11 inf =   6.427e-02 (1287) 2
*154198: obj =   1.230924760e+11 inf =   6.401e-02 (1322) 2
*154410: obj =   1.230924448e+11 inf =   6.403e-02 (1214) 2
*154661: obj =   1.230389528e+11 inf =   6.342e-02 (3115) 2
*154940: obj =   1.230388111e+11 inf =   6.296e-02 (2962) 2
*155136: obj =   1.230387402e+11 inf =   6.324e-02 (2957) 2
*155316: obj =   1.230386778e+11 inf =   6.454e-02 (2903) 1
*155491: obj =   1.230385997e+11 inf =   6.513e-02 (2922) 2
*155665: obj =   1.230384692e+11 inf =   6.583e-02 (2902) 2
*155844: obj =   1.230383412e+11 inf =   6.741e-02 (2828) 2
*156022: obj =   1.230382832e+11 inf =   6.943e-02 (2789) 1
*156198: obj =   1.230381890e+11 inf =   7.020e-02 (2799) 2
*156376: obj =   1.230380943e+11 inf =   7.054e-02 (2755) 2
*156577: obj =   1.230379393e+11 inf =   7.122e-02 (2669) 2
*156759: obj =   1.230378418e+11 inf =   7.297e-02 (2680) 2
*156943: obj =   1.230377767e+11 inf =   7.638e-02 (2665) 1
*157154: obj =   1.230376994e+11 inf =   7.949e-02 (2715) 2
*157344: obj =   1.230376011e+11 inf =   8.578e-02 (2633) 2
*157526: obj =   1.230375319e+11 inf =   9.401e-02 (2576) 2
*157719: obj =   1.230374996e+11 inf =   1.014e-01 (2537) 2
*157918: obj =   1.230374499e+11 inf =   1.159e-01 (2573) 2
*158143: obj =   1.230373868e+11 inf =   1.245e-01 (2594) 2
*158348: obj =   1.230373413e+11 inf =   1.377e-01 (2541) 2
*158562: obj =   1.230373134e+11 inf =   1.493e-01 (2449) 2
*158800: obj =   1.230371754e+11 inf =   1.438e-01 (2477) 3
*159004: obj =   1.230370826e+11 inf =   1.351e-01 (2400) 1
*159244: obj =   1.230370219e+11 inf =   1.348e-01 (2375) 3
*159478: obj =   1.230370096e+11 inf =   1.331e-01 (2251) 2
*159731: obj =   1.230369930e+11 inf =   1.366e-01 (2108) 3
*160041: obj =   1.230369701e+11 inf =   1.365e-01 (1847) 1
*160325: obj =   1.229970505e+11 inf =   1.363e-01 (1638) 2
*160627: obj =   1.229970279e+11 inf =   1.361e-01 (1400) 1
*160922: obj =   1.229700429e+11 inf =   1.360e-01 (1171) 1
*161202: obj =   1.229382174e+11 inf =   1.359e-01 (1104) 2
*161484: obj =   1.228693540e+11 inf =   1.357e-01 (797) 2
*161783: obj =   1.228554554e+11 inf =   1.353e-01 (524) 1
*162073: obj =   1.228554515e+11 inf =   1.351e-01 (289) 2
*162373: obj =   1.228532533e+11 inf =   1.351e-01 (95) 2
Removing LP perturbation [162537]...
*162537: obj =   1.229561552e+11 inf =   0.000e+00 (0) 1
OPTIMAL LP SOLUTION FOUND
Integer optimization begins...
Long-step dual simplex will be used
+162537: mip =     not found yet >=              -inf        (1; 0)
+162537: >>>>>   1.229561552e+11 >=   1.229561552e+11   0.0% (1; 0)
+162537: mip =   1.229561552e+11 >=     tree is empty   0.0% (0; 1)
INTEGER OPTIMAL SOLUTION FOUND
Time used:   3417.1 secs
Memory used: 695.1 Mb (728869542 bytes)
Writing MIP solution to 'input/sx-askubuntu.html/sx-askubuntu-a2q.txt.gz.232.lp.sol'...
Objective:  obj = 1.229561552e+11 (MINimum)
