GLPSOL--GLPK LP/MIP Solver 5.0
Parameter(s) specified in the command line:
 --lp input/as-Skitter.html/as-skitter.txt.gz.2226.lp.reach_chain_detours.lp
 -o input/as-Skitter.html/as-skitter.txt.gz.2226.lp.reach_chain_detours.lp.sol
Reading problem data from 'input/as-Skitter.html/as-skitter.txt.gz.2226.lp.reach_chain_detours.lp'...
396630 rows, 832265 columns, 1983137 non-zeros
832265 integer variables, all of which are binary
1228900 lines were read
GLPK Integer Optimizer 5.0
396630 rows, 832265 columns, 1983137 non-zeros
832265 integer variables, all of which are binary
Preprocessing...
396628 rows, 832263 columns, 1980767 non-zeros
832263 integer variables, all of which are binary
Scaling...
 A: min|aij| =  1.000e+00  max|aij| =  1.000e+00  ratio =  1.000e+00
Problem data seem to be well scaled
Constructing initial basis...
Size of triangular part is 396628
Solving LP relaxation...
GLPK Simplex Optimizer 5.0
396628 rows, 832263 columns, 1980767 non-zeros
      0: obj =   0.000000000e+00 inf =   2.047e+03 (2047)
    300: obj =   3.225685000e+01 inf =   1.747e+03 (1747)
    611: obj =   6.533204400e+01 inf =   1.436e+03 (1436)
    908: obj =   9.691632900e+01 inf =   1.139e+03 (1139)
   1205: obj =   1.284906080e+02 inf =   8.420e+02 (842)
   1486: obj =   1.583621250e+02 inf =   5.610e+02 (561)
   1778: obj =   1.894005580e+02 inf =   2.690e+02 (269)
   2047: obj =   2.180486680e+02 inf =   0.000e+00 (0)
Perturbing LP to avoid stalling [2247]...
*  2338: obj =   2.178710250e+02 inf =   0.000e+00 (2337)
*  2633: obj =   2.178710250e+02 inf =   0.000e+00 (2632)
*  2916: obj =   2.178710250e+02 inf =   0.000e+00 (2915)
*  3195: obj =   2.164713930e+02 inf =   0.000e+00 (3062) 1
*  3457: obj =   2.164713930e+02 inf =   0.000e+00 (3062) 2
*  3709: obj =   2.163560250e+02 inf =   0.000e+00 (3062) 2
*  3936: obj =   2.163560250e+02 inf =   0.000e+00 (3060) 2
*  4170: obj =   2.122577400e+02 inf =   0.000e+00 (3064) 2
*  4413: obj =   2.110317360e+02 inf =   0.000e+00 (3047) 3
*  4660: obj =   2.101585370e+02 inf =   0.000e+00 (3048) 2
*  4885: obj =   2.101585370e+02 inf =   0.000e+00 (3063) 2
*  5119: obj =   2.101585370e+02 inf =   0.000e+00 (3081) 2
*  5372: obj =   2.062050530e+02 inf =   0.000e+00 (3011) 2
*  5603: obj =   2.062050530e+02 inf =   0.000e+00 (2992) 2
*  5861: obj =   2.025783970e+02 inf =   0.000e+00 (2946) 2
*  6085: obj =   2.025783970e+02 inf =   0.000e+00 (2943) 2
*  6322: obj =   1.975733680e+02 inf =   0.000e+00 (2885) 2
*  6648: obj =   1.834035060e+02 inf =   0.000e+00 (2646)
*  6942: obj =   1.744612860e+02 inf =   0.000e+00 (2513) 2
*  7245: obj =   1.652042290e+02 inf =   0.000e+00 (2398) 1
*  7490: obj =   1.652042290e+02 inf =   0.000e+00 (2420) 2
*  7734: obj =   1.646727340e+02 inf =   0.000e+00 (2237) 3
*  8078: obj =   1.496774940e+02 inf =   0.000e+00 (2084)
*  8296: obj =   1.496774940e+02 inf =   0.000e+00 (2095) 3
*  8511: obj =   1.496774940e+02 inf =   0.000e+00 (2088) 2
*  8734: obj =   1.496774940e+02 inf =   0.000e+00 (2038) 2
*  9053: obj =   1.376640120e+02 inf =   0.000e+00 (1807) 1
*  9278: obj =   1.376640120e+02 inf =   0.000e+00 (1800) 2
*  9638: obj =   1.204451940e+02 inf =   0.000e+00 (1599)
*  9862: obj =   1.204451940e+02 inf =   0.000e+00 (1517) 2
* 10084: obj =   1.204451940e+02 inf =   0.000e+00 (1497) 2
* 10310: obj =   1.204451940e+02 inf =   0.000e+00 (1509) 2
* 10525: obj =   1.204451940e+02 inf =   0.000e+00 (1480) 2
* 10745: obj =   1.204451940e+02 inf =   0.000e+00 (1387) 2
* 11042: obj =   1.110940500e+02 inf =   0.000e+00 (1351) 1
* 11283: obj =   1.082249490e+02 inf =   0.000e+00 (1297) 1
* 11519: obj =   1.064184780e+02 inf =   0.000e+00 (8057) 2
* 11735: obj =   1.064184780e+02 inf =   0.000e+00 (8093) 2
* 11954: obj =   1.064184780e+02 inf =   0.000e+00 (8126) 2
* 12185: obj =   1.062100257e+02 inf =   0.000e+00 (4353) 2
* 12388: obj =   1.059934260e+02 inf =   2.220e-16 (1471) 2
* 12637: obj =   1.008928020e+02 inf =   2.759e-06 (1460) 1
* 12889: obj =   1.001747314e+02 inf =   2.991e-06 (4434)
* 13125: obj =   1.001747314e+02 inf =   2.985e-06 (4594) 1
* 13352: obj =   1.001747314e+02 inf =   3.047e-06 (4578) 2
* 13560: obj =   1.001747313e+02 inf =   2.734e-05 (4578) 2
* 13784: obj =   9.908638091e+01 inf =   6.865e-05 (1613) 1
* 14108: obj =   8.261949106e+01 inf =   7.198e-05 (4915) 1
* 14329: obj =   8.219046135e+01 inf =   2.485e-04 (4438) 2
* 14530: obj =   8.203461052e+01 inf =   1.009e-03 (4331) 2
* 14717: obj =   8.203461021e+01 inf =   2.355e-03 (4345) 1
* 14914: obj =   8.146559551e+01 inf =   3.530e-03 (4421) 2
* 15098: obj =   8.138222349e+01 inf =   6.116e-03 (4459) 2
* 15299: obj =   8.108192093e+01 inf =   8.617e-03 (4498) 1
* 15491: obj =   8.108191980e+01 inf =   1.264e-02 (4510) 2
* 15690: obj =   8.108191976e+01 inf =   1.264e-02 (4553) 1
* 15910: obj =   8.108191899e+01 inf =   1.314e-02 (4540) 2
* 16112: obj =   8.097365399e+01 inf =   1.490e-02 (4554) 2
* 16294: obj =   8.097365324e+01 inf =   1.769e-02 (4578) 2
* 16484: obj =   8.052077007e+01 inf =   2.002e-02 (4572) 1
* 16675: obj =   8.052076958e+01 inf =   2.167e-02 (4570) 2
* 16852: obj =   8.052076720e+01 inf =   2.973e-02 (4561) 1
* 17030: obj =   8.028744968e+01 inf =   3.369e-02 (4554) 2
* 17266: obj =   7.625482874e+01 inf =   3.423e-02 (4641) 1
* 17451: obj =   7.625482733e+01 inf =   3.808e-02 (4662) 2
* 17641: obj =   7.625482557e+01 inf =   4.224e-02 (4665) 1
* 17814: obj =   7.625482513e+01 inf =   4.306e-02 (4681) 2
* 17988: obj =   7.625482432e+01 inf =   4.468e-02 (4710) 1
* 18170: obj =   7.625482258e+01 inf =   4.852e-02 (4715) 2
* 18357: obj =   7.625482110e+01 inf =   5.186e-02 (4728) 1
* 18543: obj =   7.625481917e+01 inf =   5.635e-02 (4749) 2
* 18723: obj =   7.625481654e+01 inf =   6.204e-02 (4748) 1
* 18905: obj =   7.625481550e+01 inf =   6.411e-02 (4747) 2
* 19081: obj =   7.625481431e+01 inf =   6.652e-02 (4771) 2
* 19259: obj =   7.625481298e+01 inf =   6.894e-02 (4779) 1
* 19429: obj =   7.625481050e+01 inf =   7.453e-02 (4810) 2
* 19619: obj =   7.625481006e+01 inf =   7.503e-02 (4812) 1
* 19810: obj =   7.625480893e+01 inf =   7.732e-02 (4834) 2
* 19985: obj =   7.625480692e+01 inf =   8.083e-02 (4837) 1
* 20153: obj =   7.625480633e+01 inf =   8.198e-02 (4856) 2
* 20324: obj =   7.625480525e+01 inf =   8.385e-02 (4858) 2
* 20508: obj =   7.625480397e+01 inf =   8.599e-02 (4838) 1
* 20691: obj =   7.625480282e+01 inf =   8.706e-02 (4861) 2
* 20870: obj =   7.625480215e+01 inf =   8.762e-02 (4858) 1
* 21036: obj =   7.625480082e+01 inf =   9.021e-02 (4866) 2
* 21215: obj =   7.625479909e+01 inf =   9.356e-02 (4868) 1
* 21386: obj =   7.625479767e+01 inf =   9.564e-02 (4904) 2
* 21570: obj =   7.625479507e+01 inf =   9.887e-02 (4891) 1
* 21754: obj =   7.625479328e+01 inf =   1.008e-01 (4904) 2
* 21928: obj =   7.625479225e+01 inf =   1.018e-01 (4922) 2
* 22104: obj =   7.625478958e+01 inf =   1.058e-01 (4925) 1
* 22286: obj =   7.625478795e+01 inf =   1.070e-01 (4940) 2
* 22466: obj =   7.625478674e+01 inf =   1.081e-01 (4935) 1
* 22640: obj =   7.625478518e+01 inf =   1.104e-01 (4957) 2
* 22816: obj =   7.625478374e+01 inf =   1.127e-01 (4981) 1
* 22997: obj =   7.602142983e+01 inf =   1.130e-01 (4951) 2
* 23179: obj =   7.602142936e+01 inf =   1.122e-01 (4981) 2
* 23369: obj =   7.602142801e+01 inf =   1.129e-01 (5023) 1
* 23546: obj =   7.602142623e+01 inf =   1.143e-01 (5034) 2
* 23742: obj =   7.602142479e+01 inf =   1.136e-01 (5032) 1
* 23914: obj =   7.602142340e+01 inf =   1.151e-01 (5042) 2
* 24089: obj =   7.602142166e+01 inf =   1.166e-01 (5065) 1
* 24266: obj =   7.602142130e+01 inf =   1.166e-01 (5069) 2
* 24441: obj =   7.602141940e+01 inf =   1.182e-01 (5094) 1
* 24609: obj =   7.566548630e+01 inf =   1.197e-01 (5206) 2
* 24762: obj =   7.566548536e+01 inf =   1.212e-01 (5227) 1
* 24917: obj =   7.566548369e+01 inf =   1.244e-01 (5243) 2
* 25075: obj =   7.566548242e+01 inf =   1.269e-01 (5262) 1
* 25237: obj =   7.566548153e+01 inf =   1.281e-01 (5275) 1
* 25398: obj =   7.566547955e+01 inf =   1.315e-01 (5281) 2
* 25567: obj =   7.566547743e+01 inf =   1.354e-01 (5301) 1
* 25741: obj =   7.566547616e+01 inf =   1.364e-01 (5311) 2
* 25901: obj =   7.566547393e+01 inf =   1.396e-01 (5325) 1
* 26060: obj =   7.566547256e+01 inf =   1.416e-01 (5342) 2
* 26225: obj =   7.566547206e+01 inf =   1.419e-01 (5323) 1
* 26394: obj =   7.566547066e+01 inf =   1.429e-01 (5362) 1
* 26560: obj =   7.566546898e+01 inf =   1.441e-01 (5387) 2
* 26719: obj =   7.566546800e+01 inf =   1.447e-01 (5388) 1
* 26902: obj =   7.532776974e+01 inf =   1.437e-01 (5161) 2
* 27090: obj =   7.532776709e+01 inf =   1.421e-01 (5159) 1
* 27259: obj =   7.532776633e+01 inf =   1.402e-01 (5195) 2
* 27439: obj =   7.532776306e+01 inf =   1.415e-01 (5206) 1
* 27599: obj =   7.532776140e+01 inf =   1.428e-01 (5219) 2
* 27786: obj =   7.532775906e+01 inf =   1.433e-01 (5203) 1
* 27959: obj =   7.532775784e+01 inf =   1.422e-01 (5212) 2
* 28124: obj =   7.532775613e+01 inf =   1.441e-01 (5243) 1
* 28284: obj =   7.532775583e+01 inf =   1.415e-01 (5242) 2
* 28456: obj =   7.532775295e+01 inf =   1.428e-01 (5285) 1
* 28616: obj =   7.532775096e+01 inf =   1.456e-01 (5282) 2
* 28777: obj =   7.532774861e+01 inf =   1.447e-01 (5309) 1
* 28932: obj =   7.532774773e+01 inf =   1.455e-01 (5335) 2
* 29126: obj =   7.515572248e+01 inf =   1.459e-01 (5473) 1
* 29321: obj =   7.177621450e+01 inf =   1.447e-01 (5411) 1
* 29486: obj =   7.177620916e+01 inf =   1.462e-01 (5391) 1
* 29673: obj =   6.918724003e+01 inf =   1.447e-01 (5569) 2
* 29834: obj =   6.918723926e+01 inf =   1.477e-01 (5582) 1
* 29985: obj =   6.918723846e+01 inf =   1.502e-01 (5590) 1
* 30127: obj =   6.918723779e+01 inf =   1.526e-01 (5629) 2
* 30312: obj =   6.502121480e+01 inf =   1.538e-01 (5695) 1
* 30472: obj =   6.502121363e+01 inf =   1.564e-01 (5739) 1
* 30622: obj =   6.502121297e+01 inf =   1.578e-01 (5724) 2
* 30788: obj =   6.502121212e+01 inf =   1.581e-01 (5711) 1
* 30940: obj =   6.502121069e+01 inf =   1.599e-01 (5723) 2
* 31111: obj =   6.483955373e+01 inf =   1.579e-01 (5555) 1
* 31236: obj =   6.483955255e+01 inf =   1.571e-01 (5553) 1
* 31375: obj =   6.483955097e+01 inf =   1.574e-01 (5566) 1
* 31545: obj =   6.483954759e+01 inf =   1.578e-01 (5570) 2
* 31704: obj =   6.483954563e+01 inf =   1.600e-01 (5578) 1
* 31875: obj =   6.483953803e+01 inf =   1.581e-01 (5561) 2
* 32035: obj =   6.483952336e+01 inf =   1.574e-01 (5588) 1
* 32183: obj =   6.483950969e+01 inf =   1.596e-01 (5575) 2
* 32348: obj =   6.469847195e+01 inf =   1.595e-01 (5998) 1
* 32511: obj =   6.469846828e+01 inf =   1.618e-01 (6014) 1
* 32661: obj =   6.469846676e+01 inf =   1.630e-01 (6052) 2
* 32812: obj =   6.464038969e+01 inf =   1.637e-01 (6255) 1
* 32966: obj =   6.464038547e+01 inf =   1.642e-01 (6267) 2
* 33127: obj =   6.464038240e+01 inf =   1.662e-01 (6265) 1
* 33278: obj =   6.464038130e+01 inf =   1.681e-01 (6288) 1
* 33428: obj =   6.464037985e+01 inf =   1.704e-01 (6291) 2
* 33584: obj =   6.464037855e+01 inf =   1.726e-01 (6290) 1
* 33754: obj =   6.464037494e+01 inf =   1.722e-01 (6289) 2
* 33919: obj =   6.397812819e+01 inf =   1.719e-01 (5966) 1
* 34070: obj =   6.397812406e+01 inf =   1.742e-01 (5964) 1
* 34218: obj =   6.344946967e+01 inf =   1.748e-01 (6229) 2
* 34370: obj =   6.344946736e+01 inf =   1.762e-01 (6214) 1
* 34534: obj =   6.344946025e+01 inf =   1.782e-01 (6210) 2
* 34707: obj =   6.344945229e+01 inf =   1.796e-01 (6211) 1
* 34857: obj =   6.344945117e+01 inf =   1.811e-01 (6208) 1
* 35011: obj =   6.344944983e+01 inf =   1.823e-01 (6205) 2
* 35166: obj =   6.344944847e+01 inf =   1.830e-01 (6212) 1
* 35318: obj =   6.341818565e+01 inf =   1.833e-01 (6157) 2
* 35463: obj =   6.341816695e+01 inf =   1.852e-01 (6221) 1
* 35618: obj =   6.341816427e+01 inf =   1.867e-01 (6216) 1
* 35765: obj =   6.341816156e+01 inf =   1.878e-01 (6218) 2
* 35924: obj =   6.341815967e+01 inf =   1.898e-01 (6197) 1
* 36074: obj =   6.341815886e+01 inf =   1.907e-01 (6185) 1
* 36212: obj =   6.341815719e+01 inf =   1.917e-01 (6179) 2
* 36357: obj =   6.331854533e+01 inf =   1.929e-01 (6086) 1
* 36501: obj =   6.331854454e+01 inf =   1.945e-01 (6093) 1
* 36641: obj =   6.331854430e+01 inf =   1.947e-01 (6127) 2
* 36790: obj =   6.331854352e+01 inf =   1.963e-01 (6130) 1
* 36938: obj =   6.331854280e+01 inf =   1.978e-01 (6125) 1
* 37073: obj =   6.331854224e+01 inf =   1.987e-01 (6130) 2
* 37215: obj =   6.331854110e+01 inf =   2.013e-01 (6130) 1
* 37364: obj =   6.331854042e+01 inf =   2.021e-01 (6161) 1
* 37505: obj =   6.331853899e+01 inf =   2.054e-01 (6191) 1
* 37644: obj =   6.331853893e+01 inf =   2.044e-01 (6191) 2
* 37783: obj =   6.331853800e+01 inf =   2.061e-01 (6213) 1
* 37935: obj =   6.331853674e+01 inf =   2.088e-01 (6228) 1
* 38080: obj =   6.331853514e+01 inf =   2.118e-01 (6225) 2
* 38235: obj =   6.331853450e+01 inf =   2.127e-01 (6273) 1
* 38391: obj =   6.331853226e+01 inf =   2.130e-01 (6287) 1
* 38532: obj =   6.331853094e+01 inf =   2.147e-01 (6289) 2
* 38676: obj =   6.331853013e+01 inf =   2.154e-01 (6290) 1
* 38820: obj =   6.331853002e+01 inf =   2.140e-01 (6299) 1
* 38956: obj =   6.331852914e+01 inf =   2.155e-01 (6316) 1
* 39091: obj =   6.331852804e+01 inf =   2.177e-01 (6348) 2
* 39228: obj =   6.331852781e+01 inf =   2.177e-01 (6344) 1
* 39363: obj =   6.320998395e+01 inf =   2.193e-01 (6342) 1
* 39499: obj =   6.320998376e+01 inf =   2.186e-01 (6351) 2
* 39645: obj =   6.320998353e+01 inf =   2.181e-01 (6365) 1
* 39790: obj =   6.320998171e+01 inf =   2.214e-01 (6377) 1
* 39931: obj =   6.320998112e+01 inf =   2.227e-01 (6391) 1
* 40069: obj =   6.320998110e+01 inf =   2.214e-01 (6399) 2
* 40213: obj =   6.320997979e+01 inf =   2.216e-01 (6412) 1
* 40362: obj =   6.270989804e+01 inf =   2.221e-01 (6463) 1
* 40511: obj =   6.270989719e+01 inf =   2.227e-01 (6465) 2
* 40669: obj =   6.270989491e+01 inf =   2.253e-01 (6482) 1
* 40811: obj =   6.270989396e+01 inf =   2.268e-01 (6473) 1
* 40944: obj =   6.270989352e+01 inf =   2.276e-01 (6471) 2
* 41078: obj =   6.270989210e+01 inf =   2.268e-01 (6482) 1
* 41212: obj =   6.270989178e+01 inf =   2.262e-01 (6507) 1
* 41347: obj =   6.270989155e+01 inf =   2.265e-01 (6519) 1
* 41481: obj =   6.270988995e+01 inf =   2.289e-01 (6536) 2
* 41618: obj =   6.270988942e+01 inf =   2.287e-01 (6546) 1
* 41760: obj =   6.270988796e+01 inf =   2.305e-01 (6541) 1
* 41903: obj =   6.270988723e+01 inf =   2.312e-01 (6542) 1
* 42037: obj =   6.270988642e+01 inf =   2.324e-01 (6553) 2
* 42172: obj =   6.270988605e+01 inf =   2.320e-01 (6519) 1
* 42385: obj =   5.463772880e+01 inf =   2.312e-01 (6450) 1
* 42522: obj =   5.463772761e+01 inf =   2.329e-01 (6454) 1
* 42654: obj =   5.463772660e+01 inf =   2.340e-01 (6470) 2
* 42788: obj =   5.463772234e+01 inf =   2.366e-01 (6466) 1
* 42926: obj =   5.463772167e+01 inf =   2.367e-01 (6457) 1
* 43070: obj =   5.463772109e+01 inf =   2.359e-01 (6481) 1
* 43204: obj =   5.463772018e+01 inf =   2.363e-01 (6511) 2
* 43342: obj =   5.463771901e+01 inf =   2.366e-01 (6524) 1
* 43474: obj =   5.463771836e+01 inf =   2.374e-01 (6540) 1
* 43612: obj =   5.463771753e+01 inf =   2.375e-01 (6524) 1
* 43743: obj =   5.463771684e+01 inf =   2.377e-01 (6533) 2
* 43878: obj =   5.463771680e+01 inf =   2.372e-01 (6550) 1
* 44029: obj =   5.463771585e+01 inf =   2.371e-01 (6546) 1
* 44167: obj =   5.463770896e+01 inf =   2.381e-01 (6553) 1
* 44301: obj =   5.463770741e+01 inf =   2.389e-01 (6544) 2
* 44438: obj =   5.463770572e+01 inf =   2.398e-01 (6574) 1
* 44575: obj =   5.463770478e+01 inf =   2.399e-01 (6571) 1
* 44723: obj =   5.463770401e+01 inf =   2.392e-01 (6581) 1
* 44856: obj =   5.463770258e+01 inf =   2.405e-01 (6564) 2
* 44996: obj =   5.463770064e+01 inf =   2.425e-01 (6583) 1
* 45133: obj =   5.449401605e+01 inf =   2.420e-01 (6705) 1
* 45265: obj =   5.449401515e+01 inf =   2.429e-01 (6701) 1
* 45393: obj =   5.449401415e+01 inf =   2.430e-01 (6712) 2
* 45534: obj =   5.449401290e+01 inf =   2.433e-01 (6734) 1
* 45668: obj =   5.449401202e+01 inf =   2.435e-01 (6753) 1
* 45810: obj =   5.449401014e+01 inf =   2.446e-01 (6698) 1
* 45942: obj =   5.449400893e+01 inf =   2.451e-01 (6716) 2
* 46082: obj =   5.449400504e+01 inf =   2.460e-01 (6732) 1
* 46216: obj =   5.449400491e+01 inf =   2.446e-01 (6758) 1
* 46344: obj =   5.449400398e+01 inf =   2.448e-01 (6783) 1
* 46474: obj =   5.449400233e+01 inf =   2.453e-01 (6814) 1
* 46606: obj =   5.449400114e+01 inf =   2.450e-01 (6796) 2
* 46739: obj =   5.449400071e+01 inf =   2.436e-01 (6838) 1
* 46872: obj =   5.449399965e+01 inf =   2.435e-01 (6827) 1
* 47003: obj =   5.449399959e+01 inf =   2.422e-01 (6809) 1
* 47139: obj =   5.449399837e+01 inf =   2.422e-01 (6837) 1
* 47269: obj =   5.449398851e+01 inf =   2.416e-01 (6837) 2
* 47408: obj =   5.449398780e+01 inf =   2.405e-01 (6849) 1
* 47541: obj =   5.449398694e+01 inf =   2.394e-01 (6912) 1
* 47669: obj =   5.449398649e+01 inf =   2.376e-01 (6914) 1
* 47797: obj =   5.449398463e+01 inf =   2.382e-01 (6937) 1
* 47929: obj =   5.449398389e+01 inf =   2.380e-01 (6968) 1
* 48060: obj =   5.449398345e+01 inf =   2.363e-01 (6971) 2
* 48191: obj =   5.449397578e+01 inf =   2.352e-01 (6975) 1
* 48314: obj =   5.449397520e+01 inf =   2.346e-01 (7010) 1
* 48450: obj =   5.449397485e+01 inf =   2.341e-01 (7024) 1
* 48586: obj =   5.449397359e+01 inf =   2.340e-01 (6980) 1
* 48718: obj =   5.449397270e+01 inf =   2.336e-01 (7028) 2
* 48862: obj =   5.449397126e+01 inf =   2.338e-01 (7019) 1
* 48998: obj =   5.449396952e+01 inf =   2.333e-01 (7038) 1
* 49130: obj =   5.449396824e+01 inf =   2.330e-01 (7060) 1
* 49261: obj =   5.449396741e+01 inf =   2.327e-01 (7077) 2
* 49389: obj =   5.449396588e+01 inf =   2.314e-01 (7092) 1
* 49508: obj =   5.449396492e+01 inf =   2.312e-01 (7097) 1
* 49652: obj =   5.449396022e+01 inf =   2.313e-01 (7142) 1
* 49788: obj =   5.449395800e+01 inf =   2.310e-01 (7149) 1
* 49924: obj =   5.431436725e+01 inf =   2.307e-01 (6917) 1
* 50049: obj =   5.431436559e+01 inf =   2.299e-01 (6898) 2
* 50179: obj =   5.431436278e+01 inf =   2.287e-01 (6938) 1
* 50310: obj =   5.431436210e+01 inf =   2.277e-01 (6916) 1
* 50438: obj =   5.431436059e+01 inf =   2.271e-01 (6928) 1
* 50568: obj =   5.431435887e+01 inf =   2.279e-01 (6930) 1
* 50699: obj =   5.431435798e+01 inf =   2.266e-01 (6920) 1
* 50825: obj =   5.431435778e+01 inf =   2.251e-01 (6943) 1
* 50955: obj =   5.431435705e+01 inf =   2.240e-01 (6930) 2
* 51089: obj =   5.431435559e+01 inf =   2.240e-01 (6939) 1
* 51218: obj =   5.431435515e+01 inf =   2.230e-01 (6944) 1
* 51342: obj =   5.431435477e+01 inf =   2.225e-01 (6960) 1
* 51470: obj =   5.431435474e+01 inf =   2.211e-01 (6972) 1
* 51601: obj =   5.431435332e+01 inf =   2.204e-01 (6977) 1
* 51723: obj =   5.431435236e+01 inf =   2.192e-01 (7010) 2
* 51866: obj =   5.431435120e+01 inf =   2.189e-01 (6995) 1
* 52005: obj =   5.431435030e+01 inf =   2.180e-01 (6989) 1
* 52139: obj =   5.431434990e+01 inf =   2.170e-01 (7033) 1
* 52265: obj =   5.431434840e+01 inf =   2.173e-01 (7035) 1
* 52393: obj =   5.431434820e+01 inf =   2.157e-01 (7051) 1
* 52522: obj =   5.431434688e+01 inf =   2.146e-01 (7065) 2
* 52656: obj =   5.431434641e+01 inf =   2.135e-01 (7073) 1
* 52787: obj =   5.431434522e+01 inf =   2.134e-01 (7070) 1
* 52922: obj =   5.431434449e+01 inf =   2.131e-01 (7096) 1
* 53059: obj =   5.431434397e+01 inf =   2.126e-01 (7116) 1
* 53198: obj =   5.431434320e+01 inf =   2.109e-01 (7098) 2
* 53328: obj =   5.431434208e+01 inf =   2.094e-01 (7114) 1
* 53465: obj =   5.431434115e+01 inf =   2.091e-01 (7156) 1
* 53604: obj =   5.431433969e+01 inf =   2.083e-01 (7132) 1
* 53730: obj =   5.431433938e+01 inf =   2.064e-01 (7150) 1
* 53856: obj =   5.431433825e+01 inf =   2.059e-01 (7156) 2
* 53987: obj =   5.431433776e+01 inf =   2.048e-01 (7160) 1
* 54124: obj =   5.431433692e+01 inf =   2.042e-01 (7153) 1
* 54260: obj =   5.431433628e+01 inf =   2.041e-01 (7149) 1
* 54390: obj =   5.431433513e+01 inf =   2.046e-01 (7146) 2
* 54519: obj =   5.431433486e+01 inf =   2.023e-01 (7194) 1
* 54642: obj =   5.431433444e+01 inf =   2.022e-01 (7217) 1
* 54780: obj =   5.431433404e+01 inf =   2.003e-01 (7180) 1
* 54911: obj =   5.431433340e+01 inf =   2.002e-01 (7150) 1
* 55043: obj =   5.431433326e+01 inf =   1.989e-01 (7161) 1
* 55172: obj =   5.431433247e+01 inf =   1.963e-01 (7110) 2
* 55302: obj =   5.431432813e+01 inf =   1.935e-01 (7113) 1
* 55437: obj =   5.431432771e+01 inf =   1.930e-01 (7113) 1
* 55572: obj =   5.431432615e+01 inf =   1.907e-01 (7130) 1
* 55703: obj =   5.431432464e+01 inf =   1.890e-01 (7173) 2
* 55835: obj =   5.431431972e+01 inf =   1.857e-01 (7171) 1
* 55973: obj =   5.431431832e+01 inf =   1.842e-01 (7173) 1
* 56102: obj =   5.431431668e+01 inf =   1.830e-01 (7181) 1
* 56230: obj =   5.431431603e+01 inf =   1.821e-01 (7197) 1
* 56357: obj =   5.431431251e+01 inf =   1.782e-01 (7172) 1
* 56487: obj =   5.414494782e+01 inf =   1.742e-01 (7254) 2
* 56617: obj =   5.414494426e+01 inf =   1.704e-01 (7250) 1
* 56751: obj =   5.414494082e+01 inf =   1.679e-01 (7272) 1
* 56879: obj =   5.414493426e+01 inf =   1.642e-01 (7267) 1
* 57001: obj =   5.414493010e+01 inf =   1.616e-01 (7292) 1
* 57127: obj =   5.414492937e+01 inf =   1.617e-01 (7297) 1
* 57243: obj =   5.414492852e+01 inf =   1.607e-01 (7265) 1
* 57369: obj =   5.414490864e+01 inf =   1.530e-01 (7240) 2
* 57494: obj =   5.414486861e+01 inf =   1.447e-01 (7272) 1
* 57626: obj =   5.414480798e+01 inf =   1.414e-01 (7289) 1
* 57750: obj =   5.349482782e+01 inf =   1.414e-01 (8354) 1
* 57868: obj =   5.349482039e+01 inf =   1.415e-01 (8375) 1
* 57989: obj =   5.349481812e+01 inf =   1.414e-01 (8353) 1
* 58104: obj =   5.349481203e+01 inf =   1.419e-01 (8344) 2
* 58221: obj =   5.349480054e+01 inf =   1.420e-01 (8344) 1
* 58342: obj =   5.349479708e+01 inf =   1.421e-01 (8324) 1
* 58463: obj =   5.349478659e+01 inf =   1.426e-01 (8326) 1
* 58587: obj =   5.349478182e+01 inf =   1.426e-01 (8347) 1
* 58711: obj =   5.349477986e+01 inf =   1.429e-01 (8332) 1
* 58822: obj =   5.349477818e+01 inf =   1.433e-01 (8347) 2
* 58945: obj =   5.349477173e+01 inf =   1.433e-01 (8321) 1
* 59075: obj =   5.349476454e+01 inf =   1.439e-01 (8335) 1
* 59201: obj =   5.349476418e+01 inf =   1.445e-01 (8318) 1
* 59322: obj =   5.349476237e+01 inf =   1.438e-01 (8319) 1
* 59436: obj =   5.349476194e+01 inf =   1.435e-01 (8324) 1
* 59549: obj =   5.349476060e+01 inf =   1.432e-01 (8308) 2
* 59675: obj =   5.349475856e+01 inf =   1.432e-01 (8301) 1
* 59793: obj =   5.349475580e+01 inf =   1.438e-01 (8289) 1
* 59906: obj =   5.349475367e+01 inf =   1.441e-01 (8302) 1
* 60026: obj =   5.349475197e+01 inf =   1.439e-01 (8289) 1
* 60143: obj =   5.349474985e+01 inf =   1.437e-01 (8305) 1
* 60251: obj =   5.349474793e+01 inf =   1.436e-01 (8269) 2
* 60365: obj =   5.349474610e+01 inf =   1.439e-01 (8307) 1
* 60478: obj =   5.349474448e+01 inf =   1.439e-01 (8337) 1
* 60590: obj =   5.349474237e+01 inf =   1.440e-01 (8321) 1
* 60712: obj =   5.349474107e+01 inf =   1.439e-01 (8329) 1
* 60836: obj =   5.349473896e+01 inf =   1.440e-01 (8286) 1
* 60960: obj =   5.349473710e+01 inf =   1.439e-01 (8271) 1
* 61077: obj =   5.349473535e+01 inf =   1.440e-01 (8267) 2
* 61202: obj =   5.349473489e+01 inf =   1.445e-01 (8233) 1
* 61339: obj =   5.349473403e+01 inf =   1.447e-01 (8249) 1
* 61466: obj =   5.349473118e+01 inf =   1.446e-01 (8249) 1
* 61591: obj =   5.349473003e+01 inf =   1.445e-01 (8302) 1
* 61705: obj =   5.349472888e+01 inf =   1.444e-01 (8268) 2
* 61824: obj =   5.349472717e+01 inf =   1.441e-01 (8274) 1
* 61946: obj =   5.349472566e+01 inf =   1.442e-01 (8286) 1
* 62068: obj =   5.349472397e+01 inf =   1.443e-01 (8255) 1
* 62186: obj =   5.349472161e+01 inf =   1.444e-01 (8259) 1
* 62315: obj =   5.349471955e+01 inf =   1.444e-01 (8261) 1
* 62431: obj =   5.345107953e+01 inf =   1.444e-01 (8164) 2
* 62555: obj =   5.345107818e+01 inf =   1.443e-01 (8164) 1
* 62679: obj =   5.345107686e+01 inf =   1.443e-01 (8202) 1
* 62805: obj =   5.345107560e+01 inf =   1.444e-01 (8140) 1
* 62929: obj =   5.345107370e+01 inf =   1.443e-01 (8147) 1
* 63047: obj =   5.345107252e+01 inf =   1.442e-01 (8128) 1
* 63161: obj =   5.345107113e+01 inf =   1.442e-01 (8145) 2
* 63281: obj =   5.345106883e+01 inf =   1.443e-01 (8122) 1
* 63411: obj =   5.345106701e+01 inf =   1.443e-01 (8076) 1
* 63544: obj =   5.329628829e+01 inf =   1.449e-01 (8353) 1
* 63671: obj =   5.329628489e+01 inf =   1.451e-01 (8330) 2
* 63798: obj =   5.329628303e+01 inf =   1.452e-01 (8364) 1
* 63921: obj =   5.329627812e+01 inf =   1.463e-01 (8336) 1
* 64043: obj =   5.329627701e+01 inf =   1.464e-01 (8349) 1
* 64168: obj =   5.329627481e+01 inf =   1.465e-01 (8349) 1
* 64287: obj =   5.329627378e+01 inf =   1.468e-01 (8379) 1
* 64405: obj =   5.329627073e+01 inf =   1.464e-01 (8340) 2
* 64529: obj =   5.320089652e+01 inf =   1.463e-01 (8478) 1
* 64655: obj =   5.320089019e+01 inf =   1.464e-01 (8476) 1
* 64782: obj =   5.320088908e+01 inf =   1.464e-01 (8482) 1
* 64904: obj =   5.320088875e+01 inf =   1.464e-01 (8470) 1
* 65025: obj =   5.320088156e+01 inf =   1.462e-01 (8439) 2
* 65150: obj =   5.307219877e+01 inf =   1.457e-01 (8076) 1
* 65278: obj =   5.270605521e+01 inf =   1.463e-01 (8269) 1
* 65402: obj =   5.270605362e+01 inf =   1.463e-01 (8258) 1
* 65539: obj =   5.081755299e+01 inf =   1.464e-01 (8358) 1
* 65661: obj =   5.081755236e+01 inf =   1.465e-01 (8365) 1
* 65774: obj =   5.081754997e+01 inf =   1.466e-01 (8360) 2
* 65898: obj =   5.081754810e+01 inf =   1.465e-01 (8347) 1
* 66022: obj =   5.081754503e+01 inf =   1.465e-01 (8375) 1
* 66144: obj =   5.081753803e+01 inf =   1.470e-01 (8344) 1
* 66265: obj =   5.081753636e+01 inf =   1.471e-01 (8350) 1
* 66385: obj =   5.081753084e+01 inf =   1.475e-01 (8330) 2
* 66513: obj =   5.081753020e+01 inf =   1.478e-01 (8302) 1
* 66644: obj =   5.081752839e+01 inf =   1.479e-01 (8312) 1
* 66768: obj =   5.081752663e+01 inf =   1.479e-01 (8332) 1
* 66893: obj =   5.081752505e+01 inf =   1.478e-01 (8297) 1
* 67012: obj =   5.081752386e+01 inf =   1.477e-01 (8282) 2
* 67134: obj =   5.081752302e+01 inf =   1.480e-01 (8241) 1
* 67264: obj =   5.081752148e+01 inf =   1.481e-01 (8262) 1
* 67395: obj =   5.081751930e+01 inf =   1.484e-01 (8261) 1
* 67512: obj =   5.081751842e+01 inf =   1.485e-01 (8262) 2
* 67638: obj =   5.081751756e+01 inf =   1.487e-01 (8223) 1
* 67761: obj =   5.081751724e+01 inf =   1.488e-01 (8226) 1
* 67886: obj =   5.081751683e+01 inf =   1.488e-01 (8208) 1
* 68009: obj =   5.081751674e+01 inf =   1.489e-01 (8223) 1
* 68126: obj =   5.081751651e+01 inf =   1.490e-01 (8200) 2
* 68252: obj =   5.081751466e+01 inf =   1.486e-01 (8190) 1
* 68379: obj =   5.081751319e+01 inf =   1.487e-01 (8235) 1
* 68497: obj =   5.081751146e+01 inf =   1.485e-01 (8195) 1
* 68620: obj =   5.081750998e+01 inf =   1.485e-01 (8206) 1
* 68737: obj =   5.081750950e+01 inf =   1.485e-01 (8161) 2
* 68869: obj =   5.081750892e+01 inf =   1.484e-01 (8157) 1
* 68992: obj =   5.081750851e+01 inf =   1.483e-01 (8152) 1
* 69114: obj =   5.081750823e+01 inf =   1.482e-01 (8125) 1
* 69241: obj =   5.081750642e+01 inf =   1.476e-01 (8092) 1
* 69355: obj =   5.081750449e+01 inf =   1.474e-01 (8118) 2
* 69476: obj =   5.081750307e+01 inf =   1.472e-01 (8116) 1
* 69597: obj =   5.081750248e+01 inf =   1.474e-01 (8147) 1
* 69722: obj =   5.081750172e+01 inf =   1.476e-01 (8113) 1
* 69851: obj =   5.081750133e+01 inf =   1.471e-01 (8129) 1
* 69973: obj =   5.081749987e+01 inf =   1.468e-01 (8117) 2
* 70096: obj =   5.081749959e+01 inf =   1.468e-01 (8069) 1
* 70222: obj =   5.081749721e+01 inf =   1.467e-01 (8124) 1
* 70394: obj =   4.469219752e+01 inf =   1.468e-01 (8236) 1
* 70515: obj =   4.459767373e+01 inf =   1.468e-01 (8346) 1
* 70635: obj =   4.459767302e+01 inf =   1.469e-01 (8358) 1
* 70759: obj =   4.459767102e+01 inf =   1.470e-01 (8362) 2
* 70884: obj =   4.459766855e+01 inf =   1.470e-01 (8308) 1
* 71002: obj =   4.459765494e+01 inf =   1.470e-01 (8292) 1
* 71119: obj =   4.459765302e+01 inf =   1.471e-01 (8313) 1
* 71238: obj =   4.459763718e+01 inf =   1.464e-01 (8320) 1
* 71357: obj =   4.459763652e+01 inf =   1.462e-01 (8330) 1
* 71477: obj =   4.459763616e+01 inf =   1.461e-01 (8314) 1
* 71588: obj =   4.459763555e+01 inf =   1.458e-01 (8320) 2
* 71708: obj =   4.433844730e+01 inf =   1.454e-01 (8531) 1
* 71826: obj =   4.433844565e+01 inf =   1.452e-01 (8526) 1
* 71945: obj =   4.433844526e+01 inf =   1.454e-01 (8515) 1
* 72060: obj =   4.433844256e+01 inf =   1.451e-01 (8483) 1
* 72180: obj =   4.433843061e+01 inf =   1.450e-01 (8476) 1
* 72294: obj =   4.433843047e+01 inf =   1.450e-01 (8482) 1
* 72410: obj =   4.410465982e+01 inf =   1.452e-01 (8458) 1
* 72548: obj =   4.410465243e+01 inf =   1.449e-01 (8530) 1
* 72659: obj =   4.410465230e+01 inf =   1.446e-01 (8565) 2
* 72785: obj =   4.410465061e+01 inf =   1.446e-01 (8588) 1
* 72903: obj =   4.410465043e+01 inf =   1.444e-01 (8585) 1
* 73022: obj =   4.410465040e+01 inf =   1.437e-01 (8571) 1
* 73142: obj =   4.410464997e+01 inf =   1.433e-01 (8569) 1
* 73266: obj =   4.410464936e+01 inf =   1.433e-01 (8538) 1
* 73374: obj =   4.410464867e+01 inf =   1.431e-01 (8521) 2
* 73490: obj =   4.410462747e+01 inf =   1.432e-01 (8524) 1
* 73604: obj =   4.410462714e+01 inf =   1.434e-01 (8541) 1
* 73725: obj =   4.410462633e+01 inf =   1.430e-01 (8534) 1
* 73844: obj =   4.410462571e+01 inf =   1.431e-01 (8510) 1
* 73960: obj =   4.410462548e+01 inf =   1.433e-01 (8535) 1
* 74083: obj =   4.410462461e+01 inf =   1.428e-01 (8572) 1
* 74203: obj =   4.410462348e+01 inf =   1.424e-01 (8540) 2
* 74319: obj =   4.410462303e+01 inf =   1.424e-01 (8486) 1
* 74476: obj =   4.389047586e+01 inf =   1.423e-01 (8586)
* 74622: obj =   4.389047550e+01 inf =   1.422e-01 (8669) 1
* 74738: obj =   4.389047495e+01 inf =   1.423e-01 (8667) 1
* 74848: obj =   4.389047444e+01 inf =   1.422e-01 (8655) 2
* 74970: obj =   4.389047419e+01 inf =   1.422e-01 (8644) 1
* 75087: obj =   4.387073874e+01 inf =   1.421e-01 (8565) 1
* 75252: obj =   4.377988372e+01 inf =   1.418e-01 (8730)
* 75449: obj =   3.243434125e+01 inf =   1.418e-01 (9074) 1
* 75578: obj =   3.013737847e+01 inf =   1.421e-01 (9252) 1
* 75695: obj =   3.013737751e+01 inf =   1.419e-01 (9260) 1
* 75812: obj =   3.013737728e+01 inf =   1.417e-01 (9261) 2
* 75933: obj =   3.013737599e+01 inf =   1.414e-01 (9322) 1
* 76051: obj =   3.013737416e+01 inf =   1.412e-01 (9292) 1
* 76167: obj =   3.013737272e+01 inf =   1.410e-01 (9328) 1
* 76286: obj =   3.013737118e+01 inf =   1.407e-01 (9313) 1
* 76408: obj =   3.013737035e+01 inf =   1.404e-01 (9297) 2
* 76521: obj =   3.013737012e+01 inf =   1.405e-01 (9294) 1
* 76644: obj =   3.013737007e+01 inf =   1.405e-01 (9305) 1
* 76765: obj =   3.013736899e+01 inf =   1.402e-01 (9261) 1
* 76890: obj =   3.013736807e+01 inf =   1.400e-01 (9241) 1
* 77017: obj =   3.013736698e+01 inf =   1.400e-01 (9242) 1
* 77140: obj =   3.013736483e+01 inf =   1.397e-01 (9232) 2
* 77265: obj =   3.013736382e+01 inf =   1.396e-01 (9209) 1
* 77391: obj =   3.013735773e+01 inf =   1.397e-01 (9207) 1
* 77509: obj =   3.013735747e+01 inf =   1.397e-01 (9213) 1
* 77629: obj =   3.013735732e+01 inf =   1.397e-01 (9205) 1
* 77752: obj =   3.013735693e+01 inf =   1.397e-01 (9223) 1
* 77869: obj =   3.013735583e+01 inf =   1.398e-01 (9224) 2
* 78001: obj =   3.013735399e+01 inf =   1.393e-01 (9224) 1
* 78121: obj =   3.013735304e+01 inf =   1.393e-01 (9184) 1
* 78237: obj =   3.013735291e+01 inf =   1.392e-01 (9188) 1
* 78356: obj =   3.013735265e+01 inf =   1.392e-01 (9192) 1
* 78480: obj =   3.013735192e+01 inf =   1.393e-01 (9187) 1
* 78595: obj =   3.013735151e+01 inf =   1.392e-01 (9158) 2
* 78721: obj =   3.013735126e+01 inf =   1.391e-01 (9171) 1
* 78846: obj =   3.013735021e+01 inf =   1.392e-01 (9173) 1
* 78975: obj =   3.013734949e+01 inf =   1.395e-01 (9152) 1
* 79092: obj =   3.013734867e+01 inf =   1.398e-01 (9171) 1
* 79217: obj =   3.011846878e+01 inf =   1.400e-01 (9106) 1
* 79332: obj =   3.011846865e+01 inf =   1.402e-01 (9110) 2
* 79448: obj =   3.011846850e+01 inf =   1.402e-01 (9129) 1
* 79562: obj =   3.011846766e+01 inf =   1.408e-01 (9144) 1
* 79686: obj =   3.011846750e+01 inf =   1.408e-01 (9141) 1
* 79808: obj =   3.011846714e+01 inf =   1.409e-01 (9136) 1
* 79924: obj =   3.011846682e+01 inf =   1.408e-01 (9163) 1
* 80039: obj =   3.011846637e+01 inf =   1.410e-01 (9162) 1
* 80159: obj =   3.011846442e+01 inf =   1.412e-01 (9164) 1
* 80281: obj =   3.011846415e+01 inf =   1.413e-01 (9171) 1
* 80393: obj =   3.011846360e+01 inf =   1.416e-01 (9153) 2
* 80513: obj =   3.011846344e+01 inf =   1.415e-01 (9158) 1
* 80627: obj =   3.011846309e+01 inf =   1.418e-01 (9162) 1
* 80746: obj =   3.011846255e+01 inf =   1.420e-01 (9194) 1
* 80857: obj =   3.011846222e+01 inf =   1.418e-01 (9186) 1
* 80976: obj =   3.011846185e+01 inf =   1.415e-01 (9201) 1
* 81093: obj =   3.011846183e+01 inf =   1.414e-01 (9159) 1
* 81216: obj =   3.011846126e+01 inf =   1.412e-01 (9175) 1
* 81330: obj =   3.011846110e+01 inf =   1.413e-01 (9195) 2
* 81445: obj =   3.011846089e+01 inf =   1.413e-01 (9209) 1
* 81567: obj =   3.011846072e+01 inf =   1.407e-01 (9184) 1
* 81687: obj =   3.011846046e+01 inf =   1.402e-01 (9211) 1
* 81807: obj =   3.011845957e+01 inf =   1.400e-01 (9206) 1
* 81930: obj =   3.011845908e+01 inf =   1.398e-01 (9207) 1
* 82049: obj =   3.011845845e+01 inf =   1.399e-01 (9209) 1
* 82160: obj =   3.011845820e+01 inf =   1.400e-01 (9212) 1
* 82275: obj =   3.011845772e+01 inf =   1.401e-01 (9181) 1
* 82389: obj =   3.011845740e+01 inf =   1.402e-01 (9191) 1
* 82501: obj =   3.011845682e+01 inf =   1.406e-01 (9214) 1
* 82613: obj =   3.011845646e+01 inf =   1.406e-01 (9240) 1
* 82725: obj =   3.011845522e+01 inf =   1.410e-01 (9259) 2
* 82843: obj =   3.011845453e+01 inf =   1.415e-01 (9275) 1
* 82962: obj =   3.011845417e+01 inf =   1.409e-01 (9253) 1
* 83074: obj =   3.011845406e+01 inf =   1.407e-01 (9254) 1
* 83188: obj =   3.011845352e+01 inf =   1.408e-01 (9253) 1
* 83303: obj =   3.011845242e+01 inf =   1.414e-01 (9277) 1
* 83416: obj =   3.011845191e+01 inf =   1.417e-01 (9271) 1
* 83530: obj =   3.011845147e+01 inf =   1.414e-01 (9276) 1
* 83653: obj =   3.011844943e+01 inf =   1.408e-01 (9242) 1
* 83764: obj =   3.011844861e+01 inf =   1.407e-01 (9264) 1
* 83875: obj =   3.011844819e+01 inf =   1.401e-01 (9278) 1
* 83987: obj =   3.011844755e+01 inf =   1.399e-01 (9314) 1
* 84107: obj =   3.011844731e+01 inf =   1.396e-01 (9303) 1
* 84225: obj =   3.011844711e+01 inf =   1.395e-01 (9293) 2
* 84334: obj =   3.011844669e+01 inf =   1.394e-01 (9290) 1
* 84443: obj =   3.011844626e+01 inf =   1.390e-01 (9323) 1
* 84552: obj =   3.011844532e+01 inf =   1.390e-01 (9314) 1
* 84667: obj =   3.011844492e+01 inf =   1.393e-01 (9325) 1
* 84775: obj =   3.011844360e+01 inf =   1.397e-01 (9334) 1
* 84890: obj =   3.011844240e+01 inf =   1.398e-01 (9349) 1
* 85005: obj =   3.011844158e+01 inf =   1.400e-01 (9354) 1
* 85121: obj =   3.011844087e+01 inf =   1.399e-01 (9364) 1
* 85236: obj =   3.011843970e+01 inf =   1.399e-01 (9406) 1
* 85348: obj =   3.011843865e+01 inf =   1.395e-01 (9397) 1
* 85460: obj =   3.011843838e+01 inf =   1.392e-01 (9376) 1
* 85570: obj =   3.011843723e+01 inf =   1.393e-01 (9401) 1
* 85683: obj =   3.011843654e+01 inf =   1.391e-01 (9404) 1
* 85794: obj =   3.011843530e+01 inf =   1.391e-01 (9396) 1
* 85908: obj =   3.011843434e+01 inf =   1.391e-01 (9410) 1
* 86019: obj =   3.011843409e+01 inf =   1.392e-01 (9419) 1
* 86131: obj =   3.011843371e+01 inf =   1.386e-01 (9452) 1
* 86243: obj =   3.011843299e+01 inf =   1.386e-01 (9439) 1
* 86352: obj =   3.011843261e+01 inf =   1.380e-01 (9453) 1
* 86462: obj =   3.011843196e+01 inf =   1.380e-01 (9454) 1
* 86570: obj =   3.011843195e+01 inf =   1.380e-01 (9451) 1
* 86685: obj =   3.011843156e+01 inf =   1.378e-01 (9459) 1
* 86799: obj =   3.011843105e+01 inf =   1.372e-01 (9473) 1
* 86915: obj =   3.011843059e+01 inf =   1.370e-01 (9484) 1
* 87023: obj =   3.011842949e+01 inf =   1.369e-01 (9440) 1
* 87133: obj =   3.011842888e+01 inf =   1.369e-01 (9462) 1
* 87244: obj =   3.011842790e+01 inf =   1.367e-01 (9462) 1
* 87351: obj =   3.011842749e+01 inf =   1.367e-01 (9477) 1
* 87461: obj =   3.011842704e+01 inf =   1.370e-01 (9517) 1
* 87569: obj =   3.011842662e+01 inf =   1.371e-01 (9521) 2
* 87678: obj =   3.011842543e+01 inf =   1.365e-01 (9538) 1
* 87793: obj =   3.011842380e+01 inf =   1.366e-01 (9509) 1
* 87907: obj =   3.011842277e+01 inf =   1.361e-01 (9519) 1
* 88026: obj =   3.011841969e+01 inf =   1.356e-01 (9559) 1
* 88148: obj =   3.011841821e+01 inf =   1.354e-01 (9541) 1
* 88258: obj =   3.011841645e+01 inf =   1.356e-01 (9559) 1
* 88363: obj =   3.011841623e+01 inf =   1.355e-01 (9551) 1
* 88478: obj =   3.011841620e+01 inf =   1.345e-01 (9576) 1
* 88588: obj =   3.011841563e+01 inf =   1.342e-01 (9580) 1
* 88702: obj =   3.011841469e+01 inf =   1.338e-01 (9592) 1
* 88815: obj =   3.011841369e+01 inf =   1.337e-01 (9599) 1
* 88929: obj =   3.011841282e+01 inf =   1.326e-01 (9597) 1
* 89050: obj =   3.011841154e+01 inf =   1.319e-01 (9554) 1
* 89163: obj =   3.011841098e+01 inf =   1.312e-01 (9557) 1
* 89274: obj =   3.011840737e+01 inf =   1.305e-01 (9580) 1
* 89388: obj =   3.011840600e+01 inf =   1.307e-01 (9582) 1
* 89497: obj =   3.011840516e+01 inf =   1.305e-01 (9583) 1
* 89603: obj =   3.011840486e+01 inf =   1.302e-01 (9582) 1
* 89709: obj =   3.011840439e+01 inf =   1.303e-01 (9620) 1
* 89818: obj =   3.011840349e+01 inf =   1.302e-01 (9602) 1
* 89929: obj =   3.011840272e+01 inf =   1.298e-01 (9613) 1
* 90039: obj =   3.011840222e+01 inf =   1.295e-01 (9631) 1
* 90146: obj =   3.011840162e+01 inf =   1.289e-01 (9649) 1
* 90256: obj =   3.011840023e+01 inf =   1.285e-01 (9651) 1
* 90372: obj =   3.011839955e+01 inf =   1.280e-01 (9622) 1
* 90487: obj =   3.011839757e+01 inf =   1.281e-01 (9625) 2
* 90611: obj =   3.011839563e+01 inf =   1.278e-01 (9669) 1
* 90723: obj =   3.011839383e+01 inf =   1.272e-01 (9674) 1
* 90833: obj =   3.011839222e+01 inf =   1.275e-01 (9667) 1
* 90941: obj =   3.011839181e+01 inf =   1.267e-01 (9685) 1
* 91057: obj =   3.011838935e+01 inf =   1.260e-01 (9701) 1
* 91176: obj =   2.994898384e+01 inf =   1.250e-01 (9780) 1
* 91289: obj =   2.994897880e+01 inf =   1.251e-01 (9749) 1
* 91392: obj =   2.994897822e+01 inf =   1.246e-01 (9757) 1
* 91498: obj =   2.994897806e+01 inf =   1.245e-01 (9770) 1
* 91603: obj =   2.994897782e+01 inf =   1.239e-01 (9808) 1
* 91709: obj =   2.994897718e+01 inf =   1.237e-01 (9805) 1
* 91824: obj =   2.994897098e+01 inf =   1.225e-01 (9828) 1
* 91936: obj =   2.994896909e+01 inf =   1.222e-01 (9826) 1
* 92050: obj =   2.994896277e+01 inf =   1.214e-01 (9825) 1
* 92161: obj =   2.994896152e+01 inf =   1.206e-01 (9816) 1
* 92274: obj =   2.994895160e+01 inf =   1.195e-01 (9796) 1
* 92390: obj =   2.994894376e+01 inf =   1.189e-01 (9843) 1
* 92501: obj =   2.994892766e+01 inf =   1.182e-01 (9818) 1
* 92611: obj =   2.994892668e+01 inf =   1.179e-01 (9834) 1
* 92729: obj =   2.994891933e+01 inf =   1.173e-01 (9809) 1
* 92838: obj =   2.994891675e+01 inf =   1.167e-01 (9812) 1
* 92951: obj =   2.994891009e+01 inf =   1.158e-01 (9844) 2
* 93069: obj =   2.994889997e+01 inf =   1.144e-01 (9808) 1
* 93187: obj =   2.994887260e+01 inf =   1.114e-01 (9826) 1
* 93299: obj =   2.994886111e+01 inf =   1.103e-01 (9823) 1
* 93403: obj =   2.994886108e+01 inf =   1.103e-01 (9830) 1
* 93508: obj =   2.994883980e+01 inf =   1.090e-01 (9849) 1
* 93626: obj =   2.994880743e+01 inf =   1.067e-01 (9854) 1
* 93744: obj =   2.970654639e+01 inf =   1.047e-01 (397402) 1
* 93868: obj =   2.970653458e+01 inf =   1.047e-01 (397405) 1
* 93991: obj =   2.970652690e+01 inf =   1.045e-01 (397410) 1
* 94115: obj =   2.970652304e+01 inf =   1.046e-01 (397417) 1
* 94233: obj =   2.970651737e+01 inf =   1.046e-01 (397406) 2
* 94354: obj =   2.970651359e+01 inf =   1.047e-01 (397411) 1
* 94477: obj =   2.970651000e+01 inf =   1.047e-01 (397420) 1
* 94591: obj =   2.970650915e+01 inf =   1.047e-01 (397428) 1
* 94711: obj =   2.970650758e+01 inf =   1.045e-01 (397410) 1
* 94837: obj =   2.970650288e+01 inf =   1.044e-01 (397404) 1
* 94962: obj =   2.970649769e+01 inf =   1.050e-01 (397410) 1
* 95080: obj =   2.970649551e+01 inf =   1.052e-01 (397407) 2
* 95198: obj =   2.970649077e+01 inf =   1.055e-01 (397383) 1
* 95322: obj =   2.970648956e+01 inf =   1.057e-01 (397399) 1
* 95450: obj =   2.970648853e+01 inf =   1.057e-01 (397388) 1
* 95578: obj =   2.970648619e+01 inf =   1.059e-01 (397360) 1
* 95705: obj =   2.970648323e+01 inf =   1.059e-01 (397398) 1
* 95827: obj =   2.970648150e+01 inf =   1.059e-01 (397365) 2
* 95956: obj =   2.970647976e+01 inf =   1.062e-01 (397388) 1
* 96088: obj =   2.970647831e+01 inf =   1.058e-01 (397374) 1
* 96217: obj =   2.970647386e+01 inf =   1.061e-01 (397366) 1
* 96346: obj =   2.970647246e+01 inf =   1.061e-01 (397371) 1
* 96465: obj =   2.970646798e+01 inf =   1.061e-01 (397364) 2
* 96594: obj =   2.970646189e+01 inf =   1.059e-01 (397388) 1
* 96721: obj =   2.970646010e+01 inf =   1.056e-01 (397377) 1
* 96852: obj =   2.970645742e+01 inf =   1.057e-01 (397364) 1
* 96981: obj =   2.970645629e+01 inf =   1.057e-01 (397356) 1
* 97108: obj =   2.970644777e+01 inf =   1.053e-01 (397364) 2
* 97235: obj =   2.970644672e+01 inf =   1.056e-01 (397365) 1
* 97359: obj =   2.970644374e+01 inf =   1.052e-01 (397346) 1
* 97493: obj =   2.943211644e+01 inf =   1.048e-01 (9668) 1
* 97670: obj =   2.284852794e+01 inf =   1.046e-01 (9607) 1
* 97803: obj =   2.284852717e+01 inf =   1.051e-01 (9585) 1
* 97930: obj =   2.284852514e+01 inf =   1.051e-01 (9613) 2
* 98065: obj =   2.284852367e+01 inf =   1.047e-01 (9628) 1
* 98198: obj =   2.284852190e+01 inf =   1.046e-01 (9611) 1
* 98331: obj =   2.284852058e+01 inf =   1.046e-01 (9627) 1
* 98460: obj =   2.284851180e+01 inf =   1.048e-01 (9628) 2
* 98589: obj =   2.284850895e+01 inf =   1.044e-01 (9618) 1
* 98722: obj =   2.284850504e+01 inf =   1.045e-01 (9578) 1
* 98855: obj =   2.284850337e+01 inf =   1.044e-01 (9577) 1
* 98991: obj =   2.284848679e+01 inf =   1.042e-01 (9552) 1
* 99122: obj =   2.284848629e+01 inf =   1.047e-01 (9533) 2
* 99252: obj =   2.274125146e+01 inf =   1.050e-01 (9592) 1
* 99374: obj =   2.274125008e+01 inf =   1.047e-01 (9553) 1
* 99500: obj =   2.274124954e+01 inf =   1.047e-01 (9511) 1
* 99629: obj =   2.274124740e+01 inf =   1.043e-01 (9517) 1
* 99758: obj =   2.274124594e+01 inf =   1.039e-01 (9527) 1
* 99887: obj =   2.274124358e+01 inf =   1.034e-01 (9533) 2
*100020: obj =   2.274124275e+01 inf =   1.039e-01 (9524) 1
*100154: obj =   2.274123853e+01 inf =   1.037e-01 (9470) 1
*100282: obj =   2.274123761e+01 inf =   1.035e-01 (9469) 1
*100411: obj =   2.274123576e+01 inf =   1.032e-01 (9500) 1
*100543: obj =   2.274123462e+01 inf =   1.029e-01 (9499) 1
*100669: obj =   2.266663461e+01 inf =   1.030e-01 (9403) 2
*100799: obj =   2.266663361e+01 inf =   1.027e-01 (9455) 1
*100928: obj =   2.266662591e+01 inf =   1.020e-01 (9429) 1
*101066: obj =   2.266661024e+01 inf =   1.019e-01 (9407) 1
*101197: obj =   2.266660874e+01 inf =   1.016e-01 (9416) 1
*101382: obj =   1.874760668e+01 inf =   1.013e-01 (9473) 1
*101562: obj =   1.821912948e+01 inf =   1.013e-01 (9544) 1
*101701: obj =   1.821912406e+01 inf =   1.013e-01 (9363)
*101845: obj =   1.821912267e+01 inf =   1.013e-01 (9255)
*101971: obj =   1.821912125e+01 inf =   1.016e-01 (9286) 2
*102179: obj =   7.921416484e+00 inf =   1.008e-01 (9159) 1
*102346: obj =   3.675852051e+00 inf =   1.008e-01 (9131) 1
*102500: obj =   2.087137557e+00 inf =   1.007e-01 (9121)
*102639: obj =   2.087136793e+00 inf =   1.008e-01 (9137) 1
*102770: obj =   2.087128755e+00 inf =   1.007e-01 (9148) 2
*102903: obj =   2.087127158e+00 inf =   1.012e-01 (9144) 1
*103042: obj =   2.087124786e+00 inf =   1.013e-01 (9141) 1
*103183: obj =   1.934948268e+00 inf =   1.013e-01 (9299) 1
*103325: obj =   1.934947748e+00 inf =   1.013e-01 (9296) 1
*103458: obj =   1.934945648e+00 inf =   1.016e-01 (9246) 1
*103597: obj =   1.934943757e+00 inf =   1.022e-01 (9253) 1
*103728: obj =   1.934942685e+00 inf =   1.024e-01 (9252) 2
*103867: obj =   1.934940992e+00 inf =   1.025e-01 (9209) 1
*104010: obj =   1.934940570e+00 inf =   1.026e-01 (9222) 1
*104156: obj =   1.934938951e+00 inf =   1.025e-01 (9200) 1
*104298: obj =   1.934936147e+00 inf =   1.033e-01 (9205) 1
*104438: obj =   1.934935831e+00 inf =   1.031e-01 (9198) 2
*104583: obj =   1.934935339e+00 inf =   1.029e-01 (9182) 1
*104723: obj =   1.934934454e+00 inf =   1.030e-01 (9193) 1
*104862: obj =   1.934933663e+00 inf =   1.030e-01 (9167) 1
*105002: obj =   1.934932708e+00 inf =   1.029e-01 (9183) 1
*105141: obj =   1.934929917e+00 inf =   1.034e-01 (9165) 1
*105276: obj =   1.934928497e+00 inf =   1.035e-01 (9155) 2
*105414: obj =   1.934926510e+00 inf =   1.035e-01 (9145) 1
*105558: obj =   1.722621455e+00 inf =   1.032e-01 (9140) 1
*105698: obj =   1.722619363e+00 inf =   1.039e-01 (9130) 1
*105836: obj =   1.722618287e+00 inf =   1.044e-01 (9141) 1
*105967: obj =   1.722617759e+00 inf =   1.045e-01 (9125) 2
*106102: obj =   1.722616238e+00 inf =   1.053e-01 (9125) 1
*106242: obj =   1.722612143e+00 inf =   1.053e-01 (9164) 1
*106371: obj =   1.722611165e+00 inf =   1.054e-01 (9142) 1
*106500: obj =   1.722607645e+00 inf =   1.055e-01 (9122) 2
*106630: obj =   1.722606877e+00 inf =   1.054e-01 (9145) 1
*106767: obj =   1.722606420e+00 inf =   1.054e-01 (9134) 1
*106902: obj =   1.722604371e+00 inf =   1.052e-01 (9098) 1
*107029: obj =   1.722602305e+00 inf =   1.055e-01 (9104) 1
*107163: obj =   1.722601185e+00 inf =   1.059e-01 (9083) 1
*107301: obj =   1.722599724e+00 inf =   1.062e-01 (9065) 2
*107434: obj =   1.722599271e+00 inf =   1.060e-01 (9046) 1
*107564: obj =   1.722598922e+00 inf =   1.060e-01 (9044) 1
*107700: obj =   1.722597803e+00 inf =   1.053e-01 (9041) 1
*107829: obj =   1.722597062e+00 inf =   1.052e-01 (9038) 1
*107943: obj =   1.722596587e+00 inf =   1.051e-01 (9075) 2
*108068: obj =   1.722595948e+00 inf =   1.051e-01 (9081) 1
*108186: obj =   1.722594683e+00 inf =   1.053e-01 (9064) 1
*108306: obj =   1.722594021e+00 inf =   1.054e-01 (9048) 1
*108435: obj =   1.722592988e+00 inf =   1.055e-01 (9051) 1
*108563: obj =   1.722592697e+00 inf =   1.054e-01 (9054) 1
*108692: obj =   1.722591875e+00 inf =   1.052e-01 (9066) 1
*108823: obj =   1.722588840e+00 inf =   1.047e-01 (9006) 1
*108945: obj =   1.019928513e+00 inf =   1.054e-01 (8762) 1
*109063: obj =   1.019924846e+00 inf =   1.060e-01 (8802) 1
*109181: obj =   1.019923586e+00 inf =   1.066e-01 (8778) 2
*109314: obj =   1.019922348e+00 inf =   1.067e-01 (8672)
*109443: obj =   1.019922097e+00 inf =   1.067e-01 (8541)
*109554: obj =   9.904736027e-01 inf =   1.080e-01 (8467) 1
*109663: obj =   7.432226615e-01 inf =   1.090e-01 (8318) 1
*109794: obj =   6.375656011e-01 inf =   1.090e-01 (8182)
*109917: obj =   6.244840052e-01 inf =   1.090e-01 (8026)
*110027: obj =   6.179100738e-01 inf =   1.098e-01 (7987) 1
*110138: obj =   6.178992505e-01 inf =   1.097e-01 (8003) 1
*110253: obj =   3.066125609e-01 inf =   1.093e-01 (7974) 1
*110377: obj =   2.854007474e-01 inf =   1.097e-01 (397490)
*110490: obj =   2.853971960e-01 inf =   1.093e-01 (397544) 1
*110600: obj =   2.853918361e-01 inf =   1.098e-01 (397534) 1
*110711: obj =   8.302884907e-02 inf =   1.079e-01 (7763) 1
*110821: obj =   7.137495276e-02 inf =   1.071e-01 (397448) 1
*110934: obj =   7.136963378e-02 inf =   1.081e-01 (397467) 1
*111047: obj =   7.136740926e-02 inf =   1.081e-01 (397457) 1
*111160: obj =   7.136324289e-02 inf =   1.081e-01 (397458) 1
*111273: obj =   7.136025593e-02 inf =   1.077e-01 (397464) 1
*111381: obj =   7.135854577e-02 inf =   1.074e-01 (397456) 1
*111491: obj =   7.135498232e-02 inf =   1.071e-01 (397468) 1
*111601: obj =   7.135343854e-02 inf =   1.069e-01 (397453) 1
*111712: obj =   7.135068792e-02 inf =   1.067e-01 (397467) 1
*111823: obj =   7.134992055e-02 inf =   1.065e-01 (397454) 1
*111936: obj =   7.134686506e-02 inf =   1.064e-01 (397456) 1
*112047: obj =   7.134565738e-02 inf =   1.066e-01 (397431) 1
*112160: obj =   7.134409902e-02 inf =   1.067e-01 (397438) 1
*112273: obj =   7.134364680e-02 inf =   1.066e-01 (397427) 1
*112390: obj =   7.134323572e-02 inf =   1.065e-01 (397426) 1
*112503: obj =   7.134304642e-02 inf =   1.066e-01 (397405) 1
*112619: obj =   7.134281205e-02 inf =   1.065e-01 (397394) 1
*112727: obj =   7.134250922e-02 inf =   1.065e-01 (397366) 2
*112848: obj =   7.134230876e-02 inf =   1.064e-01 (397416) 1
*112964: obj =   7.134199433e-02 inf =   1.065e-01 (397410) 1
*113075: obj =   7.134142215e-02 inf =   1.068e-01 (397389) 1
*113192: obj =   7.134105552e-02 inf =   1.061e-01 (397405) 1
*113315: obj =   7.134083672e-02 inf =   1.066e-01 (397399) 1
*113431: obj =   7.133998391e-02 inf =   1.063e-01 (397369) 1
*113548: obj =   7.133969596e-02 inf =   1.069e-01 (397366) 1
*113665: obj =   7.133901889e-02 inf =   1.063e-01 (397375) 1
*113786: obj =   7.133818793e-02 inf =   1.063e-01 (397354) 1
*113903: obj =   7.133802406e-02 inf =   1.069e-01 (397361) 2
*114019: obj =   7.133785466e-02 inf =   1.070e-01 (397344) 1
*114133: obj =   7.133725027e-02 inf =   1.067e-01 (397339) 1
*114250: obj =   7.133673983e-02 inf =   1.069e-01 (397339) 1
*114367: obj =   7.133655469e-02 inf =   1.078e-01 (397347) 1
*114487: obj =   7.133633076e-02 inf =   1.090e-01 (397355) 1
*114610: obj =   7.133603854e-02 inf =   1.087e-01 (397349) 1
*114728: obj =   7.133583200e-02 inf =   1.083e-01 (397345) 1
*114843: obj =   7.133531120e-02 inf =   1.087e-01 (397324) 1
*114953: obj =   7.133528400e-02 inf =   1.085e-01 (397322) 2
*115075: obj =   7.133486706e-02 inf =   1.084e-01 (397326) 1
*115195: obj =   7.133472989e-02 inf =   1.082e-01 (397329) 1
*115313: obj =   7.133463977e-02 inf =   1.081e-01 (397341) 1
*115431: obj =   7.133451717e-02 inf =   1.079e-01 (397341) 1
*115543: obj =   7.133429759e-02 inf =   1.078e-01 (397339) 1
*115662: obj =   7.133398083e-02 inf =   1.074e-01 (397304) 1
*115785: obj =   7.133377578e-02 inf =   1.072e-01 (397307) 1
*115894: obj =   7.133374561e-02 inf =   1.071e-01 (397315) 2
*116013: obj =   7.133359133e-02 inf =   1.071e-01 (397282) 1
*116133: obj =   7.133342336e-02 inf =   1.072e-01 (397272) 1
*116252: obj =   7.133326879e-02 inf =   1.073e-01 (397261) 1
*116366: obj =   7.133299555e-02 inf =   1.073e-01 (397244) 1
*116486: obj =   7.133297994e-02 inf =   1.071e-01 (397267) 1
*116604: obj =   7.133295408e-02 inf =   1.067e-01 (397276) 1
*116715: obj =   7.133265879e-02 inf =   1.063e-01 (397285) 1
*116833: obj =   7.133244584e-02 inf =   1.056e-01 (397247) 2
*116951: obj =   7.133228640e-02 inf =   1.056e-01 (397266) 1
*117072: obj =   7.133209189e-02 inf =   1.059e-01 (397283) 1
*117188: obj =   7.133206221e-02 inf =   1.056e-01 (397288) 1
*117307: obj =   7.133188649e-02 inf =   1.051e-01 (397258) 1
*117425: obj =   7.133177032e-02 inf =   1.051e-01 (397251) 1
*117543: obj =   7.133164238e-02 inf =   1.054e-01 (397295) 1
*117661: obj =   7.133157202e-02 inf =   1.052e-01 (397298) 1
*117764: obj =   7.133156669e-02 inf =   1.049e-01 (397313) 2
*117880: obj =   7.133145077e-02 inf =   1.047e-01 (397300) 1
*117998: obj =   7.133134010e-02 inf =   1.046e-01 (397254) 1
*118116: obj =   7.133124026e-02 inf =   1.045e-01 (397285) 1
*118233: obj =   7.133105304e-02 inf =   1.045e-01 (397290) 1
*118350: obj =   7.133099996e-02 inf =   1.042e-01 (397289) 1
*118467: obj =   7.133093961e-02 inf =   1.039e-01 (397286) 1
*118579: obj =   7.133087102e-02 inf =   1.038e-01 (397274) 1
*118684: obj =   7.133081263e-02 inf =   1.034e-01 (397278) 2
*118797: obj =   7.133077410e-02 inf =   1.029e-01 (397271) 1
*118909: obj =   7.133073088e-02 inf =   1.026e-01 (397288) 1
*119029: obj =   7.133056126e-02 inf =   1.019e-01 (397268) 1
*119149: obj =   7.133046427e-02 inf =   1.016e-01 (397282) 1
*119269: obj =   7.133038352e-02 inf =   1.013e-01 (397270) 1
*119389: obj =   7.133018298e-02 inf =   1.010e-01 (397250) 1
*119502: obj =   7.133012870e-02 inf =   1.008e-01 (397262) 2
*119618: obj =   7.133009749e-02 inf =   9.976e-02 (397249) 1
*119736: obj =   7.133002270e-02 inf =   9.880e-02 (397247) 1
*119847: obj =   7.133001795e-02 inf =   9.789e-02 (397245) 1
*119964: obj =   7.132998951e-02 inf =   9.674e-02 (397234) 1
*120081: obj =   7.132994041e-02 inf =   9.596e-02 (397249) 1
*120198: obj =   7.132993324e-02 inf =   9.549e-02 (397265) 1
*120315: obj =   7.132990682e-02 inf =   9.464e-02 (397242) 1
*120422: obj =   7.132983692e-02 inf =   9.423e-02 (397237) 2
*120537: obj =   7.132982693e-02 inf =   9.404e-02 (397232) 1
*120654: obj =   7.132945854e-02 inf =   9.373e-02 (397214) 1
*120768: obj =   6.785255551e-02 inf =   9.346e-02 (397265) 1
*120874: obj =   6.785247638e-02 inf =   9.307e-02 (397244) 1
*120986: obj =   6.785239521e-02 inf =   9.260e-02 (397249) 1
*121100: obj =   6.785232329e-02 inf =   9.216e-02 (397275) 1
*121214: obj =   6.785224641e-02 inf =   9.163e-02 (397251) 1
*121328: obj =   6.785206216e-02 inf =   9.100e-02 (397264) 1
*121442: obj =   6.785195353e-02 inf =   9.037e-02 (397254) 2
*121554: obj =   6.785186036e-02 inf =   8.944e-02 (397214) 1
*121660: obj =   6.785184186e-02 inf =   8.845e-02 (397251) 1
*121769: obj =   6.785164171e-02 inf =   8.734e-02 (397244) 1
*121877: obj =   6.785147049e-02 inf =   8.674e-02 (397247) 1
*121993: obj =   6.785134032e-02 inf =   8.657e-02 (397251) 1
*122106: obj =   6.785123467e-02 inf =   8.600e-02 (397239) 1
*122214: obj =   6.785102479e-02 inf =   8.543e-02 (397263) 1
*122328: obj =   6.785067714e-02 inf =   8.460e-02 (397246) 1
*122438: obj =   6.785026910e-02 inf =   8.437e-02 (397251) 1
*122549: obj =   6.785006402e-02 inf =   8.401e-02 (397259) 1
*122661: obj =   6.784992651e-02 inf =   8.405e-02 (397248) 1
*122771: obj =   6.784978920e-02 inf =   8.355e-02 (397249) 2
*122881: obj =   6.784828975e-02 inf =   8.342e-02 (397243) 1
*122995: obj =   6.784691922e-02 inf =   8.324e-02 (397239) 1
*123117: obj =   2.144290615e-02 inf =   8.370e-02 (397170) 1
*123239: obj =   2.144255390e-02 inf =   8.378e-02 (397173) 1
*123364: obj =   2.144224170e-02 inf =   8.441e-02 (397171) 1
*123488: obj =   2.144162557e-02 inf =   8.473e-02 (397174) 1
*123614: obj =   2.144095137e-02 inf =   8.595e-02 (397148) 1
*123737: obj =   2.144093811e-02 inf =   8.594e-02 (397142) 2
*123865: obj =   2.144087653e-02 inf =   8.582e-02 (397139) 1
*123993: obj =   2.144080481e-02 inf =   8.598e-02 (397160) 1
*124114: obj =   2.144060208e-02 inf =   8.581e-02 (397119) 1
*124240: obj =   2.144042831e-02 inf =   8.579e-02 (397155) 1
*124366: obj =   2.144034621e-02 inf =   8.558e-02 (397144) 1
*124491: obj =   2.144018003e-02 inf =   8.605e-02 (397143) 1
*124618: obj =   2.144013670e-02 inf =   8.588e-02 (397122) 1
*124739: obj =   2.144002322e-02 inf =   8.603e-02 (397125) 2
*124858: obj =   2.143999403e-02 inf =   8.582e-02 (397118) 1
*124985: obj =   2.143993282e-02 inf =   8.559e-02 (397132) 1
*125114: obj =   2.143986577e-02 inf =   8.532e-02 (397119) 1
*125235: obj =   2.143974593e-02 inf =   8.581e-02 (397117) 1
*125361: obj =   2.143965804e-02 inf =   8.583e-02 (397113) 1
*125489: obj =   2.143954432e-02 inf =   8.595e-02 (397102) 1
*125617: obj =   2.143946935e-02 inf =   8.590e-02 (397072) 1
*125738: obj =   1.496944339e-02 inf =   8.622e-02 (397074) 2
*125868: obj =   1.496913382e-02 inf =   8.665e-02 (397042) 1
*125995: obj =   1.496902808e-02 inf =   8.734e-02 (397034) 1
*126122: obj =   1.496890921e-02 inf =   8.750e-02 (397040) 1
*126250: obj =   1.496882869e-02 inf =   8.791e-02 (397048) 1
*126373: obj =   1.496874232e-02 inf =   8.800e-02 (397017) 1
*126501: obj =   1.496865564e-02 inf =   8.836e-02 (397058) 1
*126630: obj =   1.190280432e-02 inf =   8.812e-02 (8487) 1
*126752: obj =   1.190266431e-02 inf =   8.891e-02 (8454) 1
*126869: obj =   1.190258154e-02 inf =   8.941e-02 (8436) 2
*126995: obj =   1.190208553e-02 inf =   8.965e-02 (8420) 1
*127118: obj =   1.190200383e-02 inf =   8.979e-02 (8385) 1
*127246: obj =   1.190192017e-02 inf =   9.008e-02 (8357) 1
*127369: obj =   1.190179927e-02 inf =   9.020e-02 (8358) 1
*127493: obj =   1.190174438e-02 inf =   9.002e-02 (8318) 1
*127620: obj =   1.190151789e-02 inf =   9.031e-02 (8318) 1
*127752: obj =   1.190112511e-02 inf =   9.029e-02 (8248) 2
*127875: obj =   1.190098870e-02 inf =   9.082e-02 (8193) 1
*127994: obj =   1.190094426e-02 inf =   9.168e-02 (8165) 1
*128114: obj =   1.190089736e-02 inf =   9.249e-02 (8150) 1
*128234: obj =   1.190081613e-02 inf =   9.319e-02 (8123) 1
*128354: obj =   1.190073669e-02 inf =   9.410e-02 (8096) 1
*128468: obj =   1.190068066e-02 inf =   9.412e-02 (8085) 1
*128591: obj =   1.190063836e-02 inf =   9.408e-02 (8074) 1
*128720: obj =   1.190057574e-02 inf =   9.412e-02 (8041) 1
*128850: obj =   1.060487735e-02 inf =   9.480e-02 (7968) 1
*128981: obj =   6.550542904e-03 inf =   9.496e-02 (7827) 1
*129109: obj =   4.724309760e-03 inf =   9.514e-02 (2223) 2
Removing LP perturbation [129169]...
*129169: obj =   0.000000000e+00 inf =   4.441e-16 (0)
OPTIMAL LP SOLUTION FOUND
Integer optimization begins...
Long-step dual simplex will be used
+129169: mip =     not found yet >=              -inf        (1; 0)
+129169: mip =     not found yet >=   0.000000000e+00        (2; 0)
Time used: 544.5 secs.  Memory used: 861.7 Mb.
#129386: obj =  -1.529718912e-06 inf =   0.000e+00 (6499) 2 6%
#129480: obj =  -1.764362923e-06 inf =   0.000e+00 (6515) 1 92%
#129569: obj =  -1.751837593e-06 inf =   0.000e+00 (7110) 1 100%
#129662: obj =  -1.739787519e-06 inf =   0.000e+00 (7705) 1 100%
#129755: obj =  -1.728678570e-06 inf =   0.000e+00 (7452) 1 100%
#129847: obj =  -1.717659707e-06 inf =   0.000e+00 (7349) 1 100%
#129937: obj =  -1.707153838e-06 inf =   0.000e+00 (7294) 1 100%
#130026: obj =  -1.696287709e-06 inf =   0.000e+00 (7533) 100%
#130118: obj =  -1.685285891e-06 inf =   0.000e+00 (6940) 1 100%
#130213: obj =  -1.674559705e-06 inf =   0.000e+00 (5803) 1 100%
#130310: obj =  -1.664133783e-06 inf =   0.000e+00 (6002) 1 100%
#130405: obj =  -1.653887702e-06 inf =   0.000e+00 (5853) 1 100%
#130500: obj =  -1.643378836e-06 inf =   0.000e+00 (6082) 1 100%
#130593: obj =  -1.632930289e-06 inf =   0.000e+00 (5850) 1 100%
#130621: obj =   0.000000000e+00 inf =   0.000e+00 (0) 100%
+130621: mip =     not found yet >=   0.000000000e+00        (3; 0)
Time used: 1162.9 secs.  Memory used: 861.7 Mb.
#130866: obj =  -1.773284180e-06 inf =   0.000e+00 (5311) 2 18%
#130972: obj =  -1.755820899e-06 inf =   0.000e+00 (5587) 1 100%
#131078: obj =  -1.739325065e-06 inf =   0.000e+00 (5281) 1 100%
#131182: obj =   0.000000000e+00 inf =   0.000e+00 (0) 1 100%
+131182: mip =     not found yet >=   0.000000000e+00        (4; 0)
Time used: 1718.9 secs.  Memory used: 861.7 Mb.
+131199: mip =     not found yet >=   0.000000000e+00        (5; 0)
Time used: 2246.7 secs.  Memory used: 861.7 Mb.
#131424: obj =  -1.777587188e-06 inf =   0.000e+00 (3961) 2 11%
#131529: obj =  -1.759999523e-06 inf =   0.000e+00 (3697) 1 100%
#131633: obj =  -1.744558654e-06 inf =   0.000e+00 (3362) 1 100%
#131738: obj =  -1.730194358e-06 inf =   0.000e+00 (3614) 1 100%
#131840: obj =  -1.716292057e-06 inf =   0.000e+00 (3488) 1 100%
#131929: obj =   0.000000000e+00 inf =   0.000e+00 (0) 1 100%
+131929: mip =     not found yet >=   0.000000000e+00        (6; 0)
Time used: 2810.8 secs.  Memory used: 861.7 Mb.
#132168: obj =  -1.774281708e-06 inf =   0.000e+00 (2908) 2 15%
#132274: obj =  -1.755974214e-06 inf =   0.000e+00 (5453) 1 100%
#132382: obj =  -1.738757401e-06 inf =   0.000e+00 (1827) 1 100%
#132487: obj =  -1.723776009e-06 inf =   0.000e+00 (2070) 1 100%
#132543: obj =   0.000000000e+00 inf =   0.000e+00 (0) 100%
+132543: mip =     not found yet >=   0.000000000e+00        (7; 0)
Time used: 3357.5 secs.  Memory used: 861.8 Mb.
#132779: obj =  -1.774966781e-06 inf =   0.000e+00 (4434) 2 15%
#132888: obj =  -1.756412434e-06 inf =   0.000e+00 (4102) 1 100%
#132995: obj =  -1.739378215e-06 inf =   0.000e+00 (2694) 1 100%
#133100: obj =  -1.724438885e-06 inf =   0.000e+00 (2071) 1 100%
#133209: obj =  -1.709621541e-06 inf =   0.000e+00 (841) 1 100%
#133271: obj =   0.000000000e+00 inf =   0.000e+00 (0) 1 100%
+133271: mip =     not found yet >=   0.000000000e+00        (8; 0)
Time used: 3909.7 secs.  Memory used: 861.8 Mb.
#133505: obj =  -1.774699678e-06 inf =   0.000e+00 (3311) 2 14%
#133612: obj =  -1.755091304e-06 inf =   0.000e+00 (1643) 1 100%
#133700: obj =   0.000000000e+00 inf =   0.000e+00 (0) 1 100%
+133700: mip =     not found yet >=   0.000000000e+00        (9; 0)
Time used: 4444.6 secs.  Memory used: 861.8 Mb.
+133869: mip =     not found yet >=   0.000000000e+00        (10; 0)
Time used: 4973.5 secs.  Memory used: 861.8 Mb.
#134086: obj =  -1.762481641e-06 inf =   0.000e+00 (37) 2 7%
#134109: obj =   0.000000000e+00 inf =   0.000e+00 (0) 100%
+134109: mip =     not found yet >=   0.000000000e+00        (11; 0)
Time used: 5527.3 secs.  Memory used: 861.8 Mb.
+134156: mip =     not found yet >=   0.000000000e+00        (12; 0)
Time used: 6072.3 secs.  Memory used: 861.8 Mb.
+134157: mip =     not found yet >=   0.000000000e+00        (13; 0)
Time used: 6614.1 secs.  Memory used: 861.8 Mb.
+134158: mip =     not found yet >=   0.000000000e+00        (14; 0)
Time used: 7160.1 secs.  Memory used: 861.8 Mb.
+134159: mip =     not found yet >=   0.000000000e+00        (15; 0)
Time used: 7708.7 secs.  Memory used: 861.8 Mb.
+134160: mip =     not found yet >=   0.000000000e+00        (16; 0)
Time used: 8252.1 secs.  Memory used: 861.8 Mb.
#134396: obj =  -1.727930452e-06 inf =   0.000e+00 (531) 2 14%
#134405: obj =   0.000000000e+00 inf =   0.000e+00 (0) 100%
+134405: mip =     not found yet >=   0.000000000e+00        (17; 0)
Time used: 8812.9 secs.  Memory used: 861.8 Mb.
+134421: mip =     not found yet >=   0.000000000e+00        (18; 0)
Time used: 9363.3 secs.  Memory used: 861.8 Mb.
+134422: mip =     not found yet >=   0.000000000e+00        (19; 0)
Time used: 9916.7 secs.  Memory used: 861.8 Mb.
+134423: mip =     not found yet >=   0.000000000e+00        (20; 0)
Time used: 10478.9 secs.  Memory used: 861.8 Mb.
+134424: mip =     not found yet >=   0.000000000e+00        (21; 0)
Time used: 11043.5 secs.  Memory used: 861.8 Mb.
+134427: mip =     not found yet >=   0.000000000e+00        (22; 0)
Time used: 11603.4 secs.  Memory used: 861.8 Mb.
+134429: mip =     not found yet >=   0.000000000e+00        (23; 0)
Time used: 12155.2 secs.  Memory used: 861.8 Mb.
+134551: mip =     not found yet >=   0.000000000e+00        (24; 0)
Time used: 12730.4 secs.  Memory used: 861.8 Mb.
+134552: mip =     not found yet >=   0.000000000e+00        (25; 0)
Time used: 13311.7 secs.  Memory used: 861.8 Mb.
+134566: mip =     not found yet >=   0.000000000e+00        (26; 0)
Time used: 13887.7 secs.  Memory used: 861.8 Mb.
+134567: mip =     not found yet >=   0.000000000e+00        (27; 0)
Time used: 14478.7 secs.  Memory used: 861.8 Mb.
+134568: mip =     not found yet >=   0.000000000e+00        (28; 0)
Time used: 15059.4 secs.  Memory used: 861.8 Mb.
+134569: mip =     not found yet >=   0.000000000e+00        (29; 0)
Time used: 15704.2 secs.  Memory used: 861.8 Mb.
+134570: mip =     not found yet >=   0.000000000e+00        (30; 0)
Time used: 16377.5 secs.  Memory used: 861.8 Mb.
+134571: mip =     not found yet >=   0.000000000e+00        (31; 0)
Time used: 17058.8 secs.  Memory used: 861.8 Mb.
+134572: mip =     not found yet >=   0.000000000e+00        (32; 0)
Time used: 17651.5 secs.  Memory used: 861.8 Mb.
+134573: mip =     not found yet >=   0.000000000e+00        (33; 0)
Time used: 18197.1 secs.  Memory used: 861.8 Mb.
+134576: mip =     not found yet >=   0.000000000e+00        (34; 0)
Time used: 18736.2 secs.  Memory used: 861.8 Mb.
+134577: mip =     not found yet >=   0.000000000e+00        (35; 0)
Time used: 19291.0 secs.  Memory used: 861.8 Mb.
+134584: mip =     not found yet >=   0.000000000e+00        (36; 0)
Time used: 19838.1 secs.  Memory used: 861.8 Mb.
+134585: mip =     not found yet >=   0.000000000e+00        (37; 0)
Time used: 20380.9 secs.  Memory used: 861.8 Mb.
+134586: mip =     not found yet >=   0.000000000e+00        (38; 0)
Time used: 20924.4 secs.  Memory used: 861.8 Mb.
+134587: mip =     not found yet >=   0.000000000e+00        (39; 0)
Time used: 21488.9 secs.  Memory used: 861.8 Mb.
+134588: mip =     not found yet >=   0.000000000e+00        (40; 0)
Time used: 22033.5 secs.  Memory used: 861.8 Mb.
+134589: mip =     not found yet >=   0.000000000e+00        (41; 0)
Time used: 22577.0 secs.  Memory used: 861.8 Mb.
+134598: mip =     not found yet >=   0.000000000e+00        (42; 0)
Time used: 23126.2 secs.  Memory used: 861.8 Mb.
+134599: mip =     not found yet >=   0.000000000e+00        (43; 0)
Time used: 23670.9 secs.  Memory used: 861.8 Mb.
+134600: mip =     not found yet >=   0.000000000e+00        (44; 0)
Time used: 24219.7 secs.  Memory used: 861.8 Mb.
+134605: mip =     not found yet >=   0.000000000e+00        (45; 0)
Time used: 24758.8 secs.  Memory used: 861.8 Mb.
+134606: mip =     not found yet >=   0.000000000e+00        (46; 0)
Time used: 25301.6 secs.  Memory used: 861.8 Mb.
+134607: mip =     not found yet >=   0.000000000e+00        (47; 0)
Time used: 25844.2 secs.  Memory used: 861.8 Mb.
+134608: mip =     not found yet >=   0.000000000e+00        (48; 0)
Time used: 26392.6 secs.  Memory used: 861.8 Mb.
+134609: mip =     not found yet >=   0.000000000e+00        (49; 0)
Time used: 26932.0 secs.  Memory used: 861.8 Mb.
+134610: mip =     not found yet >=   0.000000000e+00        (50; 0)
Time used: 27470.9 secs.  Memory used: 861.8 Mb.
+134614: mip =     not found yet >=   0.000000000e+00        (51; 0)
Time used: 28014.5 secs.  Memory used: 861.8 Mb.
+134654: mip =     not found yet >=   0.000000000e+00        (52; 0)
Time used: 28564.7 secs.  Memory used: 861.8 Mb.
+134657: mip =     not found yet >=   0.000000000e+00        (53; 0)
Time used: 29108.5 secs.  Memory used: 861.8 Mb.
+134658: mip =     not found yet >=   0.000000000e+00        (54; 0)
Time used: 29670.7 secs.  Memory used: 861.8 Mb.
+134664: mip =     not found yet >=   0.000000000e+00        (55; 0)
Time used: 30218.2 secs.  Memory used: 861.8 Mb.
+134665: mip =     not found yet >=   0.000000000e+00        (56; 0)
Time used: 30782.1 secs.  Memory used: 861.8 Mb.
+134669: mip =     not found yet >=   0.000000000e+00        (57; 0)
Time used: 31336.2 secs.  Memory used: 861.8 Mb.
+134675: mip =     not found yet >=   0.000000000e+00        (58; 0)
Time used: 31879.6 secs.  Memory used: 861.8 Mb.
#134912: obj =  -1.727530369e-06 inf =   0.000e+00 (1200) 2 15%
#134976: obj =   0.000000000e+00 inf =   0.000e+00 (0) 100%
+134976: mip =     not found yet >=   0.000000000e+00        (59; 0)
Time used: 32444.0 secs.  Memory used: 861.9 Mb.
+135093: mip =     not found yet >=   0.000000000e+00        (60; 0)
Time used: 32994.5 secs.  Memory used: 861.9 Mb.
+135231: mip =     not found yet >=   0.000000000e+00        (61; 0)
Time used: 33552.9 secs.  Memory used: 861.9 Mb.
+135258: mip =     not found yet >=   0.000000000e+00        (62; 0)
Time used: 34100.5 secs.  Memory used: 861.9 Mb.
+135260: mip =     not found yet >=   0.000000000e+00        (63; 0)
Time used: 34643.2 secs.  Memory used: 861.9 Mb.
+135261: mip =     not found yet >=   0.000000000e+00        (64; 0)
Time used: 35186.2 secs.  Memory used: 861.9 Mb.
+135262: mip =     not found yet >=   0.000000000e+00        (65; 0)
Time used: 35740.8 secs.  Memory used: 861.9 Mb.
+135263: mip =     not found yet >=   0.000000000e+00        (66; 0)
Time used: 36286.6 secs.  Memory used: 861.9 Mb.
#135478: obj =  -1.764537012e-06 inf =   0.000e+00 (28896) 2 6%
#135576: obj =  -1.749604874e-06 inf =   0.000e+00 (28089) 100%
#135661: obj =  -1.739165445e-06 inf =   0.000e+00 (28028) 1 100%
#135746: obj =  -1.728565553e-06 inf =   0.000e+00 (27824) 1 100%
#135831: obj =  -1.717917028e-06 inf =   0.000e+00 (27661) 1 100%
#135915: obj =  -1.707470392e-06 inf =   0.000e+00 (27530) 1 100%
#135999: obj =  -1.697265802e-06 inf =   0.000e+00 (27692) 1 100%
#136084: obj =  -1.687156130e-06 inf =   0.000e+00 (27631) 1 100%
#136180: obj =  -1.675621448e-06 inf =   0.000e+00 (27673) 100%
#136263: obj =  -1.665462310e-06 inf =   0.000e+00 (27580) 1 100%
#136355: obj =  -1.659786262e-06 inf =   0.000e+00 (24084) 1 100%
#136445: obj =  -1.650696023e-06 inf =   0.000e+00 (24500) 1 100%
#136531: obj =  -1.641942212e-06 inf =   0.000e+00 (22647) 1 100%
#136622: obj =  -1.633613771e-06 inf =   0.000e+00 (21322) 1 100%
#136718: obj =  -1.624647234e-06 inf =   0.000e+00 (21394) 1 100%
#136815: obj =  -1.616171248e-06 inf =   0.000e+00 (21110) 1 100%
#136911: obj =  -1.607790644e-06 inf =   0.000e+00 (20892) 1 100%
#137003: obj =  -1.600168093e-06 inf =   0.000e+00 (20625) 1 100%
#137104: obj =  -1.599103392e-06 inf =   0.000e+00 (20336) 1 100%
#137205: obj =  -1.591156137e-06 inf =   0.000e+00 (20137) 1 100%
#137306: obj =  -1.585612475e-06 inf =   0.000e+00 (24683) 1 100%
#137407: obj =  -1.578685069e-06 inf =   0.000e+00 (25155) 1 100%
#137510: obj =  -1.581714693e-06 inf =   0.000e+00 (24995) 1 100%
#137613: obj =  -1.586713214e-06 inf =   0.000e+00 (24220) 1 100%
#137713: obj =  -1.588113603e-06 inf =   0.000e+00 (23332) 100%
#137799: obj =  -1.589398534e-06 inf =   0.000e+00 (22800) 1 100%
#137883: obj =  -1.592465334e-06 inf =   0.000e+00 (22371) 1 100%
#137966: obj =  -1.612839194e-06 inf =   0.000e+00 (21527) 1 100%
#138051: obj =  -1.635875553e-06 inf =   0.000e+00 (18453) 1 100%
#138138: obj =  -1.662838184e-06 inf =   0.000e+00 (17863) 1 100%
#138205: obj =   0.000000000e+00 inf =   0.000e+00 (0) 100%
+138205: mip =     not found yet >=   0.000000000e+00        (67; 0)
Time used: 37003.3 secs.  Memory used: 862.0 Mb.
+138208: mip =     not found yet >=   0.000000000e+00        (68; 0)
Time used: 37543.7 secs.  Memory used: 862.0 Mb.
+138213: mip =     not found yet >=   0.000000000e+00        (69; 0)
Time used: 38096.1 secs.  Memory used: 862.0 Mb.
+138236: mip =     not found yet >=   0.000000000e+00        (70; 0)
Time used: 38647.0 secs.  Memory used: 862.0 Mb.
+138238: mip =     not found yet >=   0.000000000e+00        (71; 0)
Time used: 39190.1 secs.  Memory used: 862.0 Mb.
+138241: mip =     not found yet >=   0.000000000e+00        (72; 0)
Time used: 39780.8 secs.  Memory used: 862.0 Mb.
+138297: mip =     not found yet >=   0.000000000e+00        (73; 0)
Time used: 40338.8 secs.  Memory used: 862.0 Mb.
+138298: mip =     not found yet >=   0.000000000e+00        (74; 0)
Time used: 40894.6 secs.  Memory used: 862.0 Mb.
+138313: mip =     not found yet >=   0.000000000e+00        (75; 0)
Time used: 41447.2 secs.  Memory used: 862.0 Mb.
+138398: mip =     not found yet >=   0.000000000e+00        (76; 0)
Time used: 42009.1 secs.  Memory used: 862.0 Mb.
+138438: mip =     not found yet >=   0.000000000e+00        (77; 0)
Time used: 42559.2 secs.  Memory used: 862.0 Mb.
+138442: mip =     not found yet >=   0.000000000e+00        (78; 0)
Time used: 43114.6 secs.  Memory used: 862.0 Mb.
+138443: mip =     not found yet >=   0.000000000e+00        (79; 0)
Time used: 43666.6 secs.  Memory used: 862.0 Mb.
+138444: mip =     not found yet >=   0.000000000e+00        (80; 0)
Time used: 44215.8 secs.  Memory used: 862.0 Mb.
#138665: obj =  -1.770660757e-06 inf =   0.000e+00 (7070) 2 9%
#138763: obj =  -1.756624898e-06 inf =   0.000e+00 (7330) 1 100%
#138857: obj =  -1.749688350e-06 inf =   0.000e+00 (7418) 1 100%
#138951: obj =  -1.742093269e-06 inf =   0.000e+00 (7967) 1 100%
#139048: obj =  -1.710343458e-06 inf =   0.000e+00 (8748) 100%
#139137: obj =  -1.701418808e-06 inf =   0.000e+00 (9219) 1 100%
#139229: obj =  -1.691295830e-06 inf =   0.000e+00 (10206) 1 100%
#139324: obj =  -1.682408226e-06 inf =   0.000e+00 (11135) 1 100%
#139418: obj =  -1.672193191e-06 inf =   0.000e+00 (11186) 1 100%
#139512: obj =  -1.665000372e-06 inf =   0.000e+00 (11092) 1 100%
#139623: obj =  -1.664578172e-06 inf =   0.000e+00 (10984) 100%
#139733: obj =  -1.666664532e-06 inf =   0.000e+00 (10662) 100%
#139847: obj =  -1.669346920e-06 inf =   0.000e+00 (10548) 100%
#139949: obj =  -1.669357243e-06 inf =   0.000e+00 (10308) 1 100%
#140060: obj =  -1.662960379e-06 inf =   0.000e+00 (10193) 100%
#140156: obj =  -1.660354072e-06 inf =   0.000e+00 (11082) 1 100%
#140255: obj =  -1.662815423e-06 inf =   0.000e+00 (10785) 100%
#140347: obj =  -1.697523546e-06 inf =   0.000e+00 (11346) 1 100%
#140446: obj =  -1.696766626e-06 inf =   0.000e+00 (11630) 1 100%
#140563: obj =  -1.695840428e-06 inf =   0.000e+00 (11304) 100%
#140663: obj =  -1.687957193e-06 inf =   0.000e+00 (11039) 1 100%
#140765: obj =  -1.704507586e-06 inf =   0.000e+00 (10997) 1 100%
#140870: obj =  -1.731124662e-06 inf =   0.000e+00 (10395) 100%
#140972: obj =  -1.752621595e-06 inf =   0.000e+00 (10279) 1 100%
#141084: obj =  -1.777308468e-06 inf =   0.000e+00 (10140) 100%
#141193: obj =  -1.801267152e-06 inf =   0.000e+00 (10035) 100%
#141295: obj =  -1.823666656e-06 inf =   0.000e+00 (9925) 1 100%
#141405: obj =  -1.847795015e-06 inf =   0.000e+00 (9866) 100%
#141499: obj =  -1.865879503e-06 inf =   0.000e+00 (9858) 1 100%
#141599: obj =  -1.889228583e-06 inf =   0.000e+00 (9546) 1 100%
#141705: obj =  -1.911593161e-06 inf =   0.000e+00 (9713) 100%
#141811: obj =  -1.936312842e-06 inf =   0.000e+00 (9618) 100%
#141918: obj =  -1.962220376e-06 inf =   0.000e+00 (9441) 100%
#142025: obj =  -1.988089397e-06 inf =   0.000e+00 (9263) 100%
#142117: obj =  -2.007097200e-06 inf =   0.000e+00 (9378) 1 100%
#142224: obj =  -2.034869244e-06 inf =   0.000e+00 (9099) 100%
#142324: obj =  -2.053676103e-06 inf =   0.000e+00 (9152) 100%
#142408: obj =  -2.084281143e-06 inf =   0.000e+00 (9231) 1 100%
#142495: obj =  -2.110535582e-06 inf =   0.000e+00 (8949) 1 100%
#142597: obj =  -2.140346227e-06 inf =   0.000e+00 (8775) 100%
#142702: obj =  -2.173495722e-06 inf =   0.000e+00 (8640) 100%
#142806: obj =  -2.206317818e-06 inf =   0.000e+00 (8461) 100%
#142911: obj =  -2.239873019e-06 inf =   0.000e+00 (8303) 100%
#143012: obj =  -2.267149112e-06 inf =   0.000e+00 (8299) 100%
#143103: obj =  -2.289675583e-06 inf =   0.000e+00 (8259) 1 100%
#143196: obj =  -2.304696013e-06 inf =   0.000e+00 (7247) 100%
#143286: obj =  -2.347993197e-06 inf =   0.000e+00 (1) 1 100%
#143298: obj =   0.000000000e+00 inf =   0.000e+00 (0) 100%
+143298: mip =     not found yet >=   0.000000000e+00        (81; 0)
Time used: 45021.0 secs.  Memory used: 862.1 Mb.
+143306: mip =     not found yet >=   0.000000000e+00        (82; 0)
Time used: 45601.5 secs.  Memory used: 862.1 Mb.
+143353: mip =     not found yet >=   0.000000000e+00        (83; 0)
Time used: 46174.1 secs.  Memory used: 862.1 Mb.
#143580: obj =  -1.348000000e-06 inf =   0.000e+00 (8633) 1 0%
#143691: obj =  -1.348812772e-06 inf =   0.000e+00 (8551) 15%
#143780: obj =  -1.779091712e-06 inf =   0.000e+00 (8389) 1 89%
#143875: obj =  -1.790392769e-06 inf =   0.000e+00 (8351) 100%
#143959: obj =  -1.786093094e-06 inf =   0.000e+00 (8363) 1 100%
#144032: obj =  -1.793486940e-06 inf =   0.000e+00 (8563) 1 100%
#144125: obj =  -1.796095619e-06 inf =   0.000e+00 (9064) 1 100%
#144216: obj =  -1.806438772e-06 inf =   0.000e+00 (10008) 100%
#144299: obj =  -1.809800477e-06 inf =   0.000e+00 (10472) 1 100%
#144385: obj =  -1.821893382e-06 inf =   0.000e+00 (11414) 1 100%
#144474: obj =  -1.849340655e-06 inf =   0.000e+00 (11340) 1 100%
#144575: obj =  -1.855993622e-06 inf =   0.000e+00 (10958) 100%
#144670: obj =  -1.848355654e-06 inf =   0.000e+00 (9865) 1 100%
#144774: obj =  -1.839105230e-06 inf =   0.000e+00 (9742) 100%
#144878: obj =  -1.830879061e-06 inf =   0.000e+00 (9651) 100%
#144970: obj =  -1.828291388e-06 inf =   0.000e+00 (9599) 1 100%
#145059: obj =  -1.825619424e-06 inf =   0.000e+00 (9579) 1 100%
#145164: obj =  -1.819617997e-06 inf =   0.000e+00 (9946) 100%
#145250: obj =  -1.844496316e-06 inf =   0.000e+00 (9508) 1 100%
#145353: obj =  -1.835795822e-06 inf =   0.000e+00 (9482) 100%
#145442: obj =  -1.839144465e-06 inf =   0.000e+00 (9110) 1 100%
#145530: obj =  -1.839518331e-06 inf =   0.000e+00 (10303) 1 100%
#145626: obj =  -1.833348988e-06 inf =   0.000e+00 (9625) 100%
#145719: obj =  -1.829432582e-06 inf =   0.000e+00 (9657) 1 100%
#145813: obj =  -1.824453645e-06 inf =   0.000e+00 (9515) 1 100%
#145916: obj =  -1.817183195e-06 inf =   0.000e+00 (9364) 100%
#146018: obj =  -1.812098565e-06 inf =   0.000e+00 (9226) 100%
#146125: obj =  -1.804640568e-06 inf =   0.000e+00 (9120) 100%
#146222: obj =  -1.813077333e-06 inf =   0.000e+00 (9115) 1 100%
#146324: obj =  -1.838323150e-06 inf =   0.000e+00 (8786) 100%
#146412: obj =  -1.865350676e-06 inf =   0.000e+00 (6898) 1 100%
#146510: obj =  -1.891199609e-06 inf =   0.000e+00 (8050) 100%
#146595: obj =  -1.898045616e-06 inf =   0.000e+00 (9064) 1 100%
#146623: obj =   0.000000000e+00 inf =   0.000e+00 (0) 100%
+146623: mip =     not found yet >=   0.000000000e+00        (84; 0)
Time used: 46890.8 secs.  Memory used: 862.2 Mb.
#146824: obj =  -1.351784615e-06 inf =   0.000e+00 (9141) 1 0%
#146909: obj =  -1.758541451e-06 inf =   0.000e+00 (9250) 1 92%
#146992: obj =  -1.746471952e-06 inf =   0.000e+00 (10001) 1 100%
#147087: obj =  -1.737154117e-06 inf =   0.000e+00 (10405) 100%
#147175: obj =  -1.729382991e-06 inf =   0.000e+00 (10395) 1 100%
#147268: obj =  -1.737272013e-06 inf =   0.000e+00 (10152) 100%
#147353: obj =  -1.731090829e-06 inf =   0.000e+00 (9935) 1 100%
#147451: obj =  -1.727647048e-06 inf =   0.000e+00 (9818) 100%
#147540: obj =  -1.716609688e-06 inf =   0.000e+00 (9885) 1 100%
#147632: obj =  -1.705694210e-06 inf =   0.000e+00 (9934) 100%
#147719: obj =  -1.701671852e-06 inf =   0.000e+00 (8664) 1 100%
#147818: obj =  -1.691801912e-06 inf =   0.000e+00 (8551) 1 100%
#147920: obj =  -1.689149495e-06 inf =   0.000e+00 (8451) 100%
#148008: obj =  -1.684975751e-06 inf =   0.000e+00 (8173) 1 100%
#148102: obj =  -1.683682026e-06 inf =   0.000e+00 (8205) 100%
#148185: obj =  -1.693857680e-06 inf =   0.000e+00 (8702) 1 100%
#148268: obj =  -1.692063083e-06 inf =   0.000e+00 (8504) 1 100%
#148350: obj =  -1.690253061e-06 inf =   0.000e+00 (8102) 1 100%
#148434: obj =  -1.699396135e-06 inf =   0.000e+00 (7901) 1 100%
#148532: obj =  -1.700628841e-06 inf =   0.000e+00 (8311) 100%
#148615: obj =  -1.677856610e-06 inf =   0.000e+00 (8408) 1 100%
#148701: obj =  -1.666406318e-06 inf =   0.000e+00 (7765) 1 100%
#148795: obj =  -1.664819341e-06 inf =   0.000e+00 (7646) 1 100%
#148887: obj =  -1.662266977e-06 inf =   0.000e+00 (7077) 1 100%
#148988: obj =  -1.661705665e-06 inf =   0.000e+00 (6928) 100%
#149071: obj =  -1.658512850e-06 inf =   0.000e+00 (8487) 1 100%
#149154: obj =  -1.656268304e-06 inf =   0.000e+00 (8291) 1 100%
#149236: obj =  -1.645173509e-06 inf =   0.000e+00 (7672) 1 100%
#149331: obj =  -1.659213428e-06 inf =   0.000e+00 (11111) 100%
#149417: obj =  -1.681747028e-06 inf =   0.000e+00 (12008) 1 100%
#149439: obj =   0.000000000e+00 inf =   0.000e+00 (0) 100%
+149439: mip =     not found yet >=   0.000000000e+00        (85; 0)
Time used: 47592.2 secs.  Memory used: 862.3 Mb.
#149643: obj =  -1.772170031e-06 inf =   0.000e+00 (8650) 2 1%
#149741: obj =  -1.827657845e-06 inf =   0.000e+00 (9349) 100%
#149827: obj =  -1.865538770e-06 inf =   0.000e+00 (8664) 1 100%
#149909: obj =  -1.899077794e-06 inf =   0.000e+00 (8124) 1 100%
#149993: obj =  -1.936386327e-06 inf =   0.000e+00 (8549) 1 100%
#150077: obj =  -1.972357232e-06 inf =   0.000e+00 (8580) 1 100%
#150172: obj =  -2.021203161e-06 inf =   0.000e+00 (7796) 100%
#150257: obj =  -2.062853438e-06 inf =   0.000e+00 (7922) 1 100%
#150340: obj =  -2.098914476e-06 inf =   0.000e+00 (8678) 1 100%
#150425: obj =  -2.135772021e-06 inf =   0.000e+00 (8687) 1 100%
#150514: obj =  -2.176548344e-06 inf =   0.000e+00 (9623) 1 100%
#150607: obj =  -2.214739366e-06 inf =   0.000e+00 (9244) 1 100%
#150714: obj =  -2.259500024e-06 inf =   0.000e+00 (9004) 100%
#150806: obj =  -2.298201945e-06 inf =   0.000e+00 (9486) 1 100%
#150895: obj =  -2.336664224e-06 inf =   0.000e+00 (9937) 1 100%
#150978: obj =  -2.373657044e-06 inf =   0.000e+00 (9368) 1 100%
#151060: obj =  -2.420509002e-06 inf =   0.000e+00 (9195) 1 100%
#151156: obj =  -2.462086326e-06 inf =   0.000e+00 (9320) 100%
#151240: obj =  -2.499155495e-06 inf =   0.000e+00 (9072) 1 100%
#151323: obj =  -2.536251018e-06 inf =   0.000e+00 (8782) 1 100%
#151427: obj =  -2.582798167e-06 inf =   0.000e+00 (8967) 100%
#151515: obj =  -2.622308554e-06 inf =   0.000e+00 (7656) 1 100%
#151609: obj =  -2.664483940e-06 inf =   0.000e+00 (7457) 1 100%
#151701: obj =  -2.705716278e-06 inf =   0.000e+00 (7294) 1 100%
#151794: obj =  -2.768347110e-06 inf =   0.000e+00 (7127) 1 100%
#151887: obj =  -2.833322550e-06 inf =   0.000e+00 (7097) 1 100%
#151981: obj =  -2.899064769e-06 inf =   0.000e+00 (7037) 1 100%
#152083: obj =  -2.970216508e-06 inf =   0.000e+00 (6720) 1 100%
#152188: obj =  -3.043456335e-06 inf =   0.000e+00 (7038) 100%
#152289: obj =  -3.116557886e-06 inf =   0.000e+00 (4993) 100%
#152374: obj =  -3.186884650e-06 inf =   0.000e+00 (8725) 1 100%
#152462: obj =  -3.263420571e-06 inf =   0.000e+00 (7948) 1 100%
#152547: obj =  -3.333776084e-06 inf =   0.000e+00 (7393) 1 100%
#152638: obj =  -3.422296320e-06 inf =   0.000e+00 (341) 1 100%
#152731: obj =  -3.527362239e-06 inf =   0.000e+00 (12291) 100%
#152818: obj =  -3.623977459e-06 inf =   0.000e+00 (110) 1 100%
#152904: obj =  -3.720960706e-06 inf =   0.000e+00 (694) 1 100%
#153001: obj =  -3.821729827e-06 inf =   0.000e+00 (7430) 100%
#153002: obj =   0.000000000e+00 inf =   0.000e+00 (0) 100%
+153002: mip =     not found yet >=   0.000000000e+00        (86; 0)
Time used: 48347.9 secs.  Memory used: 862.4 Mb.
#153192: obj =   0.000000000e+00 inf =   0.000e+00 (9993) 1 0%
#153267: obj =  -1.739672201e-06 inf =   0.000e+00 (9859) 1 81%
#153338: obj =  -1.727046133e-06 inf =   0.000e+00 (9699) 1 100%
#153428: obj =  -1.713348912e-06 inf =   0.000e+00 (10543) 100%
#153506: obj =  -1.704693933e-06 inf =   0.000e+00 (10444) 1 100%
#153590: obj =  -1.691969213e-06 inf =   0.000e+00 (10734) 1 100%
#153680: obj =  -1.675995544e-06 inf =   0.000e+00 (11155) 100%
#153758: obj =  -1.668173819e-06 inf =   0.000e+00 (11349) 1 100%
#153848: obj =  -1.657239001e-06 inf =   0.000e+00 (11573) 100%
#153927: obj =  -1.656486822e-06 inf =   0.000e+00 (11202) 1 100%
#154003: obj =  -1.646456162e-06 inf =   0.000e+00 (11647) 1 100%
#154083: obj =  -1.636062215e-06 inf =   0.000e+00 (10844) 1 100%
#154174: obj =  -1.624619103e-06 inf =   0.000e+00 (10126) 100%
#154257: obj =  -1.615105729e-06 inf =   0.000e+00 (9800) 1 100%
#154345: obj =  -1.605202433e-06 inf =   0.000e+00 (9670) 1 100%
#154442: obj =  -1.594880126e-06 inf =   0.000e+00 (9641) 100%
#154521: obj =  -1.585334990e-06 inf =   0.000e+00 (9580) 1 100%
#154596: obj =  -1.577120584e-06 inf =   0.000e+00 (9309) 1 100%
#154676: obj =  -1.568187914e-06 inf =   0.000e+00 (9026) 1 100%
#154766: obj =  -1.556929097e-06 inf =   0.000e+00 (9184) 100%
#154846: obj =  -1.547508632e-06 inf =   0.000e+00 (7958) 1 100%
#154923: obj =  -1.538185975e-06 inf =   0.000e+00 (7402) 1 100%
#155015: obj =  -1.524905158e-06 inf =   0.000e+00 (6651) 100%
#155093: obj =  -1.515621741e-06 inf =   0.000e+00 (6733) 1 100%
#155174: obj =  -1.521875064e-06 inf =   0.000e+00 (7150) 1 100%
#155241: obj =  -1.532731038e-06 inf =   0.000e+00 (7014) 100%
#155338: obj =  -1.548447895e-06 inf =   0.000e+00 (6878) 100%
#155437: obj =  -1.564602342e-06 inf =   0.000e+00 (6743) 100%
#155531: obj =  -1.580162456e-06 inf =   0.000e+00 (8680) 100%
#155613: obj =  -1.594435580e-06 inf =   0.000e+00 (8763) 1 100%
#155687: obj =   0.000000000e+00 inf =   0.000e+00 (0) 100%
+155687: mip =     not found yet >=   0.000000000e+00        (87; 0)
Time used: 49072.7 secs.  Memory used: 862.5 Mb.
#155903: obj =  -1.318327331e-06 inf =   0.000e+00 (8866) 1 4%
#155988: obj =  -1.749924094e-06 inf =   0.000e+00 (6829) 1 58%
#156084: obj =  -1.752927621e-06 inf =   0.000e+00 (7155) 100%
#156167: obj =  -1.797751690e-06 inf =   0.000e+00 (6945) 1 100%
#156263: obj =  -1.788436013e-06 inf =   0.000e+00 (7188) 1 100%
#156355: obj =  -1.801213761e-06 inf =   0.000e+00 (7831) 100%
#156435: obj =  -1.820621322e-06 inf =   0.000e+00 (8410) 1 100%
#156515: obj =  -1.848991207e-06 inf =   0.000e+00 (8643) 1 100%
#156601: obj =  -1.865785463e-06 inf =   0.000e+00 (8463) 1 100%
#156689: obj =  -1.879170155e-06 inf =   0.000e+00 (8583) 1 100%
#156789: obj =  -1.901362189e-06 inf =   0.000e+00 (9291) 100%
#156879: obj =  -1.926168252e-06 inf =   0.000e+00 (9183) 1 100%
#156983: obj =  -1.913309825e-06 inf =   0.000e+00 (9070) 100%
#157074: obj =  -1.900109555e-06 inf =   0.000e+00 (8973) 1 100%
#157161: obj =  -1.901622978e-06 inf =   0.000e+00 (9714) 1 100%
#157256: obj =  -1.939795779e-06 inf =   0.000e+00 (8861) 100%
#157334: obj =  -1.996943434e-06 inf =   0.000e+00 (8363) 1 100%
#157420: obj =  -2.035520989e-06 inf =   0.000e+00 (8367) 1 100%
#157496: obj =  -2.072292797e-06 inf =   0.000e+00 (8023) 1 100%
#157586: obj =  -2.075342547e-06 inf =   0.000e+00 (8985) 100%
#157667: obj =  -2.066086486e-06 inf =   0.000e+00 (8801) 1 100%
#157747: obj =  -2.090112296e-06 inf =   0.000e+00 (6885) 1 100%
#157833: obj =  -2.144617866e-06 inf =   0.000e+00 (7432) 1 100%
#157922: obj =  -2.172248144e-06 inf =   0.000e+00 (8492) 100%
#158018: obj =  -2.187660273e-06 inf =   0.000e+00 (8669) 100%
#158108: obj =  -2.205169479e-06 inf =   0.000e+00 (5647) 1 100%
#158189: obj =  -2.221354552e-06 inf =   0.000e+00 (3579) 1 100%
#158289: obj =  -2.239175500e-06 inf =   0.000e+00 (3214) 100%
#158374: obj =  -2.253768367e-06 inf =   0.000e+00 (3249) 1 100%
#158471: obj =  -2.264475753e-06 inf =   0.000e+00 (3832) 100%
#158547: obj =  -2.267725930e-06 inf =   0.000e+00 (4548) 1 100%
#158652: obj =  -2.286868692e-06 inf =   0.000e+00 (4529) 100%
#158749: obj =  -2.303882677e-06 inf =   0.000e+00 (8860) 100%
#158841: obj =  -2.316239371e-06 inf =   0.000e+00 (8723) 1 100%
#158937: obj =  -2.329561820e-06 inf =   0.000e+00 (9404) 100%
#159033: obj =  -2.346081416e-06 inf =   0.000e+00 (10234) 100%
#159134: obj =  -2.360719602e-06 inf =   0.000e+00 (11423) 100%
#159221: obj =  -2.373155907e-06 inf =   0.000e+00 (12427) 1 100%
#159314: obj =  -2.387828750e-06 inf =   0.000e+00 (11765) 100%
#159396: obj =  -2.404695285e-06 inf =   0.000e+00 (308) 1 100%
#159401: obj =   0.000000000e+00 inf =   0.000e+00 (0) 100%
+159401: mip =     not found yet >=   0.000000000e+00        (88; 0)
Time used: 49836.5 secs.  Memory used: 862.6 Mb.
+159470: mip =     not found yet >=   0.000000000e+00        (89; 0)
Time used: 50399.3 secs.  Memory used: 862.6 Mb.
#159691: obj =  -1.295000000e-06 inf =   0.000e+00 (9363) 1 0%
#159781: obj =  -1.699773534e-06 inf =   0.000e+00 (9062) 1 70%
#159879: obj =  -1.679857624e-06 inf =   0.000e+00 (9710) 100%
#159957: obj =  -1.665510023e-06 inf =   0.000e+00 (9421) 1 100%
#160038: obj =  -1.650960871e-06 inf =   0.000e+00 (9636) 1 100%
#160121: obj =  -1.648859963e-06 inf =   0.000e+00 (9534) 1 100%
#160204: obj =  -1.634906105e-06 inf =   0.000e+00 (10295) 1 100%
#160297: obj =  -1.621963670e-06 inf =   0.000e+00 (11274) 100%
#160382: obj =  -1.605524728e-06 inf =   0.000e+00 (11218) 1 100%
#160462: obj =  -1.591965392e-06 inf =   0.000e+00 (11419) 1 100%
#160566: obj =  -1.575211946e-06 inf =   0.000e+00 (9726) 100%
#160655: obj =  -1.562193568e-06 inf =   0.000e+00 (9544) 1 100%
#160745: obj =  -1.549469129e-06 inf =   0.000e+00 (9229) 1 100%
#160830: obj =  -1.537476075e-06 inf =   0.000e+00 (9619) 1 100%
#160914: obj =  -1.525621581e-06 inf =   0.000e+00 (9162) 1 100%
#161005: obj =  -1.512881970e-06 inf =   0.000e+00 (9342) 1 100%
#161096: obj =  -1.500168227e-06 inf =   0.000e+00 (9007) 100%
#161177: obj =  -1.488756953e-06 inf =   0.000e+00 (8822) 1 100%
#161256: obj =  -1.477409459e-06 inf =   0.000e+00 (8853) 1 100%
#161337: obj =  -1.465489173e-06 inf =   0.000e+00 (9131) 1 100%
#161425: obj =  -1.452318140e-06 inf =   0.000e+00 (8884) 1 100%
#161519: obj =  -1.453106624e-06 inf =   0.000e+00 (8235) 100%
#161609: obj =  -1.467190239e-06 inf =   0.000e+00 (7982) 1 100%
#161701: obj =  -1.481569610e-06 inf =   0.000e+00 (7968) 1 100%
#161788: obj =  -1.495234334e-06 inf =   0.000e+00 (7877) 1 100%
#161877: obj =  -1.509162735e-06 inf =   0.000e+00 (8436) 1 100%
#161963: obj =  -1.523169656e-06 inf =   0.000e+00 (9245) 1 100%
#162059: obj =  -1.543036524e-06 inf =   0.000e+00 (7207) 100%
#162140: obj =  -1.558019298e-06 inf =   0.000e+00 (4986) 1 100%
#162239: obj =  -1.574565400e-06 inf =   0.000e+00 (4891) 100%
#162339: obj =  -1.591354622e-06 inf =   0.000e+00 (4280) 100%
#162423: obj =  -1.603771900e-06 inf =   0.000e+00 (3910) 1 100%
#162517: obj =  -1.610744833e-06 inf =   0.000e+00 (12919) 100%
#162602: obj =  -1.615106348e-06 inf =   0.000e+00 (17723) 1 100%
#162685: obj =  -1.630022077e-06 inf =   0.000e+00 (17467) 1 100%
#162769: obj =  -1.646036305e-06 inf =   0.000e+00 (905) 1 100%
#162854: obj =  -1.663055088e-06 inf =   0.000e+00 (588) 1 100%
#162948: obj =  -1.682509513e-06 inf =   0.000e+00 (169) 100%
#162996: obj =   0.000000000e+00 inf =   0.000e+00 (0) 1 100%
Solution found by heuristic: 0
+162996: mip =   0.000000000e+00 >=     tree is empty   0.0% (0; 177)
INTEGER OPTIMAL SOLUTION FOUND
Time used:   55283.1 secs
Memory used: 1070.1 Mb (1122033057 bytes)
Writing MIP solution to 'input/as-Skitter.html/as-skitter.txt.gz.2226.lp.reach_chain_detours.lp.sol'...
Objective:  obj = 0 (MINimum)
