	Command being timed: "/usr/app/src/glpk-5.0/examples/glpsol --lp input/as-Skitter.html/as-skitter.txt.gz.2226.lp.reach_chain_detours.lp -o input/as-Skitter.html/as-skitter.txt.gz.2226.lp.reach_chain_detours.lp.sol"
	User time (seconds): 55085.65
	System time (seconds): 201.77
	Percent of CPU this job got: 99%
	Elapsed (wall clock) time (h:mm:ss or m:ss): 15:21:29
	Average shared text size (kbytes): 0
	Average unshared data size (kbytes): 0
	Average stack size (kbytes): 0
	Average total size (kbytes): 0
	Maximum resident set size (kbytes): 1052172
	Average resident set size (kbytes): 0
	Major (requiring I/O) page faults: 0
	Minor (reclaiming a frame) page faults: 28540174
	Voluntary context switches: 40
	Involuntary context switches: 49358
	Swaps: 0
	File system inputs: 0
	File system outputs: 185032
	Socket messages sent: 0
	Socket messages received: 0
	Signals delivered: 0
	Page size (bytes): 4096
	Exit status: 0
