GLPSOL--GLPK LP/MIP Solver 5.0
Parameter(s) specified in the command line:
 --lp input/as-Caida.html/as-caida20071105.txt.gz.910.lp.reach_chain_detours.lp
 -o input/as-Caida.html/as-caida20071105.txt.gz.910.lp.reach_chain_detours.lp.sol
Reading problem data from 'input/as-Caida.html/as-caida20071105.txt.gz.910.lp.reach_chain_detours.lp'...
85684 rows, 187650 columns, 428407 non-zeros
187650 integer variables, all of which are binary
273339 lines were read
GLPK Integer Optimizer 5.0
85684 rows, 187650 columns, 428407 non-zeros
187650 integer variables, all of which are binary
Preprocessing...
83408 rows, 185374 columns, 416334 non-zeros
185374 integer variables, all of which are binary
Scaling...
 A: min|aij| =  1.000e+00  max|aij| =  1.000e+00  ratio =  1.000e+00
Problem data seem to be well scaled
Constructing initial basis...
Size of triangular part is 83408
Solving LP relaxation...
GLPK Simplex Optimizer 5.0
83408 rows, 185374 columns, 416334 non-zeros
      0: obj =   0.000000000e+00 inf =   7.010e+02 (701)
    701: obj =   2.504161360e+02 inf =   0.000e+00 (0)
Perturbing LP to avoid stalling [903]...
*  1489: obj =   2.473084500e+02 inf =   0.000e+00 (728) 6
*  2175: obj =   2.473084500e+02 inf =   0.000e+00 (761) 6
*  2822: obj =   2.428320420e+02 inf =   0.000e+00 (760) 6
*  3414: obj =   2.428320420e+02 inf =   0.000e+00 (737) 6
*  4010: obj =   2.428320420e+02 inf =   0.000e+00 (746) 5
*  4604: obj =   2.428320420e+02 inf =   0.000e+00 (748) 5
*  5229: obj =   2.428320420e+02 inf =   0.000e+00 (742) 6
*  5838: obj =   2.418244320e+02 inf =   0.000e+00 (740) 6
*  6387: obj =   2.418244320e+02 inf =   0.000e+00 (750) 5
*  6926: obj =   2.418244320e+02 inf =   0.000e+00 (755) 6
*  7494: obj =   2.418244320e+02 inf =   0.000e+00 (759) 5
*  8061: obj =   2.418244320e+02 inf =   0.000e+00 (747) 5
*  8630: obj =   2.418244320e+02 inf =   0.000e+00 (748) 5
*  9205: obj =   2.418244320e+02 inf =   0.000e+00 (760) 6
*  9766: obj =   2.418244320e+02 inf =   0.000e+00 (767) 5
* 10366: obj =   2.418244320e+02 inf =   0.000e+00 (760) 6
* 10929: obj =   2.418244320e+02 inf =   0.000e+00 (760) 5
* 11540: obj =   2.418244320e+02 inf =   0.000e+00 (758) 6
* 12099: obj =   2.399534270e+02 inf =   0.000e+00 (765) 6
* 12680: obj =   2.399534270e+02 inf =   0.000e+00 (765) 5
* 13239: obj =   2.390371400e+02 inf =   0.000e+00 (748) 6
* 13780: obj =   2.390371400e+02 inf =   0.000e+00 (748) 5
* 14316: obj =   2.390371400e+02 inf =   0.000e+00 (740) 5
* 14854: obj =   2.390371400e+02 inf =   0.000e+00 (743) 6
* 15387: obj =   2.390371400e+02 inf =   0.000e+00 (741) 5
* 15974: obj =   2.390371400e+02 inf =   0.000e+00 (751) 5
* 16498: obj =   2.390371400e+02 inf =   0.000e+00 (737) 5
* 16999: obj =   2.390371400e+02 inf =   0.000e+00 (750) 5
* 17527: obj =   2.390371400e+02 inf =   0.000e+00 (751) 5
* 18050: obj =   2.390371400e+02 inf =   0.000e+00 (775) 5
* 18563: obj =   2.390371400e+02 inf =   0.000e+00 (750) 6
* 19079: obj =   2.390371400e+02 inf =   0.000e+00 (741) 5
* 19602: obj =   2.390371400e+02 inf =   0.000e+00 (746) 5
* 20122: obj =   2.390371400e+02 inf =   0.000e+00 (764) 5
* 20639: obj =   2.390371400e+02 inf =   0.000e+00 (743) 5
* 21175: obj =   2.390371400e+02 inf =   0.000e+00 (741) 5
* 21724: obj =   2.390371400e+02 inf =   0.000e+00 (738) 5
* 22263: obj =   2.390371400e+02 inf =   0.000e+00 (744) 5
* 22811: obj =   2.390371400e+02 inf =   0.000e+00 (753) 6
* 23375: obj =   2.390371400e+02 inf =   0.000e+00 (763) 5
* 23927: obj =   2.390371400e+02 inf =   0.000e+00 (763) 5
* 24445: obj =   2.390371400e+02 inf =   0.000e+00 (759) 6
* 24953: obj =   2.390371400e+02 inf =   0.000e+00 (767) 5
* 25504: obj =   2.390371400e+02 inf =   0.000e+00 (767) 5
* 26023: obj =   2.390371400e+02 inf =   0.000e+00 (778) 5
* 26549: obj =   2.390371400e+02 inf =   0.000e+00 (777) 5
* 27071: obj =   2.390371400e+02 inf =   0.000e+00 (771) 5
* 27583: obj =   2.390371400e+02 inf =   0.000e+00 (781) 5
* 28126: obj =   2.390371400e+02 inf =   0.000e+00 (774) 5
* 28636: obj =   2.390371400e+02 inf =   0.000e+00 (783) 5
* 29152: obj =   2.390371400e+02 inf =   0.000e+00 (787) 5
* 29679: obj =   2.390371400e+02 inf =   0.000e+00 (776) 6
* 30166: obj =   2.390371400e+02 inf =   0.000e+00 (779) 4
* 30649: obj =   2.390371400e+02 inf =   0.000e+00 (781) 5
* 31154: obj =   2.390371400e+02 inf =   0.000e+00 (783) 5
* 31666: obj =   2.390371400e+02 inf =   0.000e+00 (808) 5
* 32188: obj =   2.390371400e+02 inf =   0.000e+00 (784) 5
* 32642: obj =   2.374710956e+02 inf =   0.000e+00 (12661) 5
* 32909: obj =   2.374710956e+02 inf =   0.000e+00 (12593) 2
* 33147: obj =   2.374710956e+02 inf =   0.000e+00 (12510) 3
* 33457: obj =   2.262345289e+02 inf =   0.000e+00 (12239) 2
* 33708: obj =   2.254376509e+02 inf =   1.657e-05 (12398) 3
* 33977: obj =   2.254376508e+02 inf =   1.343e-04 (12316) 2
* 34215: obj =   2.254376507e+02 inf =   2.111e-04 (12233) 3
* 34422: obj =   2.240652346e+02 inf =   8.891e-04 (12171) 2
* 34633: obj =   2.171657100e+02 inf =   8.708e-04 (11824) 2
* 34880: obj =   2.100634063e+02 inf =   2.453e-03 (12123) 1
* 34995: obj =   2.100634052e+02 inf =   3.483e-03 (12081) 2
* 35198: obj =   2.100634041e+02 inf =   4.592e-03 (12005) 2
* 35416: obj =   2.098371965e+02 inf =   4.526e-03 (12061) 2
* 35627: obj =   2.094795682e+02 inf =   8.405e-03 (12191) 2
* 35830: obj =   2.094795664e+02 inf =   1.015e-02 (12116) 2
* 36032: obj =   2.094795646e+02 inf =   1.193e-02 (12059) 2
* 36234: obj =   2.094795620e+02 inf =   1.324e-02 (11955) 2
* 36441: obj =   2.094795598e+02 inf =   1.482e-02 (11894) 2
* 36643: obj =   2.094795552e+02 inf =   1.866e-02 (11849) 2
* 36846: obj =   2.094795504e+02 inf =   2.259e-02 (11780) 2
* 37048: obj =   2.094795454e+02 inf =   2.673e-02 (11698) 2
* 37254: obj =   2.094795448e+02 inf =   2.705e-02 (11652) 2
* 37459: obj =   2.088810424e+02 inf =   2.746e-02 (11575) 2
* 37688: obj =   2.083442600e+02 inf =   2.855e-02 (11886) 2
* 37891: obj =   2.083442568e+02 inf =   3.023e-02 (11812) 2
* 38094: obj =   2.083442539e+02 inf =   3.234e-02 (11717) 2
* 38297: obj =   2.083442527e+02 inf =   3.289e-02 (11658) 2
* 38499: obj =   2.077537320e+02 inf =   3.396e-02 (11458) 2
* 38703: obj =   2.077537312e+02 inf =   3.398e-02 (11372) 2
* 38906: obj =   2.077537196e+02 inf =   4.001e-02 (11340) 2
* 39108: obj =   2.077537141e+02 inf =   4.250e-02 (11289) 2
* 39311: obj =   2.077537095e+02 inf =   4.451e-02 (11264) 2
* 39514: obj =   2.077537013e+02 inf =   4.844e-02 (11214) 2
* 39722: obj =   2.077536972e+02 inf =   5.013e-02 (11158) 2
* 39931: obj =   2.077536902e+02 inf =   5.358e-02 (11106) 2
* 40127: obj =   2.077536855e+02 inf =   5.591e-02 (11070) 2
* 40342: obj =   2.077536801e+02 inf =   5.846e-02 (11026) 2
* 40539: obj =   2.077536709e+02 inf =   6.341e-02 (10956) 2
* 40742: obj =   2.077536627e+02 inf =   6.757e-02 (10924) 2
* 40946: obj =   2.077536547e+02 inf =   7.167e-02 (10889) 2
* 41150: obj =   2.077536494e+02 inf =   7.360e-02 (10818) 2
* 41354: obj =   2.077536468e+02 inf =   7.393e-02 (10779) 2
* 41557: obj =   2.077536395e+02 inf =   7.715e-02 (10725) 2
* 41761: obj =   2.077536305e+02 inf =   8.130e-02 (10698) 2
* 41964: obj =   2.077536251e+02 inf =   8.366e-02 (10642) 2
* 42167: obj =   2.077536229e+02 inf =   8.375e-02 (10610) 2
* 42371: obj =   2.077536212e+02 inf =   8.362e-02 (10597) 2
* 42579: obj =   2.077536151e+02 inf =   8.432e-02 (10546) 2
* 42783: obj =   2.077536099e+02 inf =   8.484e-02 (10539) 2
* 42985: obj =   2.077536034e+02 inf =   8.593e-02 (10533) 2
* 43206: obj =   2.077536008e+02 inf =   8.586e-02 (10493) 2
* 43408: obj =   2.077536008e+02 inf =   8.391e-02 (10452) 2
* 43547: obj =   2.077535993e+02 inf =   8.384e-02 (10449) 1
* 43686: obj =   2.077535972e+02 inf =   8.387e-02 (10448) 1
* 43818: obj =   2.077535964e+02 inf =   8.306e-02 (10452) 1
* 43929: obj =   2.075892077e+02 inf =   8.375e-02 (10589) 2
* 44133: obj =   2.075892027e+02 inf =   8.415e-02 (10559) 2
* 44338: obj =   2.075892025e+02 inf =   8.291e-02 (10554) 2
* 44540: obj =   2.075891934e+02 inf =   8.474e-02 (10522) 2
* 44743: obj =   2.075891929e+02 inf =   8.398e-02 (10504) 2
* 44958: obj =   2.074075002e+02 inf =   8.466e-02 (10480) 2
* 45160: obj =   2.074074985e+02 inf =   8.419e-02 (10448) 2
* 45364: obj =   2.074074970e+02 inf =   8.381e-02 (10468) 2
* 45617: obj =   2.059679671e+02 inf =   8.332e-02 (11327) 1
* 45759: obj =   2.057391823e+02 inf =   8.325e-02 (11479) 2
* 45966: obj =   2.056033226e+02 inf =   8.250e-02 (11455) 2
* 46168: obj =   2.056033154e+02 inf =   8.250e-02 (11459) 2
* 46370: obj =   2.056033115e+02 inf =   8.208e-02 (11419) 2
* 46572: obj =   2.050250645e+02 inf =   8.165e-02 (11363) 2
* 46775: obj =   2.050250508e+02 inf =   8.130e-02 (11340) 2
* 46977: obj =   2.050250405e+02 inf =   8.100e-02 (11320) 2
* 47179: obj =   2.050250303e+02 inf =   8.178e-02 (11312) 2
* 47382: obj =   2.050250180e+02 inf =   8.158e-02 (11287) 2
* 47584: obj =   2.050250031e+02 inf =   8.300e-02 (11260) 2
* 47789: obj =   2.050249921e+02 inf =   8.412e-02 (11224) 2
* 47991: obj =   2.050249892e+02 inf =   8.381e-02 (11218) 2
* 48193: obj =   2.050249777e+02 inf =   8.486e-02 (11187) 2
* 48395: obj =   2.044296870e+02 inf =   8.565e-02 (11170) 2
* 48597: obj =   2.044296843e+02 inf =   8.588e-02 (11157) 2
* 48799: obj =   2.044296836e+02 inf =   8.523e-02 (11137) 2
* 49001: obj =   2.033723439e+02 inf =   8.595e-02 (10937) 2
* 49204: obj =   2.031089593e+02 inf =   8.598e-02 (11090) 2
* 49406: obj =   2.031089452e+02 inf =   8.621e-02 (11085) 2
* 49554: obj =   2.031089389e+02 inf =   8.589e-02 (11050) 1
* 49709: obj =   2.031089320e+02 inf =   8.580e-02 (11028) 2
* 49911: obj =   2.031089263e+02 inf =   8.561e-02 (11023) 2
* 50115: obj =   2.031089199e+02 inf =   8.494e-02 (11008) 2
* 50317: obj =   2.031089177e+02 inf =   8.464e-02 (10997) 2
* 50519: obj =   2.031089161e+02 inf =   8.361e-02 (10974) 2
* 50721: obj =   2.031089055e+02 inf =   8.453e-02 (10958) 2
* 50923: obj =   2.031088944e+02 inf =   8.480e-02 (10930) 2
* 51125: obj =   2.031088841e+02 inf =   8.548e-02 (10893) 2
* 51327: obj =   2.031088787e+02 inf =   8.592e-02 (10885) 2
* 51530: obj =   2.031088722e+02 inf =   8.589e-02 (10865) 2
* 51732: obj =   2.031088722e+02 inf =   8.548e-02 (10813) 2
* 51935: obj =   2.031088673e+02 inf =   8.517e-02 (10802) 2
* 52137: obj =   2.031088652e+02 inf =   8.374e-02 (10785) 2
* 52339: obj =   2.031088648e+02 inf =   8.220e-02 (10779) 2
* 52543: obj =   2.031088577e+02 inf =   8.203e-02 (10762) 2
* 52746: obj =   2.031088118e+02 inf =   7.983e-02 (10760) 2
* 52948: obj =   2.031087902e+02 inf =   7.878e-02 (10762) 2
* 53150: obj =   2.031087786e+02 inf =   7.797e-02 (10736) 2
* 53352: obj =   2.031087353e+02 inf =   7.593e-02 (10723) 2
* 53555: obj =   2.031087288e+02 inf =   7.497e-02 (10706) 2
* 53999: obj =   2.007647522e+02 inf =   7.381e-02 (11927) 4
* 54451: obj =   2.007647175e+02 inf =   7.239e-02 (11872) 4
* 54888: obj =   2.007646452e+02 inf =   6.696e-02 (11799) 4
* 55317: obj =   2.007646085e+02 inf =   6.356e-02 (11797) 4
* 55739: obj =   2.007645536e+02 inf =   5.798e-02 (11729) 4
* 56203: obj =   2.007645119e+02 inf =   5.116e-02 (11670) 4
* 56685: obj =   1.979638510e+02 inf =   4.644e-02 (11157) 4
* 57145: obj =   1.979638375e+02 inf =   4.978e-02 (11181) 4
* 57647: obj =   1.959148156e+02 inf =   5.395e-02 (11171) 4
* 58093: obj =   1.959147934e+02 inf =   5.588e-02 (11129) 4
* 58530: obj =   1.933407564e+02 inf =   5.793e-02 (11759) 4
* 58960: obj =   1.899150870e+02 inf =   6.303e-02 (11590) 4
* 59357: obj =   1.887715734e+02 inf =   6.470e-02 (11312) 4
* 59795: obj =   1.887715629e+02 inf =   6.656e-02 (11260) 4
* 60234: obj =   1.887715531e+02 inf =   6.814e-02 (11242) 4
* 60676: obj =   1.887715408e+02 inf =   6.828e-02 (11213) 4
* 61179: obj =   1.886789822e+02 inf =   6.780e-02 (11297) 4
* 61608: obj =   1.877816463e+02 inf =   6.850e-02 (11146) 4
* 62059: obj =   1.868506861e+02 inf =   6.856e-02 (11123) 4
* 62602: obj =   1.868506691e+02 inf =   7.397e-02 (11063) 5
* 63046: obj =   1.868506509e+02 inf =   7.346e-02 (11107) 4
* 63451: obj =   1.868506473e+02 inf =   7.355e-02 (11103) 4
* 63874: obj =   1.868506417e+02 inf =   7.392e-02 (11088) 4
* 64344: obj =   1.868506303e+02 inf =   7.658e-02 (11062) 4
* 64804: obj =   1.868506250e+02 inf =   7.665e-02 (11053) 4
* 65235: obj =   1.868506184e+02 inf =   7.720e-02 (11055) 4
* 65631: obj =   1.864936644e+02 inf =   7.762e-02 (10959) 3
* 66033: obj =   1.864936586e+02 inf =   7.785e-02 (10970) 4
* 66444: obj =   1.864936479e+02 inf =   7.685e-02 (10962) 3
* 66890: obj =   1.864936225e+02 inf =   7.514e-02 (10973) 4
* 67078: obj =   1.862865314e+02 inf =   7.504e-02 (11363) 2
* 67232: obj =   1.862621292e+02 inf =   7.491e-02 (11345) 2
* 67431: obj =   1.862621236e+02 inf =   7.446e-02 (11315) 1
* 67535: obj =   1.862499150e+02 inf =   7.482e-02 (11445) 2
* 67737: obj =   1.862499128e+02 inf =   7.466e-02 (11448) 2
* 67856: obj =   1.862499115e+02 inf =   7.465e-02 (11444) 1
* 68044: obj =   1.862499068e+02 inf =   7.458e-02 (11450) 2
* 68250: obj =   1.862499040e+02 inf =   7.444e-02 (11429) 2
* 68446: obj =   1.862499006e+02 inf =   7.413e-02 (11420) 1
* 68556: obj =   1.862498967e+02 inf =   7.436e-02 (11395) 2
* 68841: obj =   1.851686584e+02 inf =   7.439e-02 (11439) 1
* 68951: obj =   1.851686542e+02 inf =   7.431e-02 (11448) 2
* 69154: obj =   1.845168353e+02 inf =   7.508e-02 (11426) 2
* 69358: obj =   1.845168028e+02 inf =   7.489e-02 (11430) 2
* 69554: obj =   1.831333899e+02 inf =   7.459e-02 (12000) 1
* 69795: obj =   1.787739822e+02 inf =   7.420e-02 (12374) 2
* 70014: obj =   1.766666152e+02 inf =   7.397e-02 (12373) 2
* 70215: obj =   1.766666109e+02 inf =   7.410e-02 (12342) 1
* 70326: obj =   1.765792011e+02 inf =   7.469e-02 (12492) 2
* 70512: obj =   1.765791977e+02 inf =   7.474e-02 (12479) 1
* 70629: obj =   1.765791925e+02 inf =   7.455e-02 (12479) 2
* 70795: obj =   1.765791897e+02 inf =   7.434e-02 (12464) 1
* 70934: obj =   1.765791836e+02 inf =   7.459e-02 (12465) 2
* 71119: obj =   1.765791770e+02 inf =   7.444e-02 (12449) 1
* 71241: obj =   1.759307625e+02 inf =   7.449e-02 (12452) 2
* 71443: obj =   1.759307477e+02 inf =   7.418e-02 (12445) 2
* 71648: obj =   1.759307384e+02 inf =   7.410e-02 (12420) 2
* 71854: obj =   1.759307320e+02 inf =   7.420e-02 (12434) 2
* 72056: obj =   1.759307283e+02 inf =   7.422e-02 (12427) 2
* 72247: obj =   1.759307228e+02 inf =   7.397e-02 (12420) 1
* 72362: obj =   1.759123522e+02 inf =   7.363e-02 (12418) 2
* 72564: obj =   1.759123414e+02 inf =   7.354e-02 (12399) 2
* 72755: obj =   1.759123346e+02 inf =   7.381e-02 (12363) 1
* 72870: obj =   1.759123340e+02 inf =   7.342e-02 (12369) 2
* 73076: obj =   1.752683793e+02 inf =   7.284e-02 (12366) 2
* 73279: obj =   1.751355720e+02 inf =   7.291e-02 (12505) 1
* 73382: obj =   1.751355693e+02 inf =   7.311e-02 (12506) 2
* 73557: obj =   1.751355634e+02 inf =   7.319e-02 (12501) 1
* 73686: obj =   1.751355376e+02 inf =   7.352e-02 (12496) 2
* 73813: obj =   1.751207671e+02 inf =   7.349e-02 (12510) 1
* 73990: obj =   1.751207493e+02 inf =   7.369e-02 (12497) 2
* 74189: obj =   1.751207401e+02 inf =   7.401e-02 (12472) 1
* 74294: obj =   1.751207351e+02 inf =   7.427e-02 (12476) 2
* 74497: obj =   1.751207190e+02 inf =   7.394e-02 (12461) 2
* 74700: obj =   1.743764731e+02 inf =   7.423e-02 (12453) 2
* 74902: obj =   1.743500901e+02 inf =   7.485e-02 (12579) 2
* 75104: obj =   1.743500762e+02 inf =   7.565e-02 (12569) 2
* 75206: obj =   1.743500748e+02 inf =   7.569e-02 (12554) 1
* 75324: obj =   1.743500636e+02 inf =   7.686e-02 (12560) 1
* 75421: obj =   1.743500518e+02 inf =   7.714e-02 (12534) 1
* 75572: obj =   1.743500451e+02 inf =   7.873e-02 (12537) 1
* 75712: obj =   1.743500399e+02 inf =   7.986e-02 (12533) 2
* 75914: obj =   1.743500336e+02 inf =   8.077e-02 (12522) 2
* 76116: obj =   1.743500227e+02 inf =   8.230e-02 (12498) 2
* 76288: obj =   1.743500200e+02 inf =   8.265e-02 (12487) 1
* 76421: obj =   1.743500108e+02 inf =   8.279e-02 (12480) 2
* 76623: obj =   1.743500034e+02 inf =   8.295e-02 (12453) 2
* 76825: obj =   1.743499854e+02 inf =   8.521e-02 (12439) 2
* 76993: obj =   1.734817638e+02 inf =   8.537e-02 (12313) 1
* 77129: obj =   1.734817585e+02 inf =   8.600e-02 (12309) 2
* 77297: obj =   1.734817578e+02 inf =   8.584e-02 (12296) 1
* 77434: obj =   1.734817532e+02 inf =   8.676e-02 (12292) 2
* 77637: obj =   1.734817434e+02 inf =   8.839e-02 (12269) 2
* 77839: obj =   1.734620665e+02 inf =   8.862e-02 (12392) 2
* 78027: obj =   1.734620582e+02 inf =   8.936e-02 (12356) 1
* 78143: obj =   1.734620546e+02 inf =   9.003e-02 (12370) 2
* 78345: obj =   1.734620500e+02 inf =   9.102e-02 (12374) 2
* 78479: obj =   1.734620477e+02 inf =   9.108e-02 (12332) 1
* 78580: obj =   1.734620432e+02 inf =   9.190e-02 (12318) 1
* 78676: obj =   1.734357609e+02 inf =   9.367e-02 (12385) 1
* 78768: obj =   1.734160178e+02 inf =   9.550e-02 (12462) 1
* 78900: obj =   1.734094258e+02 inf =   9.628e-02 (12447) 1
* 79053: obj =   1.734094169e+02 inf =   9.684e-02 (12463) 2
* 79227: obj =   1.734094096e+02 inf =   9.743e-02 (12431) 1
* 79357: obj =   1.734028143e+02 inf =   9.995e-02 (12423) 2
* 79560: obj =   1.733830194e+02 inf =   1.047e-01 (12496) 2
* 79762: obj =   1.733764157e+02 inf =   1.054e-01 (12490) 2
* 79950: obj =   1.733764116e+02 inf =   1.070e-01 (12489) 1
* 80066: obj =   1.733764091e+02 inf =   1.080e-01 (12489) 2
* 80247: obj =   1.733764056e+02 inf =   1.083e-01 (12475) 1
* 80370: obj =   1.733763996e+02 inf =   1.099e-01 (12481) 2
* 80538: obj =   1.733631816e+02 inf =   1.107e-01 (12485) 1
* 80673: obj =   1.733631779e+02 inf =   1.116e-01 (12481) 2
* 80774: obj =   1.733367336e+02 inf =   1.118e-01 (12664) 1
* 80980: obj =   1.733367243e+02 inf =   1.144e-01 (12654) 2
* 81149: obj =   1.733367229e+02 inf =   1.144e-01 (12632) 1
* 81285: obj =   1.733367224e+02 inf =   1.142e-01 (12632) 2
* 81487: obj =   1.727536177e+02 inf =   1.151e-01 (12612) 2
* 81690: obj =   1.727282062e+02 inf =   1.149e-01 (12735) 2
* 81861: obj =   1.727128807e+02 inf =   1.147e-01 (12867) 1
* 81996: obj =   1.727128772e+02 inf =   1.143e-01 (12851) 2
* 82199: obj =   1.727128721e+02 inf =   1.137e-01 (12813) 2
* 82402: obj =   1.727128623e+02 inf =   1.137e-01 (12812) 2
* 82606: obj =   1.727128569e+02 inf =   1.117e-01 (12798) 2
* 82804: obj =   1.727077398e+02 inf =   1.114e-01 (12779) 1
* 82910: obj =   1.727077366e+02 inf =   1.106e-01 (12781) 2
* 83011: obj =   1.726926063e+02 inf =   1.101e-01 (12923) 1
* 83127: obj =   1.726926027e+02 inf =   1.095e-01 (12917) 1
* 83315: obj =   1.726925919e+02 inf =   1.087e-01 (12890) 2
* 83478: obj =   1.726925888e+02 inf =   1.086e-01 (12889) 1
* 83618: obj =   1.726821809e+02 inf =   1.086e-01 (12877) 2
* 83761: obj =   1.726508727e+02 inf =   1.094e-01 (13055) 1
* 83912: obj =   1.726508617e+02 inf =   1.106e-01 (13044) 1
* 84023: obj =   1.726508586e+02 inf =   1.116e-01 (13039) 2
* 84189: obj =   1.721560165e+02 inf =   1.116e-01 (13240) 1
* 84326: obj =   1.721560130e+02 inf =   1.122e-01 (13215) 2
* 84482: obj =   1.721560065e+02 inf =   1.123e-01 (13214) 1
* 84630: obj =   1.721030289e+02 inf =   1.118e-01 (13282) 2
* 84832: obj =   1.720180044e+02 inf =   1.111e-01 (13405) 2
* 85034: obj =   1.720179968e+02 inf =   1.115e-01 (13408) 2
* 85208: obj =   1.715860701e+02 inf =   1.113e-01 (13483) 1
* 85353: obj =   1.689624964e+02 inf =   1.103e-01 (13738) 2
* 85556: obj =   1.689518416e+02 inf =   1.102e-01 (13850) 2
* 85845: obj =   1.654353283e+02 inf =   1.096e-01 (13941) 1
* 85966: obj =   1.641329631e+02 inf =   1.095e-01 (13928) 2
* 86168: obj =   1.635056984e+02 inf =   1.097e-01 (13826) 2
* 86371: obj =   1.634580532e+02 inf =   1.091e-01 (13904) 2
* 86526: obj =   1.629787119e+02 inf =   1.085e-01 (14213) 1
* 86674: obj =   1.629787073e+02 inf =   1.082e-01 (14204) 2
* 86844: obj =   1.629519571e+02 inf =   1.071e-01 (14187) 1
* 86977: obj =   1.629519485e+02 inf =   1.046e-01 (14148) 2
* 87180: obj =   1.629519373e+02 inf =   1.033e-01 (14151) 2
* 87383: obj =   1.627912055e+02 inf =   1.029e-01 (14173) 2
* 87569: obj =   1.622251810e+02 inf =   1.032e-01 (14523) 1
* 87690: obj =   1.622251758e+02 inf =   1.034e-01 (14516) 2
* 87892: obj =   1.622251675e+02 inf =   1.039e-01 (14528) 2
* 88088: obj =   1.614698048e+02 inf =   1.038e-01 (14455) 1
* 88196: obj =   1.614698045e+02 inf =   1.038e-01 (14457) 2
* 88350: obj =   1.614697985e+02 inf =   1.043e-01 (14439) 1
* 88519: obj =   1.582847587e+02 inf =   1.042e-01 (14976) 2
* 88838: obj =   1.559741617e+02 inf =   1.042e-01 (15138) 1
* 89008: obj =   1.558446261e+02 inf =   1.045e-01 (15128) 1
* 89132: obj =   1.547545390e+02 inf =   1.051e-01 (15103) 2
* 89322: obj =   1.547102708e+02 inf =   1.051e-01 (15099) 1
* 89443: obj =   1.547102701e+02 inf =   1.048e-01 (15077) 2
* 89597: obj =   1.538836339e+02 inf =   1.046e-01 (15258) 1
* 89767: obj =   1.504824975e+02 inf =   1.044e-01 (15509) 2
* 89972: obj =   1.504824924e+02 inf =   1.036e-01 (15495) 2
* 90172: obj =   1.486423077e+02 inf =   1.035e-01 (15409) 1
* 90286: obj =   1.486423029e+02 inf =   1.035e-01 (15405) 2
* 90454: obj =   1.486422959e+02 inf =   1.032e-01 (15407) 1
* 90604: obj =   1.486422934e+02 inf =   1.032e-01 (15343) 2
* 90833: obj =   1.423612151e+02 inf =   1.029e-01 (15293) 1
* 90993: obj =   1.393565583e+02 inf =   1.026e-01 (15243) 2
* 91094: obj =   1.376784640e+02 inf =   1.026e-01 (15208) 1
* 91297: obj =   1.366847472e+02 inf =   1.020e-01 (15173) 2
* 91505: obj =   1.360847134e+02 inf =   1.022e-01 (15164) 2
* 91629: obj =   1.360847041e+02 inf =   1.044e-01 (15152) 1
* 91707: obj =   1.360846998e+02 inf =   1.054e-01 (15149) 1
* 91890: obj =   1.358645036e+02 inf =   1.055e-01 (15164) 1
* 92013: obj =   1.358644995e+02 inf =   1.053e-01 (15150) 2
* 92179: obj =   1.358644917e+02 inf =   1.053e-01 (15140) 1
* 92319: obj =   1.357601504e+02 inf =   1.044e-01 (15122) 2
* 92485: obj =   1.332646928e+02 inf =   1.040e-01 (15034) 1
* 92610: obj =   1.207164874e+02 inf =   1.039e-01 (14583) 1
* 92727: obj =   1.092378748e+02 inf =   1.036e-01 (13819) 1
* 92835: obj =   9.660040545e+01 inf =   1.036e-01 (13192) 1
* 92938: obj =   8.989889052e+01 inf =   1.032e-01 (12807) 1
* 93128: obj =   8.989888505e+01 inf =   1.015e-01 (12803) 1
* 93242: obj =   8.989887797e+01 inf =   9.970e-02 (12799) 2
* 93410: obj =   8.989887219e+01 inf =   9.856e-02 (12787) 1
* 93548: obj =   8.989886438e+01 inf =   9.790e-02 (12765) 2
* 93708: obj =   8.989885310e+01 inf =   9.765e-02 (12763) 1
* 93878: obj =   7.182356561e+01 inf =   9.720e-02 (12335) 1
* 94016: obj =   6.401672143e+01 inf =   9.672e-02 (11993) 2
* 94169: obj =   6.401671762e+01 inf =   9.669e-02 (11986) 1
* 94321: obj =   6.401671466e+01 inf =   9.634e-02 (11977) 2
* 94479: obj =   6.371535329e+01 inf =   9.620e-02 (11981) 1
* 94645: obj =   5.491292981e+01 inf =   9.639e-02 (11414) 2
* 94790: obj =   5.491292891e+01 inf =   9.618e-02 (11402) 1
* 94954: obj =   5.491292553e+01 inf =   9.554e-02 (11395) 2
* 95108: obj =   5.491292445e+01 inf =   9.511e-02 (11393) 1
* 95258: obj =   5.484528451e+01 inf =   9.536e-02 (11377) 2
* 95460: obj =   5.430234043e+01 inf =   9.557e-02 (11354) 2
* 95642: obj =   4.452912920e+01 inf =   9.555e-02 (10814) 1
* 95799: obj =   4.452912784e+01 inf =   9.529e-02 (10798) 2
* 95949: obj =   4.452912456e+01 inf =   9.486e-02 (10801) 1
* 96098: obj =   4.452911954e+01 inf =   9.503e-02 (10791) 1
* 96210: obj =   4.452911832e+01 inf =   9.478e-02 (10774) 2
* 96311: obj =   4.452911638e+01 inf =   9.482e-02 (10774) 1
* 96412: obj =   4.452911530e+01 inf =   9.465e-02 (10782) 1
* 96576: obj =   4.361154890e+01 inf =   9.447e-02 (10765) 1
* 96719: obj =   4.146534928e+01 inf =   9.385e-02 (10602) 2
* 96876: obj =   3.961991660e+01 inf =   9.290e-02 (10485) 1
* 97038: obj =   3.591280035e+01 inf =   9.242e-02 (10295) 1
* 97159: obj =   3.591279780e+01 inf =   9.214e-02 (10292) 2
* 97308: obj =   3.591278834e+01 inf =   9.162e-02 (10267) 1
* 97464: obj =   3.591278664e+01 inf =   9.095e-02 (10269) 2
* 97616: obj =   2.905950104e+01 inf =   9.075e-02 (10052) 1
* 97885: obj =   1.214334904e+00 inf =   9.075e-02 (9897) 1
* 98056: obj =   1.214333409e+00 inf =   9.057e-02 (9868) 1
* 98188: obj =   1.214332454e+00 inf =   9.104e-02 (9846) 2
* 98392: obj =   1.214331385e+00 inf =   9.070e-02 (9791) 2
* 98585: obj =   1.214329358e+00 inf =   9.102e-02 (9754) 1
* 98695: obj =   1.214328220e+00 inf =   9.119e-02 (9739) 2
* 98846: obj =   1.214326939e+00 inf =   9.140e-02 (9703) 1
* 98998: obj =   1.214324334e+00 inf =   9.109e-02 (9667) 2
* 99148: obj =   1.214321707e+00 inf =   9.079e-02 (9652) 1
* 99284: obj =   1.214320393e+00 inf =   9.076e-02 (9612) 1
* 99402: obj =   1.214317396e+00 inf =   9.045e-02 (9603) 2
* 99590: obj =   1.214313197e+00 inf =   8.963e-02 (9570) 1
* 99705: obj =   1.214311677e+00 inf =   8.951e-02 (9560) 2
* 99877: obj =   1.214310601e+00 inf =   8.959e-02 (9516) 1
*100010: obj =   1.214306828e+00 inf =   8.898e-02 (9491) 2
*100212: obj =   1.214300956e+00 inf =   9.079e-02 (9465) 2
*100379: obj =   1.214297444e+00 inf =   9.086e-02 (9437) 1
*100515: obj =   1.214293191e+00 inf =   9.393e-02 (9425) 2
*100642: obj =   1.214292947e+00 inf =   9.419e-02 (9411) 1
*100759: obj =   1.214292291e+00 inf =   9.465e-02 (9390) 1
*100901: obj =   1.214289961e+00 inf =   9.680e-02 (9367) 1
*101020: obj =   1.214286557e+00 inf =   1.012e-01 (9351) 2
*101189: obj =   1.214284147e+00 inf =   1.049e-01 (9329) 1
*101323: obj =   1.214283126e+00 inf =   1.063e-01 (9324) 2
*101498: obj =   1.214281489e+00 inf =   1.087e-01 (9314) 1
*101626: obj =   1.214281100e+00 inf =   1.090e-01 (9297) 2
*101828: obj =   1.214280746e+00 inf =   1.093e-01 (9286) 2
*102018: obj =   1.214277377e+00 inf =   1.149e-01 (9265) 1
*102131: obj =   1.214275749e+00 inf =   1.178e-01 (9240) 2
*102279: obj =   1.214274637e+00 inf =   1.196e-01 (9213) 1
*102434: obj =   1.214272014e+00 inf =   1.245e-01 (9209) 2
*102637: obj =   1.214269271e+00 inf =   1.293e-01 (9177) 2
*102840: obj =   1.214268585e+00 inf =   1.300e-01 (9157) 2
*103043: obj =   1.214267197e+00 inf =   1.326e-01 (9140) 2
*103206: obj =   1.214266043e+00 inf =   1.347e-01 (9125) 1
*103346: obj =   1.214264259e+00 inf =   1.383e-01 (9106) 2
*103549: obj =   1.214263630e+00 inf =   1.388e-01 (9087) 2
*103752: obj =   1.214263351e+00 inf =   1.381e-01 (9072) 2
*103910: obj =   1.214261721e+00 inf =   1.403e-01 (9044) 1
*104056: obj =   1.214261553e+00 inf =   1.398e-01 (9011) 2
*104260: obj =   1.214260835e+00 inf =   1.398e-01 (8990) 2
*104396: obj =   1.214260131e+00 inf =   1.403e-01 (8979) 1
*104565: obj =   1.214259689e+00 inf =   1.400e-01 (8963) 2
*104727: obj =   1.214259483e+00 inf =   1.395e-01 (8943) 1
*104866: obj =   1.214258714e+00 inf =   1.396e-01 (8935) 1
*104971: obj =   1.214258714e+00 inf =   1.390e-01 (8928) 2
*105095: obj =   1.214257799e+00 inf =   1.399e-01 (8917) 1
*105276: obj =   1.214256523e+00 inf =   1.411e-01 (8896) 2
*105442: obj =   1.214253332e+00 inf =   1.459e-01 (8891) 1
*105580: obj =   1.214253279e+00 inf =   1.449e-01 (8896) 2
*105783: obj =   1.214253276e+00 inf =   1.435e-01 (8847) 2
*105986: obj =   1.214252646e+00 inf =   1.426e-01 (8826) 2
*106173: obj =   1.214252079e+00 inf =   1.419e-01 (8797) 1
*106290: obj =   1.214252073e+00 inf =   1.411e-01 (8779) 2
*106455: obj =   1.214251444e+00 inf =   1.411e-01 (8766) 1
*106590: obj =   1.214250052e+00 inf =   1.426e-01 (8747) 1
*106694: obj =   1.214249858e+00 inf =   1.421e-01 (8736) 2
*106896: obj =   1.214249511e+00 inf =   1.409e-01 (8714) 2
*107098: obj =   1.214247636e+00 inf =   1.428e-01 (8694) 2
*107302: obj =   1.214247403e+00 inf =   1.420e-01 (8686) 2
*107444: obj =   1.214247085e+00 inf =   1.411e-01 (8673) 1
*107582: obj =   1.214246669e+00 inf =   1.409e-01 (8675) 1
*107707: obj =   1.214245003e+00 inf =   1.429e-01 (8659) 2
*107909: obj =   1.214243769e+00 inf =   1.441e-01 (8623) 2
*108049: obj =   1.214243345e+00 inf =   1.440e-01 (8594) 1
*108194: obj =   1.214242512e+00 inf =   1.443e-01 (8577) 1
*108317: obj =   1.214241588e+00 inf =   1.453e-01 (8560) 2
*108520: obj =   1.214240709e+00 inf =   1.456e-01 (8523) 2
*108709: obj =   1.214238099e+00 inf =   1.503e-01 (8532) 1
*108823: obj =   1.214238099e+00 inf =   1.496e-01 (8511) 2
*108954: obj =   1.214237761e+00 inf =   1.492e-01 (8499) 1
*109087: obj =   1.214237148e+00 inf =   1.496e-01 (8493) 1
*109196: obj =   1.214236530e+00 inf =   1.501e-01 (8476) 1
*109260: obj =   1.214236516e+00 inf =   1.494e-01 (8469) 1
*109402: obj =   1.214236255e+00 inf =   1.490e-01 (8479) 1
*109532: obj =   1.214235810e+00 inf =   1.494e-01 (8451) 2
*109660: obj =   1.214235545e+00 inf =   1.488e-01 (8421) 1
*109774: obj =   1.214235195e+00 inf =   1.488e-01 (8389) 1
*109900: obj =   1.214234717e+00 inf =   1.485e-01 (8391) 1
*110041: obj =   1.214233898e+00 inf =   1.488e-01 (8362) 2
*110234: obj =   1.214233374e+00 inf =   1.486e-01 (8338) 1
*110345: obj =   1.214232600e+00 inf =   1.487e-01 (8326) 2
*110463: obj =   1.214231856e+00 inf =   1.499e-01 (8324) 1
*110620: obj =   1.214231628e+00 inf =   1.496e-01 (8301) 1
*110756: obj =   1.214231274e+00 inf =   1.491e-01 (8284) 2
*110961: obj =   1.214230365e+00 inf =   1.491e-01 (8255) 2
*111096: obj =   1.214229985e+00 inf =   1.488e-01 (8233) 1
*111221: obj =   1.214229505e+00 inf =   1.491e-01 (8222) 1
*111366: obj =   1.214228963e+00 inf =   1.493e-01 (8213) 2
*111541: obj =   1.159870403e+00 inf =   1.528e-01 (8200) 1
*111587: obj =   1.159870348e+00 inf =   1.530e-01 (8196) 1
*111738: obj =   1.159869318e+00 inf =   1.552e-01 (8196) 1
*111858: obj =   1.159869004e+00 inf =   1.544e-01 (8195) 1
*111973: obj =   1.159868374e+00 inf =   1.555e-01 (8179) 2
*112111: obj =   1.159867468e+00 inf =   1.571e-01 (8157) 1
*112277: obj =   1.159866411e+00 inf =   1.592e-01 (8152) 2
*112479: obj =   1.159866254e+00 inf =   1.574e-01 (8084) 2
*112657: obj =   1.159866170e+00 inf =   1.550e-01 (8062) 1
*112784: obj =   1.159865961e+00 inf =   1.547e-01 (8047) 2
*112885: obj =   1.159865528e+00 inf =   1.556e-01 (8041) 1
*112986: obj =   1.159865380e+00 inf =   1.553e-01 (8021) 1
*113164: obj =   1.159864340e+00 inf =   1.562e-01 (8013) 1
*113291: obj =   1.159864251e+00 inf =   1.548e-01 (7980) 2
*113424: obj =   1.159862968e+00 inf =   1.584e-01 (7957) 1
*113533: obj =   1.159862841e+00 inf =   1.572e-01 (7965) 1
*113653: obj =   1.159862707e+00 inf =   1.562e-01 (7942) 1
*113801: obj =   1.159862454e+00 inf =   1.553e-01 (7920) 2
*113964: obj =   1.159862169e+00 inf =   1.560e-01 (7906) 1
*114070: obj =   1.159861665e+00 inf =   1.567e-01 (7911) 1
*114194: obj =   1.159861663e+00 inf =   1.558e-01 (7890) 1
*114312: obj =   1.159861231e+00 inf =   1.553e-01 (7876) 2
*114418: obj =   1.159861231e+00 inf =   1.547e-01 (7849) 1
*114516: obj =   1.159861214e+00 inf =   1.533e-01 (7816) 1
*114617: obj =   1.159861094e+00 inf =   1.531e-01 (7816) 1
*114745: obj =   1.159861051e+00 inf =   1.524e-01 (7822) 1
*114882: obj =   1.159860815e+00 inf =   1.522e-01 (7821) 1
*115024: obj =   1.159860493e+00 inf =   1.518e-01 (7807) 2
*115190: obj =   1.159860357e+00 inf =   1.504e-01 (7790) 1
*115317: obj =   1.159860357e+00 inf =   1.505e-01 (7788) 1
*115429: obj =   1.159859650e+00 inf =   1.498e-01 (7799) 2
*115633: obj =   1.108036176e+00 inf =   1.486e-01 (7796) 2
*115795: obj =   1.108035477e+00 inf =   1.489e-01 (7811) 1
*115938: obj =   1.108035100e+00 inf =   1.490e-01 (7788) 2
*116141: obj =   1.108034502e+00 inf =   1.487e-01 (7770) 2
*116264: obj =   1.108033868e+00 inf =   1.482e-01 (7777) 1
*116381: obj =   1.108032915e+00 inf =   1.479e-01 (7773) 1
*116499: obj =   1.108031672e+00 inf =   1.476e-01 (7757) 1
*116625: obj =   1.108030814e+00 inf =   1.479e-01 (7756) 1
*116748: obj =   1.108029330e+00 inf =   1.479e-01 (7760) 2
*116849: obj =   1.108029298e+00 inf =   1.477e-01 (7743) 1
*116953: obj =   1.108028368e+00 inf =   1.477e-01 (7743) 1
*117148: obj =   1.108027837e+00 inf =   1.476e-01 (7709) 1
*117253: obj =   1.108027661e+00 inf =   1.472e-01 (7700) 2
*117425: obj =   1.108026488e+00 inf =   1.472e-01 (7691) 1
*117556: obj =   1.108025618e+00 inf =   1.473e-01 (7677) 2
*117665: obj =   1.108025018e+00 inf =   1.472e-01 (7674) 1
*117777: obj =   1.108024225e+00 inf =   1.473e-01 (7669) 1
*117930: obj =   1.108023938e+00 inf =   1.469e-01 (7643) 1
*118063: obj =   1.108023177e+00 inf =   1.465e-01 (7635) 2
*118175: obj =   1.108022307e+00 inf =   1.461e-01 (7614) 1
*118302: obj =   1.056162753e+00 inf =   1.454e-01 (7620) 1
*118469: obj =   1.056162422e+00 inf =   1.457e-01 (7620) 2
*118589: obj =   1.056161982e+00 inf =   1.459e-01 (7605) 1
*118742: obj =   1.056161794e+00 inf =   1.459e-01 (7600) 1
*118871: obj =   1.056161789e+00 inf =   1.455e-01 (7585) 1
*118974: obj =   1.056161450e+00 inf =   1.452e-01 (7585) 2
*119173: obj =   1.056160668e+00 inf =   1.447e-01 (7581) 1
*119211: obj =   1.056160656e+00 inf =   1.447e-01 (7574) 1
*119371: obj =   1.052681536e+00 inf =   1.437e-01 (7533) 1
*119482: obj =   1.021375349e+00 inf =   1.425e-01 (7524) 2
*119674: obj =   1.021375065e+00 inf =   1.426e-01 (7540) 1
*119785: obj =   1.021373944e+00 inf =   1.418e-01 (7539) 2
*119886: obj =   1.021373681e+00 inf =   1.419e-01 (7551) 1
*119987: obj =   1.021372748e+00 inf =   1.419e-01 (7546) 1
*120088: obj =   1.021372018e+00 inf =   1.419e-01 (7542) 1
*120189: obj =   1.021371251e+00 inf =   1.421e-01 (7533) 1
*120341: obj =   1.021370867e+00 inf =   1.424e-01 (7511) 1
*120438: obj =   1.021370353e+00 inf =   1.425e-01 (7494) 1
*120593: obj =   1.021369406e+00 inf =   1.429e-01 (7486) 2
*120701: obj =   1.021368903e+00 inf =   1.433e-01 (7503) 1
*120816: obj =   1.021367878e+00 inf =   1.434e-01 (7495) 1
*120998: obj =   1.021367101e+00 inf =   1.436e-01 (7500) 2
*121166: obj =   1.021366812e+00 inf =   1.434e-01 (7456) 1
*121290: obj =   1.021366358e+00 inf =   1.434e-01 (7442) 1
*121404: obj =   1.021365794e+00 inf =   1.430e-01 (7458) 2
*121533: obj =   1.021364883e+00 inf =   1.426e-01 (7457) 1
*121665: obj =   1.021364411e+00 inf =   1.422e-01 (7455) 1
*121809: obj =   1.021364292e+00 inf =   1.421e-01 (7428) 2
*121945: obj =   1.021364287e+00 inf =   1.422e-01 (7432) 1
*122083: obj =   1.021364011e+00 inf =   1.418e-01 (7424) 1
*122136: obj =   1.021363911e+00 inf =   1.419e-01 (7436) 1
*122228: obj =   1.021363881e+00 inf =   1.419e-01 (7429) 1
*122342: obj =   1.021363877e+00 inf =   1.418e-01 (7430) 1
*122433: obj =   1.021363259e+00 inf =   1.410e-01 (7424) 1
*122599: obj =   1.021362485e+00 inf =   1.408e-01 (7412) 1
*122720: obj =   1.021361880e+00 inf =   1.407e-01 (7424) 2
*122832: obj =   1.021361070e+00 inf =   1.410e-01 (7416) 1
*122948: obj =   1.021360187e+00 inf =   1.410e-01 (7391) 1
*123067: obj =   1.021359921e+00 inf =   1.412e-01 (7384) 1
*123146: obj =   1.021359634e+00 inf =   1.406e-01 (7366) 1
*123250: obj =   1.021359623e+00 inf =   1.406e-01 (7361) 1
*123357: obj =   1.021359560e+00 inf =   1.402e-01 (7367) 1
*123444: obj =   1.021359556e+00 inf =   1.404e-01 (7344) 1
*123567: obj =   1.021359452e+00 inf =   1.408e-01 (7364) 1
*123686: obj =   1.021359238e+00 inf =   1.410e-01 (7352) 1
*123806: obj =   1.021359217e+00 inf =   1.421e-01 (7361) 1
*123919: obj =   9.870542748e-01 inf =   1.420e-01 (7324) 1
*124040: obj =   9.870535724e-01 inf =   1.423e-01 (7321) 1
*124143: obj =   9.870531490e-01 inf =   1.421e-01 (7315) 2
*124315: obj =   9.870521251e-01 inf =   1.410e-01 (7309) 1
*124446: obj =   9.870517151e-01 inf =   1.410e-01 (7294) 2
*124651: obj =   9.870515075e-01 inf =   1.388e-01 (7269) 2
*124794: obj =   9.870504628e-01 inf =   1.376e-01 (7261) 1
*124903: obj =   9.870503253e-01 inf =   1.381e-01 (7276) 1
*125015: obj =   9.870494342e-01 inf =   1.374e-01 (7252) 1
*125137: obj =   9.870494043e-01 inf =   1.372e-01 (7232) 1
*125258: obj =   9.870489429e-01 inf =   1.363e-01 (7227) 2
*125381: obj =   9.870489379e-01 inf =   1.356e-01 (7193) 1
*125468: obj =   9.870485624e-01 inf =   1.352e-01 (7192) 1
*125602: obj =   9.870479145e-01 inf =   1.349e-01 (7188) 1
*125764: obj =   9.870473252e-01 inf =   1.337e-01 (7182) 2
*125891: obj =   9.870470442e-01 inf =   1.328e-01 (7181) 1
*126004: obj =   9.870469059e-01 inf =   1.316e-01 (7176) 1
*126154: obj =   9.870464932e-01 inf =   1.306e-01 (7172) 1
*126278: obj =   9.870462373e-01 inf =   1.301e-01 (7151) 2
*126438: obj =   9.870459964e-01 inf =   1.276e-01 (7128) 1
*126543: obj =   9.870456309e-01 inf =   1.272e-01 (7133) 1
*126686: obj =   9.870449785e-01 inf =   1.268e-01 (7102) 2
*126829: obj =   9.870440101e-01 inf =   1.250e-01 (7093) 1
*126980: obj =   9.870436294e-01 inf =   1.246e-01 (7081) 1
*127090: obj =   9.870432561e-01 inf =   1.238e-01 (7081) 2
*127220: obj =   9.870426546e-01 inf =   1.226e-01 (7077) 1
*127393: obj =   9.870420035e-01 inf =   1.221e-01 (7060) 2
*127533: obj =   9.870410062e-01 inf =   1.219e-01 (7048) 1
*127639: obj =   9.870403901e-01 inf =   1.220e-01 (7052) 1
*127778: obj =   9.831923504e-01 inf =   1.218e-01 (7012) 1
*127899: obj =   9.831921359e-01 inf =   1.214e-01 (7010) 2
*128027: obj =   9.831918436e-01 inf =   1.196e-01 (7032) 1
*128151: obj =   9.238397465e-01 inf =   1.194e-01 (7016) 1
*128274: obj =   9.238360704e-01 inf =   1.188e-01 (7013) 1
*128404: obj =   8.849378261e-01 inf =   1.190e-01 (7023) 1
*128758: obj =   8.849353717e-01 inf =   1.174e-01 (7013) 4
*129118: obj =   8.849002756e-01 inf =   1.169e-01 (6991) 3
*129518: obj =   8.848743081e-01 inf =   1.172e-01 (6934) 4
*129932: obj =   8.848559106e-01 inf =   1.157e-01 (6888) 3
*130339: obj =   8.848446841e-01 inf =   1.138e-01 (6840) 4
*130784: obj =   8.848377007e-01 inf =   1.128e-01 (6818) 4
*131262: obj =   8.848320077e-01 inf =   1.114e-01 (6780) 4
*131743: obj =   8.848269819e-01 inf =   1.091e-01 (6751) 4
*132134: obj =   8.848221907e-01 inf =   1.057e-01 (6707) 4
*132544: obj =   8.848171984e-01 inf =   1.015e-01 (6671) 4
*132913: obj =   8.848105008e-01 inf =   9.463e-02 (6638) 3
*133269: obj =   8.848053693e-01 inf =   9.158e-02 (6616) 3
*133703: obj =   8.847986064e-01 inf =   9.253e-02 (6600) 4
*134099: obj =   8.847939397e-01 inf =   9.484e-02 (6572) 4
*134635: obj =   8.847863067e-01 inf =   9.608e-02 (6534) 5
*135138: obj =   8.847816866e-01 inf =   9.649e-02 (6483) 4
*135621: obj =   8.847768328e-01 inf =   9.513e-02 (6462) 4
*136134: obj =   8.847734585e-01 inf =   9.330e-02 (6428) 5
*136553: obj =   8.392739336e-01 inf =   9.061e-02 (6413) 3
*137042: obj =   8.392715940e-01 inf =   8.776e-02 (6394) 5
*137579: obj =   8.392691973e-01 inf =   8.633e-02 (6355) 5
*138139: obj =   5.238666769e-01 inf =   8.536e-02 (6386) 4
*138543: obj =   5.082073760e-01 inf =   8.950e-02 (86094) 4
*138914: obj =   5.082061528e-01 inf =   1.017e-01 (86101) 4
*139292: obj =   5.082053703e-01 inf =   1.032e-01 (86043) 3
*139719: obj =   5.082047210e-01 inf =   1.016e-01 (86002) 4
*140171: obj =   5.082038848e-01 inf =   1.000e-01 (85987) 4
*140534: obj =   5.082035175e-01 inf =   9.850e-02 (85986) 4
*140959: obj =   5.082029328e-01 inf =   9.639e-02 (85995) 3
*141416: obj =   5.082017301e-01 inf =   9.494e-02 (85974) 4
*141865: obj =   5.082006462e-01 inf =   9.351e-02 (85986) 5
*142240: obj =   5.081998367e-01 inf =   9.288e-02 (85967) 3
*142620: obj =   5.081986794e-01 inf =   9.117e-02 (85953) 4
*142953: obj =   5.021322764e-01 inf =   8.948e-02 (7355) 3
*143055: obj =   5.021320769e-01 inf =   8.875e-02 (7342) 1
*143224: obj =   4.804834370e-01 inf =   8.961e-02 (7338) 1
*143360: obj =   4.688204389e-01 inf =   9.113e-02 (7311) 2
*143514: obj =   4.688203562e-01 inf =   9.180e-02 (7302) 1
*143645: obj =   4.688201246e-01 inf =   9.413e-02 (7292) 1
*143765: obj =   4.688199532e-01 inf =   9.618e-02 (7291) 2
*143878: obj =   4.688199146e-01 inf =   9.643e-02 (7293) 1
*144026: obj =   4.688198476e-01 inf =   9.681e-02 (7274) 1
*144170: obj =   4.688190025e-01 inf =   9.858e-02 (7261) 2
*144317: obj =   4.688188968e-01 inf =   9.911e-02 (7243) 1
*144474: obj =   4.446427459e-01 inf =   1.006e-01 (7236) 2
*144670: obj =   4.446419795e-01 inf =   1.016e-01 (7207) 1
*144778: obj =   4.446419795e-01 inf =   1.012e-01 (7203) 2
*144882: obj =   4.446419795e-01 inf =   1.009e-01 (7201) 1
*145312: obj =   4.401780453e-01 inf =   1.022e-01 (7175) 3
*145766: obj =   4.401672476e-01 inf =   1.026e-01 (7084) 4
*146197: obj =   4.401617623e-01 inf =   1.026e-01 (7001) 4
*146601: obj =   4.401561220e-01 inf =   1.007e-01 (6935) 4
*146890: obj =   4.401527248e-01 inf =   9.968e-02 (6888) 3
*147281: obj =   4.401477286e-01 inf =   9.567e-02 (6795) 3
*147715: obj =   4.401407055e-01 inf =   9.166e-02 (6767) 4
*148132: obj =   4.401372571e-01 inf =   9.508e-02 (6727) 4
*148613: obj =   4.401353733e-01 inf =   1.004e-01 (6676) 5
*149179: obj =   1.353633018e-01 inf =   1.009e-01 (805) 5
Removing LP perturbation [149516]...
*149516: obj =   0.000000000e+00 inf =   0.000e+00 (0) 2
OPTIMAL LP SOLUTION FOUND
Integer optimization begins...
Long-step dual simplex will be used
+149516: mip =     not found yet >=              -inf        (1; 0)
Solution found by heuristic: 0
+149516: mip =   0.000000000e+00 >=     tree is empty   0.0% (0; 1)
INTEGER OPTIMAL SOLUTION FOUND
Time used:   3833.0 secs
Memory used: 228.9 Mb (239996764 bytes)
Writing MIP solution to 'input/as-Caida.html/as-caida20071105.txt.gz.910.lp.reach_chain_detours.lp.sol'...
Objective:  obj = 0 (MINimum)
