Version 1.2 launched as -e 0.1 12 input/sx-mathoverflow.html/sx-mathoverflow-a2q.txt.gz 192


Execution time and memory used at after reading from file: 2.600000e+00 seconds, 20000768 bytes of memory usage, 19568 kB of memory peak and 00:02 elapsed time
Statistics on the network after reading from file
	Number of nodes: 21688
	Number of allocated nodes: 22528
	Number of edges: 88711
	Maximum in degree: 485 (node 290)
	Maximum out degree: 1101 (node 11142)

Execution time and memory used at before starting main computation: 2.620000e+00 seconds, 20135936 bytes of memory usage, 20180 kB of memory peak and 00:02 elapsed time
Statistics on the network before starting main computation
	Number of nodes: 21688
	Number of allocated nodes: 22528
	Number of edges: 88711
	Maximum in degree: 485 (node 290)
	Maximum out degree: 1101 (node 11142)
	source 4901 (node 11142) with out degree 1101
	target 76 (node 290) with in degree 485

Execution time and memory used at after iteration 1 (MF = 499533299095.000000): 4.689000e+01 seconds, 102899712 bytes of memory usage, 118512 kB of memory peak and 00:47 elapsed time
Statistics on the network after iteration 1 (MF = 499533299095.000000)
	Number of nodes: 21688
	Number of allocated nodes: 22528
	Number of edges: 88711
	Maximum in degree: 485 (node 290)
	Maximum out degree: 1101 (node 11142)
	source 4901 (node 11142) with out degree 1101
	target 76 (node 290) with in degree 485

Execution time and memory used at after iteration 2 (MF = 425092023510.000000): 6.249000e+01 seconds, 134729728 bytes of memory usage, 151868 kB of memory peak and 01:02 elapsed time
Statistics on the network after iteration 2 (MF = 425092023510.000000)
	Number of nodes: 21688
	Number of allocated nodes: 22528
	Number of edges: 88711
	Maximum in degree: 485 (node 290)
	Maximum out degree: 1101 (node 11142)
	source 4901 (node 11142) with out degree 1101
	target 76 (node 290) with in degree 485

Execution time and memory used at after iteration 3 (MF = 445466484045.000000): 1.612700e+02 seconds, 136687616 bytes of memory usage, 166052 kB of memory peak and 02:41 elapsed time
Statistics on the network after iteration 3 (MF = 445466484045.000000)
	Number of nodes: 21688
	Number of allocated nodes: 22528
	Number of edges: 88711
	Maximum in degree: 485 (node 290)
	Maximum out degree: 1101 (node 11142)
	source 4901 (node 11142) with out degree 1101
	target 76 (node 290) with in degree 485
