GLPSOL--GLPK LP/MIP Solver 5.0
Parameter(s) specified in the command line:
 --lp input/Oregon-2.html/oregon2_010526.txt.gz.46.lp -o input/Oregon-2.html/oregon2_010526.txt.gz.46.lp.sol
Reading problem data from 'input/Oregon-2.html/oregon2_010526.txt.gz.46.lp'...
32734 rows, 76923 columns, 163657 non-zeros
76923 integer variables, all of which are binary
109662 lines were read
GLPK Integer Optimizer 5.0
32734 rows, 76923 columns, 163657 non-zeros
76923 integer variables, all of which are binary
Preprocessing...
1 hidden packing inequaliti(es) were detected
32332 rows, 76493 columns, 159418 non-zeros
76493 integer variables, all of which are binary
Scaling...
 A: min|aij| =  1.000e+00  max|aij| =  1.000e+00  ratio =  1.000e+00
Problem data seem to be well scaled
Constructing initial basis...
Size of triangular part is 32332
Solving LP relaxation...
GLPK Simplex Optimizer 5.0
32332 rows, 76493 columns, 159418 non-zeros
      0: obj =   0.000000000e+00 inf =   2.310e+02 (231)
    231: obj =   5.999507400e+01 inf =   0.000e+00 (0)
Perturbing LP to avoid stalling [433]...
*  3002: obj =   2.249883920e+01 inf =   3.521e-05 (309) 23
Removing LP perturbation [3659]...
*  3659: obj =   1.144634400e+01 inf =   0.000e+00 (0) 5
OPTIMAL LP SOLUTION FOUND
Integer optimization begins...
Long-step dual simplex will be used
+  3659: mip =     not found yet >=              -inf        (1; 0)
+  3659: >>>>>   1.144634400e+01 >=   1.144634400e+01   0.0% (1; 0)
+  3659: mip =   1.144634400e+01 >=     tree is empty   0.0% (0; 1)
INTEGER OPTIMAL SOLUTION FOUND
Time used:   6.5 secs
Memory used: 87.8 Mb (92060307 bytes)
Writing MIP solution to 'input/Oregon-2.html/oregon2_010526.txt.gz.46.lp.sol'...
Objective:  obj = 11.446344 (MINimum)
