Version 1.2 launched as -e 0.1 12 input/ego-Gplus.html/gplus_combined.txt.gz 4040


Execution time and memory used at after reading from file: 1.196545e+05 seconds, 465592320 bytes of memory usage, 454716 kB of memory peak and 1-09:14:19 elapsed time
Statistics on the network after reading from file
	Number of nodes: 107614
	Number of allocated nodes: 108544
	Number of edges: 13673453
	Maximum in degree: 17055 (node 111091089527727420853)
	Maximum out degree: 5056 (node 106228758905254036967)

Execution time and memory used at after adding costs: 1.196558e+05 seconds, 465592320 bytes of memory usage, 454716 kB of memory peak and 1-09:14:21 elapsed time
Statistics on the network after adding costs
	Number of nodes: 107614
	Number of allocated nodes: 108544
	Number of edges: 13673453
	Maximum in degree: 17055 (node 111091089527727420853)
	Maximum out degree: 5056 (node 106228758905254036967)

Execution time and memory used at before starting main computation: 1.197044e+05 seconds, 467890176 bytes of memory usage, 458376 kB of memory peak and 1-09:15:09 elapsed time
Statistics on the network before starting main computation
	Number of nodes: 107614
	Number of allocated nodes: 108544
	Number of edges: 13673453
	Maximum in degree: 17055 (node 111091089527727420853)
	Maximum out degree: 5056 (node 106228758905254036967)
	source 6966 (node 106228758905254036967) with out degree 5056
	target 208 (node 111091089527727420853) with in degree 17055

Execution time and memory used at after iteration 1 (MF = 1014.480801): 2.734069e+05 seconds, 12843745280 bytes of memory usage, 16518848 kB of memory peak and 3-03:57:01 elapsed time
Statistics on the network after iteration 1 (MF = 1014.480801)
	Number of nodes: 107614
	Number of allocated nodes: 108544
	Number of edges: 13673453
	Maximum in degree: 17055 (node 111091089527727420853)
	Maximum out degree: 5056 (node 106228758905254036967)
	source 6966 (node 106228758905254036967) with out degree 5056
	target 208 (node 111091089527727420853) with in degree 17055

Execution time and memory used at after iteration 2 (MF = 242.822758): 2.794295e+05 seconds, 12846559232 bytes of memory usage, 16521208 kB of memory peak and 3-05:37:24 elapsed time
Statistics on the network after iteration 2 (MF = 242.822758)
	Number of nodes: 107614
	Number of allocated nodes: 108544
	Number of edges: 13673453
	Maximum in degree: 17055 (node 111091089527727420853)
	Maximum out degree: 5056 (node 106228758905254036967)
	source 6966 (node 106228758905254036967) with out degree 5056
	target 208 (node 111091089527727420853) with in degree 17055
