Version 1.2 launched as -e 0.1 12 input/gemsec-Facebook.html/company_edges.csv.gz 18


Execution time and memory used at after reading from file: 1.750000e+00 seconds, 17727488 bytes of memory usage, 17348 kB of memory peak and 00:01 elapsed time
Statistics on the network after reading from file
	Number of nodes: 14115
	Number of allocated nodes: 14336
	Number of edges: 52127
	Maximum in degree: 181 (node 11934)
	Maximum out degree: 187 (node 856)

Execution time and memory used at after adding costs: 1.750000e+00 seconds, 17727488 bytes of memory usage, 17348 kB of memory peak and 00:01 elapsed time
Statistics on the network after adding costs
	Number of nodes: 14115
	Number of allocated nodes: 14336
	Number of edges: 52127
	Maximum in degree: 181 (node 11934)
	Maximum out degree: 187 (node 856)

Execution time and memory used at before starting main computation: 1.750000e+00 seconds, 17862656 bytes of memory usage, 17960 kB of memory peak and 00:01 elapsed time
Statistics on the network before starting main computation
	Number of nodes: 14115
	Number of allocated nodes: 14336
	Number of edges: 52127
	Maximum in degree: 181 (node 11934)
	Maximum out degree: 187 (node 856)
	source 211 (node 856) with out degree 187
	target 730 (node 11934) with in degree 181

Execution time and memory used at after iteration 1 (MF = 25.125000): 1.280000e+01 seconds, 66740224 bytes of memory usage, 77420 kB of memory peak and 00:12 elapsed time
Statistics on the network after iteration 1 (MF = 25.125000)
	Number of nodes: 14115
	Number of allocated nodes: 14336
	Number of edges: 52127
	Maximum in degree: 181 (node 11934)
	Maximum out degree: 187 (node 856)
	source 211 (node 856) with out degree 187
	target 730 (node 11934) with in degree 181

Execution time and memory used at after iteration 2 (MF = 19.149457): 1.307000e+01 seconds, 66740224 bytes of memory usage, 77472 kB of memory peak and 00:13 elapsed time
Statistics on the network after iteration 2 (MF = 19.149457)
	Number of nodes: 14115
	Number of allocated nodes: 14336
	Number of edges: 52127
	Maximum in degree: 181 (node 11934)
	Maximum out degree: 187 (node 856)
	source 211 (node 856) with out degree 187
	target 730 (node 11934) with in degree 181

Execution time and memory used at after iteration 3 (MF = 17.304348): 1.620000e+01 seconds, 91885568 bytes of memory usage, 97064 kB of memory peak and 00:16 elapsed time
Statistics on the network after iteration 3 (MF = 17.304348)
	Number of nodes: 14115
	Number of allocated nodes: 14336
	Number of edges: 52127
	Maximum in degree: 181 (node 11934)
	Maximum out degree: 187 (node 856)
	source 211 (node 856) with out degree 187
	target 730 (node 11934) with in degree 181

Execution time and memory used at after iteration 4 (MF = 19.961957): 8.968000e+01 seconds, 125210624 bytes of memory usage, 169092 kB of memory peak and 01:29 elapsed time
Statistics on the network after iteration 4 (MF = 19.961957)
	Number of nodes: 14115
	Number of allocated nodes: 14336
	Number of edges: 52127
	Maximum in degree: 181 (node 11934)
	Maximum out degree: 187 (node 856)
	source 211 (node 856) with out degree 187
	target 730 (node 11934) with in degree 181

Execution time and memory used at after iteration 5 (MF = 19.605978): 2.222120e+03 seconds, 125210624 bytes of memory usage, 169092 kB of memory peak and 37:02 elapsed time
Statistics on the network after iteration 5 (MF = 19.605978)
	Number of nodes: 14115
	Number of allocated nodes: 14336
	Number of edges: 52127
	Maximum in degree: 181 (node 11934)
	Maximum out degree: 187 (node 856)
	source 211 (node 856) with out degree 187
	target 730 (node 11934) with in degree 181

Execution time and memory used at after iteration 6 (MF = 18.809783): 4.004610e+03 seconds, 122900480 bytes of memory usage, 190504 kB of memory peak and 01:06:45 elapsed time
Statistics on the network after iteration 6 (MF = 18.809783)
	Number of nodes: 14115
	Number of allocated nodes: 14336
	Number of edges: 52127
	Maximum in degree: 181 (node 11934)
	Maximum out degree: 187 (node 856)
	source 211 (node 856) with out degree 187
	target 730 (node 11934) with in degree 181

Execution time and memory used at after iteration 7 (MF = 17.597826): 4.311240e+03 seconds, 122900480 bytes of memory usage, 217404 kB of memory peak and 01:11:51 elapsed time
Statistics on the network after iteration 7 (MF = 17.597826)
	Number of nodes: 14115
	Number of allocated nodes: 14336
	Number of edges: 52127
	Maximum in degree: 181 (node 11934)
	Maximum out degree: 187 (node 856)
	source 211 (node 856) with out degree 187
	target 730 (node 11934) with in degree 181

Execution time and memory used at after iteration 8 (MF = 16.959239): 4.388540e+03 seconds, 124960768 bytes of memory usage, 217404 kB of memory peak and 01:13:08 elapsed time
Statistics on the network after iteration 8 (MF = 16.959239)
	Number of nodes: 14115
	Number of allocated nodes: 14336
	Number of edges: 52127
	Maximum in degree: 181 (node 11934)
	Maximum out degree: 187 (node 856)
	source 211 (node 856) with out degree 187
	target 730 (node 11934) with in degree 181

Execution time and memory used at after iteration 9 (MF = 18.649457): 1.107829e+04 seconds, 122900480 bytes of memory usage, 217404 kB of memory peak and 03:04:39 elapsed time
Statistics on the network after iteration 9 (MF = 18.649457)
	Number of nodes: 14115
	Number of allocated nodes: 14336
	Number of edges: 52127
	Maximum in degree: 181 (node 11934)
	Maximum out degree: 187 (node 856)
	source 211 (node 856) with out degree 187
	target 730 (node 11934) with in degree 181

Execution time and memory used at after iteration 10 (MF = 18.630435): 1.927509e+05 seconds, 164429824 bytes of memory usage, 732500 kB of memory peak and 2-05:32:35 elapsed time
Statistics on the network after iteration 10 (MF = 18.630435)
	Number of nodes: 14115
	Number of allocated nodes: 14336
	Number of edges: 52127
	Maximum in degree: 181 (node 11934)
	Maximum out degree: 187 (node 856)
	source 211 (node 856) with out degree 187
	target 730 (node 11934) with in degree 181
