Version 1.2 launched as -e 0.1 12 input/gemsec-Facebook.html/artist_edges.csv.gz 246


Execution time and memory used at after reading from file: 2.373300e+02 seconds, 47050752 bytes of memory usage, 45984 kB of memory peak and 03:57 elapsed time
Statistics on the network after reading from file
	Number of nodes: 50517
	Number of allocated nodes: 51200
	Number of edges: 819091
	Maximum in degree: 1290 (node 48099)
	Maximum out degree: 1238 (node 7675)

Execution time and memory used at after adding costs: 2.373400e+02 seconds, 47050752 bytes of memory usage, 45984 kB of memory peak and 03:57 elapsed time
Statistics on the network after adding costs
	Number of nodes: 50517
	Number of allocated nodes: 51200
	Number of edges: 819091
	Maximum in degree: 1290 (node 48099)
	Maximum out degree: 1238 (node 7675)

Execution time and memory used at before starting main computation: 2.377100e+02 seconds, 47861760 bytes of memory usage, 47456 kB of memory peak and 03:58 elapsed time
Statistics on the network before starting main computation
	Number of nodes: 50517
	Number of allocated nodes: 51200
	Number of edges: 819091
	Maximum in degree: 1290 (node 48099)
	Maximum out degree: 1238 (node 7675)
	source 556 (node 7675) with out degree 1238
	target 1616 (node 48099) with in degree 1290

Execution time and memory used at after iteration 1 (MF = 437.838608): 1.145230e+03 seconds, 742850560 bytes of memory usage, 939796 kB of memory peak and 19:05 elapsed time
Statistics on the network after iteration 1 (MF = 437.838608)
	Number of nodes: 50517
	Number of allocated nodes: 51200
	Number of edges: 819091
	Maximum in degree: 1290 (node 48099)
	Maximum out degree: 1238 (node 7675)
	source 556 (node 7675) with out degree 1238
	target 1616 (node 48099) with in degree 1290

Execution time and memory used at after iteration 2 (MF = 338.431171): 1.404320e+03 seconds, 742850560 bytes of memory usage, 941344 kB of memory peak and 23:24 elapsed time
Statistics on the network after iteration 2 (MF = 338.431171)
	Number of nodes: 50517
	Number of allocated nodes: 51200
	Number of edges: 819091
	Maximum in degree: 1290 (node 48099)
	Maximum out degree: 1238 (node 7675)
	source 556 (node 7675) with out degree 1238
	target 1616 (node 48099) with in degree 1290
