GLPSOL--GLPK LP/MIP Solver 5.0
Parameter(s) specified in the command line:
 --lp input/soc-sign-bitcoin-otc.html/soc-sign-bitcoinotc.csv.gz.410.lp.reach_chain_detours.lp
 -o input/soc-sign-bitcoin-otc.html/soc-sign-bitcoinotc.csv.gz.410.lp.reach_chain_detours.lp.sol
Reading problem data from 'input/soc-sign-bitcoin-otc.html/soc-sign-bitcoinotc.csv.gz.410.lp.reach_chain_detours.lp'...
30149 rows, 63515 columns, 150732 non-zeros
63515 integer variables, all of which are binary
93669 lines were read
GLPK Integer Optimizer 5.0
30149 rows, 63515 columns, 150732 non-zeros
63515 integer variables, all of which are binary
Preprocessing...
29739 rows, 63105 columns, 148297 non-zeros
63105 integer variables, all of which are binary
Scaling...
 A: min|aij| =  1.000e+00  max|aij| =  1.000e+00  ratio =  1.000e+00
Problem data seem to be well scaled
Constructing initial basis...
Size of triangular part is 29739
Solving LP relaxation...
GLPK Simplex Optimizer 5.0
29739 rows, 63105 columns, 148297 non-zeros
      0: obj =   0.000000000e+00 inf =   3.620e+02 (362)
    362: obj =   2.430785810e+02 inf =   0.000e+00 (0)
Perturbing LP to avoid stalling [565]...
*  3153: obj =   2.357981500e+02 inf =   0.000e+00 (477) 25
*  5342: obj =   2.357981500e+02 inf =   0.000e+00 (497) 20
*  7465: obj =   2.357981500e+02 inf =   0.000e+00 (578) 20
*  9017: obj =   1.591718638e+02 inf =   2.489e-03 (4541) 15
* 10309: obj =   1.591717937e+02 inf =   1.569e-02 (4393) 13
* 11590: obj =   1.591716977e+02 inf =   3.205e-02 (4332) 13
* 12860: obj =   1.591716213e+02 inf =   3.526e-02 (4219) 12
* 14129: obj =   1.566433598e+02 inf =   3.812e-02 (4382) 13
* 15422: obj =   1.472654363e+02 inf =   3.825e-02 (4996) 12
* 16666: obj =   1.370531070e+02 inf =   3.673e-02 (5789) 12
* 17915: obj =   1.305577316e+02 inf =   3.932e-02 (6041) 12
* 19158: obj =   1.271578500e+02 inf =   3.713e-02 (6023) 12
* 20426: obj =   1.103046671e+02 inf =   3.300e-02 (6558) 12
* 21640: obj =   1.081363352e+02 inf =   3.039e-02 (6311) 12
* 22946: obj =   9.773735206e+01 inf =   2.792e-02 (6149) 12
* 24171: obj =   4.759602556e+01 inf =   2.612e-02 (4959) 12
* 25317: obj =   2.675334632e+00 inf =   3.114e-02 (4597) 11
* 26476: obj =   2.675283400e+00 inf =   3.514e-02 (4277) 11
* 27619: obj =   2.675215179e+00 inf =   4.392e-02 (4017) 11
* 28646: obj =   2.675147210e+00 inf =   5.675e-02 (3785) 11
* 29726: obj =   2.675114652e+00 inf =   6.079e-02 (3650) 10
* 30768: obj =   2.675057573e+00 inf =   7.029e-02 (3515) 11
* 31788: obj =   2.675021877e+00 inf =   7.000e-02 (3424) 10
* 32823: obj =   2.674984466e+00 inf =   7.001e-02 (3322) 10
* 33823: obj =   2.674955015e+00 inf =   7.089e-02 (3232) 10
* 34827: obj =   2.674914922e+00 inf =   7.142e-02 (3145) 10
* 35871: obj =   2.144883631e+00 inf =   6.902e-02 (3015) 10
* 36807: obj =   2.144856661e+00 inf =   7.382e-02 (2938) 9
* 37746: obj =   1.012223718e+00 inf =   7.312e-02 (2803) 10
* 38688: obj =   1.012202318e+00 inf =   7.353e-02 (2750) 9
* 39564: obj =   1.012184436e+00 inf =   7.596e-02 (2679) 9
* 40491: obj =   1.012164670e+00 inf =   7.847e-02 (2578) 9
* 41383: obj =   1.012151386e+00 inf =   8.169e-02 (2550) 9
* 42292: obj =   1.012136799e+00 inf =   8.512e-02 (2526) 9
* 43202: obj =   1.012126309e+00 inf =   8.528e-02 (2482) 9
* 44113: obj =   1.012116285e+00 inf =   8.336e-02 (2411) 9
* 45006: obj =   1.012098592e+00 inf =   8.732e-02 (2388) 8
* 45830: obj =   1.012091901e+00 inf =   8.813e-02 (2339) 9
* 46741: obj =   1.012086095e+00 inf =   8.527e-02 (2291) 9
* 47641: obj =   6.754942823e-01 inf =   8.284e-02 (2192) 8
* 48464: obj =   1.008640951e-01 inf =   7.973e-02 (1869) 9
Removing LP perturbation [48750]...
* 48750: obj =   0.000000000e+00 inf =   8.354e-15 (0) 2
OPTIMAL LP SOLUTION FOUND
Integer optimization begins...
Long-step dual simplex will be used
+ 48750: mip =     not found yet >=              -inf        (1; 0)
Solution found by heuristic: 0
+ 48750: mip =   0.000000000e+00 >=     tree is empty   0.0% (0; 1)
INTEGER OPTIMAL SOLUTION FOUND
Time used:   208.6 secs
Memory used: 77.4 Mb (81146755 bytes)
Writing MIP solution to 'input/soc-sign-bitcoin-otc.html/soc-sign-bitcoinotc.csv.gz.410.lp.reach_chain_detours.lp.sol'...
Objective:  obj = 0 (MINimum)
