	Command being timed: "/usr/app/src/glpk-5.0/examples/glpsol --lp input/sx-mathoverflow.html/sx-mathoverflow.txt.gz.192.lp -o input/sx-mathoverflow.html/sx-mathoverflow.txt.gz.192.lp.sol"
	User time (seconds): 14726.34
	System time (seconds): 2.62
	Percent of CPU this job got: 99%
	Elapsed (wall clock) time (h:mm:ss or m:ss): 4:05:30
	Average shared text size (kbytes): 0
	Average unshared data size (kbytes): 0
	Average stack size (kbytes): 0
	Average total size (kbytes): 0
	Maximum resident set size (kbytes): 571652
	Average resident set size (kbytes): 0
	Major (requiring I/O) page faults: 0
	Minor (reclaiming a frame) page faults: 306692
	Voluntary context switches: 591
	Involuntary context switches: 28175
	Swaps: 0
	File system inputs: 0
	File system outputs: 99736
	Socket messages sent: 0
	Socket messages received: 0
	Signals delivered: 0
	Page size (bytes): 4096
	Exit status: 0
