	Command being timed: "/usr/app/src/glpk-5.0/examples/glpsol --lp input/sx-mathoverflow.html/sx-mathoverflow.txt.gz.192.lp.reach_chain_detours.lp -o input/sx-mathoverflow.html/sx-mathoverflow.txt.gz.192.lp.reach_chain_detours.lp.sol"
	User time (seconds): 4391.92
	System time (seconds): 1.29
	Percent of CPU this job got: 99%
	Elapsed (wall clock) time (h:mm:ss or m:ss): 1:13:13
	Average shared text size (kbytes): 0
	Average unshared data size (kbytes): 0
	Average stack size (kbytes): 0
	Average total size (kbytes): 0
	Maximum resident set size (kbytes): 476820
	Average resident set size (kbytes): 0
	Major (requiring I/O) page faults: 0
	Minor (reclaiming a frame) page faults: 255899
	Voluntary context switches: 461
	Involuntary context switches: 6989
	Swaps: 0
	File system inputs: 0
	File system outputs: 80488
	Socket messages sent: 0
	Socket messages received: 0
	Signals delivered: 0
	Page size (bytes): 4096
	Exit status: 0
