	Command being timed: "/usr/app/src/main 5 input/ego-Facebook.html/facebook_combined.txt.gz 0"
	User time (seconds): 1.87
	System time (seconds): 0.04
	Percent of CPU this job got: 100%
	Elapsed (wall clock) time (h:mm:ss or m:ss): 0:01.90
	Average shared text size (kbytes): 0
	Average unshared data size (kbytes): 0
	Average stack size (kbytes): 0
	Average total size (kbytes): 0
	Maximum resident set size (kbytes): 9180
	Average resident set size (kbytes): 0
	Major (requiring I/O) page faults: 16
	Minor (reclaiming a frame) page faults: 9905
	Voluntary context switches: 141
	Involuntary context switches: 100
	Swaps: 0
	File system inputs: 4048
	File system outputs: 27320
	Socket messages sent: 0
	Socket messages received: 0
	Signals delivered: 0
	Page size (bytes): 4096
	Exit status: 0
