Version 1.2 launched as -e 0.1 12 input/sx-mathoverflow.html/sx-mathoverflow-c2q.txt.gz 135


Execution time and memory used at after reading from file: 3.670000e+00 seconds, 19640320 bytes of memory usage, 19216 kB of memory peak and 00:04 elapsed time
Statistics on the network after reading from file
	Number of nodes: 16836
	Number of allocated nodes: 17408
	Number of edges: 91149
	Maximum in degree: 452 (node 6094)
	Maximum out degree: 1398 (node 763)

Execution time and memory used at before starting main computation: 3.710000e+00 seconds, 19640320 bytes of memory usage, 19696 kB of memory peak and 00:04 elapsed time
Statistics on the network before starting main computation
	Number of nodes: 16836
	Number of allocated nodes: 17408
	Number of edges: 91149
	Maximum in degree: 452 (node 6094)
	Maximum out degree: 1398 (node 763)
	source 128 (node 763) with out degree 1398
	target 1576 (node 6094) with in degree 452

Execution time and memory used at after iteration 1 (MF = 516272993312.000000): 3.902000e+01 seconds, 100925440 bytes of memory usage, 120168 kB of memory peak and 00:39 elapsed time
Statistics on the network after iteration 1 (MF = 516272993312.000000)
	Number of nodes: 16836
	Number of allocated nodes: 17408
	Number of edges: 91149
	Maximum in degree: 452 (node 6094)
	Maximum out degree: 1398 (node 763)
	source 128 (node 763) with out degree 1398
	target 1576 (node 6094) with in degree 452

Execution time and memory used at after iteration 2 (MF = 446236671830.000000): 4.189000e+01 seconds, 100925440 bytes of memory usage, 120436 kB of memory peak and 00:42 elapsed time
Statistics on the network after iteration 2 (MF = 446236671830.000000)
	Number of nodes: 16836
	Number of allocated nodes: 17408
	Number of edges: 91149
	Maximum in degree: 452 (node 6094)
	Maximum out degree: 1398 (node 763)
	source 128 (node 763) with out degree 1398
	target 1576 (node 6094) with in degree 452

Execution time and memory used at after iteration 3 (MF = 462951957035.000000): 6.927000e+01 seconds, 158269440 bytes of memory usage, 163372 kB of memory peak and 01:09 elapsed time
Statistics on the network after iteration 3 (MF = 462951957035.000000)
	Number of nodes: 16836
	Number of allocated nodes: 17408
	Number of edges: 91149
	Maximum in degree: 452 (node 6094)
	Maximum out degree: 1398 (node 763)
	source 128 (node 763) with out degree 1398
	target 1576 (node 6094) with in degree 452
