GLPSOL--GLPK LP/MIP Solver 5.0
Parameter(s) specified in the command line:
 --lp input/web-NotreDame.html/web-NotreDame.txt.gz.688.lp.reach_chain_detours.lp
 -o input/web-NotreDame.html/web-NotreDame.txt.gz.688.lp.reach_chain_detours.lp.sol
Reading problem data from 'input/web-NotreDame.html/web-NotreDame.txt.gz.688.lp.reach_chain_detours.lp'...
258474 rows, 559861 columns, 1292357 non-zeros
559861 integer variables, all of which are binary
818340 lines were read
GLPK Integer Optimizer 5.0
258474 rows, 559861 columns, 1292357 non-zeros
559861 integer variables, all of which are binary
Preprocessing...
258466 rows, 559853 columns, 1285952 non-zeros
559853 integer variables, all of which are binary
Scaling...
 A: min|aij| =  1.000e+00  max|aij| =  1.000e+00  ratio =  1.000e+00
Problem data seem to be well scaled
Constructing initial basis...
Size of triangular part is 258466
Solving LP relaxation...
GLPK Simplex Optimizer 5.0
258466 rows, 559853 columns, 1285952 non-zeros
      0: obj =   0.000000000e+00 inf =   4.298e+03 (4298)
    503: obj =   1.543891870e+02 inf =   3.795e+03 (3795)
   1012: obj =   3.100193770e+02 inf =   3.286e+03 (3286)
   1522: obj =   4.659474840e+02 inf =   2.776e+03 (2776)
   2034: obj =   6.227726500e+02 inf =   2.264e+03 (2264)
   2546: obj =   7.795367220e+02 inf =   1.752e+03 (1752)
   3060: obj =   9.366835990e+02 inf =   1.238e+03 (1238)
   3576: obj =   1.094476017e+03 inf =   7.220e+02 (722)
   4093: obj =   1.252602563e+03 inf =   2.050e+02 (205)
   4298: obj =   1.315288465e+03 inf =   0.000e+00 (0)
Perturbing LP to avoid stalling [4498]...
*  4786: obj =   1.314681194e+03 inf =   0.000e+00 (4784)
*  5180: obj =   1.314681194e+03 inf =   0.000e+00 (4839) 2
*  5561: obj =   1.314681194e+03 inf =   0.000e+00 (4877) 3
*  5942: obj =   1.314681194e+03 inf =   0.000e+00 (4892) 2
*  6318: obj =   1.314681194e+03 inf =   0.000e+00 (4892) 3
*  6692: obj =   1.314681194e+03 inf =   0.000e+00 (4926) 3
*  7066: obj =   1.314681194e+03 inf =   0.000e+00 (4935) 3
*  7439: obj =   1.314681194e+03 inf =   0.000e+00 (4945) 3
*  7811: obj =   1.314681194e+03 inf =   0.000e+00 (4952) 3
*  8187: obj =   1.314681194e+03 inf =   0.000e+00 (4970) 2
*  8559: obj =   1.314681194e+03 inf =   0.000e+00 (4977) 3
*  8926: obj =   1.314681194e+03 inf =   0.000e+00 (4981) 3
*  9285: obj =   1.314681194e+03 inf =   0.000e+00 (4996) 4
*  9653: obj =   1.314681194e+03 inf =   0.000e+00 (5017) 3
* 10017: obj =   1.314681194e+03 inf =   0.000e+00 (5033) 4
* 10388: obj =   1.314681194e+03 inf =   0.000e+00 (5059) 2
* 10756: obj =   1.314681194e+03 inf =   0.000e+00 (5092) 3
* 11118: obj =   1.314681194e+03 inf =   0.000e+00 (5102) 3
* 11482: obj =   1.314681194e+03 inf =   0.000e+00 (5106) 3
* 11843: obj =   1.314681194e+03 inf =   0.000e+00 (5108) 3
* 12203: obj =   1.314681194e+03 inf =   0.000e+00 (5107) 3
* 12564: obj =   1.314681194e+03 inf =   0.000e+00 (5101) 3
* 12926: obj =   1.314681194e+03 inf =   0.000e+00 (5137) 3
* 13293: obj =   1.314681194e+03 inf =   0.000e+00 (5152) 3
* 13657: obj =   1.314681194e+03 inf =   0.000e+00 (5179) 2
* 14014: obj =   1.314681194e+03 inf =   0.000e+00 (5191) 3
* 14369: obj =   1.314681194e+03 inf =   0.000e+00 (5197) 3
* 14728: obj =   1.314681194e+03 inf =   0.000e+00 (5215) 3
* 15085: obj =   1.314681194e+03 inf =   0.000e+00 (5230) 3
* 15442: obj =   1.314681194e+03 inf =   0.000e+00 (5245) 3
* 15802: obj =   1.314681194e+03 inf =   0.000e+00 (5260) 3
* 16160: obj =   1.314681194e+03 inf =   0.000e+00 (5267) 3
* 16521: obj =   1.314681194e+03 inf =   0.000e+00 (5281) 2
* 16878: obj =   1.314681194e+03 inf =   0.000e+00 (5307) 3
* 17236: obj =   1.314681194e+03 inf =   0.000e+00 (5287) 3
* 17600: obj =   1.154272646e+03 inf =   0.000e+00 (5270) 4
* 17985: obj =   1.154272646e+03 inf =   0.000e+00 (5309) 3
* 18366: obj =   1.154272646e+03 inf =   0.000e+00 (5292) 4
* 18749: obj =   1.154272646e+03 inf =   0.000e+00 (5271) 4
* 19130: obj =   1.154272646e+03 inf =   0.000e+00 (5239) 4
* 19515: obj =   1.154272646e+03 inf =   0.000e+00 (5145) 3
* 19877: obj =   1.154272646e+03 inf =   0.000e+00 (5059) 4
* 20243: obj =   1.154272646e+03 inf =   0.000e+00 (4995) 3
* 20633: obj =   1.153649631e+03 inf =   0.000e+00 (4916) 3
* 21025: obj =   1.153032476e+03 inf =   0.000e+00 (4752) 3
* 21417: obj =   1.153032476e+03 inf =   0.000e+00 (4221) 2
* 22040: obj =   1.043436390e+03 inf =   0.000e+00 (3417) 1
* 23138: obj =   7.079450760e+02 inf =   0.000e+00 (2321)
* 24243: obj =   3.708530050e+02 inf =   0.000e+00 (1220)
* 25331: obj =   4.367127800e+01 inf =   0.000e+00 (154)
Removing LP perturbation [25509]...
* 25509: obj =   0.000000000e+00 inf =   0.000e+00 (0)
OPTIMAL LP SOLUTION FOUND
Integer optimization begins...
Long-step dual simplex will be used
+ 25509: mip =     not found yet >=              -inf        (1; 0)
+ 25509: >>>>>   0.000000000e+00 >=   0.000000000e+00   0.0% (1; 0)
+ 25509: mip =   0.000000000e+00 >=     tree is empty   0.0% (0; 1)
INTEGER OPTIMAL SOLUTION FOUND
Time used:   295.7 secs
Memory used: 675.3 Mb (708114859 bytes)
Writing MIP solution to 'input/web-NotreDame.html/web-NotreDame.txt.gz.688.lp.reach_chain_detours.lp.sol'...
Objective:  obj = 0 (MINimum)
