GLPSOL--GLPK LP/MIP Solver 5.0
Parameter(s) specified in the command line:
 --lp input/email-Eu-core.html/email-Eu-core.txt.gz.85.lp.reach_chain_detours.lp
 -o input/email-Eu-core.html/email-Eu-core.txt.gz.85.lp.reach_chain_detours.lp.sol
Reading problem data from 'input/email-Eu-core.html/email-Eu-core.txt.gz.85.lp.reach_chain_detours.lp'...
23910 rows, 48596 columns, 119537 non-zeros
48596 integer variables, all of which are binary
72511 lines were read
GLPK Integer Optimizer 5.0
23910 rows, 48596 columns, 119537 non-zeros
48596 integer variables, all of which are binary
Preprocessing...
23698 rows, 48384 columns, 118194 non-zeros
48384 integer variables, all of which are binary
Scaling...
 A: min|aij| =  1.000e+00  max|aij| =  1.000e+00  ratio =  1.000e+00
Problem data seem to be well scaled
Constructing initial basis...
Size of triangular part is 23698
Solving LP relaxation...
GLPK Simplex Optimizer 5.0
23698 rows, 48384 columns, 118194 non-zeros
      0: obj =   0.000000000e+00 inf =   1.780e+02 (178)
    178: obj =   1.562426440e+02 inf =   0.000e+00 (0)
Perturbing LP to avoid stalling [380]...
*  3160: obj =   1.011556931e+02 inf =   1.083e-03 (1172) 27
*  5680: obj =   9.613518069e+01 inf =   1.368e-02 (1414) 25
*  9019: obj =   7.268696067e+01 inf =   7.589e-03 (1316) 28
Removing LP perturbation [11463]...
* 11463: obj =   7.268749600e+01 inf =   0.000e+00 (0) 17
OPTIMAL LP SOLUTION FOUND
Integer optimization begins...
Long-step dual simplex will be used
+ 11463: mip =     not found yet >=              -inf        (1; 0)
+ 11463: >>>>>   7.268749600e+01 >=   7.268749600e+01   0.0% (1; 0)
+ 11463: mip =   7.268749600e+01 >=     tree is empty   0.0% (0; 1)
INTEGER OPTIMAL SOLUTION FOUND
Time used:   18.0 secs
Memory used: 59.5 Mb (62422438 bytes)
Writing MIP solution to 'input/email-Eu-core.html/email-Eu-core.txt.gz.85.lp.reach_chain_detours.lp.sol'...
Objective:  obj = 72.687496 (MINimum)
