GLPSOL--GLPK LP/MIP Solver 5.0
Parameter(s) specified in the command line:
 --lp input/Oregon-1.html/oregon1_010519.txt.gz.19.lp.reach_chain_detours.lp
 -o input/Oregon-1.html/oregon1_010519.txt.gz.19.lp.reach_chain_detours.lp.sol
Reading problem data from 'input/Oregon-1.html/oregon1_010519.txt.gz.19.lp.reach_chain_detours.lp'...
1529 rows, 3354 columns, 7632 non-zeros
3354 integer variables, all of which are binary
4888 lines were read
GLPK Integer Optimizer 5.0
1529 rows, 3354 columns, 7632 non-zeros
3354 integer variables, all of which are binary
Preprocessing...
1 hidden packing inequaliti(es) were detected
1527 rows, 3352 columns, 7345 non-zeros
3352 integer variables, all of which are binary
Scaling...
 A: min|aij| =  1.000e+00  max|aij| =  1.000e+00  ratio =  1.000e+00
Problem data seem to be well scaled
Constructing initial basis...
Size of triangular part is 1527
Solving LP relaxation...
GLPK Simplex Optimizer 5.0
1527 rows, 3352 columns, 7345 non-zeros
      0: obj =   0.000000000e+00 inf =   1.620e+02 (162)
    162: obj =   3.787035900e+01 inf =   0.000e+00 (0)
Perturbing LP to avoid stalling [367]...
Removing LP perturbation [1540]...
*  1540: obj =   2.114262773e+01 inf =   0.000e+00 (0) 10
OPTIMAL LP SOLUTION FOUND
Integer optimization begins...
Long-step dual simplex will be used
+  1540: mip =     not found yet >=              -inf        (1; 0)
Solution found by heuristic: 30.960167
+  2019: >>>>>   2.547442200e+01 >=   2.118596543e+01  16.8% (37; 0)
+  2384: >>>>>   2.542873500e+01 >=   2.120548483e+01  16.6% (75; 3)
Solution found by heuristic: 25.36509
+  3907: mip =   2.536509000e+01 >=   2.129306656e+01  16.1% (218; 8)
Solution found by heuristic: 25.131197
+  4150: >>>>>   2.478562800e+01 >=   2.129306656e+01  14.1% (259; 8)
Solution found by heuristic: 24.257319
+  4767: >>>>>   2.271729500e+01 >=   2.133293000e+01   6.1% (275; 72)
+  6405: mip =   2.271729500e+01 >=   2.146527209e+01   5.5% (233; 415)
+  8088: mip =   2.271729500e+01 >=   2.152616025e+01   5.2% (352; 427)
+  9870: mip =   2.271729500e+01 >=   2.157283900e+01   5.0% (470; 441)
+ 11602: mip =   2.271729500e+01 >=   2.161135477e+01   4.9% (590; 456)
+ 13166: mip =   2.271729500e+01 >=   2.162555304e+01   4.8% (713; 469)
+ 14717: mip =   2.271729500e+01 >=   2.163680975e+01   4.8% (836; 484)
+ 16486: mip =   2.271729500e+01 >=   2.166473622e+01   4.6% (956; 500)
+ 18161: mip =   2.271729500e+01 >=   2.167971288e+01   4.6% (1078; 515)
+ 19767: mip =   2.271729500e+01 >=   2.169258529e+01   4.5% (1200; 530)
Time used: 60.0 secs.  Memory used: 20.1 Mb.
+ 21511: mip =   2.271729500e+01 >=   2.170948700e+01   4.4% (1320; 546)
+ 23127: mip =   2.271729500e+01 >=   2.172744688e+01   4.4% (1436; 562)
+ 24894: mip =   2.271729500e+01 >=   2.174084785e+01   4.3% (1552; 578)
+ 26616: mip =   2.271729500e+01 >=   2.175156175e+01   4.3% (1670; 594)
+ 28482: mip =   2.271729500e+01 >=   2.176642809e+01   4.2% (1787; 612)
+ 29742: >>>>>   2.261147900e+01 >=   2.177431800e+01   3.7% (1869; 624)
+ 31445: mip =   2.261147900e+01 >=   2.178350735e+01   3.7% (1806; 1000)
+ 33163: mip =   2.261147900e+01 >=   2.179552100e+01   3.6% (1919; 1019)
+ 34946: mip =   2.261147900e+01 >=   2.180699167e+01   3.6% (2031; 1039)
+ 36724: mip =   2.261147900e+01 >=   2.181843050e+01   3.5% (2140; 1059)
+ 38546: mip =   2.261147900e+01 >=   2.182739000e+01   3.5% (2248; 1081)
+ 40317: mip =   2.261147900e+01 >=   2.183534933e+01   3.4% (2352; 1104)
+ 42045: mip =   2.261147900e+01 >=   2.184341971e+01   3.4% (2461; 1126)
Time used: 120.0 secs.  Memory used: 42.6 Mb.
+ 43879: mip =   2.261147900e+01 >=   2.184799891e+01   3.4% (2573; 1147)
+ 45654: mip =   2.261147900e+01 >=   2.185351643e+01   3.4% (2683; 1166)
+ 47265: mip =   2.261147900e+01 >=   2.185951343e+01   3.3% (2792; 1187)
+ 48896: mip =   2.261147900e+01 >=   2.186619700e+01   3.3% (2900; 1209)
+ 50676: mip =   2.261147900e+01 >=   2.187388800e+01   3.3% (3010; 1232)
+ 52276: mip =   2.261147900e+01 >=   2.188015300e+01   3.2% (3121; 1253)
+ 54106: mip =   2.261147900e+01 >=   2.188699952e+01   3.2% (3229; 1278)
+ 55759: mip =   2.261147900e+01 >=   2.189184700e+01   3.2% (3338; 1300)
+ 57462: mip =   2.261147900e+01 >=   2.189626896e+01   3.2% (3448; 1324)
+ 59219: mip =   2.261147900e+01 >=   2.190055400e+01   3.1% (3561; 1346)
+ 60976: mip =   2.261147900e+01 >=   2.190427809e+01   3.1% (3669; 1369)
+ 62681: mip =   2.261147900e+01 >=   2.190852552e+01   3.1% (3776; 1391)
Time used: 180.0 secs.  Memory used: 71.8 Mb.
+ 64511: mip =   2.261147900e+01 >=   2.191292355e+01   3.1% (3882; 1415)
+ 66353: mip =   2.261147900e+01 >=   2.191766305e+01   3.1% (3990; 1439)
+ 68025: mip =   2.261147900e+01 >=   2.192267000e+01   3.0% (4099; 1462)
+ 69783: mip =   2.261147900e+01 >=   2.192736200e+01   3.0% (4208; 1486)
+ 71533: mip =   2.261147900e+01 >=   2.193015478e+01   3.0% (4316; 1511)
+ 73240: mip =   2.261147900e+01 >=   2.193394091e+01   3.0% (4427; 1534)
+ 75081: mip =   2.261147900e+01 >=   2.193934992e+01   3.0% (4531; 1560)
+ 76799: mip =   2.261147900e+01 >=   2.194430391e+01   3.0% (4633; 1585)
+ 78498: mip =   2.261147900e+01 >=   2.194719974e+01   2.9% (4738; 1611)
+ 80467: mip =   2.261147900e+01 >=   2.195341892e+01   2.9% (4838; 1639)
+ 82388: mip =   2.261147900e+01 >=   2.195699775e+01   2.9% (4945; 1665)
+ 84195: mip =   2.261147900e+01 >=   2.195962095e+01   2.9% (5046; 1691)
Time used: 240.1 secs.  Memory used: 100.5 Mb.
+ 85926: mip =   2.261147900e+01 >=   2.196344050e+01   2.9% (5149; 1716)
+ 87507: mip =   2.261147900e+01 >=   2.196685700e+01   2.9% (5257; 1741)
+ 89587: mip =   2.261147900e+01 >=   2.197117445e+01   2.8% (5365; 1770)
+ 91463: mip =   2.261147900e+01 >=   2.197500600e+01   2.8% (5464; 1798)
+ 93242: mip =   2.261147900e+01 >=   2.197785386e+01   2.8% (5568; 1824)
+ 94875: mip =   2.261147900e+01 >=   2.198092186e+01   2.8% (5677; 1847)
+ 96594: mip =   2.261147900e+01 >=   2.198447488e+01   2.8% (5777; 1873)
+ 98368: mip =   2.261147900e+01 >=   2.198833238e+01   2.8% (5879; 1900)
+100014: mip =   2.261147900e+01 >=   2.199125329e+01   2.7% (5993; 1925)
+101544: mip =   2.261147900e+01 >=   2.199473443e+01   2.7% (6098; 1950)
+103586: mip =   2.261147900e+01 >=   2.199709574e+01   2.7% (6195; 1980)
+105433: mip =   2.261147900e+01 >=   2.199996709e+01   2.7% (6299; 2009)
Time used: 300.1 secs.  Memory used: 125.6 Mb.
+107118: mip =   2.261147900e+01 >=   2.200233700e+01   2.7% (6409; 2033)
+108892: mip =   2.261147900e+01 >=   2.200458700e+01   2.7% (6511; 2060)
+110598: mip =   2.261147900e+01 >=   2.200793008e+01   2.7% (6615; 2088)
+112456: mip =   2.261147900e+01 >=   2.201131700e+01   2.7% (6716; 2118)
+114268: mip =   2.261147900e+01 >=   2.201400420e+01   2.6% (6812; 2147)
+115928: mip =   2.261147900e+01 >=   2.201659435e+01   2.6% (6912; 2175)
+117618: mip =   2.261147900e+01 >=   2.201900837e+01   2.6% (7008; 2207)
+119646: mip =   2.261147900e+01 >=   2.202200061e+01   2.6% (7112; 2239)
+121554: mip =   2.261147900e+01 >=   2.202410570e+01   2.6% (7215; 2271)
+123473: mip =   2.261147900e+01 >=   2.202770548e+01   2.6% (7315; 2301)
+125379: mip =   2.261147900e+01 >=   2.203061968e+01   2.6% (7413; 2332)
+127220: mip =   2.261147900e+01 >=   2.203317900e+01   2.6% (7515; 2361)
Time used: 360.1 secs.  Memory used: 149.2 Mb.
+129180: mip =   2.261147900e+01 >=   2.203592322e+01   2.5% (7613; 2392)
+131066: mip =   2.261147900e+01 >=   2.203816633e+01   2.5% (7708; 2424)
+132981: mip =   2.261147900e+01 >=   2.204076695e+01   2.5% (7810; 2456)
+134887: mip =   2.261147900e+01 >=   2.204286858e+01   2.5% (7914; 2485)
+136621: mip =   2.261147900e+01 >=   2.204508194e+01   2.5% (8017; 2514)
+138465: mip =   2.261147900e+01 >=   2.204781150e+01   2.5% (8118; 2546)
+140219: mip =   2.261147900e+01 >=   2.204997833e+01   2.5% (8221; 2576)
+142043: mip =   2.261147900e+01 >=   2.205197988e+01   2.5% (8328; 2606)
+143912: mip =   2.261147900e+01 >=   2.205377071e+01   2.5% (8423; 2638)
+145589: mip =   2.261147900e+01 >=   2.205570667e+01   2.5% (8529; 2666)
+147635: mip =   2.261147900e+01 >=   2.205732040e+01   2.5% (8624; 2700)
+149531: mip =   2.261147900e+01 >=   2.205962380e+01   2.4% (8723; 2734)
Time used: 420.1 secs.  Memory used: 171.9 Mb.
+151468: mip =   2.261147900e+01 >=   2.206113248e+01   2.4% (8827; 2765)
+153196: mip =   2.261147900e+01 >=   2.206303404e+01   2.4% (8924; 2796)
+155003: mip =   2.261147900e+01 >=   2.206442696e+01   2.4% (9027; 2828)
+155249: >>>>>   2.242756700e+01 >=   2.206459904e+01   1.6% (9035; 2831)
+157079: mip =   2.242756700e+01 >=   2.206762182e+01   1.6% (6333; 8406)
+158778: mip =   2.242756700e+01 >=   2.206970552e+01   1.6% (6414; 8450)
+160721: mip =   2.242756700e+01 >=   2.207294600e+01   1.6% (6491; 8502)
+162568: mip =   2.242756700e+01 >=   2.207652560e+01   1.6% (6573; 8549)
+164457: mip =   2.242756700e+01 >=   2.208004400e+01   1.5% (6647; 8599)
+166410: mip =   2.242756700e+01 >=   2.208316000e+01   1.5% (6725; 8647)
+168409: mip =   2.242756700e+01 >=   2.208697538e+01   1.5% (6802; 8699)
+170199: mip =   2.242756700e+01 >=   2.208980635e+01   1.5% (6876; 8748)
Time used: 480.1 secs.  Memory used: 177.3 Mb.
+172242: mip =   2.242756700e+01 >=   2.209284062e+01   1.5% (6946; 8804)
+174081: mip =   2.242756700e+01 >=   2.209493526e+01   1.5% (7012; 8856)
+175781: mip =   2.242756700e+01 >=   2.209774733e+01   1.5% (7086; 8909)
+177624: mip =   2.242756700e+01 >=   2.210096380e+01   1.5% (7168; 8961)
+179614: mip =   2.242756700e+01 >=   2.210333440e+01   1.4% (7240; 9019)
+181555: mip =   2.242756700e+01 >=   2.210581727e+01   1.4% (7311; 9074)
+183320: mip =   2.242756700e+01 >=   2.210822408e+01   1.4% (7387; 9124)
+185401: mip =   2.242756700e+01 >=   2.211180433e+01   1.4% (7449; 9186)
+187313: mip =   2.242756700e+01 >=   2.211425044e+01   1.4% (7517; 9243)
+189078: mip =   2.242756700e+01 >=   2.211738600e+01   1.4% (7585; 9297)
+191067: mip =   2.242756700e+01 >=   2.212015271e+01   1.4% (7647; 9360)
+193120: mip =   2.242756700e+01 >=   2.212331727e+01   1.4% (7703; 9421)
Time used: 540.2 secs.  Memory used: 184.3 Mb.
+195012: mip =   2.242756700e+01 >=   2.212537695e+01   1.3% (7767; 9481)
+196905: mip =   2.242756700e+01 >=   2.212850340e+01   1.3% (7833; 9539)
+198774: mip =   2.242756700e+01 >=   2.213107729e+01   1.3% (7901; 9596)
+200673: mip =   2.242756700e+01 >=   2.213333622e+01   1.3% (7949; 9658)
+202549: mip =   2.242756700e+01 >=   2.213575400e+01   1.3% (8016; 9718)
+204353: mip =   2.242756700e+01 >=   2.213821600e+01   1.3% (8078; 9776)
+206211: mip =   2.242756700e+01 >=   2.214004833e+01   1.3% (8130; 9842)
+208157: mip =   2.242756700e+01 >=   2.214253616e+01   1.3% (8192; 9902)
+209816: mip =   2.242756700e+01 >=   2.214480216e+01   1.3% (8252; 9958)
+211750: mip =   2.242756700e+01 >=   2.214696175e+01   1.3% (8307; 10024)
+213944: mip =   2.242756700e+01 >=   2.214942033e+01   1.2% (8363; 10089)
+215822: mip =   2.242756700e+01 >=   2.215118273e+01   1.2% (8417; 10153)
Time used: 600.2 secs.  Memory used: 209.6 Mb.
+217873: mip =   2.242756700e+01 >=   2.215358467e+01   1.2% (8475; 10219)
+218160: >>>>>   2.235845300e+01 >=   2.215384450e+01   0.9% (8489; 10230)
+219904: mip =   2.235845300e+01 >=   2.215657700e+01   0.9% (6592; 14165)
+221898: mip =   2.235845300e+01 >=   2.215924064e+01   0.9% (6613; 14252)
+223683: mip =   2.235845300e+01 >=   2.216275480e+01   0.9% (6645; 14334)
+225592: mip =   2.235845300e+01 >=   2.216599943e+01   0.9% (6663; 14425)
+227436: mip =   2.235845300e+01 >=   2.216857133e+01   0.8% (6686; 14509)
+229430: mip =   2.235845300e+01 >=   2.217142000e+01   0.8% (6699; 14614)
+231420: mip =   2.235845300e+01 >=   2.217452277e+01   0.8% (6726; 14709)
+233353: mip =   2.235845300e+01 >=   2.217742369e+01   0.8% (6750; 14807)
+235214: mip =   2.235845300e+01 >=   2.218028891e+01   0.8% (6748; 14918)
+236917: mip =   2.235845300e+01 >=   2.218273800e+01   0.8% (6772; 15011)
+238782: mip =   2.235845300e+01 >=   2.218516500e+01   0.8% (6787; 15117)
Time used: 660.2 secs.  Memory used: 210.3 Mb.
+240683: mip =   2.235845300e+01 >=   2.218761104e+01   0.8% (6795; 15226)
+242617: mip =   2.235845300e+01 >=   2.219065806e+01   0.8% (6794; 15335)
+244596: mip =   2.235845300e+01 >=   2.219346917e+01   0.7% (6794; 15459)
+246551: mip =   2.235845300e+01 >=   2.219616325e+01   0.7% (6787; 15587)
+248547: mip =   2.235845300e+01 >=   2.219925796e+01   0.7% (6779; 15712)
+250370: mip =   2.235845300e+01 >=   2.220160933e+01   0.7% (6775; 15838)
+252401: mip =   2.235845300e+01 >=   2.220431986e+01   0.7% (6760; 15974)
+253344: >>>>>   2.225888300e+01 >=   2.220569600e+01   0.2% (6766; 16033)
+255198: mip =   2.225888300e+01 >=   2.221145745e+01   0.2% (2098; 27141)
+257235: mip =   2.225888300e+01 >=   2.221806732e+01   0.2% (1863; 27835)
+259211: mip =   2.225888300e+01 >=   2.222466775e+01   0.2% (1579; 28696)
+261093: mip =   2.225888300e+01 >=   2.223206300e+01   0.1% (1275; 29670)
+262767: mip =   2.225888300e+01 >=   2.223995210e+01 < 0.1% (946; 30887)
Time used: 720.2 secs.  Memory used: 222.6 Mb.
+264197: mip =   2.225888300e+01 >=   2.224731840e+01 < 0.1% (586; 32289)
+265537: mip =   2.225888300e+01 >=   2.225666238e+01 < 0.1% (116; 34736)
+265765: mip =   2.225888300e+01 >=     tree is empty   0.0% (0; 35781)
INTEGER OPTIMAL SOLUTION FOUND
Time used:   731.4 secs
Memory used: 223.4 Mb (234246590 bytes)
Writing MIP solution to 'input/Oregon-1.html/oregon1_010519.txt.gz.19.lp.reach_chain_detours.lp.sol'...
Objective:  obj = 22.258883 (MINimum)
