GLPSOL--GLPK LP/MIP Solver 5.0
Parameter(s) specified in the command line:
 --lp input/ca-HepTh.html/ca-HepTh.txt.gz.15.lp -o input/ca-HepTh.html/ca-HepTh.txt.gz.15.lp.sol
Reading problem data from 'input/ca-HepTh.html/ca-HepTh.txt.gz.15.lp'...
51949 rows, 113767 columns, 259732 non-zeros
113767 integer variables, all of which are binary
165721 lines were read
GLPK Integer Optimizer 5.0
51949 rows, 113767 columns, 259732 non-zeros
113767 integer variables, all of which are binary
Preprocessing...
51822 rows, 113640 columns, 259105 non-zeros
113640 integer variables, all of which are binary
Scaling...
 A: min|aij| =  1.000e+00  max|aij| =  1.000e+00  ratio =  1.000e+00
Problem data seem to be well scaled
Constructing initial basis...
Size of triangular part is 51822
Solving LP relaxation...
GLPK Simplex Optimizer 5.0
51822 rows, 113640 columns, 259105 non-zeros
      0: obj =   0.000000000e+00 inf =   6.000e+01 (60)
     60: obj =   7.340000500e+01 inf =   0.000e+00 (0)
Perturbing LP to avoid stalling [261]...
*  2107: obj =   5.073845406e+01 inf =   3.671e-04 (1813) 18
*  3997: obj =   5.073832905e+01 inf =   4.039e-03 (1633) 17
*  5762: obj =   5.073817813e+01 inf =   1.557e-02 (1510) 15
*  7048: obj =   5.073809690e+01 inf =   2.368e-02 (1455) 12
*  8195: obj =   5.073805801e+01 inf =   2.685e-02 (1558) 11
*  9290: obj =   5.073801787e+01 inf =   2.883e-02 (1673) 11
* 10352: obj =   5.073799317e+01 inf =   2.935e-02 (1757) 9
* 11393: obj =   5.073795617e+01 inf =   2.998e-02 (1809) 10
* 12429: obj =   5.073793447e+01 inf =   2.918e-02 (1936) 9
* 13455: obj =   5.073790001e+01 inf =   2.851e-02 (2041) 10
* 14492: obj =   5.073786693e+01 inf =   2.720e-02 (2134) 9
* 15618: obj =   5.073778810e+01 inf =   2.581e-02 (2136) 11
* 16919: obj =   5.073747518e+01 inf =   2.579e-02 (2078) 12
* 18342: obj =   5.073730944e+01 inf =   2.457e-02 (1854) 14
* 19858: obj =   4.815259096e+01 inf =   2.375e-02 (1510) 12
* 21358: obj =   4.762947063e+01 inf =   2.225e-02 (1114) 14
* 22927: obj =   4.707556475e+01 inf =   2.077e-02 (668) 15
Removing LP perturbation [24234]...
* 24234: obj =   4.695714529e+01 inf =   2.459e-14 (0) 13
OPTIMAL LP SOLUTION FOUND
Integer optimization begins...
Long-step dual simplex will be used
+ 24234: mip =     not found yet >=              -inf        (1; 0)
+ 24234: mip =     not found yet >=   4.695897600e+01        (2; 0)
Time used: 62.7 secs.  Memory used: 115.4 Mb.
+ 24266: >>>>>   4.707692600e+01 >=   4.697692000e+01   0.2% (2; 0)
+ 24284: mip =   4.707692600e+01 >=     tree is empty   0.0% (0; 3)
INTEGER OPTIMAL SOLUTION FOUND
Time used:   152.8 secs
Memory used: 144.0 Mb (150954858 bytes)
Writing MIP solution to 'input/ca-HepTh.html/ca-HepTh.txt.gz.15.lp.sol'...
Objective:  obj = 47.076926 (MINimum)
