GLPSOL--GLPK LP/MIP Solver 5.0
Parameter(s) specified in the command line:
 --lp input/Oregon-2.html/oregon2_010519.txt.gz.92.lp -o input/Oregon-2.html/oregon2_010519.txt.gz.92.lp.sol
Reading problem data from 'input/Oregon-2.html/oregon2_010519.txt.gz.92.lp'...
32291 rows, 75951 columns, 161442 non-zeros
75951 integer variables, all of which are binary
108247 lines were read
GLPK Integer Optimizer 5.0
32291 rows, 75951 columns, 161442 non-zeros
75951 integer variables, all of which are binary
Preprocessing...
1 hidden packing inequaliti(es) were detected
31892 rows, 75522 columns, 157222 non-zeros
75522 integer variables, all of which are binary
Scaling...
 A: min|aij| =  1.000e+00  max|aij| =  1.000e+00  ratio =  1.000e+00
Problem data seem to be well scaled
Constructing initial basis...
Size of triangular part is 31892
Solving LP relaxation...
GLPK Simplex Optimizer 5.0
31892 rows, 75522 columns, 157222 non-zeros
      0: obj =   0.000000000e+00 inf =   2.320e+02 (232)
    232: obj =   6.008630900e+01 inf =   0.000e+00 (0)
Perturbing LP to avoid stalling [434]...
*  3257: obj =   1.249046331e+00 inf =   8.108e-05 (519) 23
Removing LP perturbation [3798]...
*  3798: obj =   2.334600000e-01 inf =   0.000e+00 (0) 5
OPTIMAL LP SOLUTION FOUND
Integer optimization begins...
Long-step dual simplex will be used
+  3798: mip =     not found yet >=              -inf        (1; 0)
+  3798: >>>>>   2.334600000e-01 >=   2.334600000e-01   0.0% (1; 0)
+  3798: mip =   2.334600000e-01 >=     tree is empty   0.0% (0; 1)
INTEGER OPTIMAL SOLUTION FOUND
Time used:   6.4 secs
Memory used: 86.7 Mb (90904144 bytes)
Writing MIP solution to 'input/Oregon-2.html/oregon2_010519.txt.gz.92.lp.sol'...
Objective:  obj = 0.23346 (MINimum)
