GLPSOL--GLPK LP/MIP Solver 5.0
Parameter(s) specified in the command line:
 --lp input/sx-askubuntu.html/sx-askubuntu-c2a.txt.gz.288.lp.reach_chain_detours.lp
 -o input/sx-askubuntu.html/sx-askubuntu-c2a.txt.gz.288.lp.reach_chain_detours.lp.sol
Reading problem data from 'input/sx-askubuntu.html/sx-askubuntu-c2a.txt.gz.288.lp.reach_chain_detours.lp'...
63720 rows, 134934 columns, 318587 non-zeros
134934 integer variables, all of which are binary
198659 lines were read
GLPK Integer Optimizer 5.0
63720 rows, 134934 columns, 318587 non-zeros
134934 integer variables, all of which are binary
Preprocessing...
1 hidden packing inequaliti(es) were detected
63470 rows, 134684 columns, 316028 non-zeros
134684 integer variables, all of which are binary
Scaling...
 A: min|aij| =  1.000e+00  max|aij| =  1.000e+00  ratio =  1.000e+00
Problem data seem to be well scaled
Constructing initial basis...
Size of triangular part is 63470
Solving LP relaxation...
GLPK Simplex Optimizer 5.0
63470 rows, 134684 columns, 316028 non-zeros
      0: obj =   0.000000000e+00 inf =   8.720e+02 (872)
    872: obj =   1.181997659e+12 inf =   0.000e+00 (0)
Perturbing LP to avoid stalling [1071]...
*  2630: obj =   1.179083583e+12 inf =   0.000e+00 (1806) 7
*  3842: obj =   1.179083583e+12 inf =   0.000e+00 (1838) 11
*  4909: obj =   1.179083583e+12 inf =   0.000e+00 (1869) 10
*  5894: obj =   1.179083583e+12 inf =   0.000e+00 (1925) 10
*  6818: obj =   1.179083583e+12 inf =   0.000e+00 (1955) 8
*  7704: obj =   1.179083583e+12 inf =   0.000e+00 (1981) 8
*  8564: obj =   1.179083583e+12 inf =   0.000e+00 (2012) 8
*  9402: obj =   1.179083583e+12 inf =   0.000e+00 (2055) 8
* 10223: obj =   1.179083583e+12 inf =   0.000e+00 (2086) 8
* 11034: obj =   1.179083583e+12 inf =   0.000e+00 (2129) 7
* 11833: obj =   1.179083583e+12 inf =   0.000e+00 (2154) 8
* 12622: obj =   1.179083583e+12 inf =   0.000e+00 (2176) 7
* 13401: obj =   1.179083583e+12 inf =   0.000e+00 (2204) 7
* 14177: obj =   1.179083583e+12 inf =   0.000e+00 (2235) 7
* 14950: obj =   1.179083583e+12 inf =   0.000e+00 (2259) 7
* 15722: obj =   1.179083583e+12 inf =   0.000e+00 (2292) 8
* 16499: obj =   1.179083583e+12 inf =   0.000e+00 (2310) 7
* 17268: obj =   1.094682489e+12 inf =   0.000e+00 (7633) 7
* 17699: obj =   1.094682485e+12 inf =   2.814e-04 (7597) 5
* 18178: obj =   1.094682346e+12 inf =   7.707e-03 (7544) 4
* 18629: obj =   1.094682253e+12 inf =   1.189e-02 (7477) 5
* 19093: obj =   1.094682156e+12 inf =   1.623e-02 (7397) 5
* 19592: obj =   1.094682040e+12 inf =   1.978e-02 (7371) 4
* 20002: obj =   1.094681794e+12 inf =   3.169e-02 (7364) 5
* 20480: obj =   1.094681747e+12 inf =   3.313e-02 (7255) 4
* 20913: obj =   1.094681640e+12 inf =   3.625e-02 (7239) 5
* 21362: obj =   1.094681418e+12 inf =   4.393e-02 (7161) 4
* 21824: obj =   1.094681326e+12 inf =   4.654e-02 (7109) 5
* 22282: obj =   1.094681075e+12 inf =   5.133e-02 (7094) 4
* 22728: obj =   1.094681000e+12 inf =   5.247e-02 (7033) 4
* 23137: obj =   1.094680832e+12 inf =   5.916e-02 (6975) 5
* 23584: obj =   1.094680667e+12 inf =   6.455e-02 (6964) 4
* 24047: obj =   1.094680617e+12 inf =   6.454e-02 (6892) 4
* 24454: obj =   1.094680516e+12 inf =   6.700e-02 (6861) 5
* 24864: obj =   1.094680285e+12 inf =   7.009e-02 (6842) 4
* 25300: obj =   1.094680096e+12 inf =   7.550e-02 (6870) 4
* 25709: obj =   1.094679836e+12 inf =   7.675e-02 (6801) 4
* 26129: obj =   1.094679605e+12 inf =   8.240e-02 (6813) 4
* 26549: obj =   1.094224529e+12 inf =   8.815e-02 (6827) 4
* 26967: obj =   1.094224282e+12 inf =   9.240e-02 (6803) 4
* 27385: obj =   1.094224104e+12 inf =   1.007e-01 (6795) 5
* 27796: obj =   1.094223999e+12 inf =   1.036e-01 (6787) 4
* 28217: obj =   1.094223956e+12 inf =   1.044e-01 (6750) 4
* 28675: obj =   1.094223896e+12 inf =   1.021e-01 (6692) 4
* 29103: obj =   1.094223713e+12 inf =   9.974e-02 (6701) 5
* 29512: obj =   1.094223491e+12 inf =   1.026e-01 (6671) 4
* 29942: obj =   1.094223344e+12 inf =   1.052e-01 (6651) 4
* 30365: obj =   1.094223228e+12 inf =   1.073e-01 (6615) 4
* 30782: obj =   1.094223139e+12 inf =   1.091e-01 (6583) 4
* 31189: obj =   1.094223036e+12 inf =   1.098e-01 (6553) 4
* 31582: obj =   1.094222952e+12 inf =   1.118e-01 (6504) 4
* 32010: obj =   1.091640491e+12 inf =   1.112e-01 (6498) 4
* 32436: obj =   1.091640378e+12 inf =   1.117e-01 (6474) 4
* 32845: obj =   1.091640329e+12 inf =   1.102e-01 (6472) 5
* 33267: obj =   1.091640212e+12 inf =   1.072e-01 (6428) 4
* 33670: obj =   1.088348709e+12 inf =   1.046e-01 (6409) 4
* 34080: obj =   1.088348613e+12 inf =   1.035e-01 (6400) 4
* 34474: obj =   1.088348422e+12 inf =   1.068e-01 (6389) 4
* 34891: obj =   1.087884055e+12 inf =   1.060e-01 (6373) 4
* 35301: obj =   1.087883983e+12 inf =   1.071e-01 (6390) 4
* 35699: obj =   1.084203062e+12 inf =   1.118e-01 (6343) 4
* 36115: obj =   1.084203002e+12 inf =   1.106e-01 (6325) 4
* 36528: obj =   1.084202931e+12 inf =   1.081e-01 (6302) 4
* 36936: obj =   1.084202816e+12 inf =   1.053e-01 (6300) 4
* 37353: obj =   1.084202675e+12 inf =   1.027e-01 (6293) 4
* 37751: obj =   1.082188270e+12 inf =   1.010e-01 (6301) 4
* 38155: obj =   1.082188217e+12 inf =   9.757e-02 (6220) 4
* 38556: obj =   1.080508405e+12 inf =   9.538e-02 (6231) 4
* 38930: obj =   1.080508355e+12 inf =   9.552e-02 (6220) 4
* 39334: obj =   1.080508250e+12 inf =   9.450e-02 (6198) 4
* 39740: obj =   1.078405772e+12 inf =   9.312e-02 (6161) 4
* 40145: obj =   1.078405724e+12 inf =   9.089e-02 (6154) 4
* 40556: obj =   1.074184003e+12 inf =   8.691e-02 (6126) 4
* 40969: obj =   1.073498554e+12 inf =   8.456e-02 (6192) 4
* 41381: obj =   1.073498459e+12 inf =   8.058e-02 (6126) 4
* 41782: obj =   1.073498367e+12 inf =   7.546e-02 (6096) 4
* 42188: obj =   1.073355540e+12 inf =   7.321e-02 (6075) 4
* 42592: obj =   1.072695604e+12 inf =   7.274e-02 (6048) 4
* 42994: obj =   1.072695560e+12 inf =   6.943e-02 (5996) 4
* 43399: obj =   1.072423977e+12 inf =   6.489e-02 (6014) 4
* 43808: obj =   1.064180832e+12 inf =   6.228e-02 (5950) 4
* 44215: obj =   1.064180763e+12 inf =   6.481e-02 (5928) 4
* 44645: obj =   1.063345506e+12 inf =   6.357e-02 (6028) 4
* 45045: obj =   1.063004366e+12 inf =   6.280e-02 (6040) 4
* 45447: obj =   1.063004308e+12 inf =   6.055e-02 (6023) 4
* 45852: obj =   1.056496262e+12 inf =   6.006e-02 (6023) 4
* 46257: obj =   1.054363531e+12 inf =   5.862e-02 (6031) 4
* 46666: obj =   1.054363437e+12 inf =   5.834e-02 (6012) 4
* 47073: obj =   1.054302497e+12 inf =   5.715e-02 (6049) 4
* 47478: obj =   1.048577662e+12 inf =   5.766e-02 (5973) 4
* 47892: obj =   1.046803761e+12 inf =   5.646e-02 (5980) 4
* 48298: obj =   1.044753850e+12 inf =   5.749e-02 (5994) 4
* 48703: obj =   1.044694273e+12 inf =   5.765e-02 (5957) 4
* 49119: obj =   1.042955038e+12 inf =   5.758e-02 (5978) 4
* 49524: obj =   1.042954984e+12 inf =   5.587e-02 (5896) 4
* 49936: obj =   1.039813158e+12 inf =   5.518e-02 (5930) 4
* 50345: obj =   1.039682715e+12 inf =   5.302e-02 (5920) 4
* 50751: obj =   1.039503883e+12 inf =   5.344e-02 (5917) 4
* 51158: obj =   1.039503837e+12 inf =   5.180e-02 (5869) 4
* 51565: obj =   1.039446880e+12 inf =   5.115e-02 (5932) 4
* 51971: obj =   1.039351542e+12 inf =   4.971e-02 (5854) 4
* 52376: obj =   1.039314863e+12 inf =   4.803e-02 (5843) 4
* 52780: obj =   1.039266848e+12 inf =   4.911e-02 (5802) 4
* 53187: obj =   1.038178369e+12 inf =   5.143e-02 (5801) 4
* 53599: obj =   1.006465346e+12 inf =   5.328e-02 (5752) 4
* 54017: obj =   9.499078457e+11 inf =   5.305e-02 (5688) 4
* 54421: obj =   9.463385159e+11 inf =   5.201e-02 (5655) 4
* 55025: obj =   9.306972111e+11 inf =   5.132e-02 (17211) 5
* 55682: obj =   9.306801796e+11 inf =   4.261e-02 (17045) 6
* 56116: obj =   9.306774398e+11 inf =   4.140e-02 (6087) 4
* 56486: obj =   9.306773318e+11 inf =   4.564e-02 (6052) 4
* 56853: obj =   9.306772288e+11 inf =   5.080e-02 (6043) 4
* 57245: obj =   9.306771337e+11 inf =   5.222e-02 (6049) 4
* 57654: obj =   9.306770670e+11 inf =   5.097e-02 (5979) 4
* 58066: obj =   9.306770144e+11 inf =   5.022e-02 (5921) 4
* 58540: obj =   9.306769380e+11 inf =   5.083e-02 (6187) 4
* 59257: obj =   9.297201037e+11 inf =   4.884e-02 (5893) 7
* 59662: obj =   9.297200353e+11 inf =   4.893e-02 (5813) 4
* 60068: obj =   9.297199840e+11 inf =   4.829e-02 (5810) 4
* 60472: obj =   9.297199057e+11 inf =   4.692e-02 (5720) 4
* 60967: obj =   9.221006313e+11 inf =   4.642e-02 (17129) 4
* 61492: obj =   9.220860555e+11 inf =   4.272e-02 (5933) 6
* 61896: obj =   9.220859543e+11 inf =   4.837e-02 (5893) 4
* 62304: obj =   9.220859065e+11 inf =   4.954e-02 (5833) 4
* 62712: obj =   9.220857853e+11 inf =   5.093e-02 (5819) 4
* 63306: obj =   9.210855872e+11 inf =   4.884e-02 (5817) 5
* 63669: obj =   9.210854192e+11 inf =   5.073e-02 (5771) 4
* 64078: obj =   9.005981584e+11 inf =   5.078e-02 (5697) 4
* 64483: obj =   9.005981118e+11 inf =   4.996e-02 (5651) 4
* 65154: obj =   8.930169000e+11 inf =   4.881e-02 (16427) 6
* 65723: obj =   8.930081852e+11 inf =   4.332e-02 (5936) 6
* 66113: obj =   8.930080451e+11 inf =   4.404e-02 (5910) 4
* 66602: obj =   8.930079448e+11 inf =   4.690e-02 (5825) 4
* 67068: obj =   8.930078925e+11 inf =   4.442e-02 (5784) 5
* 67550: obj =   8.930078034e+11 inf =   4.684e-02 (6065) 4
* 68284: obj =   8.930072736e+11 inf =   4.653e-02 (6028) 7
* 68615: obj =   8.920347767e+11 inf =   4.740e-02 (5771) 4
* 69019: obj =   8.920347354e+11 inf =   4.751e-02 (5673) 4
* 69423: obj =   8.920346428e+11 inf =   4.974e-02 (5605) 4
* 69827: obj =   8.920345498e+11 inf =   5.439e-02 (5583) 4
* 70233: obj =   8.920345089e+11 inf =   5.545e-02 (5571) 4
* 70639: obj =   8.920344769e+11 inf =   5.451e-02 (5503) 4
* 71045: obj =   8.920344365e+11 inf =   5.636e-02 (5473) 4
* 71452: obj =   8.920343741e+11 inf =   5.797e-02 (5413) 4
* 72128: obj =   8.845238024e+11 inf =   5.659e-02 (16322) 6
* 72784: obj =   8.845093130e+11 inf =   4.684e-02 (16150) 6
* 73234: obj =   8.845068719e+11 inf =   4.534e-02 (5889) 5
* 73641: obj =   8.845068083e+11 inf =   4.510e-02 (5872) 4
* 74029: obj =   8.845067349e+11 inf =   4.374e-02 (5802) 4
* 74435: obj =   8.845066221e+11 inf =   4.535e-02 (5761) 4
* 74845: obj =   8.845065493e+11 inf =   4.820e-02 (5716) 4
* 75260: obj =   8.845064612e+11 inf =   4.809e-02 (5647) 4
* 75665: obj =   8.845064160e+11 inf =   4.934e-02 (5607) 4
* 76075: obj =   8.816854753e+11 inf =   4.859e-02 (5571) 4
* 76481: obj =   8.816854329e+11 inf =   4.866e-02 (5572) 4
* 77154: obj =   8.816802481e+11 inf =   4.562e-02 (15924) 5
* 77754: obj =   8.816717342e+11 inf =   6.550e-02 (15650) 6
* 78448: obj =   8.816697355e+11 inf =   8.664e-02 (15358) 6
* 79363: obj =   8.806959004e+11 inf =   9.035e-02 (6689) 9
* 80133: obj =   8.806950677e+11 inf =   7.366e-02 (6430) 8
* 80739: obj =   8.806944663e+11 inf =   6.711e-02 (6286) 5
* 81396: obj =   8.806940502e+11 inf =   6.055e-02 (6150) 6
* 82039: obj =   8.806934601e+11 inf =   6.144e-02 (5969) 6
* 82802: obj =   8.806932675e+11 inf =   5.977e-02 (5818) 8
* 83457: obj =   8.806929409e+11 inf =   6.615e-02 (5707) 6
* 84194: obj =   8.806928604e+11 inf =   6.510e-02 (5596) 7
* 84872: obj =   8.806927196e+11 inf =   6.599e-02 (5500) 6
* 85548: obj =   8.806926407e+11 inf =   6.553e-02 (5497) 6
* 86232: obj =   8.806924925e+11 inf =   6.631e-02 (5435) 6
* 86922: obj =   8.806923950e+11 inf =   6.987e-02 (5407) 6
* 87666: obj =   8.698125584e+11 inf =   7.056e-02 (5246) 7
* 88423: obj =   8.688286071e+11 inf =   6.218e-02 (15739) 6
* 88843: obj =   8.688252290e+11 inf =   5.586e-02 (5754) 5
* 89234: obj =   8.688251081e+11 inf =   5.433e-02 (5705) 4
* 89625: obj =   8.688249090e+11 inf =   5.994e-02 (5680) 3
* 90184: obj =   8.688248462e+11 inf =   6.007e-02 (5904) 5
* 90623: obj =   8.678974999e+11 inf =   5.744e-02 (5507) 5
* 91024: obj =   8.678974397e+11 inf =   5.568e-02 (5471) 4
* 91428: obj =   8.678973788e+11 inf =   5.757e-02 (5421) 4
* 91833: obj =   8.678903161e+11 inf =   5.619e-02 (5383) 4
* 92433: obj =   8.631201027e+11 inf =   5.430e-02 (5599) 5
* 92772: obj =   8.631200378e+11 inf =   5.396e-02 (5539) 4
* 93161: obj =   8.631199532e+11 inf =   5.590e-02 (5524) 4
* 93558: obj =   8.631198626e+11 inf =   5.868e-02 (5469) 3
* 94029: obj =   8.631197871e+11 inf =   5.750e-02 (5738) 5
* 94522: obj =   8.622282563e+11 inf =   5.888e-02 (5295) 4
* 94853: obj =   8.622282084e+11 inf =   5.982e-02 (5253) 4
* 95445: obj =   8.476209431e+11 inf =   5.695e-02 (5432) 5
* 95784: obj =   8.476208637e+11 inf =   5.787e-02 (5369) 4
* 96158: obj =   8.476207795e+11 inf =   5.753e-02 (5351) 4
* 96570: obj =   8.476207300e+11 inf =   5.687e-02 (5268) 4
* 97298: obj =   8.469541795e+11 inf =   5.457e-02 (5310) 6
* 97640: obj =   8.469541084e+11 inf =   5.675e-02 (5278) 4
* 98052: obj =   8.375184669e+11 inf =   5.651e-02 (15507) 4
* 98478: obj =   8.375153378e+11 inf =   5.453e-02 (5346) 4
* 98860: obj =   8.375152905e+11 inf =   5.428e-02 (5315) 4
* 99264: obj =   8.375152461e+11 inf =   5.546e-02 (5272) 3
* 99761: obj =   8.234513812e+11 inf =   5.545e-02 (15255) 5
*100462: obj =   8.234437401e+11 inf =   4.702e-02 (14893) 7
*101129: obj =   8.234380112e+11 inf =   5.928e-02 (14596) 6
*101936: obj =   8.234372853e+11 inf =   6.650e-02 (14252) 8
*102849: obj =   8.224697287e+11 inf =   6.522e-02 (6172) 9
*103493: obj =   8.224687159e+11 inf =   5.904e-02 (6016) 6
*104149: obj =   8.224680860e+11 inf =   5.550e-02 (5887) 6
*104730: obj =   8.220758686e+11 inf =   5.187e-02 (5631) 5
*105093: obj =   8.220757497e+11 inf =   5.202e-02 (5563) 4
*105457: obj =   8.220755118e+11 inf =   5.542e-02 (5535) 4
*105853: obj =   8.220754256e+11 inf =   5.779e-02 (5375) 3
*106189: obj =   8.220753634e+11 inf =   5.626e-02 (5342) 4
*106569: obj =   8.220752936e+11 inf =   5.583e-02 (5254) 4
*106973: obj =   8.220752192e+11 inf =   5.548e-02 (5140) 4
*107377: obj =   8.220751727e+11 inf =   5.513e-02 (5082) 4
*107781: obj =   8.220751368e+11 inf =   5.555e-02 (4988) 4
*108182: obj =   8.145548622e+11 inf =   5.484e-02 (4992) 3
*108800: obj =   8.136245607e+11 inf =   5.405e-02 (14863) 6
*109428: obj =   8.136106797e+11 inf =   5.047e-02 (4941) 7
*109815: obj =   8.136106306e+11 inf =   5.041e-02 (4877) 4
*110202: obj =   8.136105524e+11 inf =   5.361e-02 (4812) 3
*110562: obj =   8.136105299e+11 inf =   5.280e-02 (14779) 4
*111336: obj =   8.122042062e+11 inf =   4.751e-02 (14384) 7
*112014: obj =   8.121964774e+11 inf =   4.956e-02 (14034) 7
*112950: obj =   8.113665021e+11 inf =   5.261e-02 (5602) 9
*113695: obj =   8.113658901e+11 inf =   5.194e-02 (5357) 7
*114332: obj =   8.113655350e+11 inf =   6.098e-02 (5236) 6
*115089: obj =   8.113653185e+11 inf =   6.370e-02 (5042) 7
*115850: obj =   8.113651729e+11 inf =   5.908e-02 (4841) 7
*116662: obj =   8.063021617e+11 inf =   5.350e-02 (14106) 7
*117420: obj =   8.062986364e+11 inf =   5.421e-02 (13715) 8
*118278: obj =   8.062971710e+11 inf =   5.235e-02 (13319) 8
*119119: obj =   8.052984436e+11 inf =   5.199e-02 (5502) 8
*119737: obj =   8.052979418e+11 inf =   5.060e-02 (5288) 6
*120335: obj =   8.048215600e+11 inf =   4.856e-02 (5045) 6
*120722: obj =   8.048212374e+11 inf =   5.456e-02 (4920) 3
*121054: obj =   8.048210677e+11 inf =   5.963e-02 (4819) 4
*121446: obj =   8.048207786e+11 inf =   6.732e-02 (4740) 4
*121850: obj =   8.048206359e+11 inf =   6.932e-02 (4682) 4
*122248: obj =   8.048204958e+11 inf =   7.199e-02 (4635) 3
*122571: obj =   8.048203041e+11 inf =   7.954e-02 (4602) 4
*122964: obj =   8.048201456e+11 inf =   8.717e-02 (4531) 4
*123368: obj =   8.048200036e+11 inf =   9.170e-02 (4486) 4
*123770: obj =   8.048199301e+11 inf =   9.199e-02 (4410) 3
*124103: obj =   8.048198555e+11 inf =   9.258e-02 (4396) 4
*124479: obj =   8.048197845e+11 inf =   9.173e-02 (4385) 4
*124883: obj =   8.048197202e+11 inf =   9.085e-02 (4305) 4
*125287: obj =   8.048196563e+11 inf =   8.726e-02 (4223) 4
*125692: obj =   8.048196190e+11 inf =   8.637e-02 (4152) 4
*126305: obj =   7.992233139e+11 inf =   7.689e-02 (13999) 6
*126944: obj =   7.992119796e+11 inf =   6.174e-02 (4650) 6
*127313: obj =   7.992118903e+11 inf =   6.099e-02 (4614) 4
*127725: obj =   7.992118645e+11 inf =   6.087e-02 (4488) 3
*128157: obj =   7.992104082e+11 inf =   5.784e-02 (13805) 5
*128797: obj =   7.992023806e+11 inf =   5.505e-02 (13468) 6
*129642: obj =   7.992004687e+11 inf =   5.267e-02 (13125) 8
*130580: obj =   7.991996247e+11 inf =   4.931e-02 (12786) 10
*131378: obj =   7.983445387e+11 inf =   5.398e-02 (5797) 7
*132001: obj =   7.983436553e+11 inf =   6.564e-02 (5556) 6
*132674: obj =   7.983431001e+11 inf =   7.425e-02 (5360) 6
*133296: obj =   7.983424700e+11 inf =   8.317e-02 (5132) 6
*133968: obj =   7.983420314e+11 inf =   9.273e-02 (4966) 7
*134668: obj =   7.983416985e+11 inf =   9.777e-02 (4841) 6
*135320: obj =   7.983415176e+11 inf =   9.762e-02 (4717) 6
*136157: obj =   7.983413692e+11 inf =   9.161e-02 (4627) 8
*136897: obj =   7.983412240e+11 inf =   8.318e-02 (4467) 6
*137623: obj =   7.983411104e+11 inf =   8.194e-02 (4336) 7
*138344: obj =   7.948722345e+11 inf =   7.550e-02 (4457) 7
*138745: obj =   7.948721689e+11 inf =   7.300e-02 (4408) 3
*139161: obj =   7.948703757e+11 inf =   6.882e-02 (13342) 5
*139818: obj =   7.948646849e+11 inf =   6.210e-02 (13022) 6
*140648: obj =   7.948635392e+11 inf =   5.867e-02 (12677) 8
*141497: obj =   7.940530749e+11 inf =   5.331e-02 (5687) 8
*142236: obj =   7.940522889e+11 inf =   5.891e-02 (5393) 7
*142829: obj =   7.940519014e+11 inf =   6.271e-02 (5150) 6
*143502: obj =   7.940513204e+11 inf =   7.358e-02 (4932) 6
*144156: obj =   7.940508494e+11 inf =   8.784e-02 (4833) 7
*144913: obj =   7.940506329e+11 inf =   9.187e-02 (4633) 7
*145595: obj =   7.940504494e+11 inf =   9.685e-02 (4575) 6
*146277: obj =   7.940503718e+11 inf =   8.804e-02 (4377) 6
*147158: obj =   7.874862517e+11 inf =   8.391e-02 (13019) 5
*147570: obj =   7.874854849e+11 inf =   8.036e-02 (4200) 4
*147919: obj =   7.874854037e+11 inf =   7.838e-02 (4130) 4
*148326: obj =   7.874853533e+11 inf =   7.862e-02 (4018) 4
*148732: obj =   7.874853067e+11 inf =   7.605e-02 (3934) 4
*149262: obj =   7.831983879e+11 inf =   7.497e-02 (3825) 5
*150074: obj =   7.831965574e+11 inf =   7.225e-02 (12816) 5
*150681: obj =   7.831923005e+11 inf =   5.701e-02 (12552) 6
*151417: obj =   7.831907319e+11 inf =   5.215e-02 (12155) 7
*152287: obj =   7.831902172e+11 inf =   4.922e-02 (11859) 9
*153142: obj =   7.822649502e+11 inf =   4.767e-02 (5262) 8
*153767: obj =   7.822640331e+11 inf =   4.585e-02 (5089) 6
*154401: obj =   7.817877977e+11 inf =   4.324e-02 (4553) 5
*154720: obj =   7.817875555e+11 inf =   5.148e-02 (4447) 4
*155124: obj =   7.817874419e+11 inf =   5.316e-02 (4350) 4
*155517: obj =   7.817871488e+11 inf =   5.980e-02 (4233) 3
*155886: obj =   7.817870494e+11 inf =   6.230e-02 (4094) 4
*156236: obj =   7.817869842e+11 inf =   6.380e-02 (4095) 4
*156640: obj =   7.817868961e+11 inf =   6.508e-02 (3950) 4
*157046: obj =   7.817868313e+11 inf =   6.385e-02 (3883) 4
*157450: obj =   7.817867570e+11 inf =   6.426e-02 (3846) 4
*157921: obj =   7.803892267e+11 inf =   6.322e-02 (12694) 4
*158358: obj =   7.803833823e+11 inf =   5.895e-02 (3620) 4
*158736: obj =   7.803833696e+11 inf =   5.766e-02 (3562) 4
*159140: obj =   7.795412622e+11 inf =   5.554e-02 (3429) 4
*159547: obj =   7.795176009e+11 inf =   5.455e-02 (3374) 4
*159955: obj =   7.794342497e+11 inf =   5.270e-02 (3365) 4
*160363: obj =   7.794154020e+11 inf =   5.075e-02 (3277) 4
*160777: obj =   7.793113079e+11 inf =   4.821e-02 (3256) 4
*161184: obj =   7.791975896e+11 inf =   4.674e-02 (3338) 4
*161590: obj =   7.791804356e+11 inf =   4.546e-02 (3194) 4
*161998: obj =   7.779042623e+11 inf =   4.473e-02 (3368) 4
*162403: obj =   7.778007251e+11 inf =   4.488e-02 (3307) 4
*162814: obj =   7.772394365e+11 inf =   4.446e-02 (3350) 4
*163211: obj =   7.771527857e+11 inf =   4.468e-02 (3330) 3
*163562: obj =   7.770640588e+11 inf =   4.422e-02 (3161) 4
*163932: obj =   7.764946606e+11 inf =   4.285e-02 (3183) 4
*164338: obj =   7.761569637e+11 inf =   4.170e-02 (3075) 4
*164746: obj =   7.754474584e+11 inf =   4.203e-02 (3375) 4
*165157: obj =   7.724150124e+11 inf =   4.245e-02 (6509) 4
*165562: obj =   7.707585523e+11 inf =   4.274e-02 (8500) 4
*165966: obj =   7.699476778e+11 inf =   4.277e-02 (13088) 4
*166377: obj =   7.688701390e+11 inf =   4.341e-02 (17143) 4
*166785: obj =   7.677117660e+11 inf =   4.294e-02 (16907) 4
*167191: obj =   7.673114953e+11 inf =   4.318e-02 (16746) 4
*167598: obj =   7.664167492e+11 inf =   4.285e-02 (16649) 4
*168007: obj =   7.644516769e+11 inf =   4.394e-02 (16620) 4
*168413: obj =   7.644515785e+11 inf =   4.432e-02 (16371) 4
*168819: obj =   7.632444099e+11 inf =   4.591e-02 (16367) 4
*169224: obj =   7.632443203e+11 inf =   4.958e-02 (16262) 4
*169629: obj =   7.631808340e+11 inf =   5.017e-02 (16072) 4
*170033: obj =   7.631807057e+11 inf =   5.024e-02 (15857) 4
*170437: obj =   7.631806584e+11 inf =   4.946e-02 (15719) 4
*170861: obj =   7.631805402e+11 inf =   4.740e-02 (15493) 4
*171259: obj =   7.631804586e+11 inf =   4.490e-02 (15251) 4
*171658: obj =   7.621818678e+11 inf =   4.409e-02 (15049) 4
*172087: obj =   7.621817451e+11 inf =   4.385e-02 (14890) 4
*172514: obj =   7.621816422e+11 inf =   4.452e-02 (14635) 4
*172963: obj =   7.615779583e+11 inf =   4.530e-02 (14416) 4
*173388: obj =   7.604070900e+11 inf =   4.519e-02 (14212) 5
*173842: obj =   7.603798137e+11 inf =   4.583e-02 (13943) 4
*174302: obj =   7.597547457e+11 inf =   4.670e-02 (13720) 4
*174715: obj =   7.591926251e+11 inf =   4.647e-02 (13543) 5
*175170: obj =   7.591629435e+11 inf =   4.553e-02 (13316) 4
*175622: obj =   7.591332392e+11 inf =   4.466e-02 (13145) 5
*176112: obj =   7.585161724e+11 inf =   4.483e-02 (12874) 4
*176560: obj =   7.585160567e+11 inf =   4.470e-02 (12696) 5
*177042: obj =   7.583921493e+11 inf =   4.307e-02 (12480) 5
*177550: obj =   7.583608050e+11 inf =   4.285e-02 (12175) 5
*178042: obj =   7.569917066e+11 inf =   4.328e-02 (11990) 4
*178488: obj =   7.565032194e+11 inf =   4.339e-02 (11771) 5
*178971: obj =   7.563066770e+11 inf =   4.302e-02 (11594) 5
*179478: obj =   7.562269769e+11 inf =   4.383e-02 (11315) 5
*179999: obj =   7.560660050e+11 inf =   4.325e-02 (11082) 5
*180495: obj =   7.560658840e+11 inf =   4.223e-02 (10827) 5
*181039: obj =   7.551214839e+11 inf =   4.249e-02 (10600) 5
*181532: obj =   7.544560328e+11 inf =   4.316e-02 (10452) 5
*182013: obj =   7.518076583e+11 inf =   4.519e-02 (10433) 5
*182529: obj =   7.496455521e+11 inf =   4.715e-02 (10262) 5
*183043: obj =   7.457013308e+11 inf =   4.894e-02 (10221) 5
*183527: obj =   7.453450746e+11 inf =   5.484e-02 (10125) 4
*184002: obj =   7.447282852e+11 inf =   5.491e-02 (10002) 5
*184498: obj =   7.438126208e+11 inf =   5.574e-02 (9940) 5
*185002: obj =   7.406813992e+11 inf =   5.615e-02 (9874) 5
*185486: obj =   7.395047688e+11 inf =   5.797e-02 (9927) 5
*185995: obj =   7.370446217e+11 inf =   5.937e-02 (10420) 5
*186487: obj =   7.370445291e+11 inf =   6.059e-02 (10252) 5
*186979: obj =   7.359897105e+11 inf =   6.195e-02 (10410) 5
*187488: obj =   7.359896048e+11 inf =   6.357e-02 (10289) 4
*187995: obj =   7.339142934e+11 inf =   6.253e-02 (10426) 6
*188505: obj =   7.336681434e+11 inf =   6.208e-02 (10259) 5
*189014: obj =   7.275094259e+11 inf =   6.243e-02 (10271) 5
*189519: obj =   7.268521332e+11 inf =   6.515e-02 (10184) 5
*190004: obj =   7.240099404e+11 inf =   6.803e-02 (10153) 4
*190463: obj =   7.240098138e+11 inf =   7.052e-02 (10114) 5
*190963: obj =   7.240097366e+11 inf =   6.912e-02 (10016) 5
*191462: obj =   7.240096110e+11 inf =   6.748e-02 (9948) 5
*191974: obj =   7.207725442e+11 inf =   6.738e-02 (9956) 5
*192463: obj =   7.175468305e+11 inf =   7.077e-02 (9968) 5
*192963: obj =   7.170514632e+11 inf =   7.504e-02 (9848) 5
*193471: obj =   7.170513017e+11 inf =   7.817e-02 (9746) 5
*193965: obj =   7.170511528e+11 inf =   7.706e-02 (9728) 4
*194446: obj =   7.170510208e+11 inf =   7.558e-02 (9672) 5
*194976: obj =   7.138738636e+11 inf =   7.484e-02 (9704) 5
*195452: obj =   7.138737520e+11 inf =   7.546e-02 (9724) 5
*195906: obj =   7.138734929e+11 inf =   7.169e-02 (9673) 5
*196411: obj =   7.083309992e+11 inf =   7.539e-02 (9682) 5
*196916: obj =   7.083308888e+11 inf =   7.765e-02 (9620) 5
*197422: obj =   7.083307306e+11 inf =   8.036e-02 (9624) 5
*197927: obj =   7.083305609e+11 inf =   7.821e-02 (9592) 5
*198431: obj =   7.083302994e+11 inf =   8.044e-02 (9498) 4
*198926: obj =   7.083301452e+11 inf =   7.827e-02 (9498) 5
*199393: obj =   7.083298875e+11 inf =   8.078e-02 (9439) 5
*199890: obj =   7.073279909e+11 inf =   8.414e-02 (9421) 5
*200386: obj =   7.033101963e+11 inf =   8.609e-02 (9421) 5
*200921: obj =   7.033101124e+11 inf =   8.516e-02 (9350) 5
*201428: obj =   7.033098888e+11 inf =   8.433e-02 (9368) 5
*201911: obj =   7.033097429e+11 inf =   8.480e-02 (9326) 5
*202417: obj =   7.001096545e+11 inf =   8.872e-02 (9509) 5
*202908: obj =   7.001094723e+11 inf =   8.960e-02 (9459) 5
*203437: obj =   7.001093019e+11 inf =   8.901e-02 (9368) 5
*203923: obj =   7.001090811e+11 inf =   8.551e-02 (9340) 5
*204406: obj =   7.001088931e+11 inf =   8.653e-02 (9263) 5
*204910: obj =   7.001087846e+11 inf =   8.676e-02 (9234) 5
*205423: obj =   7.001086029e+11 inf =   8.685e-02 (9229) 5
*205921: obj =   7.001084059e+11 inf =   8.360e-02 (9220) 5
*206443: obj =   7.001082661e+11 inf =   8.138e-02 (9221) 5
*206950: obj =   6.946966959e+11 inf =   8.126e-02 (9321) 5
*207443: obj =   6.937488570e+11 inf =   8.046e-02 (9363) 5
*207932: obj =   6.937485528e+11 inf =   8.259e-02 (9341) 4
*208411: obj =   6.937483638e+11 inf =   8.480e-02 (9336) 5
*208870: obj =   6.937480937e+11 inf =   8.426e-02 (9281) 5
*209365: obj =   6.917800281e+11 inf =   8.460e-02 (9344) 5
*209856: obj =   6.917797562e+11 inf =   8.689e-02 (9267) 4
*210364: obj =   6.917793711e+11 inf =   8.504e-02 (9278) 5
*210876: obj =   6.917792576e+11 inf =   8.321e-02 (9263) 6
*211375: obj =   6.917788648e+11 inf =   8.357e-02 (9210) 4
*211872: obj =   6.917785636e+11 inf =   8.627e-02 (9166) 5
*212364: obj =   6.917783183e+11 inf =   8.263e-02 (9113) 5
*212846: obj =   6.917780359e+11 inf =   8.109e-02 (9087) 5
*213356: obj =   6.897065169e+11 inf =   8.061e-02 (9091) 5
*213834: obj =   6.897062789e+11 inf =   8.339e-02 (9071) 5
*214320: obj =   6.863860510e+11 inf =   8.524e-02 (9092) 5
*214824: obj =   6.863858748e+11 inf =   8.585e-02 (9046) 5
*215321: obj =   6.863855983e+11 inf =   8.797e-02 (9051) 4
*215795: obj =   6.863851934e+11 inf =   8.870e-02 (8980) 5
*216281: obj =   6.863849444e+11 inf =   9.158e-02 (8947) 5
*216803: obj =   6.863842892e+11 inf =   9.364e-02 (8974) 5
*217318: obj =   6.808169357e+11 inf =   9.335e-02 (8974) 5
*217823: obj =   6.808167567e+11 inf =   9.307e-02 (8939) 5
*218342: obj =   6.658319597e+11 inf =   9.550e-02 (8993) 5
*218858: obj =   6.658315516e+11 inf =   1.017e-01 (8935) 5
*219355: obj =   6.658311505e+11 inf =   1.047e-01 (8858) 5
*219857: obj =   6.658309390e+11 inf =   1.043e-01 (8830) 5
*220336: obj =   6.658306420e+11 inf =   1.055e-01 (8858) 5
*220848: obj =   6.658304469e+11 inf =   1.049e-01 (8845) 5
*221350: obj =   6.658300315e+11 inf =   1.042e-01 (8842) 5
*221872: obj =   6.658297280e+11 inf =   1.009e-01 (8789) 5
*222373: obj =   6.658293960e+11 inf =   9.756e-02 (8793) 5
*222902: obj =   6.658291916e+11 inf =   9.503e-02 (8782) 5
*223426: obj =   6.658288628e+11 inf =   9.067e-02 (8727) 6
*223933: obj =   6.658283659e+11 inf =   8.749e-02 (8719) 5
*224433: obj =   6.658278195e+11 inf =   8.814e-02 (8748) 4
*224896: obj =   6.658273898e+11 inf =   9.239e-02 (8708) 5
*225359: obj =   6.658271321e+11 inf =   9.715e-02 (8724) 5
*225881: obj =   6.658268875e+11 inf =   9.992e-02 (8652) 5
*226364: obj =   6.658261926e+11 inf =   1.006e-01 (8651) 5
*226862: obj =   6.658258802e+11 inf =   1.022e-01 (8628) 5
*227348: obj =   6.658255197e+11 inf =   1.047e-01 (8614) 4
*227823: obj =   6.658252549e+11 inf =   1.080e-01 (8589) 5
*228328: obj =   6.658249252e+11 inf =   1.093e-01 (8623) 5
*228850: obj =   6.658246537e+11 inf =   1.079e-01 (8579) 5
*229380: obj =   6.658244073e+11 inf =   1.076e-01 (8532) 5
*229896: obj =   6.658241470e+11 inf =   1.062e-01 (8524) 6
*230404: obj =   6.658238876e+11 inf =   1.045e-01 (8496) 5
*230919: obj =   6.658237715e+11 inf =   1.038e-01 (8433) 5
*231449: obj =   6.658234973e+11 inf =   1.019e-01 (8389) 5
*231952: obj =   6.658233245e+11 inf =   1.020e-01 (8361) 5
*232468: obj =   6.587298542e+11 inf =   1.033e-01 (8421) 5
*232964: obj =   6.587296391e+11 inf =   1.050e-01 (8371) 5
*233460: obj =   6.587292746e+11 inf =   1.089e-01 (8360) 5
*233944: obj =   6.587287388e+11 inf =   1.129e-01 (8368) 5
*234442: obj =   6.587282295e+11 inf =   1.196e-01 (8387) 4
*234915: obj =   6.587279640e+11 inf =   1.204e-01 (8396) 5
*235417: obj =   6.587276129e+11 inf =   1.173e-01 (8311) 5
*235968: obj =   6.587273872e+11 inf =   1.154e-01 (8289) 6
*236534: obj =   6.587269371e+11 inf =   1.105e-01 (8259) 5
*237095: obj =   6.587267083e+11 inf =   1.074e-01 (8278) 6
*237627: obj =   6.587263452e+11 inf =   1.044e-01 (8247) 5
*238151: obj =   6.587258369e+11 inf =   1.015e-01 (8195) 5
*238662: obj =   6.587254104e+11 inf =   9.984e-02 (8194) 5
*239160: obj =   6.587250753e+11 inf =   9.956e-02 (8139) 5
*239649: obj =   6.587245320e+11 inf =   1.024e-01 (8086) 5
*240156: obj =   6.505999008e+11 inf =   1.043e-01 (8325) 5
*240625: obj =   6.505996664e+11 inf =   1.064e-01 (8302) 5
*241141: obj =   6.505994696e+11 inf =   1.092e-01 (8281) 5
*241649: obj =   6.505990552e+11 inf =   1.130e-01 (8237) 5
*242201: obj =   6.460764762e+11 inf =   1.125e-01 (8300) 5
*242715: obj =   6.460761369e+11 inf =   1.120e-01 (8269) 5
*243249: obj =   6.460758034e+11 inf =   1.115e-01 (8266) 5
*243762: obj =   6.460753546e+11 inf =   1.123e-01 (8250) 6
*244299: obj =   6.460750275e+11 inf =   1.106e-01 (8227) 5
*244827: obj =   6.460744386e+11 inf =   1.088e-01 (8206) 5
*245347: obj =   6.460740585e+11 inf =   1.084e-01 (8234) 5
*245886: obj =   6.460735737e+11 inf =   1.069e-01 (8203) 5
*246407: obj =   6.460733204e+11 inf =   1.055e-01 (8174) 6
*246955: obj =   6.460730595e+11 inf =   1.034e-01 (8093) 5
*247477: obj =   6.460727512e+11 inf =   1.029e-01 (8101) 5
*248011: obj =   6.460724195e+11 inf =   1.022e-01 (8064) 6
*248538: obj =   6.460720161e+11 inf =   1.013e-01 (8063) 5
*249077: obj =   6.460718140e+11 inf =   1.010e-01 (8021) 5
*249595: obj =   6.460712724e+11 inf =   9.779e-02 (7954) 5
*250095: obj =   6.460706988e+11 inf =   1.019e-01 (7973) 5
*250589: obj =   6.460702848e+11 inf =   1.029e-01 (7941) 5
*251113: obj =   6.460700950e+11 inf =   1.047e-01 (7975) 5
*251618: obj =   6.460696862e+11 inf =   1.054e-01 (7949) 5
*252178: obj =   6.411932886e+11 inf =   1.053e-01 (7983) 6
*252666: obj =   6.411928303e+11 inf =   1.079e-01 (7948) 5
*253175: obj =   6.411926068e+11 inf =   1.098e-01 (7915) 5
*253680: obj =   6.411922133e+11 inf =   1.105e-01 (7859) 5
*254219: obj =   6.411919615e+11 inf =   1.095e-01 (7875) 5
*254766: obj =   6.411917355e+11 inf =   1.066e-01 (7814) 5
*255295: obj =   6.411913483e+11 inf =   1.016e-01 (7821) 6
*255809: obj =   6.411908002e+11 inf =   1.000e-01 (7793) 5
*256341: obj =   6.411905276e+11 inf =   9.754e-02 (7817) 5
*256830: obj =   6.411899882e+11 inf =   9.692e-02 (7788) 5
*257326: obj =   6.411893846e+11 inf =   1.033e-01 (7785) 5
*257824: obj =   6.411889804e+11 inf =   1.037e-01 (7760) 5
*258341: obj =   6.411886492e+11 inf =   1.050e-01 (7740) 5
*258840: obj =   6.411882143e+11 inf =   1.080e-01 (7725) 5
*259368: obj =   6.411878027e+11 inf =   1.080e-01 (7673) 5
*259872: obj =   6.411874178e+11 inf =   1.083e-01 (7677) 5
*260383: obj =   6.411869760e+11 inf =   1.088e-01 (7692) 5
*260907: obj =   6.411866671e+11 inf =   1.110e-01 (7636) 5
*261426: obj =   6.411862874e+11 inf =   1.137e-01 (7659) 5
*261930: obj =   6.411858208e+11 inf =   1.139e-01 (7628) 5
*262462: obj =   6.411854244e+11 inf =   1.159e-01 (7611) 5
*262983: obj =   6.386007224e+11 inf =   1.151e-01 (7635) 6
*263488: obj =   6.386003132e+11 inf =   1.188e-01 (7622) 5
*264011: obj =   6.385999042e+11 inf =   1.207e-01 (7651) 5
*264511: obj =   6.385993060e+11 inf =   1.189e-01 (7625) 5
*265033: obj =   6.385991267e+11 inf =   1.177e-01 (7591) 5
*265537: obj =   6.385987029e+11 inf =   1.169e-01 (7576) 5
*266049: obj =   6.385982002e+11 inf =   1.146e-01 (7566) 5
*266580: obj =   6.385979580e+11 inf =   1.138e-01 (7573) 5
*267128: obj =   6.359080704e+11 inf =   1.135e-01 (7522) 6
*267633: obj =   6.359077911e+11 inf =   1.128e-01 (7503) 5
*268160: obj =   6.359072491e+11 inf =   1.119e-01 (7508) 5
*268686: obj =   6.359070112e+11 inf =   1.119e-01 (7505) 5
*269230: obj =   6.359066134e+11 inf =   1.100e-01 (7454) 5
*269746: obj =   6.359062767e+11 inf =   1.095e-01 (7396) 5
*270240: obj =   6.359059828e+11 inf =   1.086e-01 (7443) 5
*270746: obj =   6.359055983e+11 inf =   1.091e-01 (7432) 5
*271264: obj =   6.359049925e+11 inf =   1.100e-01 (7412) 5
*271755: obj =   6.359045215e+11 inf =   1.114e-01 (7399) 5
*272243: obj =   6.359040145e+11 inf =   1.150e-01 (7371) 5
*272747: obj =   6.359035842e+11 inf =   1.179e-01 (7386) 5
*273288: obj =   6.359030898e+11 inf =   1.171e-01 (7381) 5
*273802: obj =   6.359028205e+11 inf =   1.161e-01 (7350) 6
*274340: obj =   6.359026041e+11 inf =   1.129e-01 (7381) 5
*274874: obj =   6.359022618e+11 inf =   1.097e-01 (7354) 5
*275396: obj =   6.359018980e+11 inf =   1.089e-01 (7313) 5
*275925: obj =   6.359016157e+11 inf =   1.081e-01 (7294) 6
*276453: obj =   6.359013560e+11 inf =   1.063e-01 (7277) 5
*276989: obj =   6.359008774e+11 inf =   1.075e-01 (7209) 5
*277522: obj =   6.358997137e+11 inf =   1.073e-01 (7245) 5
*278051: obj =   6.358993079e+11 inf =   1.078e-01 (7179) 6
*278570: obj =   6.358987381e+11 inf =   1.077e-01 (7254) 5
*279081: obj =   6.358980262e+11 inf =   1.078e-01 (7199) 5
*279591: obj =   6.358975213e+11 inf =   1.104e-01 (7207) 5
*280114: obj =   6.358966680e+11 inf =   1.116e-01 (7117) 5
*280635: obj =   6.358962186e+11 inf =   1.122e-01 (7129) 5
*281157: obj =   6.358958324e+11 inf =   1.128e-01 (7105) 5
*281681: obj =   6.358955997e+11 inf =   1.134e-01 (7148) 5
*282193: obj =   6.271325255e+11 inf =   1.151e-01 (7205) 5
*282702: obj =   6.271321424e+11 inf =   1.166e-01 (7162) 5
*283215: obj =   6.271319295e+11 inf =   1.161e-01 (7167) 6
*283716: obj =   6.271311334e+11 inf =   1.203e-01 (7157) 5
*284256: obj =   6.271305887e+11 inf =   1.208e-01 (7111) 5
*284791: obj =   6.271302335e+11 inf =   1.205e-01 (7141) 5
*285335: obj =   6.271298366e+11 inf =   1.187e-01 (7071) 6
*285852: obj =   6.271293207e+11 inf =   1.177e-01 (7061) 5
*286342: obj =   6.271289496e+11 inf =   1.181e-01 (7034) 5
*286892: obj =   6.271286686e+11 inf =   1.179e-01 (7030) 5
*287450: obj =   6.271282718e+11 inf =   1.151e-01 (7005) 5
*287992: obj =   6.271280219e+11 inf =   1.129e-01 (6969) 6
*288530: obj =   6.271276761e+11 inf =   1.089e-01 (7005) 5
*289055: obj =   6.271270891e+11 inf =   1.051e-01 (6933) 5
*289558: obj =   6.271265626e+11 inf =   1.082e-01 (6984) 5
*290087: obj =   6.271262549e+11 inf =   1.079e-01 (6952) 6
*290595: obj =   6.271256103e+11 inf =   1.089e-01 (6964) 5
*291100: obj =   6.206202563e+11 inf =   1.118e-01 (6995) 5
*291604: obj =   6.206198745e+11 inf =   1.150e-01 (7001) 5
*292158: obj =   6.206197188e+11 inf =   1.152e-01 (7011) 5
*292676: obj =   6.206191963e+11 inf =   1.185e-01 (6935) 5
*293252: obj =   6.096710558e+11 inf =   1.182e-01 (7074) 6
*293744: obj =   6.096704666e+11 inf =   1.221e-01 (7086) 5
*294259: obj =   6.096702333e+11 inf =   1.230e-01 (7084) 5
*294778: obj =   6.096697671e+11 inf =   1.236e-01 (7005) 5
*295295: obj =   6.096691070e+11 inf =   1.224e-01 (7011) 5
*295807: obj =   6.096687337e+11 inf =   1.222e-01 (6974) 5
*296364: obj =   5.809452998e+11 inf =   1.213e-01 (7117) 6
*296953: obj =   5.809451793e+11 inf =   1.194e-01 (7059) 5
*297473: obj =   5.809445579e+11 inf =   1.182e-01 (7064) 6
*297989: obj =   5.809437872e+11 inf =   1.191e-01 (7006) 5
*298509: obj =   5.809429590e+11 inf =   1.196e-01 (7020) 5
*299026: obj =   5.809422208e+11 inf =   1.221e-01 (6945) 5
*299533: obj =   5.809414303e+11 inf =   1.238e-01 (6988) 5
*300079: obj =   5.809408721e+11 inf =   1.258e-01 (6907) 5
*300599: obj =   5.809399244e+11 inf =   1.223e-01 (6908) 6
*301115: obj =   5.809390427e+11 inf =   1.219e-01 (6858) 5
*301623: obj =   5.809379690e+11 inf =   1.267e-01 (6875) 5
*302184: obj =   5.809375473e+11 inf =   1.274e-01 (6820) 5
*302724: obj =   5.809370543e+11 inf =   1.254e-01 (6862) 6
*303286: obj =   5.809362607e+11 inf =   1.224e-01 (6835) 5
*303829: obj =   5.809358046e+11 inf =   1.214e-01 (6804) 5
*304378: obj =   5.809354854e+11 inf =   1.191e-01 (6814) 6
*304912: obj =   5.809344612e+11 inf =   1.165e-01 (6732) 5
*305462: obj =   5.809338561e+11 inf =   1.159e-01 (6727) 6
*305980: obj =   5.809330388e+11 inf =   1.174e-01 (6748) 5
*306502: obj =   5.809323428e+11 inf =   1.211e-01 (6716) 5
*307009: obj =   5.809314857e+11 inf =   1.208e-01 (6726) 5
*307543: obj =   5.809306859e+11 inf =   1.222e-01 (6765) 5
*308081: obj =   5.809301473e+11 inf =   1.230e-01 (6723) 6
*308627: obj =   5.809295240e+11 inf =   1.212e-01 (6727) 5
*309182: obj =   5.809291425e+11 inf =   1.194e-01 (6681) 5
*309700: obj =   5.809283638e+11 inf =   1.168e-01 (6651) 6
*310252: obj =   5.809277590e+11 inf =   1.153e-01 (6629) 5
*310756: obj =   5.809268811e+11 inf =   1.216e-01 (6617) 5
*311299: obj =   5.809263728e+11 inf =   1.232e-01 (6608) 5
*311801: obj =   5.809253643e+11 inf =   1.235e-01 (6602) 5
*312330: obj =   5.809246011e+11 inf =   1.251e-01 (6567) 6
*312864: obj =   5.809237801e+11 inf =   1.298e-01 (6564) 5
*313410: obj =   5.809232886e+11 inf =   1.286e-01 (6620) 5
*313941: obj =   5.809223836e+11 inf =   1.285e-01 (6587) 6
*314489: obj =   5.809220533e+11 inf =   1.274e-01 (6569) 5
*315003: obj =   5.809214891e+11 inf =   1.278e-01 (6548) 5
*315512: obj =   5.809205319e+11 inf =   1.306e-01 (6538) 5
*316023: obj =   5.809198311e+11 inf =   1.328e-01 (6546) 5
*316551: obj =   5.809192519e+11 inf =   1.344e-01 (6535) 5
*317078: obj =   5.809185887e+11 inf =   1.340e-01 (6544) 6
*317633: obj =   5.809177915e+11 inf =   1.335e-01 (6481) 5
*318239: obj =   5.809173059e+11 inf =   1.318e-01 (6464) 6
*318791: obj =   5.809168143e+11 inf =   1.283e-01 (6483) 6
*319377: obj =   5.809161034e+11 inf =   1.224e-01 (6439) 5
*319911: obj =   5.809151336e+11 inf =   1.177e-01 (6380) 6
*320459: obj =   5.809144701e+11 inf =   1.139e-01 (6358) 5
*321040: obj =   5.809138617e+11 inf =   1.104e-01 (6322) 6
*321614: obj =   5.809127458e+11 inf =   1.053e-01 (6290) 5
*322161: obj =   5.809122445e+11 inf =   1.031e-01 (6279) 6
*322760: obj =   5.809115904e+11 inf =   1.002e-01 (6290) 6
*323327: obj =   5.809110245e+11 inf =   9.786e-02 (6283) 5
*323884: obj =   5.809103772e+11 inf =   9.657e-02 (6213) 6
*324467: obj =   5.809099042e+11 inf =   9.529e-02 (6238) 6
*325046: obj =   5.809091171e+11 inf =   9.373e-02 (6266) 5
*325580: obj =   5.809083579e+11 inf =   9.334e-02 (6319) 6
*326140: obj =   5.809077805e+11 inf =   9.402e-02 (6267) 5
*326666: obj =   5.809071866e+11 inf =   9.400e-02 (6292) 5
*327210: obj =   5.796259942e+11 inf =   9.385e-02 (6269) 6
*327741: obj =   5.796250236e+11 inf =   9.844e-02 (6211) 5
*328272: obj =   5.796243461e+11 inf =   1.008e-01 (6184) 5
*328789: obj =   5.796236143e+11 inf =   1.024e-01 (6177) 5
*329319: obj =   5.796231409e+11 inf =   1.029e-01 (6161) 6
*329848: obj =   5.796224921e+11 inf =   1.034e-01 (6123) 5
*330411: obj =   5.796217670e+11 inf =   1.033e-01 (6127) 5
*330924: obj =   5.796209949e+11 inf =   1.041e-01 (6151) 6
*331439: obj =   5.796201403e+11 inf =   1.083e-01 (6127) 5
*331991: obj =   5.796200441e+11 inf =   1.081e-01 (6125) 5
*332516: obj =   5.796193442e+11 inf =   1.087e-01 (6112) 5
*333047: obj =   5.796187230e+11 inf =   1.115e-01 (6053) 6
*333580: obj =   5.776671057e+11 inf =   1.139e-01 (6049) 5
*334199: obj =   5.436647231e+11 inf =   1.122e-01 (10784) 6
*334800: obj =   5.436557277e+11 inf =   1.078e-01 (10602) 6
*335389: obj =   5.436523042e+11 inf =   1.032e-01 (10422) 6
*335975: obj =   5.436440538e+11 inf =   9.203e-02 (10249) 5
*336555: obj =   5.436356469e+11 inf =   8.863e-02 (10061) 6
*337181: obj =   5.436280547e+11 inf =   8.678e-02 (9916) 6
*337792: obj =   5.436244987e+11 inf =   8.831e-02 (9716) 6
*338428: obj =   5.436209792e+11 inf =   8.606e-02 (9554) 7
*339071: obj =   5.436181181e+11 inf =   8.368e-02 (9288) 6
*339692: obj =   5.436150875e+11 inf =   8.280e-02 (9121) 6
*340262: obj =   5.436118524e+11 inf =   8.818e-02 (8982) 6
*340830: obj =   5.436079176e+11 inf =   9.873e-02 (8851) 6
*341446: obj =   5.436053581e+11 inf =   1.068e-01 (8651) 6
*342160: obj =   5.436035848e+11 inf =   1.114e-01 (8484) 7
*342754: obj =   5.436011945e+11 inf =   1.238e-01 (8476) 6
*343284: obj =   5.435998592e+11 inf =   1.371e-01 (8454) 5
*343816: obj =   5.435988381e+11 inf =   1.512e-01 (8371) 5
*344348: obj =   5.435974685e+11 inf =   1.754e-01 (8334) 5
*344944: obj =   5.435968317e+11 inf =   1.841e-01 (8176) 6
*345552: obj =   5.435962265e+11 inf =   1.840e-01 (8126) 6
*346150: obj =   5.435952782e+11 inf =   1.908e-01 (8093) 6
*346707: obj =   5.435936903e+11 inf =   1.944e-01 (7987) 6
*347258: obj =   5.435921550e+11 inf =   2.039e-01 (7960) 5
*347882: obj =   5.435912650e+11 inf =   2.113e-01 (7863) 6
*348585: obj =   5.435906784e+11 inf =   2.029e-01 (7730) 7
*349257: obj =   5.435901973e+11 inf =   1.953e-01 (7618) 7
*349931: obj =   5.435896328e+11 inf =   1.878e-01 (7533) 6
*350665: obj =   5.435891087e+11 inf =   1.833e-01 (7501) 7
*351380: obj =   5.435887987e+11 inf =   1.783e-01 (7444) 8
*352039: obj =   5.435881523e+11 inf =   1.739e-01 (7375) 6
*352628: obj =   5.435877599e+11 inf =   1.672e-01 (7330) 6
*353302: obj =   5.435872993e+11 inf =   1.664e-01 (7261) 6
*353898: obj =   5.435869652e+11 inf =   1.679e-01 (7267) 6
*354475: obj =   5.435865708e+11 inf =   1.664e-01 (7181) 6
*355136: obj =   5.435863203e+11 inf =   1.684e-01 (7127) 7
*355817: obj =   5.435859061e+11 inf =   1.679e-01 (7031) 6
*356443: obj =   5.435856517e+11 inf =   1.630e-01 (6954) 6
*357062: obj =   5.435854025e+11 inf =   1.586e-01 (6981) 7
*357697: obj =   5.435851957e+11 inf =   1.591e-01 (6864) 6
*358353: obj =   5.435850028e+11 inf =   1.575e-01 (6801) 6
*359029: obj =   5.435848285e+11 inf =   1.589e-01 (6648) 7
*359810: obj =   5.435845882e+11 inf =   1.544e-01 (6563) 8
*360510: obj =   5.435843922e+11 inf =   1.498e-01 (6483) 6
*361240: obj =   5.435621404e+11 inf =   1.473e-01 (7686) 7
*361914: obj =   5.435619436e+11 inf =   1.432e-01 (7441) 7
*362555: obj =   5.435616032e+11 inf =   1.352e-01 (7217) 6
*363229: obj =   5.435613300e+11 inf =   1.271e-01 (7042) 6
*363899: obj =   5.435611432e+11 inf =   1.227e-01 (6860) 7
*364625: obj =   5.435609766e+11 inf =   1.213e-01 (6690) 7
*365354: obj =   5.422440011e+11 inf =   1.166e-01 (6405) 6
*366113: obj =   5.409244767e+11 inf =   1.157e-01 (7237) 8
*366724: obj =   5.409241337e+11 inf =   1.189e-01 (7072) 6
*367338: obj =   5.409238981e+11 inf =   1.253e-01 (6887) 6
*368012: obj =   5.409237699e+11 inf =   1.266e-01 (6692) 6
*368759: obj =   5.409237122e+11 inf =   1.243e-01 (6159) 8
*369811: obj =   5.409233541e+11 inf =   1.205e-01 (4920) 6
*370957: obj =   5.409229787e+11 inf =   1.167e-01 (3733) 3
*372105: obj =   5.409227141e+11 inf =   1.122e-01 (2475) 4
*373283: obj =   5.409225734e+11 inf =   1.081e-01 (1182) 3
Removing LP perturbation [374352]...
*374352: obj =   5.409946650e+11 inf =   0.000e+00 (0) 3
OPTIMAL LP SOLUTION FOUND
Integer optimization begins...
Long-step dual simplex will be used
+374352: mip =     not found yet >=              -inf        (1; 0)
+374352: >>>>>   5.409946650e+11 >=   5.409946650e+11   0.0% (1; 0)
+374352: mip =   5.409946650e+11 >=     tree is empty   0.0% (0; 1)
INTEGER OPTIMAL SOLUTION FOUND
Time used:   3589.7 secs
Memory used: 171.6 Mb (179945842 bytes)
Writing MIP solution to 'input/sx-askubuntu.html/sx-askubuntu-c2a.txt.gz.288.lp.reach_chain_detours.lp.sol'...
Objective:  obj = 5.40994665e+11 (MINimum)
