GLPSOL--GLPK LP/MIP Solver 5.0
Parameter(s) specified in the command line:
 --lp input/sx-askubuntu.html/sx-askubuntu-a2q.txt.gz.58.lp -o input/sx-askubuntu.html/sx-askubuntu-a2q.txt.gz.58.lp.sol
Reading problem data from 'input/sx-askubuntu.html/sx-askubuntu-a2q.txt.gz.58.lp'...
247256 rows, 628541 columns, 1236267 non-zeros
628541 integer variables, all of which are binary
875802 lines were read
GLPK Integer Optimizer 5.0
247256 rows, 628541 columns, 1236267 non-zeros
628541 integer variables, all of which are binary
Preprocessing...
1 hidden packing inequaliti(es) were detected
246531 rows, 627724 columns, 1230737 non-zeros
627724 integer variables, all of which are binary
Scaling...
 A: min|aij| =  1.000e+00  max|aij| =  1.000e+00  ratio =  1.000e+00
Problem data seem to be well scaled
Constructing initial basis...
Size of triangular part is 246531
Solving LP relaxation...
GLPK Simplex Optimizer 5.0
246531 rows, 627724 columns, 1230737 non-zeros
      0: obj =   0.000000000e+00 inf =   5.890e+02 (589)
    456: obj =   6.092712925e+11 inf =   1.330e+02 (133)
    589: obj =   7.956470956e+11 inf =   0.000e+00 (0)
Perturbing LP to avoid stalling [788]...
*  1062: obj =   7.956470956e+11 inf =   0.000e+00 (1062)
*  1495: obj =   7.927335747e+11 inf =   0.000e+00 (1190) 2
*  1893: obj =   7.927335747e+11 inf =   0.000e+00 (1204) 4
*  2276: obj =   7.927335747e+11 inf =   0.000e+00 (1223) 4
*  2654: obj =   7.927335747e+11 inf =   0.000e+00 (1214) 3
*  3020: obj =   7.927335747e+11 inf =   0.000e+00 (1227) 4
*  3379: obj =   7.927335747e+11 inf =   0.000e+00 (1238) 3
*  3731: obj =   7.927335747e+11 inf =   0.000e+00 (1259) 3
*  4075: obj =   7.927335747e+11 inf =   0.000e+00 (1273) 4
*  4411: obj =   7.927335747e+11 inf =   0.000e+00 (1286) 3
*  4741: obj =   7.927335747e+11 inf =   0.000e+00 (1275) 3
*  5065: obj =   7.927335747e+11 inf =   0.000e+00 (1284) 3
*  5384: obj =   7.927335747e+11 inf =   0.000e+00 (1302) 3
*  5698: obj =   7.927335747e+11 inf =   0.000e+00 (1323) 3
*  6010: obj =   7.927335747e+11 inf =   0.000e+00 (1327) 3
*  6317: obj =   7.927335747e+11 inf =   0.000e+00 (1318) 3
*  6621: obj =   7.927335747e+11 inf =   0.000e+00 (1318) 3
*  6922: obj =   7.927335747e+11 inf =   0.000e+00 (1334) 3
*  7223: obj =   7.927335747e+11 inf =   0.000e+00 (1337) 2
*  7514: obj =   7.927335747e+11 inf =   0.000e+00 (1346) 3
*  7805: obj =   7.927335747e+11 inf =   0.000e+00 (1366) 3
*  8089: obj =   7.872271916e+11 inf =   0.000e+00 (5073) 3
*  8385: obj =   7.846282005e+11 inf =   8.674e-18 (5094) 3
*  8680: obj =   7.846282005e+11 inf =   0.000e+00 (5054) 3
*  8988: obj =   7.737687841e+11 inf =   2.082e-05 (4987) 3
*  9335: obj =   7.691163778e+11 inf =   5.394e-04 (4886) 3
*  9799: obj =   5.265139029e+11 inf =   7.169e-04 (4758) 1
* 10189: obj =   4.723325451e+11 inf =   1.469e-03 (4680) 3
* 10572: obj =   4.282379384e+11 inf =   1.396e-03 (9686) 2
* 10919: obj =   4.272615365e+11 inf =   1.980e-03 (4641) 3
* 11268: obj =   4.214695601e+11 inf =   3.790e-03 (4529) 3
* 11629: obj =   4.087015628e+11 inf =   3.736e-03 (9063) 2
* 11983: obj =   3.950616882e+11 inf =   2.729e-03 (4327) 3
* 12336: obj =   3.805698626e+11 inf =   2.488e-03 (8121) 3
* 12688: obj =   3.778042265e+11 inf =   2.488e-03 (7805) 3
* 13053: obj =   3.722371058e+11 inf =   2.725e-03 (3717) 2
* 13421: obj =   3.722370147e+11 inf =   3.915e-03 (7357) 1
* 13742: obj =   3.722369824e+11 inf =   1.037e-02 (7227) 2
* 14081: obj =   3.715235783e+11 inf =   7.877e-03 (3595) 3
* 14425: obj =   3.708101568e+11 inf =   1.171e-02 (7052) 3
* 14770: obj =   3.708101087e+11 inf =   1.344e-02 (6746) 1
* 15103: obj =   3.708100860e+11 inf =   1.423e-02 (6559) 2
* 15393: obj =   3.708100515e+11 inf =   1.604e-02 (6298) 2
* 15719: obj =   3.708099847e+11 inf =   2.488e-02 (6034) 1
* 16035: obj =   3.708099640e+11 inf =   2.254e-02 (5861) 3
* 16373: obj =   3.708098874e+11 inf =   2.719e-02 (5577) 2
* 16690: obj =   3.667652931e+11 inf =   3.097e-02 (1817) 3
* 17039: obj =   3.667649136e+11 inf =   2.725e-02 (4593) 2
* 17354: obj =   3.667648377e+11 inf =   3.744e-02 (4365) 2
* 17674: obj =   3.667644195e+11 inf =   4.576e-02 (6811) 2
* 17974: obj =   3.667642972e+11 inf =   5.501e-02 (6653) 2
* 18289: obj =   3.667642129e+11 inf =   4.461e-02 (6521) 3
* 18594: obj =   3.667639960e+11 inf =   5.412e-02 (6289) 2
* 18878: obj =   3.667638497e+11 inf =   7.020e-02 (6192) 2
* 19187: obj =   3.647427939e+11 inf =   5.856e-02 (6014) 3
* 19468: obj =   3.647426841e+11 inf =   6.551e-02 (5908) 2
* 19748: obj =   3.647424475e+11 inf =   7.883e-02 (5804) 2
* 20067: obj =   3.647421984e+11 inf =   8.771e-02 (5593) 2
* 20341: obj =   3.647419290e+11 inf =   9.386e-02 (5465) 2
* 20655: obj =   3.647414787e+11 inf =   9.757e-02 (5285) 2
* 20927: obj =   3.647413646e+11 inf =   1.040e-01 (5212) 3
* 21231: obj =   3.647410356e+11 inf =   1.109e-01 (5061) 2
* 21506: obj =   3.647408341e+11 inf =   1.205e-01 (4945) 2
* 21782: obj =   3.647402706e+11 inf =   1.269e-01 (4877) 2
* 22067: obj =   3.647402278e+11 inf =   1.329e-01 (4817) 3
* 22349: obj =   3.647398008e+11 inf =   1.451e-01 (4699) 2
* 22639: obj =   3.647390294e+11 inf =   1.476e-01 (4494) 2
* 22887: obj =   3.647388536e+11 inf =   1.541e-01 (4457) 2
* 23195: obj =   3.647388131e+11 inf =   1.542e-01 (4421) 3
* 23463: obj =   3.647384855e+11 inf =   1.575e-01 (4325) 2
* 23719: obj =   3.647382620e+11 inf =   1.632e-01 (4267) 2
* 23979: obj =   3.647380898e+11 inf =   1.707e-01 (4276) 3
* 24289: obj =   3.647379829e+11 inf =   1.665e-01 (4225) 3
* 24586: obj =   3.647376626e+11 inf =   1.607e-01 (4112) 2
* 24832: obj =   3.647373920e+11 inf =   1.666e-01 (4063) 2
* 25135: obj =   3.647373472e+11 inf =   1.675e-01 (4038) 3
* 25427: obj =   3.647370529e+11 inf =   1.624e-01 (3910) 3
* 25657: obj =   3.647370055e+11 inf =   1.685e-01 (3908) 2
* 25930: obj =   3.647369545e+11 inf =   1.753e-01 (3896) 3
* 26200: obj =   3.647368315e+11 inf =   1.824e-01 (3845) 2
* 26446: obj =   3.647366744e+11 inf =   1.908e-01 (3772) 2
* 26674: obj =   3.647365784e+11 inf =   1.941e-01 (3779) 2
* 26902: obj =   3.647363716e+11 inf =   2.002e-01 (3770) 3
* 27201: obj =   3.647362013e+11 inf =   2.024e-01 (3742) 2
* 27455: obj =   3.647358652e+11 inf =   2.060e-01 (3699) 3
* 27687: obj =   3.647356293e+11 inf =   2.046e-01 (3695) 2
* 27915: obj =   3.647355449e+11 inf =   2.130e-01 (3674) 2
* 28160: obj =   3.647354627e+11 inf =   2.203e-01 (3641) 2
* 28406: obj =   3.647351609e+11 inf =   2.234e-01 (3636) 2
* 28625: obj =   3.647351562e+11 inf =   2.218e-01 (3610) 3
* 28846: obj =   3.647350512e+11 inf =   2.212e-01 (3618) 2
* 29077: obj =   3.647350015e+11 inf =   2.285e-01 (3652) 2
* 29347: obj =   3.647345198e+11 inf =   2.334e-01 (3599) 2
* 29565: obj =   3.647345140e+11 inf =   2.318e-01 (3566) 2
* 29783: obj =   3.647343712e+11 inf =   2.300e-01 (3548) 2
* 30010: obj =   3.647343096e+11 inf =   2.316e-01 (3527) 2
* 30246: obj =   3.647339608e+11 inf =   2.311e-01 (3513) 3
* 30461: obj =   3.647339438e+11 inf =   2.309e-01 (3503) 2
* 30675: obj =   3.647339195e+11 inf =   2.317e-01 (3506) 2
* 30889: obj =   3.647339159e+11 inf =   2.296e-01 (3514) 2
* 31109: obj =   3.647338968e+11 inf =   2.300e-01 (3527) 2
* 31324: obj =   3.647338722e+11 inf =   2.308e-01 (3518) 2
* 31562: obj =   3.647338428e+11 inf =   2.318e-01 (3537) 2
* 31799: obj =   3.647338272e+11 inf =   2.318e-01 (3522) 2
* 32016: obj =   3.647337863e+11 inf =   2.347e-01 (3526) 2
* 32230: obj =   3.647337633e+11 inf =   2.351e-01 (3515) 2
* 32442: obj =   3.647337633e+11 inf =   2.321e-01 (3520) 2
* 32666: obj =   3.647337327e+11 inf =   2.339e-01 (3517) 2
* 32875: obj =   3.647337275e+11 inf =   2.309e-01 (3506) 2
* 33090: obj =   3.647337141e+11 inf =   2.296e-01 (3521) 2
* 33297: obj =   3.647337100e+11 inf =   2.270e-01 (3519) 2
* 33507: obj =   3.647336907e+11 inf =   2.263e-01 (3525) 2
* 33713: obj =   3.647336905e+11 inf =   2.233e-01 (3542) 2
* 33917: obj =   3.647336899e+11 inf =   2.203e-01 (3554) 2
* 34124: obj =   3.647336847e+11 inf =   2.180e-01 (3565) 2
* 34335: obj =   3.647336757e+11 inf =   2.164e-01 (3538) 2
* 34537: obj =   3.647336619e+11 inf =   2.149e-01 (3533) 2
* 34741: obj =   3.647336562e+11 inf =   2.126e-01 (3545) 2
* 34943: obj =   3.647336549e+11 inf =   2.099e-01 (3516) 2
* 35147: obj =   3.647336473e+11 inf =   2.081e-01 (3516) 2
* 35349: obj =   3.647336393e+11 inf =   2.061e-01 (3514) 2
* 35550: obj =   3.647336385e+11 inf =   2.034e-01 (3512) 2
* 35785: obj =   3.647332756e+11 inf =   2.037e-01 (3467) 2
* 35988: obj =   3.647332365e+11 inf =   2.054e-01 (3465) 2
* 36215: obj =   3.647331976e+11 inf =   2.078e-01 (3464) 2
* 36434: obj =   3.647331698e+11 inf =   2.077e-01 (3453) 2
* 36660: obj =   3.647331270e+11 inf =   2.082e-01 (3417) 2
* 36861: obj =   3.647331006e+11 inf =   2.082e-01 (3415) 2
* 37075: obj =   3.647330624e+11 inf =   2.094e-01 (3419) 2
* 37281: obj =   3.647330585e+11 inf =   2.068e-01 (3432) 2
* 37479: obj =   3.647330507e+11 inf =   2.039e-01 (3430) 2
* 37679: obj =   3.647330416e+11 inf =   2.026e-01 (3417) 2
* 37878: obj =   3.647330415e+11 inf =   1.995e-01 (3434) 1
* 38077: obj =   3.647330251e+11 inf =   1.980e-01 (3437) 2
* 38282: obj =   3.647330226e+11 inf =   1.953e-01 (3461) 2
* 38477: obj =   3.647330201e+11 inf =   1.929e-01 (3437) 2
* 38671: obj =   3.647330123e+11 inf =   1.898e-01 (3446) 2
* 38870: obj =   3.647330123e+11 inf =   1.868e-01 (3444) 2
* 39068: obj =   3.647330078e+11 inf =   1.841e-01 (3455) 2
* 39269: obj =   3.647330021e+11 inf =   1.816e-01 (3438) 1
* 39464: obj =   3.647329812e+11 inf =   1.808e-01 (3431) 2
* 39654: obj =   3.647329810e+11 inf =   1.777e-01 (3440) 2
* 39845: obj =   3.647329777e+11 inf =   1.750e-01 (3463) 2
* 40038: obj =   3.647329680e+11 inf =   1.729e-01 (3477) 2
* 40233: obj =   3.647329539e+11 inf =   1.717e-01 (3480) 1
* 40428: obj =   3.647329534e+11 inf =   1.691e-01 (3478) 2
* 40616: obj =   3.647329532e+11 inf =   1.660e-01 (3470) 2
* 40803: obj =   3.647329528e+11 inf =   1.635e-01 (3481) 2
* 40991: obj =   3.647329525e+11 inf =   1.605e-01 (3492) 2
* 41188: obj =   3.647329434e+11 inf =   1.581e-01 (3492) 2
* 41381: obj =   3.647329428e+11 inf =   1.557e-01 (3495) 1
* 41570: obj =   3.647329288e+11 inf =   1.524e-01 (3479) 2
* 41776: obj =   3.647329206e+11 inf =   1.498e-01 (3456) 2
* 41965: obj =   3.647328923e+11 inf =   1.485e-01 (3456) 2
* 42154: obj =   3.647328903e+11 inf =   1.464e-01 (3436) 2
* 42345: obj =   3.647328794e+11 inf =   1.437e-01 (3415) 1
* 42530: obj =   3.647328752e+11 inf =   1.415e-01 (3427) 2
* 42714: obj =   3.647328748e+11 inf =   1.384e-01 (3428) 2
* 42899: obj =   3.647328703e+11 inf =   1.359e-01 (3439) 2
* 43090: obj =   3.647328668e+11 inf =   1.331e-01 (3444) 1
* 43273: obj =   3.647328659e+11 inf =   1.303e-01 (3446) 2
* 43455: obj =   3.647328658e+11 inf =   1.278e-01 (3443) 2
* 43639: obj =   3.647328466e+11 inf =   1.259e-01 (3450) 2
* 43823: obj =   3.647328465e+11 inf =   1.233e-01 (3458) 1
* 44006: obj =   3.647328444e+11 inf =   1.207e-01 (3485) 2
* 44188: obj =   3.647328443e+11 inf =   1.180e-01 (3494) 2
* 44369: obj =   3.647328427e+11 inf =   1.154e-01 (3511) 2
* 44552: obj =   3.647328422e+11 inf =   1.121e-01 (3512) 1
* 44731: obj =   3.647328416e+11 inf =   1.095e-01 (3531) 2
* 44911: obj =   3.647328410e+11 inf =   1.068e-01 (3532) 2
* 45095: obj =   3.647328404e+11 inf =   1.038e-01 (3536) 1
* 45274: obj =   3.647328401e+11 inf =   1.012e-01 (3551) 2
* 45452: obj =   3.647328401e+11 inf =   9.864e-02 (3546) 2
* 45629: obj =   3.647328281e+11 inf =   9.597e-02 (3554) 2
* 45820: obj =   3.647327883e+11 inf =   9.529e-02 (3509) 2
* 46045: obj =   3.647327472e+11 inf =   9.552e-02 (3441) 2
* 46286: obj =   3.647318696e+11 inf =   9.466e-02 (3419) 2
* 46491: obj =   3.647306035e+11 inf =   9.396e-02 (3362) 2
* 46717: obj =   3.647300472e+11 inf =   9.231e-02 (3339) 2
* 46935: obj =   3.647292274e+11 inf =   9.100e-02 (3295) 2
* 47210: obj =   3.647292058e+11 inf =   9.056e-02 (3291) 3
* 47431: obj =   3.647285762e+11 inf =   8.977e-02 (3237) 2
* 47644: obj =   3.647274004e+11 inf =   8.936e-02 (3264) 1
* 47893: obj =   3.647270906e+11 inf =   8.872e-02 (3229) 3
* 48135: obj =   3.647270384e+11 inf =   8.797e-02 (3174) 2
* 48390: obj =   3.647269518e+11 inf =   8.658e-02 (3153) 3
* 48619: obj =   3.647268557e+11 inf =   8.656e-02 (3157) 2
* 48848: obj =   3.647253235e+11 inf =   8.570e-02 (3135) 2
* 49081: obj =   3.647252554e+11 inf =   8.509e-02 (3090) 2
* 49329: obj =   3.647252063e+11 inf =   8.526e-02 (2997) 3
* 49560: obj =   3.647244737e+11 inf =   8.448e-02 (3003) 2
* 49771: obj =   3.647240729e+11 inf =   8.383e-02 (3002) 2
* 50013: obj =   3.647236444e+11 inf =   8.312e-02 (2985) 2
* 50277: obj =   3.647236222e+11 inf =   8.274e-02 (2942) 3
* 50548: obj =   3.647233696e+11 inf =   8.117e-02 (2904) 2
* 50743: obj =   3.640291574e+11 inf =   8.069e-02 (4004) 2
* 50976: obj =   3.574078023e+11 inf =   8.121e-02 (3905) 2
* 51237: obj =   3.574077511e+11 inf =   8.137e-02 (3899) 3
* 51506: obj =   3.574077187e+11 inf =   8.059e-02 (3857) 2
* 51781: obj =   3.560726983e+11 inf =   7.998e-02 (3766) 3
* 52037: obj =   3.560726498e+11 inf =   7.908e-02 (3700) 3
* 52297: obj =   3.560725786e+11 inf =   7.794e-02 (3592) 2
* 52540: obj =   3.560724754e+11 inf =   7.746e-02 (3502) 2
* 52786: obj =   3.560723533e+11 inf =   7.715e-02 (3379) 3
* 53021: obj =   3.560722700e+11 inf =   7.733e-02 (3322) 2
* 53281: obj =   3.560722457e+11 inf =   7.701e-02 (3196) 2
* 53530: obj =   3.560721658e+11 inf =   7.655e-02 (3075) 3
* 53796: obj =   3.560720996e+11 inf =   7.622e-02 (2834) 2
* 54058: obj =   3.560720233e+11 inf =   7.568e-02 (2606) 3
* 54333: obj =   3.560719503e+11 inf =   7.528e-02 (2374) 2
* 54634: obj =   3.559290118e+11 inf =   7.497e-02 (2053) 2
* 54916: obj =   3.558506450e+11 inf =   7.517e-02 (1757) 1
* 55225: obj =   3.558505921e+11 inf =   7.486e-02 (1478) 2
* 55524: obj =   3.558025979e+11 inf =   7.435e-02 (1270) 2
* 55852: obj =   3.556851777e+11 inf =   7.365e-02 (997) 1
* 56141: obj =   3.556570238e+11 inf =   7.317e-02 (783) 2
* 56461: obj =   3.556008398e+11 inf =   7.255e-02 (500) 2
* 56772: obj =   3.555708096e+11 inf =   7.193e-02 (284) 2
* 57078: obj =   3.555528507e+11 inf =   7.162e-02 (62) 2
Removing LP perturbation [57158]...
* 57158: obj =   3.555698065e+11 inf =   0.000e+00 (0) 1
OPTIMAL LP SOLUTION FOUND
Integer optimization begins...
Long-step dual simplex will be used
+ 57158: mip =     not found yet >=              -inf        (1; 0)
+ 57158: >>>>>   3.555698065e+11 >=   3.555698065e+11   0.0% (1; 0)
+ 57158: mip =   3.555698065e+11 >=     tree is empty   0.0% (0; 1)
INTEGER OPTIMAL SOLUTION FOUND
Time used:   1107.5 secs
Memory used: 695.1 Mb (728869542 bytes)
Writing MIP solution to 'input/sx-askubuntu.html/sx-askubuntu-a2q.txt.gz.58.lp.sol'...
Objective:  obj = 3.555698065e+11 (MINimum)
