GLPSOL--GLPK LP/MIP Solver 5.0
Parameter(s) specified in the command line:
 --lp input/email-Eu-core.html/email-Eu-core.txt.gz.51.lp.reach_chain_detours.lp
 -o input/email-Eu-core.html/email-Eu-core.txt.gz.51.lp.reach_chain_detours.lp.sol
Reading problem data from 'input/email-Eu-core.html/email-Eu-core.txt.gz.51.lp.reach_chain_detours.lp'...
23910 rows, 48596 columns, 119537 non-zeros
48596 integer variables, all of which are binary
72511 lines were read
GLPK Integer Optimizer 5.0
23910 rows, 48596 columns, 119537 non-zeros
48596 integer variables, all of which are binary
Preprocessing...
23698 rows, 48384 columns, 118194 non-zeros
48384 integer variables, all of which are binary
Scaling...
 A: min|aij| =  1.000e+00  max|aij| =  1.000e+00  ratio =  1.000e+00
Problem data seem to be well scaled
Constructing initial basis...
Size of triangular part is 23698
Solving LP relaxation...
GLPK Simplex Optimizer 5.0
23698 rows, 48384 columns, 118194 non-zeros
      0: obj =   0.000000000e+00 inf =   1.780e+02 (178)
    178: obj =   1.562426440e+02 inf =   0.000e+00 (0)
Perturbing LP to avoid stalling [380]...
*  3135: obj =   1.091590384e+02 inf =   2.294e-04 (1172) 27
*  5572: obj =   1.082067276e+02 inf =   1.489e-02 (1365) 24
*  8926: obj =   1.028816581e+02 inf =   9.351e-03 (1446) 29
Removing LP perturbation [11793]...
* 11793: obj =   1.028823490e+02 inf =   0.000e+00 (0) 20
OPTIMAL LP SOLUTION FOUND
Integer optimization begins...
Long-step dual simplex will be used
+ 11793: mip =     not found yet >=              -inf        (1; 0)
+ 11793: >>>>>   1.028823490e+02 >=   1.028823490e+02   0.0% (1; 0)
+ 11793: mip =   1.028823490e+02 >=     tree is empty   0.0% (0; 1)
INTEGER OPTIMAL SOLUTION FOUND
Time used:   18.6 secs
Memory used: 59.5 Mb (62422438 bytes)
Writing MIP solution to 'input/email-Eu-core.html/email-Eu-core.txt.gz.51.lp.reach_chain_detours.lp.sol'...
Objective:  obj = 102.882349 (MINimum)
