	Command being timed: "/usr/app/src/glpk-5.0/examples/glpsol --lp input/sx-superuser.html/sx-superuser-a2q.txt.gz.210.lp -o input/sx-superuser.html/sx-superuser-a2q.txt.gz.210.lp.sol"
	User time (seconds): 7042.29
	System time (seconds): 12.97
	Percent of CPU this job got: 99%
	Elapsed (wall clock) time (h:mm:ss or m:ss): 1:57:35
	Average shared text size (kbytes): 0
	Average unshared data size (kbytes): 0
	Average stack size (kbytes): 0
	Average total size (kbytes): 0
	Maximum resident set size (kbytes): 1024376
	Average resident set size (kbytes): 0
	Major (requiring I/O) page faults: 0
	Minor (reclaiming a frame) page faults: 1204369
	Voluntary context switches: 72
	Involuntary context switches: 12035
	Swaps: 0
	File system inputs: 0
	File system outputs: 198088
	Socket messages sent: 0
	Socket messages received: 0
	Signals delivered: 0
	Page size (bytes): 4096
	Exit status: 0
