Version 1.2 launched as -e 0.1 12 input/email-Eu-core.html/email-Eu-core.txt.gz 68


Execution time and memory used at after reading from file: 4.000000e-02 seconds, 15220736 bytes of memory usage, 14900 kB of memory peak and 00:00 elapsed time
Statistics on the network after reading from file
	Number of nodes: 1005
	Number of allocated nodes: 1024
	Number of edges: 24929
	Maximum in degree: 211 (node 160)
	Maximum out degree: 333 (node 160)

Execution time and memory used at after adding costs: 4.000000e-02 seconds, 15220736 bytes of memory usage, 14900 kB of memory peak and 00:00 elapsed time
Statistics on the network after adding costs
	Number of nodes: 1005
	Number of allocated nodes: 1024
	Number of edges: 24929
	Maximum in degree: 211 (node 160)
	Maximum out degree: 333 (node 160)

Execution time and memory used at before starting main computation: 4.000000e-02 seconds, 15220736 bytes of memory usage, 15380 kB of memory peak and 00:00 elapsed time
Statistics on the network before starting main computation
	Number of nodes: 1005
	Number of allocated nodes: 1024
	Number of edges: 24929
	Maximum in degree: 211 (node 160)
	Maximum out degree: 333 (node 160)
	source 160 (node 160) with out degree 333
	target 62 (node 62) with in degree 178

Execution time and memory used at after iteration 1 (MF = 156.242647): 7.500000e-01 seconds, 37310464 bytes of memory usage, 43600 kB of memory peak and 00:01 elapsed time
Statistics on the network after iteration 1 (MF = 156.242647)
	Number of nodes: 1005
	Number of allocated nodes: 1024
	Number of edges: 24929
	Maximum in degree: 211 (node 160)
	Maximum out degree: 333 (node 160)
	source 160 (node 160) with out degree 333
	target 62 (node 62) with in degree 178

Execution time and memory used at after iteration 2 (MF = 140.750000): 2.610000e+00 seconds, 37310464 bytes of memory usage, 44072 kB of memory peak and 00:03 elapsed time
Statistics on the network after iteration 2 (MF = 140.750000)
	Number of nodes: 1005
	Number of allocated nodes: 1024
	Number of edges: 24929
	Maximum in degree: 211 (node 160)
	Maximum out degree: 333 (node 160)
	source 160 (node 160) with out degree 333
	target 62 (node 62) with in degree 178

Execution time and memory used at after iteration 3 (MF = 131.613971): 1.291000e+01 seconds, 75530240 bytes of memory usage, 76924 kB of memory peak and 00:13 elapsed time
Statistics on the network after iteration 3 (MF = 131.613971)
	Number of nodes: 1005
	Number of allocated nodes: 1024
	Number of edges: 24929
	Maximum in degree: 211 (node 160)
	Maximum out degree: 333 (node 160)
	source 160 (node 160) with out degree 333
	target 62 (node 62) with in degree 178

Execution time and memory used at after iteration 4 (MF = 121.454044): 2.496000e+01 seconds, 75530240 bytes of memory usage, 76924 kB of memory peak and 00:25 elapsed time
Statistics on the network after iteration 4 (MF = 121.454044)
	Number of nodes: 1005
	Number of allocated nodes: 1024
	Number of edges: 24929
	Maximum in degree: 211 (node 160)
	Maximum out degree: 333 (node 160)
	source 160 (node 160) with out degree 333
	target 62 (node 62) with in degree 178

Execution time and memory used at after iteration 5 (MF = 128.468750): 5.363120e+03 seconds, 79568896 bytes of memory usage, 217872 kB of memory peak and 01:29:24 elapsed time
Statistics on the network after iteration 5 (MF = 128.468750)
	Number of nodes: 1005
	Number of allocated nodes: 1024
	Number of edges: 24929
	Maximum in degree: 211 (node 160)
	Maximum out degree: 333 (node 160)
	source 160 (node 160) with out degree 333
	target 62 (node 62) with in degree 178
