GLPSOL--GLPK LP/MIP Solver 5.0
Parameter(s) specified in the command line:
 --lp input/gemsec-Facebook.html/new_sites_edges.csv.gz.392.lp.reach_chain_detours.lp
 -o input/gemsec-Facebook.html/new_sites_edges.csv.gz.392.lp.reach_chain_detours.lp.sol
Reading problem data from 'input/gemsec-Facebook.html/new_sites_edges.csv.gz.392.lp.reach_chain_detours.lp'...
42886 rows, 91932 columns, 214417 non-zeros
91932 integer variables, all of which are binary
134823 lines were read
GLPK Integer Optimizer 5.0
42886 rows, 91932 columns, 214417 non-zeros
91932 integer variables, all of which are binary
Preprocessing...
42884 rows, 91930 columns, 213665 non-zeros
91930 integer variables, all of which are binary
Scaling...
 A: min|aij| =  1.000e+00  max|aij| =  1.000e+00  ratio =  1.000e+00
Problem data seem to be well scaled
Constructing initial basis...
Size of triangular part is 42884
Solving LP relaxation...
GLPK Simplex Optimizer 5.0
42884 rows, 91930 columns, 213665 non-zeros
      0: obj =   0.000000000e+00 inf =   3.580e+02 (358)
    358: obj =   2.113077570e+02 inf =   0.000e+00 (0)
Perturbing LP to avoid stalling [559]...
*  2701: obj =   1.741051433e+02 inf =   0.000e+00 (1754) 18
*  4358: obj =   1.563043425e+02 inf =   2.518e-06 (1894) 14
*  5674: obj =   1.563043425e+02 inf =   2.512e-06 (2179) 11
*  6761: obj =   1.563043425e+02 inf =   2.512e-06 (2373) 10
*  7894: obj =   1.408567189e+02 inf =   9.237e-05 (4285) 10
*  8932: obj =   1.408566813e+02 inf =   8.830e-04 (4410) 10
*  9969: obj =   1.021053376e+02 inf =   1.314e-03 (4727) 9
* 10950: obj =   1.021050924e+02 inf =   4.007e-03 (4558) 10
* 11950: obj =   1.021049609e+02 inf =   3.465e-03 (4234) 10
* 12941: obj =   1.021047008e+02 inf =   4.103e-03 (4035) 10
* 14069: obj =   8.606675179e+01 inf =   4.122e-03 (3560) 10
* 15448: obj =   8.406017998e+01 inf =   3.935e-03 (3625) 13
* 16710: obj =   8.027549754e+01 inf =   3.828e-03 (3431) 11
* 17854: obj =   7.479465611e+01 inf =   3.768e-03 (3496) 10
* 19074: obj =   6.344552885e+01 inf =   3.911e-03 (3365) 11
* 20339: obj =   5.877955903e+01 inf =   7.839e-03 (5240) 12
* 21362: obj =   5.877841691e+01 inf =   9.814e-03 (4838) 10
* 22321: obj =   5.877763505e+01 inf =   9.631e-03 (4429) 9
* 23304: obj =   5.877683197e+01 inf =   7.733e-03 (4137) 10
* 24264: obj =   5.844542181e+01 inf =   6.709e-03 (3986) 9
* 25183: obj =   5.844519262e+01 inf =   5.136e-03 (3820) 9
* 26129: obj =   5.829666112e+01 inf =   3.545e-03 (3609) 10
* 27105: obj =   5.829648996e+01 inf =   3.904e-03 (3418) 9
* 28244: obj =   4.945292986e+01 inf =   3.368e-03 (44371) 10
* 29332: obj =   3.694654346e+01 inf =   3.978e-03 (4275) 10
* 30375: obj =   3.694631516e+01 inf =   6.451e-03 (4014) 10
* 31464: obj =   3.611453693e+01 inf =   9.861e-03 (4621) 11
* 32455: obj =   3.611381301e+01 inf =   8.196e-03 (4240) 9
* 33495: obj =   3.611320380e+01 inf =   6.105e-03 (3848) 9
* 34494: obj =   3.611272369e+01 inf =   4.073e-03 (3622) 10
* 35446: obj =   3.542834584e+01 inf =   2.595e-03 (3253) 9
* 36405: obj =   2.708872321e+01 inf =   2.452e-03 (3122) 9
* 37421: obj =   2.686964913e+01 inf =   2.021e-03 (44013) 10
* 38374: obj =   2.686897872e+01 inf =   2.791e-03 (44131) 9
* 39323: obj =   2.686844526e+01 inf =   4.795e-03 (44176) 10
* 40464: obj =   2.686805837e+01 inf =   1.395e-02 (44265) 11
* 41553: obj =   2.686760777e+01 inf =   2.649e-02 (44258) 10
* 42507: obj =   2.686725897e+01 inf =   3.049e-02 (44334) 9
* 43458: obj =   2.686697401e+01 inf =   2.827e-02 (44386) 9
* 44421: obj =   2.686650465e+01 inf =   2.437e-02 (44396) 10
* 45398: obj =   2.686600040e+01 inf =   1.694e-02 (44507) 9
* 46492: obj =   2.250215080e+01 inf =   1.474e-02 (11581) 10
* 47466: obj =   2.247589465e+01 inf =   2.014e-02 (10916) 10
* 48540: obj =   2.137511861e+01 inf =   2.854e-02 (9684) 10
* 49878: obj =   2.137270848e+01 inf =   3.483e-02 (8795) 12
* 50905: obj =   2.137071040e+01 inf =   4.254e-02 (8439) 10
* 51857: obj =   2.136931783e+01 inf =   4.807e-02 (8010) 8
* 52791: obj =   2.136818009e+01 inf =   5.032e-02 (7539) 9
* 53730: obj =   2.136708499e+01 inf =   5.185e-02 (7079) 9
* 54667: obj =   2.136634553e+01 inf =   4.938e-02 (6544) 9
* 55620: obj =   2.136577594e+01 inf =   4.433e-02 (6096) 8
* 56564: obj =   2.136507419e+01 inf =   4.075e-02 (5765) 9
* 57500: obj =   2.136446471e+01 inf =   3.803e-02 (5458) 9
* 58433: obj =   2.136399238e+01 inf =   3.363e-02 (5137) 9
* 59372: obj =   2.136351277e+01 inf =   2.719e-02 (4783) 9
* 60325: obj =   2.136305207e+01 inf =   2.301e-02 (4489) 9
* 61263: obj =   2.136258121e+01 inf =   1.733e-02 (4260) 10
* 62214: obj =   2.136183126e+01 inf =   1.292e-02 (4021) 9
* 63084: obj =   2.103077294e+01 inf =   1.139e-02 (4194) 8
* 63933: obj =   2.103059145e+01 inf =   9.606e-03 (3948) 9
* 64807: obj =   2.103036080e+01 inf =   7.800e-03 (3696) 8
* 65681: obj =   2.090514941e+01 inf =   5.784e-03 (4381) 9
* 66610: obj =   1.870109451e+01 inf =   5.210e-03 (3830) 9
* 67576: obj =   5.266622634e+00 inf =   4.175e-03 (3881) 9
* 68473: obj =   4.305858892e+00 inf =   3.637e-03 (43711) 8
* 69290: obj =   4.305355407e+00 inf =   4.040e-03 (43822) 8
* 70100: obj =   2.663245959e+00 inf =   4.940e-03 (43478) 8
* 70901: obj =   2.663129571e+00 inf =   5.922e-03 (43477) 8
* 71735: obj =   1.506975650e+00 inf =   5.846e-03 (43404) 8
* 72491: obj =   8.495269647e-01 inf =   5.384e-03 (43503) 8
* 73246: obj =   8.493596298e-01 inf =   4.898e-03 (43511) 7
* 73973: obj =   8.490852102e-01 inf =   4.127e-03 (43509) 7
* 74783: obj =   7.184539529e-01 inf =   4.666e-03 (3673) 8
* 75695: obj =   4.444798952e-01 inf =   4.910e-03 (3338) 8
* 76657: obj =   3.489015971e-01 inf =   6.270e-03 (3344) 9
* 77669: obj =   3.487140223e-01 inf =   7.620e-03 (3180) 10
* 78695: obj =   3.486447869e-01 inf =   8.015e-03 (3096) 9
* 79710: obj =   3.485867644e-01 inf =   8.969e-03 (2924) 10
* 80747: obj =   3.485499338e-01 inf =   1.089e-02 (2736) 10
* 81781: obj =   3.485268609e-01 inf =   1.155e-02 (2609) 9
* 82781: obj =   3.485114259e-01 inf =   9.443e-03 (2350) 9
* 83764: obj =   3.485010066e-01 inf =   7.333e-03 (2167) 9
* 84868: obj =   6.829104123e-02 inf =   4.780e-03 (43011) 9
Removing LP perturbation [84925]...
* 84925: obj =   0.000000000e+00 inf =   1.665e-16 (0) 1
OPTIMAL LP SOLUTION FOUND
Integer optimization begins...
Long-step dual simplex will be used
+ 84925: mip =     not found yet >=              -inf        (1; 0)
+ 85647: mip =     not found yet >=   0.000000000e+00        (3; 0)
+ 86210: mip =     not found yet >=   0.000000000e+00        (6; 0)
+ 86925: mip =     not found yet >=   0.000000000e+00        (7; 0)
+ 87340: mip =     not found yet >=   0.000000000e+00        (9; 0)
+ 87344: mip =     not found yet >=   0.000000000e+00        (12; 0)
+ 88308: mip =     not found yet >=   0.000000000e+00        (14; 0)
+ 89151: mip =     not found yet >=   0.000000000e+00        (15; 0)
Time used: 63.0 secs.  Memory used: 92.3 Mb.
+ 89154: mip =     not found yet >=   0.000000000e+00        (18; 0)
+ 89157: mip =     not found yet >=   0.000000000e+00        (21; 0)
+ 89199: mip =     not found yet >=   0.000000000e+00        (24; 0)
+ 89488: mip =     not found yet >=   0.000000000e+00        (27; 0)
# 90529: obj =  -2.031182193e-07 inf =   0.000e+00 (6060) 10 80%
# 91208: obj =  -3.024751713e-07 inf =   0.000e+00 (5588) 6 100%
# 91861: obj =  -4.339512487e-07 inf =   0.000e+00 (5223) 7 100%
# 92507: obj =  -5.257761485e-07 inf =   0.000e+00 (4500) 6 100%
# 93141: obj =  -6.033203743e-07 inf =   0.000e+00 (3832) 7 100%
# 93755: obj =  -6.911551578e-07 inf =   0.000e+00 (3359) 6 100%
# 94353: obj =  -7.483971824e-07 inf =   0.000e+00 (2838) 6 100%
# 94952: obj =  -7.914398464e-07 inf =   0.000e+00 (2368) 5 100%
# 95516: obj =  -8.475064753e-07 inf =   0.000e+00 (1819) 6 100%
# 96070: obj =  -8.390262888e-07 inf =   0.000e+00 (1417) 6 100%
# 96619: obj =  -8.311667298e-07 inf =   0.000e+00 (902) 5 100%
# 97152: obj =  -8.592604869e-07 inf =   0.000e+00 (369) 5 100%
# 97681: obj =  -8.483484419e-07 inf =   0.000e+00 (67) 5 100%
# 97734: obj =   0.000000000e+00 inf =   0.000e+00 (0) 1 100%
Solution found by heuristic: 0
+ 97734: mip =   0.000000000e+00 >=     tree is empty   0.0% (0; 55)
INTEGER OPTIMAL SOLUTION FOUND
Time used:   575.0 secs
Memory used: 115.0 Mb (120545190 bytes)
Writing MIP solution to 'input/gemsec-Facebook.html/new_sites_edges.csv.gz.392.lp.reach_chain_detours.lp.sol'...
Objective:  obj = 0 (MINimum)
