GLPSOL--GLPK LP/MIP Solver 5.0
Parameter(s) specified in the command line:
 --lp input/higgs-twitter.html/higgs-reply_network.edgelist.gz.15.lp -o input/higgs-twitter.html/higgs-reply_network.edgelist.gz.15.lp.sol
Reading problem data from 'input/higgs-twitter.html/higgs-reply_network.edgelist.gz.15.lp'...
32183 rows, 103043 columns, 160902 non-zeros
103043 integer variables, all of which are binary
135231 lines were read
GLPK Integer Optimizer 5.0
32183 rows, 103043 columns, 160902 non-zeros
103043 integer variables, all of which are binary
Preprocessing...
32137 rows, 102988 columns, 159483 non-zeros
102988 integer variables, all of which are binary
Scaling...
 A: min|aij| =  1.000e+00  max|aij| =  1.000e+00  ratio =  1.000e+00
Problem data seem to be well scaled
Constructing initial basis...
Size of triangular part is 32137
Solving LP relaxation...
GLPK Simplex Optimizer 5.0
32137 rows, 102988 columns, 159483 non-zeros
      0: obj =   0.000000000e+00 inf =   1.206e+03 (1206)
   1206: obj =   1.289000000e+03 inf =   0.000e+00 (0)
Perturbing LP to avoid stalling [1473]...
*  5104: obj =   8.000000000e+00 inf =   0.000e+00 (1104) 9
Removing LP perturbation [6999]...
*  6999: obj =   0.000000000e+00 inf =   0.000e+00 (0) 8
OPTIMAL LP SOLUTION FOUND
Integer optimization begins...
Long-step dual simplex will be used
+  6999: mip =     not found yet >=              -inf        (1; 0)
+  6999: mip =     not found yet >=   0.000000000e+00        (2; 0)
+  7047: mip =     not found yet >=   0.000000000e+00        (3; 0)
+  7049: mip =     not found yet >=   0.000000000e+00        (4; 0)
+  7056: mip =     not found yet >=   0.000000000e+00        (5; 0)
+  7057: mip =     not found yet >=   0.000000000e+00        (6; 0)
+  7079: mip =     not found yet >=   0.000000000e+00        (7; 0)
+  7080: mip =     not found yet >=   0.000000000e+00        (8; 0)
Time used: 65.3 secs.  Memory used: 87.4 Mb.
+  7081: mip =     not found yet >=   0.000000000e+00        (9; 0)
+  7082: mip =     not found yet >=   0.000000000e+00        (10; 0)
+  7084: mip =     not found yet >=   0.000000000e+00        (11; 0)
+  7088: mip =     not found yet >=   0.000000000e+00        (12; 0)
Solution found by heuristic: 0
+  7089: mip =   0.000000000e+00 >=     tree is empty   0.0% (0; 23)
INTEGER OPTIMAL SOLUTION FOUND
Time used:   111.0 secs
Memory used: 108.2 Mb (113486494 bytes)
Writing MIP solution to 'input/higgs-twitter.html/higgs-reply_network.edgelist.gz.15.lp.sol'...
Objective:  obj = 0 (MINimum)
