Version 1.2 launched as -e 0.1 12 input/p2p-Gnutella25.html/p2p-Gnutella25.txt.gz 21


Execution time and memory used at after reading from file: 2.840000e+00 seconds, 18919424 bytes of memory usage, 18512 kB of memory peak and 00:02 elapsed time
Statistics on the network after reading from file
	Number of nodes: 22687
	Number of allocated nodes: 23552
	Number of edges: 54705
	Maximum in degree: 36 (node 464)
	Maximum out degree: 64 (node 16067)

Execution time and memory used at after adding costs: 2.840000e+00 seconds, 18919424 bytes of memory usage, 18512 kB of memory peak and 00:02 elapsed time
Statistics on the network after adding costs
	Number of nodes: 22687
	Number of allocated nodes: 23552
	Number of edges: 54705
	Maximum in degree: 36 (node 464)
	Maximum out degree: 64 (node 16067)

Execution time and memory used at before starting main computation: 2.850000e+00 seconds, 19136512 bytes of memory usage, 19204 kB of memory peak and 00:02 elapsed time
Statistics on the network before starting main computation
	Number of nodes: 22687
	Number of allocated nodes: 23552
	Number of edges: 54705
	Maximum in degree: 36 (node 464)
	Maximum out degree: 64 (node 16067)
	source 11537 (node 16067) with out degree 64
	target 467 (node 464) with in degree 36

Execution time and memory used at after iteration 1 (MF = 15.250000): 2.091000e+01 seconds, 73678848 bytes of memory usage, 82380 kB of memory peak and 00:21 elapsed time
Statistics on the network after iteration 1 (MF = 15.250000)
	Number of nodes: 22687
	Number of allocated nodes: 23552
	Number of edges: 54705
	Maximum in degree: 36 (node 464)
	Maximum out degree: 64 (node 16067)
	source 11537 (node 16067) with out degree 64
	target 467 (node 464) with in degree 36

Execution time and memory used at after iteration 2 (MF = 6.590000): 2.177000e+01 seconds, 73678848 bytes of memory usage, 82448 kB of memory peak and 00:21 elapsed time
Statistics on the network after iteration 2 (MF = 6.590000)
	Number of nodes: 22687
	Number of allocated nodes: 23552
	Number of edges: 54705
	Maximum in degree: 36 (node 464)
	Maximum out degree: 64 (node 16067)
	source 11537 (node 16067) with out degree 64
	target 467 (node 464) with in degree 36

Execution time and memory used at after iteration 3 (MF = 11.140000): 2.625000e+01 seconds, 92303360 bytes of memory usage, 97864 kB of memory peak and 00:26 elapsed time
Statistics on the network after iteration 3 (MF = 11.140000)
	Number of nodes: 22687
	Number of allocated nodes: 23552
	Number of edges: 54705
	Maximum in degree: 36 (node 464)
	Maximum out degree: 64 (node 16067)
	source 11537 (node 16067) with out degree 64
	target 467 (node 464) with in degree 36

Execution time and memory used at after iteration 4 (MF = 9.700000): 4.080000e+01 seconds, 92143616 bytes of memory usage, 121408 kB of memory peak and 00:40 elapsed time
Statistics on the network after iteration 4 (MF = 9.700000)
	Number of nodes: 22687
	Number of allocated nodes: 23552
	Number of edges: 54705
	Maximum in degree: 36 (node 464)
	Maximum out degree: 64 (node 16067)
	source 11537 (node 16067) with out degree 64
	target 467 (node 464) with in degree 36

Execution time and memory used at after iteration 5 (MF = 11.030000): 8.786000e+01 seconds, 89960448 bytes of memory usage, 145288 kB of memory peak and 01:28 elapsed time
Statistics on the network after iteration 5 (MF = 11.030000)
	Number of nodes: 22687
	Number of allocated nodes: 23552
	Number of edges: 54705
	Maximum in degree: 36 (node 464)
	Maximum out degree: 64 (node 16067)
	source 11537 (node 16067) with out degree 64
	target 467 (node 464) with in degree 36

Execution time and memory used at after iteration 6 (MF = 10.950000): 2.182100e+02 seconds, 89960448 bytes of memory usage, 145288 kB of memory peak and 03:38 elapsed time
Statistics on the network after iteration 6 (MF = 10.950000)
	Number of nodes: 22687
	Number of allocated nodes: 23552
	Number of edges: 54705
	Maximum in degree: 36 (node 464)
	Maximum out degree: 64 (node 16067)
	source 11537 (node 16067) with out degree 64
	target 467 (node 464) with in degree 36

Execution time and memory used at after iteration 7 (MF = 10.590000): 5.676100e+02 seconds, 89960448 bytes of memory usage, 145288 kB of memory peak and 09:27 elapsed time
Statistics on the network after iteration 7 (MF = 10.590000)
	Number of nodes: 22687
	Number of allocated nodes: 23552
	Number of edges: 54705
	Maximum in degree: 36 (node 464)
	Maximum out degree: 64 (node 16067)
	source 11537 (node 16067) with out degree 64
	target 467 (node 464) with in degree 36

Execution time and memory used at after iteration 8 (MF = 10.690000): 2.347570e+03 seconds, 89960448 bytes of memory usage, 176688 kB of memory peak and 39:07 elapsed time
Statistics on the network after iteration 8 (MF = 10.690000)
	Number of nodes: 22687
	Number of allocated nodes: 23552
	Number of edges: 54705
	Maximum in degree: 36 (node 464)
	Maximum out degree: 64 (node 16067)
	source 11537 (node 16067) with out degree 64
	target 467 (node 464) with in degree 36

Execution time and memory used at after iteration 9 (MF = 11.270000): 2.550250e+03 seconds, 89960448 bytes of memory usage, 176688 kB of memory peak and 42:30 elapsed time
Statistics on the network after iteration 9 (MF = 11.270000)
	Number of nodes: 22687
	Number of allocated nodes: 23552
	Number of edges: 54705
	Maximum in degree: 36 (node 464)
	Maximum out degree: 64 (node 16067)
	source 11537 (node 16067) with out degree 64
	target 467 (node 464) with in degree 36

Execution time and memory used at after iteration 10 (MF = 10.350000): 2.809100e+03 seconds, 89960448 bytes of memory usage, 176688 kB of memory peak and 46:49 elapsed time
Statistics on the network after iteration 10 (MF = 10.350000)
	Number of nodes: 22687
	Number of allocated nodes: 23552
	Number of edges: 54705
	Maximum in degree: 36 (node 464)
	Maximum out degree: 64 (node 16067)
	source 11537 (node 16067) with out degree 64
	target 467 (node 464) with in degree 36

Execution time and memory used at after iteration 11 (MF = 11.020000): 3.428940e+03 seconds, 94470144 bytes of memory usage, 176688 kB of memory peak and 57:09 elapsed time
Statistics on the network after iteration 11 (MF = 11.020000)
	Number of nodes: 22687
	Number of allocated nodes: 23552
	Number of edges: 54705
	Maximum in degree: 36 (node 464)
	Maximum out degree: 64 (node 16067)
	source 11537 (node 16067) with out degree 64
	target 467 (node 464) with in degree 36

Execution time and memory used at after iteration 12 (MF = 10.470000): 3.742000e+03 seconds, 94470144 bytes of memory usage, 176688 kB of memory peak and 01:02:22 elapsed time
Statistics on the network after iteration 12 (MF = 10.470000)
	Number of nodes: 22687
	Number of allocated nodes: 23552
	Number of edges: 54705
	Maximum in degree: 36 (node 464)
	Maximum out degree: 64 (node 16067)
	source 11537 (node 16067) with out degree 64
	target 467 (node 464) with in degree 36

Execution time and memory used at after iteration 13 (MF = 11.080000): 4.062350e+03 seconds, 89960448 bytes of memory usage, 176688 kB of memory peak and 01:07:42 elapsed time
Statistics on the network after iteration 13 (MF = 11.080000)
	Number of nodes: 22687
	Number of allocated nodes: 23552
	Number of edges: 54705
	Maximum in degree: 36 (node 464)
	Maximum out degree: 64 (node 16067)
	source 11537 (node 16067) with out degree 64
	target 467 (node 464) with in degree 36

Execution time and memory used at after iteration 14 (MF = 11.020000): 4.793630e+03 seconds, 89960448 bytes of memory usage, 176688 kB of memory peak and 01:19:54 elapsed time
Statistics on the network after iteration 14 (MF = 11.020000)
	Number of nodes: 22687
	Number of allocated nodes: 23552
	Number of edges: 54705
	Maximum in degree: 36 (node 464)
	Maximum out degree: 64 (node 16067)
	source 11537 (node 16067) with out degree 64
	target 467 (node 464) with in degree 36

Execution time and memory used at after iteration 15 (MF = 8.340000): 4.798600e+03 seconds, 91074560 bytes of memory usage, 176688 kB of memory peak and 01:19:59 elapsed time
Statistics on the network after iteration 15 (MF = 8.340000)
	Number of nodes: 22687
	Number of allocated nodes: 23552
	Number of edges: 54705
	Maximum in degree: 36 (node 464)
	Maximum out degree: 64 (node 16067)
	source 11537 (node 16067) with out degree 64
	target 467 (node 464) with in degree 36

Execution time and memory used at after iteration 16 (MF = 11.500000): 4.873510e+03 seconds, 92000256 bytes of memory usage, 176688 kB of memory peak and 01:21:14 elapsed time
Statistics on the network after iteration 16 (MF = 11.500000)
	Number of nodes: 22687
	Number of allocated nodes: 23552
	Number of edges: 54705
	Maximum in degree: 36 (node 464)
	Maximum out degree: 64 (node 16067)
	source 11537 (node 16067) with out degree 64
	target 467 (node 464) with in degree 36

Execution time and memory used at after iteration 17 (MF = 10.870000): 4.942160e+03 seconds, 89960448 bytes of memory usage, 176688 kB of memory peak and 01:22:22 elapsed time
Statistics on the network after iteration 17 (MF = 10.870000)
	Number of nodes: 22687
	Number of allocated nodes: 23552
	Number of edges: 54705
	Maximum in degree: 36 (node 464)
	Maximum out degree: 64 (node 16067)
	source 11537 (node 16067) with out degree 64
	target 467 (node 464) with in degree 36

Execution time and memory used at after iteration 18 (MF = 10.360000): 5.133830e+03 seconds, 89960448 bytes of memory usage, 176688 kB of memory peak and 01:25:34 elapsed time
Statistics on the network after iteration 18 (MF = 10.360000)
	Number of nodes: 22687
	Number of allocated nodes: 23552
	Number of edges: 54705
	Maximum in degree: 36 (node 464)
	Maximum out degree: 64 (node 16067)
	source 11537 (node 16067) with out degree 64
	target 467 (node 464) with in degree 36

Execution time and memory used at after iteration 19 (MF = 9.710000): 5.186790e+03 seconds, 89960448 bytes of memory usage, 176688 kB of memory peak and 01:26:27 elapsed time
Statistics on the network after iteration 19 (MF = 9.710000)
	Number of nodes: 22687
	Number of allocated nodes: 23552
	Number of edges: 54705
	Maximum in degree: 36 (node 464)
	Maximum out degree: 64 (node 16067)
	source 11537 (node 16067) with out degree 64
	target 467 (node 464) with in degree 36

Execution time and memory used at after iteration 20 (MF = 10.320000): 6.258710e+03 seconds, 89960448 bytes of memory usage, 234840 kB of memory peak and 01:44:19 elapsed time
Statistics on the network after iteration 20 (MF = 10.320000)
	Number of nodes: 22687
	Number of allocated nodes: 23552
	Number of edges: 54705
	Maximum in degree: 36 (node 464)
	Maximum out degree: 64 (node 16067)
	source 11537 (node 16067) with out degree 64
	target 467 (node 464) with in degree 36

Execution time and memory used at after iteration 21 (MF = 9.840000): 6.730350e+03 seconds, 126291968 bytes of memory usage, 251008 kB of memory peak and 01:52:11 elapsed time
Statistics on the network after iteration 21 (MF = 9.840000)
	Number of nodes: 22687
	Number of allocated nodes: 23552
	Number of edges: 54705
	Maximum in degree: 36 (node 464)
	Maximum out degree: 64 (node 16067)
	source 11537 (node 16067) with out degree 64
	target 467 (node 464) with in degree 36

Execution time and memory used at after iteration 22 (MF = 10.270000): 7.210420e+03 seconds, 130666496 bytes of memory usage, 251008 kB of memory peak and 02:00:11 elapsed time
Statistics on the network after iteration 22 (MF = 10.270000)
	Number of nodes: 22687
	Number of allocated nodes: 23552
	Number of edges: 54705
	Maximum in degree: 36 (node 464)
	Maximum out degree: 64 (node 16067)
	source 11537 (node 16067) with out degree 64
	target 467 (node 464) with in degree 36

Execution time and memory used at after iteration 23 (MF = 9.710000): 9.015280e+03 seconds, 126291968 bytes of memory usage, 251008 kB of memory peak and 02:30:16 elapsed time
Statistics on the network after iteration 23 (MF = 9.710000)
	Number of nodes: 22687
	Number of allocated nodes: 23552
	Number of edges: 54705
	Maximum in degree: 36 (node 464)
	Maximum out degree: 64 (node 16067)
	source 11537 (node 16067) with out degree 64
	target 467 (node 464) with in degree 36

Execution time and memory used at after iteration 24 (MF = 9.630000): 9.742990e+03 seconds, 131723264 bytes of memory usage, 251008 kB of memory peak and 02:42:24 elapsed time
Statistics on the network after iteration 24 (MF = 9.630000)
	Number of nodes: 22687
	Number of allocated nodes: 23552
	Number of edges: 54705
	Maximum in degree: 36 (node 464)
	Maximum out degree: 64 (node 16067)
	source 11537 (node 16067) with out degree 64
	target 467 (node 464) with in degree 36

Execution time and memory used at after iteration 25 (MF = 9.450000): 1.007850e+04 seconds, 131723264 bytes of memory usage, 261360 kB of memory peak and 02:47:59 elapsed time
Statistics on the network after iteration 25 (MF = 9.450000)
	Number of nodes: 22687
	Number of allocated nodes: 23552
	Number of edges: 54705
	Maximum in degree: 36 (node 464)
	Maximum out degree: 64 (node 16067)
	source 11537 (node 16067) with out degree 64
	target 467 (node 464) with in degree 36

Execution time and memory used at after iteration 26 (MF = 10.380000): 1.228675e+04 seconds, 131723264 bytes of memory usage, 499656 kB of memory peak and 03:24:48 elapsed time
Statistics on the network after iteration 26 (MF = 10.380000)
	Number of nodes: 22687
	Number of allocated nodes: 23552
	Number of edges: 54705
	Maximum in degree: 36 (node 464)
	Maximum out degree: 64 (node 16067)
	source 11537 (node 16067) with out degree 64
	target 467 (node 464) with in degree 36

Execution time and memory used at after iteration 27 (MF = 9.710000): 1.817443e+04 seconds, 135016448 bytes of memory usage, 499656 kB of memory peak and 05:02:56 elapsed time
Statistics on the network after iteration 27 (MF = 9.710000)
	Number of nodes: 22687
	Number of allocated nodes: 23552
	Number of edges: 54705
	Maximum in degree: 36 (node 464)
	Maximum out degree: 64 (node 16067)
	source 11537 (node 16067) with out degree 64
	target 467 (node 464) with in degree 36

Execution time and memory used at after iteration 28 (MF = 10.240000): 2.405803e+04 seconds, 131723264 bytes of memory usage, 499656 kB of memory peak and 06:41:00 elapsed time
Statistics on the network after iteration 28 (MF = 10.240000)
	Number of nodes: 22687
	Number of allocated nodes: 23552
	Number of edges: 54705
	Maximum in degree: 36 (node 464)
	Maximum out degree: 64 (node 16067)
	source 11537 (node 16067) with out degree 64
	target 467 (node 464) with in degree 36

Execution time and memory used at after iteration 29 (MF = 10.410000): 3.316496e+04 seconds, 131723264 bytes of memory usage, 499656 kB of memory peak and 09:12:47 elapsed time
Statistics on the network after iteration 29 (MF = 10.410000)
	Number of nodes: 22687
	Number of allocated nodes: 23552
	Number of edges: 54705
	Maximum in degree: 36 (node 464)
	Maximum out degree: 64 (node 16067)
	source 11537 (node 16067) with out degree 64
	target 467 (node 464) with in degree 36

Execution time and memory used at after iteration 30 (MF = 10.290000): 4.633743e+04 seconds, 131723264 bytes of memory usage, 499656 kB of memory peak and 12:52:20 elapsed time
Statistics on the network after iteration 30 (MF = 10.290000)
	Number of nodes: 22687
	Number of allocated nodes: 23552
	Number of edges: 54705
	Maximum in degree: 36 (node 464)
	Maximum out degree: 64 (node 16067)
	source 11537 (node 16067) with out degree 64
	target 467 (node 464) with in degree 36

Execution time and memory used at after iteration 31 (MF = 10.120000): 5.768259e+04 seconds, 131723264 bytes of memory usage, 499656 kB of memory peak and 16:01:25 elapsed time
Statistics on the network after iteration 31 (MF = 10.120000)
	Number of nodes: 22687
	Number of allocated nodes: 23552
	Number of edges: 54705
	Maximum in degree: 36 (node 464)
	Maximum out degree: 64 (node 16067)
	source 11537 (node 16067) with out degree 64
	target 467 (node 464) with in degree 36

Execution time and memory used at after iteration 32 (MF = 10.660000): 7.029493e+04 seconds, 142237696 bytes of memory usage, 499656 kB of memory peak and 19:31:38 elapsed time
Statistics on the network after iteration 32 (MF = 10.660000)
	Number of nodes: 22687
	Number of allocated nodes: 23552
	Number of edges: 54705
	Maximum in degree: 36 (node 464)
	Maximum out degree: 64 (node 16067)
	source 11537 (node 16067) with out degree 64
	target 467 (node 464) with in degree 36

Execution time and memory used at after iteration 33 (MF = 10.310000): 8.292231e+04 seconds, 139894784 bytes of memory usage, 499656 kB of memory peak and 23:02:06 elapsed time
Statistics on the network after iteration 33 (MF = 10.310000)
	Number of nodes: 22687
	Number of allocated nodes: 23552
	Number of edges: 54705
	Maximum in degree: 36 (node 464)
	Maximum out degree: 64 (node 16067)
	source 11537 (node 16067) with out degree 64
	target 467 (node 464) with in degree 36

Execution time and memory used at after iteration 34 (MF = 10.280000): 9.534007e+04 seconds, 139894784 bytes of memory usage, 499656 kB of memory peak and 1-02:29:04 elapsed time
Statistics on the network after iteration 34 (MF = 10.280000)
	Number of nodes: 22687
	Number of allocated nodes: 23552
	Number of edges: 54705
	Maximum in degree: 36 (node 464)
	Maximum out degree: 64 (node 16067)
	source 11537 (node 16067) with out degree 64
	target 467 (node 464) with in degree 36

Execution time and memory used at after iteration 35 (MF = 10.740000): 1.076641e+05 seconds, 139894784 bytes of memory usage, 499656 kB of memory peak and 1-05:54:29 elapsed time
Statistics on the network after iteration 35 (MF = 10.740000)
	Number of nodes: 22687
	Number of allocated nodes: 23552
	Number of edges: 54705
	Maximum in degree: 36 (node 464)
	Maximum out degree: 64 (node 16067)
	source 11537 (node 16067) with out degree 64
	target 467 (node 464) with in degree 36

Execution time and memory used at after iteration 36 (MF = 10.970000): 1.216413e+05 seconds, 139894784 bytes of memory usage, 499656 kB of memory peak and 1-09:47:27 elapsed time
Statistics on the network after iteration 36 (MF = 10.970000)
	Number of nodes: 22687
	Number of allocated nodes: 23552
	Number of edges: 54705
	Maximum in degree: 36 (node 464)
	Maximum out degree: 64 (node 16067)
	source 11537 (node 16067) with out degree 64
	target 467 (node 464) with in degree 36

Execution time and memory used at after iteration 37 (MF = 10.300000): 1.360875e+05 seconds, 139894784 bytes of memory usage, 499656 kB of memory peak and 1-13:48:14 elapsed time
Statistics on the network after iteration 37 (MF = 10.300000)
	Number of nodes: 22687
	Number of allocated nodes: 23552
	Number of edges: 54705
	Maximum in degree: 36 (node 464)
	Maximum out degree: 64 (node 16067)
	source 11537 (node 16067) with out degree 64
	target 467 (node 464) with in degree 36

Execution time and memory used at after iteration 38 (MF = 10.970000): 1.448305e+05 seconds, 151482368 bytes of memory usage, 499656 kB of memory peak and 1-16:13:57 elapsed time
Statistics on the network after iteration 38 (MF = 10.970000)
	Number of nodes: 22687
	Number of allocated nodes: 23552
	Number of edges: 54705
	Maximum in degree: 36 (node 464)
	Maximum out degree: 64 (node 16067)
	source 11537 (node 16067) with out degree 64
	target 467 (node 464) with in degree 36

Execution time and memory used at after iteration 39 (MF = 9.700000): 1.619727e+05 seconds, 248578048 bytes of memory usage, 499656 kB of memory peak and 1-20:59:40 elapsed time
Statistics on the network after iteration 39 (MF = 9.700000)
	Number of nodes: 22687
	Number of allocated nodes: 23552
	Number of edges: 54705
	Maximum in degree: 36 (node 464)
	Maximum out degree: 64 (node 16067)
	source 11537 (node 16067) with out degree 64
	target 467 (node 464) with in degree 36

Execution time and memory used at after iteration 40 (MF = 10.490000): 1.755448e+05 seconds, 151482368 bytes of memory usage, 499656 kB of memory peak and 2-00:45:53 elapsed time
Statistics on the network after iteration 40 (MF = 10.490000)
	Number of nodes: 22687
	Number of allocated nodes: 23552
	Number of edges: 54705
	Maximum in degree: 36 (node 464)
	Maximum out degree: 64 (node 16067)
	source 11537 (node 16067) with out degree 64
	target 467 (node 464) with in degree 36

Execution time and memory used at after iteration 41 (MF = 10.380000): 1.949708e+05 seconds, 151482368 bytes of memory usage, 499656 kB of memory peak and 2-06:09:40 elapsed time
Statistics on the network after iteration 41 (MF = 10.380000)
	Number of nodes: 22687
	Number of allocated nodes: 23552
	Number of edges: 54705
	Maximum in degree: 36 (node 464)
	Maximum out degree: 64 (node 16067)
	source 11537 (node 16067) with out degree 64
	target 467 (node 464) with in degree 36

Execution time and memory used at after iteration 42 (MF = 10.700000): 2.123077e+05 seconds, 151482368 bytes of memory usage, 499656 kB of memory peak and 2-10:58:38 elapsed time
Statistics on the network after iteration 42 (MF = 10.700000)
	Number of nodes: 22687
	Number of allocated nodes: 23552
	Number of edges: 54705
	Maximum in degree: 36 (node 464)
	Maximum out degree: 64 (node 16067)
	source 11537 (node 16067) with out degree 64
	target 467 (node 464) with in degree 36

Execution time and memory used at after iteration 43 (MF = 10.940000): 2.355191e+05 seconds, 151482368 bytes of memory usage, 499656 kB of memory peak and 2-17:25:30 elapsed time
Statistics on the network after iteration 43 (MF = 10.940000)
	Number of nodes: 22687
	Number of allocated nodes: 23552
	Number of edges: 54705
	Maximum in degree: 36 (node 464)
	Maximum out degree: 64 (node 16067)
	source 11537 (node 16067) with out degree 64
	target 467 (node 464) with in degree 36

Execution time and memory used at after iteration 44 (MF = 10.360000): 2.596865e+05 seconds, 151482368 bytes of memory usage, 499656 kB of memory peak and 3-00:08:19 elapsed time
Statistics on the network after iteration 44 (MF = 10.360000)
	Number of nodes: 22687
	Number of allocated nodes: 23552
	Number of edges: 54705
	Maximum in degree: 36 (node 464)
	Maximum out degree: 64 (node 16067)
	source 11537 (node 16067) with out degree 64
	target 467 (node 464) with in degree 36

Execution time and memory used at after iteration 45 (MF = 10.380000): 2.749512e+05 seconds, 151482368 bytes of memory usage, 499656 kB of memory peak and 3-04:22:44 elapsed time
Statistics on the network after iteration 45 (MF = 10.380000)
	Number of nodes: 22687
	Number of allocated nodes: 23552
	Number of edges: 54705
	Maximum in degree: 36 (node 464)
	Maximum out degree: 64 (node 16067)
	source 11537 (node 16067) with out degree 64
	target 467 (node 464) with in degree 36

Execution time and memory used at after iteration 46 (MF = 10.120000): 3.072148e+05 seconds, 151482368 bytes of memory usage, 786260 kB of memory peak and 3-13:20:29 elapsed time
Statistics on the network after iteration 46 (MF = 10.120000)
	Number of nodes: 22687
	Number of allocated nodes: 23552
	Number of edges: 54705
	Maximum in degree: 36 (node 464)
	Maximum out degree: 64 (node 16067)
	source 11537 (node 16067) with out degree 64
	target 467 (node 464) with in degree 36

Execution time and memory used at after iteration 47 (MF = 9.460000): 3.394511e+05 seconds, 151482368 bytes of memory usage, 786260 kB of memory peak and 3-22:17:49 elapsed time
Statistics on the network after iteration 47 (MF = 9.460000)
	Number of nodes: 22687
	Number of allocated nodes: 23552
	Number of edges: 54705
	Maximum in degree: 36 (node 464)
	Maximum out degree: 64 (node 16067)
	source 11537 (node 16067) with out degree 64
	target 467 (node 464) with in degree 36
