	Command being timed: "/usr/app/src/glpk-5.0/examples/glpsol --lp input/gemsec-Facebook.html/new_sites_edges.csv.gz.343.lp -o input/gemsec-Facebook.html/new_sites_edges.csv.gz.343.lp.sol"
	User time (seconds): 2906.58
	System time (seconds): 2.24
	Percent of CPU this job got: 99%
	Elapsed (wall clock) time (h:mm:ss or m:ss): 48:28.98
	Average shared text size (kbytes): 0
	Average unshared data size (kbytes): 0
	Average stack size (kbytes): 0
	Average total size (kbytes): 0
	Maximum resident set size (kbytes): 520240
	Average resident set size (kbytes): 0
	Major (requiring I/O) page faults: 0
	Minor (reclaiming a frame) page faults: 238651
	Voluntary context switches: 32
	Involuntary context switches: 3003
	Swaps: 0
	File system inputs: 0
	File system outputs: 90984
	Socket messages sent: 0
	Socket messages received: 0
	Signals delivered: 0
	Page size (bytes): 4096
	Exit status: 0
