	Command being timed: "/usr/app/src/glpk-5.0/examples/glpsol --lp input/web-NotreDame.html/web-NotreDame.txt.gz.1376.lp -o input/web-NotreDame.html/web-NotreDame.txt.gz.1376.lp.sol"
	User time (seconds): 1719.89
	System time (seconds): 6.78
	Percent of CPU this job got: 99%
	Elapsed (wall clock) time (h:mm:ss or m:ss): 28:49.37
	Average shared text size (kbytes): 0
	Average unshared data size (kbytes): 0
	Average stack size (kbytes): 0
	Average total size (kbytes): 0
	Maximum resident set size (kbytes): 3757216
	Average resident set size (kbytes): 0
	Major (requiring I/O) page faults: 0
	Minor (reclaiming a frame) page faults: 1304584
	Voluntary context switches: 36
	Involuntary context switches: 1105
	Swaps: 0
	File system inputs: 0
	File system outputs: 737136
	Socket messages sent: 0
	Socket messages received: 0
	Signals delivered: 0
	Page size (bytes): 4096
	Exit status: 0
