GLPSOL--GLPK LP/MIP Solver 5.0
Parameter(s) specified in the command line:
 --lp input/Oregon-2.html/oregon2_010505.txt.gz.184.lp -o input/Oregon-2.html/oregon2_010505.txt.gz.184.lp.sol
Reading problem data from 'input/Oregon-2.html/oregon2_010505.txt.gz.184.lp'...
30947 rows, 73045 columns, 154722 non-zeros
73045 integer variables, all of which are binary
103997 lines were read
GLPK Integer Optimizer 5.0
30947 rows, 73045 columns, 154722 non-zeros
73045 integer variables, all of which are binary
Preprocessing...
1 hidden packing inequaliti(es) were detected
30554 rows, 72624 columns, 150562 non-zeros
72624 integer variables, all of which are binary
Scaling...
 A: min|aij| =  1.000e+00  max|aij| =  1.000e+00  ratio =  1.000e+00
Problem data seem to be well scaled
Constructing initial basis...
Size of triangular part is 30554
Solving LP relaxation...
GLPK Simplex Optimizer 5.0
30554 rows, 72624 columns, 150562 non-zeros
      0: obj =   0.000000000e+00 inf =   2.340e+02 (234)
    234: obj =   6.082769900e+01 inf =   0.000e+00 (0)
Perturbing LP to avoid stalling [436]...
*  2569: obj =   1.771330811e+01 inf =   2.112e-05 (1048) 19
Removing LP perturbation [3789]...
*  3789: obj =   0.000000000e+00 inf =   0.000e+00 (0) 8
OPTIMAL LP SOLUTION FOUND
Integer optimization begins...
Long-step dual simplex will be used
+  3789: mip =     not found yet >=              -inf        (1; 0)
+  3789: >>>>>   0.000000000e+00 >=   0.000000000e+00   0.0% (1; 0)
+  3789: mip =   0.000000000e+00 >=     tree is empty   0.0% (0; 1)
INTEGER OPTIMAL SOLUTION FOUND
Time used:   8.5 secs
Memory used: 83.3 Mb (87395478 bytes)
Writing MIP solution to 'input/Oregon-2.html/oregon2_010505.txt.gz.184.lp.sol'...
Objective:  obj = 0 (MINimum)
