	Command being timed: "/usr/app/src/glpk-5.0/examples/glpsol --lp input/soc-RedditHyperlinks.html/soc-redditHyperlinks-body.tsv.gz.1072.lp -o input/soc-RedditHyperlinks.html/soc-redditHyperlinks-body.tsv.gz.1072.lp.sol"
	User time (seconds): 190434.60
	System time (seconds): 96.54
	Percent of CPU this job got: 99%
	Elapsed (wall clock) time (h:mm:ss or m:ss): 52:56:03
	Average shared text size (kbytes): 0
	Average unshared data size (kbytes): 0
	Average stack size (kbytes): 0
	Average total size (kbytes): 0
	Maximum resident set size (kbytes): 371864
	Average resident set size (kbytes): 0
	Major (requiring I/O) page faults: 5
	Minor (reclaiming a frame) page faults: 4718945
	Voluntary context switches: 10493
	Involuntary context switches: 355375
	Swaps: 0
	File system inputs: 648
	File system outputs: 124096
	Socket messages sent: 0
	Socket messages received: 0
	Signals delivered: 0
	Page size (bytes): 4096
	Exit status: 0
