	Command being timed: "/usr/app/src/glpk-5.0/examples/glpsol --lp input/as-Caida.html/as-caida20071105.txt.gz.546.lp -o input/as-Caida.html/as-caida20071105.txt.gz.546.lp.sol"
	User time (seconds): 4117.24
	System time (seconds): 3.57
	Percent of CPU this job got: 99%
	Elapsed (wall clock) time (h:mm:ss or m:ss): 1:08:46
	Average shared text size (kbytes): 0
	Average unshared data size (kbytes): 0
	Average stack size (kbytes): 0
	Average total size (kbytes): 0
	Maximum resident set size (kbytes): 279156
	Average resident set size (kbytes): 0
	Major (requiring I/O) page faults: 0
	Minor (reclaiming a frame) page faults: 229736
	Voluntary context switches: 137
	Involuntary context switches: 17449
	Swaps: 0
	File system inputs: 0
	File system outputs: 52576
	Socket messages sent: 0
	Socket messages received: 0
	Signals delivered: 0
	Page size (bytes): 4096
	Exit status: 0
