	Command being timed: "/usr/app/src/glpk-5.0/examples/glpsol --lp input/ca-CondMat.html/ca-CondMat.txt.gz.60.lp -o input/ca-CondMat.html/ca-CondMat.txt.gz.60.lp.sol"
	User time (seconds): 21210.71
	System time (seconds): 19.32
	Percent of CPU this job got: 99%
	Elapsed (wall clock) time (h:mm:ss or m:ss): 5:53:50
	Average shared text size (kbytes): 0
	Average unshared data size (kbytes): 0
	Average stack size (kbytes): 0
	Average total size (kbytes): 0
	Maximum resident set size (kbytes): 469600
	Average resident set size (kbytes): 0
	Major (requiring I/O) page faults: 0
	Minor (reclaiming a frame) page faults: 1985861
	Voluntary context switches: 465
	Involuntary context switches: 12453
	Swaps: 0
	File system inputs: 0
	File system outputs: 93568
	Socket messages sent: 0
	Socket messages received: 0
	Signals delivered: 0
	Page size (bytes): 4096
	Exit status: 0
