Version 1.2 launched as -e 0.1 12 input/higgs-twitter.html/higgs-social_network.edgelist.gz 500


Execution time and memory used at after reading from file: 8.356288e+04 seconds, 548134912 bytes of memory usage, 535324 kB of memory peak and 23:12:52 elapsed time
Statistics on the network after reading from file
	Number of nodes: 456626
	Number of allocated nodes: 456704
	Number of edges: 14855819
	Maximum in degree: 51386 (node 1503)
	Maximum out degree: 1259 (node 13115)

Execution time and memory used at after adding costs: 8.356331e+04 seconds, 548134912 bytes of memory usage, 535324 kB of memory peak and 23:12:53 elapsed time
Statistics on the network after adding costs
	Number of nodes: 456626
	Number of allocated nodes: 456704
	Number of edges: 14855819
	Maximum in degree: 51386 (node 1503)
	Maximum out degree: 1259 (node 13115)

Execution time and memory used at before starting main computation: 8.396580e+04 seconds, 559624192 bytes of memory usage, 551880 kB of memory peak and 23:19:35 elapsed time
Statistics on the network before starting main computation
	Number of nodes: 456626
	Number of allocated nodes: 456704
	Number of edges: 14855819
	Maximum in degree: 51386 (node 1503)
	Maximum out degree: 1259 (node 13115)
	source 13114 (node 13115) with out degree 1259
	target 1502 (node 1503) with in degree 51386

Execution time and memory used at after iteration 1 (MF = 78.054725): 2.209096e+05 seconds, 13014781952 bytes of memory usage, 17907796 kB of memory peak and 2-13:22:09 elapsed time
Statistics on the network after iteration 1 (MF = 78.054725)
	Number of nodes: 456626
	Number of allocated nodes: 456704
	Number of edges: 14855819
	Maximum in degree: 51386 (node 1503)
	Maximum out degree: 1259 (node 13115)
	source 13114 (node 13115) with out degree 1259
	target 1502 (node 1503) with in degree 51386

Execution time and memory used at after iteration 2 (MF = 58.323924): 3.365548e+05 seconds, 16410165248 bytes of memory usage, 19074200 kB of memory peak and 3-21:29:41 elapsed time
Statistics on the network after iteration 2 (MF = 58.323924)
	Number of nodes: 456626
	Number of allocated nodes: 456704
	Number of edges: 14855819
	Maximum in degree: 51386 (node 1503)
	Maximum out degree: 1259 (node 13115)
	source 13114 (node 13115) with out degree 1259
	target 1502 (node 1503) with in degree 51386
