Launched as 5 input/amazon0601.html/amazon0601.txt.gz 0


Execution time and memory used at after reading from file: 1.579155e+04 seconds, 174342144 bytes of memory usage, 170292 kB of memory peak and 04:25:41 elapsed time
Statistics on the network after reading from file
	Number of nodes: 403394
	Number of allocated nodes: 403456
	Number of edges: 3387388
	Maximum in degree: 2751 (node 1041)
	Maximum out degree: 10 (node 0)

Execution time and memory used at after adding costs: 1.579193e+04 seconds, 174342144 bytes of memory usage, 170292 kB of memory peak and 04:25:41 elapsed time
Statistics on the network after adding costs
	Number of nodes: 403394
	Number of allocated nodes: 403456
	Number of edges: 3387388
	Maximum in degree: 2751 (node 1041)
	Maximum out degree: 10 (node 0)

Execution time and memory used at before starting main computation: 1.592972e+04 seconds, 187047936 bytes of memory usage, 188340 kB of memory peak and 04:28:03 elapsed time
Statistics on the network before starting main computation
	Number of nodes: 403394
	Number of allocated nodes: 403456
	Number of edges: 3387388
	Maximum in degree: 2751 (node 1041)
	Maximum out degree: 10 (node 0)
	source 0 (node 0) with out degree 10
	target 194 (node 1041) with in degree 2751

Execution time and memory used at after creating milp without reductions: 1.593973e+04 seconds, 187047936 bytes of memory usage, 188340 kB of memory peak and 04:28:13 elapsed time
Statistics on the network after creating milp without reductions
	Number of nodes: 403394
	Number of allocated nodes: 403456
	Number of edges: 3387388
	Maximum in degree: 2751 (node 1041)
	Maximum out degree: 10 (node 0)
	source 0 (node 0) with out degree 10
	target 194 (node 1041) with in degree 2751

Execution time and memory used at after reachability and chains reduction: 1.687106e+04 seconds, 191827968 bytes of memory usage, 305332 kB of memory peak and 04:43:55 elapsed time
Statistics on the network after reachability and chains reduction
	Number of nodes: 383721
	Number of allocated nodes: 403456
	Number of edges: 3278206
	Maximum in degree: 2736 (node 1041)
	Maximum out degree: 10 (node 0)
	source 0 (node 0) with out degree 10
	target 194 (node 1041) with in degree 2736
