	Command being timed: "/usr/app/src/glpk-5.0/examples/glpsol --lp input/gemsec-Deezer.html/HR_edges.csv.gz.23.lp -o input/gemsec-Deezer.html/HR_edges.csv.gz.23.lp.sol"
	User time (seconds): 12953.04
	System time (seconds): 17.67
	Percent of CPU this job got: 99%
	Elapsed (wall clock) time (h:mm:ss or m:ss): 3:36:11
	Average shared text size (kbytes): 0
	Average unshared data size (kbytes): 0
	Average stack size (kbytes): 0
	Average total size (kbytes): 0
	Maximum resident set size (kbytes): 1252556
	Average resident set size (kbytes): 0
	Major (requiring I/O) page faults: 2
	Minor (reclaiming a frame) page faults: 666091
	Voluntary context switches: 136
	Involuntary context switches: 10165
	Swaps: 0
	File system inputs: 472
	File system outputs: 230096
	Socket messages sent: 0
	Socket messages received: 0
	Signals delivered: 0
	Page size (bytes): 4096
	Exit status: 0
