Version 1.2 launched as -e 0.1 12 input/gemsec-Facebook.html/public_figure_edges.csv.gz 75


Execution time and memory used at after reading from file: 1.280000e+00 seconds, 18042880 bytes of memory usage, 17656 kB of memory peak and 00:01 elapsed time
Statistics on the network after reading from file
	Number of nodes: 11567
	Number of allocated nodes: 12288
	Number of edges: 67039
	Maximum in degree: 274 (node 9429)
	Maximum out degree: 253 (node 5638)

Execution time and memory used at after adding costs: 1.280000e+00 seconds, 18042880 bytes of memory usage, 17656 kB of memory peak and 00:01 elapsed time
Statistics on the network after adding costs
	Number of nodes: 11567
	Number of allocated nodes: 12288
	Number of edges: 67039
	Maximum in degree: 274 (node 9429)
	Maximum out degree: 253 (node 5638)

Execution time and memory used at before starting main computation: 1.290000e+00 seconds, 18042880 bytes of memory usage, 18136 kB of memory peak and 00:01 elapsed time
Statistics on the network before starting main computation
	Number of nodes: 11567
	Number of allocated nodes: 12288
	Number of edges: 67039
	Maximum in degree: 274 (node 9429)
	Maximum out degree: 253 (node 5638)
	source 307 (node 5638) with out degree 253
	target 155 (node 9429) with in degree 274

Execution time and memory used at after iteration 1 (MF = 36.937381): 1.079000e+01 seconds, 78815232 bytes of memory usage, 92820 kB of memory peak and 00:11 elapsed time
Statistics on the network after iteration 1 (MF = 36.937381)
	Number of nodes: 11567
	Number of allocated nodes: 12288
	Number of edges: 67039
	Maximum in degree: 274 (node 9429)
	Maximum out degree: 253 (node 5638)
	source 307 (node 5638) with out degree 253
	target 155 (node 9429) with in degree 274

Execution time and memory used at after iteration 2 (MF = 13.982922): 1.141000e+01 seconds, 78815232 bytes of memory usage, 92900 kB of memory peak and 00:11 elapsed time
Statistics on the network after iteration 2 (MF = 13.982922)
	Number of nodes: 11567
	Number of allocated nodes: 12288
	Number of edges: 67039
	Maximum in degree: 274 (node 9429)
	Maximum out degree: 253 (node 5638)
	source 307 (node 5638) with out degree 253
	target 155 (node 9429) with in degree 274

Execution time and memory used at after iteration 3 (MF = 27.229602): 2.608000e+01 seconds, 89837568 bytes of memory usage, 102320 kB of memory peak and 00:26 elapsed time
Statistics on the network after iteration 3 (MF = 27.229602)
	Number of nodes: 11567
	Number of allocated nodes: 12288
	Number of edges: 67039
	Maximum in degree: 274 (node 9429)
	Maximum out degree: 253 (node 5638)
	source 307 (node 5638) with out degree 253
	target 155 (node 9429) with in degree 274

Execution time and memory used at after iteration 4 (MF = 23.011385): 2.438000e+02 seconds, 110342144 bytes of memory usage, 126304 kB of memory peak and 04:04 elapsed time
Statistics on the network after iteration 4 (MF = 23.011385)
	Number of nodes: 11567
	Number of allocated nodes: 12288
	Number of edges: 67039
	Maximum in degree: 274 (node 9429)
	Maximum out degree: 253 (node 5638)
	source 307 (node 5638) with out degree 253
	target 155 (node 9429) with in degree 274

Execution time and memory used at after iteration 5 (MF = 21.045541): 2.597600e+03 seconds, 108675072 bytes of memory usage, 126508 kB of memory peak and 43:18 elapsed time
Statistics on the network after iteration 5 (MF = 21.045541)
	Number of nodes: 11567
	Number of allocated nodes: 12288
	Number of edges: 67039
	Maximum in degree: 274 (node 9429)
	Maximum out degree: 253 (node 5638)
	source 307 (node 5638) with out degree 253
	target 155 (node 9429) with in degree 274

Execution time and memory used at after iteration 6 (MF = 22.100569): 4.963980e+03 seconds, 109633536 bytes of memory usage, 176940 kB of memory peak and 01:22:44 elapsed time
Statistics on the network after iteration 6 (MF = 22.100569)
	Number of nodes: 11567
	Number of allocated nodes: 12288
	Number of edges: 67039
	Maximum in degree: 274 (node 9429)
	Maximum out degree: 253 (node 5638)
	source 307 (node 5638) with out degree 253
	target 155 (node 9429) with in degree 274

Execution time and memory used at after iteration 7 (MF = 21.650854): 1.705726e+04 seconds, 108675072 bytes of memory usage, 881408 kB of memory peak and 04:44:18 elapsed time
Statistics on the network after iteration 7 (MF = 21.650854)
	Number of nodes: 11567
	Number of allocated nodes: 12288
	Number of edges: 67039
	Maximum in degree: 274 (node 9429)
	Maximum out degree: 253 (node 5638)
	source 307 (node 5638) with out degree 253
	target 155 (node 9429) with in degree 274

Execution time and memory used at after iteration 8 (MF = 16.812144): 8.824293e+04 seconds, 117035008 bytes of memory usage, 1702760 kB of memory peak and 1-00:30:47 elapsed time
Statistics on the network after iteration 8 (MF = 16.812144)
	Number of nodes: 11567
	Number of allocated nodes: 12288
	Number of edges: 67039
	Maximum in degree: 274 (node 9429)
	Maximum out degree: 253 (node 5638)
	source 307 (node 5638) with out degree 253
	target 155 (node 9429) with in degree 274
