GLPSOL--GLPK LP/MIP Solver 5.0
Parameter(s) specified in the command line:
 --lp input/sx-mathoverflow.html/sx-mathoverflow-c2q.txt.gz.45.lp -o input/sx-mathoverflow.html/sx-mathoverflow-c2q.txt.gz.45.lp.sol
Reading problem data from 'input/sx-mathoverflow.html/sx-mathoverflow-c2q.txt.gz.45.lp'...
91152 rows, 199016 columns, 455747 non-zeros
199016 integer variables, all of which are binary
290173 lines were read
GLPK Integer Optimizer 5.0
91152 rows, 199016 columns, 455747 non-zeros
199016 integer variables, all of which are binary
Preprocessing...
1 hidden packing inequaliti(es) were detected
90660 rows, 198502 columns, 451935 non-zeros
198502 integer variables, all of which are binary
Scaling...
 A: min|aij| =  1.000e+00  max|aij| =  1.000e+00  ratio =  1.000e+00
Problem data seem to be well scaled
Constructing initial basis...
Size of triangular part is 90660
Solving LP relaxation...
GLPK Simplex Optimizer 5.0
90660 rows, 198502 columns, 451935 non-zeros
      0: obj =   0.000000000e+00 inf =   4.520e+02 (452)
    452: obj =   6.090204118e+11 inf =   0.000e+00 (0)
Perturbing LP to avoid stalling [651]...
*  1579: obj =   6.075651827e+11 inf =   0.000e+00 (945) 6
*  2377: obj =   6.075651827e+11 inf =   0.000e+00 (985) 7
*  3091: obj =   6.075651827e+11 inf =   0.000e+00 (1033) 6
*  3746: obj =   6.075651827e+11 inf =   0.000e+00 (1056) 6
*  4363: obj =   6.075651827e+11 inf =   0.000e+00 (1085) 6
*  4958: obj =   6.075651827e+11 inf =   0.000e+00 (1128) 6
*  5535: obj =   6.075651827e+11 inf =   0.000e+00 (1170) 5
*  6104: obj =   6.075651827e+11 inf =   0.000e+00 (1174) 5
*  6673: obj =   5.918821588e+11 inf =   1.777e-05 (3139) 6
*  7235: obj =   5.918821437e+11 inf =   1.228e-03 (3052) 6
*  7793: obj =   5.913970403e+11 inf =   4.312e-03 (3023) 5
*  8350: obj =   5.912702991e+11 inf =   8.651e-03 (2961) 5
*  8892: obj =   5.910870967e+11 inf =   1.041e-02 (2935) 6
*  9436: obj =   5.910869722e+11 inf =   1.680e-02 (2884) 5
*  9972: obj =   5.910868432e+11 inf =   1.865e-02 (2859) 6
* 10513: obj =   5.910867551e+11 inf =   2.060e-02 (2810) 5
* 11055: obj =   5.910866899e+11 inf =   2.264e-02 (2784) 5
* 11598: obj =   5.825108202e+11 inf =   2.453e-02 (2797) 5
* 12124: obj =   5.825107155e+11 inf =   2.639e-02 (2794) 6
* 12652: obj =   5.824012572e+11 inf =   2.655e-02 (2797) 5
* 13190: obj =   5.824011599e+11 inf =   2.435e-02 (2764) 5
* 13747: obj =   5.281975810e+11 inf =   2.330e-02 (2735) 5
* 14264: obj =   5.192754704e+11 inf =   2.181e-02 (2706) 5
* 14790: obj =   4.972628647e+11 inf =   1.824e-02 (2659) 5
* 15339: obj =   4.563861130e+11 inf =   1.654e-02 (6567) 5
* 15930: obj =   4.563780748e+11 inf =   1.355e-02 (6425) 6
* 16492: obj =   4.563757260e+11 inf =   1.411e-02 (2868) 5
* 17011: obj =   4.563755829e+11 inf =   1.819e-02 (2809) 6
* 17525: obj =   4.563754650e+11 inf =   2.202e-02 (2774) 5
* 18048: obj =   4.563753987e+11 inf =   2.487e-02 (2677) 5
* 18751: obj =   4.563729727e+11 inf =   5.661e-02 (6291) 6
* 19361: obj =   4.563720462e+11 inf =   1.091e-01 (6109) 6
* 20201: obj =   4.563718885e+11 inf =   1.025e-01 (5950) 8
* 21079: obj =   4.556235003e+11 inf =   9.162e-02 (3096) 9
* 21968: obj =   4.543795607e+11 inf =   8.292e-02 (2643) 7
* 22787: obj =   4.530427908e+11 inf =   6.602e-02 (2338) 7
* 23562: obj =   4.530427267e+11 inf =   4.355e-02 (2037) 7
* 24325: obj =   4.530426438e+11 inf =   3.964e-02 (1858) 6
* 25021: obj =   4.530425385e+11 inf =   3.122e-02 (1662) 6
* 25676: obj =   4.530423156e+11 inf =   2.935e-02 (1556) 5
* 26340: obj =   4.530420386e+11 inf =   2.664e-02 (1492) 5
* 26969: obj =   4.530417365e+11 inf =   2.451e-02 (1386) 5
* 27537: obj =   4.530413394e+11 inf =   2.187e-02 (1332) 5
* 28165: obj =   4.530408512e+11 inf =   1.939e-02 (1259) 5
* 28653: obj =   4.525351357e+11 inf =   1.764e-02 (1216) 4
* 29149: obj =   4.525350852e+11 inf =   1.652e-02 (977) 5
* 29677: obj =   4.520591936e+11 inf =   1.594e-02 (4705) 5
* 30418: obj =   4.520590370e+11 inf =   1.563e-02 (4015) 4
* 31262: obj =   4.520589327e+11 inf =   1.523e-02 (3121) 4
* 32235: obj =   4.520587942e+11 inf =   1.457e-02 (2225) 3
* 33187: obj =   4.519884966e+11 inf =   1.394e-02 (1395) 3
* 34132: obj =   4.519126538e+11 inf =   1.316e-02 (501) 3
Removing LP perturbation [34623]...
* 34623: obj =   4.518933883e+11 inf =   0.000e+00 (0) 1
OPTIMAL LP SOLUTION FOUND
Integer optimization begins...
Long-step dual simplex will be used
+ 34623: mip =     not found yet >=              -inf        (1; 0)
+ 34623: >>>>>   4.518933883e+11 >=   4.518933883e+11   0.0% (1; 0)
+ 34623: mip =   4.518933883e+11 >=     tree is empty   0.0% (0; 1)
INTEGER OPTIMAL SOLUTION FOUND
Time used:   265.0 secs
Memory used: 235.0 Mb (246427884 bytes)
Writing MIP solution to 'input/sx-mathoverflow.html/sx-mathoverflow-c2q.txt.gz.45.lp.sol'...
Objective:  obj = 4.518933883e+11 (MINimum)
