GLPSOL--GLPK LP/MIP Solver 5.0
Parameter(s) specified in the command line:
 --lp input/gemsec-Deezer.html/RO_edges.csv.gz.54.lp.reach_chain_detours.lp
 -o input/gemsec-Deezer.html/RO_edges.csv.gz.54.lp.reach_chain_detours.lp.sol
Reading problem data from 'input/gemsec-Deezer.html/RO_edges.csv.gz.54.lp.reach_chain_detours.lp'...
358 rows, 891 columns, 1777 non-zeros
891 integer variables, all of which are binary
1254 lines were read
GLPK Integer Optimizer 5.0
358 rows, 891 columns, 1777 non-zeros
891 integer variables, all of which are binary
Preprocessing...
356 rows, 889 columns, 1723 non-zeros
889 integer variables, all of which are binary
Scaling...
 A: min|aij| =  1.000e+00  max|aij| =  1.000e+00  ratio =  1.000e+00
Problem data seem to be well scaled
Constructing initial basis...
Size of triangular part is 356
Solving LP relaxation...
GLPK Simplex Optimizer 5.0
356 rows, 889 columns, 1723 non-zeros
      0: obj =   0.000000000e+00 inf =   1.800e+01 (18)
     18: obj =   9.977014000e+00 inf =   0.000e+00 (0)
*   130: obj =   0.000000000e+00 inf =   0.000e+00 (0)
OPTIMAL LP SOLUTION FOUND
Integer optimization begins...
Long-step dual simplex will be used
+   130: mip =     not found yet >=              -inf        (1; 0)
+   130: >>>>>   0.000000000e+00 >=   0.000000000e+00   0.0% (1; 0)
+   130: mip =   0.000000000e+00 >=     tree is empty   0.0% (0; 1)
INTEGER OPTIMAL SOLUTION FOUND
Time used:   0.0 secs
Memory used: 1.0 Mb (1084663 bytes)
Writing MIP solution to 'input/gemsec-Deezer.html/RO_edges.csv.gz.54.lp.reach_chain_detours.lp.sol'...
Objective:  obj = 0 (MINimum)
