Version 1.2 launched as -e 0.1 12 input/sx-mathoverflow.html/sx-mathoverflow.txt.gz 672


Execution time and memory used at after reading from file: 2.072000e+01 seconds, 24829952 bytes of memory usage, 24284 kB of memory peak and 00:20 elapsed time
Statistics on the network after reading from file
	Number of nodes: 24818
	Number of allocated nodes: 25600
	Number of edges: 227991
	Maximum in degree: 968 (node 11142)
	Maximum out degree: 1848 (node 290)

Execution time and memory used at before starting main computation: 2.084000e+01 seconds, 25235456 bytes of memory usage, 25160 kB of memory peak and 00:20 elapsed time
Statistics on the network before starting main computation
	Number of nodes: 24818
	Number of allocated nodes: 25600
	Number of edges: 227991
	Maximum in degree: 968 (node 11142)
	Maximum out degree: 1848 (node 290)
	source 76 (node 290) with out degree 1848
	target 4901 (node 11142) with in degree 968

Execution time and memory used at after iteration 1 (MF = 1264360073157.000000): 3.065200e+02 seconds, 220807168 bytes of memory usage, 283664 kB of memory peak and 05:06 elapsed time
Statistics on the network after iteration 1 (MF = 1264360073157.000000)
	Number of nodes: 24818
	Number of allocated nodes: 25600
	Number of edges: 227991
	Maximum in degree: 968 (node 11142)
	Maximum out degree: 1848 (node 290)
	source 76 (node 290) with out degree 1848
	target 4901 (node 11142) with in degree 968

Execution time and memory used at after iteration 2 (MF = 912183885276.000000): 3.242800e+02 seconds, 220807168 bytes of memory usage, 283976 kB of memory peak and 05:24 elapsed time
Statistics on the network after iteration 2 (MF = 912183885276.000000)
	Number of nodes: 24818
	Number of allocated nodes: 25600
	Number of edges: 227991
	Maximum in degree: 968 (node 11142)
	Maximum out degree: 1848 (node 290)
	source 76 (node 290) with out degree 1848
	target 4901 (node 11142) with in degree 968
