	Command being timed: "/usr/app/src/glpk-5.0/examples/glpsol --lp input/gemsec-Deezer.html/HR_edges.csv.gz.138.lp -o input/gemsec-Deezer.html/HR_edges.csv.gz.138.lp.sol"
	User time (seconds): 54377.27
	System time (seconds): 176.03
	Percent of CPU this job got: 99%
	Elapsed (wall clock) time (h:mm:ss or m:ss): 15:09:17
	Average shared text size (kbytes): 0
	Average unshared data size (kbytes): 0
	Average stack size (kbytes): 0
	Average total size (kbytes): 0
	Maximum resident set size (kbytes): 1252528
	Average resident set size (kbytes): 0
	Major (requiring I/O) page faults: 0
	Minor (reclaiming a frame) page faults: 470218
	Voluntary context switches: 7979
	Involuntary context switches: 58687
	Swaps: 0
	File system inputs: 0
	File system outputs: 241072
	Socket messages sent: 0
	Socket messages received: 0
	Signals delivered: 0
	Page size (bytes): 4096
	Exit status: 0
