GLPSOL--GLPK LP/MIP Solver 5.0
Parameter(s) specified in the command line:
 --lp input/p2p-Gnutella30.html/p2p-Gnutella30.txt.gz.4.lp.reach_chain_detours.lp
 -o input/p2p-Gnutella30.html/p2p-Gnutella30.txt.gz.4.lp.reach_chain_detours.lp.sol
Reading problem data from 'input/p2p-Gnutella30.html/p2p-Gnutella30.txt.gz.4.lp.reach_chain_detours.lp'...
31717 rows, 71864 columns, 158572 non-zeros
71864 integer variables, all of which are binary
103586 lines were read
GLPK Integer Optimizer 5.0
31717 rows, 71864 columns, 158572 non-zeros
71864 integer variables, all of which are binary
Preprocessing...
31714 rows, 71861 columns, 158507 non-zeros
71861 integer variables, all of which are binary
Scaling...
 A: min|aij| =  1.000e+00  max|aij| =  1.000e+00  ratio =  1.000e+00
Problem data seem to be well scaled
Constructing initial basis...
Size of triangular part is 31714
Solving LP relaxation...
GLPK Simplex Optimizer 5.0
31714 rows, 71861 columns, 158507 non-zeros
      0: obj =   0.000000000e+00 inf =   4.200e+01 (42)
     42: obj =   2.323148200e+01 inf =   0.000e+00 (0)
Perturbing LP to avoid stalling [245]...
*  2440: obj =   2.075000000e+01 inf =   0.000e+00 (496) 14
*  4195: obj =   2.075000000e+01 inf =   0.000e+00 (671) 13
*  5776: obj =   2.075000000e+01 inf =   0.000e+00 (804) 12
*  7256: obj =   2.075000000e+01 inf =   0.000e+00 (811) 13
*  8459: obj =   2.075000000e+01 inf =   0.000e+00 (891) 11
*  9955: obj =   8.749998000e+00 inf =   0.000e+00 (827) 13
* 11643: obj =   7.018518000e+00 inf =   0.000e+00 (413) 17
Removing LP perturbation [12052]...
* 12052: obj =   6.888888000e+00 inf =   0.000e+00 (0) 3
OPTIMAL LP SOLUTION FOUND
Integer optimization begins...
Long-step dual simplex will be used
+ 12052: mip =     not found yet >=              -inf        (1; 0)
+ 12052: >>>>>   6.888888000e+00 >=   6.888888000e+00   0.0% (1; 0)
+ 12052: mip =   6.888888000e+00 >=     tree is empty   0.0% (0; 1)
INTEGER OPTIMAL SOLUTION FOUND
Time used:   36.3 secs
Memory used: 84.5 Mb (88566075 bytes)
Writing MIP solution to 'input/p2p-Gnutella30.html/p2p-Gnutella30.txt.gz.4.lp.reach_chain_detours.lp.sol'...
Objective:  obj = 6.888888 (MINimum)
