GLPSOL--GLPK LP/MIP Solver 5.0
Parameter(s) specified in the command line:
 --lp input/p2p-Gnutella04.html/p2p-Gnutella04.txt.gz.63.lp -o input/p2p-Gnutella04.html/p2p-Gnutella04.txt.gz.63.lp.sol
Reading problem data from 'input/p2p-Gnutella04.html/p2p-Gnutella04.txt.gz.63.lp'...
39997 rows, 90864 columns, 199972 non-zeros
90864 integer variables, all of which are binary
130866 lines were read
GLPK Integer Optimizer 5.0
39997 rows, 90864 columns, 199972 non-zeros
90864 integer variables, all of which are binary
Preprocessing...
39982 rows, 90848 columns, 199746 non-zeros
90848 integer variables, all of which are binary
Scaling...
 A: min|aij| =  1.000e+00  max|aij| =  1.000e+00  ratio =  1.000e+00
Problem data seem to be well scaled
Constructing initial basis...
Size of triangular part is 39982
Solving LP relaxation...
GLPK Simplex Optimizer 5.0
39982 rows, 90848 columns, 199746 non-zeros
      0: obj =   0.000000000e+00 inf =   7.200e+01 (72)
     72: obj =   4.008721700e+01 inf =   0.000e+00 (0)
Perturbing LP to avoid stalling [334]...
*  2180: obj =   4.848840000e+00 inf =   0.000e+00 (729) 13
*  3601: obj =   4.848840000e+00 inf =   0.000e+00 (1179) 12
*  4816: obj =   4.848840000e+00 inf =   0.000e+00 (1368) 10
*  5941: obj =   5.519625625e-01 inf =   0.000e+00 (40362) 11
*  7121: obj =   5.519625625e-01 inf =   0.000e+00 (40491) 12
*  8238: obj =   5.519625625e-01 inf =   0.000e+00 (40534) 11
*  9284: obj =   5.519625625e-01 inf =   0.000e+00 (40545) 10
* 10235: obj =   5.519625625e-01 inf =   0.000e+00 (40556) 10
* 11210: obj =   2.484428616e-01 inf =   0.000e+00 (40219) 9
Removing LP perturbation [11864]...
* 11864: obj =   0.000000000e+00 inf =   0.000e+00 (0) 6
OPTIMAL LP SOLUTION FOUND
Integer optimization begins...
Long-step dual simplex will be used
+ 11864: mip =     not found yet >=              -inf        (1; 0)
Solution found by heuristic: 0
+ 11864: mip =   0.000000000e+00 >=     tree is empty   0.0% (0; 1)
INTEGER OPTIMAL SOLUTION FOUND
Time used:   48.4 secs
Memory used: 105.7 Mb (110832246 bytes)
Writing MIP solution to 'input/p2p-Gnutella04.html/p2p-Gnutella04.txt.gz.63.lp.sol'...
Objective:  obj = 0 (MINimum)
