Version 1.2 launched as -e 0.1 12 input/Oregon-2.html/oregon2_010331.txt.gz 140


Execution time and memory used at after reading from file: 6.500000e-01 seconds, 16859136 bytes of memory usage, 16500 kB of memory peak and 00:01 elapsed time
Statistics on the network after reading from file
	Number of nodes: 10900
	Number of allocated nodes: 11264
	Number of edges: 31181
	Maximum in degree: 208 (node 6461)
	Maximum out degree: 2318 (node 701)

Execution time and memory used at after adding costs: 6.500000e-01 seconds, 16859136 bytes of memory usage, 16500 kB of memory peak and 00:01 elapsed time
Statistics on the network after adding costs
	Number of nodes: 10900
	Number of allocated nodes: 11264
	Number of edges: 31181
	Maximum in degree: 208 (node 6461)
	Maximum out degree: 2318 (node 701)

Execution time and memory used at before starting main computation: 6.600000e-01 seconds, 16859136 bytes of memory usage, 16980 kB of memory peak and 00:01 elapsed time
Statistics on the network before starting main computation
	Number of nodes: 10900
	Number of allocated nodes: 11264
	Number of edges: 31181
	Maximum in degree: 208 (node 6461)
	Maximum out degree: 2318 (node 701)
	source 1543 (node 701) with out degree 2318
	target 3 (node 6461) with in degree 208

Execution time and memory used at after iteration 1 (MF = 36.430325): 5.070000e+00 seconds, 46338048 bytes of memory usage, 51892 kB of memory peak and 00:05 elapsed time
Statistics on the network after iteration 1 (MF = 36.430325)
	Number of nodes: 10900
	Number of allocated nodes: 11264
	Number of edges: 31181
	Maximum in degree: 208 (node 6461)
	Maximum out degree: 2318 (node 701)
	source 1543 (node 701) with out degree 2318
	target 3 (node 6461) with in degree 208

Execution time and memory used at after iteration 2 (MF = 10.882027): 5.700000e+00 seconds, 46338048 bytes of memory usage, 51960 kB of memory peak and 00:06 elapsed time
Statistics on the network after iteration 2 (MF = 10.882027)
	Number of nodes: 10900
	Number of allocated nodes: 11264
	Number of edges: 31181
	Maximum in degree: 208 (node 6461)
	Maximum out degree: 2318 (node 701)
	source 1543 (node 701) with out degree 2318
	target 3 (node 6461) with in degree 208

Execution time and memory used at after iteration 3 (MF = 26.174188): 2.048000e+01 seconds, 57085952 bytes of memory usage, 61028 kB of memory peak and 00:21 elapsed time
Statistics on the network after iteration 3 (MF = 26.174188)
	Number of nodes: 10900
	Number of allocated nodes: 11264
	Number of edges: 31181
	Maximum in degree: 208 (node 6461)
	Maximum out degree: 2318 (node 701)
	source 1543 (node 701) with out degree 2318
	target 3 (node 6461) with in degree 208

Execution time and memory used at after iteration 4 (MF = 22.996833): 1.393848e+04 seconds, 60223488 bytes of memory usage, 203980 kB of memory peak and 03:52:19 elapsed time
Statistics on the network after iteration 4 (MF = 22.996833)
	Number of nodes: 10900
	Number of allocated nodes: 11264
	Number of edges: 31181
	Maximum in degree: 208 (node 6461)
	Maximum out degree: 2318 (node 701)
	source 1543 (node 701) with out degree 2318
	target 3 (node 6461) with in degree 208
