	Command being timed: "/usr/app/src/glpk-5.0/examples/glpsol --lp input/gemsec-Deezer.html/RO_edges.csv.gz.6.lp -o input/gemsec-Deezer.html/RO_edges.csv.gz.6.lp.sol"
	User time (seconds): 37.43
	System time (seconds): 0.52
	Percent of CPU this job got: 100%
	Elapsed (wall clock) time (h:mm:ss or m:ss): 0:37.95
	Average shared text size (kbytes): 0
	Average unshared data size (kbytes): 0
	Average stack size (kbytes): 0
	Average total size (kbytes): 0
	Maximum resident set size (kbytes): 332124
	Average resident set size (kbytes): 0
	Major (requiring I/O) page faults: 0
	Minor (reclaiming a frame) page faults: 174791
	Voluntary context switches: 33
	Involuntary context switches: 43
	Swaps: 0
	File system inputs: 0
	File system outputs: 60096
	Socket messages sent: 0
	Socket messages received: 0
	Signals delivered: 0
	Page size (bytes): 4096
	Exit status: 0
