Version 1.2 launched as -e 0.1 -i 12 input/soc-sign-epinions.html/soc-sign-epinions.txt.gz 412


Execution time and memory used at after reading from file: 4.338400e+02 seconds, 58109952 bytes of memory usage, 56784 kB of memory peak and 07:14 elapsed time
Statistics on the network after reading from file
	Number of nodes: 131828
	Number of allocated nodes: 132096
	Number of edges: 840799
	Maximum in degree: 3478 (node 25)
	Maximum out degree: 2070 (node 68214)

Execution time and memory used at after adding costs: 4.338600e+02 seconds, 58109952 bytes of memory usage, 56784 kB of memory peak and 07:14 elapsed time
Statistics on the network after adding costs
	Number of nodes: 131828
	Number of allocated nodes: 132096
	Number of edges: 840799
	Maximum in degree: 3478 (node 25)
	Maximum out degree: 2070 (node 68214)

Execution time and memory used at before starting main computation: 4.350600e+02 seconds, 59461632 bytes of memory usage, 59100 kB of memory peak and 07:15 elapsed time
Statistics on the network before starting main computation
	Number of nodes: 131828
	Number of allocated nodes: 132096
	Number of edges: 840799
	Maximum in degree: 3478 (node 25)
	Maximum out degree: 2070 (node 68214)
	source 27619 (node 68214) with out degree 2070
	target 1016 (node 25) with in degree 3478

Execution time and memory used at after iteration 1 (MF = 606.205299): 3.147460e+03 seconds, 849436672 bytes of memory usage, 1017484 kB of memory peak and 52:28 elapsed time
Statistics on the network after iteration 1 (MF = 606.205299)
	Number of nodes: 131828
	Number of allocated nodes: 132096
	Number of edges: 840799
	Maximum in degree: 3478 (node 25)
	Maximum out degree: 2070 (node 68214)
	source 27619 (node 68214) with out degree 2070
	target 1016 (node 25) with in degree 3478

Execution time and memory used at after iteration 2 (MF = 599.266583): 3.822790e+03 seconds, 967806976 bytes of memory usage, 1131608 kB of memory peak and 01:03:43 elapsed time
Statistics on the network after iteration 2 (MF = 599.266583)
	Number of nodes: 131828
	Number of allocated nodes: 132096
	Number of edges: 840799
	Maximum in degree: 3478 (node 25)
	Maximum out degree: 2070 (node 68214)
	source 27619 (node 68214) with out degree 2070
	target 1016 (node 25) with in degree 3478
