	Command being timed: "/usr/app/src/glpk-5.0/examples/glpsol --lp input/CollegeMsg.html/CollegeMsg.txt.gz.65.lp -o input/CollegeMsg.html/CollegeMsg.txt.gz.65.lp.sol"
	User time (seconds): 18.84
	System time (seconds): 0.05
	Percent of CPU this job got: 100%
	Elapsed (wall clock) time (h:mm:ss or m:ss): 0:18.89
	Average shared text size (kbytes): 0
	Average unshared data size (kbytes): 0
	Average stack size (kbytes): 0
	Average total size (kbytes): 0
	Maximum resident set size (kbytes): 53248
	Average resident set size (kbytes): 0
	Major (requiring I/O) page faults: 0
	Minor (reclaiming a frame) page faults: 17839
	Voluntary context switches: 30
	Involuntary context switches: 30
	Swaps: 0
	File system inputs: 0
	File system outputs: 8112
	Socket messages sent: 0
	Socket messages received: 0
	Signals delivered: 0
	Page size (bytes): 4096
	Exit status: 0
