Version 1.2 launched as -e 0.1 12 input/ca-HepTh.html/ca-HepTh.txt.gz 15


Execution time and memory used at after reading from file: 8.100000e-01 seconds, 17174528 bytes of memory usage, 16808 kB of memory peak and 00:01 elapsed time
Statistics on the network after reading from file
	Number of nodes: 9877
	Number of allocated nodes: 10240
	Number of edges: 51946
	Maximum in degree: 65 (node 1441)
	Maximum out degree: 65 (node 1441)

Execution time and memory used at after adding costs: 8.100000e-01 seconds, 17174528 bytes of memory usage, 16808 kB of memory peak and 00:01 elapsed time
Statistics on the network after adding costs
	Number of nodes: 9877
	Number of allocated nodes: 10240
	Number of edges: 51946
	Maximum in degree: 65 (node 1441)
	Maximum out degree: 65 (node 1441)

Execution time and memory used at before starting main computation: 8.200000e-01 seconds, 17444864 bytes of memory usage, 17552 kB of memory peak and 00:01 elapsed time
Statistics on the network before starting main computation
	Number of nodes: 9877
	Number of allocated nodes: 10240
	Number of edges: 51946
	Maximum in degree: 65 (node 1441)
	Maximum out degree: 65 (node 1441)
	source 86 (node 1441) with out degree 65
	target 15 (node 19615) with in degree 60

Execution time and memory used at after iteration 1 (MF = 67.230769): 8.380000e+00 seconds, 63991808 bytes of memory usage, 84884 kB of memory peak and 00:09 elapsed time
Statistics on the network after iteration 1 (MF = 67.230769)
	Number of nodes: 9877
	Number of allocated nodes: 10240
	Number of edges: 51946
	Maximum in degree: 65 (node 1441)
	Maximum out degree: 65 (node 1441)
	source 86 (node 1441) with out degree 65
	target 15 (node 19615) with in degree 60

Execution time and memory used at after iteration 2 (MF = 52.523077): 9.970000e+00 seconds, 63991808 bytes of memory usage, 84980 kB of memory peak and 00:10 elapsed time
Statistics on the network after iteration 2 (MF = 52.523077)
	Number of nodes: 9877
	Number of allocated nodes: 10240
	Number of edges: 51946
	Maximum in degree: 65 (node 1441)
	Maximum out degree: 65 (node 1441)
	source 86 (node 1441) with out degree 65
	target 15 (node 19615) with in degree 60

Execution time and memory used at after iteration 3 (MF = 55.076923): 4.541700e+02 seconds, 97230848 bytes of memory usage, 107532 kB of memory peak and 07:35 elapsed time
Statistics on the network after iteration 3 (MF = 55.076923)
	Number of nodes: 9877
	Number of allocated nodes: 10240
	Number of edges: 51946
	Maximum in degree: 65 (node 1441)
	Maximum out degree: 65 (node 1441)
	source 86 (node 1441) with out degree 65
	target 15 (node 19615) with in degree 60

Execution time and memory used at after iteration 4 (MF = 52.015385): 4.951800e+02 seconds, 97230848 bytes of memory usage, 107532 kB of memory peak and 08:16 elapsed time
Statistics on the network after iteration 4 (MF = 52.015385)
	Number of nodes: 9877
	Number of allocated nodes: 10240
	Number of edges: 51946
	Maximum in degree: 65 (node 1441)
	Maximum out degree: 65 (node 1441)
	source 86 (node 1441) with out degree 65
	target 15 (node 19615) with in degree 60

Execution time and memory used at after iteration 5 (MF = 57.553846): 8.440500e+02 seconds, 78856192 bytes of memory usage, 125804 kB of memory peak and 14:05 elapsed time
Statistics on the network after iteration 5 (MF = 57.553846)
	Number of nodes: 9877
	Number of allocated nodes: 10240
	Number of edges: 51946
	Maximum in degree: 65 (node 1441)
	Maximum out degree: 65 (node 1441)
	source 86 (node 1441) with out degree 65
	target 15 (node 19615) with in degree 60

Execution time and memory used at after iteration 6 (MF = 55.707692): 2.710890e+03 seconds, 78856192 bytes of memory usage, 125804 kB of memory peak and 45:12 elapsed time
Statistics on the network after iteration 6 (MF = 55.707692)
	Number of nodes: 9877
	Number of allocated nodes: 10240
	Number of edges: 51946
	Maximum in degree: 65 (node 1441)
	Maximum out degree: 65 (node 1441)
	source 86 (node 1441) with out degree 65
	target 15 (node 19615) with in degree 60

Execution time and memory used at after iteration 7 (MF = 54.507692): 8.340640e+03 seconds, 97280000 bytes of memory usage, 141080 kB of memory peak and 02:19:02 elapsed time
Statistics on the network after iteration 7 (MF = 54.507692)
	Number of nodes: 9877
	Number of allocated nodes: 10240
	Number of edges: 51946
	Maximum in degree: 65 (node 1441)
	Maximum out degree: 65 (node 1441)
	source 86 (node 1441) with out degree 65
	target 15 (node 19615) with in degree 60

Execution time and memory used at after iteration 8 (MF = 58.969231): 3.142772e+05 seconds, 124780544 bytes of memory usage, 897980 kB of memory peak and 3-15:18:16 elapsed time
Statistics on the network after iteration 8 (MF = 58.969231)
	Number of nodes: 9877
	Number of allocated nodes: 10240
	Number of edges: 51946
	Maximum in degree: 65 (node 1441)
	Maximum out degree: 65 (node 1441)
	source 86 (node 1441) with out degree 65
	target 15 (node 19615) with in degree 60
