Version 1.2 launched as -e 0.1 12 input/cit-HepTh.html/cit-HepTh.txt.gz 112


Execution time and memory used at after reading from file: 5.474000e+01 seconds, 29208576 bytes of memory usage, 28560 kB of memory peak and 00:54 elapsed time
Statistics on the network after reading from file
	Number of nodes: 27770
	Number of allocated nodes: 28672
	Number of edges: 352768
	Maximum in degree: 2414 (node 9711200)
	Maximum out degree: 562 (node 9905111)

Execution time and memory used at after adding costs: 5.474000e+01 seconds, 29208576 bytes of memory usage, 28560 kB of memory peak and 00:54 elapsed time
Statistics on the network after adding costs
	Number of nodes: 27770
	Number of allocated nodes: 28672
	Number of edges: 352768
	Maximum in degree: 2414 (node 9711200)
	Maximum out degree: 562 (node 9905111)

Execution time and memory used at before starting main computation: 5.482000e+01 seconds, 29618176 bytes of memory usage, 29440 kB of memory peak and 00:54 elapsed time
Statistics on the network before starting main computation
	Number of nodes: 27770
	Number of allocated nodes: 28672
	Number of edges: 352768
	Maximum in degree: 2414 (node 9711200)
	Maximum out degree: 562 (node 9905111)
	source 811 (node 9905111) with out degree 562
	target 559 (node 9711200) with in degree 2414

Execution time and memory used at after iteration 1 (MF = 201.884073): 2.299800e+02 seconds, 333602816 bytes of memory usage, 419112 kB of memory peak and 03:50 elapsed time
Statistics on the network after iteration 1 (MF = 201.884073)
	Number of nodes: 27770
	Number of allocated nodes: 28672
	Number of edges: 352768
	Maximum in degree: 2414 (node 9711200)
	Maximum out degree: 562 (node 9905111)
	source 811 (node 9905111) with out degree 562
	target 559 (node 9711200) with in degree 2414

Execution time and memory used at after iteration 2 (MF = 160.572581): 2.474000e+02 seconds, 333602816 bytes of memory usage, 419332 kB of memory peak and 04:07 elapsed time
Statistics on the network after iteration 2 (MF = 160.572581)
	Number of nodes: 27770
	Number of allocated nodes: 28672
	Number of edges: 352768
	Maximum in degree: 2414 (node 9711200)
	Maximum out degree: 562 (node 9905111)
	source 811 (node 9905111) with out degree 562
	target 559 (node 9711200) with in degree 2414

Execution time and memory used at after iteration 3 (MF = 184.164651): 4.293800e+02 seconds, 530309120 bytes of memory usage, 551684 kB of memory peak and 07:09 elapsed time
Statistics on the network after iteration 3 (MF = 184.164651)
	Number of nodes: 27770
	Number of allocated nodes: 28672
	Number of edges: 352768
	Maximum in degree: 2414 (node 9711200)
	Maximum out degree: 562 (node 9905111)
	source 811 (node 9905111) with out degree 562
	target 559 (node 9711200) with in degree 2414

Execution time and memory used at after iteration 4 (MF = 178.495296): 9.301700e+02 seconds, 530309120 bytes of memory usage, 551684 kB of memory peak and 15:30 elapsed time
Statistics on the network after iteration 4 (MF = 178.495296)
	Number of nodes: 27770
	Number of allocated nodes: 28672
	Number of edges: 352768
	Maximum in degree: 2414 (node 9711200)
	Maximum out degree: 562 (node 9905111)
	source 811 (node 9905111) with out degree 562
	target 559 (node 9711200) with in degree 2414

Execution time and memory used at after iteration 5 (MF = 170.617944): 1.678960e+03 seconds, 516231168 bytes of memory usage, 653144 kB of memory peak and 27:59 elapsed time
Statistics on the network after iteration 5 (MF = 170.617944)
	Number of nodes: 27770
	Number of allocated nodes: 28672
	Number of edges: 352768
	Maximum in degree: 2414 (node 9711200)
	Maximum out degree: 562 (node 9905111)
	source 811 (node 9905111) with out degree 562
	target 559 (node 9711200) with in degree 2414

Execution time and memory used at after iteration 6 (MF = 170.519153): 1.553142e+04 seconds, 516231168 bytes of memory usage, 1200848 kB of memory peak and 04:18:52 elapsed time
Statistics on the network after iteration 6 (MF = 170.519153)
	Number of nodes: 27770
	Number of allocated nodes: 28672
	Number of edges: 352768
	Maximum in degree: 2414 (node 9711200)
	Maximum out degree: 562 (node 9905111)
	source 811 (node 9905111) with out degree 562
	target 559 (node 9711200) with in degree 2414
