Version 1.2 launched as -e 0.1 12 input/soc-Epinions1.html/soc-Epinions1.txt.gz 1440


Execution time and memory used at after reading from file: 2.722000e+01 seconds, 40267776 bytes of memory usage, 39360 kB of memory peak and 00:27 elapsed time
Statistics on the network after reading from file
	Number of nodes: 75879
	Number of allocated nodes: 76800
	Number of edges: 508837
	Maximum in degree: 3035 (node 18)
	Maximum out degree: 1801 (node 645)

Execution time and memory used at after adding costs: 2.723000e+01 seconds, 40267776 bytes of memory usage, 39360 kB of memory peak and 00:27 elapsed time
Statistics on the network after adding costs
	Number of nodes: 75879
	Number of allocated nodes: 76800
	Number of edges: 508837
	Maximum in degree: 3035 (node 18)
	Maximum out degree: 1801 (node 645)

Execution time and memory used at before starting main computation: 2.772000e+01 seconds, 41349120 bytes of memory usage, 41196 kB of memory peak and 00:28 elapsed time
Statistics on the network before starting main computation
	Number of nodes: 75879
	Number of allocated nodes: 76800
	Number of edges: 508837
	Maximum in degree: 3035 (node 18)
	Maximum out degree: 1801 (node 645)
	source 363 (node 645) with out degree 1801
	target 14 (node 18) with in degree 3035

Execution time and memory used at after iteration 1 (MF = 736.943962): 7.888000e+02 seconds, 536297472 bytes of memory usage, 636052 kB of memory peak and 13:09 elapsed time
Statistics on the network after iteration 1 (MF = 736.943962)
	Number of nodes: 75879
	Number of allocated nodes: 76800
	Number of edges: 508837
	Maximum in degree: 3035 (node 18)
	Maximum out degree: 1801 (node 645)
	source 363 (node 645) with out degree 1801
	target 14 (node 18) with in degree 3035

Execution time and memory used at after iteration 2 (MF = 470.431555): 1.588360e+03 seconds, 611487744 bytes of memory usage, 710232 kB of memory peak and 26:28 elapsed time
Statistics on the network after iteration 2 (MF = 470.431555)
	Number of nodes: 75879
	Number of allocated nodes: 76800
	Number of edges: 508837
	Maximum in degree: 3035 (node 18)
	Maximum out degree: 1801 (node 645)
	source 363 (node 645) with out degree 1801
	target 14 (node 18) with in degree 3035
