GLPSOL--GLPK LP/MIP Solver 5.0
Parameter(s) specified in the command line:
 --lp input/Oregon-1.html/oregon1_010331.txt.gz.180.lp -o input/Oregon-1.html/oregon1_010331.txt.gz.180.lp.sol
Reading problem data from 'input/Oregon-1.html/oregon1_010331.txt.gz.180.lp'...
22006 rows, 54676 columns, 110017 non-zeros
54676 integer variables, all of which are binary
76687 lines were read
GLPK Integer Optimizer 5.0
22006 rows, 54676 columns, 110017 non-zeros
54676 integer variables, all of which are binary
Preprocessing...
1 hidden packing inequaliti(es) were detected
21226 rows, 53785 columns, 104433 non-zeros
53785 integer variables, all of which are binary
Scaling...
 A: min|aij| =  1.000e+00  max|aij| =  1.000e+00  ratio =  1.000e+00
Problem data seem to be well scaled
Constructing initial basis...
Size of triangular part is 21226
Solving LP relaxation...
GLPK Simplex Optimizer 5.0
21226 rows, 53785 columns, 104433 non-zeros
      0: obj =   0.000000000e+00 inf =   1.830e+02 (183)
    183: obj =   7.387004400e+01 inf =   0.000e+00 (0)
Perturbing LP to avoid stalling [385]...
Removing LP perturbation [2130]...
*  2130: obj =   0.000000000e+00 inf =   0.000e+00 (0) 14
OPTIMAL LP SOLUTION FOUND
Integer optimization begins...
Long-step dual simplex will be used
+  2130: mip =     not found yet >=              -inf        (1; 0)
Solution found by heuristic: 0
+  2130: mip =   0.000000000e+00 >=     tree is empty   0.0% (0; 1)
INTEGER OPTIMAL SOLUTION FOUND
Time used:   3.2 secs
Memory used: 60.4 Mb (63378959 bytes)
Writing MIP solution to 'input/Oregon-1.html/oregon1_010331.txt.gz.180.lp.sol'...
Objective:  obj = 0 (MINimum)
