Version 1.2 launched as -e 0.1 12 input/loc-Gowalla.html/loc-gowalla_edges.txt.gz 2653


Execution time and memory used at after reading from file: 2.588040e+03 seconds, 100241408 bytes of memory usage, 97928 kB of memory peak and 43:08 elapsed time
Statistics on the network after reading from file
	Number of nodes: 196591
	Number of allocated nodes: 196608
	Number of edges: 1900654
	Maximum in degree: 14730 (node 307)
	Maximum out degree: 14730 (node 307)

Execution time and memory used at after adding costs: 2.588080e+03 seconds, 100241408 bytes of memory usage, 97928 kB of memory peak and 43:08 elapsed time
Statistics on the network after adding costs
	Number of nodes: 196591
	Number of allocated nodes: 196608
	Number of edges: 1900654
	Maximum in degree: 14730 (node 307)
	Maximum out degree: 14730 (node 307)

Execution time and memory used at before starting main computation: 2.615300e+03 seconds, 106459136 bytes of memory usage, 106272 kB of memory peak and 43:35 elapsed time
Statistics on the network before starting main computation
	Number of nodes: 196591
	Number of allocated nodes: 196608
	Number of edges: 1900654
	Maximum in degree: 14730 (node 307)
	Maximum out degree: 14730 (node 307)
	source 307 (node 307) with out degree 14730
	target 440 (node 440) with in degree 3800

Execution time and memory used at after iteration 1 (MF = 565.110319): 9.677360e+03 seconds, 1776074752 bytes of memory usage, 2451648 kB of memory peak and 02:41:18 elapsed time
Statistics on the network after iteration 1 (MF = 565.110319)
	Number of nodes: 196591
	Number of allocated nodes: 196608
	Number of edges: 1900654
	Maximum in degree: 14730 (node 307)
	Maximum out degree: 14730 (node 307)
	source 307 (node 307) with out degree 14730
	target 440 (node 440) with in degree 3800

Execution time and memory used at after iteration 2 (MF = 190.600611): 1.121241e+04 seconds, 1776074752 bytes of memory usage, 2454648 kB of memory peak and 03:06:53 elapsed time
Statistics on the network after iteration 2 (MF = 190.600611)
	Number of nodes: 196591
	Number of allocated nodes: 196608
	Number of edges: 1900654
	Maximum in degree: 14730 (node 307)
	Maximum out degree: 14730 (node 307)
	source 307 (node 307) with out degree 14730
	target 440 (node 440) with in degree 3800
