GLPSOL--GLPK LP/MIP Solver 5.0
Parameter(s) specified in the command line:
 --lp input/p2p-Gnutella06.html/p2p-Gnutella06.txt.gz.6.lp -o input/p2p-Gnutella06.html/p2p-Gnutella06.txt.gz.6.lp.sol
Reading problem data from 'input/p2p-Gnutella06.html/p2p-Gnutella06.txt.gz.6.lp'...
31528 rows, 71767 columns, 157627 non-zeros
71767 integer variables, all of which are binary
103300 lines were read
GLPK Integer Optimizer 5.0
31528 rows, 71767 columns, 157627 non-zeros
71767 integer variables, all of which are binary
Preprocessing...
31515 rows, 71754 columns, 157404 non-zeros
71754 integer variables, all of which are binary
Scaling...
 A: min|aij| =  1.000e+00  max|aij| =  1.000e+00  ratio =  1.000e+00
Problem data seem to be well scaled
Constructing initial basis...
Size of triangular part is 31515
Solving LP relaxation...
GLPK Simplex Optimizer 5.0
31515 rows, 71754 columns, 157404 non-zeros
      0: obj =   0.000000000e+00 inf =   6.400e+01 (64)
     64: obj =   3.223728700e+01 inf =   0.000e+00 (0)
Perturbing LP to avoid stalling [269]...
*  2153: obj =   2.844632600e+01 inf =   0.000e+00 (31670) 14
*  3485: obj =   2.844632600e+01 inf =   0.000e+00 (660) 12
*  4729: obj =   2.647896702e+01 inf =   3.632e-04 (659) 12
Removing LP perturbation [6220]...
*  6220: obj =   2.301390946e+01 inf =   4.599e-14 (0) 15
OPTIMAL LP SOLUTION FOUND
Integer optimization begins...
Long-step dual simplex will be used
+  6220: mip =     not found yet >=              -inf        (1; 0)
Solution found by heuristic: 25.395483
+  6220: mip =   2.539548300e+01 >=   2.301540973e+01   9.4% (2; 0)
+  6285: mip =   2.539548300e+01 >=   2.305932642e+01   9.2% (3; 0)
+  6304: mip =   2.539548300e+01 >=   2.305932642e+01   9.2% (4; 0)
+  6412: mip =   2.539548300e+01 >=   2.305932642e+01   9.2% (5; 0)
Time used: 76.1 secs.  Memory used: 71.1 Mb.
+  6449: mip =   2.539548300e+01 >=   2.305932642e+01   9.2% (6; 0)
+  6642: mip =   2.539548300e+01 >=   2.305932642e+01   9.2% (7; 0)
+  6684: mip =   2.539548300e+01 >=   2.305932642e+01   9.2% (8; 0)
+  6717: mip =   2.539548300e+01 >=   2.305932642e+01   9.2% (9; 0)
Time used: 140.5 secs.  Memory used: 72.7 Mb.
+  6764: mip =   2.539548300e+01 >=   2.305932642e+01   9.2% (10; 0)
+  6794: mip =   2.539548300e+01 >=   2.305932642e+01   9.2% (11; 0)
+  6807: mip =   2.539548300e+01 >=   2.305932642e+01   9.2% (12; 0)
+  6890: mip =   2.539548300e+01 >=   2.305932642e+01   9.2% (13; 0)
Time used: 208.5 secs.  Memory used: 73.5 Mb.
Solution found by heuristic: 24.903958
+  6943: mip =   2.490395800e+01 >=   2.308961859e+01   7.3% (13; 1)
+  7157: mip =   2.490395800e+01 >=   2.310734752e+01   7.2% (6; 16)
Solution found by heuristic: 24.299437
+  7269: mip =   2.429943700e+01 >=   2.310734752e+01   4.9% (7; 16)
+  7452: mip =   2.429943700e+01 >=   2.310734752e+01   4.9% (8; 16)
Time used: 281.1 secs.  Memory used: 74.3 Mb.
+  7470: mip =   2.429943700e+01 >=   2.310734752e+01   4.9% (9; 16)
+  7545: mip =   2.429943700e+01 >=   2.315449262e+01   4.7% (9; 17)
+  7593: mip =   2.429943700e+01 >=   2.315449262e+01   4.7% (10; 17)
Solution found by heuristic: 23.807912
+  7646: mip =   2.380791200e+01 >=   2.315449262e+01   2.7% (11; 17)
Time used: 348.6 secs.  Memory used: 74.3 Mb.
+  7660: >>>>>   2.327683900e+01 >=   2.315449262e+01   0.5% (11; 17)
+  7744: mip =   2.327683900e+01 >=   2.319287317e+01   0.4% (5; 29)
+  7765: mip =   2.327683900e+01 >=   2.319771175e+01   0.3% (5; 30)
+  7857: >>>>>   2.324294000e+01 >=   2.324294000e+01   0.0% (3; 33)
+  7857: mip =   2.324294000e+01 >=     tree is empty   0.0% (0; 45)
INTEGER OPTIMAL SOLUTION FOUND
Time used:   401.1 secs
Memory used: 94.8 Mb (99439774 bytes)
Writing MIP solution to 'input/p2p-Gnutella06.html/p2p-Gnutella06.txt.gz.6.lp.sol'...
Objective:  obj = 23.24294 (MINimum)
