	Command being timed: "/usr/app/src/glpk-5.0/examples/glpsol --lp input/cit-HepTh.html/cit-HepTh.txt.gz.504.lp.reach_chain_detours.lp -o input/cit-HepTh.html/cit-HepTh.txt.gz.504.lp.reach_chain_detours.lp.sol"
	User time (seconds): 5236.31
	System time (seconds): 0.69
	Percent of CPU this job got: 99%
	Elapsed (wall clock) time (h:mm:ss or m:ss): 1:27:18
	Average shared text size (kbytes): 0
	Average unshared data size (kbytes): 0
	Average stack size (kbytes): 0
	Average total size (kbytes): 0
	Maximum resident set size (kbytes): 291592
	Average resident set size (kbytes): 0
	Major (requiring I/O) page faults: 0
	Minor (reclaiming a frame) page faults: 251437
	Voluntary context switches: 325
	Involuntary context switches: 12109
	Swaps: 0
	File system inputs: 0
	File system outputs: 62840
	Socket messages sent: 0
	Socket messages received: 0
	Signals delivered: 0
	Page size (bytes): 4096
	Exit status: 0
