GLPSOL--GLPK LP/MIP Solver 5.0
Parameter(s) specified in the command line:
 --lp input/cit-HepTh.html/cit-HepTh.txt.gz.504.lp.reach_chain_detours.lp
 -o input/cit-HepTh.html/cit-HepTh.txt.gz.504.lp.reach_chain_detours.lp.sol
Reading problem data from 'input/cit-HepTh.html/cit-HepTh.txt.gz.504.lp.reach_chain_detours.lp'...
116223 rows, 239901 columns, 581102 non-zeros
239901 integer variables, all of which are binary
356129 lines were read
GLPK Integer Optimizer 5.0
116223 rows, 239901 columns, 581102 non-zeros
239901 integer variables, all of which are binary
Preprocessing...
1 hidden packing inequaliti(es) were detected
115698 rows, 239376 columns, 576737 non-zeros
239376 integer variables, all of which are binary
Scaling...
 A: min|aij| =  1.000e+00  max|aij| =  1.000e+00  ratio =  1.000e+00
Problem data seem to be well scaled
Constructing initial basis...
Size of triangular part is 115698
Solving LP relaxation...
GLPK Simplex Optimizer 5.0
115698 rows, 239376 columns, 576737 non-zeros
      0: obj =   0.000000000e+00 inf =   1.807e+03 (1807)
   1180: obj =   1.002037999e+03 inf =   6.270e+02 (627)
   1807: obj =   1.533252390e+03 inf =   0.000e+00 (0)
Perturbing LP to avoid stalling [2008]...
*  2801: obj =   1.530578330e+03 inf =   0.000e+00 (2794)
*  3500: obj =   1.530578330e+03 inf =   0.000e+00 (2830) 5
*  4132: obj =   1.530578330e+03 inf =   0.000e+00 (2892) 6
*  4711: obj =   1.530578330e+03 inf =   0.000e+00 (2920) 5
*  5298: obj =   1.530578330e+03 inf =   0.000e+00 (2948) 5
*  5856: obj =   1.530578330e+03 inf =   0.000e+00 (3005) 6
*  6397: obj =   1.530578330e+03 inf =   0.000e+00 (3004) 5
*  6909: obj =   1.530578330e+03 inf =   0.000e+00 (3031) 5
*  7415: obj =   1.530578330e+03 inf =   0.000e+00 (3051) 5
*  7912: obj =   1.530578330e+03 inf =   0.000e+00 (3090) 4
*  8395: obj =   1.530578330e+03 inf =   0.000e+00 (3103) 5
*  8870: obj =   1.530578330e+03 inf =   0.000e+00 (3122) 5
*  9344: obj =   1.530578330e+03 inf =   0.000e+00 (3134) 5
*  9795: obj =   1.530578330e+03 inf =   0.000e+00 (3136) 4
* 10254: obj =   1.530578330e+03 inf =   0.000e+00 (3125) 4
* 10711: obj =   1.530578330e+03 inf =   0.000e+00 (3150) 5
* 11174: obj =   1.530578330e+03 inf =   0.000e+00 (3171) 4
* 11606: obj =   1.530578330e+03 inf =   0.000e+00 (3154) 5
* 12035: obj =   1.530578330e+03 inf =   0.000e+00 (3156) 4
* 12475: obj =   1.530578330e+03 inf =   0.000e+00 (3170) 4
* 12910: obj =   1.530578330e+03 inf =   0.000e+00 (3177) 4
* 13334: obj =   1.530578330e+03 inf =   0.000e+00 (3173) 5
* 13750: obj =   1.530578330e+03 inf =   0.000e+00 (3174) 4
* 14147: obj =   1.143753545e+03 inf =   1.277e-14 (13466) 4
* 14493: obj =   1.143753545e+03 inf =   4.273e-13 (13368) 3
* 14847: obj =   1.143753518e+03 inf =   4.434e-04 (13218) 3
* 15183: obj =   1.143753382e+03 inf =   2.528e-03 (13088) 4
* 15540: obj =   1.143753085e+03 inf =   7.114e-03 (12927) 3
* 15869: obj =   1.143752829e+03 inf =   1.071e-02 (12816) 4
* 16204: obj =   1.143752432e+03 inf =   1.634e-02 (12711) 3
* 16554: obj =   1.143752117e+03 inf =   2.042e-02 (12544) 3
* 16896: obj =   1.143751706e+03 inf =   2.466e-02 (12402) 4
* 17253: obj =   1.143751193e+03 inf =   2.984e-02 (12313) 3
* 17591: obj =   1.143750847e+03 inf =   3.244e-02 (12154) 4
* 17963: obj =   1.143750347e+03 inf =   3.601e-02 (11956) 3
* 18307: obj =   1.143749924e+03 inf =   3.883e-02 (11838) 4
* 18678: obj =   1.143749320e+03 inf =   4.302e-02 (11693) 3
* 19027: obj =   1.143748915e+03 inf =   4.533e-02 (11524) 4
* 19398: obj =   1.143748600e+03 inf =   4.616e-02 (11420) 4
* 19753: obj =   1.143748299e+03 inf =   4.686e-02 (11292) 3
* 20106: obj =   1.143745902e+03 inf =   4.626e-02 (11126) 4
* 20497: obj =   9.088146871e+02 inf =   4.589e-02 (10531) 3
* 20890: obj =   9.088144871e+02 inf =   4.562e-02 (10431) 3
* 21327: obj =   9.088143685e+02 inf =   4.424e-02 (10316) 4
* 21753: obj =   9.088142816e+02 inf =   4.445e-02 (10176) 4
* 22167: obj =   8.716432048e+02 inf =   4.155e-02 (10029) 4
* 22582: obj =   8.716430198e+02 inf =   3.946e-02 (9899) 4
* 23008: obj =   8.716426289e+02 inf =   3.483e-02 (9757) 3
* 23407: obj =   8.716421089e+02 inf =   3.059e-02 (9674) 4
* 23849: obj =   8.716417370e+02 inf =   2.994e-02 (9590) 4
* 24343: obj =   8.704260316e+02 inf =   3.097e-02 (9472) 5
* 24801: obj =   8.691254315e+02 inf =   3.168e-02 (9411) 4
* 25286: obj =   8.538340625e+02 inf =   3.226e-02 (9254) 4
* 25737: obj =   8.538338857e+02 inf =   2.652e-02 (9102) 4
* 26228: obj =   8.508172622e+02 inf =   2.362e-02 (8957) 4
* 26727: obj =   8.490850901e+02 inf =   2.274e-02 (8810) 5
* 27219: obj =   8.461777992e+02 inf =   2.377e-02 (8702) 4
* 27668: obj =   8.461777043e+02 inf =   2.679e-02 (8636) 4
* 28173: obj =   8.439354764e+02 inf =   2.708e-02 (8540) 5
* 28666: obj =   8.439353963e+02 inf =   2.756e-02 (8461) 5
* 29056: obj =   8.405358931e+02 inf =   2.952e-02 (8430) 3
* 29479: obj =   8.397578270e+02 inf =   3.091e-02 (8380) 4
* 29928: obj =   8.392347711e+02 inf =   3.028e-02 (8228) 4
* 30390: obj =   8.098433788e+02 inf =   2.987e-02 (8179) 4
* 30827: obj =   8.098432284e+02 inf =   2.955e-02 (8108) 5
* 31312: obj =   8.098430426e+02 inf =   2.828e-02 (8016) 4
* 31731: obj =   8.098429216e+02 inf =   2.739e-02 (7929) 4
* 32153: obj =   8.098427804e+02 inf =   2.509e-02 (7858) 4
* 32639: obj =   8.086256355e+02 inf =   2.540e-02 (7744) 4
* 33177: obj =   8.086256065e+02 inf =   2.519e-02 (7680) 5
* 33658: obj =   7.939033417e+02 inf =   2.380e-02 (7619) 4
* 34126: obj =   7.823258088e+02 inf =   2.223e-02 (7434) 4
* 34624: obj =   7.823256365e+02 inf =   2.035e-02 (7323) 5
* 35159: obj =   7.795721246e+02 inf =   1.943e-02 (7257) 4
* 35700: obj =   7.772877441e+02 inf =   2.104e-02 (7229) 5
* 36164: obj =   7.772876890e+02 inf =   2.474e-02 (7220) 4
* 36712: obj =   7.772876482e+02 inf =   2.596e-02 (7166) 5
* 37257: obj =   7.772876172e+02 inf =   2.658e-02 (7208) 5
* 37705: obj =   7.724953398e+02 inf =   2.698e-02 (7945) 4
* 38114: obj =   7.724951055e+02 inf =   3.367e-02 (7944) 3
* 38481: obj =   7.724947063e+02 inf =   4.355e-02 (7918) 4
* 38822: obj =   7.724944035e+02 inf =   4.927e-02 (7925) 3
* 39177: obj =   7.724942015e+02 inf =   5.221e-02 (7861) 3
* 39524: obj =   7.724939364e+02 inf =   5.525e-02 (7847) 4
* 39872: obj =   7.724935785e+02 inf =   6.012e-02 (7849) 3
* 40226: obj =   7.446321928e+02 inf =   6.519e-02 (7655) 4
* 40638: obj =   7.446319171e+02 inf =   6.355e-02 (7604) 3
* 41020: obj =   7.441606755e+02 inf =   6.883e-02 (7632) 4
* 41380: obj =   7.441605505e+02 inf =   7.410e-02 (7599) 4
* 41761: obj =   7.441604522e+02 inf =   7.489e-02 (7577) 3
* 42183: obj =   7.441603578e+02 inf =   7.497e-02 (7523) 4
* 42611: obj =   7.441602367e+02 inf =   7.200e-02 (7493) 4
* 43023: obj =   7.441601300e+02 inf =   6.784e-02 (7455) 4
* 43421: obj =   7.441600061e+02 inf =   6.490e-02 (7381) 4
* 43857: obj =   7.343780166e+02 inf =   6.381e-02 (6898) 4
* 44275: obj =   7.343778842e+02 inf =   6.293e-02 (6815) 5
* 44648: obj =   7.343777953e+02 inf =   6.131e-02 (6753) 3
* 45045: obj =   7.343777426e+02 inf =   6.080e-02 (6700) 4
* 45459: obj =   7.343776504e+02 inf =   5.863e-02 (6630) 4
* 45876: obj =   7.343775783e+02 inf =   5.478e-02 (6533) 4
* 46291: obj =   7.343774918e+02 inf =   4.840e-02 (6515) 4
* 46666: obj =   7.343774223e+02 inf =   4.289e-02 (6495) 3
* 47100: obj =   7.337462682e+02 inf =   3.822e-02 (6373) 4
* 47547: obj =   7.337462056e+02 inf =   3.710e-02 (6331) 5
* 47975: obj =   7.337461803e+02 inf =   3.634e-02 (6320) 4
* 48391: obj =   7.325892710e+02 inf =   3.537e-02 (6278) 4
* 48790: obj =   7.325892214e+02 inf =   3.766e-02 (6280) 4
* 49220: obj =   7.325891963e+02 inf =   3.828e-02 (6264) 4
* 49731: obj =   6.807703181e+02 inf =   3.712e-02 (6192) 3
* 50167: obj =   6.734544145e+02 inf =   3.730e-02 (6440) 4
* 50606: obj =   6.708522211e+02 inf =   3.731e-02 (6283) 5
* 51047: obj =   6.671573321e+02 inf =   3.627e-02 (6166) 4
* 51482: obj =   6.671572204e+02 inf =   3.303e-02 (6061) 4
* 51899: obj =   6.671570946e+02 inf =   3.213e-02 (5981) 4
* 52307: obj =   6.662058889e+02 inf =   3.076e-02 (5998) 4
* 52762: obj =   5.976081492e+02 inf =   3.014e-02 (6146) 3
* 53264: obj =   4.938365349e+02 inf =   2.893e-02 (6222) 4
* 53763: obj =   4.193143338e+02 inf =   2.823e-02 (6144) 4
* 54205: obj =   3.688880064e+02 inf =   2.996e-02 (6147) 3
* 54596: obj =   3.688879357e+02 inf =   3.333e-02 (6151) 4
* 54959: obj =   3.651198780e+02 inf =   3.626e-02 (6084) 4
* 55377: obj =   3.651196955e+02 inf =   3.827e-02 (6047) 4
* 55799: obj =   3.637470708e+02 inf =   3.996e-02 (6071) 4
* 56228: obj =   3.637469914e+02 inf =   3.792e-02 (5949) 4
* 56622: obj =   3.637469020e+02 inf =   3.904e-02 (5927) 4
* 56999: obj =   3.637468773e+02 inf =   3.910e-02 (5896) 3
* 57386: obj =   3.637468441e+02 inf =   3.912e-02 (5870) 4
* 57859: obj =   3.092104371e+02 inf =   3.813e-02 (5843) 4
* 58244: obj =   3.088568676e+02 inf =   3.848e-02 (5865) 4
* 58634: obj =   3.088568228e+02 inf =   3.890e-02 (5886) 3
* 59112: obj =   2.686063205e+02 inf =   3.851e-02 (5803) 4
* 59599: obj =   1.661323325e+02 inf =   3.932e-02 (5816) 4
* 59985: obj =   1.661322890e+02 inf =   4.009e-02 (5837) 4
* 60379: obj =   1.661322308e+02 inf =   4.237e-02 (5842) 3
* 60763: obj =   1.656706423e+02 inf =   4.452e-02 (5853) 4
* 61127: obj =   1.656706151e+02 inf =   4.396e-02 (5828) 4
* 61506: obj =   1.656705522e+02 inf =   4.497e-02 (5800) 3
* 61971: obj =   1.614349940e+02 inf =   4.343e-02 (5801) 5
* 62414: obj =   1.614349583e+02 inf =   4.294e-02 (5809) 4
* 62796: obj =   1.614349323e+02 inf =   4.250e-02 (5763) 4
* 63219: obj =   1.614348387e+02 inf =   4.305e-02 (5747) 4
* 63677: obj =   1.586955706e+02 inf =   4.218e-02 (5730) 4
* 64061: obj =   1.586955049e+02 inf =   4.132e-02 (5714) 4
* 64440: obj =   1.586954064e+02 inf =   4.037e-02 (5676) 3
* 64816: obj =   1.586952559e+02 inf =   3.931e-02 (5611) 4
* 65218: obj =   1.586951501e+02 inf =   3.860e-02 (5586) 4
* 65622: obj =   1.586951225e+02 inf =   3.863e-02 (5506) 4
* 66040: obj =   1.581015031e+02 inf =   3.846e-02 (5460) 4
* 66450: obj =   1.581014521e+02 inf =   3.889e-02 (5401) 4
* 66903: obj =   1.525376723e+02 inf =   3.918e-02 (5374) 4
* 67330: obj =   1.525374976e+02 inf =   3.930e-02 (5310) 4
* 67719: obj =   1.525373897e+02 inf =   4.069e-02 (5275) 4
* 68252: obj =   5.005944909e+01 inf =   4.167e-02 (5131) 3
* 68675: obj =   4.903364412e+01 inf =   4.017e-02 (5058) 3
* 69057: obj =   4.812322759e+01 inf =   4.047e-02 (5064) 4
* 69452: obj =   4.812316320e+01 inf =   4.077e-02 (5038) 4
* 69868: obj =   4.812313115e+01 inf =   4.064e-02 (5039) 4
* 70280: obj =   4.760317531e+01 inf =   4.060e-02 (5060) 4
* 70687: obj =   4.760307899e+01 inf =   4.088e-02 (5053) 3
* 71134: obj =   3.857928019e+01 inf =   4.000e-02 (4975) 4
* 71570: obj =   3.631132692e+01 inf =   3.811e-02 (4883) 4
* 71967: obj =   3.631125352e+01 inf =   3.940e-02 (4838) 3
* 72406: obj =   3.520994120e+01 inf =   3.997e-02 (4801) 5
* 72844: obj =   3.520984029e+01 inf =   4.231e-02 (4719) 4
* 73326: obj =   2.239645683e+01 inf =   4.471e-02 (4644) 4
* 73779: obj =   1.346622410e+01 inf =   4.542e-02 (12288) 4
* 74230: obj =   1.346596390e+01 inf =   4.403e-02 (12084) 5
* 74684: obj =   1.346568169e+01 inf =   4.127e-02 (11918) 4
* 75194: obj =   1.345859942e+01 inf =   4.101e-02 (5859) 5
* 75676: obj =   1.345827602e+01 inf =   3.996e-02 (5707) 4
* 76117: obj =   1.345788111e+01 inf =   4.145e-02 (5511) 4
* 76552: obj =   1.345763627e+01 inf =   4.215e-02 (5392) 4
* 77008: obj =   1.345735824e+01 inf =   4.211e-02 (5297) 5
* 77412: obj =   1.345719741e+01 inf =   4.191e-02 (5273) 3
* 77847: obj =   1.345708345e+01 inf =   4.163e-02 (5201) 5
* 78279: obj =   1.345696925e+01 inf =   4.109e-02 (5144) 4
* 78700: obj =   1.345681670e+01 inf =   4.116e-02 (5086) 4
* 79079: obj =   1.345666252e+01 inf =   4.149e-02 (5009) 3
* 79422: obj =   1.345658265e+01 inf =   4.222e-02 (5000) 4
* 79821: obj =   1.319501143e+01 inf =   4.265e-02 (4932) 4
* 80240: obj =   1.319496829e+01 inf =   4.105e-02 (4898) 4
* 80669: obj =   1.319489787e+01 inf =   3.925e-02 (4843) 4
* 81135: obj =   1.202059809e+01 inf =   3.871e-02 (12312) 4
* 81588: obj =   1.201971701e+01 inf =   3.873e-02 (12241) 5
* 82003: obj =   1.201912311e+01 inf =   3.932e-02 (12079) 4
* 82430: obj =   1.201885016e+01 inf =   3.899e-02 (11944) 4
* 82816: obj =   1.201865476e+01 inf =   3.877e-02 (11805) 3
* 83190: obj =   1.201823612e+01 inf =   3.848e-02 (11663) 4
* 83562: obj =   1.201796159e+01 inf =   4.172e-02 (11514) 4
* 83987: obj =   1.201785689e+01 inf =   4.328e-02 (11344) 4
* 84518: obj =   1.201298800e+01 inf =   4.199e-02 (6244) 4
* 84944: obj =   1.201261987e+01 inf =   4.129e-02 (6026) 4
* 85330: obj =   1.201233967e+01 inf =   4.179e-02 (5863) 4
* 85740: obj =   1.201212629e+01 inf =   4.156e-02 (5692) 3
* 86120: obj =   1.201196585e+01 inf =   4.123e-02 (5541) 4
* 86498: obj =   1.201186565e+01 inf =   4.069e-02 (5405) 3
* 86889: obj =   1.201179974e+01 inf =   3.984e-02 (5294) 4
* 87276: obj =   1.201172280e+01 inf =   3.900e-02 (5185) 4
* 87669: obj =   1.201166381e+01 inf =   3.785e-02 (5037) 4
* 88056: obj =   1.201160816e+01 inf =   3.708e-02 (4950) 3
* 88484: obj =   1.201156519e+01 inf =   3.644e-02 (4875) 4
* 88983: obj =   1.201153115e+01 inf =   3.604e-02 (4777) 5
* 89472: obj =   1.079459421e+01 inf =   3.603e-02 (117608) 4
* 89897: obj =   1.079429279e+01 inf =   3.630e-02 (117594) 5
* 90291: obj =   1.079396890e+01 inf =   3.608e-02 (117578) 3
* 90676: obj =   1.079372308e+01 inf =   3.670e-02 (117601) 4
* 91065: obj =   1.079338171e+01 inf =   3.758e-02 (117584) 4
* 91429: obj =   1.079312193e+01 inf =   4.091e-02 (117625) 4
* 91905: obj =   1.079303106e+01 inf =   4.318e-02 (117620) 4
* 92394: obj =   9.977019564e+00 inf =   4.269e-02 (6125) 5
* 92818: obj =   9.976737102e+00 inf =   4.088e-02 (5918) 3
* 93220: obj =   9.976408610e+00 inf =   4.073e-02 (5715) 4
* 93655: obj =   9.976187914e+00 inf =   4.034e-02 (5446) 4
* 94088: obj =   9.976026931e+00 inf =   3.993e-02 (5221) 4
* 94554: obj =   9.975900148e+00 inf =   3.980e-02 (5017) 4
* 95000: obj =   9.975865198e+00 inf =   3.890e-02 (4840) 4
* 95416: obj =   9.975817618e+00 inf =   3.748e-02 (4703) 4
* 95837: obj =   9.968249300e+00 inf =   3.711e-02 (4059) 4
* 96316: obj =   6.369885344e+00 inf =   3.685e-02 (11363) 2
* 96747: obj =   6.369757933e+00 inf =   3.726e-02 (11136) 3
* 97143: obj =   6.369618104e+00 inf =   3.957e-02 (10986) 4
* 97549: obj =   6.369511449e+00 inf =   4.318e-02 (10816) 4
* 97965: obj =   6.369383311e+00 inf =   4.776e-02 (10658) 4
* 98485: obj =   6.369318628e+00 inf =   5.238e-02 (10428) 3
* 98986: obj =   6.369290428e+00 inf =   5.361e-02 (10265) 4
* 99404: obj =   5.542069238e+00 inf =   5.489e-02 (10134) 3
* 99831: obj =   5.542010169e+00 inf =   5.951e-02 (10044) 3
*100241: obj =   5.541946570e+00 inf =   6.446e-02 (9921) 4
*100648: obj =   5.541914257e+00 inf =   6.660e-02 (9786) 4
*101027: obj =   5.541875114e+00 inf =   6.981e-02 (9720) 4
*101402: obj =   5.541836812e+00 inf =   7.301e-02 (9550) 3
*101774: obj =   5.541801628e+00 inf =   7.633e-02 (9500) 4
*102117: obj =   5.541750576e+00 inf =   8.092e-02 (9464) 3
*102474: obj =   5.541702519e+00 inf =   8.488e-02 (9399) 3
*102855: obj =   5.541650663e+00 inf =   8.847e-02 (9304) 4
*103226: obj =   5.541616971e+00 inf =   9.032e-02 (9218) 3
*103589: obj =   5.541585323e+00 inf =   9.262e-02 (9100) 3
*103973: obj =   5.541557940e+00 inf =   9.374e-02 (8980) 4
*104433: obj =   5.541541759e+00 inf =   9.396e-02 (8820) 3
*104830: obj =   5.541496414e+00 inf =   9.686e-02 (8731) 3
*105164: obj =   5.541453667e+00 inf =   1.002e-01 (7934) 4
*105509: obj =   5.541420553e+00 inf =   1.022e-01 (7809) 3
*105805: obj =   5.541393564e+00 inf =   1.029e-01 (7758) 3
*106068: obj =   5.541372273e+00 inf =   1.033e-01 (7696) 2
*106376: obj =   5.541342484e+00 inf =   1.040e-01 (8410) 3
*106717: obj =   5.541316419e+00 inf =   1.041e-01 (7904) 3
*107064: obj =   5.541299651e+00 inf =   1.029e-01 (6413) 3
*107409: obj =   5.541257321e+00 inf =   1.029e-01 (118635) 3
*107735: obj =   5.541244496e+00 inf =   1.022e-01 (7568) 2
*108095: obj =   5.541187360e+00 inf =   1.017e-01 (6305) 3
*108425: obj =   5.541126637e+00 inf =   1.015e-01 (7017) 3
*108721: obj =   5.541100271e+00 inf =   1.016e-01 (7004) 3
*109018: obj =   5.541062161e+00 inf =   1.024e-01 (6928) 3
*109321: obj =   5.541045245e+00 inf =   1.016e-01 (6884) 3
*109631: obj =   5.540995997e+00 inf =   1.025e-01 (6835) 3
*109953: obj =   5.540941456e+00 inf =   1.043e-01 (6425) 3
*110286: obj =   5.540911580e+00 inf =   1.039e-01 (6373) 3
*110618: obj =   5.540884086e+00 inf =   1.041e-01 (6489) 3
*110936: obj =   5.540851804e+00 inf =   1.035e-01 (6460) 3
*111253: obj =   5.540803850e+00 inf =   1.047e-01 (6395) 3
*111590: obj =   5.540755150e+00 inf =   1.062e-01 (6331) 3
*111924: obj =   5.540730676e+00 inf =   1.064e-01 (118379) 3
*112236: obj =   5.540692307e+00 inf =   1.070e-01 (118402) 3
*112542: obj =   5.540659399e+00 inf =   1.076e-01 (6119) 3
*112862: obj =   5.540642737e+00 inf =   1.067e-01 (5874) 4
*113175: obj =   5.540629103e+00 inf =   1.056e-01 (8009) 3
*113469: obj =   5.540604553e+00 inf =   1.052e-01 (7644) 2
*113763: obj =   5.540578018e+00 inf =   1.044e-01 (5489) 3
*114057: obj =   5.540553425e+00 inf =   1.038e-01 (6794) 3
*114357: obj =   5.540544405e+00 inf =   1.018e-01 (5288) 3
*114650: obj =   5.540525274e+00 inf =   1.013e-01 (5296) 3
*114919: obj =   5.540502214e+00 inf =   1.010e-01 (5298) 2
*115183: obj =   5.540484653e+00 inf =   1.006e-01 (5352) 3
*115498: obj =   5.540470736e+00 inf =   1.001e-01 (5179) 3
*115816: obj =   5.540445949e+00 inf =   9.967e-02 (6457) 3
*116128: obj =   5.540433199e+00 inf =   9.921e-02 (5093) 3
*116441: obj =   5.540379001e+00 inf =   9.862e-02 (5418) 3
*116782: obj =   5.540173275e+00 inf =   9.761e-02 (5386) 3
*117118: obj =   5.539708714e+00 inf =   9.322e-02 (5281) 4
*117450: obj =   5.539477399e+00 inf =   9.175e-02 (5162) 3
*117768: obj =   5.539060540e+00 inf =   8.886e-02 (5065) 3
*118085: obj =   5.538758375e+00 inf =   8.768e-02 (4977) 3
*118401: obj =   5.538564689e+00 inf =   8.704e-02 (4893) 3
*118716: obj =   5.538274852e+00 inf =   8.608e-02 (4820) 3
*119067: obj =   5.537914651e+00 inf =   8.484e-02 (4727) 3
*119395: obj =   5.537550669e+00 inf =   8.534e-02 (4680) 4
*119751: obj =   5.537293235e+00 inf =   8.667e-02 (4588) 3
*120074: obj =   5.537044837e+00 inf =   8.944e-02 (4474) 3
*120416: obj =   5.536882940e+00 inf =   9.194e-02 (4422) 4
*120749: obj =   5.536745742e+00 inf =   9.445e-02 (4374) 3
*121076: obj =   5.536601713e+00 inf =   9.900e-02 (4293) 3
*121444: obj =   5.536470455e+00 inf =   1.048e-01 (4186) 4
*121847: obj =   5.536400729e+00 inf =   1.046e-01 (4129) 3
*122201: obj =   5.536324180e+00 inf =   1.032e-01 (4067) 4
*122573: obj =   5.536237657e+00 inf =   1.024e-01 (4047) 4
*122967: obj =   5.536186657e+00 inf =   1.013e-01 (4000) 3
*123370: obj =   5.536140867e+00 inf =   9.885e-02 (3887) 4
*123769: obj =   5.536080239e+00 inf =   9.672e-02 (3830) 4
*124116: obj =   5.536028145e+00 inf =   9.469e-02 (3837) 3
*124443: obj =   5.535993398e+00 inf =   9.336e-02 (3783) 4
*124801: obj =   5.535935756e+00 inf =   9.140e-02 (3724) 3
*125161: obj =   4.871209527e+00 inf =   9.136e-02 (117893) 3
*125506: obj =   4.871155533e+00 inf =   9.246e-02 (117905) 4
*125861: obj =   4.871098616e+00 inf =   9.388e-02 (117926) 3
*126186: obj =   4.871006525e+00 inf =   9.631e-02 (117917) 3
*126523: obj =   4.870978051e+00 inf =   9.615e-02 (117907) 4
*126855: obj =   4.870925203e+00 inf =   9.578e-02 (117901) 3
*127203: obj =   4.870810452e+00 inf =   9.732e-02 (117898) 3
*127534: obj =   4.870727578e+00 inf =   9.853e-02 (117871) 4
*127879: obj =   4.870573559e+00 inf =   1.032e-01 (117876) 3
*128206: obj =   4.870504982e+00 inf =   1.054e-01 (117858) 3
*128532: obj =   4.870437301e+00 inf =   1.067e-01 (117857) 3
*128830: obj =   4.870349089e+00 inf =   1.095e-01 (117848) 3
*129147: obj =   4.870306529e+00 inf =   1.101e-01 (117839) 3
*129460: obj =   4.870230950e+00 inf =   1.118e-01 (117853) 3
*129772: obj =   4.870125624e+00 inf =   1.157e-01 (117862) 3
*130077: obj =   4.870066237e+00 inf =   1.166e-01 (117861) 3
*130392: obj =   4.870034454e+00 inf =   1.157e-01 (117823) 3
*130713: obj =   4.869966173e+00 inf =   1.167e-01 (117850) 3
*131016: obj =   4.869873865e+00 inf =   1.196e-01 (117820) 3
*131327: obj =   4.869819351e+00 inf =   1.191e-01 (117809) 3
*131648: obj =   4.869748762e+00 inf =   1.205e-01 (117804) 3
*131968: obj =   4.869696471e+00 inf =   1.205e-01 (117841) 3
*132275: obj =   4.869655837e+00 inf =   1.195e-01 (117813) 2
*132601: obj =   4.869581110e+00 inf =   1.203e-01 (117847) 3
*132915: obj =   4.869514826e+00 inf =   1.206e-01 (117822) 3
*133154: obj =   4.869467722e+00 inf =   1.209e-01 (117827) 3
*133438: obj =   4.869371220e+00 inf =   1.240e-01 (117822) 2
*133702: obj =   4.869340247e+00 inf =   1.237e-01 (117847) 3
*133951: obj =   4.869294958e+00 inf =   1.244e-01 (117851) 2
*134218: obj =   4.869264462e+00 inf =   1.239e-01 (117841) 3
*134533: obj =   4.869225645e+00 inf =   1.220e-01 (117847) 3
*134856: obj =   4.869182768e+00 inf =   1.211e-01 (117836) 3
*135172: obj =   4.869137335e+00 inf =   1.199e-01 (117826) 3
*135482: obj =   4.869094909e+00 inf =   1.192e-01 (117843) 3
*135786: obj =   4.869050995e+00 inf =   1.187e-01 (117824) 2
*136086: obj =   4.869026986e+00 inf =   1.159e-01 (117834) 3
*136379: obj =   4.868981520e+00 inf =   1.148e-01 (117833) 3
*136678: obj =   4.868934148e+00 inf =   1.134e-01 (117837) 3
*137003: obj =   4.868910364e+00 inf =   1.109e-01 (117848) 3
*137327: obj =   4.868871639e+00 inf =   1.098e-01 (117867) 3
*137636: obj =   4.868839676e+00 inf =   1.099e-01 (117834) 3
*137943: obj =   4.868823078e+00 inf =   1.074e-01 (117849) 3
*138243: obj =   4.868802028e+00 inf =   1.050e-01 (117826) 2
*138525: obj =   4.868754115e+00 inf =   1.047e-01 (117824) 3
*138831: obj =   4.868725031e+00 inf =   1.037e-01 (117843) 3
*139144: obj =   4.868706898e+00 inf =   1.011e-01 (117813) 3
*139467: obj =   4.868681680e+00 inf =   9.840e-02 (117793) 3
*139784: obj =   4.868653001e+00 inf =   9.550e-02 (117841) 3
*140101: obj =   4.868631263e+00 inf =   9.222e-02 (117815) 3
*140406: obj =   4.868563895e+00 inf =   9.075e-02 (117841) 3
*140713: obj =   4.868536521e+00 inf =   8.799e-02 (117845) 3
*141017: obj =   4.868503384e+00 inf =   8.487e-02 (117857) 2
*141320: obj =   4.868487607e+00 inf =   8.113e-02 (117867) 3
*141632: obj =   4.868435611e+00 inf =   7.960e-02 (117859) 3
*141944: obj =   4.868365860e+00 inf =   7.739e-02 (117875) 3
*142231: obj =   4.868169603e+00 inf =   7.400e-02 (117851) 3
*142517: obj =   4.546675092e+00 inf =   7.170e-02 (13077) 3
*142849: obj =   4.542169501e+00 inf =   7.367e-02 (12943) 2
*143168: obj =   4.539997265e+00 inf =   7.509e-02 (12779) 3
*143500: obj =   4.538782769e+00 inf =   7.584e-02 (12599) 3
*143821: obj =   4.538148124e+00 inf =   7.706e-02 (12448) 3
*144114: obj =   4.537633410e+00 inf =   7.807e-02 (12319) 3
*144432: obj =   4.537016707e+00 inf =   7.890e-02 (12150) 3
*144768: obj =   4.536553441e+00 inf =   8.095e-02 (12047) 3
*145080: obj =   4.536111342e+00 inf =   8.193e-02 (11924) 3
*145372: obj =   4.535856729e+00 inf =   8.244e-02 (11768) 2
*145671: obj =   4.535514830e+00 inf =   8.334e-02 (11700) 3
*145965: obj =   4.535152363e+00 inf =   8.423e-02 (11561) 3
*146282: obj =   4.534657971e+00 inf =   8.446e-02 (11390) 3
*146599: obj =   4.534261603e+00 inf =   8.587e-02 (11269) 3
*146933: obj =   4.533670785e+00 inf =   8.657e-02 (11123) 3
*147261: obj =   4.533432105e+00 inf =   8.781e-02 (10959) 3
*147583: obj =   4.532915302e+00 inf =   8.835e-02 (10797) 3
*147907: obj =   4.532643369e+00 inf =   8.891e-02 (10644) 3
*148238: obj =   4.532233514e+00 inf =   8.946e-02 (10457) 3
*148548: obj =   4.531970267e+00 inf =   9.031e-02 (10340) 2
*148844: obj =   4.531643551e+00 inf =   9.100e-02 (10257) 3
*149174: obj =   4.531230396e+00 inf =   9.157e-02 (10091) 3
*149503: obj =   4.530840970e+00 inf =   9.264e-02 (9921) 3
*149815: obj =   4.530513895e+00 inf =   9.370e-02 (9808) 3
*150115: obj =   4.530218513e+00 inf =   9.481e-02 (9669) 3
*150410: obj =   4.529966249e+00 inf =   9.580e-02 (9507) 3
*150712: obj =   4.529699170e+00 inf =   9.736e-02 (9389) 3
*151006: obj =   4.529319656e+00 inf =   9.908e-02 (9275) 3
*151306: obj =   4.528989350e+00 inf =   1.023e-01 (9149) 2
*151601: obj =   4.528781349e+00 inf =   1.045e-01 (9026) 3
*151884: obj =   4.528573292e+00 inf =   1.068e-01 (8883) 3
*152184: obj =   4.528343462e+00 inf =   1.095e-01 (8749) 3
*152508: obj =   4.528077909e+00 inf =   1.119e-01 (8615) 3
*152836: obj =   4.527683552e+00 inf =   1.170e-01 (8482) 3
*153146: obj =   4.527489422e+00 inf =   1.209e-01 (8340) 3
*153463: obj =   4.527074503e+00 inf =   1.301e-01 (8167) 3
*153790: obj =   4.526801810e+00 inf =   1.387e-01 (8019) 3
*154115: obj =   4.526494373e+00 inf =   1.525e-01 (7921) 3
*154421: obj =   4.526244060e+00 inf =   1.642e-01 (7789) 3
*154777: obj =   4.526028263e+00 inf =   1.755e-01 (7692) 4
*155188: obj =   4.525908770e+00 inf =   1.810e-01 (7536) 4
*155572: obj =   4.525796602e+00 inf =   1.807e-01 (7445) 3
*155916: obj =   4.525719490e+00 inf =   1.804e-01 (7338) 4
*156248: obj =   4.525663950e+00 inf =   1.798e-01 (7235) 3
*156583: obj =   4.525606394e+00 inf =   1.783e-01 (7159) 3
*156918: obj =   4.525517699e+00 inf =   1.786e-01 (7064) 3
*157272: obj =   4.525463017e+00 inf =   1.780e-01 (6946) 4
*157647: obj =   4.525377518e+00 inf =   1.784e-01 (6853) 3
*158004: obj =   4.525336521e+00 inf =   1.782e-01 (6762) 4
*158347: obj =   4.525263395e+00 inf =   1.780e-01 (6711) 3
*158706: obj =   4.525223661e+00 inf =   1.768e-01 (6604) 3
*159081: obj =   4.525189616e+00 inf =   1.752e-01 (6521) 4
*159469: obj =   4.525158849e+00 inf =   1.722e-01 (6366) 4
*159832: obj =   4.525125285e+00 inf =   1.709e-01 (6261) 3
*160219: obj =   4.525107059e+00 inf =   1.694e-01 (6208) 4
*160595: obj =   4.525072959e+00 inf =   1.685e-01 (6145) 3
*160926: obj =   4.525044138e+00 inf =   1.679e-01 (6141) 4
*161267: obj =   4.525030657e+00 inf =   1.660e-01 (6022) 3
*161620: obj =   4.525007802e+00 inf =   1.645e-01 (5991) 3
*161948: obj =   4.524981145e+00 inf =   1.635e-01 (5954) 4
*162284: obj =   4.524965803e+00 inf =   1.614e-01 (5790) 3
*162667: obj =   4.524943470e+00 inf =   1.594e-01 (5704) 3
*163072: obj =   4.524899713e+00 inf =   1.606e-01 (5602) 4
*163470: obj =   4.524884542e+00 inf =   1.613e-01 (5460) 4
*163751: obj =   4.524878170e+00 inf =   1.602e-01 (5465) 3
*164120: obj =   4.524857879e+00 inf =   1.593e-01 (5359) 3
*164510: obj =   3.130140627e+00 inf =   1.589e-01 (118349) 4
*164834: obj =   3.130095334e+00 inf =   1.568e-01 (118358) 3
*165128: obj =   3.129999395e+00 inf =   1.538e-01 (118377) 2
*165416: obj =   3.129878952e+00 inf =   1.519e-01 (118376) 3
*165712: obj =   3.129765476e+00 inf =   1.505e-01 (118358) 3
*166013: obj =   3.129685903e+00 inf =   1.496e-01 (118362) 3
*166324: obj =   3.129590479e+00 inf =   1.482e-01 (118351) 3
*166639: obj =   3.129522656e+00 inf =   1.465e-01 (118381) 3
*166941: obj =   3.129371869e+00 inf =   1.455e-01 (118383) 3
*167245: obj =   3.129275648e+00 inf =   1.442e-01 (118390) 3
*167552: obj =   3.129117019e+00 inf =   1.433e-01 (118385) 3
*167864: obj =   3.129022190e+00 inf =   1.422e-01 (118419) 3
*168168: obj =   3.128928590e+00 inf =   1.400e-01 (118411) 3
*168473: obj =   3.128875243e+00 inf =   1.385e-01 (118407) 3
*168773: obj =   3.128732111e+00 inf =   1.359e-01 (118436) 2
*169046: obj =   3.128680772e+00 inf =   1.346e-01 (118458) 3
*169342: obj =   3.128603573e+00 inf =   1.315e-01 (118496) 3
*169649: obj =   3.128436401e+00 inf =   1.276e-01 (118484) 3
*169961: obj =   3.128348731e+00 inf =   1.246e-01 (118505) 3
*170256: obj =   3.128197590e+00 inf =   1.202e-01 (118541) 2
*170560: obj =   3.128029348e+00 inf =   1.184e-01 (118544) 3
*170859: obj =   3.127954080e+00 inf =   1.163e-01 (118566) 3
*171229: obj =   3.127879696e+00 inf =   1.139e-01 (9753) 3
*171565: obj =   3.127800442e+00 inf =   1.141e-01 (9741) 4
*171896: obj =   3.127577705e+00 inf =   1.154e-01 (9566) 2
*172206: obj =   3.127233634e+00 inf =   1.169e-01 (9389) 3
*172525: obj =   3.126933412e+00 inf =   1.186e-01 (9233) 3
*172844: obj =   3.126532782e+00 inf =   1.201e-01 (9039) 3
*173165: obj =   3.126231088e+00 inf =   1.217e-01 (8866) 3
*173481: obj =   3.125951907e+00 inf =   1.229e-01 (8702) 3
*173795: obj =   3.125555141e+00 inf =   1.249e-01 (8527) 3
*174110: obj =   3.125096392e+00 inf =   1.286e-01 (8379) 3
*174413: obj =   3.124620750e+00 inf =   1.336e-01 (8207) 3
*174708: obj =   3.124255045e+00 inf =   1.412e-01 (8115) 3
*174999: obj =   3.123977307e+00 inf =   1.488e-01 (7942) 3
*175337: obj =   3.123634645e+00 inf =   1.604e-01 (7738) 3
*175690: obj =   3.123430546e+00 inf =   1.700e-01 (7595) 3
*176031: obj =   3.123399141e+00 inf =   1.694e-01 (7463) 4
*176434: obj =   3.123366362e+00 inf =   1.684e-01 (7320) 3
*176844: obj =   3.123343204e+00 inf =   1.675e-01 (7176) 4
*177224: obj =   3.123312240e+00 inf =   1.661e-01 (7053) 4
*177572: obj =   3.123262952e+00 inf =   1.657e-01 (6947) 3
*177926: obj =   3.123239825e+00 inf =   1.654e-01 (6826) 4
*178284: obj =   3.123205345e+00 inf =   1.655e-01 (6694) 3
*178619: obj =   3.123183206e+00 inf =   1.655e-01 (6598) 3
*178998: obj =   3.123173412e+00 inf =   1.652e-01 (6465) 4
*179457: obj =   3.123156446e+00 inf =   1.643e-01 (6367) 4
*179843: obj =   3.123113389e+00 inf =   1.643e-01 (6311) 3
*180208: obj =   3.123082495e+00 inf =   1.642e-01 (6176) 4
*180595: obj =   3.123052190e+00 inf =   1.650e-01 (6051) 3
*181033: obj =   3.123029279e+00 inf =   1.651e-01 (5933) 4
*181435: obj =   3.123009770e+00 inf =   1.645e-01 (5830) 4
*181807: obj =   3.122973624e+00 inf =   1.630e-01 (5800) 3
*182152: obj =   3.122950932e+00 inf =   1.622e-01 (5803) 4
*182510: obj =   3.122929655e+00 inf =   1.613e-01 (5792) 3
*182839: obj =   3.122902365e+00 inf =   1.613e-01 (5785) 4
*183198: obj =   3.122895488e+00 inf =   1.602e-01 (5683) 3
*183535: obj =   3.122863097e+00 inf =   1.598e-01 (5641) 3
*183895: obj =   3.122844369e+00 inf =   1.598e-01 (5565) 4
*184235: obj =   3.122838100e+00 inf =   1.590e-01 (5454) 3
*184640: obj =   3.122815275e+00 inf =   1.571e-01 (5443) 3
*184956: obj =   3.122790402e+00 inf =   1.571e-01 (5421) 3
*185278: obj =   3.122777452e+00 inf =   1.569e-01 (5349) 3
*185668: obj =   3.122763580e+00 inf =   1.546e-01 (5246) 4
*186014: obj =   3.122744404e+00 inf =   1.543e-01 (5213) 3
*186390: obj =   3.115563930e+00 inf =   1.539e-01 (5625) 3
*186737: obj =   3.115521769e+00 inf =   1.521e-01 (5607) 3
*187090: obj =   3.115456612e+00 inf =   1.513e-01 (5591) 3
*187450: obj =   3.115447180e+00 inf =   1.491e-01 (5499) 4
*187815: obj =   3.115398641e+00 inf =   1.478e-01 (5465) 3
*188144: obj =   3.115385918e+00 inf =   1.456e-01 (5410) 4
*188518: obj =   3.115361164e+00 inf =   1.432e-01 (5296) 3
*188862: obj =   3.115346511e+00 inf =   1.413e-01 (5266) 3
*189249: obj =   3.115321533e+00 inf =   1.391e-01 (5203) 4
*189600: obj =   3.115272407e+00 inf =   1.400e-01 (5143) 3
*190004: obj =   3.115236219e+00 inf =   1.397e-01 (5091) 4
*190382: obj =   3.115199120e+00 inf =   1.403e-01 (5028) 4
*190734: obj =   3.115184769e+00 inf =   1.396e-01 (4964) 4
*191111: obj =   3.115156682e+00 inf =   1.395e-01 (4908) 3
*191508: obj =   3.115121461e+00 inf =   1.386e-01 (4816) 4
*191873: obj =   3.115082628e+00 inf =   1.395e-01 (4781) 3
*192232: obj =   3.115051837e+00 inf =   1.400e-01 (4681) 4
*192637: obj =   2.814394889e+00 inf =   1.382e-01 (5055) 3
*192945: obj =   2.814347065e+00 inf =   1.397e-01 (5017) 3
*193301: obj =   2.814315012e+00 inf =   1.410e-01 (4975) 3
*193704: obj =   2.814301593e+00 inf =   1.409e-01 (4952) 4
*194075: obj =   2.814253368e+00 inf =   1.405e-01 (4929) 4
*194443: obj =   2.814217800e+00 inf =   1.401e-01 (4870) 3
*194782: obj =   2.814183580e+00 inf =   1.399e-01 (4851) 4
*195126: obj =   2.814151446e+00 inf =   1.392e-01 (4819) 3
*195465: obj =   2.814130113e+00 inf =   1.378e-01 (4733) 3
*195806: obj =   2.814092447e+00 inf =   1.373e-01 (4691) 4
*196151: obj =   2.814073467e+00 inf =   1.368e-01 (4629) 3
*196517: obj =   2.814055523e+00 inf =   1.359e-01 (4566) 4
*196906: obj =   2.814042402e+00 inf =   1.356e-01 (4574) 3
*197270: obj =   2.814024646e+00 inf =   1.356e-01 (4519) 4
*197667: obj =   2.806926991e+00 inf =   1.347e-01 (4801) 4
*198027: obj =   2.806897286e+00 inf =   1.343e-01 (4760) 3
*198369: obj =   2.806868055e+00 inf =   1.334e-01 (4706) 3
*198723: obj =   2.806821189e+00 inf =   1.331e-01 (4631) 4
*199090: obj =   2.806777943e+00 inf =   1.342e-01 (4538) 3
*199480: obj =   2.806756794e+00 inf =   1.342e-01 (4481) 4
*199855: obj =   2.806730493e+00 inf =   1.335e-01 (4410) 4
*200234: obj =   2.806719779e+00 inf =   1.324e-01 (4350) 4
*200612: obj =   2.806716071e+00 inf =   1.308e-01 (4247) 3
*200953: obj =   2.806700195e+00 inf =   1.289e-01 (4256) 4
*201299: obj =   2.806683132e+00 inf =   1.271e-01 (4218) 3
*201726: obj =   2.650817689e+00 inf =   1.258e-01 (4191) 4
*202123: obj =   2.650805838e+00 inf =   1.253e-01 (4137) 4
*202502: obj =   2.650792500e+00 inf =   1.252e-01 (4035) 3
*202865: obj =   2.650779489e+00 inf =   1.253e-01 (3980) 4
*203200: obj =   2.650764951e+00 inf =   1.251e-01 (3904) 3
*203550: obj =   2.503925646e+00 inf =   1.244e-01 (3834) 3
*203847: obj =   2.211894767e+00 inf =   1.242e-01 (8102) 3
*204149: obj =   2.211872970e+00 inf =   1.248e-01 (8101) 3
*204457: obj =   2.211853412e+00 inf =   1.254e-01 (8050) 3
*204798: obj =   2.211837049e+00 inf =   1.260e-01 (7917) 3
*205142: obj =   2.211828230e+00 inf =   1.258e-01 (7745) 4
*205518: obj =   2.133354102e+00 inf =   1.255e-01 (4232) 3
*205848: obj =   2.133344139e+00 inf =   1.255e-01 (4095) 4
*206173: obj =   2.133328774e+00 inf =   1.255e-01 (3962) 3
*206579: obj =   1.801544808e+00 inf =   1.232e-01 (3863) 3
*207000: obj =   1.673442964e+00 inf =   1.211e-01 (3717) 4
*207356: obj =   1.578757075e+00 inf =   1.200e-01 (9014) 3
*207674: obj =   1.578732189e+00 inf =   1.195e-01 (8972) 4
*207990: obj =   1.578693601e+00 inf =   1.194e-01 (8898) 2
*208284: obj =   1.578625476e+00 inf =   1.200e-01 (8812) 3
*208540: obj =   1.578576201e+00 inf =   1.213e-01 (8726) 3
*208841: obj =   1.578555673e+00 inf =   1.210e-01 (8633) 3
*209152: obj =   1.578486426e+00 inf =   1.222e-01 (8545) 3
*209438: obj =   1.578442159e+00 inf =   1.225e-01 (8471) 3
*209716: obj =   1.578396694e+00 inf =   1.238e-01 (8365) 2
*210025: obj =   1.578373536e+00 inf =   1.235e-01 (8270) 3
*210343: obj =   1.578333774e+00 inf =   1.236e-01 (8199) 3
*210651: obj =   1.578283202e+00 inf =   1.242e-01 (8093) 3
*210954: obj =   1.578221762e+00 inf =   1.265e-01 (7986) 3
*211267: obj =   1.578186749e+00 inf =   1.265e-01 (7920) 3
*211576: obj =   1.578148498e+00 inf =   1.273e-01 (7841) 4
*211844: obj =   1.578106646e+00 inf =   1.277e-01 (7742) 2
*212129: obj =   1.578077129e+00 inf =   1.282e-01 (7626) 3
*212443: obj =   1.578026361e+00 inf =   1.299e-01 (7537) 3
*212761: obj =   1.577995414e+00 inf =   1.298e-01 (7503) 3
*213057: obj =   1.577963019e+00 inf =   1.300e-01 (7442) 3
*213368: obj =   1.577930429e+00 inf =   1.301e-01 (7344) 3
*213685: obj =   1.577905280e+00 inf =   1.284e-01 (7216) 3
*213991: obj =   1.577880867e+00 inf =   1.269e-01 (7166) 3
*214263: obj =   1.577848775e+00 inf =   1.269e-01 (7054) 3
*214543: obj =   1.577810043e+00 inf =   1.277e-01 (7006) 3
*214832: obj =   1.577792473e+00 inf =   1.262e-01 (6979) 3
*215132: obj =   1.577760645e+00 inf =   1.256e-01 (6866) 3
*215435: obj =   1.577733534e+00 inf =   1.242e-01 (6798) 3
*215754: obj =   1.577702315e+00 inf =   1.245e-01 (6715) 3
*216070: obj =   1.577688456e+00 inf =   1.229e-01 (6709) 3
*216359: obj =   1.577664777e+00 inf =   1.210e-01 (6662) 3
*216669: obj =   1.577629950e+00 inf =   1.196e-01 (6626) 3
*216982: obj =   1.577609143e+00 inf =   1.184e-01 (6485) 3
*217291: obj =   1.577594284e+00 inf =   1.149e-01 (6394) 3
*217566: obj =   1.577584506e+00 inf =   1.127e-01 (6774) 2
*217813: obj =   1.577571514e+00 inf =   1.122e-01 (6766) 3
*218069: obj =   1.577555352e+00 inf =   1.118e-01 (6719) 2
*218318: obj =   1.577539635e+00 inf =   1.107e-01 (6707) 3
*218577: obj =   1.577517086e+00 inf =   1.105e-01 (6664) 2
*218823: obj =   1.577501035e+00 inf =   1.097e-01 (6695) 3
*219073: obj =   1.577480816e+00 inf =   1.091e-01 (6644) 2
*219318: obj =   1.577469374e+00 inf =   1.090e-01 (6596) 3
*219600: obj =   1.577462472e+00 inf =   1.086e-01 (6549) 2
*219877: obj =   1.577450063e+00 inf =   1.076e-01 (6463) 3
*220144: obj =   1.577431065e+00 inf =   1.068e-01 (6426) 3
*220411: obj =   1.577418268e+00 inf =   1.061e-01 (6348) 2
*220689: obj =   1.577398612e+00 inf =   1.056e-01 (6316) 3
*220966: obj =   1.577392575e+00 inf =   1.051e-01 (6248) 3
*221226: obj =   1.577372640e+00 inf =   1.047e-01 (6179) 3
*221514: obj =   1.577361493e+00 inf =   1.043e-01 (6119) 2
*221798: obj =   1.577345301e+00 inf =   1.042e-01 (6032) 3
*222075: obj =   1.577336917e+00 inf =   1.036e-01 (6018) 3
*222338: obj =   1.577322362e+00 inf =   1.035e-01 (6053) 3
*222620: obj =   1.577308329e+00 inf =   1.036e-01 (5930) 2
*222898: obj =   1.577301309e+00 inf =   1.031e-01 (5888) 3
*223163: obj =   1.577289804e+00 inf =   1.032e-01 (5864) 3
*223423: obj =   1.577277066e+00 inf =   1.037e-01 (5823) 2
*223699: obj =   1.577266332e+00 inf =   1.046e-01 (5803) 3
*223972: obj =   1.577263199e+00 inf =   1.038e-01 (5783) 3
*224227: obj =   1.577255763e+00 inf =   1.033e-01 (5702) 2
*224480: obj =   1.577247699e+00 inf =   1.026e-01 (5759) 3
*224757: obj =   1.577234248e+00 inf =   1.022e-01 (5711) 2
*225028: obj =   1.577224776e+00 inf =   1.023e-01 (5473) 3
*225264: obj =   1.577211719e+00 inf =   1.018e-01 (5432) 2
*225518: obj =   1.577201829e+00 inf =   1.013e-01 (5361) 3
*225767: obj =   1.577193569e+00 inf =   1.007e-01 (5327) 2
*226024: obj =   1.577187650e+00 inf =   1.004e-01 (5282) 3
*226291: obj =   1.577179530e+00 inf =   1.005e-01 (7884) 2
*226617: obj =   1.577157569e+00 inf =   9.898e-02 (7370) 3
*226934: obj =   1.577065885e+00 inf =   9.832e-02 (7291) 3
*227229: obj =   1.576998691e+00 inf =   9.874e-02 (7173) 3
*227532: obj =   1.576888965e+00 inf =   9.872e-02 (7077) 3
*227864: obj =   1.576819306e+00 inf =   9.903e-02 (6998) 3
*228185: obj =   1.576690494e+00 inf =   9.988e-02 (6931) 3
*228479: obj =   1.576623337e+00 inf =   1.004e-01 (6845) 2
*228783: obj =   1.576574411e+00 inf =   1.008e-01 (6742) 3
*229131: obj =   1.576523025e+00 inf =   1.008e-01 (6689) 3
*229439: obj =   1.576428165e+00 inf =   1.002e-01 (6550) 3
*229754: obj =   1.576328070e+00 inf =   1.000e-01 (6531) 3
*230054: obj =   1.576273492e+00 inf =   1.004e-01 (6412) 3
*230375: obj =   1.576242427e+00 inf =   1.006e-01 (6306) 3
*230679: obj =   1.576191985e+00 inf =   9.980e-02 (6233) 3
*230985: obj =   1.576151697e+00 inf =   9.920e-02 (6122) 3
*231309: obj =   1.576094046e+00 inf =   9.797e-02 (6059) 3
*231606: obj =   1.576047038e+00 inf =   9.771e-02 (6000) 3
*231926: obj =   1.575987965e+00 inf =   9.748e-02 (5896) 3
*232267: obj =   1.575966362e+00 inf =   9.779e-02 (5789) 3
*232636: obj =   1.575926681e+00 inf =   9.725e-02 (5726) 3
*232962: obj =   1.575881557e+00 inf =   9.706e-02 (5652) 4
*233326: obj =   1.575850452e+00 inf =   9.746e-02 (5633) 3
*233707: obj =   1.575821778e+00 inf =   9.638e-02 (5509) 4
*234045: obj =   1.575783615e+00 inf =   9.684e-02 (5420) 3
*234356: obj =   1.575757317e+00 inf =   9.723e-02 (5365) 3
*234689: obj =   1.575737470e+00 inf =   9.677e-02 (5257) 3
*235020: obj =   1.575712046e+00 inf =   9.662e-02 (5259) 3
*235335: obj =   1.575703802e+00 inf =   9.565e-02 (5221) 3
*235648: obj =   1.575685175e+00 inf =   9.516e-02 (5217) 3
*235970: obj =   1.575671382e+00 inf =   9.463e-02 (5162) 3
*236272: obj =   1.575653183e+00 inf =   9.438e-02 (5069) 3
*236602: obj =   1.575644787e+00 inf =   9.370e-02 (4937) 3
*236950: obj =   1.575631795e+00 inf =   9.374e-02 (4921) 3
*237313: obj =   1.575617227e+00 inf =   9.360e-02 (4897) 4
*237664: obj =   1.575604597e+00 inf =   9.328e-02 (4859) 3
*237926: obj =   1.575597085e+00 inf =   9.348e-02 (4810) 2
*238142: obj =   1.575588903e+00 inf =   9.374e-02 (4764) 2
*238416: obj =   1.575584093e+00 inf =   9.313e-02 (4655) 3
*238729: obj =   1.575574029e+00 inf =   9.330e-02 (4634) 3
*239080: obj =   1.575565674e+00 inf =   9.275e-02 (4521) 3
*239472: obj =   1.575559602e+00 inf =   9.155e-02 (4440) 3
*239818: obj =   1.575550943e+00 inf =   9.101e-02 (4341) 4
*240180: obj =   1.575539339e+00 inf =   9.000e-02 (4258) 3
*240572: obj =   1.575528668e+00 inf =   8.928e-02 (4204) 4
*240958: obj =   1.575524681e+00 inf =   8.852e-02 (4207) 3
*241319: obj =   1.575520727e+00 inf =   8.771e-02 (4048) 4
*241743: obj =   1.486828953e+00 inf =   8.622e-02 (5964) 3
*242091: obj =   1.486772262e+00 inf =   8.611e-02 (5879) 3
*242412: obj =   1.486728775e+00 inf =   8.727e-02 (5752) 4
*242759: obj =   1.486696259e+00 inf =   8.865e-02 (5690) 3
*243149: obj =   1.486689136e+00 inf =   8.810e-02 (5539) 4
*243524: obj =   1.486664697e+00 inf =   8.859e-02 (5431) 4
*243867: obj =   1.486648951e+00 inf =   8.814e-02 (5421) 3
*244212: obj =   1.486639730e+00 inf =   8.729e-02 (5305) 3
*244580: obj =   1.486626079e+00 inf =   8.637e-02 (5210) 4
*244931: obj =   1.486606073e+00 inf =   8.538e-02 (5176) 3
*245259: obj =   1.431967553e+00 inf =   8.462e-02 (4775) 4
*245640: obj =   1.431957528e+00 inf =   8.454e-02 (4604) 3
*246005: obj =   1.431942083e+00 inf =   8.468e-02 (4491) 4
*246410: obj =   1.431932615e+00 inf =   8.401e-02 (4435) 4
*246739: obj =   1.431926740e+00 inf =   8.403e-02 (4366) 3
*247123: obj =   1.431917829e+00 inf =   8.351e-02 (4283) 3
*247456: obj =   1.431914199e+00 inf =   8.284e-02 (4123) 3
*247817: obj =   1.214911281e+00 inf =   8.192e-02 (7460) 4
*248121: obj =   1.214877126e+00 inf =   8.182e-02 (7378) 2
*248411: obj =   1.214839897e+00 inf =   8.217e-02 (7215) 3
*248701: obj =   1.214825271e+00 inf =   8.198e-02 (7104) 3
*249000: obj =   1.214783947e+00 inf =   8.213e-02 (6948) 3
*249318: obj =   1.214737170e+00 inf =   8.267e-02 (6789) 3
*249636: obj =   1.214709881e+00 inf =   8.264e-02 (6642) 3
*249923: obj =   1.214694573e+00 inf =   8.208e-02 (6567) 3
*250199: obj =   1.214665952e+00 inf =   8.205e-02 (6501) 3
*250477: obj =   1.214628859e+00 inf =   8.290e-02 (6355) 3
*250765: obj =   1.214602403e+00 inf =   8.379e-02 (6287) 3
*251071: obj =   1.214569913e+00 inf =   8.502e-02 (6217) 3
*251375: obj =   1.214555974e+00 inf =   8.385e-02 (6102) 2
*251683: obj =   1.214530826e+00 inf =   8.363e-02 (6005) 4
*251986: obj =   1.214500126e+00 inf =   8.445e-02 (5924) 3
*252262: obj =   1.214496480e+00 inf =   8.263e-02 (5842) 2
*252532: obj =   1.214469479e+00 inf =   8.193e-02 (5725) 3
*252812: obj =   1.214445615e+00 inf =   8.213e-02 (5641) 3
*253111: obj =   1.214425217e+00 inf =   8.210e-02 (5581) 3
*253412: obj =   1.214402474e+00 inf =   8.258e-02 (5470) 3
*253722: obj =   1.214393059e+00 inf =   8.015e-02 (5420) 3
*254020: obj =   1.214378242e+00 inf =   7.973e-02 (5354) 3
*254299: obj =   1.214366563e+00 inf =   7.800e-02 (5276) 2
*254576: obj =   1.214347666e+00 inf =   7.721e-02 (5163) 3
*254892: obj =   1.214327174e+00 inf =   7.667e-02 (5123) 3
*255177: obj =   1.214311669e+00 inf =   7.570e-02 (5036) 3
*255449: obj =   1.214292002e+00 inf =   7.344e-02 (5006) 3
*255760: obj =   1.214197676e+00 inf =   7.337e-02 (8378) 2
*256063: obj =   1.213977279e+00 inf =   7.396e-02 (8215) 3
*256348: obj =   1.213768419e+00 inf =   7.408e-02 (8068) 3
*256638: obj =   1.213714986e+00 inf =   7.592e-02 (7936) 2
*256946: obj =   1.213523802e+00 inf =   7.528e-02 (7791) 3
*257249: obj =   1.213288157e+00 inf =   7.467e-02 (7622) 3
*257564: obj =   1.213125921e+00 inf =   7.433e-02 (7488) 3
*257873: obj =   1.212978940e+00 inf =   7.401e-02 (7334) 3
*258159: obj =   1.212859234e+00 inf =   7.352e-02 (7197) 3
*258463: obj =   1.212673094e+00 inf =   7.260e-02 (7073) 3
*258779: obj =   1.212501183e+00 inf =   7.170e-02 (6980) 3
*259085: obj =   1.212373093e+00 inf =   7.118e-02 (6837) 2
*259367: obj =   1.212233705e+00 inf =   7.085e-02 (6738) 3
*259641: obj =   1.212063604e+00 inf =   7.045e-02 (6624) 3
*259918: obj =   1.211954562e+00 inf =   7.071e-02 (6512) 3
*260204: obj =   1.211839509e+00 inf =   7.122e-02 (6379) 2
*260507: obj =   1.211726781e+00 inf =   7.222e-02 (6226) 3
*260816: obj =   1.211659735e+00 inf =   7.312e-02 (6141) 3
*261119: obj =   1.211548148e+00 inf =   7.476e-02 (6001) 3
*261409: obj =   1.211459626e+00 inf =   7.641e-02 (5896) 3
*261682: obj =   1.211436994e+00 inf =   7.719e-02 (5806) 3
*261974: obj =   1.211336724e+00 inf =   8.013e-02 (5708) 2
*262262: obj =   1.211270021e+00 inf =   8.358e-02 (5550) 3
*262556: obj =   1.211239461e+00 inf =   8.506e-02 (5456) 3
*262876: obj =   1.211193189e+00 inf =   8.653e-02 (5438) 3
*263181: obj =   1.211143005e+00 inf =   8.950e-02 (5395) 3
*263512: obj =   1.211115180e+00 inf =   9.106e-02 (5269) 3
*263890: obj =   1.211094739e+00 inf =   9.164e-02 (5170) 4
*264257: obj =   1.211069626e+00 inf =   9.303e-02 (5021) 3
*264680: obj =   1.211057359e+00 inf =   9.195e-02 (5017) 4
*265011: obj =   1.211028251e+00 inf =   9.192e-02 (4952) 3
*265375: obj =   1.211011685e+00 inf =   9.131e-02 (4914) 4
*265765: obj =   1.210987381e+00 inf =   9.134e-02 (4806) 4
*266169: obj =   1.210975018e+00 inf =   9.045e-02 (4769) 4
*266561: obj =   1.210963929e+00 inf =   8.943e-02 (4636) 3
*266989: obj =   1.210949799e+00 inf =   8.876e-02 (4520) 4
*267396: obj =   1.210941253e+00 inf =   8.812e-02 (4419) 4
*267828: obj =   1.210937020e+00 inf =   8.635e-02 (4287) 4
*268275: obj =   1.210924160e+00 inf =   8.766e-02 (4172) 5
*268809: obj =   1.210915716e+00 inf =   8.544e-02 (4089) 4
*269246: obj =   1.210902793e+00 inf =   8.398e-02 (4037) 4
*269686: obj =   1.210890965e+00 inf =   8.262e-02 (3885) 4
*270115: obj =   1.210887090e+00 inf =   8.245e-02 (3849) 4
*270635: obj =   1.055370065e+00 inf =   8.083e-02 (8156) 5
*270960: obj =   1.055330105e+00 inf =   8.032e-02 (8081) 3
*271309: obj =   1.055278102e+00 inf =   8.042e-02 (7940) 3
*271659: obj =   1.055219005e+00 inf =   8.059e-02 (7801) 4
*272012: obj =   1.055199558e+00 inf =   8.002e-02 (7643) 3
*272348: obj =   1.055146582e+00 inf =   7.910e-02 (7544) 3
*272677: obj =   1.055091487e+00 inf =   7.854e-02 (7377) 4
*273021: obj =   1.055067347e+00 inf =   7.738e-02 (7226) 3
*273327: obj =   1.055037762e+00 inf =   7.730e-02 (7108) 3
*273661: obj =   1.055018806e+00 inf =   7.573e-02 (7008) 3
*274004: obj =   1.054971586e+00 inf =   7.525e-02 (6822) 4
*274352: obj =   1.054961000e+00 inf =   7.308e-02 (6708) 3
*274700: obj =   1.054915154e+00 inf =   7.246e-02 (6598) 3
*275028: obj =   1.054894926e+00 inf =   7.087e-02 (6490) 4
*275353: obj =   1.054857920e+00 inf =   7.003e-02 (6362) 3
*275685: obj =   1.054840933e+00 inf =   6.740e-02 (6264) 3
*276031: obj =   1.054806917e+00 inf =   6.525e-02 (6136) 3
*276368: obj =   1.054791642e+00 inf =   6.300e-02 (6024) 4
*276719: obj =   1.054768189e+00 inf =   6.146e-02 (5943) 3
*277047: obj =   1.054740959e+00 inf =   6.023e-02 (5834) 3
*277341: obj =   1.054730271e+00 inf =   5.869e-02 (5802) 3
*277681: obj =   1.054694741e+00 inf =   5.620e-02 (5667) 3
*278032: obj =   1.054664746e+00 inf =   5.530e-02 (5588) 4
*278376: obj =   1.054651785e+00 inf =   5.443e-02 (5462) 3
*278711: obj =   1.054628394e+00 inf =   5.397e-02 (5427) 4
*279067: obj =   1.054610115e+00 inf =   5.354e-02 (5337) 3
*279371: obj =   1.054600151e+00 inf =   5.324e-02 (5775) 3
*279681: obj =   1.054585145e+00 inf =   5.309e-02 (5657) 3
*279985: obj =   1.054570723e+00 inf =   5.352e-02 (5609) 3
*280293: obj =   1.054561521e+00 inf =   5.381e-02 (5584) 3
*280588: obj =   1.054546116e+00 inf =   5.399e-02 (5557) 3
*280901: obj =   1.054532525e+00 inf =   5.460e-02 (5479) 3
*281188: obj =   1.054519756e+00 inf =   5.556e-02 (5436) 3
*281482: obj =   1.054506405e+00 inf =   5.697e-02 (5350) 3
*281788: obj =   1.054501908e+00 inf =   5.704e-02 (5305) 3
*282083: obj =   1.054490974e+00 inf =   5.729e-02 (5209) 3
*282411: obj =   1.054483173e+00 inf =   5.747e-02 (7514) 3
*282786: obj =   1.054454672e+00 inf =   5.781e-02 (7404) 4
*283153: obj =   1.054415823e+00 inf =   5.813e-02 (7312) 3
*283500: obj =   1.054333114e+00 inf =   5.834e-02 (7174) 3
*283855: obj =   1.054219096e+00 inf =   5.797e-02 (7081) 3
*284215: obj =   1.054114398e+00 inf =   5.785e-02 (6916) 3
*284570: obj =   1.053984504e+00 inf =   5.680e-02 (6791) 4
*284914: obj =   1.053899881e+00 inf =   5.615e-02 (6625) 3
*285260: obj =   1.053817824e+00 inf =   5.615e-02 (6498) 3
*285622: obj =   1.053713254e+00 inf =   5.530e-02 (6348) 4
*285987: obj =   1.053611677e+00 inf =   5.433e-02 (6196) 3
*286331: obj =   1.053511952e+00 inf =   5.361e-02 (6077) 3
*286682: obj =   1.053398176e+00 inf =   5.259e-02 (6032) 4
*287068: obj =   1.053293179e+00 inf =   5.235e-02 (5848) 3
*287421: obj =   1.053253730e+00 inf =   5.247e-02 (5747) 3
*287754: obj =   1.053160805e+00 inf =   5.148e-02 (5651) 4
*288115: obj =   1.053092721e+00 inf =   5.128e-02 (5544) 3
*288467: obj =   1.052970372e+00 inf =   5.251e-02 (5454) 4
*288820: obj =   1.052900366e+00 inf =   5.441e-02 (5323) 3
*289183: obj =   1.052820929e+00 inf =   5.683e-02 (5269) 3
*289541: obj =   1.052735801e+00 inf =   6.002e-02 (5181) 4
*289890: obj =   1.052674498e+00 inf =   6.218e-02 (5095) 3
*290266: obj =   1.052639678e+00 inf =   6.341e-02 (5004) 4
*290656: obj =   1.052591539e+00 inf =   6.509e-02 (4868) 4
*291101: obj =   1.052556220e+00 inf =   6.757e-02 (4712) 4
*291567: obj =   1.052531257e+00 inf =   6.833e-02 (4701) 4
*291968: obj =   1.052508929e+00 inf =   6.832e-02 (4679) 4
*292399: obj =   1.052496027e+00 inf =   6.737e-02 (4522) 4
*292823: obj =   1.052482990e+00 inf =   6.628e-02 (4393) 4
*293267: obj =   1.052471501e+00 inf =   6.583e-02 (4299) 4
*293668: obj =   1.052462951e+00 inf =   6.505e-02 (4190) 4
*294128: obj =   1.052447231e+00 inf =   6.428e-02 (4087) 4
*294659: obj =   1.052436332e+00 inf =   6.345e-02 (4024) 4
*295096: obj =   1.052427996e+00 inf =   6.295e-02 (3950) 5
*295599: obj =   1.052424121e+00 inf =   6.230e-02 (3728) 4
*296076: obj =   1.052419736e+00 inf =   6.213e-02 (3589) 5
*296547: obj =   1.052414737e+00 inf =   6.081e-02 (3557) 4
*296946: obj =   1.052410627e+00 inf =   6.033e-02 (3468) 3
*297425: obj =   8.924864727e-01 inf =   5.919e-02 (7118) 5
*297846: obj =   7.647856699e-01 inf =   5.861e-02 (7109) 4
*298190: obj =   7.647481394e-01 inf =   5.837e-02 (7018) 3
*298536: obj =   7.646953840e-01 inf =   5.903e-02 (6839) 3
*298879: obj =   7.646787926e-01 inf =   5.832e-02 (6715) 4
*299225: obj =   7.646333508e-01 inf =   5.842e-02 (6606) 3
*299569: obj =   7.646153023e-01 inf =   5.677e-02 (6481) 3
*299914: obj =   7.645879329e-01 inf =   5.571e-02 (6338) 4
*300266: obj =   7.645539851e-01 inf =   5.451e-02 (6172) 3
*300608: obj =   7.645240111e-01 inf =   5.382e-02 (6055) 4
*300943: obj =   7.645053551e-01 inf =   5.259e-02 (5967) 3
*301293: obj =   7.644867991e-01 inf =   5.046e-02 (5829) 3
*301610: obj =   7.644734097e-01 inf =   4.868e-02 (5714) 3
*301956: obj =   7.644436358e-01 inf =   4.678e-02 (5538) 4
*302285: obj =   7.644142965e-01 inf =   4.582e-02 (5383) 3
*302628: obj =   7.643941852e-01 inf =   4.474e-02 (5292) 3
*302976: obj =   7.643669388e-01 inf =   4.377e-02 (5113) 4
*303323: obj =   7.643497689e-01 inf =   4.233e-02 (5042) 3
*303666: obj =   7.643374025e-01 inf =   4.067e-02 (4918) 4
*304023: obj =   7.643171086e-01 inf =   3.907e-02 (4822) 3
*304363: obj =   7.642974105e-01 inf =   3.810e-02 (4693) 3
*304703: obj =   7.642723567e-01 inf =   3.777e-02 (4591) 4
*305060: obj =   7.642597569e-01 inf =   3.775e-02 (4526) 3
*305377: obj =   7.642495815e-01 inf =   3.816e-02 (5131) 3
*305681: obj =   7.642430066e-01 inf =   3.824e-02 (5025) 3
*305982: obj =   7.642312839e-01 inf =   3.868e-02 (5032) 3
*306286: obj =   7.642215763e-01 inf =   3.882e-02 (4961) 3
*306579: obj =   7.642139527e-01 inf =   3.932e-02 (4921) 3
*306885: obj =   7.642065887e-01 inf =   3.927e-02 (4854) 3
*307188: obj =   7.642020064e-01 inf =   4.026e-02 (4665) 3
*307483: obj =   7.641963429e-01 inf =   4.005e-02 (4809) 3
*307787: obj =   7.641900277e-01 inf =   4.025e-02 (4601) 3
*308086: obj =   7.641826606e-01 inf =   4.038e-02 (4715) 3
*308381: obj =   7.641774083e-01 inf =   4.113e-02 (4670) 3
*308689: obj =   7.641734016e-01 inf =   4.138e-02 (4565) 3
*308997: obj =   7.641667291e-01 inf =   4.091e-02 (4595) 3
*309281: obj =   7.641575507e-01 inf =   4.080e-02 (4541) 3
*309569: obj =   7.641516693e-01 inf =   4.047e-02 (4494) 3
*309872: obj =   7.641468870e-01 inf =   4.014e-02 (4450) 3
*310176: obj =   7.641406048e-01 inf =   4.039e-02 (4444) 3
*310524: obj =   7.641324159e-01 inf =   4.089e-02 (4357) 3
*310868: obj =   7.641130833e-01 inf =   4.136e-02 (4318) 3
*311231: obj =   7.640976242e-01 inf =   4.203e-02 (4203) 3
*311587: obj =   7.640727879e-01 inf =   4.242e-02 (4152) 4
*311950: obj =   7.640555851e-01 inf =   4.267e-02 (4123) 3
*312306: obj =   7.640334590e-01 inf =   4.291e-02 (4079) 3
*312656: obj =   7.640043494e-01 inf =   4.424e-02 (4012) 4
*312998: obj =   7.639835477e-01 inf =   4.605e-02 (3940) 3
*313352: obj =   7.639686622e-01 inf =   4.776e-02 (3868) 3
*313705: obj =   7.639484775e-01 inf =   4.990e-02 (3837) 3
*314059: obj =   7.639298999e-01 inf =   5.271e-02 (3789) 4
*314411: obj =   7.639091665e-01 inf =   5.790e-02 (3710) 3
*314767: obj =   7.638973793e-01 inf =   6.184e-02 (3608) 4
*315143: obj =   7.638852990e-01 inf =   6.652e-02 (3514) 3
*315519: obj =   7.638754137e-01 inf =   7.023e-02 (3405) 4
*315900: obj =   7.638683074e-01 inf =   7.388e-02 (3348) 3
*316360: obj =   7.638627561e-01 inf =   7.244e-02 (3256) 4
*316775: obj =   7.638584900e-01 inf =   7.077e-02 (3221) 4
*317177: obj =   7.638514331e-01 inf =   7.030e-02 (3232) 3
*317563: obj =   7.638493300e-01 inf =   6.819e-02 (3145) 4
*317969: obj =   7.638471805e-01 inf =   6.675e-02 (3160) 3
*318370: obj =   7.638400531e-01 inf =   6.508e-02 (3064) 4
*318800: obj =   7.638348104e-01 inf =   6.386e-02 (3041) 4
*319102: obj =   7.638306557e-01 inf =   6.352e-02 (3024) 2
*319447: obj =   7.626232645e-01 inf =   6.330e-02 (6279) 3
*319788: obj =   7.626098017e-01 inf =   6.370e-02 (6201) 4
*320151: obj =   7.625702702e-01 inf =   6.482e-02 (6094) 3
*320546: obj =   7.625303452e-01 inf =   6.684e-02 (6042) 4
*320964: obj =   7.624978168e-01 inf =   6.880e-02 (5902) 4
*321355: obj =   7.624616796e-01 inf =   7.229e-02 (5808) 3
*321830: obj =   7.624379793e-01 inf =   7.313e-02 (5731) 4
*322224: obj =   7.624176845e-01 inf =   7.182e-02 (5692) 4
*322601: obj =   7.624043589e-01 inf =   7.117e-02 (5553) 4
*322974: obj =   7.623932862e-01 inf =   7.044e-02 (5443) 3
*323395: obj =   7.623843876e-01 inf =   6.938e-02 (5256) 4
*323854: obj =   7.623751553e-01 inf =   6.852e-02 (5217) 4
*324267: obj =   7.623682123e-01 inf =   6.856e-02 (5007) 4
*324634: obj =   7.623605758e-01 inf =   7.017e-02 (4934) 3
*325065: obj =   7.623543644e-01 inf =   6.982e-02 (4859) 4
*325510: obj =   7.623451629e-01 inf =   6.841e-02 (4820) 4
*325900: obj =   7.623375454e-01 inf =   6.791e-02 (4717) 4
*326407: obj =   7.623283141e-01 inf =   6.652e-02 (4534) 4
*326797: obj =   7.623220092e-01 inf =   6.649e-02 (4444) 4
*327256: obj =   7.623178553e-01 inf =   6.546e-02 (4339) 4
*327684: obj =   7.007960266e-01 inf =   6.446e-02 (4287) 4
*328061: obj =   7.007903438e-01 inf =   6.423e-02 (4057) 3
*328542: obj =   6.989097124e-01 inf =   6.378e-02 (5650) 4
*328925: obj =   6.988973530e-01 inf =   6.425e-02 (5549) 4
*329295: obj =   6.988821702e-01 inf =   6.554e-02 (5341) 4
*329741: obj =   6.988713220e-01 inf =   6.593e-02 (5276) 4
*330161: obj =   6.988647801e-01 inf =   6.538e-02 (5063) 4
*330637: obj =   6.988510455e-01 inf =   6.447e-02 (4899) 5
*331009: obj =   6.988429702e-01 inf =   6.514e-02 (4787) 3
*331437: obj =   6.988379106e-01 inf =   6.439e-02 (4673) 4
*331810: obj =   6.988351966e-01 inf =   6.341e-02 (4584) 4
*332240: obj =   6.397053567e-01 inf =   6.331e-02 (5550) 4
*332656: obj =   6.397008456e-01 inf =   6.270e-02 (5486) 4
*333020: obj =   6.396860538e-01 inf =   6.252e-02 (5329) 4
*333368: obj =   6.396642781e-01 inf =   6.306e-02 (5216) 3
*333711: obj =   6.396447561e-01 inf =   6.343e-02 (5021) 4
*334066: obj =   6.396159080e-01 inf =   6.586e-02 (4833) 3
*334413: obj =   6.395973776e-01 inf =   6.758e-02 (4712) 3
*334759: obj =   6.395778242e-01 inf =   7.034e-02 (4650) 4
*335100: obj =   6.395706166e-01 inf =   7.040e-02 (4518) 3
*335437: obj =   6.395618966e-01 inf =   6.967e-02 (4431) 4
*335772: obj =   6.395537310e-01 inf =   6.886e-02 (4339) 3
*336125: obj =   6.395361632e-01 inf =   6.941e-02 (4244) 3
*336470: obj =   6.395181331e-01 inf =   7.023e-02 (4213) 4
*336815: obj =   6.394986321e-01 inf =   7.143e-02 (4088) 3
*337159: obj =   6.394877214e-01 inf =   7.006e-02 (4084) 4
*337505: obj =   6.394794309e-01 inf =   6.861e-02 (4003) 3
*337855: obj =   6.394717103e-01 inf =   6.582e-02 (3891) 3
*338197: obj =   6.394576881e-01 inf =   6.401e-02 (3770) 4
*338547: obj =   6.394510213e-01 inf =   6.186e-02 (3708) 3
*338885: obj =   6.394437048e-01 inf =   5.948e-02 (3613) 3
*339219: obj =   6.394349224e-01 inf =   5.669e-02 (3565) 4
*339562: obj =   6.394219867e-01 inf =   5.419e-02 (3507) 3
*339913: obj =   6.394137623e-01 inf =   5.222e-02 (3505) 4
*340217: obj =   6.394120706e-01 inf =   5.138e-02 (4430) 3
*340515: obj =   6.394069659e-01 inf =   5.097e-02 (4453) 3
*340820: obj =   6.394037890e-01 inf =   5.077e-02 (4356) 3
*341123: obj =   6.393990386e-01 inf =   5.033e-02 (4364) 3
*341412: obj =   6.393931385e-01 inf =   5.014e-02 (4285) 2
*341706: obj =   6.393890336e-01 inf =   4.987e-02 (4253) 3
*342014: obj =   6.393832770e-01 inf =   4.971e-02 (4199) 3
*342310: obj =   6.393798415e-01 inf =   4.983e-02 (4148) 3
*342588: obj =   6.393750408e-01 inf =   5.037e-02 (4130) 3
*342889: obj =   6.393714683e-01 inf =   5.072e-02 (4097) 3
*343186: obj =   6.393650968e-01 inf =   5.117e-02 (4062) 3
*343467: obj =   6.393605188e-01 inf =   5.155e-02 (4015) 3
*343765: obj =   6.393551064e-01 inf =   5.193e-02 (3970) 3
*344068: obj =   6.393518851e-01 inf =   5.241e-02 (3942) 3
*344373: obj =   6.393453159e-01 inf =   5.340e-02 (3891) 3
*344672: obj =   6.393410983e-01 inf =   5.424e-02 (4816) 2
*345030: obj =   6.393193307e-01 inf =   5.420e-02 (4743) 4
*345392: obj =   6.392646172e-01 inf =   5.410e-02 (4680) 3
*345753: obj =   6.392172264e-01 inf =   5.485e-02 (4603) 3
*346103: obj =   6.391737487e-01 inf =   5.487e-02 (4494) 3
*346461: obj =   6.391284538e-01 inf =   5.468e-02 (4463) 3
*346816: obj =   6.390509652e-01 inf =   5.424e-02 (4409) 4
*347172: obj =   6.389961111e-01 inf =   5.477e-02 (4300) 3
*347523: obj =   6.389278941e-01 inf =   5.506e-02 (4201) 3
*347881: obj =   6.388793700e-01 inf =   5.582e-02 (4089) 4
*348245: obj =   6.388450236e-01 inf =   5.625e-02 (4045) 3
*348593: obj =   6.387960264e-01 inf =   5.712e-02 (3965) 3
*348957: obj =   6.387479627e-01 inf =   5.910e-02 (3927) 4
*349315: obj =   6.387320967e-01 inf =   5.995e-02 (3917) 3
*349676: obj =   6.386994024e-01 inf =   6.187e-02 (3855) 4
*350024: obj =   6.386648211e-01 inf =   6.407e-02 (3796) 3
*350392: obj =   6.386382188e-01 inf =   6.680e-02 (3686) 3
*350809: obj =   6.386190167e-01 inf =   6.841e-02 (3645) 4
*351218: obj =   6.385981622e-01 inf =   6.949e-02 (3533) 4
*351694: obj =   6.385914678e-01 inf =   6.853e-02 (3469) 4
*352114: obj =   6.385798231e-01 inf =   6.726e-02 (3474) 4
*352493: obj =   6.385604200e-01 inf =   6.669e-02 (3439) 3
*352854: obj =   6.385436277e-01 inf =   6.684e-02 (3398) 4
*353229: obj =   6.385357125e-01 inf =   6.676e-02 (3356) 3
*353615: obj =   6.385272314e-01 inf =   6.651e-02 (3247) 3
*353973: obj =   6.385179238e-01 inf =   6.787e-02 (3227) 4
*354429: obj =   6.385066010e-01 inf =   6.731e-02 (3160) 3
*354864: obj =   6.384985067e-01 inf =   6.631e-02 (3156) 4
*355251: obj =   6.384883679e-01 inf =   6.593e-02 (3029) 4
*355717: obj =   6.384812313e-01 inf =   6.500e-02 (2911) 4
*356095: obj =   6.384764529e-01 inf =   6.506e-02 (2881) 3
*356549: obj =   6.384732969e-01 inf =   6.451e-02 (2765) 4
*356945: obj =   6.384690719e-01 inf =   6.400e-02 (2694) 4
*357426: obj =   5.276381480e-01 inf =   6.341e-02 (2571) 4
*357876: obj =   4.721901104e-01 inf =   6.228e-02 (2489) 4
*358361: obj =   4.395940921e-01 inf =   6.159e-02 (2349) 4
*358820: obj =   3.449768223e-01 inf =   6.145e-02 (2285) 4
*359278: obj =   3.310360754e-01 inf =   6.112e-02 (3589) 4
*359761: obj =   2.503620710e-01 inf =   6.076e-02 (4008) 3
*360230: obj =   2.503560399e-01 inf =   6.080e-02 (3796) 5
*360641: obj =   2.257289817e-01 inf =   6.008e-02 (2567) 3
*361114: obj =   2.257211479e-01 inf =   5.988e-02 (2298) 4
*361604: obj =   1.323342933e-01 inf =   6.001e-02 (2548) 4
*361976: obj =   1.323295905e-01 inf =   5.960e-02 (2620) 4
*362329: obj =   1.323231428e-01 inf =   5.931e-02 (2516) 4
*362666: obj =   1.323139743e-01 inf =   6.036e-02 (2413) 3
*363012: obj =   1.323085194e-01 inf =   6.111e-02 (2324) 3
*363358: obj =   1.323070801e-01 inf =   6.004e-02 (2281) 4
*363714: obj =   1.323006005e-01 inf =   6.072e-02 (2250) 3
*364054: obj =   1.322971977e-01 inf =   6.036e-02 (2234) 3
*364393: obj =   1.322944857e-01 inf =   5.926e-02 (2121) 4
*364753: obj =   1.322924501e-01 inf =   5.743e-02 (2050) 3
*365108: obj =   1.322891700e-01 inf =   5.594e-02 (1944) 4
*365455: obj =   1.322874738e-01 inf =   5.452e-02 (1851) 3
*365802: obj =   1.322858154e-01 inf =   5.199e-02 (1759) 4
*366169: obj =   1.322831817e-01 inf =   5.034e-02 (1770) 3
*366512: obj =   1.322814900e-01 inf =   4.743e-02 (1665) 4
*366850: obj =   1.322789067e-01 inf =   4.599e-02 (1540) 3
*367207: obj =   1.322770440e-01 inf =   4.441e-02 (1505) 3
*367557: obj =   1.322748064e-01 inf =   4.256e-02 (1375) 4
*367902: obj =   1.322726205e-01 inf =   4.100e-02 (1355) 3
*368257: obj =   1.322684225e-01 inf =   3.933e-02 (3014) 4
*368710: obj =   1.322571636e-01 inf =   3.933e-02 (3773) 4
*369073: obj =   1.322220888e-01 inf =   4.065e-02 (3662) 4
*369423: obj =   1.321924098e-01 inf =   4.176e-02 (3646) 3
*369785: obj =   1.321351296e-01 inf =   4.261e-02 (3575) 4
*370144: obj =   1.320720706e-01 inf =   4.321e-02 (3460) 3
*370496: obj =   1.320330832e-01 inf =   4.379e-02 (3345) 4
*370840: obj =   1.319781628e-01 inf =   4.394e-02 (3329) 3
*371190: obj =   1.319397623e-01 inf =   4.413e-02 (3166) 4
*371541: obj =   1.318991442e-01 inf =   4.440e-02 (3169) 3
*371885: obj =   1.318602240e-01 inf =   4.445e-02 (3055) 3
*372237: obj =   1.318108753e-01 inf =   4.503e-02 (3029) 4
*372595: obj =   1.317710766e-01 inf =   4.664e-02 (2923) 3
*372948: obj =   1.317434692e-01 inf =   4.760e-02 (2863) 4
*373293: obj =   1.317083596e-01 inf =   4.954e-02 (2729) 3
*373644: obj =   1.316908555e-01 inf =   5.046e-02 (2577) 4
*374012: obj =   1.316685481e-01 inf =   5.228e-02 (2529) 3
*374372: obj =   1.316500722e-01 inf =   5.510e-02 (2324) 4
*374766: obj =   1.316402976e-01 inf =   5.757e-02 (2208) 4
*375190: obj =   1.316326714e-01 inf =   5.972e-02 (2087) 4
*375636: obj =   1.316272404e-01 inf =   5.807e-02 (2127) 4
*376023: obj =   1.316228567e-01 inf =   5.757e-02 (1987) 4
*376439: obj =   1.316208215e-01 inf =   5.675e-02 (1910) 4
*376893: obj =   1.316176769e-01 inf =   5.629e-02 (1917) 5
*377375: obj =   1.316156549e-01 inf =   5.586e-02 (1696) 4
*377833: obj =   1.316142817e-01 inf =   5.577e-02 (1576) 5
*378295: obj =   7.109903371e-02 inf =   5.493e-02 (1745) 4
*378780: obj =   2.857821962e-02 inf =   5.468e-02 (1153) 4
Removing LP perturbation [378972]...
*378972: obj =   0.000000000e+00 inf =   5.995e-15 (0) 2
OPTIMAL LP SOLUTION FOUND
Integer optimization begins...
Long-step dual simplex will be used
+378972: mip =     not found yet >=              -inf        (1; 0)
Solution found by heuristic: 0
+378972: mip =   0.000000000e+00 >=     tree is empty   0.0% (0; 1)
INTEGER OPTIMAL SOLUTION FOUND
Time used:   5236.3 secs
Memory used: 298.6 Mb (313073950 bytes)
Writing MIP solution to 'input/cit-HepTh.html/cit-HepTh.txt.gz.504.lp.reach_chain_detours.lp.sol'...
Objective:  obj = 0 (MINimum)
