Command terminated by signal 6
	Command being timed: "/usr/app/src/main 5 input/soc-lj-comm-watchers.html/soc-lj-comm-watchers-07.txt.gz 0"
	User time (seconds): 135826.55
	System time (seconds): 69.70
	Percent of CPU this job got: 99%
	Elapsed (wall clock) time (h:mm:ss or m:ss): 37:45:06
	Average shared text size (kbytes): 0
	Average unshared data size (kbytes): 0
	Average stack size (kbytes): 0
	Average total size (kbytes): 0
	Maximum resident set size (kbytes): 408556
	Average resident set size (kbytes): 0
	Major (requiring I/O) page faults: 0
	Minor (reclaiming a frame) page faults: 62848052
	Voluntary context switches: 36
	Involuntary context switches: 230108
	Swaps: 0
	File system inputs: 0
	File system outputs: 8
	Socket messages sent: 0
	Socket messages received: 0
	Signals delivered: 0
	Page size (bytes): 4096
	Exit status: 0
