Version 1.2 launched as -e 0.1 12 input/p2p-Gnutella06.html/p2p-Gnutella06.txt.gz 36


Execution time and memory used at after reading from file: 3.100000e-01 seconds, 16449536 bytes of memory usage, 16100 kB of memory peak and 00:00 elapsed time
Statistics on the network after reading from file
	Number of nodes: 8717
	Number of allocated nodes: 9216
	Number of edges: 31525
	Maximum in degree: 64 (node 356)
	Maximum out degree: 113 (node 6494)

Execution time and memory used at after adding costs: 3.100000e-01 seconds, 16449536 bytes of memory usage, 16100 kB of memory peak and 00:00 elapsed time
Statistics on the network after adding costs
	Number of nodes: 8717
	Number of allocated nodes: 9216
	Number of edges: 31525
	Maximum in degree: 64 (node 356)
	Maximum out degree: 113 (node 6494)

Execution time and memory used at before starting main computation: 3.200000e-01 seconds, 16449536 bytes of memory usage, 16580 kB of memory peak and 00:00 elapsed time
Statistics on the network before starting main computation
	Number of nodes: 8717
	Number of allocated nodes: 9216
	Number of edges: 31525
	Maximum in degree: 64 (node 356)
	Maximum out degree: 113 (node 6494)
	source 6697 (node 6494) with out degree 113
	target 294 (node 356) with in degree 64

Execution time and memory used at after iteration 1 (MF = 26.926554): 4.590000e+00 seconds, 46100480 bytes of memory usage, 52084 kB of memory peak and 00:04 elapsed time
Statistics on the network after iteration 1 (MF = 26.926554)
	Number of nodes: 8717
	Number of allocated nodes: 9216
	Number of edges: 31525
	Maximum in degree: 64 (node 356)
	Maximum out degree: 113 (node 6494)
	source 6697 (node 6494) with out degree 113
	target 294 (node 356) with in degree 64

Execution time and memory used at after iteration 2 (MF = 9.542373): 5.090000e+00 seconds, 46100480 bytes of memory usage, 52168 kB of memory peak and 00:05 elapsed time
Statistics on the network after iteration 2 (MF = 9.542373)
	Number of nodes: 8717
	Number of allocated nodes: 9216
	Number of edges: 31525
	Maximum in degree: 64 (node 356)
	Maximum out degree: 113 (node 6494)
	source 6697 (node 6494) with out degree 113
	target 294 (node 356) with in degree 64

Execution time and memory used at after iteration 3 (MF = 20.084746): 7.534000e+01 seconds, 56340480 bytes of memory usage, 57988 kB of memory peak and 01:15 elapsed time
Statistics on the network after iteration 3 (MF = 20.084746)
	Number of nodes: 8717
	Number of allocated nodes: 9216
	Number of edges: 31525
	Maximum in degree: 64 (node 356)
	Maximum out degree: 113 (node 6494)
	source 6697 (node 6494) with out degree 113
	target 294 (node 356) with in degree 64

Execution time and memory used at after iteration 4 (MF = 17.881356): 8.336000e+01 seconds, 55586816 bytes of memory usage, 58628 kB of memory peak and 01:23 elapsed time
Statistics on the network after iteration 4 (MF = 17.881356)
	Number of nodes: 8717
	Number of allocated nodes: 9216
	Number of edges: 31525
	Maximum in degree: 64 (node 356)
	Maximum out degree: 113 (node 6494)
	source 6697 (node 6494) with out degree 113
	target 294 (node 356) with in degree 64

Execution time and memory used at after iteration 5 (MF = 18.096045): 9.940000e+01 seconds, 56045568 bytes of memory usage, 75324 kB of memory peak and 01:39 elapsed time
Statistics on the network after iteration 5 (MF = 18.096045)
	Number of nodes: 8717
	Number of allocated nodes: 9216
	Number of edges: 31525
	Maximum in degree: 64 (node 356)
	Maximum out degree: 113 (node 6494)
	source 6697 (node 6494) with out degree 113
	target 294 (node 356) with in degree 64

Execution time and memory used at after iteration 6 (MF = 18.564972): 1.218700e+02 seconds, 55619584 bytes of memory usage, 84396 kB of memory peak and 02:02 elapsed time
Statistics on the network after iteration 6 (MF = 18.564972)
	Number of nodes: 8717
	Number of allocated nodes: 9216
	Number of edges: 31525
	Maximum in degree: 64 (node 356)
	Maximum out degree: 113 (node 6494)
	source 6697 (node 6494) with out degree 113
	target 294 (node 356) with in degree 64

Execution time and memory used at after iteration 7 (MF = 20.418079): 4.291700e+02 seconds, 55078912 bytes of memory usage, 103352 kB of memory peak and 07:09 elapsed time
Statistics on the network after iteration 7 (MF = 20.418079)
	Number of nodes: 8717
	Number of allocated nodes: 9216
	Number of edges: 31525
	Maximum in degree: 64 (node 356)
	Maximum out degree: 113 (node 6494)
	source 6697 (node 6494) with out degree 113
	target 294 (node 356) with in degree 64

Execution time and memory used at after iteration 8 (MF = 20.124294): 5.941400e+02 seconds, 55078912 bytes of memory usage, 103352 kB of memory peak and 09:54 elapsed time
Statistics on the network after iteration 8 (MF = 20.124294)
	Number of nodes: 8717
	Number of allocated nodes: 9216
	Number of edges: 31525
	Maximum in degree: 64 (node 356)
	Maximum out degree: 113 (node 6494)
	source 6697 (node 6494) with out degree 113
	target 294 (node 356) with in degree 64

Execution time and memory used at after iteration 9 (MF = 19.429379): 1.739950e+03 seconds, 55078912 bytes of memory usage, 139188 kB of memory peak and 29:00 elapsed time
Statistics on the network after iteration 9 (MF = 19.429379)
	Number of nodes: 8717
	Number of allocated nodes: 9216
	Number of edges: 31525
	Maximum in degree: 64 (node 356)
	Maximum out degree: 113 (node 6494)
	source 6697 (node 6494) with out degree 113
	target 294 (node 356) with in degree 64

Execution time and memory used at after iteration 10 (MF = 19.920904): 3.374510e+03 seconds, 83382272 bytes of memory usage, 157084 kB of memory peak and 56:15 elapsed time
Statistics on the network after iteration 10 (MF = 19.920904)
	Number of nodes: 8717
	Number of allocated nodes: 9216
	Number of edges: 31525
	Maximum in degree: 64 (node 356)
	Maximum out degree: 113 (node 6494)
	source 6697 (node 6494) with out degree 113
	target 294 (node 356) with in degree 64

Execution time and memory used at after iteration 11 (MF = 18.310734): 3.784420e+03 seconds, 83189760 bytes of memory usage, 157084 kB of memory peak and 01:03:05 elapsed time
Statistics on the network after iteration 11 (MF = 18.310734)
	Number of nodes: 8717
	Number of allocated nodes: 9216
	Number of edges: 31525
	Maximum in degree: 64 (node 356)
	Maximum out degree: 113 (node 6494)
	source 6697 (node 6494) with out degree 113
	target 294 (node 356) with in degree 64

Execution time and memory used at after iteration 12 (MF = 19.395480): 6.114500e+03 seconds, 85483520 bytes of memory usage, 218624 kB of memory peak and 01:41:55 elapsed time
Statistics on the network after iteration 12 (MF = 19.395480)
	Number of nodes: 8717
	Number of allocated nodes: 9216
	Number of edges: 31525
	Maximum in degree: 64 (node 356)
	Maximum out degree: 113 (node 6494)
	source 6697 (node 6494) with out degree 113
	target 294 (node 356) with in degree 64

Execution time and memory used at after iteration 13 (MF = 19.418079): 9.702420e+03 seconds, 84893696 bytes of memory usage, 218624 kB of memory peak and 02:41:43 elapsed time
Statistics on the network after iteration 13 (MF = 19.418079)
	Number of nodes: 8717
	Number of allocated nodes: 9216
	Number of edges: 31525
	Maximum in degree: 64 (node 356)
	Maximum out degree: 113 (node 6494)
	source 6697 (node 6494) with out degree 113
	target 294 (node 356) with in degree 64

Execution time and memory used at after iteration 14 (MF = 20.112994): 1.327482e+04 seconds, 83406848 bytes of memory usage, 218624 kB of memory peak and 03:41:16 elapsed time
Statistics on the network after iteration 14 (MF = 20.112994)
	Number of nodes: 8717
	Number of allocated nodes: 9216
	Number of edges: 31525
	Maximum in degree: 64 (node 356)
	Maximum out degree: 113 (node 6494)
	source 6697 (node 6494) with out degree 113
	target 294 (node 356) with in degree 64

Execution time and memory used at after iteration 15 (MF = 18.926554): 1.864106e+04 seconds, 83189760 bytes of memory usage, 218624 kB of memory peak and 05:10:43 elapsed time
Statistics on the network after iteration 15 (MF = 18.926554)
	Number of nodes: 8717
	Number of allocated nodes: 9216
	Number of edges: 31525
	Maximum in degree: 64 (node 356)
	Maximum out degree: 113 (node 6494)
	source 6697 (node 6494) with out degree 113
	target 294 (node 356) with in degree 64

Execution time and memory used at after iteration 16 (MF = 20.073446): 2.620225e+04 seconds, 91168768 bytes of memory usage, 218624 kB of memory peak and 07:16:44 elapsed time
Statistics on the network after iteration 16 (MF = 20.073446)
	Number of nodes: 8717
	Number of allocated nodes: 9216
	Number of edges: 31525
	Maximum in degree: 64 (node 356)
	Maximum out degree: 113 (node 6494)
	source 6697 (node 6494) with out degree 113
	target 294 (node 356) with in degree 64

Execution time and memory used at after iteration 17 (MF = 17.870056): 2.917433e+04 seconds, 97464320 bytes of memory usage, 218624 kB of memory peak and 08:06:17 elapsed time
Statistics on the network after iteration 17 (MF = 17.870056)
	Number of nodes: 8717
	Number of allocated nodes: 9216
	Number of edges: 31525
	Maximum in degree: 64 (node 356)
	Maximum out degree: 113 (node 6494)
	source 6697 (node 6494) with out degree 113
	target 294 (node 356) with in degree 64

Execution time and memory used at after iteration 18 (MF = 19.587571): 3.123056e+04 seconds, 90685440 bytes of memory usage, 218624 kB of memory peak and 08:40:33 elapsed time
Statistics on the network after iteration 18 (MF = 19.587571)
	Number of nodes: 8717
	Number of allocated nodes: 9216
	Number of edges: 31525
	Maximum in degree: 64 (node 356)
	Maximum out degree: 113 (node 6494)
	source 6697 (node 6494) with out degree 113
	target 294 (node 356) with in degree 64

Execution time and memory used at after iteration 19 (MF = 19.627119): 3.603125e+04 seconds, 90685440 bytes of memory usage, 252452 kB of memory peak and 10:00:34 elapsed time
Statistics on the network after iteration 19 (MF = 19.627119)
	Number of nodes: 8717
	Number of allocated nodes: 9216
	Number of edges: 31525
	Maximum in degree: 64 (node 356)
	Maximum out degree: 113 (node 6494)
	source 6697 (node 6494) with out degree 113
	target 294 (node 356) with in degree 64

Execution time and memory used at after iteration 20 (MF = 18.316384): 4.748815e+04 seconds, 90685440 bytes of memory usage, 268944 kB of memory peak and 13:11:32 elapsed time
Statistics on the network after iteration 20 (MF = 18.316384)
	Number of nodes: 8717
	Number of allocated nodes: 9216
	Number of edges: 31525
	Maximum in degree: 64 (node 356)
	Maximum out degree: 113 (node 6494)
	source 6697 (node 6494) with out degree 113
	target 294 (node 356) with in degree 64

Execution time and memory used at after iteration 21 (MF = 18.932203): 5.846559e+04 seconds, 90685440 bytes of memory usage, 322412 kB of memory peak and 16:14:31 elapsed time
Statistics on the network after iteration 21 (MF = 18.932203)
	Number of nodes: 8717
	Number of allocated nodes: 9216
	Number of edges: 31525
	Maximum in degree: 64 (node 356)
	Maximum out degree: 113 (node 6494)
	source 6697 (node 6494) with out degree 113
	target 294 (node 356) with in degree 64

Execution time and memory used at after iteration 22 (MF = 19.802260): 7.621842e+04 seconds, 100110336 bytes of memory usage, 322412 kB of memory peak and 21:10:24 elapsed time
Statistics on the network after iteration 22 (MF = 19.802260)
	Number of nodes: 8717
	Number of allocated nodes: 9216
	Number of edges: 31525
	Maximum in degree: 64 (node 356)
	Maximum out degree: 113 (node 6494)
	source 6697 (node 6494) with out degree 113
	target 294 (node 356) with in degree 64

Execution time and memory used at after iteration 23 (MF = 18.310734): 8.199677e+04 seconds, 90685440 bytes of memory usage, 322412 kB of memory peak and 22:46:43 elapsed time
Statistics on the network after iteration 23 (MF = 18.310734)
	Number of nodes: 8717
	Number of allocated nodes: 9216
	Number of edges: 31525
	Maximum in degree: 64 (node 356)
	Maximum out degree: 113 (node 6494)
	source 6697 (node 6494) with out degree 113
	target 294 (node 356) with in degree 64

Execution time and memory used at after iteration 24 (MF = 18.824859): 9.572581e+04 seconds, 90685440 bytes of memory usage, 322412 kB of memory peak and 1-02:35:32 elapsed time
Statistics on the network after iteration 24 (MF = 18.824859)
	Number of nodes: 8717
	Number of allocated nodes: 9216
	Number of edges: 31525
	Maximum in degree: 64 (node 356)
	Maximum out degree: 113 (node 6494)
	source 6697 (node 6494) with out degree 113
	target 294 (node 356) with in degree 64

Execution time and memory used at after iteration 25 (MF = 19.672316): 1.196113e+05 seconds, 90685440 bytes of memory usage, 322412 kB of memory peak and 1-09:13:38 elapsed time
Statistics on the network after iteration 25 (MF = 19.672316)
	Number of nodes: 8717
	Number of allocated nodes: 9216
	Number of edges: 31525
	Maximum in degree: 64 (node 356)
	Maximum out degree: 113 (node 6494)
	source 6697 (node 6494) with out degree 113
	target 294 (node 356) with in degree 64

Execution time and memory used at after iteration 26 (MF = 19.881356): 1.687818e+05 seconds, 97824768 bytes of memory usage, 564004 kB of memory peak and 1-22:53:11 elapsed time
Statistics on the network after iteration 26 (MF = 19.881356)
	Number of nodes: 8717
	Number of allocated nodes: 9216
	Number of edges: 31525
	Maximum in degree: 64 (node 356)
	Maximum out degree: 113 (node 6494)
	source 6697 (node 6494) with out degree 113
	target 294 (node 356) with in degree 64

Execution time and memory used at after iteration 27 (MF = 19.305085): 2.001906e+05 seconds, 90685440 bytes of memory usage, 564004 kB of memory peak and 2-07:36:41 elapsed time
Statistics on the network after iteration 27 (MF = 19.305085)
	Number of nodes: 8717
	Number of allocated nodes: 9216
	Number of edges: 31525
	Maximum in degree: 64 (node 356)
	Maximum out degree: 113 (node 6494)
	source 6697 (node 6494) with out degree 113
	target 294 (node 356) with in degree 64

Execution time and memory used at after iteration 28 (MF = 18.853107): 2.516916e+05 seconds, 90685440 bytes of memory usage, 564004 kB of memory peak and 2-21:55:03 elapsed time
Statistics on the network after iteration 28 (MF = 18.853107)
	Number of nodes: 8717
	Number of allocated nodes: 9216
	Number of edges: 31525
	Maximum in degree: 64 (node 356)
	Maximum out degree: 113 (node 6494)
	source 6697 (node 6494) with out degree 113
	target 294 (node 356) with in degree 64

Execution time and memory used at after iteration 29 (MF = 18.949153): 3.257281e+05 seconds, 90685440 bytes of memory usage, 590788 kB of memory peak and 3-18:29:03 elapsed time
Statistics on the network after iteration 29 (MF = 18.949153)
	Number of nodes: 8717
	Number of allocated nodes: 9216
	Number of edges: 31525
	Maximum in degree: 64 (node 356)
	Maximum out degree: 113 (node 6494)
	source 6697 (node 6494) with out degree 113
	target 294 (node 356) with in degree 64
