GLPSOL--GLPK LP/MIP Solver 5.0
Parameter(s) specified in the command line:
 --lp input/web-Stanford.html/web-Stanford.txt.gz.180.lp.reach_chain_detours.lp
 -o input/web-Stanford.html/web-Stanford.txt.gz.180.lp.reach_chain_detours.lp.sol
Reading problem data from 'input/web-Stanford.html/web-Stanford.txt.gz.180.lp.reach_chain_detours.lp'...
1120 rows, 2493 columns, 5587 non-zeros
2493 integer variables, all of which are binary
3618 lines were read
GLPK Integer Optimizer 5.0
1120 rows, 2493 columns, 5587 non-zeros
2493 integer variables, all of which are binary
Preprocessing...
1114 rows, 2487 columns, 5132 non-zeros
2487 integer variables, all of which are binary
Scaling...
 A: min|aij| =  1.000e+00  max|aij| =  1.000e+00  ratio =  1.000e+00
Problem data seem to be well scaled
Constructing initial basis...
Size of triangular part is 1114
Solving LP relaxation...
GLPK Simplex Optimizer 5.0
1114 rows, 2487 columns, 5132 non-zeros
      0: obj =   0.000000000e+00 inf =   1.820e+02 (182)
    182: obj =   8.856150000e-01 inf =   0.000e+00 (0)
Perturbing LP to avoid stalling [407]...
Removing LP perturbation [1247]...
*  1247: obj =   5.352000000e-03 inf =   7.641e-16 (0) 6
OPTIMAL LP SOLUTION FOUND
Integer optimization begins...
Long-step dual simplex will be used
+  1247: mip =     not found yet >=              -inf        (1; 0)
+  1247: >>>>>   5.352000000e-03 >=   5.352000000e-03   0.0% (1; 0)
+  1247: mip =   5.352000000e-03 >=     tree is empty   0.0% (0; 1)
INTEGER OPTIMAL SOLUTION FOUND
Time used:   0.1 secs
Memory used: 3.3 Mb (3482517 bytes)
Writing MIP solution to 'input/web-Stanford.html/web-Stanford.txt.gz.180.lp.reach_chain_detours.lp.sol'...
Objective:  obj = 0.005352 (MINimum)
