Version 1.2 launched as -e 0.1 12 input/Oregon-1.html/oregon1_010421.txt.gz 100


Execution time and memory used at after reading from file: 5.600000e-01 seconds, 16617472 bytes of memory usage, 16264 kB of memory peak and 00:01 elapsed time
Statistics on the network after reading from file
	Number of nodes: 10859
	Number of allocated nodes: 11264
	Number of edges: 22748
	Maximum in degree: 203 (node 6461)
	Maximum out degree: 2330 (node 701)

Execution time and memory used at after adding costs: 5.600000e-01 seconds, 16617472 bytes of memory usage, 16264 kB of memory peak and 00:01 elapsed time
Statistics on the network after adding costs
	Number of nodes: 10859
	Number of allocated nodes: 11264
	Number of edges: 22748
	Maximum in degree: 203 (node 6461)
	Maximum out degree: 2330 (node 701)

Execution time and memory used at before starting main computation: 5.600000e-01 seconds, 16617472 bytes of memory usage, 16744 kB of memory peak and 00:01 elapsed time
Statistics on the network before starting main computation
	Number of nodes: 10859
	Number of allocated nodes: 11264
	Number of edges: 22748
	Maximum in degree: 203 (node 6461)
	Maximum out degree: 2330 (node 701)
	source 32 (node 701) with out degree 2330
	target 173 (node 6461) with in degree 203

Execution time and memory used at after iteration 1 (MF = 35.282669): 4.190000e+00 seconds, 38739968 bytes of memory usage, 41972 kB of memory peak and 00:05 elapsed time
Statistics on the network after iteration 1 (MF = 35.282669)
	Number of nodes: 10859
	Number of allocated nodes: 11264
	Number of edges: 22748
	Maximum in degree: 203 (node 6461)
	Maximum out degree: 2330 (node 701)
	source 32 (node 701) with out degree 2330
	target 173 (node 6461) with in degree 203

Execution time and memory used at after iteration 2 (MF = 9.778129): 4.760000e+00 seconds, 38739968 bytes of memory usage, 42024 kB of memory peak and 00:05 elapsed time
Statistics on the network after iteration 2 (MF = 9.778129)
	Number of nodes: 10859
	Number of allocated nodes: 11264
	Number of edges: 22748
	Maximum in degree: 203 (node 6461)
	Maximum out degree: 2330 (node 701)
	source 32 (node 701) with out degree 2330
	target 173 (node 6461) with in degree 203

Execution time and memory used at after iteration 3 (MF = 25.870509): 1.179000e+01 seconds, 47865856 bytes of memory usage, 49752 kB of memory peak and 00:12 elapsed time
Statistics on the network after iteration 3 (MF = 25.870509)
	Number of nodes: 10859
	Number of allocated nodes: 11264
	Number of edges: 22748
	Maximum in degree: 203 (node 6461)
	Maximum out degree: 2330 (node 701)
	source 32 (node 701) with out degree 2330
	target 173 (node 6461) with in degree 203

Execution time and memory used at after iteration 4 (MF = 24.285038): 1.579000e+01 seconds, 47865856 bytes of memory usage, 49752 kB of memory peak and 00:16 elapsed time
Statistics on the network after iteration 4 (MF = 24.285038)
	Number of nodes: 10859
	Number of allocated nodes: 11264
	Number of edges: 22748
	Maximum in degree: 203 (node 6461)
	Maximum out degree: 2330 (node 701)
	source 32 (node 701) with out degree 2330
	target 173 (node 6461) with in degree 203

Execution time and memory used at after iteration 5 (MF = 25.150415): 2.071000e+01 seconds, 48046080 bytes of memory usage, 49752 kB of memory peak and 00:21 elapsed time
Statistics on the network after iteration 5 (MF = 25.150415)
	Number of nodes: 10859
	Number of allocated nodes: 11264
	Number of edges: 22748
	Maximum in degree: 203 (node 6461)
	Maximum out degree: 2330 (node 701)
	source 32 (node 701) with out degree 2330
	target 173 (node 6461) with in degree 203

Execution time and memory used at after iteration 6 (MF = 26.297671): 3.336000e+01 seconds, 47865856 bytes of memory usage, 64136 kB of memory peak and 00:34 elapsed time
Statistics on the network after iteration 6 (MF = 26.297671)
	Number of nodes: 10859
	Number of allocated nodes: 11264
	Number of edges: 22748
	Maximum in degree: 203 (node 6461)
	Maximum out degree: 2330 (node 701)
	source 32 (node 701) with out degree 2330
	target 173 (node 6461) with in degree 203

Execution time and memory used at after iteration 7 (MF = 25.823135): 7.960400e+02 seconds, 59711488 bytes of memory usage, 99656 kB of memory peak and 13:17 elapsed time
Statistics on the network after iteration 7 (MF = 25.823135)
	Number of nodes: 10859
	Number of allocated nodes: 11264
	Number of edges: 22748
	Maximum in degree: 203 (node 6461)
	Maximum out degree: 2330 (node 701)
	source 32 (node 701) with out degree 2330
	target 173 (node 6461) with in degree 203

Execution time and memory used at after iteration 8 (MF = 25.542835): 1.228920e+03 seconds, 58011648 bytes of memory usage, 99656 kB of memory peak and 20:29 elapsed time
Statistics on the network after iteration 8 (MF = 25.542835)
	Number of nodes: 10859
	Number of allocated nodes: 11264
	Number of edges: 22748
	Maximum in degree: 203 (node 6461)
	Maximum out degree: 2330 (node 701)
	source 32 (node 701) with out degree 2330
	target 173 (node 6461) with in degree 203

Execution time and memory used at after iteration 9 (MF = 25.100276): 1.259310e+03 seconds, 61157376 bytes of memory usage, 99656 kB of memory peak and 21:00 elapsed time
Statistics on the network after iteration 9 (MF = 25.100276)
	Number of nodes: 10859
	Number of allocated nodes: 11264
	Number of edges: 22748
	Maximum in degree: 203 (node 6461)
	Maximum out degree: 2330 (node 701)
	source 32 (node 701) with out degree 2330
	target 173 (node 6461) with in degree 203

Execution time and memory used at after iteration 10 (MF = 25.007106): 1.487270e+03 seconds, 58011648 bytes of memory usage, 99656 kB of memory peak and 24:48 elapsed time
Statistics on the network after iteration 10 (MF = 25.007106)
	Number of nodes: 10859
	Number of allocated nodes: 11264
	Number of edges: 22748
	Maximum in degree: 203 (node 6461)
	Maximum out degree: 2330 (node 701)
	source 32 (node 701) with out degree 2330
	target 173 (node 6461) with in degree 203

Execution time and memory used at after iteration 11 (MF = 24.736281): 1.509280e+03 seconds, 60379136 bytes of memory usage, 99656 kB of memory peak and 25:10 elapsed time
Statistics on the network after iteration 11 (MF = 24.736281)
	Number of nodes: 10859
	Number of allocated nodes: 11264
	Number of edges: 22748
	Maximum in degree: 203 (node 6461)
	Maximum out degree: 2330 (node 701)
	source 32 (node 701) with out degree 2330
	target 173 (node 6461) with in degree 203

Execution time and memory used at after iteration 12 (MF = 24.564943): 1.521780e+03 seconds, 58011648 bytes of memory usage, 99656 kB of memory peak and 25:22 elapsed time
Statistics on the network after iteration 12 (MF = 24.564943)
	Number of nodes: 10859
	Number of allocated nodes: 11264
	Number of edges: 22748
	Maximum in degree: 203 (node 6461)
	Maximum out degree: 2330 (node 701)
	source 32 (node 701) with out degree 2330
	target 173 (node 6461) with in degree 203

Execution time and memory used at after iteration 13 (MF = 26.475720): 1.551640e+03 seconds, 49090560 bytes of memory usage, 99656 kB of memory peak and 25:52 elapsed time
Statistics on the network after iteration 13 (MF = 26.475720)
	Number of nodes: 10859
	Number of allocated nodes: 11264
	Number of edges: 22748
	Maximum in degree: 203 (node 6461)
	Maximum out degree: 2330 (node 701)
	source 32 (node 701) with out degree 2330
	target 173 (node 6461) with in degree 203

Execution time and memory used at after iteration 14 (MF = 26.182392): 1.580530e+03 seconds, 49090560 bytes of memory usage, 99656 kB of memory peak and 26:21 elapsed time
Statistics on the network after iteration 14 (MF = 26.182392)
	Number of nodes: 10859
	Number of allocated nodes: 11264
	Number of edges: 22748
	Maximum in degree: 203 (node 6461)
	Maximum out degree: 2330 (node 701)
	source 32 (node 701) with out degree 2330
	target 173 (node 6461) with in degree 203

Execution time and memory used at after iteration 15 (MF = 26.712199): 1.649110e+03 seconds, 49090560 bytes of memory usage, 99656 kB of memory peak and 27:30 elapsed time
Statistics on the network after iteration 15 (MF = 26.712199)
	Number of nodes: 10859
	Number of allocated nodes: 11264
	Number of edges: 22748
	Maximum in degree: 203 (node 6461)
	Maximum out degree: 2330 (node 701)
	source 32 (node 701) with out degree 2330
	target 173 (node 6461) with in degree 203

Execution time and memory used at after iteration 16 (MF = 26.132254): 1.733660e+03 seconds, 49090560 bytes of memory usage, 99656 kB of memory peak and 28:54 elapsed time
Statistics on the network after iteration 16 (MF = 26.132254)
	Number of nodes: 10859
	Number of allocated nodes: 11264
	Number of edges: 22748
	Maximum in degree: 203 (node 6461)
	Maximum out degree: 2330 (node 701)
	source 32 (node 701) with out degree 2330
	target 173 (node 6461) with in degree 203

Execution time and memory used at after iteration 17 (MF = 25.733518): 1.847030e+03 seconds, 65163264 bytes of memory usage, 99656 kB of memory peak and 30:48 elapsed time
Statistics on the network after iteration 17 (MF = 25.733518)
	Number of nodes: 10859
	Number of allocated nodes: 11264
	Number of edges: 22748
	Maximum in degree: 203 (node 6461)
	Maximum out degree: 2330 (node 701)
	source 32 (node 701) with out degree 2330
	target 173 (node 6461) with in degree 203

Execution time and memory used at after iteration 18 (MF = 26.077379): 2.052210e+03 seconds, 66252800 bytes of memory usage, 99656 kB of memory peak and 34:13 elapsed time
Statistics on the network after iteration 18 (MF = 26.077379)
	Number of nodes: 10859
	Number of allocated nodes: 11264
	Number of edges: 22748
	Maximum in degree: 203 (node 6461)
	Maximum out degree: 2330 (node 701)
	source 32 (node 701) with out degree 2330
	target 173 (node 6461) with in degree 203

Execution time and memory used at after iteration 19 (MF = 24.650612): 2.244150e+03 seconds, 66965504 bytes of memory usage, 99656 kB of memory peak and 37:25 elapsed time
Statistics on the network after iteration 19 (MF = 24.650612)
	Number of nodes: 10859
	Number of allocated nodes: 11264
	Number of edges: 22748
	Maximum in degree: 203 (node 6461)
	Maximum out degree: 2330 (node 701)
	source 32 (node 701) with out degree 2330
	target 173 (node 6461) with in degree 203

Execution time and memory used at after iteration 20 (MF = 25.829451): 2.349530e+03 seconds, 68640768 bytes of memory usage, 99656 kB of memory peak and 39:10 elapsed time
Statistics on the network after iteration 20 (MF = 25.829451)
	Number of nodes: 10859
	Number of allocated nodes: 11264
	Number of edges: 22748
	Maximum in degree: 203 (node 6461)
	Maximum out degree: 2330 (node 701)
	source 32 (node 701) with out degree 2330
	target 173 (node 6461) with in degree 203

Execution time and memory used at after iteration 21 (MF = 26.193841): 2.493240e+03 seconds, 68640768 bytes of memory usage, 99656 kB of memory peak and 41:34 elapsed time
Statistics on the network after iteration 21 (MF = 26.193841)
	Number of nodes: 10859
	Number of allocated nodes: 11264
	Number of edges: 22748
	Maximum in degree: 203 (node 6461)
	Maximum out degree: 2330 (node 701)
	source 32 (node 701) with out degree 2330
	target 173 (node 6461) with in degree 203

Execution time and memory used at after iteration 22 (MF = 25.622977): 2.620910e+03 seconds, 68640768 bytes of memory usage, 99656 kB of memory peak and 43:42 elapsed time
Statistics on the network after iteration 22 (MF = 25.622977)
	Number of nodes: 10859
	Number of allocated nodes: 11264
	Number of edges: 22748
	Maximum in degree: 203 (node 6461)
	Maximum out degree: 2330 (node 701)
	source 32 (node 701) with out degree 2330
	target 173 (node 6461) with in degree 203

Execution time and memory used at after iteration 23 (MF = 24.971575): 2.788690e+03 seconds, 70832128 bytes of memory usage, 99656 kB of memory peak and 46:29 elapsed time
Statistics on the network after iteration 23 (MF = 24.971575)
	Number of nodes: 10859
	Number of allocated nodes: 11264
	Number of edges: 22748
	Maximum in degree: 203 (node 6461)
	Maximum out degree: 2330 (node 701)
	source 32 (node 701) with out degree 2330
	target 173 (node 6461) with in degree 203

Execution time and memory used at after iteration 24 (MF = 25.776155): 2.878660e+03 seconds, 69791744 bytes of memory usage, 99656 kB of memory peak and 47:59 elapsed time
Statistics on the network after iteration 24 (MF = 25.776155)
	Number of nodes: 10859
	Number of allocated nodes: 11264
	Number of edges: 22748
	Maximum in degree: 203 (node 6461)
	Maximum out degree: 2330 (node 701)
	source 32 (node 701) with out degree 2330
	target 173 (node 6461) with in degree 203

Execution time and memory used at after iteration 25 (MF = 26.016186): 2.993000e+03 seconds, 72200192 bytes of memory usage, 99656 kB of memory peak and 49:54 elapsed time
Statistics on the network after iteration 25 (MF = 26.016186)
	Number of nodes: 10859
	Number of allocated nodes: 11264
	Number of edges: 22748
	Maximum in degree: 203 (node 6461)
	Maximum out degree: 2330 (node 701)
	source 32 (node 701) with out degree 2330
	target 173 (node 6461) with in degree 203

Execution time and memory used at after iteration 26 (MF = 25.208054): 3.054590e+03 seconds, 72200192 bytes of memory usage, 99656 kB of memory peak and 50:55 elapsed time
Statistics on the network after iteration 26 (MF = 25.208054)
	Number of nodes: 10859
	Number of allocated nodes: 11264
	Number of edges: 22748
	Maximum in degree: 203 (node 6461)
	Maximum out degree: 2330 (node 701)
	source 32 (node 701) with out degree 2330
	target 173 (node 6461) with in degree 203

Execution time and memory used at after iteration 27 (MF = 25.637584): 3.186760e+03 seconds, 72200192 bytes of memory usage, 99656 kB of memory peak and 53:08 elapsed time
Statistics on the network after iteration 27 (MF = 25.637584)
	Number of nodes: 10859
	Number of allocated nodes: 11264
	Number of edges: 22748
	Maximum in degree: 203 (node 6461)
	Maximum out degree: 2330 (node 701)
	source 32 (node 701) with out degree 2330
	target 173 (node 6461) with in degree 203

Execution time and memory used at after iteration 28 (MF = 25.133044): 3.328880e+03 seconds, 72732672 bytes of memory usage, 111036 kB of memory peak and 55:30 elapsed time
Statistics on the network after iteration 28 (MF = 25.133044)
	Number of nodes: 10859
	Number of allocated nodes: 11264
	Number of edges: 22748
	Maximum in degree: 203 (node 6461)
	Maximum out degree: 2330 (node 701)
	source 32 (node 701) with out degree 2330
	target 173 (node 6461) with in degree 203

Execution time and memory used at after iteration 29 (MF = 25.436636): 3.500510e+03 seconds, 73834496 bytes of memory usage, 111036 kB of memory peak and 58:21 elapsed time
Statistics on the network after iteration 29 (MF = 25.436636)
	Number of nodes: 10859
	Number of allocated nodes: 11264
	Number of edges: 22748
	Maximum in degree: 203 (node 6461)
	Maximum out degree: 2330 (node 701)
	source 32 (node 701) with out degree 2330
	target 173 (node 6461) with in degree 203

Execution time and memory used at after iteration 30 (MF = 24.634031): 3.671570e+03 seconds, 73834496 bytes of memory usage, 111036 kB of memory peak and 01:01:12 elapsed time
Statistics on the network after iteration 30 (MF = 24.634031)
	Number of nodes: 10859
	Number of allocated nodes: 11264
	Number of edges: 22748
	Maximum in degree: 203 (node 6461)
	Maximum out degree: 2330 (node 701)
	source 32 (node 701) with out degree 2330
	target 173 (node 6461) with in degree 203

Execution time and memory used at after iteration 31 (MF = 24.177260): 4.009240e+03 seconds, 72716288 bytes of memory usage, 136028 kB of memory peak and 01:06:50 elapsed time
Statistics on the network after iteration 31 (MF = 24.177260)
	Number of nodes: 10859
	Number of allocated nodes: 11264
	Number of edges: 22748
	Maximum in degree: 203 (node 6461)
	Maximum out degree: 2330 (node 701)
	source 32 (node 701) with out degree 2330
	target 173 (node 6461) with in degree 203

Execution time and memory used at after iteration 32 (MF = 24.668377): 4.206350e+03 seconds, 95387648 bytes of memory usage, 172776 kB of memory peak and 01:10:07 elapsed time
Statistics on the network after iteration 32 (MF = 24.668377)
	Number of nodes: 10859
	Number of allocated nodes: 11264
	Number of edges: 22748
	Maximum in degree: 203 (node 6461)
	Maximum out degree: 2330 (node 701)
	source 32 (node 701) with out degree 2330
	target 173 (node 6461) with in degree 203

Execution time and memory used at after iteration 33 (MF = 25.615081): 4.443270e+03 seconds, 95387648 bytes of memory usage, 172776 kB of memory peak and 01:14:04 elapsed time
Statistics on the network after iteration 33 (MF = 25.615081)
	Number of nodes: 10859
	Number of allocated nodes: 11264
	Number of edges: 22748
	Maximum in degree: 203 (node 6461)
	Maximum out degree: 2330 (node 701)
	source 32 (node 701) with out degree 2330
	target 173 (node 6461) with in degree 203

Execution time and memory used at after iteration 34 (MF = 23.966048): 4.505880e+03 seconds, 95387648 bytes of memory usage, 172776 kB of memory peak and 01:15:07 elapsed time
Statistics on the network after iteration 34 (MF = 23.966048)
	Number of nodes: 10859
	Number of allocated nodes: 11264
	Number of edges: 22748
	Maximum in degree: 203 (node 6461)
	Maximum out degree: 2330 (node 701)
	source 32 (node 701) with out degree 2330
	target 173 (node 6461) with in degree 203

Execution time and memory used at after iteration 35 (MF = 25.613107): 4.625530e+03 seconds, 95387648 bytes of memory usage, 172776 kB of memory peak and 01:17:06 elapsed time
Statistics on the network after iteration 35 (MF = 25.613107)
	Number of nodes: 10859
	Number of allocated nodes: 11264
	Number of edges: 22748
	Maximum in degree: 203 (node 6461)
	Maximum out degree: 2330 (node 701)
	source 32 (node 701) with out degree 2330
	target 173 (node 6461) with in degree 203

Execution time and memory used at after iteration 36 (MF = 24.383340): 4.806080e+03 seconds, 97013760 bytes of memory usage, 244776 kB of memory peak and 01:20:07 elapsed time
Statistics on the network after iteration 36 (MF = 24.383340)
	Number of nodes: 10859
	Number of allocated nodes: 11264
	Number of edges: 22748
	Maximum in degree: 203 (node 6461)
	Maximum out degree: 2330 (node 701)
	source 32 (node 701) with out degree 2330
	target 173 (node 6461) with in degree 203

Execution time and memory used at after iteration 37 (MF = 24.385709): 4.918250e+03 seconds, 99844096 bytes of memory usage, 244776 kB of memory peak and 01:21:59 elapsed time
Statistics on the network after iteration 37 (MF = 24.385709)
	Number of nodes: 10859
	Number of allocated nodes: 11264
	Number of edges: 22748
	Maximum in degree: 203 (node 6461)
	Maximum out degree: 2330 (node 701)
	source 32 (node 701) with out degree 2330
	target 173 (node 6461) with in degree 203

Execution time and memory used at after iteration 38 (MF = 25.412159): 5.033980e+03 seconds, 100925440 bytes of memory usage, 244776 kB of memory peak and 01:23:55 elapsed time
Statistics on the network after iteration 38 (MF = 25.412159)
	Number of nodes: 10859
	Number of allocated nodes: 11264
	Number of edges: 22748
	Maximum in degree: 203 (node 6461)
	Maximum out degree: 2330 (node 701)
	source 32 (node 701) with out degree 2330
	target 173 (node 6461) with in degree 203

Execution time and memory used at after iteration 39 (MF = 25.737860): 5.198170e+03 seconds, 100925440 bytes of memory usage, 244776 kB of memory peak and 01:26:39 elapsed time
Statistics on the network after iteration 39 (MF = 25.737860)
	Number of nodes: 10859
	Number of allocated nodes: 11264
	Number of edges: 22748
	Maximum in degree: 203 (node 6461)
	Maximum out degree: 2330 (node 701)
	source 32 (node 701) with out degree 2330
	target 173 (node 6461) with in degree 203

Execution time and memory used at after iteration 40 (MF = 25.733123): 5.412790e+03 seconds, 102391808 bytes of memory usage, 244776 kB of memory peak and 01:30:14 elapsed time
Statistics on the network after iteration 40 (MF = 25.733123)
	Number of nodes: 10859
	Number of allocated nodes: 11264
	Number of edges: 22748
	Maximum in degree: 203 (node 6461)
	Maximum out degree: 2330 (node 701)
	source 32 (node 701) with out degree 2330
	target 173 (node 6461) with in degree 203

Execution time and memory used at after iteration 41 (MF = 24.629293): 5.686140e+03 seconds, 102391808 bytes of memory usage, 244776 kB of memory peak and 01:34:47 elapsed time
Statistics on the network after iteration 41 (MF = 24.629293)
	Number of nodes: 10859
	Number of allocated nodes: 11264
	Number of edges: 22748
	Maximum in degree: 203 (node 6461)
	Maximum out degree: 2330 (node 701)
	source 32 (node 701) with out degree 2330
	target 173 (node 6461) with in degree 203

Execution time and memory used at after iteration 42 (MF = 26.066325): 6.063240e+03 seconds, 102391808 bytes of memory usage, 244776 kB of memory peak and 01:41:04 elapsed time
Statistics on the network after iteration 42 (MF = 26.066325)
	Number of nodes: 10859
	Number of allocated nodes: 11264
	Number of edges: 22748
	Maximum in degree: 203 (node 6461)
	Maximum out degree: 2330 (node 701)
	source 32 (node 701) with out degree 2330
	target 173 (node 6461) with in degree 203

Execution time and memory used at after iteration 43 (MF = 25.488749): 6.425100e+03 seconds, 102391808 bytes of memory usage, 262128 kB of memory peak and 01:47:06 elapsed time
Statistics on the network after iteration 43 (MF = 25.488749)
	Number of nodes: 10859
	Number of allocated nodes: 11264
	Number of edges: 22748
	Maximum in degree: 203 (node 6461)
	Maximum out degree: 2330 (node 701)
	source 32 (node 701) with out degree 2330
	target 173 (node 6461) with in degree 203

Execution time and memory used at after iteration 44 (MF = 26.184761): 6.819310e+03 seconds, 119791616 bytes of memory usage, 262128 kB of memory peak and 01:53:40 elapsed time
Statistics on the network after iteration 44 (MF = 26.184761)
	Number of nodes: 10859
	Number of allocated nodes: 11264
	Number of edges: 22748
	Maximum in degree: 203 (node 6461)
	Maximum out degree: 2330 (node 701)
	source 32 (node 701) with out degree 2330
	target 173 (node 6461) with in degree 203

Execution time and memory used at after iteration 45 (MF = 24.827477): 7.242910e+03 seconds, 119791616 bytes of memory usage, 262128 kB of memory peak and 02:00:44 elapsed time
Statistics on the network after iteration 45 (MF = 24.827477)
	Number of nodes: 10859
	Number of allocated nodes: 11264
	Number of edges: 22748
	Maximum in degree: 203 (node 6461)
	Maximum out degree: 2330 (node 701)
	source 32 (node 701) with out degree 2330
	target 173 (node 6461) with in degree 203

Execution time and memory used at after iteration 46 (MF = 24.105803): 1.004303e+05 seconds, 134361088 bytes of memory usage, 902580 kB of memory peak and 1-03:53:58 elapsed time
Statistics on the network after iteration 46 (MF = 24.105803)
	Number of nodes: 10859
	Number of allocated nodes: 11264
	Number of edges: 22748
	Maximum in degree: 203 (node 6461)
	Maximum out degree: 2330 (node 701)
	source 32 (node 701) with out degree 2330
	target 173 (node 6461) with in degree 203

Execution time and memory used at after iteration 47 (MF = 24.777734): 1.625786e+05 seconds, 119791616 bytes of memory usage, 902580 kB of memory peak and 1-21:09:51 elapsed time
Statistics on the network after iteration 47 (MF = 24.777734)
	Number of nodes: 10859
	Number of allocated nodes: 11264
	Number of edges: 22748
	Maximum in degree: 203 (node 6461)
	Maximum out degree: 2330 (node 701)
	source 32 (node 701) with out degree 2330
	target 173 (node 6461) with in degree 203

Execution time and memory used at after iteration 48 (MF = 25.506119): 1.636751e+05 seconds, 138948608 bytes of memory usage, 902580 kB of memory peak and 1-21:28:07 elapsed time
Statistics on the network after iteration 48 (MF = 25.506119)
	Number of nodes: 10859
	Number of allocated nodes: 11264
	Number of edges: 22748
	Maximum in degree: 203 (node 6461)
	Maximum out degree: 2330 (node 701)
	source 32 (node 701) with out degree 2330
	target 173 (node 6461) with in degree 203

Execution time and memory used at after iteration 49 (MF = 25.405053): 1.643558e+05 seconds, 138948608 bytes of memory usage, 902580 kB of memory peak and 1-21:39:28 elapsed time
Statistics on the network after iteration 49 (MF = 25.405053)
	Number of nodes: 10859
	Number of allocated nodes: 11264
	Number of edges: 22748
	Maximum in degree: 203 (node 6461)
	Maximum out degree: 2330 (node 701)
	source 32 (node 701) with out degree 2330
	target 173 (node 6461) with in degree 203

Execution time and memory used at after iteration 50 (MF = 25.113304): 1.651416e+05 seconds, 138948608 bytes of memory usage, 902580 kB of memory peak and 1-21:52:34 elapsed time
Statistics on the network after iteration 50 (MF = 25.113304)
	Number of nodes: 10859
	Number of allocated nodes: 11264
	Number of edges: 22748
	Maximum in degree: 203 (node 6461)
	Maximum out degree: 2330 (node 701)
	source 32 (node 701) with out degree 2330
	target 173 (node 6461) with in degree 203

Execution time and memory used at after iteration 51 (MF = 24.433478): 1.655293e+05 seconds, 178622464 bytes of memory usage, 902580 kB of memory peak and 1-21:59:02 elapsed time
Statistics on the network after iteration 51 (MF = 24.433478)
	Number of nodes: 10859
	Number of allocated nodes: 11264
	Number of edges: 22748
	Maximum in degree: 203 (node 6461)
	Maximum out degree: 2330 (node 701)
	source 32 (node 701) with out degree 2330
	target 173 (node 6461) with in degree 203

Execution time and memory used at after iteration 52 (MF = 25.249901): 1.658388e+05 seconds, 178622464 bytes of memory usage, 902580 kB of memory peak and 1-22:04:11 elapsed time
Statistics on the network after iteration 52 (MF = 25.249901)
	Number of nodes: 10859
	Number of allocated nodes: 11264
	Number of edges: 22748
	Maximum in degree: 203 (node 6461)
	Maximum out degree: 2330 (node 701)
	source 32 (node 701) with out degree 2330
	target 173 (node 6461) with in degree 203

Execution time and memory used at after iteration 53 (MF = 24.561390): 1.871692e+05 seconds, 138948608 bytes of memory usage, 902580 kB of memory peak and 2-03:59:44 elapsed time
Statistics on the network after iteration 53 (MF = 24.561390)
	Number of nodes: 10859
	Number of allocated nodes: 11264
	Number of edges: 22748
	Maximum in degree: 203 (node 6461)
	Maximum out degree: 2330 (node 701)
	source 32 (node 701) with out degree 2330
	target 173 (node 6461) with in degree 203

Execution time and memory used at after iteration 54 (MF = 24.356889): 1.878415e+05 seconds, 138948608 bytes of memory usage, 902580 kB of memory peak and 2-04:10:56 elapsed time
Statistics on the network after iteration 54 (MF = 24.356889)
	Number of nodes: 10859
	Number of allocated nodes: 11264
	Number of edges: 22748
	Maximum in degree: 203 (node 6461)
	Maximum out degree: 2330 (node 701)
	source 32 (node 701) with out degree 2330
	target 173 (node 6461) with in degree 203

Execution time and memory used at after iteration 55 (MF = 25.092775): 1.883437e+05 seconds, 138948608 bytes of memory usage, 902580 kB of memory peak and 2-04:19:18 elapsed time
Statistics on the network after iteration 55 (MF = 25.092775)
	Number of nodes: 10859
	Number of allocated nodes: 11264
	Number of edges: 22748
	Maximum in degree: 203 (node 6461)
	Maximum out degree: 2330 (node 701)
	source 32 (node 701) with out degree 2330
	target 173 (node 6461) with in degree 203

Execution time and memory used at after iteration 56 (MF = 25.463877): 1.890295e+05 seconds, 144654336 bytes of memory usage, 902580 kB of memory peak and 2-04:30:44 elapsed time
Statistics on the network after iteration 56 (MF = 25.463877)
	Number of nodes: 10859
	Number of allocated nodes: 11264
	Number of edges: 22748
	Maximum in degree: 203 (node 6461)
	Maximum out degree: 2330 (node 701)
	source 32 (node 701) with out degree 2330
	target 173 (node 6461) with in degree 203

Execution time and memory used at after iteration 57 (MF = 25.437426): 1.898988e+05 seconds, 143953920 bytes of memory usage, 902580 kB of memory peak and 2-04:45:14 elapsed time
Statistics on the network after iteration 57 (MF = 25.437426)
	Number of nodes: 10859
	Number of allocated nodes: 11264
	Number of edges: 22748
	Maximum in degree: 203 (node 6461)
	Maximum out degree: 2330 (node 701)
	source 32 (node 701) with out degree 2330
	target 173 (node 6461) with in degree 203

Execution time and memory used at after iteration 58 (MF = 24.701145): 1.916767e+05 seconds, 143953920 bytes of memory usage, 902580 kB of memory peak and 2-05:14:52 elapsed time
Statistics on the network after iteration 58 (MF = 24.701145)
	Number of nodes: 10859
	Number of allocated nodes: 11264
	Number of edges: 22748
	Maximum in degree: 203 (node 6461)
	Maximum out degree: 2330 (node 701)
	source 32 (node 701) with out degree 2330
	target 173 (node 6461) with in degree 203

Execution time and memory used at after iteration 59 (MF = 22.653375): 1.919958e+05 seconds, 165838848 bytes of memory usage, 902580 kB of memory peak and 2-05:20:11 elapsed time
Statistics on the network after iteration 59 (MF = 22.653375)
	Number of nodes: 10859
	Number of allocated nodes: 11264
	Number of edges: 22748
	Maximum in degree: 203 (node 6461)
	Maximum out degree: 2330 (node 701)
	source 32 (node 701) with out degree 2330
	target 173 (node 6461) with in degree 203

Execution time and memory used at after iteration 60 (MF = 24.747335): 1.927428e+05 seconds, 172081152 bytes of memory usage, 902580 kB of memory peak and 2-05:32:38 elapsed time
Statistics on the network after iteration 60 (MF = 24.747335)
	Number of nodes: 10859
	Number of allocated nodes: 11264
	Number of edges: 22748
	Maximum in degree: 203 (node 6461)
	Maximum out degree: 2330 (node 701)
	source 32 (node 701) with out degree 2330
	target 173 (node 6461) with in degree 203

Execution time and memory used at after iteration 61 (MF = 23.644295): 1.930010e+05 seconds, 172081152 bytes of memory usage, 902580 kB of memory peak and 2-05:36:56 elapsed time
Statistics on the network after iteration 61 (MF = 23.644295)
	Number of nodes: 10859
	Number of allocated nodes: 11264
	Number of edges: 22748
	Maximum in degree: 203 (node 6461)
	Maximum out degree: 2330 (node 701)
	source 32 (node 701) with out degree 2330
	target 173 (node 6461) with in degree 203

Execution time and memory used at after iteration 62 (MF = 24.351362): 1.934822e+05 seconds, 143953920 bytes of memory usage, 902580 kB of memory peak and 2-05:44:57 elapsed time
Statistics on the network after iteration 62 (MF = 24.351362)
	Number of nodes: 10859
	Number of allocated nodes: 11264
	Number of edges: 22748
	Maximum in degree: 203 (node 6461)
	Maximum out degree: 2330 (node 701)
	source 32 (node 701) with out degree 2330
	target 173 (node 6461) with in degree 203

Execution time and memory used at after iteration 63 (MF = 24.018950): 1.938877e+05 seconds, 143953920 bytes of memory usage, 902580 kB of memory peak and 2-05:51:43 elapsed time
Statistics on the network after iteration 63 (MF = 24.018950)
	Number of nodes: 10859
	Number of allocated nodes: 11264
	Number of edges: 22748
	Maximum in degree: 203 (node 6461)
	Maximum out degree: 2330 (node 701)
	source 32 (node 701) with out degree 2330
	target 173 (node 6461) with in degree 203

Execution time and memory used at after iteration 64 (MF = 24.416897): 1.943220e+05 seconds, 143953920 bytes of memory usage, 902580 kB of memory peak and 2-05:58:57 elapsed time
Statistics on the network after iteration 64 (MF = 24.416897)
	Number of nodes: 10859
	Number of allocated nodes: 11264
	Number of edges: 22748
	Maximum in degree: 203 (node 6461)
	Maximum out degree: 2330 (node 701)
	source 32 (node 701) with out degree 2330
	target 173 (node 6461) with in degree 203

Execution time and memory used at after iteration 65 (MF = 25.336755): 1.947655e+05 seconds, 143953920 bytes of memory usage, 902580 kB of memory peak and 2-06:06:21 elapsed time
Statistics on the network after iteration 65 (MF = 25.336755)
	Number of nodes: 10859
	Number of allocated nodes: 11264
	Number of edges: 22748
	Maximum in degree: 203 (node 6461)
	Maximum out degree: 2330 (node 701)
	source 32 (node 701) with out degree 2330
	target 173 (node 6461) with in degree 203

Execution time and memory used at after iteration 66 (MF = 25.557442): 1.953108e+05 seconds, 143953920 bytes of memory usage, 902580 kB of memory peak and 2-06:15:26 elapsed time
Statistics on the network after iteration 66 (MF = 25.557442)
	Number of nodes: 10859
	Number of allocated nodes: 11264
	Number of edges: 22748
	Maximum in degree: 203 (node 6461)
	Maximum out degree: 2330 (node 701)
	source 32 (node 701) with out degree 2330
	target 173 (node 6461) with in degree 203

Execution time and memory used at after iteration 67 (MF = 24.471378): 1.958320e+05 seconds, 181260288 bytes of memory usage, 902580 kB of memory peak and 2-06:24:07 elapsed time
Statistics on the network after iteration 67 (MF = 24.471378)
	Number of nodes: 10859
	Number of allocated nodes: 11264
	Number of edges: 22748
	Maximum in degree: 203 (node 6461)
	Maximum out degree: 2330 (node 701)
	source 32 (node 701) with out degree 2330
	target 173 (node 6461) with in degree 203

Execution time and memory used at after iteration 68 (MF = 25.115278): 1.962279e+05 seconds, 143953920 bytes of memory usage, 902580 kB of memory peak and 2-06:30:43 elapsed time
Statistics on the network after iteration 68 (MF = 25.115278)
	Number of nodes: 10859
	Number of allocated nodes: 11264
	Number of edges: 22748
	Maximum in degree: 203 (node 6461)
	Maximum out degree: 2330 (node 701)
	source 32 (node 701) with out degree 2330
	target 173 (node 6461) with in degree 203

Execution time and memory used at after iteration 69 (MF = 24.942756): 1.966929e+05 seconds, 143953920 bytes of memory usage, 902580 kB of memory peak and 2-06:38:28 elapsed time
Statistics on the network after iteration 69 (MF = 24.942756)
	Number of nodes: 10859
	Number of allocated nodes: 11264
	Number of edges: 22748
	Maximum in degree: 203 (node 6461)
	Maximum out degree: 2330 (node 701)
	source 32 (node 701) with out degree 2330
	target 173 (node 6461) with in degree 203
