GLPSOL--GLPK LP/MIP Solver 5.0
Parameter(s) specified in the command line:
 --lp input/p2p-Gnutella24.html/p2p-Gnutella24.txt.gz.24.lp -o input/p2p-Gnutella24.html/p2p-Gnutella24.txt.gz.24.lp.sol
Reading problem data from 'input/p2p-Gnutella24.html/p2p-Gnutella24.txt.gz.24.lp'...
65372 rows, 157256 columns, 326847 non-zeros
157256 integer variables, all of which are binary
222633 lines were read
GLPK Integer Optimizer 5.0
65372 rows, 157256 columns, 326847 non-zeros
157256 integer variables, all of which are binary
Preprocessing...
65361 rows, 157243 columns, 326698 non-zeros
157243 integer variables, all of which are binary
Scaling...
 A: min|aij| =  1.000e+00  max|aij| =  1.000e+00  ratio =  1.000e+00
Problem data seem to be well scaled
Constructing initial basis...
Size of triangular part is 65361
Solving LP relaxation...
GLPK Simplex Optimizer 5.0
65361 rows, 157243 columns, 326698 non-zeros
      0: obj =   0.000000000e+00 inf =   3.200e+01 (32)
     32: obj =   3.665896000e+00 inf =   0.000e+00 (0)
Perturbing LP to avoid stalling [257]...
*  1402: obj =   6.451610000e-01 inf =   0.000e+00 (471) 6
*  2502: obj =   6.451610000e-01 inf =   0.000e+00 (563) 8
*  3462: obj =   6.451610000e-01 inf =   0.000e+00 (659) 7
*  4324: obj =   6.451610000e-01 inf =   0.000e+00 (689) 7
*  5120: obj =   6.451610000e-01 inf =   0.000e+00 (722) 7
*  5877: obj =   6.451610000e-01 inf =   0.000e+00 (736) 7
*  6600: obj =   6.451610000e-01 inf =   0.000e+00 (834) 6
*  7286: obj =   6.451610000e-01 inf =   0.000e+00 (887) 7
*  8073: obj =   3.709680000e-01 inf =   0.000e+00 (1206) 7
*  8917: obj =   3.271890000e-01 inf =   0.000e+00 (871) 9
Removing LP perturbation [9560]...
*  9560: obj =   3.202770000e-01 inf =   0.000e+00 (0) 6
OPTIMAL LP SOLUTION FOUND
Integer optimization begins...
Long-step dual simplex will be used
+  9560: mip =     not found yet >=              -inf        (1; 0)
+  9560: >>>>>   3.202770000e-01 >=   3.202770000e-01   0.0% (1; 0)
+  9560: mip =   3.202770000e-01 >=     tree is empty   0.0% (0; 1)
INTEGER OPTIMAL SOLUTION FOUND
Time used:   54.2 secs
Memory used: 178.6 Mb (187231821 bytes)
Writing MIP solution to 'input/p2p-Gnutella24.html/p2p-Gnutella24.txt.gz.24.lp.sol'...
Objective:  obj = 0.320277 (MINimum)
