Version 1.2 launched as -e 0.1 -i 12 input/soc-sign-epinions.html/soc-sign-epinions.txt.gz 824


Execution time and memory used at after reading from file: 2.107600e+02 seconds, 58109952 bytes of memory usage, 56784 kB of memory peak and 03:31 elapsed time
Statistics on the network after reading from file
	Number of nodes: 131828
	Number of allocated nodes: 132096
	Number of edges: 840799
	Maximum in degree: 3478 (node 25)
	Maximum out degree: 2070 (node 68214)

Execution time and memory used at after adding costs: 2.107800e+02 seconds, 58109952 bytes of memory usage, 56784 kB of memory peak and 03:31 elapsed time
Statistics on the network after adding costs
	Number of nodes: 131828
	Number of allocated nodes: 132096
	Number of edges: 840799
	Maximum in degree: 3478 (node 25)
	Maximum out degree: 2070 (node 68214)

Execution time and memory used at before starting main computation: 2.120400e+02 seconds, 59461632 bytes of memory usage, 59100 kB of memory peak and 03:33 elapsed time
Statistics on the network before starting main computation
	Number of nodes: 131828
	Number of allocated nodes: 132096
	Number of edges: 840799
	Maximum in degree: 3478 (node 25)
	Maximum out degree: 2070 (node 68214)
	source 27619 (node 68214) with out degree 2070
	target 1016 (node 25) with in degree 3478

Execution time and memory used at after iteration 1 (MF = 606.205299): 2.528100e+03 seconds, 849465344 bytes of memory usage, 1017384 kB of memory peak and 42:09 elapsed time
Statistics on the network after iteration 1 (MF = 606.205299)
	Number of nodes: 131828
	Number of allocated nodes: 132096
	Number of edges: 840799
	Maximum in degree: 3478 (node 25)
	Maximum out degree: 2070 (node 68214)
	source 27619 (node 68214) with out degree 2070
	target 1016 (node 25) with in degree 3478

Execution time and memory used at after iteration 2 (MF = 562.477289): 6.234400e+03 seconds, 957407232 bytes of memory usage, 1215588 kB of memory peak and 01:43:55 elapsed time
Statistics on the network after iteration 2 (MF = 562.477289)
	Number of nodes: 131828
	Number of allocated nodes: 132096
	Number of edges: 840799
	Maximum in degree: 3478 (node 25)
	Maximum out degree: 2070 (node 68214)
	source 27619 (node 68214) with out degree 2070
	target 1016 (node 25) with in degree 3478
