	Command being timed: "/usr/app/src/glpk-5.0/examples/glpsol --lp input/ca-CondMat.html/ca-CondMat.txt.gz.140.lp -o input/ca-CondMat.html/ca-CondMat.txt.gz.140.lp.sol"
	User time (seconds): 21687.16
	System time (seconds): 5.54
	Percent of CPU this job got: 99%
	Elapsed (wall clock) time (h:mm:ss or m:ss): 6:01:33
	Average shared text size (kbytes): 0
	Average unshared data size (kbytes): 0
	Average stack size (kbytes): 0
	Average total size (kbytes): 0
	Maximum resident set size (kbytes): 469808
	Average resident set size (kbytes): 0
	Major (requiring I/O) page faults: 0
	Minor (reclaiming a frame) page faults: 401654
	Voluntary context switches: 3260
	Involuntary context switches: 15650
	Swaps: 0
	File system inputs: 0
	File system outputs: 93680
	Socket messages sent: 0
	Socket messages received: 0
	Signals delivered: 0
	Page size (bytes): 4096
	Exit status: 0
