	Command being timed: "/usr/app/src/glpk-5.0/examples/glpsol --lp input/ca-CondMat.html/ca-CondMat.txt.gz.140.lp.reach_chain_detours.lp -o input/ca-CondMat.html/ca-CondMat.txt.gz.140.lp.reach_chain_detours.lp.sol"
	User time (seconds): 15942.75
	System time (seconds): 3.18
	Percent of CPU this job got: 99%
	Elapsed (wall clock) time (h:mm:ss or m:ss): 4:25:46
	Average shared text size (kbytes): 0
	Average unshared data size (kbytes): 0
	Average stack size (kbytes): 0
	Average total size (kbytes): 0
	Maximum resident set size (kbytes): 446412
	Average resident set size (kbytes): 0
	Major (requiring I/O) page faults: 0
	Minor (reclaiming a frame) page faults: 987514
	Voluntary context switches: 320
	Involuntary context switches: 22571
	Swaps: 0
	File system inputs: 0
	File system outputs: 87704
	Socket messages sent: 0
	Socket messages received: 0
	Signals delivered: 0
	Page size (bytes): 4096
	Exit status: 0
