Version 1.2 launched as -e 0.1 12 input/amazon0312.html/amazon0312.txt.gz 6


Execution time and memory used at after reading from file: 1.285639e+04 seconds, 168062976 bytes of memory usage, 164160 kB of memory peak and 03:34:17 elapsed time
Statistics on the network after reading from file
	Number of nodes: 400727
	Number of allocated nodes: 401408
	Number of edges: 3200440
	Maximum in degree: 2747 (node 32)
	Maximum out degree: 10 (node 22)

Execution time and memory used at after adding costs: 1.285650e+04 seconds, 168062976 bytes of memory usage, 164160 kB of memory peak and 03:34:17 elapsed time
Statistics on the network after adding costs
	Number of nodes: 400727
	Number of allocated nodes: 401408
	Number of edges: 3200440
	Maximum in degree: 2747 (node 32)
	Maximum out degree: 10 (node 22)

Execution time and memory used at before starting main computation: 1.292139e+04 seconds, 180363264 bytes of memory usage, 181292 kB of memory peak and 03:35:22 elapsed time
Statistics on the network before starting main computation
	Number of nodes: 400727
	Number of allocated nodes: 401408
	Number of edges: 3200440
	Maximum in degree: 2747 (node 32)
	Maximum out degree: 10 (node 22)
	source 27 (node 22) with out degree 10
	target 57 (node 32) with in degree 2747

Execution time and memory used at after iteration 1 (MF = 1.076532): 4.125374e+04 seconds, 2952577024 bytes of memory usage, 4113524 kB of memory peak and 11:27:35 elapsed time
Statistics on the network after iteration 1 (MF = 1.076532)
	Number of nodes: 400727
	Number of allocated nodes: 401408
	Number of edges: 3200440
	Maximum in degree: 2747 (node 32)
	Maximum out degree: 10 (node 22)
	source 27 (node 22) with out degree 10
	target 57 (node 32) with in degree 2747

Execution time and memory used at after iteration 2 (MF = 0.808487): 4.216403e+04 seconds, 2952577024 bytes of memory usage, 4113576 kB of memory peak and 11:42:46 elapsed time
Statistics on the network after iteration 2 (MF = 0.808487)
	Number of nodes: 400727
	Number of allocated nodes: 401408
	Number of edges: 3200440
	Maximum in degree: 2747 (node 32)
	Maximum out degree: 10 (node 22)
	source 27 (node 22) with out degree 10
	target 57 (node 32) with in degree 2747

Execution time and memory used at after iteration 3 (MF = 1.056946): 4.311005e+04 seconds, 2952577024 bytes of memory usage, 4113652 kB of memory peak and 11:58:32 elapsed time
Statistics on the network after iteration 3 (MF = 1.056946)
	Number of nodes: 400727
	Number of allocated nodes: 401408
	Number of edges: 3200440
	Maximum in degree: 2747 (node 32)
	Maximum out degree: 10 (node 22)
	source 27 (node 22) with out degree 10
	target 57 (node 32) with in degree 2747

Execution time and memory used at after iteration 4 (MF = 0.621328): 4.396729e+04 seconds, 2952577024 bytes of memory usage, 4122152 kB of memory peak and 12:12:49 elapsed time
Statistics on the network after iteration 4 (MF = 0.621328)
	Number of nodes: 400727
	Number of allocated nodes: 401408
	Number of edges: 3200440
	Maximum in degree: 2747 (node 32)
	Maximum out degree: 10 (node 22)
	source 27 (node 22) with out degree 10
	target 57 (node 32) with in degree 2747

Execution time and memory used at after iteration 5 (MF = 1.054044): 4.524448e+04 seconds, 2952577024 bytes of memory usage, 4425316 kB of memory peak and 12:34:06 elapsed time
Statistics on the network after iteration 5 (MF = 1.054044)
	Number of nodes: 400727
	Number of allocated nodes: 401408
	Number of edges: 3200440
	Maximum in degree: 2747 (node 32)
	Maximum out degree: 10 (node 22)
	source 27 (node 22) with out degree 10
	target 57 (node 32) with in degree 2747

Execution time and memory used at after iteration 6 (MF = 1.033370): 4.732826e+04 seconds, 3430981632 bytes of memory usage, 4425316 kB of memory peak and 13:08:50 elapsed time
Statistics on the network after iteration 6 (MF = 1.033370)
	Number of nodes: 400727
	Number of allocated nodes: 401408
	Number of edges: 3200440
	Maximum in degree: 2747 (node 32)
	Maximum out degree: 10 (node 22)
	source 27 (node 22) with out degree 10
	target 57 (node 32) with in degree 2747

Execution time and memory used at after iteration 7 (MF = 1.076532): 4.943959e+04 seconds, 3459784704 bytes of memory usage, 4425316 kB of memory peak and 13:44:01 elapsed time
Statistics on the network after iteration 7 (MF = 1.076532)
	Number of nodes: 400727
	Number of allocated nodes: 401408
	Number of edges: 3200440
	Maximum in degree: 2747 (node 32)
	Maximum out degree: 10 (node 22)
	source 27 (node 22) with out degree 10
	target 57 (node 32) with in degree 2747

Execution time and memory used at after iteration 8 (MF = 0.830613): 5.062845e+04 seconds, 3460878336 bytes of memory usage, 4425316 kB of memory peak and 14:03:50 elapsed time
Statistics on the network after iteration 8 (MF = 0.830613)
	Number of nodes: 400727
	Number of allocated nodes: 401408
	Number of edges: 3200440
	Maximum in degree: 2747 (node 32)
	Maximum out degree: 10 (node 22)
	source 27 (node 22) with out degree 10
	target 57 (node 32) with in degree 2747

Execution time and memory used at after iteration 9 (MF = 1.076532): 5.209690e+04 seconds, 3430981632 bytes of memory usage, 5031988 kB of memory peak and 14:28:19 elapsed time
Statistics on the network after iteration 9 (MF = 1.076532)
	Number of nodes: 400727
	Number of allocated nodes: 401408
	Number of edges: 3200440
	Maximum in degree: 2747 (node 32)
	Maximum out degree: 10 (node 22)
	source 27 (node 22) with out degree 10
	target 57 (node 32) with in degree 2747

Execution time and memory used at after iteration 10 (MF = 1.033370): 5.330267e+04 seconds, 3470946304 bytes of memory usage, 5031988 kB of memory peak and 14:48:25 elapsed time
Statistics on the network after iteration 10 (MF = 1.033370)
	Number of nodes: 400727
	Number of allocated nodes: 401408
	Number of edges: 3200440
	Maximum in degree: 2747 (node 32)
	Maximum out degree: 10 (node 22)
	source 27 (node 22) with out degree 10
	target 57 (node 32) with in degree 2747

Execution time and memory used at after iteration 11 (MF = 1.054044): 5.458246e+04 seconds, 3471052800 bytes of memory usage, 5031988 kB of memory peak and 15:09:44 elapsed time
Statistics on the network after iteration 11 (MF = 1.054044)
	Number of nodes: 400727
	Number of allocated nodes: 401408
	Number of edges: 3200440
	Maximum in degree: 2747 (node 32)
	Maximum out degree: 10 (node 22)
	source 27 (node 22) with out degree 10
	target 57 (node 32) with in degree 2747

Execution time and memory used at after iteration 12 (MF = 0.963003): 5.613347e+04 seconds, 3471204352 bytes of memory usage, 5031988 kB of memory peak and 15:35:35 elapsed time
Statistics on the network after iteration 12 (MF = 0.963003)
	Number of nodes: 400727
	Number of allocated nodes: 401408
	Number of edges: 3200440
	Maximum in degree: 2747 (node 32)
	Maximum out degree: 10 (node 22)
	source 27 (node 22) with out degree 10
	target 57 (node 32) with in degree 2747

Execution time and memory used at after iteration 13 (MF = 0.801959): 5.731327e+04 seconds, 3461300224 bytes of memory usage, 5031988 kB of memory peak and 15:55:15 elapsed time
Statistics on the network after iteration 13 (MF = 0.801959)
	Number of nodes: 400727
	Number of allocated nodes: 401408
	Number of edges: 3200440
	Maximum in degree: 2747 (node 32)
	Maximum out degree: 10 (node 22)
	source 27 (node 22) with out degree 10
	target 57 (node 32) with in degree 2747
