GLPSOL--GLPK LP/MIP Solver 5.0
Parameter(s) specified in the command line:
 --lp input/Oregon-2.html/oregon2_010526.txt.gz.138.lp -o input/Oregon-2.html/oregon2_010526.txt.gz.138.lp.sol
Reading problem data from 'input/Oregon-2.html/oregon2_010526.txt.gz.138.lp'...
32734 rows, 76923 columns, 163657 non-zeros
76923 integer variables, all of which are binary
109662 lines were read
GLPK Integer Optimizer 5.0
32734 rows, 76923 columns, 163657 non-zeros
76923 integer variables, all of which are binary
Preprocessing...
1 hidden packing inequaliti(es) were detected
32332 rows, 76493 columns, 159418 non-zeros
76493 integer variables, all of which are binary
Scaling...
 A: min|aij| =  1.000e+00  max|aij| =  1.000e+00  ratio =  1.000e+00
Problem data seem to be well scaled
Constructing initial basis...
Size of triangular part is 32332
Solving LP relaxation...
GLPK Simplex Optimizer 5.0
32332 rows, 76493 columns, 159418 non-zeros
      0: obj =   0.000000000e+00 inf =   2.310e+02 (231)
    231: obj =   5.999507400e+01 inf =   0.000e+00 (0)
Perturbing LP to avoid stalling [433]...
*  3138: obj =   5.335234652e+00 inf =   1.518e-04 (559) 23
Removing LP perturbation [4328]...
*  4328: obj =   0.000000000e+00 inf =   0.000e+00 (0) 10
OPTIMAL LP SOLUTION FOUND
Integer optimization begins...
Long-step dual simplex will be used
+  4328: mip =     not found yet >=              -inf        (1; 0)
Solution found by heuristic: 0
+  4991: mip =   0.000000000e+00 >=     tree is empty   0.0% (0; 3)
INTEGER OPTIMAL SOLUTION FOUND
Time used:   11.3 secs
Memory used: 91.5 Mb (95980099 bytes)
Writing MIP solution to 'input/Oregon-2.html/oregon2_010526.txt.gz.138.lp.sol'...
Objective:  obj = 0 (MINimum)
