	Command being timed: "/usr/app/src/glpk-5.0/examples/glpsol --lp input/Oregon-2.html/oregon2_010526.txt.gz.138.lp.reach_chain_detours.lp -o input/Oregon-2.html/oregon2_010526.txt.gz.138.lp.reach_chain_detours.lp.sol"
	User time (seconds): 0.42
	System time (seconds): 0.01
	Percent of CPU this job got: 100%
	Elapsed (wall clock) time (h:mm:ss or m:ss): 0:00.42
	Average shared text size (kbytes): 0
	Average unshared data size (kbytes): 0
	Average stack size (kbytes): 0
	Average total size (kbytes): 0
	Maximum resident set size (kbytes): 9812
	Average resident set size (kbytes): 0
	Major (requiring I/O) page faults: 0
	Minor (reclaiming a frame) page faults: 3655
	Voluntary context switches: 31
	Involuntary context switches: 3
	Swaps: 0
	File system inputs: 0
	File system outputs: 1096
	Socket messages sent: 0
	Socket messages received: 0
	Signals delivered: 0
	Page size (bytes): 4096
	Exit status: 0
