Version 1.2 launched as -e 0.1 12 input/Oregon-1.html/oregon1_010421.txt.gz 20


Execution time and memory used at after reading from file: 5.500000e-01 seconds, 16617472 bytes of memory usage, 16264 kB of memory peak and 00:00 elapsed time
Statistics on the network after reading from file
	Number of nodes: 10859
	Number of allocated nodes: 11264
	Number of edges: 22748
	Maximum in degree: 203 (node 6461)
	Maximum out degree: 2330 (node 701)

Execution time and memory used at after adding costs: 5.500000e-01 seconds, 16617472 bytes of memory usage, 16264 kB of memory peak and 00:00 elapsed time
Statistics on the network after adding costs
	Number of nodes: 10859
	Number of allocated nodes: 11264
	Number of edges: 22748
	Maximum in degree: 203 (node 6461)
	Maximum out degree: 2330 (node 701)

Execution time and memory used at before starting main computation: 5.600000e-01 seconds, 16617472 bytes of memory usage, 16744 kB of memory peak and 00:00 elapsed time
Statistics on the network before starting main computation
	Number of nodes: 10859
	Number of allocated nodes: 11264
	Number of edges: 22748
	Maximum in degree: 203 (node 6461)
	Maximum out degree: 2330 (node 701)
	source 32 (node 701) with out degree 2330
	target 173 (node 6461) with in degree 203

Execution time and memory used at after iteration 1 (MF = 35.282669): 4.080000e+00 seconds, 38735872 bytes of memory usage, 41968 kB of memory peak and 00:04 elapsed time
Statistics on the network after iteration 1 (MF = 35.282669)
	Number of nodes: 10859
	Number of allocated nodes: 11264
	Number of edges: 22748
	Maximum in degree: 203 (node 6461)
	Maximum out degree: 2330 (node 701)
	source 32 (node 701) with out degree 2330
	target 173 (node 6461) with in degree 203

Execution time and memory used at after iteration 2 (MF = 24.086064): 4.630000e+00 seconds, 38735872 bytes of memory usage, 42032 kB of memory peak and 00:04 elapsed time
Statistics on the network after iteration 2 (MF = 24.086064)
	Number of nodes: 10859
	Number of allocated nodes: 11264
	Number of edges: 22748
	Maximum in degree: 203 (node 6461)
	Maximum out degree: 2330 (node 701)
	source 32 (node 701) with out degree 2330
	target 173 (node 6461) with in degree 203

Execution time and memory used at after iteration 3 (MF = 31.903277): 6.240000e+00 seconds, 44568576 bytes of memory usage, 48440 kB of memory peak and 00:06 elapsed time
Statistics on the network after iteration 3 (MF = 31.903277)
	Number of nodes: 10859
	Number of allocated nodes: 11264
	Number of edges: 22748
	Maximum in degree: 203 (node 6461)
	Maximum out degree: 2330 (node 701)
	source 32 (node 701) with out degree 2330
	target 173 (node 6461) with in degree 203

Execution time and memory used at after iteration 4 (MF = 31.122385): 1.215000e+01 seconds, 44777472 bytes of memory usage, 48440 kB of memory peak and 00:12 elapsed time
Statistics on the network after iteration 4 (MF = 31.122385)
	Number of nodes: 10859
	Number of allocated nodes: 11264
	Number of edges: 22748
	Maximum in degree: 203 (node 6461)
	Maximum out degree: 2330 (node 701)
	source 32 (node 701) with out degree 2330
	target 173 (node 6461) with in degree 203

Execution time and memory used at after iteration 5 (MF = 29.426372): 1.869000e+01 seconds, 44711936 bytes of memory usage, 52140 kB of memory peak and 00:18 elapsed time
Statistics on the network after iteration 5 (MF = 29.426372)
	Number of nodes: 10859
	Number of allocated nodes: 11264
	Number of edges: 22748
	Maximum in degree: 203 (node 6461)
	Maximum out degree: 2330 (node 701)
	source 32 (node 701) with out degree 2330
	target 173 (node 6461) with in degree 203

Execution time and memory used at after iteration 6 (MF = 30.568101): 2.476000e+01 seconds, 44470272 bytes of memory usage, 57488 kB of memory peak and 00:25 elapsed time
Statistics on the network after iteration 6 (MF = 30.568101)
	Number of nodes: 10859
	Number of allocated nodes: 11264
	Number of edges: 22748
	Maximum in degree: 203 (node 6461)
	Maximum out degree: 2330 (node 701)
	source 32 (node 701) with out degree 2330
	target 173 (node 6461) with in degree 203

Execution time and memory used at after iteration 7 (MF = 28.903672): 3.839000e+01 seconds, 44486656 bytes of memory usage, 57488 kB of memory peak and 00:38 elapsed time
Statistics on the network after iteration 7 (MF = 28.903672)
	Number of nodes: 10859
	Number of allocated nodes: 11264
	Number of edges: 22748
	Maximum in degree: 203 (node 6461)
	Maximum out degree: 2330 (node 701)
	source 32 (node 701) with out degree 2330
	target 173 (node 6461) with in degree 203

Execution time and memory used at after iteration 8 (MF = 28.638768): 4.922000e+01 seconds, 45010944 bytes of memory usage, 57488 kB of memory peak and 00:49 elapsed time
Statistics on the network after iteration 8 (MF = 28.638768)
	Number of nodes: 10859
	Number of allocated nodes: 11264
	Number of edges: 22748
	Maximum in degree: 203 (node 6461)
	Maximum out degree: 2330 (node 701)
	source 32 (node 701) with out degree 2330
	target 173 (node 6461) with in degree 203

Execution time and memory used at after iteration 9 (MF = 29.804185): 5.810000e+01 seconds, 44384256 bytes of memory usage, 57488 kB of memory peak and 00:58 elapsed time
Statistics on the network after iteration 9 (MF = 29.804185)
	Number of nodes: 10859
	Number of allocated nodes: 11264
	Number of edges: 22748
	Maximum in degree: 203 (node 6461)
	Maximum out degree: 2330 (node 701)
	source 32 (node 701) with out degree 2330
	target 173 (node 6461) with in degree 203

Execution time and memory used at after iteration 10 (MF = 30.837347): 2.791900e+02 seconds, 44384256 bytes of memory usage, 73716 kB of memory peak and 04:39 elapsed time
Statistics on the network after iteration 10 (MF = 30.837347)
	Number of nodes: 10859
	Number of allocated nodes: 11264
	Number of edges: 22748
	Maximum in degree: 203 (node 6461)
	Maximum out degree: 2330 (node 701)
	source 32 (node 701) with out degree 2330
	target 173 (node 6461) with in degree 203

Execution time and memory used at after iteration 11 (MF = 28.902092): 2.956800e+02 seconds, 44384256 bytes of memory usage, 73716 kB of memory peak and 04:56 elapsed time
Statistics on the network after iteration 11 (MF = 28.902092)
	Number of nodes: 10859
	Number of allocated nodes: 11264
	Number of edges: 22748
	Maximum in degree: 203 (node 6461)
	Maximum out degree: 2330 (node 701)
	source 32 (node 701) with out degree 2330
	target 173 (node 6461) with in degree 203

Execution time and memory used at after iteration 12 (MF = 29.691670): 3.209300e+02 seconds, 44384256 bytes of memory usage, 73716 kB of memory peak and 05:21 elapsed time
Statistics on the network after iteration 12 (MF = 29.691670)
	Number of nodes: 10859
	Number of allocated nodes: 11264
	Number of edges: 22748
	Maximum in degree: 203 (node 6461)
	Maximum out degree: 2330 (node 701)
	source 32 (node 701) with out degree 2330
	target 173 (node 6461) with in degree 203

Execution time and memory used at after iteration 13 (MF = 28.483221): 3.536100e+02 seconds, 44384256 bytes of memory usage, 73716 kB of memory peak and 05:54 elapsed time
Statistics on the network after iteration 13 (MF = 28.483221)
	Number of nodes: 10859
	Number of allocated nodes: 11264
	Number of edges: 22748
	Maximum in degree: 203 (node 6461)
	Maximum out degree: 2330 (node 701)
	source 32 (node 701) with out degree 2330
	target 173 (node 6461) with in degree 203

Execution time and memory used at after iteration 14 (MF = 29.290170): 4.709700e+02 seconds, 44384256 bytes of memory usage, 93152 kB of memory peak and 07:51 elapsed time
Statistics on the network after iteration 14 (MF = 29.290170)
	Number of nodes: 10859
	Number of allocated nodes: 11264
	Number of edges: 22748
	Maximum in degree: 203 (node 6461)
	Maximum out degree: 2330 (node 701)
	source 32 (node 701) with out degree 2330
	target 173 (node 6461) with in degree 203

Execution time and memory used at after iteration 15 (MF = 29.772996): 5.974700e+02 seconds, 54054912 bytes of memory usage, 105064 kB of memory peak and 09:57 elapsed time
Statistics on the network after iteration 15 (MF = 29.772996)
	Number of nodes: 10859
	Number of allocated nodes: 11264
	Number of edges: 22748
	Maximum in degree: 203 (node 6461)
	Maximum out degree: 2330 (node 701)
	source 32 (node 701) with out degree 2330
	target 173 (node 6461) with in degree 203

Execution time and memory used at after iteration 16 (MF = 30.143308): 6.896500e+02 seconds, 54054912 bytes of memory usage, 105064 kB of memory peak and 11:30 elapsed time
Statistics on the network after iteration 16 (MF = 30.143308)
	Number of nodes: 10859
	Number of allocated nodes: 11264
	Number of edges: 22748
	Maximum in degree: 203 (node 6461)
	Maximum out degree: 2330 (node 701)
	source 32 (node 701) with out degree 2330
	target 173 (node 6461) with in degree 203

Execution time and memory used at after iteration 17 (MF = 29.122385): 8.280000e+02 seconds, 54054912 bytes of memory usage, 105064 kB of memory peak and 13:48 elapsed time
Statistics on the network after iteration 17 (MF = 29.122385)
	Number of nodes: 10859
	Number of allocated nodes: 11264
	Number of edges: 22748
	Maximum in degree: 203 (node 6461)
	Maximum out degree: 2330 (node 701)
	source 32 (node 701) with out degree 2330
	target 173 (node 6461) with in degree 203

Execution time and memory used at after iteration 18 (MF = 28.212396): 1.083500e+03 seconds, 54054912 bytes of memory usage, 105064 kB of memory peak and 18:04 elapsed time
Statistics on the network after iteration 18 (MF = 28.212396)
	Number of nodes: 10859
	Number of allocated nodes: 11264
	Number of edges: 22748
	Maximum in degree: 203 (node 6461)
	Maximum out degree: 2330 (node 701)
	source 32 (node 701) with out degree 2330
	target 173 (node 6461) with in degree 203

Execution time and memory used at after iteration 19 (MF = 29.141334): 1.364480e+03 seconds, 54054912 bytes of memory usage, 120504 kB of memory peak and 22:45 elapsed time
Statistics on the network after iteration 19 (MF = 29.141334)
	Number of nodes: 10859
	Number of allocated nodes: 11264
	Number of edges: 22748
	Maximum in degree: 203 (node 6461)
	Maximum out degree: 2330 (node 701)
	source 32 (node 701) with out degree 2330
	target 173 (node 6461) with in degree 203

Execution time and memory used at after iteration 20 (MF = 28.810107): 1.750720e+03 seconds, 54054912 bytes of memory usage, 129632 kB of memory peak and 29:11 elapsed time
Statistics on the network after iteration 20 (MF = 28.810107)
	Number of nodes: 10859
	Number of allocated nodes: 11264
	Number of edges: 22748
	Maximum in degree: 203 (node 6461)
	Maximum out degree: 2330 (node 701)
	source 32 (node 701) with out degree 2330
	target 173 (node 6461) with in degree 203

Execution time and memory used at after iteration 21 (MF = 29.187130): 2.238090e+03 seconds, 54054912 bytes of memory usage, 129632 kB of memory peak and 37:18 elapsed time
Statistics on the network after iteration 21 (MF = 29.187130)
	Number of nodes: 10859
	Number of allocated nodes: 11264
	Number of edges: 22748
	Maximum in degree: 203 (node 6461)
	Maximum out degree: 2330 (node 701)
	source 32 (node 701) with out degree 2330
	target 173 (node 6461) with in degree 203

Execution time and memory used at after iteration 22 (MF = 27.243979): 2.378240e+03 seconds, 54054912 bytes of memory usage, 129632 kB of memory peak and 39:38 elapsed time
Statistics on the network after iteration 22 (MF = 27.243979)
	Number of nodes: 10859
	Number of allocated nodes: 11264
	Number of edges: 22748
	Maximum in degree: 203 (node 6461)
	Maximum out degree: 2330 (node 701)
	source 32 (node 701) with out degree 2330
	target 173 (node 6461) with in degree 203

Execution time and memory used at after iteration 23 (MF = 27.753652): 2.445930e+03 seconds, 54054912 bytes of memory usage, 129632 kB of memory peak and 40:46 elapsed time
Statistics on the network after iteration 23 (MF = 27.753652)
	Number of nodes: 10859
	Number of allocated nodes: 11264
	Number of edges: 22748
	Maximum in degree: 203 (node 6461)
	Maximum out degree: 2330 (node 701)
	source 32 (node 701) with out degree 2330
	target 173 (node 6461) with in degree 203

Execution time and memory used at after iteration 24 (MF = 28.720490): 2.560650e+03 seconds, 54054912 bytes of memory usage, 129632 kB of memory peak and 42:41 elapsed time
Statistics on the network after iteration 24 (MF = 28.720490)
	Number of nodes: 10859
	Number of allocated nodes: 11264
	Number of edges: 22748
	Maximum in degree: 203 (node 6461)
	Maximum out degree: 2330 (node 701)
	source 32 (node 701) with out degree 2330
	target 173 (node 6461) with in degree 203

Execution time and memory used at after iteration 25 (MF = 28.146467): 2.602490e+03 seconds, 54054912 bytes of memory usage, 129632 kB of memory peak and 43:23 elapsed time
Statistics on the network after iteration 25 (MF = 28.146467)
	Number of nodes: 10859
	Number of allocated nodes: 11264
	Number of edges: 22748
	Maximum in degree: 203 (node 6461)
	Maximum out degree: 2330 (node 701)
	source 32 (node 701) with out degree 2330
	target 173 (node 6461) with in degree 203

Execution time and memory used at after iteration 26 (MF = 28.692854): 2.658280e+03 seconds, 75628544 bytes of memory usage, 129632 kB of memory peak and 44:19 elapsed time
Statistics on the network after iteration 26 (MF = 28.692854)
	Number of nodes: 10859
	Number of allocated nodes: 11264
	Number of edges: 22748
	Maximum in degree: 203 (node 6461)
	Maximum out degree: 2330 (node 701)
	source 32 (node 701) with out degree 2330
	target 173 (node 6461) with in degree 203

Execution time and memory used at after iteration 27 (MF = 27.963679): 2.735970e+03 seconds, 75628544 bytes of memory usage, 129632 kB of memory peak and 45:36 elapsed time
Statistics on the network after iteration 27 (MF = 27.963679)
	Number of nodes: 10859
	Number of allocated nodes: 11264
	Number of edges: 22748
	Maximum in degree: 203 (node 6461)
	Maximum out degree: 2330 (node 701)
	source 32 (node 701) with out degree 2330
	target 173 (node 6461) with in degree 203

Execution time and memory used at after iteration 28 (MF = 28.949072): 2.863780e+03 seconds, 75628544 bytes of memory usage, 129632 kB of memory peak and 47:44 elapsed time
Statistics on the network after iteration 28 (MF = 28.949072)
	Number of nodes: 10859
	Number of allocated nodes: 11264
	Number of edges: 22748
	Maximum in degree: 203 (node 6461)
	Maximum out degree: 2330 (node 701)
	source 32 (node 701) with out degree 2330
	target 173 (node 6461) with in degree 203

Execution time and memory used at after iteration 29 (MF = 28.686143): 2.966660e+03 seconds, 75628544 bytes of memory usage, 129632 kB of memory peak and 49:27 elapsed time
Statistics on the network after iteration 29 (MF = 28.686143)
	Number of nodes: 10859
	Number of allocated nodes: 11264
	Number of edges: 22748
	Maximum in degree: 203 (node 6461)
	Maximum out degree: 2330 (node 701)
	source 32 (node 701) with out degree 2330
	target 173 (node 6461) with in degree 203

Execution time and memory used at after iteration 30 (MF = 27.393999): 3.048310e+03 seconds, 75628544 bytes of memory usage, 129632 kB of memory peak and 50:49 elapsed time
Statistics on the network after iteration 30 (MF = 27.393999)
	Number of nodes: 10859
	Number of allocated nodes: 11264
	Number of edges: 22748
	Maximum in degree: 203 (node 6461)
	Maximum out degree: 2330 (node 701)
	source 32 (node 701) with out degree 2330
	target 173 (node 6461) with in degree 203

Execution time and memory used at after iteration 31 (MF = 27.224635): 3.083670e+03 seconds, 75628544 bytes of memory usage, 129632 kB of memory peak and 51:24 elapsed time
Statistics on the network after iteration 31 (MF = 27.224635)
	Number of nodes: 10859
	Number of allocated nodes: 11264
	Number of edges: 22748
	Maximum in degree: 203 (node 6461)
	Maximum out degree: 2330 (node 701)
	source 32 (node 701) with out degree 2330
	target 173 (node 6461) with in degree 203

Execution time and memory used at after iteration 32 (MF = 29.414923): 3.217760e+03 seconds, 75628544 bytes of memory usage, 134132 kB of memory peak and 53:38 elapsed time
Statistics on the network after iteration 32 (MF = 29.414923)
	Number of nodes: 10859
	Number of allocated nodes: 11264
	Number of edges: 22748
	Maximum in degree: 203 (node 6461)
	Maximum out degree: 2330 (node 701)
	source 32 (node 701) with out degree 2330
	target 173 (node 6461) with in degree 203

Execution time and memory used at after iteration 33 (MF = 29.004343): 3.625480e+03 seconds, 78008320 bytes of memory usage, 147012 kB of memory peak and 01:00:26 elapsed time
Statistics on the network after iteration 33 (MF = 29.004343)
	Number of nodes: 10859
	Number of allocated nodes: 11264
	Number of edges: 22748
	Maximum in degree: 203 (node 6461)
	Maximum out degree: 2330 (node 701)
	source 32 (node 701) with out degree 2330
	target 173 (node 6461) with in degree 203

Execution time and memory used at after iteration 34 (MF = 27.360442): 3.866910e+03 seconds, 75628544 bytes of memory usage, 147012 kB of memory peak and 01:04:27 elapsed time
Statistics on the network after iteration 34 (MF = 27.360442)
	Number of nodes: 10859
	Number of allocated nodes: 11264
	Number of edges: 22748
	Maximum in degree: 203 (node 6461)
	Maximum out degree: 2330 (node 701)
	source 32 (node 701) with out degree 2330
	target 173 (node 6461) with in degree 203

Execution time and memory used at after iteration 35 (MF = 28.343466): 4.081940e+03 seconds, 75628544 bytes of memory usage, 147012 kB of memory peak and 01:08:02 elapsed time
Statistics on the network after iteration 35 (MF = 28.343466)
	Number of nodes: 10859
	Number of allocated nodes: 11264
	Number of edges: 22748
	Maximum in degree: 203 (node 6461)
	Maximum out degree: 2330 (node 701)
	source 32 (node 701) with out degree 2330
	target 173 (node 6461) with in degree 203

Execution time and memory used at after iteration 36 (MF = 29.195026): 4.337050e+03 seconds, 75628544 bytes of memory usage, 147012 kB of memory peak and 01:12:18 elapsed time
Statistics on the network after iteration 36 (MF = 29.195026)
	Number of nodes: 10859
	Number of allocated nodes: 11264
	Number of edges: 22748
	Maximum in degree: 203 (node 6461)
	Maximum out degree: 2330 (node 701)
	source 32 (node 701) with out degree 2330
	target 173 (node 6461) with in degree 203

Execution time and memory used at after iteration 37 (MF = 27.470983): 4.562190e+03 seconds, 75628544 bytes of memory usage, 149484 kB of memory peak and 01:16:03 elapsed time
Statistics on the network after iteration 37 (MF = 27.470983)
	Number of nodes: 10859
	Number of allocated nodes: 11264
	Number of edges: 22748
	Maximum in degree: 203 (node 6461)
	Maximum out degree: 2330 (node 701)
	source 32 (node 701) with out degree 2330
	target 173 (node 6461) with in degree 203

Execution time and memory used at after iteration 38 (MF = 27.366759): 4.864640e+03 seconds, 75628544 bytes of memory usage, 185376 kB of memory peak and 01:21:05 elapsed time
Statistics on the network after iteration 38 (MF = 27.366759)
	Number of nodes: 10859
	Number of allocated nodes: 11264
	Number of edges: 22748
	Maximum in degree: 203 (node 6461)
	Maximum out degree: 2330 (node 701)
	source 32 (node 701) with out degree 2330
	target 173 (node 6461) with in degree 203

Execution time and memory used at after iteration 39 (MF = 27.078958): 5.054550e+03 seconds, 79405056 bytes of memory usage, 185376 kB of memory peak and 01:24:15 elapsed time
Statistics on the network after iteration 39 (MF = 27.078958)
	Number of nodes: 10859
	Number of allocated nodes: 11264
	Number of edges: 22748
	Maximum in degree: 203 (node 6461)
	Maximum out degree: 2330 (node 701)
	source 32 (node 701) with out degree 2330
	target 173 (node 6461) with in degree 203

Execution time and memory used at after iteration 40 (MF = 27.196605): 5.287690e+03 seconds, 79405056 bytes of memory usage, 185376 kB of memory peak and 01:28:08 elapsed time
Statistics on the network after iteration 40 (MF = 27.196605)
	Number of nodes: 10859
	Number of allocated nodes: 11264
	Number of edges: 22748
	Maximum in degree: 203 (node 6461)
	Maximum out degree: 2330 (node 701)
	source 32 (node 701) with out degree 2330
	target 173 (node 6461) with in degree 203

Execution time and memory used at after iteration 41 (MF = 27.801816): 5.591910e+03 seconds, 79405056 bytes of memory usage, 185376 kB of memory peak and 01:33:13 elapsed time
Statistics on the network after iteration 41 (MF = 27.801816)
	Number of nodes: 10859
	Number of allocated nodes: 11264
	Number of edges: 22748
	Maximum in degree: 203 (node 6461)
	Maximum out degree: 2330 (node 701)
	source 32 (node 701) with out degree 2330
	target 173 (node 6461) with in degree 203

Execution time and memory used at after iteration 42 (MF = 28.342677): 5.882850e+03 seconds, 79405056 bytes of memory usage, 185376 kB of memory peak and 01:38:03 elapsed time
Statistics on the network after iteration 42 (MF = 28.342677)
	Number of nodes: 10859
	Number of allocated nodes: 11264
	Number of edges: 22748
	Maximum in degree: 203 (node 6461)
	Maximum out degree: 2330 (node 701)
	source 32 (node 701) with out degree 2330
	target 173 (node 6461) with in degree 203

Execution time and memory used at after iteration 43 (MF = 28.228188): 6.371360e+03 seconds, 79405056 bytes of memory usage, 185376 kB of memory peak and 01:46:12 elapsed time
Statistics on the network after iteration 43 (MF = 28.228188)
	Number of nodes: 10859
	Number of allocated nodes: 11264
	Number of edges: 22748
	Maximum in degree: 203 (node 6461)
	Maximum out degree: 2330 (node 701)
	source 32 (node 701) with out degree 2330
	target 173 (node 6461) with in degree 203

Execution time and memory used at after iteration 44 (MF = 26.462298): 6.678550e+03 seconds, 146161664 bytes of memory usage, 290528 kB of memory peak and 01:51:19 elapsed time
Statistics on the network after iteration 44 (MF = 26.462298)
	Number of nodes: 10859
	Number of allocated nodes: 11264
	Number of edges: 22748
	Maximum in degree: 203 (node 6461)
	Maximum out degree: 2330 (node 701)
	source 32 (node 701) with out degree 2330
	target 173 (node 6461) with in degree 203

Execution time and memory used at after iteration 45 (MF = 27.222266): 6.870400e+03 seconds, 146161664 bytes of memory usage, 290528 kB of memory peak and 01:54:31 elapsed time
Statistics on the network after iteration 45 (MF = 27.222266)
	Number of nodes: 10859
	Number of allocated nodes: 11264
	Number of edges: 22748
	Maximum in degree: 203 (node 6461)
	Maximum out degree: 2330 (node 701)
	source 32 (node 701) with out degree 2330
	target 173 (node 6461) with in degree 203

Execution time and memory used at after iteration 46 (MF = 28.403869): 7.245420e+03 seconds, 146161664 bytes of memory usage, 290528 kB of memory peak and 02:00:46 elapsed time
Statistics on the network after iteration 46 (MF = 28.403869)
	Number of nodes: 10859
	Number of allocated nodes: 11264
	Number of edges: 22748
	Maximum in degree: 203 (node 6461)
	Maximum out degree: 2330 (node 701)
	source 32 (node 701) with out degree 2330
	target 173 (node 6461) with in degree 203

Execution time and memory used at after iteration 47 (MF = 26.699171): 7.522800e+03 seconds, 146161664 bytes of memory usage, 290528 kB of memory peak and 02:05:24 elapsed time
Statistics on the network after iteration 47 (MF = 26.699171)
	Number of nodes: 10859
	Number of allocated nodes: 11264
	Number of edges: 22748
	Maximum in degree: 203 (node 6461)
	Maximum out degree: 2330 (node 701)
	source 32 (node 701) with out degree 2330
	target 173 (node 6461) with in degree 203

Execution time and memory used at after iteration 48 (MF = 30.373865): 7.904240e+03 seconds, 146161664 bytes of memory usage, 290528 kB of memory peak and 02:11:45 elapsed time
Statistics on the network after iteration 48 (MF = 30.373865)
	Number of nodes: 10859
	Number of allocated nodes: 11264
	Number of edges: 22748
	Maximum in degree: 203 (node 6461)
	Maximum out degree: 2330 (node 701)
	source 32 (node 701) with out degree 2330
	target 173 (node 6461) with in degree 203

Execution time and memory used at after iteration 49 (MF = 29.272799): 8.299540e+03 seconds, 146161664 bytes of memory usage, 290528 kB of memory peak and 02:18:20 elapsed time
Statistics on the network after iteration 49 (MF = 29.272799)
	Number of nodes: 10859
	Number of allocated nodes: 11264
	Number of edges: 22748
	Maximum in degree: 203 (node 6461)
	Maximum out degree: 2330 (node 701)
	source 32 (node 701) with out degree 2330
	target 173 (node 6461) with in degree 203

Execution time and memory used at after iteration 50 (MF = 28.090012): 8.917860e+03 seconds, 146161664 bytes of memory usage, 290528 kB of memory peak and 02:28:39 elapsed time
Statistics on the network after iteration 50 (MF = 28.090012)
	Number of nodes: 10859
	Number of allocated nodes: 11264
	Number of edges: 22748
	Maximum in degree: 203 (node 6461)
	Maximum out degree: 2330 (node 701)
	source 32 (node 701) with out degree 2330
	target 173 (node 6461) with in degree 203

Execution time and memory used at after iteration 51 (MF = 30.178445): 9.738940e+03 seconds, 146161664 bytes of memory usage, 290528 kB of memory peak and 02:42:20 elapsed time
Statistics on the network after iteration 51 (MF = 30.178445)
	Number of nodes: 10859
	Number of allocated nodes: 11264
	Number of edges: 22748
	Maximum in degree: 203 (node 6461)
	Maximum out degree: 2330 (node 701)
	source 32 (node 701) with out degree 2330
	target 173 (node 6461) with in degree 203

Execution time and memory used at after iteration 52 (MF = 26.651796): 1.016331e+04 seconds, 146161664 bytes of memory usage, 290528 kB of memory peak and 02:49:24 elapsed time
Statistics on the network after iteration 52 (MF = 26.651796)
	Number of nodes: 10859
	Number of allocated nodes: 11264
	Number of edges: 22748
	Maximum in degree: 203 (node 6461)
	Maximum out degree: 2330 (node 701)
	source 32 (node 701) with out degree 2330
	target 173 (node 6461) with in degree 203

Execution time and memory used at after iteration 53 (MF = 28.343466): 1.050319e+04 seconds, 148406272 bytes of memory usage, 290528 kB of memory peak and 02:55:04 elapsed time
Statistics on the network after iteration 53 (MF = 28.343466)
	Number of nodes: 10859
	Number of allocated nodes: 11264
	Number of edges: 22748
	Maximum in degree: 203 (node 6461)
	Maximum out degree: 2330 (node 701)
	source 32 (node 701) with out degree 2330
	target 173 (node 6461) with in degree 203

Execution time and memory used at after iteration 54 (MF = 30.523885): 1.098654e+04 seconds, 146161664 bytes of memory usage, 290528 kB of memory peak and 03:03:07 elapsed time
Statistics on the network after iteration 54 (MF = 30.523885)
	Number of nodes: 10859
	Number of allocated nodes: 11264
	Number of edges: 22748
	Maximum in degree: 203 (node 6461)
	Maximum out degree: 2330 (node 701)
	source 32 (node 701) with out degree 2330
	target 173 (node 6461) with in degree 203

Execution time and memory used at after iteration 55 (MF = 28.243585): 1.154385e+04 seconds, 146161664 bytes of memory usage, 290528 kB of memory peak and 03:12:25 elapsed time
Statistics on the network after iteration 55 (MF = 28.243585)
	Number of nodes: 10859
	Number of allocated nodes: 11264
	Number of edges: 22748
	Maximum in degree: 203 (node 6461)
	Maximum out degree: 2330 (node 701)
	source 32 (node 701) with out degree 2330
	target 173 (node 6461) with in degree 203

Execution time and memory used at after iteration 56 (MF = 28.052507): 1.209130e+04 seconds, 146161664 bytes of memory usage, 290528 kB of memory peak and 03:21:32 elapsed time
Statistics on the network after iteration 56 (MF = 28.052507)
	Number of nodes: 10859
	Number of allocated nodes: 11264
	Number of edges: 22748
	Maximum in degree: 203 (node 6461)
	Maximum out degree: 2330 (node 701)
	source 32 (node 701) with out degree 2330
	target 173 (node 6461) with in degree 203

Execution time and memory used at after iteration 57 (MF = 28.699566): 1.271609e+04 seconds, 146161664 bytes of memory usage, 290528 kB of memory peak and 03:31:57 elapsed time
Statistics on the network after iteration 57 (MF = 28.699566)
	Number of nodes: 10859
	Number of allocated nodes: 11264
	Number of edges: 22748
	Maximum in degree: 203 (node 6461)
	Maximum out degree: 2330 (node 701)
	source 32 (node 701) with out degree 2330
	target 173 (node 6461) with in degree 203

Execution time and memory used at after iteration 58 (MF = 28.503750): 1.338370e+04 seconds, 146161664 bytes of memory usage, 290764 kB of memory peak and 03:43:05 elapsed time
Statistics on the network after iteration 58 (MF = 28.503750)
	Number of nodes: 10859
	Number of allocated nodes: 11264
	Number of edges: 22748
	Maximum in degree: 203 (node 6461)
	Maximum out degree: 2330 (node 701)
	source 32 (node 701) with out degree 2330
	target 173 (node 6461) with in degree 203

Execution time and memory used at after iteration 59 (MF = 28.155942): 1.424845e+04 seconds, 146161664 bytes of memory usage, 290764 kB of memory peak and 03:57:30 elapsed time
Statistics on the network after iteration 59 (MF = 28.155942)
	Number of nodes: 10859
	Number of allocated nodes: 11264
	Number of edges: 22748
	Maximum in degree: 203 (node 6461)
	Maximum out degree: 2330 (node 701)
	source 32 (node 701) with out degree 2330
	target 173 (node 6461) with in degree 203

Execution time and memory used at after iteration 60 (MF = 29.906830): 1.513978e+04 seconds, 146161664 bytes of memory usage, 290764 kB of memory peak and 04:12:21 elapsed time
Statistics on the network after iteration 60 (MF = 29.906830)
	Number of nodes: 10859
	Number of allocated nodes: 11264
	Number of edges: 22748
	Maximum in degree: 203 (node 6461)
	Maximum out degree: 2330 (node 701)
	source 32 (node 701) with out degree 2330
	target 173 (node 6461) with in degree 203

Execution time and memory used at after iteration 61 (MF = 30.340703): 1.613887e+04 seconds, 146161664 bytes of memory usage, 290764 kB of memory peak and 04:29:00 elapsed time
Statistics on the network after iteration 61 (MF = 30.340703)
	Number of nodes: 10859
	Number of allocated nodes: 11264
	Number of edges: 22748
	Maximum in degree: 203 (node 6461)
	Maximum out degree: 2330 (node 701)
	source 32 (node 701) with out degree 2330
	target 173 (node 6461) with in degree 203

Execution time and memory used at after iteration 62 (MF = 29.995263): 1.725715e+04 seconds, 146161664 bytes of memory usage, 290764 kB of memory peak and 04:47:38 elapsed time
Statistics on the network after iteration 62 (MF = 29.995263)
	Number of nodes: 10859
	Number of allocated nodes: 11264
	Number of edges: 22748
	Maximum in degree: 203 (node 6461)
	Maximum out degree: 2330 (node 701)
	source 32 (node 701) with out degree 2330
	target 173 (node 6461) with in degree 203

Execution time and memory used at after iteration 63 (MF = 27.977892): 1.846635e+04 seconds, 146161664 bytes of memory usage, 447064 kB of memory peak and 05:07:48 elapsed time
Statistics on the network after iteration 63 (MF = 27.977892)
	Number of nodes: 10859
	Number of allocated nodes: 11264
	Number of edges: 22748
	Maximum in degree: 203 (node 6461)
	Maximum out degree: 2330 (node 701)
	source 32 (node 701) with out degree 2330
	target 173 (node 6461) with in degree 203

Execution time and memory used at after iteration 64 (MF = 28.586656): 1.957083e+04 seconds, 146161664 bytes of memory usage, 447064 kB of memory peak and 05:26:12 elapsed time
Statistics on the network after iteration 64 (MF = 28.586656)
	Number of nodes: 10859
	Number of allocated nodes: 11264
	Number of edges: 22748
	Maximum in degree: 203 (node 6461)
	Maximum out degree: 2330 (node 701)
	source 32 (node 701) with out degree 2330
	target 173 (node 6461) with in degree 203

Execution time and memory used at after iteration 65 (MF = 29.479274): 2.072696e+04 seconds, 146161664 bytes of memory usage, 447064 kB of memory peak and 05:45:28 elapsed time
Statistics on the network after iteration 65 (MF = 29.479274)
	Number of nodes: 10859
	Number of allocated nodes: 11264
	Number of edges: 22748
	Maximum in degree: 203 (node 6461)
	Maximum out degree: 2330 (node 701)
	source 32 (node 701) with out degree 2330
	target 173 (node 6461) with in degree 203

Execution time and memory used at after iteration 66 (MF = 27.238452): 2.157638e+04 seconds, 146161664 bytes of memory usage, 447064 kB of memory peak and 05:59:38 elapsed time
Statistics on the network after iteration 66 (MF = 27.238452)
	Number of nodes: 10859
	Number of allocated nodes: 11264
	Number of edges: 22748
	Maximum in degree: 203 (node 6461)
	Maximum out degree: 2330 (node 701)
	source 32 (node 701) with out degree 2330
	target 173 (node 6461) with in degree 203

Execution time and memory used at after iteration 67 (MF = 26.605211): 2.196742e+04 seconds, 146161664 bytes of memory usage, 447064 kB of memory peak and 06:06:09 elapsed time
Statistics on the network after iteration 67 (MF = 26.605211)
	Number of nodes: 10859
	Number of allocated nodes: 11264
	Number of edges: 22748
	Maximum in degree: 203 (node 6461)
	Maximum out degree: 2330 (node 701)
	source 32 (node 701) with out degree 2330
	target 173 (node 6461) with in degree 203

Execution time and memory used at after iteration 68 (MF = 28.073826): 2.246422e+04 seconds, 146161664 bytes of memory usage, 447064 kB of memory peak and 06:14:26 elapsed time
Statistics on the network after iteration 68 (MF = 28.073826)
	Number of nodes: 10859
	Number of allocated nodes: 11264
	Number of edges: 22748
	Maximum in degree: 203 (node 6461)
	Maximum out degree: 2330 (node 701)
	source 32 (node 701) with out degree 2330
	target 173 (node 6461) with in degree 203

Execution time and memory used at after iteration 69 (MF = 28.139755): 2.346649e+04 seconds, 146161664 bytes of memory usage, 447064 kB of memory peak and 06:31:08 elapsed time
Statistics on the network after iteration 69 (MF = 28.139755)
	Number of nodes: 10859
	Number of allocated nodes: 11264
	Number of edges: 22748
	Maximum in degree: 203 (node 6461)
	Maximum out degree: 2330 (node 701)
	source 32 (node 701) with out degree 2330
	target 173 (node 6461) with in degree 203

Execution time and memory used at after iteration 70 (MF = 31.311488): 2.457636e+04 seconds, 146161664 bytes of memory usage, 447064 kB of memory peak and 06:49:38 elapsed time
Statistics on the network after iteration 70 (MF = 31.311488)
	Number of nodes: 10859
	Number of allocated nodes: 11264
	Number of edges: 22748
	Maximum in degree: 203 (node 6461)
	Maximum out degree: 2330 (node 701)
	source 32 (node 701) with out degree 2330
	target 173 (node 6461) with in degree 203

Execution time and memory used at after iteration 71 (MF = 31.332017): 2.597958e+04 seconds, 147644416 bytes of memory usage, 447064 kB of memory peak and 07:13:01 elapsed time
Statistics on the network after iteration 71 (MF = 31.332017)
	Number of nodes: 10859
	Number of allocated nodes: 11264
	Number of edges: 22748
	Maximum in degree: 203 (node 6461)
	Maximum out degree: 2330 (node 701)
	source 32 (node 701) with out degree 2330
	target 173 (node 6461) with in degree 203

Execution time and memory used at after iteration 72 (MF = 32.149625): 2.741705e+04 seconds, 147812352 bytes of memory usage, 447064 kB of memory peak and 07:36:59 elapsed time
Statistics on the network after iteration 72 (MF = 32.149625)
	Number of nodes: 10859
	Number of allocated nodes: 11264
	Number of edges: 22748
	Maximum in degree: 203 (node 6461)
	Maximum out degree: 2330 (node 701)
	source 32 (node 701) with out degree 2330
	target 173 (node 6461) with in degree 203

Execution time and memory used at after iteration 73 (MF = 30.447690): 2.898146e+04 seconds, 147587072 bytes of memory usage, 447064 kB of memory peak and 08:03:04 elapsed time
Statistics on the network after iteration 73 (MF = 30.447690)
	Number of nodes: 10859
	Number of allocated nodes: 11264
	Number of edges: 22748
	Maximum in degree: 203 (node 6461)
	Maximum out degree: 2330 (node 701)
	source 32 (node 701) with out degree 2330
	target 173 (node 6461) with in degree 203

Execution time and memory used at after iteration 74 (MF = 29.566127): 3.053221e+04 seconds, 147136512 bytes of memory usage, 447064 kB of memory peak and 08:28:55 elapsed time
Statistics on the network after iteration 74 (MF = 29.566127)
	Number of nodes: 10859
	Number of allocated nodes: 11264
	Number of edges: 22748
	Maximum in degree: 203 (node 6461)
	Maximum out degree: 2330 (node 701)
	source 32 (node 701) with out degree 2330
	target 173 (node 6461) with in degree 203

Execution time and memory used at after iteration 75 (MF = 30.593368): 3.220647e+04 seconds, 146219008 bytes of memory usage, 447064 kB of memory peak and 08:56:49 elapsed time
Statistics on the network after iteration 75 (MF = 30.593368)
	Number of nodes: 10859
	Number of allocated nodes: 11264
	Number of edges: 22748
	Maximum in degree: 203 (node 6461)
	Maximum out degree: 2330 (node 701)
	source 32 (node 701) with out degree 2330
	target 173 (node 6461) with in degree 203

Execution time and memory used at after iteration 76 (MF = 30.512831): 3.395934e+04 seconds, 146878464 bytes of memory usage, 447064 kB of memory peak and 09:26:02 elapsed time
Statistics on the network after iteration 76 (MF = 30.512831)
	Number of nodes: 10859
	Number of allocated nodes: 11264
	Number of edges: 22748
	Maximum in degree: 203 (node 6461)
	Maximum out degree: 2330 (node 701)
	source 32 (node 701) with out degree 2330
	target 173 (node 6461) with in degree 203

Execution time and memory used at after iteration 77 (MF = 31.885116): 3.572381e+04 seconds, 148594688 bytes of memory usage, 447064 kB of memory peak and 09:55:26 elapsed time
Statistics on the network after iteration 77 (MF = 31.885116)
	Number of nodes: 10859
	Number of allocated nodes: 11264
	Number of edges: 22748
	Maximum in degree: 203 (node 6461)
	Maximum out degree: 2330 (node 701)
	source 32 (node 701) with out degree 2330
	target 173 (node 6461) with in degree 203

Execution time and memory used at after iteration 78 (MF = 30.666798): 3.749349e+04 seconds, 147386368 bytes of memory usage, 447064 kB of memory peak and 10:24:56 elapsed time
Statistics on the network after iteration 78 (MF = 30.666798)
	Number of nodes: 10859
	Number of allocated nodes: 11264
	Number of edges: 22748
	Maximum in degree: 203 (node 6461)
	Maximum out degree: 2330 (node 701)
	source 32 (node 701) with out degree 2330
	target 173 (node 6461) with in degree 203

Execution time and memory used at after iteration 79 (MF = 29.551520): 3.940124e+04 seconds, 148336640 bytes of memory usage, 447064 kB of memory peak and 10:56:44 elapsed time
Statistics on the network after iteration 79 (MF = 29.551520)
	Number of nodes: 10859
	Number of allocated nodes: 11264
	Number of edges: 22748
	Maximum in degree: 203 (node 6461)
	Maximum out degree: 2330 (node 701)
	source 32 (node 701) with out degree 2330
	target 173 (node 6461) with in degree 203

Execution time and memory used at after iteration 80 (MF = 28.751678): 4.123451e+04 seconds, 146161664 bytes of memory usage, 447064 kB of memory peak and 11:27:17 elapsed time
Statistics on the network after iteration 80 (MF = 28.751678)
	Number of nodes: 10859
	Number of allocated nodes: 11264
	Number of edges: 22748
	Maximum in degree: 203 (node 6461)
	Maximum out degree: 2330 (node 701)
	source 32 (node 701) with out degree 2330
	target 173 (node 6461) with in degree 203

Execution time and memory used at after iteration 81 (MF = 28.828662): 4.299823e+04 seconds, 146161664 bytes of memory usage, 527796 kB of memory peak and 11:56:41 elapsed time
Statistics on the network after iteration 81 (MF = 28.828662)
	Number of nodes: 10859
	Number of allocated nodes: 11264
	Number of edges: 22748
	Maximum in degree: 203 (node 6461)
	Maximum out degree: 2330 (node 701)
	source 32 (node 701) with out degree 2330
	target 173 (node 6461) with in degree 203

Execution time and memory used at after iteration 82 (MF = 27.778523): 4.635428e+04 seconds, 146587648 bytes of memory usage, 527796 kB of memory peak and 12:52:38 elapsed time
Statistics on the network after iteration 82 (MF = 27.778523)
	Number of nodes: 10859
	Number of allocated nodes: 11264
	Number of edges: 22748
	Maximum in degree: 203 (node 6461)
	Maximum out degree: 2330 (node 701)
	source 32 (node 701) with out degree 2330
	target 173 (node 6461) with in degree 203

Execution time and memory used at after iteration 83 (MF = 27.477300): 4.915228e+04 seconds, 146161664 bytes of memory usage, 527796 kB of memory peak and 13:39:16 elapsed time
Statistics on the network after iteration 83 (MF = 27.477300)
	Number of nodes: 10859
	Number of allocated nodes: 11264
	Number of edges: 22748
	Maximum in degree: 203 (node 6461)
	Maximum out degree: 2330 (node 701)
	source 32 (node 701) with out degree 2330
	target 173 (node 6461) with in degree 203

Execution time and memory used at after iteration 84 (MF = 31.287801): 5.206996e+04 seconds, 146161664 bytes of memory usage, 527796 kB of memory peak and 14:27:54 elapsed time
Statistics on the network after iteration 84 (MF = 31.287801)
	Number of nodes: 10859
	Number of allocated nodes: 11264
	Number of edges: 22748
	Maximum in degree: 203 (node 6461)
	Maximum out degree: 2330 (node 701)
	source 32 (node 701) with out degree 2330
	target 173 (node 6461) with in degree 203

Execution time and memory used at after iteration 85 (MF = 29.628109): 5.526322e+04 seconds, 146161664 bytes of memory usage, 527796 kB of memory peak and 15:21:07 elapsed time
Statistics on the network after iteration 85 (MF = 29.628109)
	Number of nodes: 10859
	Number of allocated nodes: 11264
	Number of edges: 22748
	Maximum in degree: 203 (node 6461)
	Maximum out degree: 2330 (node 701)
	source 32 (node 701) with out degree 2330
	target 173 (node 6461) with in degree 203

Execution time and memory used at after iteration 86 (MF = 30.987367): 5.848353e+04 seconds, 146161664 bytes of memory usage, 527796 kB of memory peak and 16:14:48 elapsed time
Statistics on the network after iteration 86 (MF = 30.987367)
	Number of nodes: 10859
	Number of allocated nodes: 11264
	Number of edges: 22748
	Maximum in degree: 203 (node 6461)
	Maximum out degree: 2330 (node 701)
	source 32 (node 701) with out degree 2330
	target 173 (node 6461) with in degree 203

Execution time and memory used at after iteration 87 (MF = 32.577971): 6.170433e+04 seconds, 146161664 bytes of memory usage, 527796 kB of memory peak and 17:08:29 elapsed time
Statistics on the network after iteration 87 (MF = 32.577971)
	Number of nodes: 10859
	Number of allocated nodes: 11264
	Number of edges: 22748
	Maximum in degree: 203 (node 6461)
	Maximum out degree: 2330 (node 701)
	source 32 (node 701) with out degree 2330
	target 173 (node 6461) with in degree 203

Execution time and memory used at after iteration 88 (MF = 27.692065): 6.540850e+04 seconds, 146161664 bytes of memory usage, 596936 kB of memory peak and 18:10:13 elapsed time
Statistics on the network after iteration 88 (MF = 27.692065)
	Number of nodes: 10859
	Number of allocated nodes: 11264
	Number of edges: 22748
	Maximum in degree: 203 (node 6461)
	Maximum out degree: 2330 (node 701)
	source 32 (node 701) with out degree 2330
	target 173 (node 6461) with in degree 203

Execution time and memory used at after iteration 89 (MF = 31.320963): 6.916368e+04 seconds, 146161664 bytes of memory usage, 596936 kB of memory peak and 19:12:49 elapsed time
Statistics on the network after iteration 89 (MF = 31.320963)
	Number of nodes: 10859
	Number of allocated nodes: 11264
	Number of edges: 22748
	Maximum in degree: 203 (node 6461)
	Maximum out degree: 2330 (node 701)
	source 32 (node 701) with out degree 2330
	target 173 (node 6461) with in degree 203

Execution time and memory used at after iteration 90 (MF = 29.891433): 7.297885e+04 seconds, 146161664 bytes of memory usage, 596936 kB of memory peak and 20:16:24 elapsed time
Statistics on the network after iteration 90 (MF = 29.891433)
	Number of nodes: 10859
	Number of allocated nodes: 11264
	Number of edges: 22748
	Maximum in degree: 203 (node 6461)
	Maximum out degree: 2330 (node 701)
	source 32 (node 701) with out degree 2330
	target 173 (node 6461) with in degree 203

Execution time and memory used at after iteration 91 (MF = 29.602053): 7.709598e+04 seconds, 146161664 bytes of memory usage, 596936 kB of memory peak and 21:25:02 elapsed time
Statistics on the network after iteration 91 (MF = 29.602053)
	Number of nodes: 10859
	Number of allocated nodes: 11264
	Number of edges: 22748
	Maximum in degree: 203 (node 6461)
	Maximum out degree: 2330 (node 701)
	source 32 (node 701) with out degree 2330
	target 173 (node 6461) with in degree 203

Execution time and memory used at after iteration 92 (MF = 28.350967): 8.122444e+04 seconds, 146161664 bytes of memory usage, 596936 kB of memory peak and 22:33:51 elapsed time
Statistics on the network after iteration 92 (MF = 28.350967)
	Number of nodes: 10859
	Number of allocated nodes: 11264
	Number of edges: 22748
	Maximum in degree: 203 (node 6461)
	Maximum out degree: 2330 (node 701)
	source 32 (node 701) with out degree 2330
	target 173 (node 6461) with in degree 203

Execution time and memory used at after iteration 93 (MF = 30.564153): 8.536731e+04 seconds, 146161664 bytes of memory usage, 596936 kB of memory peak and 23:42:54 elapsed time
Statistics on the network after iteration 93 (MF = 30.564153)
	Number of nodes: 10859
	Number of allocated nodes: 11264
	Number of edges: 22748
	Maximum in degree: 203 (node 6461)
	Maximum out degree: 2330 (node 701)
	source 32 (node 701) with out degree 2330
	target 173 (node 6461) with in degree 203

Execution time and memory used at after iteration 94 (MF = 29.379787): 8.982349e+04 seconds, 146161664 bytes of memory usage, 596936 kB of memory peak and 1-00:57:10 elapsed time
Statistics on the network after iteration 94 (MF = 29.379787)
	Number of nodes: 10859
	Number of allocated nodes: 11264
	Number of edges: 22748
	Maximum in degree: 203 (node 6461)
	Maximum out degree: 2330 (node 701)
	source 32 (node 701) with out degree 2330
	target 173 (node 6461) with in degree 203

Execution time and memory used at after iteration 95 (MF = 28.132254): 9.454223e+04 seconds, 146161664 bytes of memory usage, 821364 kB of memory peak and 1-02:15:50 elapsed time
Statistics on the network after iteration 95 (MF = 28.132254)
	Number of nodes: 10859
	Number of allocated nodes: 11264
	Number of edges: 22748
	Maximum in degree: 203 (node 6461)
	Maximum out degree: 2330 (node 701)
	source 32 (node 701) with out degree 2330
	target 173 (node 6461) with in degree 203

Execution time and memory used at after iteration 96 (MF = 30.534149): 9.937787e+04 seconds, 146161664 bytes of memory usage, 824492 kB of memory peak and 1-03:36:26 elapsed time
Statistics on the network after iteration 96 (MF = 30.534149)
	Number of nodes: 10859
	Number of allocated nodes: 11264
	Number of edges: 22748
	Maximum in degree: 203 (node 6461)
	Maximum out degree: 2330 (node 701)
	source 32 (node 701) with out degree 2330
	target 173 (node 6461) with in degree 203

Execution time and memory used at after iteration 97 (MF = 31.637584): 1.042340e+05 seconds, 146161664 bytes of memory usage, 824716 kB of memory peak and 1-04:57:22 elapsed time
Statistics on the network after iteration 97 (MF = 31.637584)
	Number of nodes: 10859
	Number of allocated nodes: 11264
	Number of edges: 22748
	Maximum in degree: 203 (node 6461)
	Maximum out degree: 2330 (node 701)
	source 32 (node 701) with out degree 2330
	target 173 (node 6461) with in degree 203

Execution time and memory used at after iteration 98 (MF = 31.637189): 1.095071e+05 seconds, 146161664 bytes of memory usage, 834432 kB of memory peak and 1-06:25:16 elapsed time
Statistics on the network after iteration 98 (MF = 31.637189)
	Number of nodes: 10859
	Number of allocated nodes: 11264
	Number of edges: 22748
	Maximum in degree: 203 (node 6461)
	Maximum out degree: 2330 (node 701)
	source 32 (node 701) with out degree 2330
	target 173 (node 6461) with in degree 203

Execution time and memory used at after iteration 99 (MF = 29.401105): 1.148845e+05 seconds, 146161664 bytes of memory usage, 841224 kB of memory peak and 1-07:54:54 elapsed time
Statistics on the network after iteration 99 (MF = 29.401105)
	Number of nodes: 10859
	Number of allocated nodes: 11264
	Number of edges: 22748
	Maximum in degree: 203 (node 6461)
	Maximum out degree: 2330 (node 701)
	source 32 (node 701) with out degree 2330
	target 173 (node 6461) with in degree 203

Execution time and memory used at after iteration 100 (MF = 30.534149): 1.205004e+05 seconds, 146161664 bytes of memory usage, 841520 kB of memory peak and 1-09:28:30 elapsed time
Statistics on the network after iteration 100 (MF = 30.534149)
	Number of nodes: 10859
	Number of allocated nodes: 11264
	Number of edges: 22748
	Maximum in degree: 203 (node 6461)
	Maximum out degree: 2330 (node 701)
	source 32 (node 701) with out degree 2330
	target 173 (node 6461) with in degree 203

Execution time and memory used at after iteration 101 (MF = 26.979471): 1.235798e+05 seconds, 146161664 bytes of memory usage, 841520 kB of memory peak and 1-10:19:50 elapsed time
Statistics on the network after iteration 101 (MF = 26.979471)
	Number of nodes: 10859
	Number of allocated nodes: 11264
	Number of edges: 22748
	Maximum in degree: 203 (node 6461)
	Maximum out degree: 2330 (node 701)
	source 32 (node 701) with out degree 2330
	target 173 (node 6461) with in degree 203

Execution time and memory used at after iteration 102 (MF = 31.350178): 1.269959e+05 seconds, 146161664 bytes of memory usage, 841520 kB of memory peak and 1-11:16:46 elapsed time
Statistics on the network after iteration 102 (MF = 31.350178)
	Number of nodes: 10859
	Number of allocated nodes: 11264
	Number of edges: 22748
	Maximum in degree: 203 (node 6461)
	Maximum out degree: 2330 (node 701)
	source 32 (node 701) with out degree 2330
	target 173 (node 6461) with in degree 203

Execution time and memory used at after iteration 103 (MF = 29.750888): 1.307070e+05 seconds, 146161664 bytes of memory usage, 841520 kB of memory peak and 1-12:18:37 elapsed time
Statistics on the network after iteration 103 (MF = 29.750888)
	Number of nodes: 10859
	Number of allocated nodes: 11264
	Number of edges: 22748
	Maximum in degree: 203 (node 6461)
	Maximum out degree: 2330 (node 701)
	source 32 (node 701) with out degree 2330
	target 173 (node 6461) with in degree 203

Execution time and memory used at after iteration 104 (MF = 32.045401): 1.344835e+05 seconds, 146198528 bytes of memory usage, 841520 kB of memory peak and 1-13:21:34 elapsed time
Statistics on the network after iteration 104 (MF = 32.045401)
	Number of nodes: 10859
	Number of allocated nodes: 11264
	Number of edges: 22748
	Maximum in degree: 203 (node 6461)
	Maximum out degree: 2330 (node 701)
	source 32 (node 701) with out degree 2330
	target 173 (node 6461) with in degree 203

Execution time and memory used at after iteration 105 (MF = 31.402685): 1.383519e+05 seconds, 146161664 bytes of memory usage, 841520 kB of memory peak and 1-14:26:03 elapsed time
Statistics on the network after iteration 105 (MF = 31.402685)
	Number of nodes: 10859
	Number of allocated nodes: 11264
	Number of edges: 22748
	Maximum in degree: 203 (node 6461)
	Maximum out degree: 2330 (node 701)
	source 32 (node 701) with out degree 2330
	target 173 (node 6461) with in degree 203

Execution time and memory used at after iteration 106 (MF = 27.708251): 1.412644e+05 seconds, 146161664 bytes of memory usage, 841520 kB of memory peak and 1-15:14:35 elapsed time
Statistics on the network after iteration 106 (MF = 27.708251)
	Number of nodes: 10859
	Number of allocated nodes: 11264
	Number of edges: 22748
	Maximum in degree: 203 (node 6461)
	Maximum out degree: 2330 (node 701)
	source 32 (node 701) with out degree 2330
	target 173 (node 6461) with in degree 203

Execution time and memory used at after iteration 107 (MF = 26.402685): 1.429992e+05 seconds, 146161664 bytes of memory usage, 841520 kB of memory peak and 1-15:43:30 elapsed time
Statistics on the network after iteration 107 (MF = 26.402685)
	Number of nodes: 10859
	Number of allocated nodes: 11264
	Number of edges: 22748
	Maximum in degree: 203 (node 6461)
	Maximum out degree: 2330 (node 701)
	source 32 (node 701) with out degree 2330
	target 173 (node 6461) with in degree 203

Execution time and memory used at after iteration 108 (MF = 29.157521): 1.447098e+05 seconds, 146161664 bytes of memory usage, 841520 kB of memory peak and 1-16:12:01 elapsed time
Statistics on the network after iteration 108 (MF = 29.157521)
	Number of nodes: 10859
	Number of allocated nodes: 11264
	Number of edges: 22748
	Maximum in degree: 203 (node 6461)
	Maximum out degree: 2330 (node 701)
	source 32 (node 701) with out degree 2330
	target 173 (node 6461) with in degree 203

Execution time and memory used at after iteration 109 (MF = 29.449270): 1.464578e+05 seconds, 146161664 bytes of memory usage, 841520 kB of memory peak and 1-16:41:09 elapsed time
Statistics on the network after iteration 109 (MF = 29.449270)
	Number of nodes: 10859
	Number of allocated nodes: 11264
	Number of edges: 22748
	Maximum in degree: 203 (node 6461)
	Maximum out degree: 2330 (node 701)
	source 32 (node 701) with out degree 2330
	target 173 (node 6461) with in degree 203

Execution time and memory used at after iteration 110 (MF = 31.297276): 1.482237e+05 seconds, 146161664 bytes of memory usage, 841520 kB of memory peak and 1-17:10:35 elapsed time
Statistics on the network after iteration 110 (MF = 31.297276)
	Number of nodes: 10859
	Number of allocated nodes: 11264
	Number of edges: 22748
	Maximum in degree: 203 (node 6461)
	Maximum out degree: 2330 (node 701)
	source 32 (node 701) with out degree 2330
	target 173 (node 6461) with in degree 203

Execution time and memory used at after iteration 111 (MF = 27.633241): 1.515131e+05 seconds, 146161664 bytes of memory usage, 841520 kB of memory peak and 1-18:05:25 elapsed time
Statistics on the network after iteration 111 (MF = 27.633241)
	Number of nodes: 10859
	Number of allocated nodes: 11264
	Number of edges: 22748
	Maximum in degree: 203 (node 6461)
	Maximum out degree: 2330 (node 701)
	source 32 (node 701) with out degree 2330
	target 173 (node 6461) with in degree 203

Execution time and memory used at after iteration 112 (MF = 30.305567): 1.550222e+05 seconds, 146161664 bytes of memory usage, 841520 kB of memory peak and 1-19:03:54 elapsed time
Statistics on the network after iteration 112 (MF = 30.305567)
	Number of nodes: 10859
	Number of allocated nodes: 11264
	Number of edges: 22748
	Maximum in degree: 203 (node 6461)
	Maximum out degree: 2330 (node 701)
	source 32 (node 701) with out degree 2330
	target 173 (node 6461) with in degree 203

Execution time and memory used at after iteration 113 (MF = 29.287406): 1.585252e+05 seconds, 146161664 bytes of memory usage, 841520 kB of memory peak and 1-20:02:18 elapsed time
Statistics on the network after iteration 113 (MF = 29.287406)
	Number of nodes: 10859
	Number of allocated nodes: 11264
	Number of edges: 22748
	Maximum in degree: 203 (node 6461)
	Maximum out degree: 2330 (node 701)
	source 32 (node 701) with out degree 2330
	target 173 (node 6461) with in degree 203

Execution time and memory used at after iteration 114 (MF = 29.013028): 1.622883e+05 seconds, 146161664 bytes of memory usage, 841520 kB of memory peak and 1-21:05:01 elapsed time
Statistics on the network after iteration 114 (MF = 29.013028)
	Number of nodes: 10859
	Number of allocated nodes: 11264
	Number of edges: 22748
	Maximum in degree: 203 (node 6461)
	Maximum out degree: 2330 (node 701)
	source 32 (node 701) with out degree 2330
	target 173 (node 6461) with in degree 203

Execution time and memory used at after iteration 115 (MF = 30.893802): 1.661316e+05 seconds, 146161664 bytes of memory usage, 841520 kB of memory peak and 1-22:09:05 elapsed time
Statistics on the network after iteration 115 (MF = 30.893802)
	Number of nodes: 10859
	Number of allocated nodes: 11264
	Number of edges: 22748
	Maximum in degree: 203 (node 6461)
	Maximum out degree: 2330 (node 701)
	source 32 (node 701) with out degree 2330
	target 173 (node 6461) with in degree 203

Execution time and memory used at after iteration 116 (MF = 30.281090): 1.700836e+05 seconds, 146161664 bytes of memory usage, 841520 kB of memory peak and 1-23:14:57 elapsed time
Statistics on the network after iteration 116 (MF = 30.281090)
	Number of nodes: 10859
	Number of allocated nodes: 11264
	Number of edges: 22748
	Maximum in degree: 203 (node 6461)
	Maximum out degree: 2330 (node 701)
	source 32 (node 701) with out degree 2330
	target 173 (node 6461) with in degree 203

Execution time and memory used at after iteration 117 (MF = 30.005527): 1.791876e+05 seconds, 146161664 bytes of memory usage, 841520 kB of memory peak and 2-01:46:42 elapsed time
Statistics on the network after iteration 117 (MF = 30.005527)
	Number of nodes: 10859
	Number of allocated nodes: 11264
	Number of edges: 22748
	Maximum in degree: 203 (node 6461)
	Maximum out degree: 2330 (node 701)
	source 32 (node 701) with out degree 2330
	target 173 (node 6461) with in degree 203

Execution time and memory used at after iteration 118 (MF = 29.226214): 1.833860e+05 seconds, 146161664 bytes of memory usage, 841520 kB of memory peak and 2-02:56:41 elapsed time
Statistics on the network after iteration 118 (MF = 29.226214)
	Number of nodes: 10859
	Number of allocated nodes: 11264
	Number of edges: 22748
	Maximum in degree: 203 (node 6461)
	Maximum out degree: 2330 (node 701)
	source 32 (node 701) with out degree 2330
	target 173 (node 6461) with in degree 203

Execution time and memory used at after iteration 119 (MF = 33.060403): 1.876785e+05 seconds, 146161664 bytes of memory usage, 841520 kB of memory peak and 2-04:08:14 elapsed time
Statistics on the network after iteration 119 (MF = 33.060403)
	Number of nodes: 10859
	Number of allocated nodes: 11264
	Number of edges: 22748
	Maximum in degree: 203 (node 6461)
	Maximum out degree: 2330 (node 701)
	source 32 (node 701) with out degree 2330
	target 173 (node 6461) with in degree 203

Execution time and memory used at after iteration 120 (MF = 31.176471): 1.926007e+05 seconds, 146161664 bytes of memory usage, 841520 kB of memory peak and 2-05:30:16 elapsed time
Statistics on the network after iteration 120 (MF = 31.176471)
	Number of nodes: 10859
	Number of allocated nodes: 11264
	Number of edges: 22748
	Maximum in degree: 203 (node 6461)
	Maximum out degree: 2330 (node 701)
	source 32 (node 701) with out degree 2330
	target 173 (node 6461) with in degree 203

Execution time and memory used at after iteration 121 (MF = 30.823135): 1.977384e+05 seconds, 146161664 bytes of memory usage, 841520 kB of memory peak and 2-06:55:54 elapsed time
Statistics on the network after iteration 121 (MF = 30.823135)
	Number of nodes: 10859
	Number of allocated nodes: 11264
	Number of edges: 22748
	Maximum in degree: 203 (node 6461)
	Maximum out degree: 2330 (node 701)
	source 32 (node 701) with out degree 2330
	target 173 (node 6461) with in degree 203

Execution time and memory used at after iteration 122 (MF = 30.002369): 2.028468e+05 seconds, 146161664 bytes of memory usage, 841520 kB of memory peak and 2-08:21:03 elapsed time
Statistics on the network after iteration 122 (MF = 30.002369)
	Number of nodes: 10859
	Number of allocated nodes: 11264
	Number of edges: 22748
	Maximum in degree: 203 (node 6461)
	Maximum out degree: 2330 (node 701)
	source 32 (node 701) with out degree 2330
	target 173 (node 6461) with in degree 203

Execution time and memory used at after iteration 123 (MF = 26.858271): 2.054792e+05 seconds, 146161664 bytes of memory usage, 841520 kB of memory peak and 2-09:04:56 elapsed time
Statistics on the network after iteration 123 (MF = 26.858271)
	Number of nodes: 10859
	Number of allocated nodes: 11264
	Number of edges: 22748
	Maximum in degree: 203 (node 6461)
	Maximum out degree: 2330 (node 701)
	source 32 (node 701) with out degree 2330
	target 173 (node 6461) with in degree 203

Execution time and memory used at after iteration 124 (MF = 30.647848): 2.088289e+05 seconds, 146161664 bytes of memory usage, 841520 kB of memory peak and 2-10:00:45 elapsed time
Statistics on the network after iteration 124 (MF = 30.647848)
	Number of nodes: 10859
	Number of allocated nodes: 11264
	Number of edges: 22748
	Maximum in degree: 203 (node 6461)
	Maximum out degree: 2330 (node 701)
	source 32 (node 701) with out degree 2330
	target 173 (node 6461) with in degree 203

Execution time and memory used at after iteration 125 (MF = 32.722069): 2.123100e+05 seconds, 146161664 bytes of memory usage, 841520 kB of memory peak and 2-10:58:47 elapsed time
Statistics on the network after iteration 125 (MF = 32.722069)
	Number of nodes: 10859
	Number of allocated nodes: 11264
	Number of edges: 22748
	Maximum in degree: 203 (node 6461)
	Maximum out degree: 2330 (node 701)
	source 32 (node 701) with out degree 2330
	target 173 (node 6461) with in degree 203

Execution time and memory used at after iteration 126 (MF = 30.653770): 2.159586e+05 seconds, 146161664 bytes of memory usage, 841520 kB of memory peak and 2-11:59:36 elapsed time
Statistics on the network after iteration 126 (MF = 30.653770)
	Number of nodes: 10859
	Number of allocated nodes: 11264
	Number of edges: 22748
	Maximum in degree: 203 (node 6461)
	Maximum out degree: 2330 (node 701)
	source 32 (node 701) with out degree 2330
	target 173 (node 6461) with in degree 203

Execution time and memory used at after iteration 127 (MF = 31.100276): 2.196229e+05 seconds, 146161664 bytes of memory usage, 841520 kB of memory peak and 2-13:00:40 elapsed time
Statistics on the network after iteration 127 (MF = 31.100276)
	Number of nodes: 10859
	Number of allocated nodes: 11264
	Number of edges: 22748
	Maximum in degree: 203 (node 6461)
	Maximum out degree: 2330 (node 701)
	source 32 (node 701) with out degree 2330
	target 173 (node 6461) with in degree 203

Execution time and memory used at after iteration 128 (MF = 31.778129): 2.233335e+05 seconds, 146161664 bytes of memory usage, 841520 kB of memory peak and 2-14:02:31 elapsed time
Statistics on the network after iteration 128 (MF = 31.778129)
	Number of nodes: 10859
	Number of allocated nodes: 11264
	Number of edges: 22748
	Maximum in degree: 203 (node 6461)
	Maximum out degree: 2330 (node 701)
	source 32 (node 701) with out degree 2330
	target 173 (node 6461) with in degree 203

Execution time and memory used at after iteration 129 (MF = 29.279510): 2.274670e+05 seconds, 146161664 bytes of memory usage, 841520 kB of memory peak and 2-15:11:25 elapsed time
Statistics on the network after iteration 129 (MF = 29.279510)
	Number of nodes: 10859
	Number of allocated nodes: 11264
	Number of edges: 22748
	Maximum in degree: 203 (node 6461)
	Maximum out degree: 2330 (node 701)
	source 32 (node 701) with out degree 2330
	target 173 (node 6461) with in degree 203

Execution time and memory used at after iteration 130 (MF = 29.726411): 2.317240e+05 seconds, 146161664 bytes of memory usage, 841520 kB of memory peak and 2-16:22:22 elapsed time
Statistics on the network after iteration 130 (MF = 29.726411)
	Number of nodes: 10859
	Number of allocated nodes: 11264
	Number of edges: 22748
	Maximum in degree: 203 (node 6461)
	Maximum out degree: 2330 (node 701)
	source 32 (node 701) with out degree 2330
	target 173 (node 6461) with in degree 203

Execution time and memory used at after iteration 131 (MF = 30.427161): 2.359683e+05 seconds, 146161664 bytes of memory usage, 841520 kB of memory peak and 2-17:33:07 elapsed time
Statistics on the network after iteration 131 (MF = 30.427161)
	Number of nodes: 10859
	Number of allocated nodes: 11264
	Number of edges: 22748
	Maximum in degree: 203 (node 6461)
	Maximum out degree: 2330 (node 701)
	source 32 (node 701) with out degree 2330
	target 173 (node 6461) with in degree 203

Execution time and memory used at after iteration 132 (MF = 32.139360): 2.402525e+05 seconds, 146161664 bytes of memory usage, 841520 kB of memory peak and 2-18:44:32 elapsed time
Statistics on the network after iteration 132 (MF = 32.139360)
	Number of nodes: 10859
	Number of allocated nodes: 11264
	Number of edges: 22748
	Maximum in degree: 203 (node 6461)
	Maximum out degree: 2330 (node 701)
	source 32 (node 701) with out degree 2330
	target 173 (node 6461) with in degree 203

Execution time and memory used at after iteration 133 (MF = 29.221082): 2.453225e+05 seconds, 146161664 bytes of memory usage, 962468 kB of memory peak and 2-20:09:02 elapsed time
Statistics on the network after iteration 133 (MF = 29.221082)
	Number of nodes: 10859
	Number of allocated nodes: 11264
	Number of edges: 22748
	Maximum in degree: 203 (node 6461)
	Maximum out degree: 2330 (node 701)
	source 32 (node 701) with out degree 2330
	target 173 (node 6461) with in degree 203

Execution time and memory used at after iteration 134 (MF = 31.668377): 2.505114e+05 seconds, 146161664 bytes of memory usage, 962668 kB of memory peak and 2-21:35:31 elapsed time
Statistics on the network after iteration 134 (MF = 31.668377)
	Number of nodes: 10859
	Number of allocated nodes: 11264
	Number of edges: 22748
	Maximum in degree: 203 (node 6461)
	Maximum out degree: 2330 (node 701)
	source 32 (node 701) with out degree 2330
	target 173 (node 6461) with in degree 203

Execution time and memory used at after iteration 135 (MF = 31.666798): 2.557338e+05 seconds, 146161664 bytes of memory usage, 970760 kB of memory peak and 2-23:02:34 elapsed time
Statistics on the network after iteration 135 (MF = 31.666798)
	Number of nodes: 10859
	Number of allocated nodes: 11264
	Number of edges: 22748
	Maximum in degree: 203 (node 6461)
	Maximum out degree: 2330 (node 701)
	source 32 (node 701) with out degree 2330
	target 173 (node 6461) with in degree 203

Execution time and memory used at after iteration 136 (MF = 28.871694): 2.610401e+05 seconds, 146161664 bytes of memory usage, 977088 kB of memory peak and 3-00:31:01 elapsed time
Statistics on the network after iteration 136 (MF = 28.871694)
	Number of nodes: 10859
	Number of allocated nodes: 11264
	Number of edges: 22748
	Maximum in degree: 203 (node 6461)
	Maximum out degree: 2330 (node 701)
	source 32 (node 701) with out degree 2330
	target 173 (node 6461) with in degree 203

Execution time and memory used at after iteration 137 (MF = 28.205290): 2.676348e+05 seconds, 146161664 bytes of memory usage, 977088 kB of memory peak and 3-02:20:56 elapsed time
Statistics on the network after iteration 137 (MF = 28.205290)
	Number of nodes: 10859
	Number of allocated nodes: 11264
	Number of edges: 22748
	Maximum in degree: 203 (node 6461)
	Maximum out degree: 2330 (node 701)
	source 32 (node 701) with out degree 2330
	target 173 (node 6461) with in degree 203

Execution time and memory used at after iteration 138 (MF = 33.090407): 2.743654e+05 seconds, 146161664 bytes of memory usage, 977088 kB of memory peak and 3-04:13:07 elapsed time
Statistics on the network after iteration 138 (MF = 33.090407)
	Number of nodes: 10859
	Number of allocated nodes: 11264
	Number of edges: 22748
	Maximum in degree: 203 (node 6461)
	Maximum out degree: 2330 (node 701)
	source 32 (node 701) with out degree 2330
	target 173 (node 6461) with in degree 203

Execution time and memory used at after iteration 139 (MF = 28.218713): 2.800359e+05 seconds, 146161664 bytes of memory usage, 977088 kB of memory peak and 3-05:47:38 elapsed time
Statistics on the network after iteration 139 (MF = 28.218713)
	Number of nodes: 10859
	Number of allocated nodes: 11264
	Number of edges: 22748
	Maximum in degree: 203 (node 6461)
	Maximum out degree: 2330 (node 701)
	source 32 (node 701) with out degree 2330
	target 173 (node 6461) with in degree 203

Execution time and memory used at after iteration 140 (MF = 30.133439): 2.867553e+05 seconds, 146161664 bytes of memory usage, 977088 kB of memory peak and 3-07:39:38 elapsed time
Statistics on the network after iteration 140 (MF = 30.133439)
	Number of nodes: 10859
	Number of allocated nodes: 11264
	Number of edges: 22748
	Maximum in degree: 203 (node 6461)
	Maximum out degree: 2330 (node 701)
	source 32 (node 701) with out degree 2330
	target 173 (node 6461) with in degree 203

Execution time and memory used at after iteration 141 (MF = 30.342282): 2.936200e+05 seconds, 146161664 bytes of memory usage, 977088 kB of memory peak and 3-09:34:04 elapsed time
Statistics on the network after iteration 141 (MF = 30.342282)
	Number of nodes: 10859
	Number of allocated nodes: 11264
	Number of edges: 22748
	Maximum in degree: 203 (node 6461)
	Maximum out degree: 2330 (node 701)
	source 32 (node 701) with out degree 2330
	target 173 (node 6461) with in degree 203

Execution time and memory used at after iteration 142 (MF = 33.095144): 3.004710e+05 seconds, 146161664 bytes of memory usage, 977088 kB of memory peak and 3-11:28:15 elapsed time
Statistics on the network after iteration 142 (MF = 33.095144)
	Number of nodes: 10859
	Number of allocated nodes: 11264
	Number of edges: 22748
	Maximum in degree: 203 (node 6461)
	Maximum out degree: 2330 (node 701)
	source 32 (node 701) with out degree 2330
	target 173 (node 6461) with in degree 203

Execution time and memory used at after iteration 143 (MF = 31.452428): 3.072399e+05 seconds, 146161664 bytes of memory usage, 977088 kB of memory peak and 3-13:21:05 elapsed time
Statistics on the network after iteration 143 (MF = 31.452428)
	Number of nodes: 10859
	Number of allocated nodes: 11264
	Number of edges: 22748
	Maximum in degree: 203 (node 6461)
	Maximum out degree: 2330 (node 701)
	source 32 (node 701) with out degree 2330
	target 173 (node 6461) with in degree 203

Execution time and memory used at after iteration 144 (MF = 30.646269): 3.142879e+05 seconds, 149921792 bytes of memory usage, 977088 kB of memory peak and 3-15:18:33 elapsed time
Statistics on the network after iteration 144 (MF = 30.646269)
	Number of nodes: 10859
	Number of allocated nodes: 11264
	Number of edges: 22748
	Maximum in degree: 203 (node 6461)
	Maximum out degree: 2330 (node 701)
	source 32 (node 701) with out degree 2330
	target 173 (node 6461) with in degree 203

Execution time and memory used at after iteration 145 (MF = 31.315831): 3.211213e+05 seconds, 146161664 bytes of memory usage, 977088 kB of memory peak and 3-17:12:27 elapsed time
Statistics on the network after iteration 145 (MF = 31.315831)
	Number of nodes: 10859
	Number of allocated nodes: 11264
	Number of edges: 22748
	Maximum in degree: 203 (node 6461)
	Maximum out degree: 2330 (node 701)
	source 32 (node 701) with out degree 2330
	target 173 (node 6461) with in degree 203

Execution time and memory used at after iteration 146 (MF = 31.324516): 3.282397e+05 seconds, 146161664 bytes of memory usage, 977088 kB of memory peak and 3-19:11:06 elapsed time
Statistics on the network after iteration 146 (MF = 31.324516)
	Number of nodes: 10859
	Number of allocated nodes: 11264
	Number of edges: 22748
	Maximum in degree: 203 (node 6461)
	Maximum out degree: 2330 (node 701)
	source 32 (node 701) with out degree 2330
	target 173 (node 6461) with in degree 203

Execution time and memory used at after iteration 147 (MF = 31.724437): 3.355503e+05 seconds, 146161664 bytes of memory usage, 977088 kB of memory peak and 3-21:12:57 elapsed time
Statistics on the network after iteration 147 (MF = 31.724437)
	Number of nodes: 10859
	Number of allocated nodes: 11264
	Number of edges: 22748
	Maximum in degree: 203 (node 6461)
	Maximum out degree: 2330 (node 701)
	source 32 (node 701) with out degree 2330
	target 173 (node 6461) with in degree 203

Execution time and memory used at after iteration 148 (MF = 31.746546): 3.429654e+05 seconds, 146161664 bytes of memory usage, 977088 kB of memory peak and 3-23:16:33 elapsed time
Statistics on the network after iteration 148 (MF = 31.746546)
	Number of nodes: 10859
	Number of allocated nodes: 11264
	Number of edges: 22748
	Maximum in degree: 203 (node 6461)
	Maximum out degree: 2330 (node 701)
	source 32 (node 701) with out degree 2330
	target 173 (node 6461) with in degree 203
