	Command being timed: "/usr/app/src/main -e 0.1 12 input/com-Amazon.html/com-amazon.ungraph.txt.gz 64"
	User time (seconds): 17668.58
	System time (seconds): 3.89
	Percent of CPU this job got: 99%
	Elapsed (wall clock) time (h:mm:ss or m:ss): 4:54:34
	Average shared text size (kbytes): 0
	Average unshared data size (kbytes): 0
	Average stack size (kbytes): 0
	Average total size (kbytes): 0
	Maximum resident set size (kbytes): 1048668
	Average resident set size (kbytes): 0
	Major (requiring I/O) page faults: 2
	Minor (reclaiming a frame) page faults: 392467
	Voluntary context switches: 85
	Involuntary context switches: 41653
	Swaps: 0
	File system inputs: 264
	File system outputs: 16
	Socket messages sent: 0
	Socket messages received: 0
	Signals delivered: 0
	Page size (bytes): 4096
	Exit status: 0
