GLPSOL--GLPK LP/MIP Solver 5.0
Parameter(s) specified in the command line:
 --lp input/email-Eu-core.html/email-Eu-core.txt.gz.136.lp -o input/email-Eu-core.html/email-Eu-core.txt.gz.136.lp.sol
Reading problem data from 'input/email-Eu-core.html/email-Eu-core.txt.gz.136.lp'...
24932 rows, 50844 columns, 124647 non-zeros
50844 integer variables, all of which are binary
75781 lines were read
GLPK Integer Optimizer 5.0
24932 rows, 50844 columns, 124647 non-zeros
50844 integer variables, all of which are binary
Preprocessing...
24530 rows, 50442 columns, 122534 non-zeros
50442 integer variables, all of which are binary
Scaling...
 A: min|aij| =  1.000e+00  max|aij| =  1.000e+00  ratio =  1.000e+00
Problem data seem to be well scaled
Constructing initial basis...
Size of triangular part is 24530
Solving LP relaxation...
GLPK Simplex Optimizer 5.0
24530 rows, 50442 columns, 122534 non-zeros
      0: obj =   0.000000000e+00 inf =   1.780e+02 (178)
    178: obj =   1.562426440e+02 inf =   0.000e+00 (0)
Perturbing LP to avoid stalling [380]...
*  2955: obj =   9.635430939e+01 inf =   1.548e-05 (1006) 25
*  5207: obj =   8.692321674e+01 inf =   1.462e-02 (1253) 22
*  7603: obj =   3.095760149e+01 inf =   1.453e-02 (1010) 24
* 10756: obj =   3.095698148e+01 inf =   1.132e-02 (1529) 27
Removing LP perturbation [13566]...
* 13566: obj =   3.095771900e+01 inf =   0.000e+00 (0) 18
OPTIMAL LP SOLUTION FOUND
Integer optimization begins...
Long-step dual simplex will be used
+ 13566: mip =     not found yet >=              -inf        (1; 0)
+ 13566: >>>>>   3.095771900e+01 >=   3.095771900e+01   0.0% (1; 0)
+ 13566: mip =   3.095771900e+01 >=     tree is empty   0.0% (0; 1)
INTEGER OPTIMAL SOLUTION FOUND
Time used:   23.5 secs
Memory used: 61.9 Mb (64874080 bytes)
Writing MIP solution to 'input/email-Eu-core.html/email-Eu-core.txt.gz.136.lp.sol'...
Objective:  obj = 30.957719 (MINimum)
