	Command being timed: "/usr/app/src/glpk-5.0/examples/glpsol --lp input/soc-RedditHyperlinks.html/soc-redditHyperlinks-body.tsv.gz.536.lp.reach_chain_detours.lp -o input/soc-RedditHyperlinks.html/soc-redditHyperlinks-body.tsv.gz.536.lp.reach_chain_detours.lp.sol"
	User time (seconds): 12348.32
	System time (seconds): 5.74
	Percent of CPU this job got: 99%
	Elapsed (wall clock) time (h:mm:ss or m:ss): 3:25:56
	Average shared text size (kbytes): 0
	Average unshared data size (kbytes): 0
	Average stack size (kbytes): 0
	Average total size (kbytes): 0
	Maximum resident set size (kbytes): 240392
	Average resident set size (kbytes): 0
	Major (requiring I/O) page faults: 0
	Minor (reclaiming a frame) page faults: 242361
	Voluntary context switches: 608
	Involuntary context switches: 21062
	Swaps: 0
	File system inputs: 0
	File system outputs: 52624
	Socket messages sent: 0
	Socket messages received: 0
	Signals delivered: 0
	Page size (bytes): 4096
	Exit status: 0
