	Command being timed: "/usr/app/src/glpk-5.0/examples/glpsol --lp input/Oregon-1.html/oregon1_010407.txt.gz.144.lp -o input/Oregon-1.html/oregon1_010407.txt.gz.144.lp.sol"
	User time (seconds): 2.84
	System time (seconds): 0.05
	Percent of CPU this job got: 100%
	Elapsed (wall clock) time (h:mm:ss or m:ss): 0:02.89
	Average shared text size (kbytes): 0
	Average unshared data size (kbytes): 0
	Average stack size (kbytes): 0
	Average total size (kbytes): 0
	Maximum resident set size (kbytes): 61372
	Average resident set size (kbytes): 0
	Major (requiring I/O) page faults: 0
	Minor (reclaiming a frame) page faults: 19896
	Voluntary context switches: 32
	Involuntary context switches: 13
	Swaps: 0
	File system inputs: 0
	File system outputs: 10016
	Socket messages sent: 0
	Socket messages received: 0
	Signals delivered: 0
	Page size (bytes): 4096
	Exit status: 0
