Version 1.2 launched as -e 0.1 12 input/sx-superuser.html/sx-superuser-a2q.txt.gz 126


Execution time and memory used at after reading from file: 1.450900e+02 seconds, 48074752 bytes of memory usage, 46984 kB of memory peak and 02:25 elapsed time
Statistics on the network after reading from file
	Number of nodes: 167981
	Number of allocated nodes: 168960
	Number of edges: 384346
	Maximum in degree: 429 (node 2805)
	Maximum out degree: 3101 (node 8672)

Execution time and memory used at before starting main computation: 1.452300e+02 seconds, 48615424 bytes of memory usage, 48652 kB of memory peak and 02:25 elapsed time
Statistics on the network before starting main computation
	Number of nodes: 167981
	Number of allocated nodes: 168960
	Number of edges: 384346
	Maximum in degree: 429 (node 2805)
	Maximum out degree: 3101 (node 8672)
	source 3012 (node 8672) with out degree 3101
	target 1117 (node 2805) with in degree 429

Execution time and memory used at after iteration 1 (MF = 309691010810.000000): 4.504250e+03 seconds, 415723520 bytes of memory usage, 485816 kB of memory peak and 01:15:04 elapsed time
Statistics on the network after iteration 1 (MF = 309691010810.000000)
	Number of nodes: 167981
	Number of allocated nodes: 168960
	Number of edges: 384346
	Maximum in degree: 429 (node 2805)
	Maximum out degree: 3101 (node 8672)
	source 3012 (node 8672) with out degree 3101
	target 1117 (node 2805) with in degree 429

Execution time and memory used at after iteration 2 (MF = 273405356510.000000): 4.567440e+03 seconds, 608894976 bytes of memory usage, 630716 kB of memory peak and 01:16:08 elapsed time
Statistics on the network after iteration 2 (MF = 273405356510.000000)
	Number of nodes: 167981
	Number of allocated nodes: 168960
	Number of edges: 384346
	Maximum in degree: 429 (node 2805)
	Maximum out degree: 3101 (node 8672)
	source 3012 (node 8672) with out degree 3101
	target 1117 (node 2805) with in degree 429
