Launched as -i 5 input/soc-sign-bitcoin-otc.html/soc-sign-bitcoinotc.csv.gz 0


Execution time and memory used at after reading from file: 2.600000e-01 seconds, 16080896 bytes of memory usage, 15740 kB of memory peak and 00:00 elapsed time
Statistics on the network after reading from file
	Number of nodes: 5881
	Number of allocated nodes: 6144
	Number of edges: 35592
	Maximum in degree: 535 (node 35)
	Maximum out degree: 763 (node 35)

Execution time and memory used at after adding costs: 2.600000e-01 seconds, 16080896 bytes of memory usage, 15740 kB of memory peak and 00:00 elapsed time
Statistics on the network after adding costs
	Number of nodes: 5881
	Number of allocated nodes: 6144
	Number of edges: 35592
	Maximum in degree: 535 (node 35)
	Maximum out degree: 763 (node 35)

Execution time and memory used at before starting main computation: 3.100000e-01 seconds, 16216064 bytes of memory usage, 16352 kB of memory peak and 00:00 elapsed time
Statistics on the network before starting main computation
	Number of nodes: 5881
	Number of allocated nodes: 6144
	Number of edges: 35592
	Maximum in degree: 535 (node 35)
	Maximum out degree: 763 (node 35)
	source 23 (node 35) with out degree 763
	target 2571 (node 2642) with in degree 412

Execution time and memory used at after creating milp without reductions: 3.500000e-01 seconds, 16216064 bytes of memory usage, 16352 kB of memory peak and 00:01 elapsed time
Statistics on the network after creating milp without reductions
	Number of nodes: 5881
	Number of allocated nodes: 6144
	Number of edges: 35592
	Maximum in degree: 535 (node 35)
	Maximum out degree: 763 (node 35)
	source 23 (node 35) with out degree 763
	target 2571 (node 2642) with in degree 412

Execution time and memory used at after reachability and chains reduction: 1.170000e+00 seconds, 16441344 bytes of memory usage, 17272 kB of memory peak and 00:01 elapsed time
Statistics on the network after reachability and chains reduction
	Number of nodes: 3263
	Number of allocated nodes: 6144
	Number of edges: 30226
	Maximum in degree: 408 (node 35)
	Maximum out degree: 439 (node 35)
	source 23 (node 35) with out degree 439
	target 2571 (node 2642) with in degree 362

Execution time and memory used at after detours elimination: 4.123000e+01 seconds, 16441344 bytes of memory usage, 17272 kB of memory peak and 00:41 elapsed time
Statistics on the network after detours elimination
	Number of nodes: 3223
	Number of allocated nodes: 6144
	Number of edges: 30146
	Maximum in degree: 408 (node 35)
	Maximum out degree: 439 (node 35)
	source 23 (node 35) with out degree 439
	target 2571 (node 2642) with in degree 362

Execution time and memory used at after creating milp with detours elimination (all transformations): 4.127000e+01 seconds, 16441344 bytes of memory usage, 17272 kB of memory peak and 00:41 elapsed time
Statistics on the network after creating milp with detours elimination (all transformations)
	Number of nodes: 3223
	Number of allocated nodes: 6144
	Number of edges: 30146
	Maximum in degree: 408 (node 35)
	Maximum out degree: 439 (node 35)
	source 23 (node 35) with out degree 439
	target 2571 (node 2642) with in degree 362
