GLPSOL--GLPK LP/MIP Solver 5.0
Parameter(s) specified in the command line:
 --lp input/as-733.html/as20000102.txt.gz.14.lp -o input/as-733.html/as20000102.txt.gz.14.lp.sol
Reading problem data from 'input/as-733.html/as20000102.txt.gz.14.lp'...
12575 rows, 31618 columns, 62862 non-zeros
31618 integer variables, all of which are binary
44198 lines were read
GLPK Integer Optimizer 5.0
12575 rows, 31618 columns, 62862 non-zeros
31618 integer variables, all of which are binary
Preprocessing...
12555 rows, 31595 columns, 61305 non-zeros
31595 integer variables, all of which are binary
Scaling...
 A: min|aij| =  1.000e+00  max|aij| =  1.000e+00  ratio =  1.000e+00
Problem data seem to be well scaled
Constructing initial basis...
Size of triangular part is 12555
Solving LP relaxation...
GLPK Simplex Optimizer 5.0
12555 rows, 31595 columns, 61305 non-zeros
      0: obj =   0.000000000e+00 inf =   2.600e+01 (26)
     26: obj =   2.771410000e+00 inf =   0.000e+00 (0)
*   220: obj =   0.000000000e+00 inf =   0.000e+00 (0) 1
OPTIMAL LP SOLUTION FOUND
Integer optimization begins...
Long-step dual simplex will be used
+   220: mip =     not found yet >=              -inf        (1; 0)
+   220: >>>>>   0.000000000e+00 >=   0.000000000e+00   0.0% (1; 0)
+   220: mip =   0.000000000e+00 >=     tree is empty   0.0% (0; 1)
INTEGER OPTIMAL SOLUTION FOUND
Time used:   0.2 secs
Memory used: 35.0 Mb (36727645 bytes)
Writing MIP solution to 'input/as-733.html/as20000102.txt.gz.14.lp.sol'...
Objective:  obj = 0 (MINimum)
