GLPSOL--GLPK LP/MIP Solver 5.0
Parameter(s) specified in the command line:
 --lp input/gemsec-Facebook.html/new_sites_edges.csv.gz.294.lp.reach_chain_detours.lp
 -o input/gemsec-Facebook.html/new_sites_edges.csv.gz.294.lp.reach_chain_detours.lp.sol
Reading problem data from 'input/gemsec-Facebook.html/new_sites_edges.csv.gz.294.lp.reach_chain_detours.lp'...
42886 rows, 91932 columns, 214417 non-zeros
91932 integer variables, all of which are binary
134823 lines were read
GLPK Integer Optimizer 5.0
42886 rows, 91932 columns, 214417 non-zeros
91932 integer variables, all of which are binary
Preprocessing...
42884 rows, 91930 columns, 213665 non-zeros
91930 integer variables, all of which are binary
Scaling...
 A: min|aij| =  1.000e+00  max|aij| =  1.000e+00  ratio =  1.000e+00
Problem data seem to be well scaled
Constructing initial basis...
Size of triangular part is 42884
Solving LP relaxation...
GLPK Simplex Optimizer 5.0
42884 rows, 91930 columns, 213665 non-zeros
      0: obj =   0.000000000e+00 inf =   3.580e+02 (358)
    358: obj =   2.113077570e+02 inf =   0.000e+00 (0)
Perturbing LP to avoid stalling [559]...
*  2505: obj =   1.822626237e+02 inf =   0.000e+00 (1324) 15
*  4071: obj =   1.564656191e+02 inf =   1.992e-06 (2495) 13
*  5427: obj =   1.544813191e+02 inf =   2.111e-05 (2534) 12
*  6616: obj =   1.447065173e+02 inf =   3.248e-05 (2836) 11
*  7903: obj =   8.804931730e+01 inf =   1.820e-04 (2601) 11
*  9094: obj =   8.768252644e+01 inf =   3.033e-04 (3286) 10
* 10400: obj =   8.655374943e+01 inf =   1.026e-03 (3396) 11
* 11569: obj =   8.601245811e+01 inf =   1.232e-03 (4561) 10
* 12702: obj =   8.601234634e+01 inf =   1.993e-03 (4193) 10
* 13806: obj =   8.496925398e+01 inf =   1.818e-03 (4187) 11
* 14862: obj =   7.544717443e+01 inf =   1.461e-03 (3704) 10
* 15942: obj =   7.374027570e+01 inf =   1.821e-03 (3452) 10
* 17028: obj =   6.880587446e+01 inf =   2.283e-03 (3251) 11
* 18394: obj =   5.097359876e+01 inf =   3.589e-03 (3872) 11
* 19801: obj =   2.593694525e+01 inf =   3.365e-03 (3132) 13
* 21112: obj =   1.337724784e+01 inf =   4.558e-03 (3546) 12
* 22182: obj =   1.308463814e+01 inf =   5.884e-03 (2962) 10
* 23306: obj =   8.642068879e+00 inf =   4.872e-03 (3442) 10
* 24362: obj =   8.641978493e+00 inf =   2.635e-03 (2922) 10
* 25379: obj =   8.640372176e+00 inf =   2.244e-03 (3840) 10
* 26501: obj =   3.377061070e+00 inf =   2.029e-03 (3820) 11
* 27866: obj =   3.376893134e+00 inf =   2.368e-03 (3102) 13
* 29209: obj =   3.376794026e+00 inf =   3.667e-03 (3413) 12
* 30565: obj =   3.376645234e+00 inf =   2.655e-03 (2725) 13
* 31860: obj =   2.287298544e+00 inf =   2.204e-03 (43686) 12
* 32910: obj =   2.287196247e+00 inf =   3.096e-03 (3169) 10
* 33906: obj =   2.287168298e+00 inf =   3.128e-03 (2752) 9
* 35146: obj =   2.287117246e+00 inf =   2.611e-03 (2445) 12
* 36416: obj =   2.287004255e+00 inf =   2.840e-03 (2551) 11
* 37743: obj =   2.153968540e+00 inf =   2.487e-03 (1826) 12
* 38949: obj =   1.693638492e+00 inf =   2.340e-03 (1687) 12
* 40252: obj =   1.212345287e+00 inf =   1.876e-03 (1838) 12
* 41518: obj =   9.534143932e-01 inf =   1.644e-03 (1320) 13
* 42903: obj =   1.466577076e-01 inf =   1.350e-03 (881) 13
Removing LP perturbation [44020]...
* 44020: obj =   0.000000000e+00 inf =   0.000e+00 (0) 11
OPTIMAL LP SOLUTION FOUND
Integer optimization begins...
Long-step dual simplex will be used
+ 44020: mip =     not found yet >=              -inf        (1; 0)
+ 44020: >>>>>   0.000000000e+00 >=   0.000000000e+00   0.0% (1; 0)
+ 44020: mip =   0.000000000e+00 >=     tree is empty   0.0% (0; 1)
INTEGER OPTIMAL SOLUTION FOUND
Time used:   175.1 secs
Memory used: 110.2 Mb (115547984 bytes)
Writing MIP solution to 'input/gemsec-Facebook.html/new_sites_edges.csv.gz.294.lp.reach_chain_detours.lp.sol'...
Objective:  obj = 0 (MINimum)
