GLPSOL--GLPK LP/MIP Solver 5.0
Parameter(s) specified in the command line:
 --lp input/gemsec-Facebook.html/new_sites_edges.csv.gz.294.lp -o input/gemsec-Facebook.html/new_sites_edges.csv.gz.294.lp.sol
Reading problem data from 'input/gemsec-Facebook.html/new_sites_edges.csv.gz.294.lp'...
205968 rows, 439849 columns, 1029827 non-zeros
439849 integer variables, all of which are binary
645822 lines were read
GLPK Integer Optimizer 5.0
205968 rows, 439849 columns, 1029827 non-zeros
439849 integer variables, all of which are binary
Preprocessing...
205797 rows, 439678 columns, 1028067 non-zeros
439678 integer variables, all of which are binary
Scaling...
 A: min|aij| =  1.000e+00  max|aij| =  1.000e+00  ratio =  1.000e+00
Problem data seem to be well scaled
Constructing initial basis...
Size of triangular part is 205797
Solving LP relaxation...
GLPK Simplex Optimizer 5.0
205797 rows, 439678 columns, 1028067 non-zeros
      0: obj =   0.000000000e+00 inf =   5.850e+02 (585)
    585: obj =   3.444879820e+02 inf =   0.000e+00 (0)
Perturbing LP to avoid stalling [786]...
*  1211: obj =   3.349121970e+02 inf =   0.000e+00 (1183)
*  1724: obj =   3.349121970e+02 inf =   0.000e+00 (1200) 4
*  2204: obj =   3.349121970e+02 inf =   0.000e+00 (1200) 4
*  2660: obj =   3.349121970e+02 inf =   0.000e+00 (1215) 4
*  3099: obj =   3.349121970e+02 inf =   0.000e+00 (1227) 4
*  3524: obj =   3.349121970e+02 inf =   0.000e+00 (1239) 4
*  3938: obj =   3.349121970e+02 inf =   0.000e+00 (1273) 4
*  4344: obj =   3.349121970e+02 inf =   0.000e+00 (1271) 4
*  4744: obj =   3.349121970e+02 inf =   0.000e+00 (1298) 3
*  5149: obj =   3.134477398e+02 inf =   4.041e-06 (3341) 4
*  5557: obj =   3.047078897e+02 inf =   4.615e-05 (3677) 4
*  5973: obj =   3.047078789e+02 inf =   3.491e-04 (3689) 3
*  6367: obj =   3.047078656e+02 inf =   6.589e-04 (3736) 3
*  6749: obj =   3.047078457e+02 inf =   1.152e-03 (3789) 3
*  7126: obj =   3.047078404e+02 inf =   1.087e-03 (3878) 3
*  7499: obj =   3.047078175e+02 inf =   1.337e-03 (3917) 3
*  7862: obj =   3.047078068e+02 inf =   1.264e-03 (3996) 3
*  8211: obj =   3.047077796e+02 inf =   1.427e-03 (4089) 3
*  8554: obj =   3.006719395e+02 inf =   1.266e-03 (4146) 3
*  8905: obj =   3.006719292e+02 inf =   9.436e-04 (4229) 3
*  9242: obj =   2.888308532e+02 inf =   7.247e-04 (4197) 3
*  9573: obj =   2.860598747e+02 inf =   6.276e-04 (5248) 3
*  9925: obj =   2.804676431e+02 inf =   1.334e-03 (5103) 3
* 10262: obj =   2.804676018e+02 inf =   1.403e-03 (5004) 4
* 10595: obj =   2.746743489e+02 inf =   1.344e-03 (5019) 3
* 10935: obj =   2.746742280e+02 inf =   1.766e-03 (4932) 3
* 11267: obj =   2.746742007e+02 inf =   1.216e-03 (4800) 3
* 11593: obj =   2.746739156e+02 inf =   8.369e-04 (4659) 4
* 11953: obj =   2.508532291e+02 inf =   8.813e-04 (4232) 3
* 12333: obj =   2.457449816e+02 inf =   7.976e-04 (4572) 3
* 12710: obj =   2.451291223e+02 inf =   6.970e-04 (4484) 4
* 13084: obj =   2.421840648e+02 inf =   1.083e-03 (4333) 3
* 13427: obj =   2.421840609e+02 inf =   1.508e-03 (4308) 2
* 13753: obj =   2.421840594e+02 inf =   1.648e-03 (4369) 3
* 14081: obj =   2.421840490e+02 inf =   2.523e-03 (4412) 2
* 14392: obj =   2.421840379e+02 inf =   3.668e-03 (4481) 3
* 14697: obj =   2.421840309e+02 inf =   4.297e-03 (4543) 2
* 14994: obj =   2.421840126e+02 inf =   5.943e-03 (4637) 3
* 15292: obj =   2.421839817e+02 inf =   8.167e-03 (4679) 2
* 15579: obj =   2.421839817e+02 inf =   7.942e-03 (4734) 3
* 15868: obj =   2.421839676e+02 inf =   8.662e-03 (4819) 2
* 16150: obj =   2.421839504e+02 inf =   9.460e-03 (4895) 3
* 16435: obj =   2.421839395e+02 inf =   9.786e-03 (4994) 2
* 16714: obj =   2.421838856e+02 inf =   1.231e-02 (5064) 2
* 16988: obj =   2.421838533e+02 inf =   1.352e-02 (5175) 3
* 17262: obj =   2.421838032e+02 inf =   1.555e-02 (5263) 2
* 17533: obj =   2.421837808e+02 inf =   1.608e-02 (5334) 2
* 17801: obj =   2.421837172e+02 inf =   1.793e-02 (5416) 3
* 18069: obj =   2.421836747e+02 inf =   1.900e-02 (5518) 2
* 18335: obj =   2.421836542e+02 inf =   1.899e-02 (5583) 2
* 18593: obj =   2.421836295e+02 inf =   1.893e-02 (5656) 3
* 18858: obj =   2.421835597e+02 inf =   1.997e-02 (5703) 2
* 19119: obj =   2.421835005e+02 inf =   2.050e-02 (5799) 2
* 19377: obj =   2.421834638e+02 inf =   2.029e-02 (5857) 2
* 19631: obj =   2.421834375e+02 inf =   1.980e-02 (5920) 3
* 19889: obj =   2.421833228e+02 inf =   2.071e-02 (5989) 2
* 20146: obj =   2.421832391e+02 inf =   2.085e-02 (6056) 2
* 20400: obj =   2.421832227e+02 inf =   1.983e-02 (6130) 2
* 20649: obj =   2.421831628e+02 inf =   1.975e-02 (6159) 3
* 20903: obj =   2.421830966e+02 inf =   1.885e-02 (6240) 2
* 21154: obj =   2.421829997e+02 inf =   1.883e-02 (6293) 2
* 21401: obj =   2.421829953e+02 inf =   1.830e-02 (6347) 2
* 21647: obj =   2.421829696e+02 inf =   1.652e-02 (6412) 3
* 21899: obj =   2.421828562e+02 inf =   1.572e-02 (6452) 2
* 22148: obj =   2.421827891e+02 inf =   1.423e-02 (6465) 2
* 22394: obj =   2.421822224e+02 inf =   1.308e-02 (6537) 3
* 22648: obj =   1.927289747e+02 inf =   1.299e-02 (7197) 2
* 22910: obj =   1.927287803e+02 inf =   1.331e-02 (7126) 3
* 23170: obj =   1.927285406e+02 inf =   1.356e-02 (7096) 2
* 23426: obj =   1.927282613e+02 inf =   1.364e-02 (7052) 2
* 23675: obj =   1.760971302e+02 inf =   1.415e-02 (7417) 3
* 23928: obj =   1.760968592e+02 inf =   1.518e-02 (7391) 2
* 24174: obj =   1.760966578e+02 inf =   1.563e-02 (7319) 3
* 24425: obj =   1.760963297e+02 inf =   1.802e-02 (7251) 2
* 24668: obj =   1.760961577e+02 inf =   2.034e-02 (7254) 3
* 24920: obj =   1.760960620e+02 inf =   2.180e-02 (7255) 2
* 25170: obj =   1.760960385e+02 inf =   2.113e-02 (7171) 2
* 25414: obj =   1.760959479e+02 inf =   2.141e-02 (7174) 3
* 25651: obj =   1.760959111e+02 inf =   2.181e-02 (7211) 2
* 25900: obj =   1.760957338e+02 inf =   2.194e-02 (7193) 2
* 26146: obj =   1.516036491e+02 inf =   2.153e-02 (7756) 3
* 26398: obj =   1.516034663e+02 inf =   2.127e-02 (7750) 2
* 26657: obj =   1.516031357e+02 inf =   2.144e-02 (7750) 3
* 26950: obj =   1.516029767e+02 inf =   2.119e-02 (7573) 3
* 27246: obj =   1.516027895e+02 inf =   2.077e-02 (7490) 2
* 27553: obj =   1.516026608e+02 inf =   2.085e-02 (7377) 3
* 27866: obj =   1.516025508e+02 inf =   2.140e-02 (7307) 3
* 28178: obj =   1.516024516e+02 inf =   2.138e-02 (7212) 3
* 28489: obj =   1.516024061e+02 inf =   2.124e-02 (7184) 3
* 28795: obj =   1.516023717e+02 inf =   2.137e-02 (7186) 3
* 29109: obj =   1.516023387e+02 inf =   2.098e-02 (7153) 3
* 29435: obj =   1.477954054e+02 inf =   2.071e-02 (9296) 3
* 29762: obj =   1.477953592e+02 inf =   2.057e-02 (9230) 3
* 30087: obj =   1.477953062e+02 inf =   1.987e-02 (9199) 3
* 30396: obj =   1.477952709e+02 inf =   1.910e-02 (9170) 3
* 30694: obj =   1.477952053e+02 inf =   1.867e-02 (9149) 3
* 31003: obj =   1.453022144e+02 inf =   1.840e-02 (7098) 2
* 31301: obj =   1.438133368e+02 inf =   1.824e-02 (7737) 3
* 31592: obj =   1.438132970e+02 inf =   1.846e-02 (7743) 3
* 31891: obj =   1.438130703e+02 inf =   1.904e-02 (7624) 3
* 32186: obj =   1.438129443e+02 inf =   1.941e-02 (7527) 2
* 32473: obj =   1.438128303e+02 inf =   1.995e-02 (7445) 3
* 32762: obj =   1.438127495e+02 inf =   2.021e-02 (7373) 2
* 33040: obj =   1.438126689e+02 inf =   2.104e-02 (7285) 3
* 33323: obj =   1.410686046e+02 inf =   2.119e-02 (7128) 3
* 33610: obj =   1.410684470e+02 inf =   2.084e-02 (7042) 2
* 33891: obj =   1.410680870e+02 inf =   2.124e-02 (7008) 3
* 34167: obj =   1.410679327e+02 inf =   2.121e-02 (6942) 3
* 34455: obj =   1.410677897e+02 inf =   2.036e-02 (6909) 2
* 34731: obj =   1.410674402e+02 inf =   2.076e-02 (6924) 3
* 35001: obj =   1.410671226e+02 inf =   2.148e-02 (6890) 2
* 35250: obj =   1.410669489e+02 inf =   2.185e-02 (6867) 3
* 35526: obj =   1.410668690e+02 inf =   2.131e-02 (6846) 3
* 35786: obj =   1.410666427e+02 inf =   2.142e-02 (6815) 2
* 36053: obj =   1.410665292e+02 inf =   2.109e-02 (6799) 3
* 36306: obj =   1.410663947e+02 inf =   2.077e-02 (6717) 2
* 36557: obj =   1.410660605e+02 inf =   2.082e-02 (6762) 2
* 36814: obj =   1.410658485e+02 inf =   2.100e-02 (6661) 3
* 37073: obj =   1.410656743e+02 inf =   2.045e-02 (6596) 2
* 37318: obj =   1.410655216e+02 inf =   2.018e-02 (6586) 3
* 37576: obj =   1.410652122e+02 inf =   1.940e-02 (6501) 2
* 37829: obj =   1.410649548e+02 inf =   1.893e-02 (6486) 3
* 38078: obj =   1.410647523e+02 inf =   1.826e-02 (6499) 2
* 38361: obj =   1.376386407e+02 inf =   1.821e-02 (6760) 3
* 38640: obj =   1.376385120e+02 inf =   1.869e-02 (6692) 3
* 38909: obj =   1.376383760e+02 inf =   1.928e-02 (6655) 2
* 39165: obj =   1.376382429e+02 inf =   1.935e-02 (6555) 3
* 39425: obj =   1.376381168e+02 inf =   1.949e-02 (6495) 2
* 39679: obj =   1.368977544e+02 inf =   1.998e-02 (6448) 3
* 39944: obj =   1.368976408e+02 inf =   2.087e-02 (6367) 2
* 40220: obj =   1.368975148e+02 inf =   2.237e-02 (6297) 3
* 40511: obj =   1.350593335e+02 inf =   2.241e-02 (6247) 3
* 40799: obj =   1.349124621e+02 inf =   2.259e-02 (6345) 3
* 41087: obj =   1.349123095e+02 inf =   2.286e-02 (6310) 2
* 41362: obj =   1.349122146e+02 inf =   2.254e-02 (6276) 3
* 41634: obj =   1.349121384e+02 inf =   2.214e-02 (6210) 3
* 41921: obj =   1.349120775e+02 inf =   2.164e-02 (6175) 2
* 42200: obj =   1.349120061e+02 inf =   2.088e-02 (6124) 3
* 42492: obj =   1.346292579e+02 inf =   2.072e-02 (208693) 3
* 42783: obj =   1.346291201e+02 inf =   2.032e-02 (208726) 3
* 43073: obj =   1.346289051e+02 inf =   1.994e-02 (208749) 3
* 43362: obj =   1.346287905e+02 inf =   1.980e-02 (208786) 2
* 43659: obj =   1.346285912e+02 inf =   2.004e-02 (208819) 3
* 43955: obj =   1.346284735e+02 inf =   2.008e-02 (208854) 3
* 44254: obj =   1.346283272e+02 inf =   2.050e-02 (208896) 3
* 44558: obj =   1.346281670e+02 inf =   2.132e-02 (208920) 3
* 44874: obj =   1.346281305e+02 inf =   2.112e-02 (208974) 3
* 45165: obj =   1.346280822e+02 inf =   2.076e-02 (209019) 3
* 45423: obj =   1.346279288e+02 inf =   2.044e-02 (209031) 2
* 45704: obj =   1.324297320e+02 inf =   2.051e-02 (9518) 3
* 45993: obj =   1.324297062e+02 inf =   2.030e-02 (9443) 3
* 46297: obj =   1.323646610e+02 inf =   2.024e-02 (9054) 2
* 46607: obj =   1.305145817e+02 inf =   2.012e-02 (9031) 3
* 46924: obj =   1.299200760e+02 inf =   2.009e-02 (9133) 2
* 47210: obj =   1.299200703e+02 inf =   2.040e-02 (9194) 3
* 47492: obj =   1.299200597e+02 inf =   2.085e-02 (9243) 2
* 47764: obj =   1.299200416e+02 inf =   2.173e-02 (9304) 2
* 48031: obj =   1.299200288e+02 inf =   2.208e-02 (9350) 3
* 48300: obj =   1.299200219e+02 inf =   2.204e-02 (9415) 2
* 48567: obj =   1.299199865e+02 inf =   2.337e-02 (9417) 2
* 48817: obj =   1.299199605e+02 inf =   2.431e-02 (9429) 2
* 48998: obj =   1.299199385e+02 inf =   2.465e-02 (9692) 2
* 49246: obj =   1.299199366e+02 inf =   2.408e-02 (9775) 2
* 49480: obj =   1.299199033e+02 inf =   2.446e-02 (9937) 2
* 49713: obj =   1.299198488e+02 inf =   2.587e-02 (207662) 2
* 49938: obj =   1.299198486e+02 inf =   2.504e-02 (10487) 2
* 50166: obj =   1.299198483e+02 inf =   2.404e-02 (10559) 2
* 50401: obj =   1.299198095e+02 inf =   2.434e-02 (9738) 3
* 50632: obj =   1.299197467e+02 inf =   2.593e-02 (9591) 2
* 50871: obj =   1.299197212e+02 inf =   2.615e-02 (10699) 2
* 51099: obj =   1.299196980e+02 inf =   2.601e-02 (10532) 2
* 51337: obj =   1.299196591e+02 inf =   2.643e-02 (10536) 2
* 51571: obj =   1.299196315e+02 inf =   2.663e-02 (9701) 2
* 51806: obj =   1.299195923e+02 inf =   2.709e-02 (9431) 3
* 52042: obj =   1.299195557e+02 inf =   2.736e-02 (9921) 2
* 52271: obj =   1.299195187e+02 inf =   2.749e-02 (9723) 2
* 52497: obj =   1.299194597e+02 inf =   2.805e-02 (9501) 2
* 52729: obj =   1.299194171e+02 inf =   2.821e-02 (9392) 2
* 52967: obj =   1.299193865e+02 inf =   2.793e-02 (9276) 2
* 53194: obj =   1.299193233e+02 inf =   2.823e-02 (9472) 2
* 53417: obj =   1.299193079e+02 inf =   2.809e-02 (9628) 3
* 53645: obj =   1.299192986e+02 inf =   2.789e-02 (9654) 1
* 53877: obj =   1.299192801e+02 inf =   2.749e-02 (9288) 3
* 54129: obj =   1.299192351e+02 inf =   2.713e-02 (9260) 2
* 54379: obj =   1.299191860e+02 inf =   2.706e-02 (9256) 2
* 54629: obj =   1.299191174e+02 inf =   2.678e-02 (9156) 2
* 54885: obj =   1.299190807e+02 inf =   2.659e-02 (9145) 3
* 55144: obj =   1.299190404e+02 inf =   2.629e-02 (9044) 2
* 55408: obj =   1.299188601e+02 inf =   2.598e-02 (9269) 2
* 55661: obj =   1.299187882e+02 inf =   2.550e-02 (9211) 3
* 55926: obj =   1.299185062e+02 inf =   2.558e-02 (9105) 2
* 56180: obj =   1.299184026e+02 inf =   2.532e-02 (8960) 3
* 56429: obj =   1.299183365e+02 inf =   2.553e-02 (8851) 2
* 56696: obj =   1.299182823e+02 inf =   2.520e-02 (8768) 2
* 56953: obj =   1.299182187e+02 inf =   2.554e-02 (8671) 3
* 57204: obj =   1.299181679e+02 inf =   2.589e-02 (8555) 2
* 57460: obj =   1.299181218e+02 inf =   2.609e-02 (8484) 3
* 57722: obj =   1.299180835e+02 inf =   2.579e-02 (8319) 2
* 57981: obj =   1.299180273e+02 inf =   2.562e-02 (8251) 2
* 58249: obj =   1.299179657e+02 inf =   2.482e-02 (8167) 3
* 58509: obj =   1.299179493e+02 inf =   2.416e-02 (8114) 2
* 58763: obj =   1.299179028e+02 inf =   2.338e-02 (8027) 3
* 59043: obj =   1.229769652e+02 inf =   2.312e-02 (8001) 2
* 59306: obj =   1.229769230e+02 inf =   2.291e-02 (7963) 3
* 59569: obj =   1.229768930e+02 inf =   2.300e-02 (7926) 2
* 59825: obj =   1.229768327e+02 inf =   2.344e-02 (7851) 3
* 60086: obj =   1.229767635e+02 inf =   2.384e-02 (7822) 2
* 60333: obj =   1.229767236e+02 inf =   2.402e-02 (7782) 2
* 60587: obj =   1.229766670e+02 inf =   2.405e-02 (7716) 3
* 60846: obj =   1.229766173e+02 inf =   2.402e-02 (7719) 2
* 61099: obj =   1.181639369e+02 inf =   2.376e-02 (7957) 3
* 61340: obj =   1.181638367e+02 inf =   2.373e-02 (7939) 2
* 61571: obj =   1.174548830e+02 inf =   2.389e-02 (7859) 2
* 61818: obj =   1.174548392e+02 inf =   2.373e-02 (7813) 2
* 62057: obj =   1.174547526e+02 inf =   2.392e-02 (7787) 3
* 62293: obj =   1.174547014e+02 inf =   2.428e-02 (7746) 2
* 62541: obj =   1.146533378e+02 inf =   2.443e-02 (7550) 2
* 62791: obj =   1.140027128e+02 inf =   2.482e-02 (7462) 3
* 63031: obj =   1.140026673e+02 inf =   2.468e-02 (7405) 2
* 63281: obj =   1.140026271e+02 inf =   2.478e-02 (7389) 3
* 63532: obj =   1.109453581e+02 inf =   2.524e-02 (7320) 2
* 63772: obj =   1.109452590e+02 inf =   2.525e-02 (7285) 2
* 64013: obj =   1.109451735e+02 inf =   2.502e-02 (7229) 3
* 64255: obj =   1.109451228e+02 inf =   2.501e-02 (7253) 2
* 64515: obj =   1.109450729e+02 inf =   2.485e-02 (7139) 2
* 64759: obj =   1.095434886e+02 inf =   2.455e-02 (7190) 3
* 65026: obj =   1.095433767e+02 inf =   2.448e-02 (7138) 2
* 65289: obj =   1.091690577e+02 inf =   2.422e-02 (7186) 3
* 65542: obj =   1.091690396e+02 inf =   2.403e-02 (7105) 2
* 65796: obj =   1.077075429e+02 inf =   2.404e-02 (7262) 3
* 66048: obj =   1.077074733e+02 inf =   2.410e-02 (7224) 2
* 66281: obj =   1.077074405e+02 inf =   2.459e-02 (7139) 2
* 66536: obj =   1.051001147e+02 inf =   2.480e-02 (6927) 3
* 66793: obj =   1.042910566e+02 inf =   2.501e-02 (6861) 2
* 67047: obj =   1.038606822e+02 inf =   2.495e-02 (6859) 3
* 67295: obj =   1.038606413e+02 inf =   2.546e-02 (6752) 2
* 67560: obj =   1.038606060e+02 inf =   2.535e-02 (6683) 3
* 67843: obj =   1.021372636e+02 inf =   2.525e-02 (6896) 2
* 68101: obj =   1.021372358e+02 inf =   2.530e-02 (6860) 3
* 68350: obj =   1.021372276e+02 inf =   2.539e-02 (6873) 2
* 68589: obj =   1.021372136e+02 inf =   2.581e-02 (6922) 2
* 68838: obj =   1.021371963e+02 inf =   2.624e-02 (6934) 2
* 69080: obj =   1.021371793e+02 inf =   2.667e-02 (6943) 2
* 69321: obj =   1.021371608e+02 inf =   2.745e-02 (6924) 2
* 69559: obj =   1.021371504e+02 inf =   2.737e-02 (6925) 3
* 69794: obj =   1.021371454e+02 inf =   2.736e-02 (6984) 1
* 70020: obj =   1.021371434e+02 inf =   2.706e-02 (7066) 2
* 70246: obj =   1.021371426e+02 inf =   2.674e-02 (7118) 2
* 70469: obj =   1.021371332e+02 inf =   2.679e-02 (7135) 2
* 70692: obj =   1.021371315e+02 inf =   2.648e-02 (7175) 2
* 70915: obj =   1.021371128e+02 inf =   2.662e-02 (7245) 2
* 71139: obj =   1.021371117e+02 inf =   2.620e-02 (7286) 2
* 71359: obj =   1.021370747e+02 inf =   2.663e-02 (7304) 2
* 71577: obj =   1.021370742e+02 inf =   2.592e-02 (7356) 2
* 71798: obj =   1.021370458e+02 inf =   2.586e-02 (7396) 2
* 72017: obj =   1.021370302e+02 inf =   2.546e-02 (7424) 2
* 72240: obj =   1.021370219e+02 inf =   2.489e-02 (7405) 2
* 72456: obj =   1.021369993e+02 inf =   2.439e-02 (7443) 2
* 72671: obj =   1.021369966e+02 inf =   2.359e-02 (7501) 2
* 72889: obj =   1.021369731e+02 inf =   2.284e-02 (7548) 2
* 73117: obj =   1.021369386e+02 inf =   2.265e-02 (7536) 2
* 73340: obj =   1.021368925e+02 inf =   2.260e-02 (7521) 2
* 73562: obj =   1.021368612e+02 inf =   2.224e-02 (7505) 2
* 73782: obj =   1.021367845e+02 inf =   2.180e-02 (7442) 2
* 73998: obj =   9.922834841e+01 inf =   2.164e-02 (7700) 3
* 74213: obj =   9.922831030e+01 inf =   2.159e-02 (7673) 2
* 74421: obj =   9.922828730e+01 inf =   2.126e-02 (7694) 2
* 74619: obj =   9.922826588e+01 inf =   2.137e-02 (7696) 2
* 74822: obj =   9.922821674e+01 inf =   2.242e-02 (7675) 2
* 75031: obj =   9.922819530e+01 inf =   2.252e-02 (7649) 2
* 75237: obj =   9.922816364e+01 inf =   2.277e-02 (7645) 2
* 75434: obj =   9.843942538e+01 inf =   2.267e-02 (7716) 2
* 75636: obj =   9.843939080e+01 inf =   2.341e-02 (7656) 1
* 75842: obj =   9.843935024e+01 inf =   2.407e-02 (7620) 2
* 76045: obj =   9.843932328e+01 inf =   2.452e-02 (7551) 2
* 76250: obj =   9.843928232e+01 inf =   2.514e-02 (7601) 2
* 76448: obj =   9.807532946e+01 inf =   2.474e-02 (7575) 2
* 76654: obj =   9.807531311e+01 inf =   2.441e-02 (7530) 2
* 76860: obj =   9.807528776e+01 inf =   2.400e-02 (7502) 2
* 77068: obj =   9.807526878e+01 inf =   2.357e-02 (7501) 2
* 77276: obj =   9.807523680e+01 inf =   2.335e-02 (7480) 2
* 77487: obj =   9.807514302e+01 inf =   2.309e-02 (7421) 3
* 77707: obj =   9.050844579e+01 inf =   2.283e-02 (7309) 2
* 77913: obj =   9.050836669e+01 inf =   2.251e-02 (7276) 2
* 78112: obj =   9.050829034e+01 inf =   2.250e-02 (7221) 2
* 78327: obj =   9.050823866e+01 inf =   2.263e-02 (7231) 2
* 78529: obj =   9.050819778e+01 inf =   2.257e-02 (7166) 2
* 78740: obj =   9.050817984e+01 inf =   2.267e-02 (7177) 2
* 78950: obj =   9.050814386e+01 inf =   2.291e-02 (7174) 2
* 79183: obj =   8.879169174e+01 inf =   2.297e-02 (7360) 2
* 79411: obj =   8.879165514e+01 inf =   2.290e-02 (7307) 2
* 79638: obj =   8.879161900e+01 inf =   2.286e-02 (7266) 2
* 79869: obj =   8.879159959e+01 inf =   2.271e-02 (7218) 3
* 80101: obj =   8.879158204e+01 inf =   2.244e-02 (7206) 2
* 80324: obj =   8.879154751e+01 inf =   2.222e-02 (7160) 2
* 80571: obj =   8.879151896e+01 inf =   2.193e-02 (7134) 2
* 80798: obj =   8.879149383e+01 inf =   2.149e-02 (7112) 3
* 81026: obj =   8.730231932e+01 inf =   2.135e-02 (7042) 2
* 81250: obj =   8.730227020e+01 inf =   2.136e-02 (7008) 2
* 81467: obj =   8.730223529e+01 inf =   2.177e-02 (6951) 2
* 81693: obj =   8.464165914e+01 inf =   2.209e-02 (7008) 2
* 81915: obj =   8.464161616e+01 inf =   2.262e-02 (6981) 3
* 82133: obj =   8.464159841e+01 inf =   2.273e-02 (6949) 2
* 82357: obj =   8.464156228e+01 inf =   2.279e-02 (6879) 2
* 82575: obj =   8.464153982e+01 inf =   2.298e-02 (6886) 2
* 82794: obj =   8.464152642e+01 inf =   2.312e-02 (6843) 2
* 83023: obj =   8.464151012e+01 inf =   2.311e-02 (6780) 2
* 83245: obj =   8.464150359e+01 inf =   2.329e-02 (6743) 3
* 83466: obj =   8.464148601e+01 inf =   2.300e-02 (6644) 2
* 83698: obj =   8.406138613e+01 inf =   2.297e-02 (6707) 2
* 83929: obj =   8.406137242e+01 inf =   2.281e-02 (6789) 2
* 84167: obj =   8.406135334e+01 inf =   2.268e-02 (6709) 2
* 84413: obj =   7.822386909e+01 inf =   2.244e-02 (6748) 2
* 84633: obj =   7.546432364e+01 inf =   2.237e-02 (6946) 3
* 84862: obj =   7.546422163e+01 inf =   2.248e-02 (6874) 2
* 85086: obj =   7.546417601e+01 inf =   2.269e-02 (6847) 2
* 85313: obj =   7.546414357e+01 inf =   2.294e-02 (6775) 2
* 85540: obj =   7.546411945e+01 inf =   2.291e-02 (6747) 2
* 85763: obj =   7.546408739e+01 inf =   2.279e-02 (6703) 3
* 85988: obj =   7.546405902e+01 inf =   2.354e-02 (6642) 2
* 86218: obj =   7.546404007e+01 inf =   2.400e-02 (6576) 2
* 86459: obj =   7.546401561e+01 inf =   2.477e-02 (6538) 2
* 86739: obj =   6.799146215e+01 inf =   2.540e-02 (6610) 3
* 87003: obj =   6.726535783e+01 inf =   2.525e-02 (6646) 2
* 87235: obj =   6.726533702e+01 inf =   2.483e-02 (6613) 2
* 87447: obj =   6.726530875e+01 inf =   2.597e-02 (6534) 2
* 87668: obj =   6.726529838e+01 inf =   2.594e-02 (6557) 2
* 87894: obj =   6.726528368e+01 inf =   2.580e-02 (6530) 3
* 88135: obj =   6.673159506e+01 inf =   2.572e-02 (6561) 2
* 88364: obj =   6.673157012e+01 inf =   2.562e-02 (6540) 2
* 88621: obj =   6.106754709e+01 inf =   2.546e-02 (6554) 3
* 88869: obj =   5.892585430e+01 inf =   2.524e-02 (6563) 2
* 89095: obj =   5.892583873e+01 inf =   2.531e-02 (6527) 2
* 89339: obj =   5.892581424e+01 inf =   2.509e-02 (6447) 2
* 89575: obj =   5.630075113e+01 inf =   2.469e-02 (6640) 3
* 89806: obj =   5.630067526e+01 inf =   2.451e-02 (6687) 2
* 90047: obj =   5.630064295e+01 inf =   2.435e-02 (6608) 2
* 90291: obj =   5.630061143e+01 inf =   2.398e-02 (6562) 3
* 90518: obj =   5.630058983e+01 inf =   2.390e-02 (6521) 2
* 90761: obj =   5.630055681e+01 inf =   2.353e-02 (6484) 2
* 90996: obj =   5.630044564e+01 inf =   2.351e-02 (6562) 2
* 91232: obj =   5.466860930e+01 inf =   2.338e-02 (6371) 3
* 91468: obj =   5.275699245e+01 inf =   2.341e-02 (6353) 2
* 91711: obj =   5.083632942e+01 inf =   2.338e-02 (6439) 2
* 91951: obj =   5.083630396e+01 inf =   2.331e-02 (6375) 2
* 92193: obj =   5.038807639e+01 inf =   2.337e-02 (6259) 3
* 92430: obj =   5.038803028e+01 inf =   2.342e-02 (6190) 2
* 92667: obj =   5.038796824e+01 inf =   2.346e-02 (6170) 2
* 92903: obj =   5.038793256e+01 inf =   2.379e-02 (6125) 3
* 93147: obj =   5.038791882e+01 inf =   2.403e-02 (6053) 2
* 93396: obj =   4.986927517e+01 inf =   2.383e-02 (6070) 2
* 93648: obj =   4.931120632e+01 inf =   2.386e-02 (6040) 3
* 93914: obj =   4.807014103e+01 inf =   2.390e-02 (6068) 2
* 94157: obj =   4.742311092e+01 inf =   2.383e-02 (6105) 3
* 94410: obj =   4.742309497e+01 inf =   2.376e-02 (6067) 2
* 94668: obj =   4.612188809e+01 inf =   2.363e-02 (6053) 3
* 94916: obj =   4.612187081e+01 inf =   2.400e-02 (6076) 2
* 95169: obj =   4.493114652e+01 inf =   2.569e-02 (6012) 2
* 95437: obj =   4.141424988e+01 inf =   2.545e-02 (6001) 3
* 95667: obj =   4.091890100e+01 inf =   2.562e-02 (6085) 2
* 95880: obj =   4.091888702e+01 inf =   2.584e-02 (6115) 2
* 96107: obj =   4.091886339e+01 inf =   2.640e-02 (6069) 2
* 96342: obj =   4.091885436e+01 inf =   2.633e-02 (6072) 3
* 96591: obj =   4.091883893e+01 inf =   2.619e-02 (6024) 2
* 96830: obj =   4.091883183e+01 inf =   2.613e-02 (6019) 2
* 97065: obj =   4.091882511e+01 inf =   2.583e-02 (5952) 3
* 97304: obj =   4.091881745e+01 inf =   2.547e-02 (5967) 2
* 97557: obj =   4.058274518e+01 inf =   2.504e-02 (5868) 3
* 97813: obj =   3.884723044e+01 inf =   2.494e-02 (5967) 2
* 98046: obj =   3.884722131e+01 inf =   2.491e-02 (5948) 2
* 98299: obj =   3.763986603e+01 inf =   2.464e-02 (6261) 3
* 98546: obj =   3.239693923e+01 inf =   2.465e-02 (7015) 2
* 98750: obj =   3.239689997e+01 inf =   2.579e-02 (6959) 2
* 98961: obj =   3.239689497e+01 inf =   2.556e-02 (6936) 2
* 99172: obj =   3.239686554e+01 inf =   2.611e-02 (6901) 2
* 99379: obj =   3.239683879e+01 inf =   2.698e-02 (6824) 2
* 99604: obj =   3.239681784e+01 inf =   2.735e-02 (6744) 2
* 99831: obj =   3.239680439e+01 inf =   2.756e-02 (6733) 2
*100043: obj =   3.239679384e+01 inf =   2.761e-02 (6776) 2
*100255: obj =   3.239676673e+01 inf =   2.812e-02 (6665) 2
*100475: obj =   3.239675786e+01 inf =   2.802e-02 (6605) 2
*100703: obj =   3.239674276e+01 inf =   2.759e-02 (6579) 3
*100920: obj =   3.239671898e+01 inf =   2.825e-02 (6547) 2
*101135: obj =   3.239670042e+01 inf =   2.888e-02 (6462) 2
*101357: obj =   3.239669373e+01 inf =   2.868e-02 (6419) 2
*101574: obj =   3.239667901e+01 inf =   2.898e-02 (6393) 2
*101795: obj =   3.239667325e+01 inf =   2.841e-02 (6336) 2
*102025: obj =   3.195947184e+01 inf =   2.775e-02 (6077) 2
*102244: obj =   3.195945951e+01 inf =   2.736e-02 (6034) 3
*102474: obj =   3.183913634e+01 inf =   2.676e-02 (6016) 2
*102709: obj =   2.858825131e+01 inf =   2.682e-02 (6524) 2
*102914: obj =   2.858823235e+01 inf =   2.709e-02 (6495) 2
*103118: obj =   2.858822022e+01 inf =   2.707e-02 (6467) 2
*103323: obj =   2.858819286e+01 inf =   2.772e-02 (6422) 2
*103523: obj =   2.858816729e+01 inf =   2.859e-02 (6368) 2
*103729: obj =   2.858814802e+01 inf =   2.895e-02 (6358) 2
*103935: obj =   2.858813645e+01 inf =   2.896e-02 (6387) 2
*104143: obj =   2.858812462e+01 inf =   2.884e-02 (6349) 2
*104350: obj =   2.858810356e+01 inf =   2.885e-02 (6335) 2
*104583: obj =   2.802723505e+01 inf =   2.836e-02 (6584) 2
*104800: obj =   2.802722546e+01 inf =   2.775e-02 (6607) 2
*105017: obj =   2.802720909e+01 inf =   2.775e-02 (6566) 2
*105223: obj =   2.802719335e+01 inf =   2.784e-02 (6533) 2
*105437: obj =   2.802718741e+01 inf =   2.743e-02 (6479) 2
*105658: obj =   2.802717873e+01 inf =   2.611e-02 (6436) 3
*105882: obj =   2.734329138e+01 inf =   2.588e-02 (6880) 2
*106091: obj =   2.734327383e+01 inf =   2.585e-02 (6764) 2
*106313: obj =   2.734325121e+01 inf =   2.599e-02 (6712) 2
*106511: obj =   2.734323631e+01 inf =   2.633e-02 (6645) 2
*106710: obj =   2.685909476e+01 inf =   2.671e-02 (6612) 2
*106925: obj =   2.685908843e+01 inf =   2.655e-02 (6564) 2
*107140: obj =   2.685907192e+01 inf =   2.581e-02 (6640) 2
*107347: obj =   2.685905303e+01 inf =   2.492e-02 (6619) 2
*107559: obj =   2.685902142e+01 inf =   2.424e-02 (6465) 2
*107803: obj =   2.660707979e+01 inf =   2.428e-02 (6363) 2
*108028: obj =   2.660702418e+01 inf =   2.428e-02 (6323) 2
*108247: obj =   2.660696147e+01 inf =   2.429e-02 (6290) 2
*108469: obj =   2.660690215e+01 inf =   2.431e-02 (6234) 2
*108689: obj =   2.660683114e+01 inf =   2.459e-02 (6185) 2
*108911: obj =   2.660679606e+01 inf =   2.489e-02 (6119) 3
*109136: obj =   2.660675901e+01 inf =   2.518e-02 (6107) 2
*109371: obj =   2.660671046e+01 inf =   2.552e-02 (6102) 2
*109611: obj =   2.660667020e+01 inf =   2.574e-02 (6000) 2
*109845: obj =   2.660665376e+01 inf =   2.548e-02 (6042) 3
*110079: obj =   2.660663517e+01 inf =   2.553e-02 (6042) 2
*110296: obj =   2.660659881e+01 inf =   2.556e-02 (5996) 2
*110508: obj =   2.660657372e+01 inf =   2.560e-02 (5939) 2
*110725: obj =   2.660655383e+01 inf =   2.558e-02 (5908) 2
*110949: obj =   2.660653921e+01 inf =   2.551e-02 (5841) 2
*111170: obj =   2.660652165e+01 inf =   2.481e-02 (5842) 2
*111394: obj =   2.640416914e+01 inf =   2.413e-02 (6172) 2
*111610: obj =   2.640414068e+01 inf =   2.362e-02 (6160) 3
*111836: obj =   2.640410881e+01 inf =   2.328e-02 (6139) 2
*112058: obj =   2.640407168e+01 inf =   2.304e-02 (6123) 2
*112279: obj =   2.640402072e+01 inf =   2.225e-02 (6060) 2
*112511: obj =   2.508378558e+01 inf =   2.230e-02 (5725) 2
*112761: obj =   2.508375063e+01 inf =   2.233e-02 (5717) 3
*112987: obj =   2.508373744e+01 inf =   2.254e-02 (5690) 2
*113227: obj =   2.508372260e+01 inf =   2.285e-02 (5668) 2
*113481: obj =   2.508370823e+01 inf =   2.250e-02 (5601) 3
*113731: obj =   2.508368941e+01 inf =   2.271e-02 (5455) 2
*113978: obj =   2.508368092e+01 inf =   2.291e-02 (5534) 3
*114238: obj =   2.508365092e+01 inf =   2.314e-02 (5466) 2
*114512: obj =   2.449409990e+01 inf =   2.275e-02 (208251) 2
*114719: obj =   2.449407554e+01 inf =   2.290e-02 (208245) 2
*114932: obj =   2.449405079e+01 inf =   2.275e-02 (208293) 3
*115153: obj =   2.449400584e+01 inf =   2.273e-02 (208331) 2
*115373: obj =   2.449396089e+01 inf =   2.287e-02 (208360) 2
*115593: obj =   2.449390961e+01 inf =   2.279e-02 (208353) 2
*115810: obj =   2.449386742e+01 inf =   2.287e-02 (208354) 2
*116025: obj =   2.449381080e+01 inf =   2.309e-02 (208380) 2
*116238: obj =   2.449376893e+01 inf =   2.278e-02 (208421) 2
*116455: obj =   2.449369490e+01 inf =   2.310e-02 (208449) 2
*116673: obj =   2.449363172e+01 inf =   2.352e-02 (208453) 2
*116887: obj =   2.449356671e+01 inf =   2.337e-02 (208479) 2
*117095: obj =   2.449354493e+01 inf =   2.282e-02 (208476) 3
*117306: obj =   2.449351088e+01 inf =   2.195e-02 (208504) 2
*117518: obj =   2.449342698e+01 inf =   2.237e-02 (208524) 2
*117730: obj =   2.449332776e+01 inf =   2.312e-02 (208549) 2
*117944: obj =   2.449326158e+01 inf =   2.363e-02 (208558) 2
*118157: obj =   2.449319168e+01 inf =   2.380e-02 (208572) 2
*118367: obj =   2.449314962e+01 inf =   2.352e-02 (208587) 2
*118573: obj =   2.449311937e+01 inf =   2.200e-02 (208608) 2
*118779: obj =   2.449307942e+01 inf =   2.079e-02 (208633) 2
*118987: obj =   2.449303081e+01 inf =   2.038e-02 (208676) 2
*119192: obj =   2.449301256e+01 inf =   1.880e-02 (208671) 2
*119396: obj =   2.449296643e+01 inf =   1.698e-02 (208703) 2
*119601: obj =   2.431315195e+01 inf =   1.676e-02 (10373) 2
*119801: obj =   2.431309647e+01 inf =   1.711e-02 (10366) 2
*120003: obj =   2.431307444e+01 inf =   1.754e-02 (10297) 1
*120201: obj =   2.431302027e+01 inf =   1.802e-02 (10222) 2
*120400: obj =   2.431298313e+01 inf =   1.831e-02 (10128) 2
*120599: obj =   2.431290584e+01 inf =   1.893e-02 (10066) 2
*120798: obj =   2.431287536e+01 inf =   1.926e-02 (10024) 2
*120996: obj =   2.431281855e+01 inf =   1.984e-02 (9931) 2
*121195: obj =   2.431278641e+01 inf =   2.043e-02 (9830) 2
*121394: obj =   2.431273689e+01 inf =   2.111e-02 (9745) 2
*121599: obj =   2.431269562e+01 inf =   2.186e-02 (9648) 2
*121808: obj =   2.431266171e+01 inf =   2.272e-02 (9588) 1
*122013: obj =   2.431264268e+01 inf =   2.301e-02 (9478) 2
*122226: obj =   2.431263184e+01 inf =   2.281e-02 (9450) 2
*122437: obj =   2.431262282e+01 inf =   2.194e-02 (9376) 2
*122632: obj =   2.431259088e+01 inf =   2.229e-02 (9287) 2
*122834: obj =   2.431258562e+01 inf =   2.191e-02 (9289) 2
*123038: obj =   2.431256782e+01 inf =   2.140e-02 (9227) 2
*123247: obj =   2.431254794e+01 inf =   2.042e-02 (9165) 2
*123458: obj =   2.430554246e+01 inf =   1.958e-02 (9034) 2
*123675: obj =   2.420677232e+01 inf =   1.951e-02 (8633) 2
*123906: obj =   2.420673194e+01 inf =   1.972e-02 (8568) 2
*124134: obj =   2.420669009e+01 inf =   2.017e-02 (8518) 2
*124358: obj =   2.420666593e+01 inf =   2.027e-02 (8433) 2
*124574: obj =   2.420664272e+01 inf =   2.030e-02 (8312) 2
*124797: obj =   2.420662076e+01 inf =   1.993e-02 (8153) 2
*125020: obj =   2.420659824e+01 inf =   1.949e-02 (8077) 2
*125250: obj =   2.401564530e+01 inf =   1.965e-02 (8483) 2
*125472: obj =   2.401559633e+01 inf =   1.937e-02 (8424) 3
*125697: obj =   2.401554744e+01 inf =   1.975e-02 (8275) 2
*125929: obj =   2.401548811e+01 inf =   2.049e-02 (8200) 2
*126165: obj =   2.401544413e+01 inf =   2.066e-02 (8260) 2
*126398: obj =   2.401541354e+01 inf =   2.066e-02 (8150) 2
*126632: obj =   2.401535963e+01 inf =   2.090e-02 (8110) 2
*126857: obj =   2.401533833e+01 inf =   2.111e-02 (8009) 3
*127095: obj =   2.401531065e+01 inf =   2.129e-02 (7876) 2
*127325: obj =   2.401529580e+01 inf =   2.105e-02 (7775) 2
*127566: obj =   2.401527901e+01 inf =   2.133e-02 (7668) 2
*127807: obj =   2.401525280e+01 inf =   2.133e-02 (7571) 3
*128051: obj =   2.401522717e+01 inf =   2.143e-02 (7425) 2
*128279: obj =   2.401519596e+01 inf =   2.118e-02 (7391) 2
*128520: obj =   2.401518221e+01 inf =   2.115e-02 (7247) 2
*128762: obj =   2.401515963e+01 inf =   2.070e-02 (7120) 2
*128988: obj =   2.401513846e+01 inf =   2.023e-02 (7037) 3
*129243: obj =   2.401512840e+01 inf =   2.020e-02 (6931) 2
*129488: obj =   2.401511136e+01 inf =   1.960e-02 (6819) 2
*129739: obj =   2.401509303e+01 inf =   1.946e-02 (6707) 3
*129991: obj =   2.401507971e+01 inf =   1.959e-02 (6660) 2
*130235: obj =   2.401506411e+01 inf =   1.922e-02 (6569) 2
*130478: obj =   2.316217505e+01 inf =   1.851e-02 (6393) 3
*130774: obj =   2.273593573e+01 inf =   1.828e-02 (7429) 2
*131006: obj =   2.273557972e+01 inf =   1.844e-02 (7371) 2
*131240: obj =   2.273541900e+01 inf =   1.863e-02 (7327) 2
*131491: obj =   2.273531482e+01 inf =   1.880e-02 (7301) 3
*131750: obj =   2.273519111e+01 inf =   1.904e-02 (7252) 3
*131985: obj =   2.273510304e+01 inf =   1.929e-02 (7169) 2
*132211: obj =   2.273505898e+01 inf =   1.913e-02 (7143) 2
*132440: obj =   2.273493721e+01 inf =   1.920e-02 (7155) 2
*132658: obj =   2.273490857e+01 inf =   1.915e-02 (7112) 2
*132896: obj =   2.273478236e+01 inf =   1.923e-02 (7054) 3
*133127: obj =   2.273470080e+01 inf =   1.930e-02 (7074) 2
*133357: obj =   2.273460585e+01 inf =   1.937e-02 (6981) 2
*133589: obj =   2.273448525e+01 inf =   1.958e-02 (6841) 3
*133831: obj =   2.273438921e+01 inf =   1.984e-02 (6830) 2
*134065: obj =   2.273431863e+01 inf =   2.009e-02 (6794) 2
*134301: obj =   2.273426888e+01 inf =   1.997e-02 (6750) 3
*134563: obj =   2.273420239e+01 inf =   1.986e-02 (6659) 2
*134791: obj =   2.273414437e+01 inf =   1.966e-02 (6688) 3
*135042: obj =   2.273409927e+01 inf =   1.970e-02 (6684) 2
*135300: obj =   2.273404916e+01 inf =   1.979e-02 (6640) 2
*135548: obj =   2.273398818e+01 inf =   1.974e-02 (6636) 3
*135785: obj =   2.273395070e+01 inf =   1.977e-02 (6595) 2
*136022: obj =   2.273388967e+01 inf =   2.009e-02 (6579) 3
*136250: obj =   2.273381696e+01 inf =   2.062e-02 (6535) 2
*136490: obj =   2.112544724e+01 inf =   2.013e-02 (209727) 2
*136726: obj =   2.112539762e+01 inf =   1.992e-02 (209706) 3
*136955: obj =   2.112509936e+01 inf =   1.980e-02 (209775) 2
*137170: obj =   2.112422611e+01 inf =   2.078e-02 (209820) 2
*137382: obj =   2.112331692e+01 inf =   2.178e-02 (209877) 2
*137590: obj =   2.112268260e+01 inf =   2.230e-02 (209948) 2
*137801: obj =   2.112062857e+01 inf =   2.431e-02 (209997) 2
*138013: obj =   2.111775608e+01 inf =   2.784e-02 (210058) 2
*138222: obj =   2.111662152e+01 inf =   2.898e-02 (210113) 2
*138427: obj =   2.111519430e+01 inf =   2.975e-02 (210124) 2
*138629: obj =   2.111509535e+01 inf =   2.848e-02 (210176) 2
*138833: obj =   2.111380723e+01 inf =   2.825e-02 (210236) 2
*139038: obj =   2.111150786e+01 inf =   2.902e-02 (210264) 2
*139239: obj =   2.111080536e+01 inf =   2.776e-02 (210309) 2
*139441: obj =   2.110984963e+01 inf =   2.750e-02 (11572) 2
*139641: obj =   2.110982979e+01 inf =   2.673e-02 (11383) 2
*139830: obj =   2.110978771e+01 inf =   2.647e-02 (11369) 2
*140028: obj =   2.110976191e+01 inf =   2.608e-02 (11271) 2
*140228: obj =   2.110972834e+01 inf =   2.577e-02 (208401) 2
*140436: obj =   2.110969793e+01 inf =   2.489e-02 (11059) 2
*140634: obj =   2.110963179e+01 inf =   2.494e-02 (10782) 2
*140842: obj =   2.110960671e+01 inf =   2.453e-02 (10868) 2
*141035: obj =   2.110957049e+01 inf =   2.400e-02 (10582) 2
*141229: obj =   2.110953549e+01 inf =   2.373e-02 (10531) 2
*141426: obj =   2.110949745e+01 inf =   2.349e-02 (9287) 2
*141657: obj =   2.110942906e+01 inf =   2.308e-02 (9270) 2
*141880: obj =   2.110936917e+01 inf =   2.321e-02 (9178) 2
*142117: obj =   2.110926000e+01 inf =   2.336e-02 (9141) 2
*142343: obj =   2.110915504e+01 inf =   2.335e-02 (9048) 2
*142566: obj =   2.110903044e+01 inf =   2.355e-02 (8944) 3
*142792: obj =   2.110898172e+01 inf =   2.339e-02 (8856) 2
*143016: obj =   2.110886986e+01 inf =   2.349e-02 (8745) 2
*143242: obj =   2.110875726e+01 inf =   2.411e-02 (8597) 2
*143472: obj =   2.110865865e+01 inf =   2.515e-02 (8485) 2
*143702: obj =   2.110863205e+01 inf =   2.522e-02 (8330) 2
*143933: obj =   2.110855936e+01 inf =   2.589e-02 (8208) 3
*144167: obj =   2.110851285e+01 inf =   2.638e-02 (8086) 2
*144400: obj =   2.110850023e+01 inf =   2.570e-02 (7955) 2
*144621: obj =   2.110846292e+01 inf =   2.576e-02 (7844) 2
*144846: obj =   2.110842003e+01 inf =   2.588e-02 (7723) 2
*145069: obj =   2.110840739e+01 inf =   2.490e-02 (7730) 2
*145292: obj =   2.110837097e+01 inf =   2.419e-02 (7666) 2
*145508: obj =   2.110832555e+01 inf =   2.400e-02 (7578) 3
*145730: obj =   2.110828805e+01 inf =   2.370e-02 (7475) 2
*145961: obj =   2.110825995e+01 inf =   2.351e-02 (7357) 2
*146191: obj =   2.110823636e+01 inf =   2.293e-02 (7292) 2
*146409: obj =   2.110822392e+01 inf =   2.192e-02 (7238) 2
*146633: obj =   2.110820466e+01 inf =   2.061e-02 (7103) 2
*146878: obj =   2.110818088e+01 inf =   2.037e-02 (7095) 3
*147110: obj =   2.110814411e+01 inf =   2.013e-02 (7085) 2
*147342: obj =   2.110811702e+01 inf =   1.983e-02 (6967) 2
*147581: obj =   2.110667488e+01 inf =   1.923e-02 (7422) 2
*147840: obj =   2.110656450e+01 inf =   1.883e-02 (7388) 3
*148067: obj =   2.110644955e+01 inf =   1.916e-02 (7374) 2
*148291: obj =   2.110636893e+01 inf =   1.927e-02 (7357) 2
*148519: obj =   2.110625217e+01 inf =   1.964e-02 (7261) 2
*148748: obj =   2.110614092e+01 inf =   2.016e-02 (7115) 2
*148963: obj =   2.110610608e+01 inf =   2.012e-02 (7072) 3
*149192: obj =   2.110605065e+01 inf =   2.014e-02 (6971) 2
*149430: obj =   2.110598146e+01 inf =   2.005e-02 (6919) 2
*149670: obj =   2.110594559e+01 inf =   2.004e-02 (6882) 2
*149907: obj =   2.110588982e+01 inf =   1.993e-02 (6835) 3
*150143: obj =   2.110582259e+01 inf =   1.995e-02 (6758) 2
*150379: obj =   2.110579905e+01 inf =   2.005e-02 (6666) 2
*150621: obj =   2.110577138e+01 inf =   1.993e-02 (6527) 2
*150848: obj =   2.110574285e+01 inf =   1.992e-02 (6482) 3
*151081: obj =   2.110569750e+01 inf =   2.009e-02 (6385) 2
*151359: obj =   2.110566529e+01 inf =   2.010e-02 (6266) 3
*151647: obj =   2.110564737e+01 inf =   1.995e-02 (6195) 2
*151894: obj =   2.110563555e+01 inf =   1.950e-02 (6203) 3
*152129: obj =   2.110560879e+01 inf =   1.956e-02 (6130) 2
*152374: obj =   2.110558838e+01 inf =   1.926e-02 (6060) 2
*152607: obj =   2.110556484e+01 inf =   1.910e-02 (6001) 3
*152850: obj =   2.110555124e+01 inf =   1.865e-02 (5946) 2
*153096: obj =   2.110554049e+01 inf =   1.802e-02 (5841) 2
*153337: obj =   2.110552048e+01 inf =   1.755e-02 (5780) 3
*153594: obj =   2.110549375e+01 inf =   1.746e-02 (5674) 2
*153843: obj =   2.110548543e+01 inf =   1.758e-02 (5670) 2
*154077: obj =   2.110546062e+01 inf =   1.762e-02 (5599) 3
*154321: obj =   2.110544785e+01 inf =   1.743e-02 (5531) 2
*154592: obj =   2.110541718e+01 inf =   1.711e-02 (5415) 3
*154842: obj =   2.110540507e+01 inf =   1.685e-02 (5373) 2
*155106: obj =   2.110539253e+01 inf =   1.622e-02 (5358) 3
*155361: obj =   2.110536399e+01 inf =   1.585e-02 (5224) 2
*155608: obj =   2.045584565e+01 inf =   1.556e-02 (5806) 2
*155850: obj =   1.988749442e+01 inf =   1.569e-02 (5773) 3
*156081: obj =   1.988743493e+01 inf =   1.617e-02 (5780) 2
*156312: obj =   1.988738808e+01 inf =   1.639e-02 (5727) 2
*156533: obj =   1.988732310e+01 inf =   1.717e-02 (5705) 2
*156734: obj =   1.988724557e+01 inf =   1.832e-02 (5676) 2
*156961: obj =   1.988719917e+01 inf =   1.925e-02 (5638) 2
*157195: obj =   1.988717041e+01 inf =   1.956e-02 (5670) 3
*157438: obj =   1.988714261e+01 inf =   1.958e-02 (5688) 2
*157681: obj =   1.988711047e+01 inf =   1.955e-02 (5572) 3
*157930: obj =   1.988707941e+01 inf =   1.943e-02 (5595) 2
*158189: obj =   1.988703674e+01 inf =   1.912e-02 (5604) 3
*158442: obj =   1.988701286e+01 inf =   1.880e-02 (5602) 2
*158697: obj =   1.966656864e+01 inf =   1.844e-02 (5453) 3
*158939: obj =   1.966655056e+01 inf =   1.810e-02 (5464) 2
*159163: obj =   1.966651465e+01 inf =   1.811e-02 (5420) 2
*159370: obj =   1.966649307e+01 inf =   1.854e-02 (5408) 2
*159580: obj =   1.966645947e+01 inf =   1.972e-02 (5360) 2
*159804: obj =   1.966644291e+01 inf =   1.981e-02 (5285) 2
*160033: obj =   1.966643503e+01 inf =   1.945e-02 (5296) 3
*160278: obj =   1.966641983e+01 inf =   1.925e-02 (5103) 2
*160525: obj =   1.966640315e+01 inf =   1.892e-02 (5032) 2
*160755: obj =   1.934007954e+01 inf =   1.854e-02 (10396) 3
*160977: obj =   1.934003105e+01 inf =   1.824e-02 (10398) 2
*161194: obj =   1.933998061e+01 inf =   1.816e-02 (10354) 2
*161410: obj =   1.933993719e+01 inf =   1.813e-02 (10229) 2
*161620: obj =   1.933990744e+01 inf =   1.779e-02 (10147) 2
*161839: obj =   1.933985514e+01 inf =   1.756e-02 (10035) 2
*162063: obj =   1.933981819e+01 inf =   1.729e-02 (10003) 2
*162271: obj =   1.933977750e+01 inf =   1.714e-02 (9882) 2
*162489: obj =   1.933975303e+01 inf =   1.681e-02 (9825) 3
*162698: obj =   1.933972613e+01 inf =   1.591e-02 (9696) 2
*162917: obj =   1.933967401e+01 inf =   1.570e-02 (9676) 2
*163129: obj =   1.933963846e+01 inf =   1.546e-02 (9579) 2
*163356: obj =   1.933957889e+01 inf =   1.513e-02 (9444) 2
*163568: obj =   1.933952787e+01 inf =   1.481e-02 (9299) 2
*163779: obj =   1.933946490e+01 inf =   1.467e-02 (9153) 2
*164003: obj =   1.933937418e+01 inf =   1.433e-02 (9128) 2
*164236: obj =   1.933699401e+01 inf =   1.422e-02 (7877) 3
*164489: obj =   1.933679164e+01 inf =   1.404e-02 (7799) 2
*164731: obj =   1.933647903e+01 inf =   1.397e-02 (7717) 2
*164947: obj =   1.933485143e+01 inf =   1.397e-02 (7661) 2
*165158: obj =   1.933442265e+01 inf =   1.408e-02 (7544) 2
*165370: obj =   1.933401460e+01 inf =   1.426e-02 (7447) 2
*165583: obj =   1.933373237e+01 inf =   1.443e-02 (7299) 2
*165793: obj =   1.933355366e+01 inf =   1.460e-02 (7130) 2
*166008: obj =   1.933332074e+01 inf =   1.484e-02 (6982) 2
*166220: obj =   1.933315676e+01 inf =   1.491e-02 (6894) 2
*166431: obj =   1.933300108e+01 inf =   1.504e-02 (6778) 2
*166639: obj =   1.933291285e+01 inf =   1.533e-02 (6689) 2
*166851: obj =   1.933280387e+01 inf =   1.548e-02 (6592) 2
*167070: obj =   1.933271758e+01 inf =   1.551e-02 (6439) 3
*167296: obj =   1.933262133e+01 inf =   1.552e-02 (6314) 2
*167525: obj =   1.933253930e+01 inf =   1.561e-02 (6245) 2
*167750: obj =   1.933246262e+01 inf =   1.573e-02 (6151) 2
*167969: obj =   1.933242051e+01 inf =   1.585e-02 (6094) 2
*168195: obj =   1.933236342e+01 inf =   1.589e-02 (5996) 2
*168425: obj =   1.933233807e+01 inf =   1.588e-02 (5863) 3
*168658: obj =   1.933229350e+01 inf =   1.624e-02 (5695) 2
*168891: obj =   1.933225509e+01 inf =   1.593e-02 (5715) 2
*169121: obj =   1.933221021e+01 inf =   1.588e-02 (5646) 2
*169355: obj =   1.933217175e+01 inf =   1.572e-02 (5552) 2
*169581: obj =   1.933214462e+01 inf =   1.588e-02 (5483) 3
*169811: obj =   1.933210495e+01 inf =   1.603e-02 (5444) 2
*170046: obj =   1.881822179e+01 inf =   1.551e-02 (5256) 2
*170264: obj =   1.881818923e+01 inf =   1.577e-02 (5227) 2
*170471: obj =   1.881816865e+01 inf =   1.611e-02 (5144) 2
*170676: obj =   1.881815182e+01 inf =   1.614e-02 (5127) 2
*170884: obj =   1.881813770e+01 inf =   1.602e-02 (5049) 2
*171105: obj =   1.881812463e+01 inf =   1.546e-02 (4990) 2
*171322: obj =   1.881810967e+01 inf =   1.488e-02 (4915) 2
*171572: obj =   1.792800682e+01 inf =   1.469e-02 (10371) 3
*171829: obj =   1.681977352e+01 inf =   1.456e-02 (10293) 2
*172042: obj =   1.681972886e+01 inf =   1.441e-02 (10257) 2
*172244: obj =   1.681966578e+01 inf =   1.471e-02 (10223) 2
*172452: obj =   1.681961963e+01 inf =   1.456e-02 (10145) 2
*172659: obj =   1.681958690e+01 inf =   1.409e-02 (10069) 2
*172870: obj =   1.681952521e+01 inf =   1.388e-02 (9943) 2
*173082: obj =   1.681949005e+01 inf =   1.349e-02 (9879) 2
*173299: obj =   1.681944428e+01 inf =   1.343e-02 (9771) 2
*173511: obj =   1.681939898e+01 inf =   1.307e-02 (9604) 2
*173747: obj =   1.681378888e+01 inf =   1.290e-02 (6355) 2
*173959: obj =   1.681370539e+01 inf =   1.295e-02 (6261) 2
*174167: obj =   1.681357699e+01 inf =   1.319e-02 (6035) 2
*174376: obj =   1.681348928e+01 inf =   1.323e-02 (5894) 2
*174583: obj =   1.681342683e+01 inf =   1.332e-02 (5788) 2
*174797: obj =   1.681339234e+01 inf =   1.333e-02 (5677) 2
*175009: obj =   1.681334002e+01 inf =   1.345e-02 (5525) 2
*175223: obj =   1.681328688e+01 inf =   1.358e-02 (5366) 2
*175433: obj =   1.681323116e+01 inf =   1.397e-02 (5297) 2
*175642: obj =   1.681321177e+01 inf =   1.420e-02 (5235) 2
*175856: obj =   1.681317741e+01 inf =   1.455e-02 (5195) 2
*176076: obj =   1.681315732e+01 inf =   1.453e-02 (5096) 2
*176296: obj =   1.681314068e+01 inf =   1.466e-02 (4966) 2
*176519: obj =   1.681312141e+01 inf =   1.453e-02 (4890) 3
*176748: obj =   1.578159230e+01 inf =   1.445e-02 (4764) 2
*176968: obj =   1.578155905e+01 inf =   1.405e-02 (4742) 2
*177175: obj =   1.578154491e+01 inf =   1.374e-02 (4724) 2
*177386: obj =   1.578153546e+01 inf =   1.350e-02 (4618) 2
*177600: obj =   1.565358399e+01 inf =   1.321e-02 (4486) 2
*177822: obj =   1.324451718e+01 inf =   1.301e-02 (4366) 2
*178035: obj =   1.324450653e+01 inf =   1.271e-02 (4380) 2
*178251: obj =   1.324449478e+01 inf =   1.265e-02 (4360) 2
*178471: obj =   1.266789161e+01 inf =   1.265e-02 (9970) 2
*178724: obj =   1.266783136e+01 inf =   1.248e-02 (9903) 2
*178960: obj =   1.266777563e+01 inf =   1.243e-02 (9888) 3
*179186: obj =   1.266774602e+01 inf =   1.256e-02 (9856) 2
*179414: obj =   1.266770410e+01 inf =   1.256e-02 (9755) 2
*179639: obj =   1.266766560e+01 inf =   1.271e-02 (9727) 2
*179866: obj =   1.266760900e+01 inf =   1.264e-02 (9636) 2
*180086: obj =   1.266757831e+01 inf =   1.284e-02 (9586) 3
*180312: obj =   1.266752738e+01 inf =   1.334e-02 (9490) 2
*180536: obj =   1.266749581e+01 inf =   1.306e-02 (9375) 2
*180762: obj =   1.266744390e+01 inf =   1.294e-02 (9281) 2
*180991: obj =   1.266740642e+01 inf =   1.304e-02 (9153) 2
*181211: obj =   1.266737083e+01 inf =   1.337e-02 (9043) 3
*181439: obj =   1.266733095e+01 inf =   1.329e-02 (8896) 2
*181665: obj =   1.266729069e+01 inf =   1.357e-02 (8806) 2
*181897: obj =   1.266724346e+01 inf =   1.359e-02 (8711) 2
*182127: obj =   1.266720011e+01 inf =   1.343e-02 (8725) 3
*182360: obj =   1.266664035e+01 inf =   1.352e-02 (7669) 2
*182566: obj =   1.266662421e+01 inf =   1.317e-02 (7624) 2
*182765: obj =   1.266660867e+01 inf =   1.286e-02 (7569) 2
*182973: obj =   1.266659277e+01 inf =   1.288e-02 (7543) 2
*183182: obj =   1.266657983e+01 inf =   1.275e-02 (7546) 2
*183380: obj =   1.266656057e+01 inf =   1.306e-02 (7460) 2
*183578: obj =   1.266654355e+01 inf =   1.317e-02 (7374) 2
*183788: obj =   1.266651866e+01 inf =   1.367e-02 (7290) 2
*183993: obj =   1.266649634e+01 inf =   1.436e-02 (7241) 1
*184197: obj =   1.266647489e+01 inf =   1.450e-02 (7169) 2
*184395: obj =   1.266646063e+01 inf =   1.463e-02 (7119) 2
*184595: obj =   1.266643582e+01 inf =   1.477e-02 (7041) 2
*184795: obj =   1.266641386e+01 inf =   1.477e-02 (6950) 2
*184995: obj =   1.266639166e+01 inf =   1.491e-02 (6873) 2
*185204: obj =   1.266635663e+01 inf =   1.490e-02 (6825) 2
*185415: obj =   1.266610803e+01 inf =   1.479e-02 (6383) 2
*185641: obj =   1.266601176e+01 inf =   1.489e-02 (6246) 2
*185866: obj =   1.266597218e+01 inf =   1.485e-02 (6150) 2
*186084: obj =   1.266594621e+01 inf =   1.478e-02 (6097) 2
*186297: obj =   1.266592793e+01 inf =   1.456e-02 (5971) 2
*186518: obj =   1.266587711e+01 inf =   1.446e-02 (5959) 2
*186740: obj =   1.266549962e+01 inf =   1.429e-02 (6069) 2
*186958: obj =   1.266541573e+01 inf =   1.420e-02 (6021) 2
*187180: obj =   1.266533133e+01 inf =   1.367e-02 (5966) 2
*187392: obj =   1.266530479e+01 inf =   1.351e-02 (5863) 2
*187604: obj =   1.266527371e+01 inf =   1.340e-02 (5690) 3
*187823: obj =   1.266523345e+01 inf =   1.314e-02 (5591) 2
*188046: obj =   1.266520878e+01 inf =   1.321e-02 (5543) 2
*188272: obj =   1.266519820e+01 inf =   1.308e-02 (5488) 2
*188496: obj =   1.266517890e+01 inf =   1.295e-02 (5329) 2
*188719: obj =   1.266517068e+01 inf =   1.251e-02 (5265) 2
*188945: obj =   1.266515580e+01 inf =   1.219e-02 (5264) 2
*189173: obj =   1.266514121e+01 inf =   1.204e-02 (5153) 2
*189397: obj =   1.266512138e+01 inf =   1.174e-02 (5014) 2
*189618: obj =   1.266510800e+01 inf =   1.170e-02 (4844) 3
*189837: obj =   1.266508438e+01 inf =   1.147e-02 (4779) 2
*190051: obj =   1.266507574e+01 inf =   1.115e-02 (4728) 2
*190285: obj =   1.266237996e+01 inf =   1.101e-02 (5421) 2
*190514: obj =   1.266232792e+01 inf =   1.096e-02 (5365) 2
*190743: obj =   1.266225961e+01 inf =   1.094e-02 (5208) 2
*190959: obj =   1.266205748e+01 inf =   1.091e-02 (5195) 2
*191175: obj =   1.266198363e+01 inf =   1.088e-02 (5097) 2
*191387: obj =   1.266194166e+01 inf =   1.096e-02 (5105) 2
*191603: obj =   1.266185946e+01 inf =   1.100e-02 (5002) 2
*191823: obj =   1.266181810e+01 inf =   1.100e-02 (4935) 2
*192044: obj =   1.266179378e+01 inf =   1.094e-02 (4951) 2
*192258: obj =   1.266176776e+01 inf =   1.103e-02 (4881) 3
*192475: obj =   1.266173909e+01 inf =   1.106e-02 (4824) 2
*192698: obj =   1.266171717e+01 inf =   1.113e-02 (4751) 2
*192918: obj =   1.266170439e+01 inf =   1.119e-02 (4618) 2
*193145: obj =   1.266168973e+01 inf =   1.141e-02 (4612) 2
*193367: obj =   1.264400324e+01 inf =   1.151e-02 (5825) 2
*193629: obj =   1.125064705e+01 inf =   1.121e-02 (8968) 3
*193880: obj =   1.125062024e+01 inf =   1.078e-02 (8884) 2
*194110: obj =   1.125058487e+01 inf =   1.060e-02 (8861) 2
*194332: obj =   1.125053125e+01 inf =   1.064e-02 (8785) 2
*194547: obj =   1.125049127e+01 inf =   1.056e-02 (8676) 2
*194755: obj =   1.125046174e+01 inf =   1.037e-02 (8512) 3
*194982: obj =   1.125042620e+01 inf =   1.045e-02 (8420) 2
*195199: obj =   1.125040639e+01 inf =   1.010e-02 (8293) 2
*195420: obj =   1.125036821e+01 inf =   9.869e-03 (8130) 2
*195653: obj =   1.125032632e+01 inf =   9.848e-03 (7999) 2
*195876: obj =   1.125028350e+01 inf =   9.808e-03 (7970) 3
*196108: obj =   1.125022696e+01 inf =   9.689e-03 (7847) 2
*196334: obj =   1.125019426e+01 inf =   9.681e-03 (7822) 2
*196557: obj =   1.125004398e+01 inf =   9.610e-03 (7657) 2
*196791: obj =   1.124932071e+01 inf =   9.522e-03 (6087) 3
*197015: obj =   1.124882487e+01 inf =   9.479e-03 (5912) 1
*197234: obj =   1.124875460e+01 inf =   9.568e-03 (5808) 2
*197447: obj =   1.124868304e+01 inf =   9.631e-03 (5535) 3
*197663: obj =   1.124862642e+01 inf =   9.675e-03 (5376) 2
*197890: obj =   1.124859574e+01 inf =   9.710e-03 (5253) 2
*198120: obj =   1.124856740e+01 inf =   9.830e-03 (5162) 2
*198347: obj =   1.124854754e+01 inf =   9.890e-03 (4929) 2
*198573: obj =   1.124853051e+01 inf =   1.030e-02 (4696) 2
*198803: obj =   1.124852055e+01 inf =   1.055e-02 (4603) 2
*199042: obj =   1.124851125e+01 inf =   1.076e-02 (4452) 3
*199288: obj =   1.124849804e+01 inf =   1.077e-02 (4407) 2
*199557: obj =   1.101460500e+01 inf =   1.071e-02 (4641) 2
*199826: obj =   1.023271803e+01 inf =   1.052e-02 (4460) 3
*200056: obj =   1.023270699e+01 inf =   1.074e-02 (4372) 2
*200326: obj =   9.844774524e+00 inf =   1.070e-02 (8217) 2
*200570: obj =   8.953888389e+00 inf =   1.043e-02 (8154) 2
*200823: obj =   8.953866274e+00 inf =   1.016e-02 (7914) 3
*201060: obj =   8.953836432e+00 inf =   1.014e-02 (7863) 2
*201285: obj =   8.953822026e+00 inf =   9.965e-03 (7735) 2
*201509: obj =   8.953804284e+00 inf =   1.001e-02 (7679) 3
*201752: obj =   8.953744291e+00 inf =   9.902e-03 (7641) 2
*201986: obj =   8.953708598e+00 inf =   9.877e-03 (7591) 2
*202220: obj =   8.952528890e+00 inf =   9.919e-03 (5074) 2
*202440: obj =   8.952523764e+00 inf =   9.515e-03 (5005) 3
*202676: obj =   8.952508202e+00 inf =   9.522e-03 (4880) 2
*202904: obj =   8.952498812e+00 inf =   9.562e-03 (4683) 2
*203130: obj =   8.952493112e+00 inf =   9.566e-03 (4528) 2
*203367: obj =   8.952482767e+00 inf =   9.334e-03 (4506) 2
*203628: obj =   8.950565129e+00 inf =   9.367e-03 (4981) 3
*203903: obj =   8.279322551e+00 inf =   9.418e-03 (4068) 2
*204142: obj =   8.279315702e+00 inf =   9.503e-03 (3962) 2
*204396: obj =   8.278334325e+00 inf =   9.519e-03 (4331) 2
*204688: obj =   7.493383952e+00 inf =   9.513e-03 (3794) 3
*204920: obj =   7.493374811e+00 inf =   9.353e-03 (3680) 2
*205164: obj =   7.493364662e+00 inf =   9.303e-03 (3564) 2
*205398: obj =   7.455173710e+00 inf =   9.072e-03 (3583) 2
*205635: obj =   7.376828933e+00 inf =   9.133e-03 (3639) 3
*205867: obj =   6.960268182e+00 inf =   8.970e-03 (4247) 2
*206101: obj =   6.960204107e+00 inf =   9.108e-03 (4219) 2
*206326: obj =   6.960167622e+00 inf =   9.065e-03 (4178) 2
*206557: obj =   6.960143918e+00 inf =   9.206e-03 (4148) 3
*206800: obj =   6.960109826e+00 inf =   9.178e-03 (4092) 2
*207045: obj =   6.960073199e+00 inf =   9.142e-03 (4114) 2
*207263: obj =   6.824019048e+00 inf =   9.061e-03 (3580) 2
*207464: obj =   6.824014381e+00 inf =   8.785e-03 (3502) 2
*207708: obj =   6.645364499e+00 inf =   8.839e-03 (7703) 3
*207952: obj =   6.645305574e+00 inf =   8.799e-03 (7651) 2
*208182: obj =   6.645272274e+00 inf =   8.764e-03 (7595) 2
*208412: obj =   6.645244734e+00 inf =   8.803e-03 (7584) 2
*208630: obj =   6.645222308e+00 inf =   8.897e-03 (7531) 3
*208855: obj =   6.645205994e+00 inf =   8.858e-03 (7462) 2
*209085: obj =   6.645182642e+00 inf =   8.705e-03 (7369) 2
*209322: obj =   6.645151569e+00 inf =   8.778e-03 (7238) 2
*209550: obj =   6.645129727e+00 inf =   9.253e-03 (7146) 3
*209783: obj =   6.645112244e+00 inf =   9.415e-03 (7077) 2
*210021: obj =   6.645082704e+00 inf =   9.410e-03 (6906) 2
*210254: obj =   6.645049956e+00 inf =   9.616e-03 (6781) 3
*210490: obj =   6.645004654e+00 inf =   9.650e-03 (6659) 2
*210722: obj =   6.644138548e+00 inf =   9.805e-03 (5519) 2
*210959: obj =   6.643957792e+00 inf =   9.484e-03 (5458) 2
*211185: obj =   6.643904053e+00 inf =   8.975e-03 (5321) 2
*211414: obj =   6.643861436e+00 inf =   8.890e-03 (5187) 2
*211642: obj =   6.643836624e+00 inf =   8.701e-03 (5040) 2
*211870: obj =   6.643809313e+00 inf =   8.749e-03 (4896) 2
*212096: obj =   6.643788032e+00 inf =   8.881e-03 (4749) 3
*212329: obj =   6.643779511e+00 inf =   8.892e-03 (4456) 2
*212567: obj =   6.643770273e+00 inf =   8.905e-03 (4285) 2
*212804: obj =   6.643495807e+00 inf =   8.806e-03 (4281) 2
*213041: obj =   6.643477787e+00 inf =   8.809e-03 (4109) 2
*213292: obj =   6.643466286e+00 inf =   8.814e-03 (3896) 3
*213559: obj =   6.643451046e+00 inf =   8.868e-03 (3781) 2
*213838: obj =   6.127631765e+00 inf =   8.898e-03 (3483) 2
*214093: obj =   6.127625485e+00 inf =   8.672e-03 (3452) 2
*214336: obj =   6.127620717e+00 inf =   8.579e-03 (3381) 2
*214564: obj =   6.127613310e+00 inf =   8.430e-03 (3183) 3
*214810: obj =   5.397937021e+00 inf =   8.365e-03 (3098) 2
*215029: obj =   5.397932057e+00 inf =   8.373e-03 (3027) 2
*215254: obj =   5.032964993e+00 inf =   8.397e-03 (3287) 2
*215480: obj =   4.941015818e+00 inf =   8.225e-03 (2974) 2
*215697: obj =   4.112759546e+00 inf =   8.129e-03 (3133) 2
*215918: obj =   3.984019392e+00 inf =   8.077e-03 (3178) 2
*216138: obj =   3.858343335e+00 inf =   8.014e-03 (3120) 2
*216349: obj =   3.821123447e+00 inf =   7.897e-03 (3012) 2
*216567: obj =   3.541564069e+00 inf =   7.941e-03 (3161) 2
*216784: obj =   3.448371435e+00 inf =   7.956e-03 (3084) 2
*216996: obj =   3.358463971e+00 inf =   7.790e-03 (3435) 2
*217204: obj =   3.358459139e+00 inf =   7.791e-03 (3409) 2
*217423: obj =   3.327510424e+00 inf =   7.744e-03 (3428) 2
*217641: obj =   3.192615602e+00 inf =   7.595e-03 (3229) 2
*217867: obj =   2.811732272e+00 inf =   7.407e-03 (3175) 2
*218079: obj =   2.811730005e+00 inf =   7.385e-03 (3151) 2
*218284: obj =   2.782675904e+00 inf =   7.279e-03 (3158) 2
*218502: obj =   2.553787548e+00 inf =   7.266e-03 (3008) 2
*218722: obj =   2.351017955e+00 inf =   7.227e-03 (3353) 2
*218932: obj =   2.328258788e+00 inf =   7.218e-03 (3426) 2
*219141: obj =   2.328256306e+00 inf =   7.478e-03 (3376) 2
*219356: obj =   2.236409159e+00 inf =   7.579e-03 (3667) 2
*219561: obj =   2.204834844e+00 inf =   7.517e-03 (3672) 2
*219788: obj =   2.008272300e+00 inf =   7.484e-03 (3289) 2
*219999: obj =   1.932745780e+00 inf =   7.343e-03 (3430) 2
*220203: obj =   1.932743154e+00 inf =   7.143e-03 (3426) 2
*220420: obj =   1.871743411e+00 inf =   7.176e-03 (3274) 2
*220636: obj =   1.823864202e+00 inf =   7.194e-03 (3144) 2
*220866: obj =   1.649909706e+00 inf =   7.144e-03 (2999) 2
*221079: obj =   1.626128078e+00 inf =   7.065e-03 (2713) 2
*221286: obj =   1.626126298e+00 inf =   6.875e-03 (2645) 2
*221504: obj =   1.591776223e+00 inf =   6.856e-03 (2490) 2
*221735: obj =   1.455382883e+00 inf =   6.902e-03 (2515) 3
*221958: obj =   1.368013015e+00 inf =   6.851e-03 (2689) 2
*222173: obj =   1.368010418e+00 inf =   6.669e-03 (2594) 2
*222397: obj =   1.338912347e+00 inf =   6.637e-03 (2502) 2
*222636: obj =   9.558946643e-01 inf =   6.584e-03 (2346) 2
*222867: obj =   8.192922756e-01 inf =   6.778e-03 (1689) 2
*223093: obj =   8.192836525e-01 inf =   6.857e-03 (1721) 2
*223320: obj =   8.192783676e-01 inf =   6.929e-03 (1675) 2
*223542: obj =   8.192754700e-01 inf =   7.086e-03 (1514) 3
*223830: obj =   6.913716036e-01 inf =   6.900e-03 (2593) 2
*224050: obj =   6.913693984e-01 inf =   6.634e-03 (2669) 2
*224258: obj =   6.913666774e-01 inf =   6.526e-03 (2613) 2
*224477: obj =   6.913632424e-01 inf =   6.509e-03 (2624) 2
*224689: obj =   6.913610779e-01 inf =   6.481e-03 (2637) 3
*224907: obj =   6.913587462e-01 inf =   6.345e-03 (2632) 2
*225123: obj =   6.913559614e-01 inf =   6.346e-03 (2571) 2
*225337: obj =   6.913527165e-01 inf =   6.380e-03 (2556) 2
*225550: obj =   6.913490921e-01 inf =   6.429e-03 (2542) 2
*225777: obj =   6.913352919e-01 inf =   6.637e-03 (2393) 2
*225984: obj =   6.913146276e-01 inf =   6.574e-03 (3324) 2
*226183: obj =   6.912621300e-01 inf =   6.475e-03 (3105) 2
*226395: obj =   6.912547572e-01 inf =   6.544e-03 (3088) 2
*226597: obj =   6.912479927e-01 inf =   6.525e-03 (3007) 2
*226797: obj =   6.912346612e-01 inf =   6.751e-03 (2977) 2
*227004: obj =   6.912305710e-01 inf =   6.845e-03 (2896) 2
*227213: obj =   6.912276387e-01 inf =   6.876e-03 (2809) 2
*227426: obj =   6.912247694e-01 inf =   6.789e-03 (2726) 2
*227629: obj =   6.912220911e-01 inf =   6.830e-03 (2684) 2
*227837: obj =   6.912193084e-01 inf =   6.844e-03 (2593) 2
*228050: obj =   6.912178740e-01 inf =   6.659e-03 (2511) 2
*228264: obj =   6.912165750e-01 inf =   6.513e-03 (2432) 2
*228489: obj =   6.912114541e-01 inf =   6.323e-03 (2255) 2
*228763: obj =   6.392296762e-01 inf =   6.384e-03 (2111) 2
*229004: obj =   6.391838021e-01 inf =   6.325e-03 (2052) 2
*229223: obj =   6.391728706e-01 inf =   6.399e-03 (1963) 3
*229445: obj =   6.391657957e-01 inf =   6.633e-03 (1780) 2
*229670: obj =   6.391625721e-01 inf =   6.667e-03 (1724) 2
*229915: obj =   6.391601248e-01 inf =   6.735e-03 (1733) 2
*230155: obj =   5.901785160e-01 inf =   6.960e-03 (1476) 3
*230393: obj =   5.901762118e-01 inf =   6.988e-03 (1451) 2
*230630: obj =   5.545771925e-01 inf =   6.459e-03 (1887) 2
*230893: obj =   3.268674259e-01 inf =   6.411e-03 (1173) 3
*231128: obj =   3.268661519e-01 inf =   6.731e-03 (997) 2
*231375: obj =   2.976596079e-01 inf =   6.730e-03 (1525) 3
*231670: obj =   1.211360548e-01 inf =   6.632e-03 (822) 2
*231938: obj =   3.868849158e-02 inf =   6.544e-03 (634) 3
*232169: obj =   3.868789453e-02 inf =   6.807e-03 (505) 2
*232413: obj =   3.868705422e-02 inf =   6.612e-03 (503) 3
Removing LP perturbation [232604]...
*232604: obj =   0.000000000e+00 inf =   0.000e+00 (0) 1
OPTIMAL LP SOLUTION FOUND
Integer optimization begins...
Long-step dual simplex will be used
+232604: mip =     not found yet >=              -inf        (1; 0)
+232604: >>>>>   0.000000000e+00 >=   0.000000000e+00   0.0% (1; 0)
+232604: mip =   0.000000000e+00 >=     tree is empty   0.0% (0; 1)
INTEGER OPTIMAL SOLUTION FOUND
Time used:   4856.7 secs
Memory used: 540.3 Mb (566555728 bytes)
Writing MIP solution to 'input/gemsec-Facebook.html/new_sites_edges.csv.gz.294.lp.sol'...
Objective:  obj = 0 (MINimum)
