GLPSOL--GLPK LP/MIP Solver 5.0
Parameter(s) specified in the command line:
 --lp input/sx-mathoverflow.html/sx-mathoverflow-a2q.txt.gz.48.lp -o input/sx-mathoverflow.html/sx-mathoverflow-a2q.txt.gz.48.lp.sol
Reading problem data from 'input/sx-mathoverflow.html/sx-mathoverflow-a2q.txt.gz.48.lp'...
88714 rows, 199016 columns, 443557 non-zeros
199016 integer variables, all of which are binary
287735 lines were read
GLPK Integer Optimizer 5.0
88714 rows, 199016 columns, 443557 non-zeros
199016 integer variables, all of which are binary
Preprocessing...
87944 rows, 198213 columns, 438897 non-zeros
198213 integer variables, all of which are binary
Scaling...
 A: min|aij| =  1.000e+00  max|aij| =  1.000e+00  ratio =  1.000e+00
Problem data seem to be well scaled
Constructing initial basis...
Size of triangular part is 87944
Solving LP relaxation...
GLPK Simplex Optimizer 5.0
87944 rows, 198213 columns, 438897 non-zeros
      0: obj =   0.000000000e+00 inf =   4.850e+02 (485)
    485: obj =   6.268694711e+11 inf =   0.000e+00 (0)
Perturbing LP to avoid stalling [684]...
*  1644: obj =   6.239693904e+11 inf =   0.000e+00 (999) 6
*  2498: obj =   6.239693904e+11 inf =   0.000e+00 (1023) 8
*  3267: obj =   6.239693904e+11 inf =   0.000e+00 (1049) 7
*  3981: obj =   6.239693904e+11 inf =   0.000e+00 (1084) 7
*  4662: obj =   6.239693904e+11 inf =   0.000e+00 (1111) 6
*  5316: obj =   6.239693904e+11 inf =   0.000e+00 (1125) 6
*  5948: obj =   6.239693904e+11 inf =   0.000e+00 (1148) 6
*  6561: obj =   6.239693904e+11 inf =   0.000e+00 (1175) 6
*  7160: obj =   6.239693904e+11 inf =   0.000e+00 (1190) 6
*  7750: obj =   6.239693904e+11 inf =   0.000e+00 (1212) 5
*  8323: obj =   6.239693904e+11 inf =   0.000e+00 (1203) 6
*  8893: obj =   6.239693904e+11 inf =   0.000e+00 (1224) 5
*  9449: obj =   6.239693904e+11 inf =   0.000e+00 (1225) 6
* 10007: obj =   6.239693904e+11 inf =   0.000e+00 (1243) 5
* 10519: obj =   6.239693904e+11 inf =   0.000e+00 (1244) 5
* 11062: obj =   6.239693904e+11 inf =   0.000e+00 (1266) 5
* 11602: obj =   6.239693904e+11 inf =   0.000e+00 (1273) 5
* 12113: obj =   6.177570075e+11 inf =   1.370e-16 (6382) 6
* 12590: obj =   6.177570075e+11 inf =   0.000e+00 (6358) 4
* 13038: obj =   6.177570075e+11 inf =   0.000e+00 (6294) 5
* 13504: obj =   6.177570075e+11 inf =   0.000e+00 (6280) 4
* 13948: obj =   6.177570075e+11 inf =   0.000e+00 (6245) 5
* 14408: obj =   6.177570075e+11 inf =   0.000e+00 (6227) 4
* 14844: obj =   6.177570019e+11 inf =   2.270e-04 (6199) 5
* 15293: obj =   6.177569320e+11 inf =   2.693e-03 (6159) 4
* 15744: obj =   6.177568662e+11 inf =   5.330e-03 (6140) 4
* 16160: obj =   6.177568157e+11 inf =   6.174e-03 (6112) 5
* 16603: obj =   6.177567350e+11 inf =   8.645e-03 (6064) 4
* 17044: obj =   6.177566716e+11 inf =   1.017e-02 (6028) 4
* 17474: obj =   6.177565812e+11 inf =   1.254e-02 (6013) 5
* 17913: obj =   6.177565161e+11 inf =   1.400e-02 (5988) 4
* 18346: obj =   6.177564426e+11 inf =   1.434e-02 (5954) 4
* 18780: obj =   6.177563698e+11 inf =   1.400e-02 (5925) 4
* 19192: obj =   6.177562949e+11 inf =   1.554e-02 (5909) 5
* 19622: obj =   6.177089242e+11 inf =   1.824e-02 (5849) 4
* 20050: obj =   6.177088876e+11 inf =   1.757e-02 (5844) 4
* 20475: obj =   6.177088495e+11 inf =   1.684e-02 (5838) 4
* 20905: obj =   6.175425205e+11 inf =   1.610e-02 (5763) 4
* 21318: obj =   6.175424389e+11 inf =   1.770e-02 (5747) 5
* 21762: obj =   6.175423168e+11 inf =   2.014e-02 (5750) 4
* 22206: obj =   6.156969726e+11 inf =   2.314e-02 (5712) 4
* 22637: obj =   6.156968055e+11 inf =   2.451e-02 (5679) 5
* 23082: obj =   6.156967217e+11 inf =   2.564e-02 (5680) 4
* 23517: obj =   6.156965852e+11 inf =   2.627e-02 (5654) 4
* 23954: obj =   6.156965438e+11 inf =   2.437e-02 (5667) 5
* 24381: obj =   6.156964019e+11 inf =   2.099e-02 (5646) 4
* 24811: obj =   6.130801671e+11 inf =   1.777e-02 (5638) 4
* 25327: obj =   6.110298539e+11 inf =   1.669e-02 (5689) 5
* 25862: obj =   6.110274507e+11 inf =   1.665e-02 (5648) 5
* 26417: obj =   6.110261791e+11 inf =   1.523e-02 (5651) 5
* 26988: obj =   6.110248502e+11 inf =   1.691e-02 (5632) 5
* 27589: obj =   6.110243273e+11 inf =   2.659e-02 (5582) 6
* 28246: obj =   6.110238696e+11 inf =   3.980e-02 (5524) 6
* 28965: obj =   6.110236057e+11 inf =   4.793e-02 (5431) 7
* 29730: obj =   6.083688552e+11 inf =   5.064e-02 (5446) 7
* 30560: obj =   6.062057828e+11 inf =   4.974e-02 (5332) 7
* 31366: obj =   5.534393244e+11 inf =   4.793e-02 (5361) 6
* 32098: obj =   5.534385340e+11 inf =   7.039e-02 (5353) 7
* 33024: obj =   5.478657194e+11 inf =   6.868e-02 (5165) 7
* 33892: obj =   4.697443057e+11 inf =   6.448e-02 (5167) 7
* 34721: obj =   4.667425028e+11 inf =   6.114e-02 (4984) 6
* 35540: obj =   4.476088754e+11 inf =   5.963e-02 (12087) 7
* 36354: obj =   4.419620220e+11 inf =   5.662e-02 (11371) 8
* 37166: obj =   4.349482350e+11 inf =   5.448e-02 (10862) 6
* 38011: obj =   4.349478904e+11 inf =   5.435e-02 (10548) 5
* 38854: obj =   4.349477954e+11 inf =   5.400e-02 (10105) 7
* 39666: obj =   4.349476806e+11 inf =   5.099e-02 (9510) 4
* 40482: obj =   4.349475277e+11 inf =   5.115e-02 (8864) 5
* 41257: obj =   4.349473714e+11 inf =   5.298e-02 (8351) 6
* 41996: obj =   4.349471515e+11 inf =   5.595e-02 (7870) 5
* 42727: obj =   4.349468675e+11 inf =   5.859e-02 (7456) 5
* 43432: obj =   4.349463852e+11 inf =   6.750e-02 (6967) 5
* 44096: obj =   4.349460006e+11 inf =   7.264e-02 (6626) 6
* 44711: obj =   4.349456058e+11 inf =   8.747e-02 (6436) 5
* 45387: obj =   4.349449592e+11 inf =   8.779e-02 (6186) 5
* 45978: obj =   4.349445550e+11 inf =   9.652e-02 (6093) 6
* 46527: obj =   4.349440720e+11 inf =   1.048e-01 (5980) 4
* 47141: obj =   4.349435931e+11 inf =   1.081e-01 (5775) 6
* 47699: obj =   4.349427795e+11 inf =   1.106e-01 (5644) 4
* 48303: obj =   4.349420658e+11 inf =   1.145e-01 (5548) 6
* 48874: obj =   4.349415664e+11 inf =   1.158e-01 (5437) 5
* 49417: obj =   4.349408000e+11 inf =   1.183e-01 (5371) 5
* 49974: obj =   4.349399473e+11 inf =   1.202e-01 (5226) 5
* 50531: obj =   4.349389885e+11 inf =   1.186e-01 (5143) 5
* 51076: obj =   4.349383118e+11 inf =   1.174e-01 (5039) 5
* 51593: obj =   4.349372034e+11 inf =   1.136e-01 (5053) 4
* 52135: obj =   4.349370600e+11 inf =   1.098e-01 (4964) 6
* 52625: obj =   4.349363943e+11 inf =   1.036e-01 (4981) 4
* 53119: obj =   4.349363475e+11 inf =   9.677e-02 (4942) 5
* 53649: obj =   4.349354106e+11 inf =   9.253e-02 (4906) 5
* 54232: obj =   4.349343357e+11 inf =   8.684e-02 (4789) 5
* 54836: obj =   4.349334195e+11 inf =   8.346e-02 (4703) 6
* 55497: obj =   4.336736644e+11 inf =   7.862e-02 (4460) 6
* 56400: obj =   4.336734110e+11 inf =   7.747e-02 (3672) 3
* 57312: obj =   4.336732162e+11 inf =   7.520e-02 (2930) 3
* 58227: obj =   4.336730532e+11 inf =   7.149e-02 (2152) 3
* 59110: obj =   4.336728855e+11 inf =   6.780e-02 (1384) 2
* 60044: obj =   4.336134788e+11 inf =   6.438e-02 (519) 3
Removing LP perturbation [60585]...
* 60585: obj =   4.336162192e+11 inf =   0.000e+00 (0) 3
OPTIMAL LP SOLUTION FOUND
Integer optimization begins...
Long-step dual simplex will be used
+ 60585: mip =     not found yet >=              -inf        (1; 0)
+ 60585: >>>>>   4.336162192e+11 >=   4.336162192e+11   0.0% (1; 0)
+ 60585: mip =   4.336162192e+11 >=     tree is empty   0.0% (0; 1)
INTEGER OPTIMAL SOLUTION FOUND
Time used:   496.6 secs
Memory used: 231.3 Mb (242545155 bytes)
Writing MIP solution to 'input/sx-mathoverflow.html/sx-mathoverflow-a2q.txt.gz.48.lp.sol'...
Objective:  obj = 4.336162192e+11 (MINimum)
