GLPSOL--GLPK LP/MIP Solver 5.0
Parameter(s) specified in the command line:
 --lp input/sx-mathoverflow.html/sx-mathoverflow-a2q.txt.gz.48.lp.reach_chain_detours.lp
 -o input/sx-mathoverflow.html/sx-mathoverflow-a2q.txt.gz.48.lp.reach_chain_detours.lp.sol
Reading problem data from 'input/sx-mathoverflow.html/sx-mathoverflow-a2q.txt.gz.48.lp.reach_chain_detours.lp'...
42789 rows, 88704 columns, 213932 non-zeros
88704 integer variables, all of which are binary
131498 lines were read
GLPK Integer Optimizer 5.0
42789 rows, 88704 columns, 213932 non-zeros
88704 integer variables, all of which are binary
Preprocessing...
42601 rows, 88516 columns, 212396 non-zeros
88516 integer variables, all of which are binary
Scaling...
 A: min|aij| =  1.000e+00  max|aij| =  1.000e+00  ratio =  1.000e+00
Problem data seem to be well scaled
Constructing initial basis...
Size of triangular part is 42601
Solving LP relaxation...
GLPK Simplex Optimizer 5.0
42601 rows, 88516 columns, 212396 non-zeros
      0: obj =   0.000000000e+00 inf =   3.880e+02 (388)
    388: obj =   5.008755912e+11 inf =   0.000e+00 (0)
Perturbing LP to avoid stalling [587]...
*  2123: obj =   4.994318508e+11 inf =   0.000e+00 (835) 12
*  3201: obj =   4.994318508e+11 inf =   0.000e+00 (863) 10
*  4292: obj =   4.994318508e+11 inf =   0.000e+00 (897) 10
*  5393: obj =   4.994318508e+11 inf =   0.000e+00 (938) 10
*  6494: obj =   4.994318508e+11 inf =   0.000e+00 (961) 11
*  7535: obj =   4.830942138e+11 inf =   0.000e+00 (2984) 10
*  8585: obj =   4.830942138e+11 inf =   0.000e+00 (2907) 10
*  9564: obj =   4.830942138e+11 inf =   0.000e+00 (2807) 10
* 10515: obj =   4.830941954e+11 inf =   1.391e-03 (2766) 10
* 11464: obj =   4.830940634e+11 inf =   1.049e-02 (2692) 9
* 12406: obj =   4.830938294e+11 inf =   1.731e-02 (2637) 9
* 13335: obj =   4.830223621e+11 inf =   2.639e-02 (2609) 9
* 14260: obj =   4.827139333e+11 inf =   2.857e-02 (2568) 9
* 15180: obj =   4.826639955e+11 inf =   3.033e-02 (2556) 10
* 16113: obj =   4.824168413e+11 inf =   2.499e-02 (2508) 9
* 17071: obj =   4.803795931e+11 inf =   2.109e-02 (2504) 9
* 17992: obj =   4.800182010e+11 inf =   1.960e-02 (2464) 9
* 19052: obj =   4.350574298e+11 inf =   1.277e-02 (2690) 10
* 19872: obj =   4.350573247e+11 inf =   1.256e-02 (2596) 8
* 20699: obj =   4.350552254e+11 inf =   2.158e-02 (6055) 9
* 21615: obj =   4.350532804e+11 inf =   6.399e-02 (5757) 9
* 23146: obj =   4.350529049e+11 inf =   6.485e-02 (5456) 14
* 24677: obj =   4.337005019e+11 inf =   5.046e-02 (2242) 15
* 25742: obj =   4.336981923e+11 inf =   3.182e-02 (3043) 10
* 26593: obj =   4.336976147e+11 inf =   3.360e-02 (2813) 9
* 27445: obj =   4.336972085e+11 inf =   3.798e-02 (2686) 8
* 28314: obj =   4.336970524e+11 inf =   4.044e-02 (2554) 9
* 29206: obj =   4.336969329e+11 inf =   3.680e-02 (2456) 8
* 30043: obj =   4.336967672e+11 inf =   3.767e-02 (2350) 9
* 30983: obj =   4.336966685e+11 inf =   3.958e-02 (6132) 9
* 32194: obj =   4.336923405e+11 inf =   4.722e-02 (5621) 11
* 33887: obj =   4.336917192e+11 inf =   4.390e-02 (5126) 17
* 35486: obj =   4.336914271e+11 inf =   3.663e-02 (4782) 12
* 36901: obj =   4.336912058e+11 inf =   3.730e-02 (4469) 13
* 38223: obj =   4.336908215e+11 inf =   3.110e-02 (4167) 12
* 39879: obj =   4.336905002e+11 inf =   2.484e-02 (3083) 11
* 42111: obj =   4.336903267e+11 inf =   2.187e-02 (1207) 7
Removing LP perturbation [43332]...
* 43332: obj =   4.336162192e+11 inf =   0.000e+00 (0) 5
OPTIMAL LP SOLUTION FOUND
Integer optimization begins...
Long-step dual simplex will be used
+ 43332: mip =     not found yet >=              -inf        (1; 0)
+ 43332: >>>>>   4.336162192e+11 >=   4.336162192e+11   0.0% (1; 0)
+ 43332: mip =   4.336162192e+11 >=     tree is empty   0.0% (0; 1)
INTEGER OPTIMAL SOLUTION FOUND
Time used:   188.6 secs
Memory used: 108.1 Mb (113379662 bytes)
Writing MIP solution to 'input/sx-mathoverflow.html/sx-mathoverflow-a2q.txt.gz.48.lp.reach_chain_detours.lp.sol'...
Objective:  obj = 4.336162192e+11 (MINimum)
