	Command being timed: "/usr/app/src/glpk-5.0/examples/glpsol --lp input/sx-mathoverflow.html/sx-mathoverflow-c2a.txt.gz.324.lp -o input/sx-mathoverflow.html/sx-mathoverflow-c2a.txt.gz.324.lp.sol"
	User time (seconds): 6694.59
	System time (seconds): 5.11
	Percent of CPU this job got: 99%
	Elapsed (wall clock) time (h:mm:ss or m:ss): 1:52:12
	Average shared text size (kbytes): 0
	Average unshared data size (kbytes): 0
	Average stack size (kbytes): 0
	Average total size (kbytes): 0
	Maximum resident set size (kbytes): 197484
	Average resident set size (kbytes): 0
	Major (requiring I/O) page faults: 0
	Minor (reclaiming a frame) page faults: 105857
	Voluntary context switches: 77
	Involuntary context switches: 37937
	Swaps: 0
	File system inputs: 0
	File system outputs: 34624
	Socket messages sent: 0
	Socket messages received: 0
	Signals delivered: 0
	Page size (bytes): 4096
	Exit status: 0
