Launched as 5 input/Oregon-2.html/oregon2_010526.txt.gz 0


Execution time and memory used at after reading from file: 1.010000e+00 seconds, 16982016 bytes of memory usage, 16620 kB of memory peak and 00:01 elapsed time
Statistics on the network after reading from file
	Number of nodes: 11461
	Number of allocated nodes: 12288
	Number of edges: 32731
	Maximum in degree: 231 (node 6461)
	Maximum out degree: 2406 (node 701)

Execution time and memory used at after adding costs: 1.010000e+00 seconds, 16982016 bytes of memory usage, 16620 kB of memory peak and 00:01 elapsed time
Statistics on the network after adding costs
	Number of nodes: 11461
	Number of allocated nodes: 12288
	Number of edges: 32731
	Maximum in degree: 231 (node 6461)
	Maximum out degree: 2406 (node 701)

Execution time and memory used at before starting main computation: 1.020000e+00 seconds, 16982016 bytes of memory usage, 17100 kB of memory peak and 00:01 elapsed time
Statistics on the network before starting main computation
	Number of nodes: 11461
	Number of allocated nodes: 12288
	Number of edges: 32731
	Maximum in degree: 231 (node 6461)
	Maximum out degree: 2406 (node 701)
	source 1659 (node 701) with out degree 2406
	target 4 (node 6461) with in degree 231

Execution time and memory used at after creating milp without reductions: 1.060000e+00 seconds, 16982016 bytes of memory usage, 17100 kB of memory peak and 00:01 elapsed time
Statistics on the network after creating milp without reductions
	Number of nodes: 11461
	Number of allocated nodes: 12288
	Number of edges: 32731
	Maximum in degree: 231 (node 6461)
	Maximum out degree: 2406 (node 701)
	source 1659 (node 701) with out degree 2406
	target 4 (node 6461) with in degree 231

Execution time and memory used at after reachability and chains reduction: 3.820000e+00 seconds, 17080320 bytes of memory usage, 17696 kB of memory peak and 00:04 elapsed time
Statistics on the network after reachability and chains reduction
	Number of nodes: 391
	Number of allocated nodes: 12288
	Number of edges: 2677
	Maximum in degree: 193 (node 6461)
	Maximum out degree: 131 (node 701)
	source 1659 (node 701) with out degree 131
	target 4 (node 6461) with in degree 193

Execution time and memory used at after detours elimination: 3.840000e+00 seconds, 17080320 bytes of memory usage, 17704 kB of memory peak and 00:04 elapsed time
Statistics on the network after detours elimination
	Number of nodes: 391
	Number of allocated nodes: 12288
	Number of edges: 2677
	Maximum in degree: 193 (node 6461)
	Maximum out degree: 131 (node 701)
	source 1659 (node 701) with out degree 131
	target 4 (node 6461) with in degree 193

Execution time and memory used at after creating milp with detours elimination (all transformations): 3.860000e+00 seconds, 17080320 bytes of memory usage, 17704 kB of memory peak and 00:04 elapsed time
Statistics on the network after creating milp with detours elimination (all transformations)
	Number of nodes: 391
	Number of allocated nodes: 12288
	Number of edges: 2677
	Maximum in degree: 193 (node 6461)
	Maximum out degree: 131 (node 701)
	source 1659 (node 701) with out degree 131
	target 4 (node 6461) with in degree 193
