Version 1.2 launched as -e 0.1 -i 12 input/soc-RedditHyperlinks.html/soc-redditHyperlinks-title.tsv.gz 39

Warning: node t:1930s replaced with t_1930s
Warning: node t:1930s replaced with t_1930s
Warning: node t:1930s replaced with t_1930s
Warning: node t:1930s replaced with t_1930s
Warning: node t:1930s replaced with t_1930s
Warning: node t:1930s replaced with t_1930s
Warning: node t:1930s replaced with t_1930s
Warning: node t:1930s replaced with t_1930s
Warning: node t:2112 replaced with t_2112
Warning: node t:1930s replaced with t_1930s

Execution time and memory used at after reading from file: 1.184000e+01 seconds, 28762112 bytes of memory usage, 28124 kB of memory peak and 00:12 elapsed time
Statistics on the network after reading from file
	Number of nodes: 54075
	Number of allocated nodes: 54272
	Number of edges: 234792
	Maximum in degree: 4164 (node askreddit)
	Maximum out degree: 3111 (node bestof)

Execution time and memory used at after adding costs: 1.186000e+01 seconds, 28762112 bytes of memory usage, 28124 kB of memory peak and 00:12 elapsed time
Statistics on the network after adding costs
	Number of nodes: 54075
	Number of allocated nodes: 54272
	Number of edges: 234792
	Maximum in degree: 4164 (node askreddit)
	Maximum out degree: 3111 (node bestof)

Execution time and memory used at before starting main computation: 1.261000e+01 seconds, 29167616 bytes of memory usage, 29212 kB of memory peak and 00:13 elapsed time
Statistics on the network before starting main computation
	Number of nodes: 54075
	Number of allocated nodes: 54272
	Number of edges: 234792
	Maximum in degree: 4164 (node askreddit)
	Maximum out degree: 3111 (node bestof)
	source 16 (node bestof) with out degree 3111
	target 16030 (node fivenightsatfreddys) with in degree 135

Execution time and memory used at after iteration 1 (MF = 5.073952): 7.366300e+02 seconds, 247115776 bytes of memory usage, 300580 kB of memory peak and 12:17 elapsed time
Statistics on the network after iteration 1 (MF = 5.073952)
	Number of nodes: 54075
	Number of allocated nodes: 54272
	Number of edges: 234792
	Maximum in degree: 4164 (node askreddit)
	Maximum out degree: 3111 (node bestof)
	source 16 (node bestof) with out degree 3111
	target 16030 (node fivenightsatfreddys) with in degree 135

Execution time and memory used at after iteration 2 (MF = 2.527973): 7.455800e+02 seconds, 247115776 bytes of memory usage, 300604 kB of memory peak and 12:26 elapsed time
Statistics on the network after iteration 2 (MF = 2.527973)
	Number of nodes: 54075
	Number of allocated nodes: 54272
	Number of edges: 234792
	Maximum in degree: 4164 (node askreddit)
	Maximum out degree: 3111 (node bestof)
	source 16 (node bestof) with out degree 3111
	target 16030 (node fivenightsatfreddys) with in degree 135

Execution time and memory used at after iteration 3 (MF = 4.070378): 7.830500e+02 seconds, 247115776 bytes of memory usage, 344072 kB of memory peak and 13:03 elapsed time
Statistics on the network after iteration 3 (MF = 4.070378)
	Number of nodes: 54075
	Number of allocated nodes: 54272
	Number of edges: 234792
	Maximum in degree: 4164 (node askreddit)
	Maximum out degree: 3111 (node bestof)
	source 16 (node bestof) with out degree 3111
	target 16030 (node fivenightsatfreddys) with in degree 135

Execution time and memory used at after iteration 4 (MF = 3.473814): 8.770600e+02 seconds, 247115776 bytes of memory usage, 355260 kB of memory peak and 14:37 elapsed time
Statistics on the network after iteration 4 (MF = 3.473814)
	Number of nodes: 54075
	Number of allocated nodes: 54272
	Number of edges: 234792
	Maximum in degree: 4164 (node askreddit)
	Maximum out degree: 3111 (node bestof)
	source 16 (node bestof) with out degree 3111
	target 16030 (node fivenightsatfreddys) with in degree 135

Execution time and memory used at after iteration 5 (MF = 3.534021): 1.135750e+03 seconds, 247115776 bytes of memory usage, 566436 kB of memory peak and 18:56 elapsed time
Statistics on the network after iteration 5 (MF = 3.534021)
	Number of nodes: 54075
	Number of allocated nodes: 54272
	Number of edges: 234792
	Maximum in degree: 4164 (node askreddit)
	Maximum out degree: 3111 (node bestof)
	source 16 (node bestof) with out degree 3111
	target 16030 (node fivenightsatfreddys) with in degree 135

Execution time and memory used at after iteration 6 (MF = 3.283574): 1.389390e+03 seconds, 247115776 bytes of memory usage, 566436 kB of memory peak and 23:10 elapsed time
Statistics on the network after iteration 6 (MF = 3.283574)
	Number of nodes: 54075
	Number of allocated nodes: 54272
	Number of edges: 234792
	Maximum in degree: 4164 (node askreddit)
	Maximum out degree: 3111 (node bestof)
	source 16 (node bestof) with out degree 3111
	target 16030 (node fivenightsatfreddys) with in degree 135

Execution time and memory used at after iteration 7 (MF = 3.244811): 5.042916e+04 seconds, 283938816 bytes of memory usage, 784176 kB of memory peak and 14:00:33 elapsed time
Statistics on the network after iteration 7 (MF = 3.244811)
	Number of nodes: 54075
	Number of allocated nodes: 54272
	Number of edges: 234792
	Maximum in degree: 4164 (node askreddit)
	Maximum out degree: 3111 (node bestof)
	source 16 (node bestof) with out degree 3111
	target 16030 (node fivenightsatfreddys) with in degree 135

Execution time and memory used at after iteration 8 (MF = 3.215258): 5.327257e+04 seconds, 411099136 bytes of memory usage, 784176 kB of memory peak and 14:47:56 elapsed time
Statistics on the network after iteration 8 (MF = 3.215258)
	Number of nodes: 54075
	Number of allocated nodes: 54272
	Number of edges: 234792
	Maximum in degree: 4164 (node askreddit)
	Maximum out degree: 3111 (node bestof)
	source 16 (node bestof) with out degree 3111
	target 16030 (node fivenightsatfreddys) with in degree 135

Execution time and memory used at after iteration 9 (MF = 3.191065): 5.613368e+04 seconds, 429666304 bytes of memory usage, 784176 kB of memory peak and 15:35:38 elapsed time
Statistics on the network after iteration 9 (MF = 3.191065)
	Number of nodes: 54075
	Number of allocated nodes: 54272
	Number of edges: 234792
	Maximum in degree: 4164 (node askreddit)
	Maximum out degree: 3111 (node bestof)
	source 16 (node bestof) with out degree 3111
	target 16030 (node fivenightsatfreddys) with in degree 135

Execution time and memory used at after iteration 10 (MF = 3.041237): 1.038752e+05 seconds, 411099136 bytes of memory usage, 784176 kB of memory peak and 1-04:51:21 elapsed time
Statistics on the network after iteration 10 (MF = 3.041237)
	Number of nodes: 54075
	Number of allocated nodes: 54272
	Number of edges: 234792
	Maximum in degree: 4164 (node askreddit)
	Maximum out degree: 3111 (node bestof)
	source 16 (node bestof) with out degree 3111
	target 16030 (node fivenightsatfreddys) with in degree 135

Execution time and memory used at after iteration 11 (MF = 2.673952): 1.068771e+05 seconds, 547475456 bytes of memory usage, 784176 kB of memory peak and 1-05:41:23 elapsed time
Statistics on the network after iteration 11 (MF = 2.673952)
	Number of nodes: 54075
	Number of allocated nodes: 54272
	Number of edges: 234792
	Maximum in degree: 4164 (node askreddit)
	Maximum out degree: 3111 (node bestof)
	source 16 (node bestof) with out degree 3111
	target 16030 (node fivenightsatfreddys) with in degree 135

Execution time and memory used at after iteration 12 (MF = 3.465155): 1.115550e+05 seconds, 741605376 bytes of memory usage, 983124 kB of memory peak and 1-06:59:21 elapsed time
Statistics on the network after iteration 12 (MF = 3.465155)
	Number of nodes: 54075
	Number of allocated nodes: 54272
	Number of edges: 234792
	Maximum in degree: 4164 (node askreddit)
	Maximum out degree: 3111 (node bestof)
	source 16 (node bestof) with out degree 3111
	target 16030 (node fivenightsatfreddys) with in degree 135

Execution time and memory used at after iteration 13 (MF = 3.682612): 1.663007e+05 seconds, 411099136 bytes of memory usage, 983124 kB of memory peak and 1-22:11:49 elapsed time
Statistics on the network after iteration 13 (MF = 3.682612)
	Number of nodes: 54075
	Number of allocated nodes: 54272
	Number of edges: 234792
	Maximum in degree: 4164 (node askreddit)
	Maximum out degree: 3111 (node bestof)
	source 16 (node bestof) with out degree 3111
	target 16030 (node fivenightsatfreddys) with in degree 135

Execution time and memory used at after iteration 14 (MF = 3.309828): 2.981388e+05 seconds, 411099136 bytes of memory usage, 1358616 kB of memory peak and 3-10:49:18 elapsed time
Statistics on the network after iteration 14 (MF = 3.309828)
	Number of nodes: 54075
	Number of allocated nodes: 54272
	Number of edges: 234792
	Maximum in degree: 4164 (node askreddit)
	Maximum out degree: 3111 (node bestof)
	source 16 (node bestof) with out degree 3111
	target 16030 (node fivenightsatfreddys) with in degree 135

Execution time and memory used at after iteration 15 (MF = 3.542405): 3.144167e+05 seconds, 411099136 bytes of memory usage, 1358616 kB of memory peak and 3-15:20:37 elapsed time
Statistics on the network after iteration 15 (MF = 3.542405)
	Number of nodes: 54075
	Number of allocated nodes: 54272
	Number of edges: 234792
	Maximum in degree: 4164 (node askreddit)
	Maximum out degree: 3111 (node bestof)
	source 16 (node bestof) with out degree 3111
	target 16030 (node fivenightsatfreddys) with in degree 135
