GLPSOL--GLPK LP/MIP Solver 5.0
Parameter(s) specified in the command line:
 --lp input/sx-mathoverflow.html/sx-mathoverflow-c2q.txt.gz.270.lp -o input/sx-mathoverflow.html/sx-mathoverflow-c2q.txt.gz.270.lp.sol
Reading problem data from 'input/sx-mathoverflow.html/sx-mathoverflow-c2q.txt.gz.270.lp'...
91152 rows, 199016 columns, 455747 non-zeros
199016 integer variables, all of which are binary
290173 lines were read
GLPK Integer Optimizer 5.0
91152 rows, 199016 columns, 455747 non-zeros
199016 integer variables, all of which are binary
Preprocessing...
1 hidden packing inequaliti(es) were detected
90660 rows, 198502 columns, 451935 non-zeros
198502 integer variables, all of which are binary
Scaling...
 A: min|aij| =  1.000e+00  max|aij| =  1.000e+00  ratio =  1.000e+00
Problem data seem to be well scaled
Constructing initial basis...
Size of triangular part is 90660
Solving LP relaxation...
GLPK Simplex Optimizer 5.0
90660 rows, 198502 columns, 451935 non-zeros
      0: obj =   0.000000000e+00 inf =   4.520e+02 (452)
    452: obj =   6.090204118e+11 inf =   0.000e+00 (0)
Perturbing LP to avoid stalling [651]...
*  1514: obj =   6.075651827e+11 inf =   0.000e+00 (937) 5
*  2283: obj =   6.075651827e+11 inf =   0.000e+00 (983) 7
*  3000: obj =   6.075651827e+11 inf =   0.000e+00 (1032) 6
*  3647: obj =   6.075651827e+11 inf =   0.000e+00 (1054) 6
*  4257: obj =   6.075651827e+11 inf =   0.000e+00 (1086) 6
*  4852: obj =   6.075651827e+11 inf =   0.000e+00 (1130) 6
*  5406: obj =   6.075651827e+11 inf =   0.000e+00 (1136) 5
*  5926: obj =   6.075651827e+11 inf =   0.000e+00 (1173) 5
*  6492: obj =   5.116848785e+11 inf =   0.000e+00 (3148) 5
*  7063: obj =   5.116848726e+11 inf =   4.427e-04 (3065) 6
*  7624: obj =   5.087194181e+11 inf =   3.506e-03 (3039) 5
*  8175: obj =   5.087193504e+11 inf =   7.493e-03 (2981) 6
*  8725: obj =   5.068252164e+11 inf =   9.071e-03 (2974) 5
*  9268: obj =   5.068251301e+11 inf =   1.412e-02 (2942) 6
*  9814: obj =   5.068250641e+11 inf =   1.931e-02 (2911) 5
* 10347: obj =   5.068249581e+11 inf =   1.941e-02 (2872) 5
* 10886: obj =   5.068248319e+11 inf =   1.895e-02 (2827) 6
* 11435: obj =   4.787082647e+11 inf =   1.815e-02 (2842) 5
* 11971: obj =   4.763883545e+11 inf =   1.766e-02 (2807) 5
* 12506: obj =   4.763882873e+11 inf =   2.089e-02 (2795) 5
* 13042: obj =   4.763882012e+11 inf =   2.151e-02 (2793) 5
* 13598: obj =   4.302494105e+11 inf =   2.168e-02 (2776) 5
* 14077: obj =   4.269068058e+11 inf =   1.981e-02 (2714) 5
* 14594: obj =   4.177476014e+11 inf =   1.764e-02 (2650) 5
* 15074: obj =   3.326256225e+11 inf =   1.714e-02 (2512) 5
* 15593: obj =   1.570653428e+11 inf =   1.626e-02 (4153) 4
* 16151: obj =   1.570586833e+11 inf =   1.082e-02 (4041) 6
* 16689: obj =   1.570584895e+11 inf =   1.524e-02 (2391) 5
* 17323: obj =   1.570584158e+11 inf =   1.951e-02 (4008) 6
* 17966: obj =   1.570555311e+11 inf =   7.580e-02 (3871) 6
* 18683: obj =   1.570551812e+11 inf =   9.643e-02 (3708) 8
* 19495: obj =   1.559361576e+11 inf =   7.693e-02 (2293) 7
* 20081: obj =   1.559359450e+11 inf =   3.609e-02 (2195) 6
* 20718: obj =   1.559358523e+11 inf =   3.561e-02 (2144) 6
* 21421: obj =   1.492103730e+11 inf =   3.301e-02 (3927) 6
* 21990: obj =   1.492082298e+11 inf =   3.367e-02 (2157) 5
* 22698: obj =   1.492061295e+11 inf =   4.760e-02 (3794) 7
* 23431: obj =   1.492051610e+11 inf =   8.325e-02 (3618) 8
* 24325: obj =   1.478999250e+11 inf =   7.542e-02 (3407) 8
* 25238: obj =   1.465947692e+11 inf =   6.770e-02 (2956) 8
* 26114: obj =   1.465946337e+11 inf =   5.537e-02 (2658) 7
* 26878: obj =   1.465945376e+11 inf =   4.726e-02 (2453) 7
* 27597: obj =   1.465944193e+11 inf =   3.652e-02 (2322) 5
* 28299: obj =   1.465942226e+11 inf =   3.619e-02 (2131) 6
* 28969: obj =   1.465938984e+11 inf =   3.409e-02 (2064) 6
* 29593: obj =   1.465935519e+11 inf =   3.056e-02 (1950) 5
* 30188: obj =   1.465931342e+11 inf =   2.881e-02 (1833) 5
* 30802: obj =   1.465927725e+11 inf =   2.616e-02 (1751) 6
* 31527: obj =   1.465925636e+11 inf =   2.368e-02 (1372) 6
* 32538: obj =   1.465925180e+11 inf =   2.299e-02 (480) 4
Removing LP perturbation [33095]...
* 33095: obj =   1.465954204e+11 inf =   0.000e+00 (0) 2
OPTIMAL LP SOLUTION FOUND
Integer optimization begins...
Long-step dual simplex will be used
+ 33095: mip =     not found yet >=              -inf        (1; 0)
+ 33095: >>>>>   1.465954204e+11 >=   1.465954204e+11   0.0% (1; 0)
+ 33095: mip =   1.465954204e+11 >=     tree is empty   0.0% (0; 1)
INTEGER OPTIMAL SOLUTION FOUND
Time used:   255.3 secs
Memory used: 235.0 Mb (246427884 bytes)
Writing MIP solution to 'input/sx-mathoverflow.html/sx-mathoverflow-c2q.txt.gz.270.lp.sol'...
Objective:  obj = 1.465954204e+11 (MINimum)
