	Command being timed: "/usr/app/src/main 5 input/loc-Brightkite.html/loc-brightkite_edges.txt.gz 0"
	User time (seconds): 49041.27
	System time (seconds): 5.63
	Percent of CPU this job got: 99%
	Elapsed (wall clock) time (h:mm:ss or m:ss): 13:37:29
	Average shared text size (kbytes): 0
	Average unshared data size (kbytes): 0
	Average stack size (kbytes): 0
	Average total size (kbytes): 0
	Maximum resident set size (kbytes): 38068
	Average resident set size (kbytes): 0
	Major (requiring I/O) page faults: 0
	Minor (reclaiming a frame) page faults: 3991176
	Voluntary context switches: 109
	Involuntary context switches: 73338
	Swaps: 0
	File system inputs: 0
	File system outputs: 204128
	Socket messages sent: 0
	Socket messages received: 0
	Signals delivered: 0
	Page size (bytes): 4096
	Exit status: 0
