Version 1.2 launched as -e 0.1 12 input/p2p-Gnutella08.html/p2p-Gnutella08.txt.gz 16


Execution time and memory used at after reading from file: 1.700000e-01 seconds, 15884288 bytes of memory usage, 15548 kB of memory peak and 00:01 elapsed time
Statistics on the network after reading from file
	Number of nodes: 6301
	Number of allocated nodes: 7168
	Number of edges: 20777
	Maximum in degree: 91 (node 266)
	Maximum out degree: 48 (node 5831)

Execution time and memory used at after adding costs: 1.800000e-01 seconds, 15884288 bytes of memory usage, 15548 kB of memory peak and 00:01 elapsed time
Statistics on the network after adding costs
	Number of nodes: 6301
	Number of allocated nodes: 7168
	Number of edges: 20777
	Maximum in degree: 91 (node 266)
	Maximum out degree: 48 (node 5831)

Execution time and memory used at before starting main computation: 1.800000e-01 seconds, 15884288 bytes of memory usage, 16028 kB of memory peak and 00:01 elapsed time
Statistics on the network before starting main computation
	Number of nodes: 6301
	Number of allocated nodes: 7168
	Number of edges: 20777
	Maximum in degree: 91 (node 266)
	Maximum out degree: 48 (node 5831)
	source 5884 (node 5831) with out degree 48
	target 79 (node 123) with in degree 87

Execution time and memory used at after iteration 1 (MF = 11.820144): 2.040000e+00 seconds, 35864576 bytes of memory usage, 38880 kB of memory peak and 00:03 elapsed time
Statistics on the network after iteration 1 (MF = 11.820144)
	Number of nodes: 6301
	Number of allocated nodes: 7168
	Number of edges: 20777
	Maximum in degree: 91 (node 266)
	Maximum out degree: 48 (node 5831)
	source 5884 (node 5831) with out degree 48
	target 79 (node 123) with in degree 87

Execution time and memory used at after iteration 2 (MF = 9.676259): 2.430000e+00 seconds, 35864576 bytes of memory usage, 39852 kB of memory peak and 00:03 elapsed time
Statistics on the network after iteration 2 (MF = 9.676259)
	Number of nodes: 6301
	Number of allocated nodes: 7168
	Number of edges: 20777
	Maximum in degree: 91 (node 266)
	Maximum out degree: 48 (node 5831)
	source 5884 (node 5831) with out degree 48
	target 79 (node 123) with in degree 87

Execution time and memory used at after iteration 3 (MF = 7.215827): 2.710000e+00 seconds, 35864576 bytes of memory usage, 40880 kB of memory peak and 00:03 elapsed time
Statistics on the network after iteration 3 (MF = 7.215827)
	Number of nodes: 6301
	Number of allocated nodes: 7168
	Number of edges: 20777
	Maximum in degree: 91 (node 266)
	Maximum out degree: 48 (node 5831)
	source 5884 (node 5831) with out degree 48
	target 79 (node 123) with in degree 87

Execution time and memory used at after iteration 4 (MF = 8.323741): 5.870000e+00 seconds, 41361408 bytes of memory usage, 45040 kB of memory peak and 00:06 elapsed time
Statistics on the network after iteration 4 (MF = 8.323741)
	Number of nodes: 6301
	Number of allocated nodes: 7168
	Number of edges: 20777
	Maximum in degree: 91 (node 266)
	Maximum out degree: 48 (node 5831)
	source 5884 (node 5831) with out degree 48
	target 79 (node 123) with in degree 87

Execution time and memory used at after iteration 5 (MF = 7.172662): 1.621000e+02 seconds, 41160704 bytes of memory usage, 52956 kB of memory peak and 02:43 elapsed time
Statistics on the network after iteration 5 (MF = 7.172662)
	Number of nodes: 6301
	Number of allocated nodes: 7168
	Number of edges: 20777
	Maximum in degree: 91 (node 266)
	Maximum out degree: 48 (node 5831)
	source 5884 (node 5831) with out degree 48
	target 79 (node 123) with in degree 87

Execution time and memory used at after iteration 6 (MF = 7.165468): 1.635900e+02 seconds, 42369024 bytes of memory usage, 52956 kB of memory peak and 02:44 elapsed time
Statistics on the network after iteration 6 (MF = 7.165468)
	Number of nodes: 6301
	Number of allocated nodes: 7168
	Number of edges: 20777
	Maximum in degree: 91 (node 266)
	Maximum out degree: 48 (node 5831)
	source 5884 (node 5831) with out degree 48
	target 79 (node 123) with in degree 87

Execution time and memory used at after iteration 7 (MF = 6.992806): 2.835400e+02 seconds, 41943040 bytes of memory usage, 52956 kB of memory peak and 04:44 elapsed time
Statistics on the network after iteration 7 (MF = 6.992806)
	Number of nodes: 6301
	Number of allocated nodes: 7168
	Number of edges: 20777
	Maximum in degree: 91 (node 266)
	Maximum out degree: 48 (node 5831)
	source 5884 (node 5831) with out degree 48
	target 79 (node 123) with in degree 87

Execution time and memory used at after iteration 8 (MF = 7.057554): 3.254700e+02 seconds, 41160704 bytes of memory usage, 67072 kB of memory peak and 05:26 elapsed time
Statistics on the network after iteration 8 (MF = 7.057554)
	Number of nodes: 6301
	Number of allocated nodes: 7168
	Number of edges: 20777
	Maximum in degree: 91 (node 266)
	Maximum out degree: 48 (node 5831)
	source 5884 (node 5831) with out degree 48
	target 79 (node 123) with in degree 87

Execution time and memory used at after iteration 9 (MF = 8.035971): 4.373000e+02 seconds, 41160704 bytes of memory usage, 151404 kB of memory peak and 07:18 elapsed time
Statistics on the network after iteration 9 (MF = 8.035971)
	Number of nodes: 6301
	Number of allocated nodes: 7168
	Number of edges: 20777
	Maximum in degree: 91 (node 266)
	Maximum out degree: 48 (node 5831)
	source 5884 (node 5831) with out degree 48
	target 79 (node 123) with in degree 87

Execution time and memory used at after iteration 10 (MF = 6.000000): 4.640100e+02 seconds, 41160704 bytes of memory usage, 151404 kB of memory peak and 07:45 elapsed time
Statistics on the network after iteration 10 (MF = 6.000000)
	Number of nodes: 6301
	Number of allocated nodes: 7168
	Number of edges: 20777
	Maximum in degree: 91 (node 266)
	Maximum out degree: 48 (node 5831)
	source 5884 (node 5831) with out degree 48
	target 79 (node 123) with in degree 87

Execution time and memory used at after iteration 11 (MF = 8.208633): 6.157400e+02 seconds, 67792896 bytes of memory usage, 151404 kB of memory peak and 10:16 elapsed time
Statistics on the network after iteration 11 (MF = 8.208633)
	Number of nodes: 6301
	Number of allocated nodes: 7168
	Number of edges: 20777
	Maximum in degree: 91 (node 266)
	Maximum out degree: 48 (node 5831)
	source 5884 (node 5831) with out degree 48
	target 79 (node 123) with in degree 87

Execution time and memory used at after iteration 12 (MF = 6.417266): 6.709500e+02 seconds, 41160704 bytes of memory usage, 151404 kB of memory peak and 11:12 elapsed time
Statistics on the network after iteration 12 (MF = 6.417266)
	Number of nodes: 6301
	Number of allocated nodes: 7168
	Number of edges: 20777
	Maximum in degree: 91 (node 266)
	Maximum out degree: 48 (node 5831)
	source 5884 (node 5831) with out degree 48
	target 79 (node 123) with in degree 87

Execution time and memory used at after iteration 13 (MF = 8.517986): 7.549700e+02 seconds, 41160704 bytes of memory usage, 151404 kB of memory peak and 12:36 elapsed time
Statistics on the network after iteration 13 (MF = 8.517986)
	Number of nodes: 6301
	Number of allocated nodes: 7168
	Number of edges: 20777
	Maximum in degree: 91 (node 266)
	Maximum out degree: 48 (node 5831)
	source 5884 (node 5831) with out degree 48
	target 79 (node 123) with in degree 87

Execution time and memory used at after iteration 14 (MF = 8.460432): 8.125500e+02 seconds, 41160704 bytes of memory usage, 151404 kB of memory peak and 13:33 elapsed time
Statistics on the network after iteration 14 (MF = 8.460432)
	Number of nodes: 6301
	Number of allocated nodes: 7168
	Number of edges: 20777
	Maximum in degree: 91 (node 266)
	Maximum out degree: 48 (node 5831)
	source 5884 (node 5831) with out degree 48
	target 79 (node 123) with in degree 87

Execution time and memory used at after iteration 15 (MF = 7.719424): 1.104510e+03 seconds, 52854784 bytes of memory usage, 167024 kB of memory peak and 18:25 elapsed time
Statistics on the network after iteration 15 (MF = 7.719424)
	Number of nodes: 6301
	Number of allocated nodes: 7168
	Number of edges: 20777
	Maximum in degree: 91 (node 266)
	Maximum out degree: 48 (node 5831)
	source 5884 (node 5831) with out degree 48
	target 79 (node 123) with in degree 87

Execution time and memory used at after iteration 16 (MF = 7.611511): 1.307030e+03 seconds, 74096640 bytes of memory usage, 167024 kB of memory peak and 21:48 elapsed time
Statistics on the network after iteration 16 (MF = 7.611511)
	Number of nodes: 6301
	Number of allocated nodes: 7168
	Number of edges: 20777
	Maximum in degree: 91 (node 266)
	Maximum out degree: 48 (node 5831)
	source 5884 (node 5831) with out degree 48
	target 79 (node 123) with in degree 87

Execution time and memory used at after iteration 17 (MF = 7.316547): 1.603840e+03 seconds, 75231232 bytes of memory usage, 167024 kB of memory peak and 26:45 elapsed time
Statistics on the network after iteration 17 (MF = 7.316547)
	Number of nodes: 6301
	Number of allocated nodes: 7168
	Number of edges: 20777
	Maximum in degree: 91 (node 266)
	Maximum out degree: 48 (node 5831)
	source 5884 (node 5831) with out degree 48
	target 79 (node 123) with in degree 87

Execution time and memory used at after iteration 18 (MF = 8.834532): 1.751180e+03 seconds, 74096640 bytes of memory usage, 215592 kB of memory peak and 29:12 elapsed time
Statistics on the network after iteration 18 (MF = 8.834532)
	Number of nodes: 6301
	Number of allocated nodes: 7168
	Number of edges: 20777
	Maximum in degree: 91 (node 266)
	Maximum out degree: 48 (node 5831)
	source 5884 (node 5831) with out degree 48
	target 79 (node 123) with in degree 87

Execution time and memory used at after iteration 19 (MF = 8.453237): 1.845530e+03 seconds, 76337152 bytes of memory usage, 215592 kB of memory peak and 30:46 elapsed time
Statistics on the network after iteration 19 (MF = 8.453237)
	Number of nodes: 6301
	Number of allocated nodes: 7168
	Number of edges: 20777
	Maximum in degree: 91 (node 266)
	Maximum out degree: 48 (node 5831)
	source 5884 (node 5831) with out degree 48
	target 79 (node 123) with in degree 87

Execution time and memory used at after iteration 20 (MF = 7.942446): 1.980340e+03 seconds, 74096640 bytes of memory usage, 215592 kB of memory peak and 33:01 elapsed time
Statistics on the network after iteration 20 (MF = 7.942446)
	Number of nodes: 6301
	Number of allocated nodes: 7168
	Number of edges: 20777
	Maximum in degree: 91 (node 266)
	Maximum out degree: 48 (node 5831)
	source 5884 (node 5831) with out degree 48
	target 79 (node 123) with in degree 87

Execution time and memory used at after iteration 21 (MF = 8.827338): 2.277930e+03 seconds, 74096640 bytes of memory usage, 352180 kB of memory peak and 37:59 elapsed time
Statistics on the network after iteration 21 (MF = 8.827338)
	Number of nodes: 6301
	Number of allocated nodes: 7168
	Number of edges: 20777
	Maximum in degree: 91 (node 266)
	Maximum out degree: 48 (node 5831)
	source 5884 (node 5831) with out degree 48
	target 79 (node 123) with in degree 87

Execution time and memory used at after iteration 22 (MF = 7.014388): 2.362270e+03 seconds, 74096640 bytes of memory usage, 352180 kB of memory peak and 39:23 elapsed time
Statistics on the network after iteration 22 (MF = 7.014388)
	Number of nodes: 6301
	Number of allocated nodes: 7168
	Number of edges: 20777
	Maximum in degree: 91 (node 266)
	Maximum out degree: 48 (node 5831)
	source 5884 (node 5831) with out degree 48
	target 79 (node 123) with in degree 87

Execution time and memory used at after iteration 23 (MF = 7.597122): 2.427620e+03 seconds, 74096640 bytes of memory usage, 352180 kB of memory peak and 40:28 elapsed time
Statistics on the network after iteration 23 (MF = 7.597122)
	Number of nodes: 6301
	Number of allocated nodes: 7168
	Number of edges: 20777
	Maximum in degree: 91 (node 266)
	Maximum out degree: 48 (node 5831)
	source 5884 (node 5831) with out degree 48
	target 79 (node 123) with in degree 87

Execution time and memory used at after iteration 24 (MF = 5.769784): 2.520110e+03 seconds, 74096640 bytes of memory usage, 352180 kB of memory peak and 42:01 elapsed time
Statistics on the network after iteration 24 (MF = 5.769784)
	Number of nodes: 6301
	Number of allocated nodes: 7168
	Number of edges: 20777
	Maximum in degree: 91 (node 266)
	Maximum out degree: 48 (node 5831)
	source 5884 (node 5831) with out degree 48
	target 79 (node 123) with in degree 87

Execution time and memory used at after iteration 25 (MF = 6.338129): 2.597110e+03 seconds, 75116544 bytes of memory usage, 352180 kB of memory peak and 43:18 elapsed time
Statistics on the network after iteration 25 (MF = 6.338129)
	Number of nodes: 6301
	Number of allocated nodes: 7168
	Number of edges: 20777
	Maximum in degree: 91 (node 266)
	Maximum out degree: 48 (node 5831)
	source 5884 (node 5831) with out degree 48
	target 79 (node 123) with in degree 87

Execution time and memory used at after iteration 26 (MF = 7.194245): 2.669050e+03 seconds, 74096640 bytes of memory usage, 352180 kB of memory peak and 44:30 elapsed time
Statistics on the network after iteration 26 (MF = 7.194245)
	Number of nodes: 6301
	Number of allocated nodes: 7168
	Number of edges: 20777
	Maximum in degree: 91 (node 266)
	Maximum out degree: 48 (node 5831)
	source 5884 (node 5831) with out degree 48
	target 79 (node 123) with in degree 87

Execution time and memory used at after iteration 27 (MF = 6.618705): 2.958460e+03 seconds, 74326016 bytes of memory usage, 352180 kB of memory peak and 49:19 elapsed time
Statistics on the network after iteration 27 (MF = 6.618705)
	Number of nodes: 6301
	Number of allocated nodes: 7168
	Number of edges: 20777
	Maximum in degree: 91 (node 266)
	Maximum out degree: 48 (node 5831)
	source 5884 (node 5831) with out degree 48
	target 79 (node 123) with in degree 87

Execution time and memory used at after iteration 28 (MF = 6.834532): 3.060530e+03 seconds, 74096640 bytes of memory usage, 352180 kB of memory peak and 51:01 elapsed time
Statistics on the network after iteration 28 (MF = 6.834532)
	Number of nodes: 6301
	Number of allocated nodes: 7168
	Number of edges: 20777
	Maximum in degree: 91 (node 266)
	Maximum out degree: 48 (node 5831)
	source 5884 (node 5831) with out degree 48
	target 79 (node 123) with in degree 87

Execution time and memory used at after iteration 29 (MF = 7.985612): 3.433350e+03 seconds, 74096640 bytes of memory usage, 352180 kB of memory peak and 57:14 elapsed time
Statistics on the network after iteration 29 (MF = 7.985612)
	Number of nodes: 6301
	Number of allocated nodes: 7168
	Number of edges: 20777
	Maximum in degree: 91 (node 266)
	Maximum out degree: 48 (node 5831)
	source 5884 (node 5831) with out degree 48
	target 79 (node 123) with in degree 87

Execution time and memory used at after iteration 30 (MF = 8.582734): 3.583640e+03 seconds, 82763776 bytes of memory usage, 352180 kB of memory peak and 59:45 elapsed time
Statistics on the network after iteration 30 (MF = 8.582734)
	Number of nodes: 6301
	Number of allocated nodes: 7168
	Number of edges: 20777
	Maximum in degree: 91 (node 266)
	Maximum out degree: 48 (node 5831)
	source 5884 (node 5831) with out degree 48
	target 79 (node 123) with in degree 87

Execution time and memory used at after iteration 31 (MF = 9.079137): 3.773830e+03 seconds, 86818816 bytes of memory usage, 352180 kB of memory peak and 01:02:55 elapsed time
Statistics on the network after iteration 31 (MF = 9.079137)
	Number of nodes: 6301
	Number of allocated nodes: 7168
	Number of edges: 20777
	Maximum in degree: 91 (node 266)
	Maximum out degree: 48 (node 5831)
	source 5884 (node 5831) with out degree 48
	target 79 (node 123) with in degree 87

Execution time and memory used at after iteration 32 (MF = 6.992806): 3.919170e+03 seconds, 86818816 bytes of memory usage, 352180 kB of memory peak and 01:05:20 elapsed time
Statistics on the network after iteration 32 (MF = 6.992806)
	Number of nodes: 6301
	Number of allocated nodes: 7168
	Number of edges: 20777
	Maximum in degree: 91 (node 266)
	Maximum out degree: 48 (node 5831)
	source 5884 (node 5831) with out degree 48
	target 79 (node 123) with in degree 87

Execution time and memory used at after iteration 33 (MF = 8.712230): 4.161790e+03 seconds, 86818816 bytes of memory usage, 352180 kB of memory peak and 01:09:23 elapsed time
Statistics on the network after iteration 33 (MF = 8.712230)
	Number of nodes: 6301
	Number of allocated nodes: 7168
	Number of edges: 20777
	Maximum in degree: 91 (node 266)
	Maximum out degree: 48 (node 5831)
	source 5884 (node 5831) with out degree 48
	target 79 (node 123) with in degree 87

Execution time and memory used at after iteration 34 (MF = 9.187050): 4.467130e+03 seconds, 86818816 bytes of memory usage, 352180 kB of memory peak and 01:14:28 elapsed time
Statistics on the network after iteration 34 (MF = 9.187050)
	Number of nodes: 6301
	Number of allocated nodes: 7168
	Number of edges: 20777
	Maximum in degree: 91 (node 266)
	Maximum out degree: 48 (node 5831)
	source 5884 (node 5831) with out degree 48
	target 79 (node 123) with in degree 87

Execution time and memory used at after iteration 35 (MF = 8.316547): 4.755330e+03 seconds, 117854208 bytes of memory usage, 352180 kB of memory peak and 01:19:16 elapsed time
Statistics on the network after iteration 35 (MF = 8.316547)
	Number of nodes: 6301
	Number of allocated nodes: 7168
	Number of edges: 20777
	Maximum in degree: 91 (node 266)
	Maximum out degree: 48 (node 5831)
	source 5884 (node 5831) with out degree 48
	target 79 (node 123) with in degree 87

Execution time and memory used at after iteration 36 (MF = 8.503597): 5.104990e+03 seconds, 117854208 bytes of memory usage, 352180 kB of memory peak and 01:25:06 elapsed time
Statistics on the network after iteration 36 (MF = 8.503597)
	Number of nodes: 6301
	Number of allocated nodes: 7168
	Number of edges: 20777
	Maximum in degree: 91 (node 266)
	Maximum out degree: 48 (node 5831)
	source 5884 (node 5831) with out degree 48
	target 79 (node 123) with in degree 87

Execution time and memory used at after iteration 37 (MF = 6.273381): 5.323870e+03 seconds, 117854208 bytes of memory usage, 352180 kB of memory peak and 01:28:45 elapsed time
Statistics on the network after iteration 37 (MF = 6.273381)
	Number of nodes: 6301
	Number of allocated nodes: 7168
	Number of edges: 20777
	Maximum in degree: 91 (node 266)
	Maximum out degree: 48 (node 5831)
	source 5884 (node 5831) with out degree 48
	target 79 (node 123) with in degree 87

Execution time and memory used at after iteration 38 (MF = 9.179856): 5.618650e+03 seconds, 119005184 bytes of memory usage, 352180 kB of memory peak and 01:33:40 elapsed time
Statistics on the network after iteration 38 (MF = 9.179856)
	Number of nodes: 6301
	Number of allocated nodes: 7168
	Number of edges: 20777
	Maximum in degree: 91 (node 266)
	Maximum out degree: 48 (node 5831)
	source 5884 (node 5831) with out degree 48
	target 79 (node 123) with in degree 87

Execution time and memory used at after iteration 39 (MF = 8.179856): 6.045410e+03 seconds, 119005184 bytes of memory usage, 352180 kB of memory peak and 01:40:47 elapsed time
Statistics on the network after iteration 39 (MF = 8.179856)
	Number of nodes: 6301
	Number of allocated nodes: 7168
	Number of edges: 20777
	Maximum in degree: 91 (node 266)
	Maximum out degree: 48 (node 5831)
	source 5884 (node 5831) with out degree 48
	target 79 (node 123) with in degree 87

Execution time and memory used at after iteration 40 (MF = 8.266187): 6.410060e+03 seconds, 119005184 bytes of memory usage, 352180 kB of memory peak and 01:46:51 elapsed time
Statistics on the network after iteration 40 (MF = 8.266187)
	Number of nodes: 6301
	Number of allocated nodes: 7168
	Number of edges: 20777
	Maximum in degree: 91 (node 266)
	Maximum out degree: 48 (node 5831)
	source 5884 (node 5831) with out degree 48
	target 79 (node 123) with in degree 87

Execution time and memory used at after iteration 41 (MF = 7.453237): 6.696480e+03 seconds, 119005184 bytes of memory usage, 352180 kB of memory peak and 01:51:38 elapsed time
Statistics on the network after iteration 41 (MF = 7.453237)
	Number of nodes: 6301
	Number of allocated nodes: 7168
	Number of edges: 20777
	Maximum in degree: 91 (node 266)
	Maximum out degree: 48 (node 5831)
	source 5884 (node 5831) with out degree 48
	target 79 (node 123) with in degree 87

Execution time and memory used at after iteration 42 (MF = 6.647482): 6.974000e+03 seconds, 119005184 bytes of memory usage, 352180 kB of memory peak and 01:56:15 elapsed time
Statistics on the network after iteration 42 (MF = 6.647482)
	Number of nodes: 6301
	Number of allocated nodes: 7168
	Number of edges: 20777
	Maximum in degree: 91 (node 266)
	Maximum out degree: 48 (node 5831)
	source 5884 (node 5831) with out degree 48
	target 79 (node 123) with in degree 87

Execution time and memory used at after iteration 43 (MF = 7.956835): 7.278520e+03 seconds, 119005184 bytes of memory usage, 377204 kB of memory peak and 02:01:20 elapsed time
Statistics on the network after iteration 43 (MF = 7.956835)
	Number of nodes: 6301
	Number of allocated nodes: 7168
	Number of edges: 20777
	Maximum in degree: 91 (node 266)
	Maximum out degree: 48 (node 5831)
	source 5884 (node 5831) with out degree 48
	target 79 (node 123) with in degree 87

Execution time and memory used at after iteration 44 (MF = 7.748201): 7.823130e+03 seconds, 119705600 bytes of memory usage, 377204 kB of memory peak and 02:10:24 elapsed time
Statistics on the network after iteration 44 (MF = 7.748201)
	Number of nodes: 6301
	Number of allocated nodes: 7168
	Number of edges: 20777
	Maximum in degree: 91 (node 266)
	Maximum out degree: 48 (node 5831)
	source 5884 (node 5831) with out degree 48
	target 79 (node 123) with in degree 87

Execution time and memory used at after iteration 45 (MF = 8.266187): 8.199070e+03 seconds, 119005184 bytes of memory usage, 377204 kB of memory peak and 02:16:40 elapsed time
Statistics on the network after iteration 45 (MF = 8.266187)
	Number of nodes: 6301
	Number of allocated nodes: 7168
	Number of edges: 20777
	Maximum in degree: 91 (node 266)
	Maximum out degree: 48 (node 5831)
	source 5884 (node 5831) with out degree 48
	target 79 (node 123) with in degree 87

Execution time and memory used at after iteration 46 (MF = 7.266187): 8.650140e+03 seconds, 147238912 bytes of memory usage, 377204 kB of memory peak and 02:24:11 elapsed time
Statistics on the network after iteration 46 (MF = 7.266187)
	Number of nodes: 6301
	Number of allocated nodes: 7168
	Number of edges: 20777
	Maximum in degree: 91 (node 266)
	Maximum out degree: 48 (node 5831)
	source 5884 (node 5831) with out degree 48
	target 79 (node 123) with in degree 87

Execution time and memory used at after iteration 47 (MF = 7.352518): 9.089060e+03 seconds, 147238912 bytes of memory usage, 377204 kB of memory peak and 02:31:30 elapsed time
Statistics on the network after iteration 47 (MF = 7.352518)
	Number of nodes: 6301
	Number of allocated nodes: 7168
	Number of edges: 20777
	Maximum in degree: 91 (node 266)
	Maximum out degree: 48 (node 5831)
	source 5884 (node 5831) with out degree 48
	target 79 (node 123) with in degree 87

Execution time and memory used at after iteration 48 (MF = 9.158273): 9.597420e+03 seconds, 154312704 bytes of memory usage, 377204 kB of memory peak and 02:39:59 elapsed time
Statistics on the network after iteration 48 (MF = 9.158273)
	Number of nodes: 6301
	Number of allocated nodes: 7168
	Number of edges: 20777
	Maximum in degree: 91 (node 266)
	Maximum out degree: 48 (node 5831)
	source 5884 (node 5831) with out degree 48
	target 79 (node 123) with in degree 87

Execution time and memory used at after iteration 49 (MF = 9.165468): 1.014380e+04 seconds, 154312704 bytes of memory usage, 377204 kB of memory peak and 02:49:05 elapsed time
Statistics on the network after iteration 49 (MF = 9.165468)
	Number of nodes: 6301
	Number of allocated nodes: 7168
	Number of edges: 20777
	Maximum in degree: 91 (node 266)
	Maximum out degree: 48 (node 5831)
	source 5884 (node 5831) with out degree 48
	target 79 (node 123) with in degree 87

Execution time and memory used at after iteration 50 (MF = 6.597122): 1.044580e+04 seconds, 154312704 bytes of memory usage, 380972 kB of memory peak and 02:54:07 elapsed time
Statistics on the network after iteration 50 (MF = 6.597122)
	Number of nodes: 6301
	Number of allocated nodes: 7168
	Number of edges: 20777
	Maximum in degree: 91 (node 266)
	Maximum out degree: 48 (node 5831)
	source 5884 (node 5831) with out degree 48
	target 79 (node 123) with in degree 87

Execution time and memory used at after iteration 51 (MF = 7.762590): 1.078993e+04 seconds, 154312704 bytes of memory usage, 380972 kB of memory peak and 02:59:51 elapsed time
Statistics on the network after iteration 51 (MF = 7.762590)
	Number of nodes: 6301
	Number of allocated nodes: 7168
	Number of edges: 20777
	Maximum in degree: 91 (node 266)
	Maximum out degree: 48 (node 5831)
	source 5884 (node 5831) with out degree 48
	target 79 (node 123) with in degree 87

Execution time and memory used at after iteration 52 (MF = 8.143885): 1.124073e+04 seconds, 154312704 bytes of memory usage, 380972 kB of memory peak and 03:07:22 elapsed time
Statistics on the network after iteration 52 (MF = 8.143885)
	Number of nodes: 6301
	Number of allocated nodes: 7168
	Number of edges: 20777
	Maximum in degree: 91 (node 266)
	Maximum out degree: 48 (node 5831)
	source 5884 (node 5831) with out degree 48
	target 79 (node 123) with in degree 87

Execution time and memory used at after iteration 53 (MF = 7.712230): 1.176242e+04 seconds, 154312704 bytes of memory usage, 380972 kB of memory peak and 03:16:04 elapsed time
Statistics on the network after iteration 53 (MF = 7.712230)
	Number of nodes: 6301
	Number of allocated nodes: 7168
	Number of edges: 20777
	Maximum in degree: 91 (node 266)
	Maximum out degree: 48 (node 5831)
	source 5884 (node 5831) with out degree 48
	target 79 (node 123) with in degree 87

Execution time and memory used at after iteration 54 (MF = 7.482014): 1.237273e+04 seconds, 154312704 bytes of memory usage, 493296 kB of memory peak and 03:26:14 elapsed time
Statistics on the network after iteration 54 (MF = 7.482014)
	Number of nodes: 6301
	Number of allocated nodes: 7168
	Number of edges: 20777
	Maximum in degree: 91 (node 266)
	Maximum out degree: 48 (node 5831)
	source 5884 (node 5831) with out degree 48
	target 79 (node 123) with in degree 87

Execution time and memory used at after iteration 55 (MF = 7.920863): 1.303897e+04 seconds, 154312704 bytes of memory usage, 511748 kB of memory peak and 03:37:21 elapsed time
Statistics on the network after iteration 55 (MF = 7.920863)
	Number of nodes: 6301
	Number of allocated nodes: 7168
	Number of edges: 20777
	Maximum in degree: 91 (node 266)
	Maximum out degree: 48 (node 5831)
	source 5884 (node 5831) with out degree 48
	target 79 (node 123) with in degree 87

Execution time and memory used at after iteration 56 (MF = 8.143885): 1.374748e+04 seconds, 154312704 bytes of memory usage, 702824 kB of memory peak and 03:49:09 elapsed time
Statistics on the network after iteration 56 (MF = 8.143885)
	Number of nodes: 6301
	Number of allocated nodes: 7168
	Number of edges: 20777
	Maximum in degree: 91 (node 266)
	Maximum out degree: 48 (node 5831)
	source 5884 (node 5831) with out degree 48
	target 79 (node 123) with in degree 87

Execution time and memory used at after iteration 57 (MF = 6.546763): 1.519201e+04 seconds, 156311552 bytes of memory usage, 719576 kB of memory peak and 04:13:14 elapsed time
Statistics on the network after iteration 57 (MF = 6.546763)
	Number of nodes: 6301
	Number of allocated nodes: 7168
	Number of edges: 20777
	Maximum in degree: 91 (node 266)
	Maximum out degree: 48 (node 5831)
	source 5884 (node 5831) with out degree 48
	target 79 (node 123) with in degree 87

Execution time and memory used at after iteration 58 (MF = 10.014388): 1.689434e+04 seconds, 156622848 bytes of memory usage, 741992 kB of memory peak and 04:41:36 elapsed time
Statistics on the network after iteration 58 (MF = 10.014388)
	Number of nodes: 6301
	Number of allocated nodes: 7168
	Number of edges: 20777
	Maximum in degree: 91 (node 266)
	Maximum out degree: 48 (node 5831)
	source 5884 (node 5831) with out degree 48
	target 79 (node 123) with in degree 87

Execution time and memory used at after iteration 59 (MF = 6.791367): 1.813362e+04 seconds, 154312704 bytes of memory usage, 741992 kB of memory peak and 05:02:16 elapsed time
Statistics on the network after iteration 59 (MF = 6.791367)
	Number of nodes: 6301
	Number of allocated nodes: 7168
	Number of edges: 20777
	Maximum in degree: 91 (node 266)
	Maximum out degree: 48 (node 5831)
	source 5884 (node 5831) with out degree 48
	target 79 (node 123) with in degree 87

Execution time and memory used at after iteration 60 (MF = 6.359712): 1.920223e+04 seconds, 154312704 bytes of memory usage, 741992 kB of memory peak and 05:20:05 elapsed time
Statistics on the network after iteration 60 (MF = 6.359712)
	Number of nodes: 6301
	Number of allocated nodes: 7168
	Number of edges: 20777
	Maximum in degree: 91 (node 266)
	Maximum out degree: 48 (node 5831)
	source 5884 (node 5831) with out degree 48
	target 79 (node 123) with in degree 87

Execution time and memory used at after iteration 61 (MF = 5.697842): 2.010854e+04 seconds, 154312704 bytes of memory usage, 741992 kB of memory peak and 05:35:11 elapsed time
Statistics on the network after iteration 61 (MF = 5.697842)
	Number of nodes: 6301
	Number of allocated nodes: 7168
	Number of edges: 20777
	Maximum in degree: 91 (node 266)
	Maximum out degree: 48 (node 5831)
	source 5884 (node 5831) with out degree 48
	target 79 (node 123) with in degree 87

Execution time and memory used at after iteration 62 (MF = 8.136691): 2.114705e+04 seconds, 154312704 bytes of memory usage, 761592 kB of memory peak and 05:52:30 elapsed time
Statistics on the network after iteration 62 (MF = 8.136691)
	Number of nodes: 6301
	Number of allocated nodes: 7168
	Number of edges: 20777
	Maximum in degree: 91 (node 266)
	Maximum out degree: 48 (node 5831)
	source 5884 (node 5831) with out degree 48
	target 79 (node 123) with in degree 87

Execution time and memory used at after iteration 63 (MF = 7.705036): 2.215300e+04 seconds, 154312704 bytes of memory usage, 761592 kB of memory peak and 06:09:16 elapsed time
Statistics on the network after iteration 63 (MF = 7.705036)
	Number of nodes: 6301
	Number of allocated nodes: 7168
	Number of edges: 20777
	Maximum in degree: 91 (node 266)
	Maximum out degree: 48 (node 5831)
	source 5884 (node 5831) with out degree 48
	target 79 (node 123) with in degree 87

Execution time and memory used at after iteration 64 (MF = 8.158273): 2.356585e+04 seconds, 154312704 bytes of memory usage, 761592 kB of memory peak and 06:32:49 elapsed time
Statistics on the network after iteration 64 (MF = 8.158273)
	Number of nodes: 6301
	Number of allocated nodes: 7168
	Number of edges: 20777
	Maximum in degree: 91 (node 266)
	Maximum out degree: 48 (node 5831)
	source 5884 (node 5831) with out degree 48
	target 79 (node 123) with in degree 87

Execution time and memory used at after iteration 65 (MF = 7.769784): 2.485392e+04 seconds, 154312704 bytes of memory usage, 761592 kB of memory peak and 06:54:17 elapsed time
Statistics on the network after iteration 65 (MF = 7.769784)
	Number of nodes: 6301
	Number of allocated nodes: 7168
	Number of edges: 20777
	Maximum in degree: 91 (node 266)
	Maximum out degree: 48 (node 5831)
	source 5884 (node 5831) with out degree 48
	target 79 (node 123) with in degree 87

Execution time and memory used at after iteration 66 (MF = 9.705036): 2.618741e+04 seconds, 154312704 bytes of memory usage, 761592 kB of memory peak and 07:16:30 elapsed time
Statistics on the network after iteration 66 (MF = 9.705036)
	Number of nodes: 6301
	Number of allocated nodes: 7168
	Number of edges: 20777
	Maximum in degree: 91 (node 266)
	Maximum out degree: 48 (node 5831)
	source 5884 (node 5831) with out degree 48
	target 79 (node 123) with in degree 87

Execution time and memory used at after iteration 67 (MF = 7.928058): 2.748431e+04 seconds, 154312704 bytes of memory usage, 761592 kB of memory peak and 07:38:07 elapsed time
Statistics on the network after iteration 67 (MF = 7.928058)
	Number of nodes: 6301
	Number of allocated nodes: 7168
	Number of edges: 20777
	Maximum in degree: 91 (node 266)
	Maximum out degree: 48 (node 5831)
	source 5884 (node 5831) with out degree 48
	target 79 (node 123) with in degree 87

Execution time and memory used at after iteration 68 (MF = 8.000000): 2.921778e+04 seconds, 154312704 bytes of memory usage, 761592 kB of memory peak and 08:07:01 elapsed time
Statistics on the network after iteration 68 (MF = 8.000000)
	Number of nodes: 6301
	Number of allocated nodes: 7168
	Number of edges: 20777
	Maximum in degree: 91 (node 266)
	Maximum out degree: 48 (node 5831)
	source 5884 (node 5831) with out degree 48
	target 79 (node 123) with in degree 87

Execution time and memory used at after iteration 69 (MF = 7.784173): 3.086215e+04 seconds, 154312704 bytes of memory usage, 761592 kB of memory peak and 08:34:26 elapsed time
Statistics on the network after iteration 69 (MF = 7.784173)
	Number of nodes: 6301
	Number of allocated nodes: 7168
	Number of edges: 20777
	Maximum in degree: 91 (node 266)
	Maximum out degree: 48 (node 5831)
	source 5884 (node 5831) with out degree 48
	target 79 (node 123) with in degree 87

Execution time and memory used at after iteration 70 (MF = 5.856115): 3.178005e+04 seconds, 154312704 bytes of memory usage, 761592 kB of memory peak and 08:49:43 elapsed time
Statistics on the network after iteration 70 (MF = 5.856115)
	Number of nodes: 6301
	Number of allocated nodes: 7168
	Number of edges: 20777
	Maximum in degree: 91 (node 266)
	Maximum out degree: 48 (node 5831)
	source 5884 (node 5831) with out degree 48
	target 79 (node 123) with in degree 87

Execution time and memory used at after iteration 71 (MF = 8.115108): 3.258149e+04 seconds, 154312704 bytes of memory usage, 761592 kB of memory peak and 09:03:05 elapsed time
Statistics on the network after iteration 71 (MF = 8.115108)
	Number of nodes: 6301
	Number of allocated nodes: 7168
	Number of edges: 20777
	Maximum in degree: 91 (node 266)
	Maximum out degree: 48 (node 5831)
	source 5884 (node 5831) with out degree 48
	target 79 (node 123) with in degree 87

Execution time and memory used at after iteration 72 (MF = 8.496403): 3.366649e+04 seconds, 154312704 bytes of memory usage, 761592 kB of memory peak and 09:21:10 elapsed time
Statistics on the network after iteration 72 (MF = 8.496403)
	Number of nodes: 6301
	Number of allocated nodes: 7168
	Number of edges: 20777
	Maximum in degree: 91 (node 266)
	Maximum out degree: 48 (node 5831)
	source 5884 (node 5831) with out degree 48
	target 79 (node 123) with in degree 87

Execution time and memory used at after iteration 73 (MF = 10.158273): 3.492281e+04 seconds, 154312704 bytes of memory usage, 761592 kB of memory peak and 09:42:06 elapsed time
Statistics on the network after iteration 73 (MF = 10.158273)
	Number of nodes: 6301
	Number of allocated nodes: 7168
	Number of edges: 20777
	Maximum in degree: 91 (node 266)
	Maximum out degree: 48 (node 5831)
	source 5884 (node 5831) with out degree 48
	target 79 (node 123) with in degree 87

Execution time and memory used at after iteration 74 (MF = 6.561151): 3.604985e+04 seconds, 154312704 bytes of memory usage, 761592 kB of memory peak and 10:00:53 elapsed time
Statistics on the network after iteration 74 (MF = 6.561151)
	Number of nodes: 6301
	Number of allocated nodes: 7168
	Number of edges: 20777
	Maximum in degree: 91 (node 266)
	Maximum out degree: 48 (node 5831)
	source 5884 (node 5831) with out degree 48
	target 79 (node 123) with in degree 87

Execution time and memory used at after iteration 75 (MF = 6.892086): 3.714665e+04 seconds, 154312704 bytes of memory usage, 761592 kB of memory peak and 10:19:10 elapsed time
Statistics on the network after iteration 75 (MF = 6.892086)
	Number of nodes: 6301
	Number of allocated nodes: 7168
	Number of edges: 20777
	Maximum in degree: 91 (node 266)
	Maximum out degree: 48 (node 5831)
	source 5884 (node 5831) with out degree 48
	target 79 (node 123) with in degree 87

Execution time and memory used at after iteration 76 (MF = 9.287770): 3.838135e+04 seconds, 154312704 bytes of memory usage, 761592 kB of memory peak and 10:39:45 elapsed time
Statistics on the network after iteration 76 (MF = 9.287770)
	Number of nodes: 6301
	Number of allocated nodes: 7168
	Number of edges: 20777
	Maximum in degree: 91 (node 266)
	Maximum out degree: 48 (node 5831)
	source 5884 (node 5831) with out degree 48
	target 79 (node 123) with in degree 87

Execution time and memory used at after iteration 77 (MF = 8.086331): 3.941925e+04 seconds, 154312704 bytes of memory usage, 761592 kB of memory peak and 10:57:03 elapsed time
Statistics on the network after iteration 77 (MF = 8.086331)
	Number of nodes: 6301
	Number of allocated nodes: 7168
	Number of edges: 20777
	Maximum in degree: 91 (node 266)
	Maximum out degree: 48 (node 5831)
	source 5884 (node 5831) with out degree 48
	target 79 (node 123) with in degree 87

Execution time and memory used at after iteration 78 (MF = 8.172662): 4.041761e+04 seconds, 154312704 bytes of memory usage, 761592 kB of memory peak and 11:13:41 elapsed time
Statistics on the network after iteration 78 (MF = 8.172662)
	Number of nodes: 6301
	Number of allocated nodes: 7168
	Number of edges: 20777
	Maximum in degree: 91 (node 266)
	Maximum out degree: 48 (node 5831)
	source 5884 (node 5831) with out degree 48
	target 79 (node 123) with in degree 87

Execution time and memory used at after iteration 79 (MF = 8.733813): 4.176351e+04 seconds, 154312704 bytes of memory usage, 822220 kB of memory peak and 11:36:07 elapsed time
Statistics on the network after iteration 79 (MF = 8.733813)
	Number of nodes: 6301
	Number of allocated nodes: 7168
	Number of edges: 20777
	Maximum in degree: 91 (node 266)
	Maximum out degree: 48 (node 5831)
	source 5884 (node 5831) with out degree 48
	target 79 (node 123) with in degree 87

Execution time and memory used at after iteration 80 (MF = 7.395683): 4.311394e+04 seconds, 154312704 bytes of memory usage, 919492 kB of memory peak and 11:58:38 elapsed time
Statistics on the network after iteration 80 (MF = 7.395683)
	Number of nodes: 6301
	Number of allocated nodes: 7168
	Number of edges: 20777
	Maximum in degree: 91 (node 266)
	Maximum out degree: 48 (node 5831)
	source 5884 (node 5831) with out degree 48
	target 79 (node 123) with in degree 87

Execution time and memory used at after iteration 81 (MF = 8.446043): 4.461350e+04 seconds, 154312704 bytes of memory usage, 938908 kB of memory peak and 12:23:37 elapsed time
Statistics on the network after iteration 81 (MF = 8.446043)
	Number of nodes: 6301
	Number of allocated nodes: 7168
	Number of edges: 20777
	Maximum in degree: 91 (node 266)
	Maximum out degree: 48 (node 5831)
	source 5884 (node 5831) with out degree 48
	target 79 (node 123) with in degree 87

Execution time and memory used at after iteration 82 (MF = 8.589928): 4.600004e+04 seconds, 154312704 bytes of memory usage, 938908 kB of memory peak and 12:46:44 elapsed time
Statistics on the network after iteration 82 (MF = 8.589928)
	Number of nodes: 6301
	Number of allocated nodes: 7168
	Number of edges: 20777
	Maximum in degree: 91 (node 266)
	Maximum out degree: 48 (node 5831)
	source 5884 (node 5831) with out degree 48
	target 79 (node 123) with in degree 87

Execution time and memory used at after iteration 83 (MF = 9.035971): 4.756282e+04 seconds, 154312704 bytes of memory usage, 938908 kB of memory peak and 13:12:47 elapsed time
Statistics on the network after iteration 83 (MF = 9.035971)
	Number of nodes: 6301
	Number of allocated nodes: 7168
	Number of edges: 20777
	Maximum in degree: 91 (node 266)
	Maximum out degree: 48 (node 5831)
	source 5884 (node 5831) with out degree 48
	target 79 (node 123) with in degree 87

Execution time and memory used at after iteration 84 (MF = 8.309353): 4.902674e+04 seconds, 154312704 bytes of memory usage, 938908 kB of memory peak and 13:37:11 elapsed time
Statistics on the network after iteration 84 (MF = 8.309353)
	Number of nodes: 6301
	Number of allocated nodes: 7168
	Number of edges: 20777
	Maximum in degree: 91 (node 266)
	Maximum out degree: 48 (node 5831)
	source 5884 (node 5831) with out degree 48
	target 79 (node 123) with in degree 87

Execution time and memory used at after iteration 85 (MF = 7.942446): 5.061163e+04 seconds, 154312704 bytes of memory usage, 938908 kB of memory peak and 14:03:36 elapsed time
Statistics on the network after iteration 85 (MF = 7.942446)
	Number of nodes: 6301
	Number of allocated nodes: 7168
	Number of edges: 20777
	Maximum in degree: 91 (node 266)
	Maximum out degree: 48 (node 5831)
	source 5884 (node 5831) with out degree 48
	target 79 (node 123) with in degree 87

Execution time and memory used at after iteration 86 (MF = 8.568345): 5.242740e+04 seconds, 154312704 bytes of memory usage, 938908 kB of memory peak and 14:33:52 elapsed time
Statistics on the network after iteration 86 (MF = 8.568345)
	Number of nodes: 6301
	Number of allocated nodes: 7168
	Number of edges: 20777
	Maximum in degree: 91 (node 266)
	Maximum out degree: 48 (node 5831)
	source 5884 (node 5831) with out degree 48
	target 79 (node 123) with in degree 87

Execution time and memory used at after iteration 87 (MF = 9.266187): 5.425771e+04 seconds, 154312704 bytes of memory usage, 938908 kB of memory peak and 15:04:22 elapsed time
Statistics on the network after iteration 87 (MF = 9.266187)
	Number of nodes: 6301
	Number of allocated nodes: 7168
	Number of edges: 20777
	Maximum in degree: 91 (node 266)
	Maximum out degree: 48 (node 5831)
	source 5884 (node 5831) with out degree 48
	target 79 (node 123) with in degree 87

Execution time and memory used at after iteration 88 (MF = 9.597122): 5.644878e+04 seconds, 155197440 bytes of memory usage, 938908 kB of memory peak and 15:40:53 elapsed time
Statistics on the network after iteration 88 (MF = 9.597122)
	Number of nodes: 6301
	Number of allocated nodes: 7168
	Number of edges: 20777
	Maximum in degree: 91 (node 266)
	Maximum out degree: 48 (node 5831)
	source 5884 (node 5831) with out degree 48
	target 79 (node 123) with in degree 87

Execution time and memory used at after iteration 89 (MF = 9.086331): 5.865958e+04 seconds, 154312704 bytes of memory usage, 938908 kB of memory peak and 16:17:44 elapsed time
Statistics on the network after iteration 89 (MF = 9.086331)
	Number of nodes: 6301
	Number of allocated nodes: 7168
	Number of edges: 20777
	Maximum in degree: 91 (node 266)
	Maximum out degree: 48 (node 5831)
	source 5884 (node 5831) with out degree 48
	target 79 (node 123) with in degree 87

Execution time and memory used at after iteration 90 (MF = 8.798561): 6.085913e+04 seconds, 154312704 bytes of memory usage, 938908 kB of memory peak and 16:54:23 elapsed time
Statistics on the network after iteration 90 (MF = 8.798561)
	Number of nodes: 6301
	Number of allocated nodes: 7168
	Number of edges: 20777
	Maximum in degree: 91 (node 266)
	Maximum out degree: 48 (node 5831)
	source 5884 (node 5831) with out degree 48
	target 79 (node 123) with in degree 87

Execution time and memory used at after iteration 91 (MF = 8.633094): 6.312927e+04 seconds, 154312704 bytes of memory usage, 938908 kB of memory peak and 17:32:14 elapsed time
Statistics on the network after iteration 91 (MF = 8.633094)
	Number of nodes: 6301
	Number of allocated nodes: 7168
	Number of edges: 20777
	Maximum in degree: 91 (node 266)
	Maximum out degree: 48 (node 5831)
	source 5884 (node 5831) with out degree 48
	target 79 (node 123) with in degree 87

Execution time and memory used at after iteration 92 (MF = 7.928058): 6.546180e+04 seconds, 154312704 bytes of memory usage, 979628 kB of memory peak and 18:11:06 elapsed time
Statistics on the network after iteration 92 (MF = 7.928058)
	Number of nodes: 6301
	Number of allocated nodes: 7168
	Number of edges: 20777
	Maximum in degree: 91 (node 266)
	Maximum out degree: 48 (node 5831)
	source 5884 (node 5831) with out degree 48
	target 79 (node 123) with in degree 87

Execution time and memory used at after iteration 93 (MF = 6.482014): 6.657891e+04 seconds, 154312704 bytes of memory usage, 979628 kB of memory peak and 18:29:43 elapsed time
Statistics on the network after iteration 93 (MF = 6.482014)
	Number of nodes: 6301
	Number of allocated nodes: 7168
	Number of edges: 20777
	Maximum in degree: 91 (node 266)
	Maximum out degree: 48 (node 5831)
	source 5884 (node 5831) with out degree 48
	target 79 (node 123) with in degree 87

Execution time and memory used at after iteration 94 (MF = 8.856115): 6.787839e+04 seconds, 154312704 bytes of memory usage, 979628 kB of memory peak and 18:51:23 elapsed time
Statistics on the network after iteration 94 (MF = 8.856115)
	Number of nodes: 6301
	Number of allocated nodes: 7168
	Number of edges: 20777
	Maximum in degree: 91 (node 266)
	Maximum out degree: 48 (node 5831)
	source 5884 (node 5831) with out degree 48
	target 79 (node 123) with in degree 87

Execution time and memory used at after iteration 95 (MF = 8.618705): 6.916050e+04 seconds, 139472896 bytes of memory usage, 979628 kB of memory peak and 19:12:45 elapsed time
Statistics on the network after iteration 95 (MF = 8.618705)
	Number of nodes: 6301
	Number of allocated nodes: 7168
	Number of edges: 20777
	Maximum in degree: 91 (node 266)
	Maximum out degree: 48 (node 5831)
	source 5884 (node 5831) with out degree 48
	target 79 (node 123) with in degree 87

Execution time and memory used at after iteration 96 (MF = 9.151079): 7.051033e+04 seconds, 139472896 bytes of memory usage, 979628 kB of memory peak and 19:35:15 elapsed time
Statistics on the network after iteration 96 (MF = 9.151079)
	Number of nodes: 6301
	Number of allocated nodes: 7168
	Number of edges: 20777
	Maximum in degree: 91 (node 266)
	Maximum out degree: 48 (node 5831)
	source 5884 (node 5831) with out degree 48
	target 79 (node 123) with in degree 87

Execution time and memory used at after iteration 97 (MF = 8.661871): 7.207220e+04 seconds, 132132864 bytes of memory usage, 979628 kB of memory peak and 20:01:17 elapsed time
Statistics on the network after iteration 97 (MF = 8.661871)
	Number of nodes: 6301
	Number of allocated nodes: 7168
	Number of edges: 20777
	Maximum in degree: 91 (node 266)
	Maximum out degree: 48 (node 5831)
	source 5884 (node 5831) with out degree 48
	target 79 (node 123) with in degree 87

Execution time and memory used at after iteration 98 (MF = 9.611511): 7.377811e+04 seconds, 132132864 bytes of memory usage, 979628 kB of memory peak and 20:29:43 elapsed time
Statistics on the network after iteration 98 (MF = 9.611511)
	Number of nodes: 6301
	Number of allocated nodes: 7168
	Number of edges: 20777
	Maximum in degree: 91 (node 266)
	Maximum out degree: 48 (node 5831)
	source 5884 (node 5831) with out degree 48
	target 79 (node 123) with in degree 87

Execution time and memory used at after iteration 99 (MF = 8.179856): 7.552671e+04 seconds, 132132864 bytes of memory usage, 979628 kB of memory peak and 20:58:52 elapsed time
Statistics on the network after iteration 99 (MF = 8.179856)
	Number of nodes: 6301
	Number of allocated nodes: 7168
	Number of edges: 20777
	Maximum in degree: 91 (node 266)
	Maximum out degree: 48 (node 5831)
	source 5884 (node 5831) with out degree 48
	target 79 (node 123) with in degree 87

Execution time and memory used at after iteration 100 (MF = 8.705036): 7.739451e+04 seconds, 132132864 bytes of memory usage, 979628 kB of memory peak and 21:30:00 elapsed time
Statistics on the network after iteration 100 (MF = 8.705036)
	Number of nodes: 6301
	Number of allocated nodes: 7168
	Number of edges: 20777
	Maximum in degree: 91 (node 266)
	Maximum out degree: 48 (node 5831)
	source 5884 (node 5831) with out degree 48
	target 79 (node 123) with in degree 87

Execution time and memory used at after iteration 101 (MF = 7.683453): 7.922900e+04 seconds, 132132864 bytes of memory usage, 979628 kB of memory peak and 22:00:34 elapsed time
Statistics on the network after iteration 101 (MF = 7.683453)
	Number of nodes: 6301
	Number of allocated nodes: 7168
	Number of edges: 20777
	Maximum in degree: 91 (node 266)
	Maximum out degree: 48 (node 5831)
	source 5884 (node 5831) with out degree 48
	target 79 (node 123) with in degree 87

Execution time and memory used at after iteration 102 (MF = 8.697842): 8.119054e+04 seconds, 132132864 bytes of memory usage, 979628 kB of memory peak and 22:33:16 elapsed time
Statistics on the network after iteration 102 (MF = 8.697842)
	Number of nodes: 6301
	Number of allocated nodes: 7168
	Number of edges: 20777
	Maximum in degree: 91 (node 266)
	Maximum out degree: 48 (node 5831)
	source 5884 (node 5831) with out degree 48
	target 79 (node 123) with in degree 87

Execution time and memory used at after iteration 103 (MF = 8.266187): 8.290378e+04 seconds, 217718784 bytes of memory usage, 1010340 kB of memory peak and 23:01:49 elapsed time
Statistics on the network after iteration 103 (MF = 8.266187)
	Number of nodes: 6301
	Number of allocated nodes: 7168
	Number of edges: 20777
	Maximum in degree: 91 (node 266)
	Maximum out degree: 48 (node 5831)
	source 5884 (node 5831) with out degree 48
	target 79 (node 123) with in degree 87

Execution time and memory used at after iteration 104 (MF = 9.028777): 8.482923e+04 seconds, 132132864 bytes of memory usage, 1016932 kB of memory peak and 23:33:54 elapsed time
Statistics on the network after iteration 104 (MF = 9.028777)
	Number of nodes: 6301
	Number of allocated nodes: 7168
	Number of edges: 20777
	Maximum in degree: 91 (node 266)
	Maximum out degree: 48 (node 5831)
	source 5884 (node 5831) with out degree 48
	target 79 (node 123) with in degree 87

Execution time and memory used at after iteration 105 (MF = 7.604317): 8.684836e+04 seconds, 132132864 bytes of memory usage, 1016932 kB of memory peak and 1-00:07:34 elapsed time
Statistics on the network after iteration 105 (MF = 7.604317)
	Number of nodes: 6301
	Number of allocated nodes: 7168
	Number of edges: 20777
	Maximum in degree: 91 (node 266)
	Maximum out degree: 48 (node 5831)
	source 5884 (node 5831) with out degree 48
	target 79 (node 123) with in degree 87

Execution time and memory used at after iteration 106 (MF = 8.705036): 8.893125e+04 seconds, 132132864 bytes of memory usage, 1016932 kB of memory peak and 1-00:42:17 elapsed time
Statistics on the network after iteration 106 (MF = 8.705036)
	Number of nodes: 6301
	Number of allocated nodes: 7168
	Number of edges: 20777
	Maximum in degree: 91 (node 266)
	Maximum out degree: 48 (node 5831)
	source 5884 (node 5831) with out degree 48
	target 79 (node 123) with in degree 87

Execution time and memory used at after iteration 107 (MF = 9.172662): 9.121564e+04 seconds, 132132864 bytes of memory usage, 1016932 kB of memory peak and 1-01:20:21 elapsed time
Statistics on the network after iteration 107 (MF = 9.172662)
	Number of nodes: 6301
	Number of allocated nodes: 7168
	Number of edges: 20777
	Maximum in degree: 91 (node 266)
	Maximum out degree: 48 (node 5831)
	source 5884 (node 5831) with out degree 48
	target 79 (node 123) with in degree 87

Execution time and memory used at after iteration 108 (MF = 7.812950): 9.334527e+04 seconds, 132132864 bytes of memory usage, 1016932 kB of memory peak and 1-01:55:51 elapsed time
Statistics on the network after iteration 108 (MF = 7.812950)
	Number of nodes: 6301
	Number of allocated nodes: 7168
	Number of edges: 20777
	Maximum in degree: 91 (node 266)
	Maximum out degree: 48 (node 5831)
	source 5884 (node 5831) with out degree 48
	target 79 (node 123) with in degree 87

Execution time and memory used at after iteration 109 (MF = 7.618705): 9.571950e+04 seconds, 220856320 bytes of memory usage, 1302132 kB of memory peak and 1-02:35:25 elapsed time
Statistics on the network after iteration 109 (MF = 7.618705)
	Number of nodes: 6301
	Number of allocated nodes: 7168
	Number of edges: 20777
	Maximum in degree: 91 (node 266)
	Maximum out degree: 48 (node 5831)
	source 5884 (node 5831) with out degree 48
	target 79 (node 123) with in degree 87

Execution time and memory used at after iteration 110 (MF = 10.028777): 9.804977e+04 seconds, 132132864 bytes of memory usage, 1302132 kB of memory peak and 1-03:14:15 elapsed time
Statistics on the network after iteration 110 (MF = 10.028777)
	Number of nodes: 6301
	Number of allocated nodes: 7168
	Number of edges: 20777
	Maximum in degree: 91 (node 266)
	Maximum out degree: 48 (node 5831)
	source 5884 (node 5831) with out degree 48
	target 79 (node 123) with in degree 87

Execution time and memory used at after iteration 111 (MF = 8.625899): 1.005489e+05 seconds, 231858176 bytes of memory usage, 1302132 kB of memory peak and 1-03:55:55 elapsed time
Statistics on the network after iteration 111 (MF = 8.625899)
	Number of nodes: 6301
	Number of allocated nodes: 7168
	Number of edges: 20777
	Maximum in degree: 91 (node 266)
	Maximum out degree: 48 (node 5831)
	source 5884 (node 5831) with out degree 48
	target 79 (node 123) with in degree 87

Execution time and memory used at after iteration 112 (MF = 7.431655): 1.026183e+05 seconds, 132132864 bytes of memory usage, 1302132 kB of memory peak and 1-04:30:24 elapsed time
Statistics on the network after iteration 112 (MF = 7.431655)
	Number of nodes: 6301
	Number of allocated nodes: 7168
	Number of edges: 20777
	Maximum in degree: 91 (node 266)
	Maximum out degree: 48 (node 5831)
	source 5884 (node 5831) with out degree 48
	target 79 (node 123) with in degree 87

Execution time and memory used at after iteration 113 (MF = 9.201439): 1.047322e+05 seconds, 260067328 bytes of memory usage, 1302132 kB of memory peak and 1-05:05:38 elapsed time
Statistics on the network after iteration 113 (MF = 9.201439)
	Number of nodes: 6301
	Number of allocated nodes: 7168
	Number of edges: 20777
	Maximum in degree: 91 (node 266)
	Maximum out degree: 48 (node 5831)
	source 5884 (node 5831) with out degree 48
	target 79 (node 123) with in degree 87

Execution time and memory used at after iteration 114 (MF = 8.273381): 1.070479e+05 seconds, 132132864 bytes of memory usage, 1426556 kB of memory peak and 1-05:44:14 elapsed time
Statistics on the network after iteration 114 (MF = 8.273381)
	Number of nodes: 6301
	Number of allocated nodes: 7168
	Number of edges: 20777
	Maximum in degree: 91 (node 266)
	Maximum out degree: 48 (node 5831)
	source 5884 (node 5831) with out degree 48
	target 79 (node 123) with in degree 87

Execution time and memory used at after iteration 115 (MF = 9.237410): 1.103665e+05 seconds, 132132864 bytes of memory usage, 1485676 kB of memory peak and 1-06:39:32 elapsed time
Statistics on the network after iteration 115 (MF = 9.237410)
	Number of nodes: 6301
	Number of allocated nodes: 7168
	Number of edges: 20777
	Maximum in degree: 91 (node 266)
	Maximum out degree: 48 (node 5831)
	source 5884 (node 5831) with out degree 48
	target 79 (node 123) with in degree 87

Execution time and memory used at after iteration 116 (MF = 8.215827): 1.140488e+05 seconds, 132132864 bytes of memory usage, 1485676 kB of memory peak and 1-07:40:55 elapsed time
Statistics on the network after iteration 116 (MF = 8.215827)
	Number of nodes: 6301
	Number of allocated nodes: 7168
	Number of edges: 20777
	Maximum in degree: 91 (node 266)
	Maximum out degree: 48 (node 5831)
	source 5884 (node 5831) with out degree 48
	target 79 (node 123) with in degree 87

Execution time and memory used at after iteration 117 (MF = 8.273381): 1.177795e+05 seconds, 215277568 bytes of memory usage, 1485676 kB of memory peak and 1-08:43:06 elapsed time
Statistics on the network after iteration 117 (MF = 8.273381)
	Number of nodes: 6301
	Number of allocated nodes: 7168
	Number of edges: 20777
	Maximum in degree: 91 (node 266)
	Maximum out degree: 48 (node 5831)
	source 5884 (node 5831) with out degree 48
	target 79 (node 123) with in degree 87

Execution time and memory used at after iteration 118 (MF = 8.294964): 1.216410e+05 seconds, 132132864 bytes of memory usage, 1485676 kB of memory peak and 1-09:47:27 elapsed time
Statistics on the network after iteration 118 (MF = 8.294964)
	Number of nodes: 6301
	Number of allocated nodes: 7168
	Number of edges: 20777
	Maximum in degree: 91 (node 266)
	Maximum out degree: 48 (node 5831)
	source 5884 (node 5831) with out degree 48
	target 79 (node 123) with in degree 87

Execution time and memory used at after iteration 119 (MF = 7.532374): 1.255850e+05 seconds, 122580992 bytes of memory usage, 1726984 kB of memory peak and 1-10:53:11 elapsed time
Statistics on the network after iteration 119 (MF = 7.532374)
	Number of nodes: 6301
	Number of allocated nodes: 7168
	Number of edges: 20777
	Maximum in degree: 91 (node 266)
	Maximum out degree: 48 (node 5831)
	source 5884 (node 5831) with out degree 48
	target 79 (node 123) with in degree 87

Execution time and memory used at after iteration 120 (MF = 8.726619): 1.298337e+05 seconds, 122580992 bytes of memory usage, 1964212 kB of memory peak and 1-12:04:00 elapsed time
Statistics on the network after iteration 120 (MF = 8.726619)
	Number of nodes: 6301
	Number of allocated nodes: 7168
	Number of edges: 20777
	Maximum in degree: 91 (node 266)
	Maximum out degree: 48 (node 5831)
	source 5884 (node 5831) with out degree 48
	target 79 (node 123) with in degree 87

Execution time and memory used at after iteration 121 (MF = 7.345324): 1.338652e+05 seconds, 122580992 bytes of memory usage, 1964212 kB of memory peak and 1-13:11:12 elapsed time
Statistics on the network after iteration 121 (MF = 7.345324)
	Number of nodes: 6301
	Number of allocated nodes: 7168
	Number of edges: 20777
	Maximum in degree: 91 (node 266)
	Maximum out degree: 48 (node 5831)
	source 5884 (node 5831) with out degree 48
	target 79 (node 123) with in degree 87

Execution time and memory used at after iteration 122 (MF = 9.280576): 1.379450e+05 seconds, 122580992 bytes of memory usage, 1964212 kB of memory peak and 1-14:19:12 elapsed time
Statistics on the network after iteration 122 (MF = 9.280576)
	Number of nodes: 6301
	Number of allocated nodes: 7168
	Number of edges: 20777
	Maximum in degree: 91 (node 266)
	Maximum out degree: 48 (node 5831)
	source 5884 (node 5831) with out degree 48
	target 79 (node 123) with in degree 87

Execution time and memory used at after iteration 123 (MF = 6.942446): 1.415333e+05 seconds, 126341120 bytes of memory usage, 1964212 kB of memory peak and 1-15:19:00 elapsed time
Statistics on the network after iteration 123 (MF = 6.942446)
	Number of nodes: 6301
	Number of allocated nodes: 7168
	Number of edges: 20777
	Maximum in degree: 91 (node 266)
	Maximum out degree: 48 (node 5831)
	source 5884 (node 5831) with out degree 48
	target 79 (node 123) with in degree 87

Execution time and memory used at after iteration 124 (MF = 8.661871): 1.452389e+05 seconds, 126341120 bytes of memory usage, 1964212 kB of memory peak and 1-16:20:46 elapsed time
Statistics on the network after iteration 124 (MF = 8.661871)
	Number of nodes: 6301
	Number of allocated nodes: 7168
	Number of edges: 20777
	Maximum in degree: 91 (node 266)
	Maximum out degree: 48 (node 5831)
	source 5884 (node 5831) with out degree 48
	target 79 (node 123) with in degree 87

Execution time and memory used at after iteration 125 (MF = 8.582734): 1.495995e+05 seconds, 122576896 bytes of memory usage, 1964212 kB of memory peak and 1-17:33:27 elapsed time
Statistics on the network after iteration 125 (MF = 8.582734)
	Number of nodes: 6301
	Number of allocated nodes: 7168
	Number of edges: 20777
	Maximum in degree: 91 (node 266)
	Maximum out degree: 48 (node 5831)
	source 5884 (node 5831) with out degree 48
	target 79 (node 123) with in degree 87

Execution time and memory used at after iteration 126 (MF = 8.287770): 1.541194e+05 seconds, 122576896 bytes of memory usage, 1964212 kB of memory peak and 1-18:48:47 elapsed time
Statistics on the network after iteration 126 (MF = 8.287770)
	Number of nodes: 6301
	Number of allocated nodes: 7168
	Number of edges: 20777
	Maximum in degree: 91 (node 266)
	Maximum out degree: 48 (node 5831)
	source 5884 (node 5831) with out degree 48
	target 79 (node 123) with in degree 87

Execution time and memory used at after iteration 127 (MF = 8.000000): 1.581788e+05 seconds, 122576896 bytes of memory usage, 1964212 kB of memory peak and 1-19:56:26 elapsed time
Statistics on the network after iteration 127 (MF = 8.000000)
	Number of nodes: 6301
	Number of allocated nodes: 7168
	Number of edges: 20777
	Maximum in degree: 91 (node 266)
	Maximum out degree: 48 (node 5831)
	source 5884 (node 5831) with out degree 48
	target 79 (node 123) with in degree 87

Execution time and memory used at after iteration 128 (MF = 6.784173): 1.620883e+05 seconds, 122576896 bytes of memory usage, 1964212 kB of memory peak and 1-21:01:36 elapsed time
Statistics on the network after iteration 128 (MF = 6.784173)
	Number of nodes: 6301
	Number of allocated nodes: 7168
	Number of edges: 20777
	Maximum in degree: 91 (node 266)
	Maximum out degree: 48 (node 5831)
	source 5884 (node 5831) with out degree 48
	target 79 (node 123) with in degree 87

Execution time and memory used at after iteration 129 (MF = 9.690647): 1.660554e+05 seconds, 122576896 bytes of memory usage, 1964212 kB of memory peak and 1-22:07:43 elapsed time
Statistics on the network after iteration 129 (MF = 9.690647)
	Number of nodes: 6301
	Number of allocated nodes: 7168
	Number of edges: 20777
	Maximum in degree: 91 (node 266)
	Maximum out degree: 48 (node 5831)
	source 5884 (node 5831) with out degree 48
	target 79 (node 123) with in degree 87

Execution time and memory used at after iteration 130 (MF = 8.848921): 1.702025e+05 seconds, 122576896 bytes of memory usage, 1964212 kB of memory peak and 1-23:16:50 elapsed time
Statistics on the network after iteration 130 (MF = 8.848921)
	Number of nodes: 6301
	Number of allocated nodes: 7168
	Number of edges: 20777
	Maximum in degree: 91 (node 266)
	Maximum out degree: 48 (node 5831)
	source 5884 (node 5831) with out degree 48
	target 79 (node 123) with in degree 87

Execution time and memory used at after iteration 131 (MF = 7.244604): 1.748873e+05 seconds, 122576896 bytes of memory usage, 1964212 kB of memory peak and 2-00:34:55 elapsed time
Statistics on the network after iteration 131 (MF = 7.244604)
	Number of nodes: 6301
	Number of allocated nodes: 7168
	Number of edges: 20777
	Maximum in degree: 91 (node 266)
	Maximum out degree: 48 (node 5831)
	source 5884 (node 5831) with out degree 48
	target 79 (node 123) with in degree 87

Execution time and memory used at after iteration 132 (MF = 7.683453): 1.795279e+05 seconds, 122576896 bytes of memory usage, 2329872 kB of memory peak and 2-01:52:16 elapsed time
Statistics on the network after iteration 132 (MF = 7.683453)
	Number of nodes: 6301
	Number of allocated nodes: 7168
	Number of edges: 20777
	Maximum in degree: 91 (node 266)
	Maximum out degree: 48 (node 5831)
	source 5884 (node 5831) with out degree 48
	target 79 (node 123) with in degree 87

Execution time and memory used at after iteration 133 (MF = 9.064748): 1.847828e+05 seconds, 123600896 bytes of memory usage, 2329872 kB of memory peak and 2-03:19:51 elapsed time
Statistics on the network after iteration 133 (MF = 9.064748)
	Number of nodes: 6301
	Number of allocated nodes: 7168
	Number of edges: 20777
	Maximum in degree: 91 (node 266)
	Maximum out degree: 48 (node 5831)
	source 5884 (node 5831) with out degree 48
	target 79 (node 123) with in degree 87

Execution time and memory used at after iteration 134 (MF = 8.482014): 1.902478e+05 seconds, 122576896 bytes of memory usage, 2329872 kB of memory peak and 2-04:50:56 elapsed time
Statistics on the network after iteration 134 (MF = 8.482014)
	Number of nodes: 6301
	Number of allocated nodes: 7168
	Number of edges: 20777
	Maximum in degree: 91 (node 266)
	Maximum out degree: 48 (node 5831)
	source 5884 (node 5831) with out degree 48
	target 79 (node 123) with in degree 87

Execution time and memory used at after iteration 135 (MF = 5.582734): 1.934912e+05 seconds, 122576896 bytes of memory usage, 2329872 kB of memory peak and 2-05:45:00 elapsed time
Statistics on the network after iteration 135 (MF = 5.582734)
	Number of nodes: 6301
	Number of allocated nodes: 7168
	Number of edges: 20777
	Maximum in degree: 91 (node 266)
	Maximum out degree: 48 (node 5831)
	source 5884 (node 5831) with out degree 48
	target 79 (node 123) with in degree 87

Execution time and memory used at after iteration 136 (MF = 6.482014): 1.965917e+05 seconds, 122576896 bytes of memory usage, 2329872 kB of memory peak and 2-06:36:40 elapsed time
Statistics on the network after iteration 136 (MF = 6.482014)
	Number of nodes: 6301
	Number of allocated nodes: 7168
	Number of edges: 20777
	Maximum in degree: 91 (node 266)
	Maximum out degree: 48 (node 5831)
	source 5884 (node 5831) with out degree 48
	target 79 (node 123) with in degree 87

Execution time and memory used at after iteration 137 (MF = 8.294964): 1.996814e+05 seconds, 122576896 bytes of memory usage, 2329872 kB of memory peak and 2-07:28:10 elapsed time
Statistics on the network after iteration 137 (MF = 8.294964)
	Number of nodes: 6301
	Number of allocated nodes: 7168
	Number of edges: 20777
	Maximum in degree: 91 (node 266)
	Maximum out degree: 48 (node 5831)
	source 5884 (node 5831) with out degree 48
	target 79 (node 123) with in degree 87

Execution time and memory used at after iteration 138 (MF = 9.280576): 2.030420e+05 seconds, 122576896 bytes of memory usage, 2329872 kB of memory peak and 2-08:24:11 elapsed time
Statistics on the network after iteration 138 (MF = 9.280576)
	Number of nodes: 6301
	Number of allocated nodes: 7168
	Number of edges: 20777
	Maximum in degree: 91 (node 266)
	Maximum out degree: 48 (node 5831)
	source 5884 (node 5831) with out degree 48
	target 79 (node 123) with in degree 87

Execution time and memory used at after iteration 139 (MF = 8.302158): 2.061102e+05 seconds, 122576896 bytes of memory usage, 2329872 kB of memory peak and 2-09:15:19 elapsed time
Statistics on the network after iteration 139 (MF = 8.302158)
	Number of nodes: 6301
	Number of allocated nodes: 7168
	Number of edges: 20777
	Maximum in degree: 91 (node 266)
	Maximum out degree: 48 (node 5831)
	source 5884 (node 5831) with out degree 48
	target 79 (node 123) with in degree 87

Execution time and memory used at after iteration 140 (MF = 8.582734): 2.097918e+05 seconds, 122576896 bytes of memory usage, 2329872 kB of memory peak and 2-10:16:41 elapsed time
Statistics on the network after iteration 140 (MF = 8.582734)
	Number of nodes: 6301
	Number of allocated nodes: 7168
	Number of edges: 20777
	Maximum in degree: 91 (node 266)
	Maximum out degree: 48 (node 5831)
	source 5884 (node 5831) with out degree 48
	target 79 (node 123) with in degree 87

Execution time and memory used at after iteration 141 (MF = 7.755396): 2.135512e+05 seconds, 122576896 bytes of memory usage, 2329872 kB of memory peak and 2-11:19:20 elapsed time
Statistics on the network after iteration 141 (MF = 7.755396)
	Number of nodes: 6301
	Number of allocated nodes: 7168
	Number of edges: 20777
	Maximum in degree: 91 (node 266)
	Maximum out degree: 48 (node 5831)
	source 5884 (node 5831) with out degree 48
	target 79 (node 123) with in degree 87

Execution time and memory used at after iteration 142 (MF = 9.309353): 2.179471e+05 seconds, 122576896 bytes of memory usage, 2329872 kB of memory peak and 2-12:32:36 elapsed time
Statistics on the network after iteration 142 (MF = 9.309353)
	Number of nodes: 6301
	Number of allocated nodes: 7168
	Number of edges: 20777
	Maximum in degree: 91 (node 266)
	Maximum out degree: 48 (node 5831)
	source 5884 (node 5831) with out degree 48
	target 79 (node 123) with in degree 87

Execution time and memory used at after iteration 143 (MF = 9.071942): 2.224265e+05 seconds, 122576896 bytes of memory usage, 2329872 kB of memory peak and 2-13:47:16 elapsed time
Statistics on the network after iteration 143 (MF = 9.071942)
	Number of nodes: 6301
	Number of allocated nodes: 7168
	Number of edges: 20777
	Maximum in degree: 91 (node 266)
	Maximum out degree: 48 (node 5831)
	source 5884 (node 5831) with out degree 48
	target 79 (node 123) with in degree 87

Execution time and memory used at after iteration 144 (MF = 7.798561): 2.269092e+05 seconds, 122576896 bytes of memory usage, 2329872 kB of memory peak and 2-15:01:59 elapsed time
Statistics on the network after iteration 144 (MF = 7.798561)
	Number of nodes: 6301
	Number of allocated nodes: 7168
	Number of edges: 20777
	Maximum in degree: 91 (node 266)
	Maximum out degree: 48 (node 5831)
	source 5884 (node 5831) with out degree 48
	target 79 (node 123) with in degree 87

Execution time and memory used at after iteration 145 (MF = 7.892086): 2.312727e+05 seconds, 122576896 bytes of memory usage, 2329872 kB of memory peak and 2-16:14:42 elapsed time
Statistics on the network after iteration 145 (MF = 7.892086)
	Number of nodes: 6301
	Number of allocated nodes: 7168
	Number of edges: 20777
	Maximum in degree: 91 (node 266)
	Maximum out degree: 48 (node 5831)
	source 5884 (node 5831) with out degree 48
	target 79 (node 123) with in degree 87

Execution time and memory used at after iteration 146 (MF = 8.633094): 2.357755e+05 seconds, 122576896 bytes of memory usage, 2329872 kB of memory peak and 2-17:29:45 elapsed time
Statistics on the network after iteration 146 (MF = 8.633094)
	Number of nodes: 6301
	Number of allocated nodes: 7168
	Number of edges: 20777
	Maximum in degree: 91 (node 266)
	Maximum out degree: 48 (node 5831)
	source 5884 (node 5831) with out degree 48
	target 79 (node 123) with in degree 87

Execution time and memory used at after iteration 147 (MF = 9.043165): 2.407793e+05 seconds, 122576896 bytes of memory usage, 2329872 kB of memory peak and 2-18:53:09 elapsed time
Statistics on the network after iteration 147 (MF = 9.043165)
	Number of nodes: 6301
	Number of allocated nodes: 7168
	Number of edges: 20777
	Maximum in degree: 91 (node 266)
	Maximum out degree: 48 (node 5831)
	source 5884 (node 5831) with out degree 48
	target 79 (node 123) with in degree 87

Execution time and memory used at after iteration 148 (MF = 8.676259): 2.457720e+05 seconds, 122576896 bytes of memory usage, 2329872 kB of memory peak and 2-20:16:22 elapsed time
Statistics on the network after iteration 148 (MF = 8.676259)
	Number of nodes: 6301
	Number of allocated nodes: 7168
	Number of edges: 20777
	Maximum in degree: 91 (node 266)
	Maximum out degree: 48 (node 5831)
	source 5884 (node 5831) with out degree 48
	target 79 (node 123) with in degree 87

Execution time and memory used at after iteration 149 (MF = 7.791367): 2.505625e+05 seconds, 122576896 bytes of memory usage, 2329872 kB of memory peak and 2-21:36:12 elapsed time
Statistics on the network after iteration 149 (MF = 7.791367)
	Number of nodes: 6301
	Number of allocated nodes: 7168
	Number of edges: 20777
	Maximum in degree: 91 (node 266)
	Maximum out degree: 48 (node 5831)
	source 5884 (node 5831) with out degree 48
	target 79 (node 123) with in degree 87

Execution time and memory used at after iteration 150 (MF = 7.812950): 2.553073e+05 seconds, 122576896 bytes of memory usage, 2329872 kB of memory peak and 2-22:55:17 elapsed time
Statistics on the network after iteration 150 (MF = 7.812950)
	Number of nodes: 6301
	Number of allocated nodes: 7168
	Number of edges: 20777
	Maximum in degree: 91 (node 266)
	Maximum out degree: 48 (node 5831)
	source 5884 (node 5831) with out degree 48
	target 79 (node 123) with in degree 87

Execution time and memory used at after iteration 151 (MF = 9.143885): 2.601447e+05 seconds, 122576896 bytes of memory usage, 2329872 kB of memory peak and 3-00:15:55 elapsed time
Statistics on the network after iteration 151 (MF = 9.143885)
	Number of nodes: 6301
	Number of allocated nodes: 7168
	Number of edges: 20777
	Maximum in degree: 91 (node 266)
	Maximum out degree: 48 (node 5831)
	source 5884 (node 5831) with out degree 48
	target 79 (node 123) with in degree 87

Execution time and memory used at after iteration 152 (MF = 8.705036): 2.655346e+05 seconds, 122576896 bytes of memory usage, 2329872 kB of memory peak and 3-01:45:45 elapsed time
Statistics on the network after iteration 152 (MF = 8.705036)
	Number of nodes: 6301
	Number of allocated nodes: 7168
	Number of edges: 20777
	Maximum in degree: 91 (node 266)
	Maximum out degree: 48 (node 5831)
	source 5884 (node 5831) with out degree 48
	target 79 (node 123) with in degree 87

Execution time and memory used at after iteration 153 (MF = 7.971223): 2.715116e+05 seconds, 122576896 bytes of memory usage, 2488764 kB of memory peak and 3-03:25:22 elapsed time
Statistics on the network after iteration 153 (MF = 7.971223)
	Number of nodes: 6301
	Number of allocated nodes: 7168
	Number of edges: 20777
	Maximum in degree: 91 (node 266)
	Maximum out degree: 48 (node 5831)
	source 5884 (node 5831) with out degree 48
	target 79 (node 123) with in degree 87

Execution time and memory used at after iteration 154 (MF = 7.568345): 2.773046e+05 seconds, 122576896 bytes of memory usage, 2488764 kB of memory peak and 3-05:01:55 elapsed time
Statistics on the network after iteration 154 (MF = 7.568345)
	Number of nodes: 6301
	Number of allocated nodes: 7168
	Number of edges: 20777
	Maximum in degree: 91 (node 266)
	Maximum out degree: 48 (node 5831)
	source 5884 (node 5831) with out degree 48
	target 79 (node 123) with in degree 87

Execution time and memory used at after iteration 155 (MF = 7.935252): 2.832681e+05 seconds, 122576896 bytes of memory usage, 2488764 kB of memory peak and 3-06:41:19 elapsed time
Statistics on the network after iteration 155 (MF = 7.935252)
	Number of nodes: 6301
	Number of allocated nodes: 7168
	Number of edges: 20777
	Maximum in degree: 91 (node 266)
	Maximum out degree: 48 (node 5831)
	source 5884 (node 5831) with out degree 48
	target 79 (node 123) with in degree 87

Execution time and memory used at after iteration 156 (MF = 8.294964): 2.881010e+05 seconds, 122576896 bytes of memory usage, 2488764 kB of memory peak and 3-08:01:52 elapsed time
Statistics on the network after iteration 156 (MF = 8.294964)
	Number of nodes: 6301
	Number of allocated nodes: 7168
	Number of edges: 20777
	Maximum in degree: 91 (node 266)
	Maximum out degree: 48 (node 5831)
	source 5884 (node 5831) with out degree 48
	target 79 (node 123) with in degree 87

Execution time and memory used at after iteration 157 (MF = 8.618705): 2.931509e+05 seconds, 122576896 bytes of memory usage, 2488764 kB of memory peak and 3-09:26:02 elapsed time
Statistics on the network after iteration 157 (MF = 8.618705)
	Number of nodes: 6301
	Number of allocated nodes: 7168
	Number of edges: 20777
	Maximum in degree: 91 (node 266)
	Maximum out degree: 48 (node 5831)
	source 5884 (node 5831) with out degree 48
	target 79 (node 123) with in degree 87

Execution time and memory used at after iteration 158 (MF = 7.007194): 2.982620e+05 seconds, 122576896 bytes of memory usage, 2488764 kB of memory peak and 3-10:51:13 elapsed time
Statistics on the network after iteration 158 (MF = 7.007194)
	Number of nodes: 6301
	Number of allocated nodes: 7168
	Number of edges: 20777
	Maximum in degree: 91 (node 266)
	Maximum out degree: 48 (node 5831)
	source 5884 (node 5831) with out degree 48
	target 79 (node 123) with in degree 87

Execution time and memory used at after iteration 159 (MF = 6.733813): 3.024948e+05 seconds, 122576896 bytes of memory usage, 2488764 kB of memory peak and 3-12:01:46 elapsed time
Statistics on the network after iteration 159 (MF = 6.733813)
	Number of nodes: 6301
	Number of allocated nodes: 7168
	Number of edges: 20777
	Maximum in degree: 91 (node 266)
	Maximum out degree: 48 (node 5831)
	source 5884 (node 5831) with out degree 48
	target 79 (node 123) with in degree 87

Execution time and memory used at after iteration 160 (MF = 7.496403): 3.065106e+05 seconds, 122576896 bytes of memory usage, 2488764 kB of memory peak and 3-13:08:42 elapsed time
Statistics on the network after iteration 160 (MF = 7.496403)
	Number of nodes: 6301
	Number of allocated nodes: 7168
	Number of edges: 20777
	Maximum in degree: 91 (node 266)
	Maximum out degree: 48 (node 5831)
	source 5884 (node 5831) with out degree 48
	target 79 (node 123) with in degree 87

Execution time and memory used at after iteration 161 (MF = 8.647482): 3.107228e+05 seconds, 122576896 bytes of memory usage, 2488764 kB of memory peak and 3-14:18:54 elapsed time
Statistics on the network after iteration 161 (MF = 8.647482)
	Number of nodes: 6301
	Number of allocated nodes: 7168
	Number of edges: 20777
	Maximum in degree: 91 (node 266)
	Maximum out degree: 48 (node 5831)
	source 5884 (node 5831) with out degree 48
	target 79 (node 123) with in degree 87

Execution time and memory used at after iteration 162 (MF = 8.179856): 3.149771e+05 seconds, 122576896 bytes of memory usage, 2488764 kB of memory peak and 3-15:29:49 elapsed time
Statistics on the network after iteration 162 (MF = 8.179856)
	Number of nodes: 6301
	Number of allocated nodes: 7168
	Number of edges: 20777
	Maximum in degree: 91 (node 266)
	Maximum out degree: 48 (node 5831)
	source 5884 (node 5831) with out degree 48
	target 79 (node 123) with in degree 87

Execution time and memory used at after iteration 163 (MF = 9.690647): 3.192932e+05 seconds, 122576896 bytes of memory usage, 2488764 kB of memory peak and 3-16:41:45 elapsed time
Statistics on the network after iteration 163 (MF = 9.690647)
	Number of nodes: 6301
	Number of allocated nodes: 7168
	Number of edges: 20777
	Maximum in degree: 91 (node 266)
	Maximum out degree: 48 (node 5831)
	source 5884 (node 5831) with out degree 48
	target 79 (node 123) with in degree 87

Execution time and memory used at after iteration 164 (MF = 6.848921): 3.254055e+05 seconds, 122576896 bytes of memory usage, 2488764 kB of memory peak and 3-18:23:37 elapsed time
Statistics on the network after iteration 164 (MF = 6.848921)
	Number of nodes: 6301
	Number of allocated nodes: 7168
	Number of edges: 20777
	Maximum in degree: 91 (node 266)
	Maximum out degree: 48 (node 5831)
	source 5884 (node 5831) with out degree 48
	target 79 (node 123) with in degree 87

Execution time and memory used at after iteration 165 (MF = 8.208633): 3.308762e+05 seconds, 122576896 bytes of memory usage, 2527000 kB of memory peak and 3-19:54:48 elapsed time
Statistics on the network after iteration 165 (MF = 8.208633)
	Number of nodes: 6301
	Number of allocated nodes: 7168
	Number of edges: 20777
	Maximum in degree: 91 (node 266)
	Maximum out degree: 48 (node 5831)
	source 5884 (node 5831) with out degree 48
	target 79 (node 123) with in degree 87

Execution time and memory used at after iteration 166 (MF = 9.575540): 3.372021e+05 seconds, 122576896 bytes of memory usage, 2527000 kB of memory peak and 3-21:40:14 elapsed time
Statistics on the network after iteration 166 (MF = 9.575540)
	Number of nodes: 6301
	Number of allocated nodes: 7168
	Number of edges: 20777
	Maximum in degree: 91 (node 266)
	Maximum out degree: 48 (node 5831)
	source 5884 (node 5831) with out degree 48
	target 79 (node 123) with in degree 87

Execution time and memory used at after iteration 167 (MF = 7.330935): 3.443661e+05 seconds, 122576896 bytes of memory usage, 2777088 kB of memory peak and 3-23:39:38 elapsed time
Statistics on the network after iteration 167 (MF = 7.330935)
	Number of nodes: 6301
	Number of allocated nodes: 7168
	Number of edges: 20777
	Maximum in degree: 91 (node 266)
	Maximum out degree: 48 (node 5831)
	source 5884 (node 5831) with out degree 48
	target 79 (node 123) with in degree 87
