GLPSOL--GLPK LP/MIP Solver 5.0
Parameter(s) specified in the command line:
 --lp input/Oregon-2.html/oregon2_010428.txt.gz.46.lp -o input/Oregon-2.html/oregon2_010428.txt.gz.46.lp.sol
Reading problem data from 'input/Oregon-2.html/oregon2_010428.txt.gz.46.lp'...
31438 rows, 73983 columns, 157177 non-zeros
73983 integer variables, all of which are binary
105426 lines were read
GLPK Integer Optimizer 5.0
31438 rows, 73983 columns, 157177 non-zeros
73983 integer variables, all of which are binary
Preprocessing...
1 hidden packing inequaliti(es) were detected
31044 rows, 73562 columns, 153011 non-zeros
73562 integer variables, all of which are binary
Scaling...
 A: min|aij| =  1.000e+00  max|aij| =  1.000e+00  ratio =  1.000e+00
Problem data seem to be well scaled
Constructing initial basis...
Size of triangular part is 31044
Solving LP relaxation...
GLPK Simplex Optimizer 5.0
31044 rows, 73562 columns, 153011 non-zeros
      0: obj =   0.000000000e+00 inf =   2.380e+02 (238)
    238: obj =   6.236633300e+01 inf =   0.000e+00 (0)
Perturbing LP to avoid stalling [440]...
*  3012: obj =   1.987720340e+01 inf =   6.543e-05 (274) 23
Removing LP perturbation [3509]...
*  3509: obj =   1.258282000e+01 inf =   0.000e+00 (0) 3
OPTIMAL LP SOLUTION FOUND
Integer optimization begins...
Long-step dual simplex will be used
+  3509: mip =     not found yet >=              -inf        (1; 0)
+  3509: >>>>>   1.258282000e+01 >=   1.258282000e+01   0.0% (1; 0)
+  3509: mip =   1.258282000e+01 >=     tree is empty   0.0% (0; 1)
INTEGER OPTIMAL SOLUTION FOUND
Time used:   6.4 secs
Memory used: 84.5 Mb (88608864 bytes)
Writing MIP solution to 'input/Oregon-2.html/oregon2_010428.txt.gz.46.lp.sol'...
Objective:  obj = 12.58282 (MINimum)
