Version 1.2 launched as -e 0.1 12 input/web-NotreDame.html/web-NotreDame.txt.gz 1376


Execution time and memory used at after reading from file: 9.635000e+02 seconds, 103059456 bytes of memory usage, 100680 kB of memory peak and 16:04 elapsed time
Statistics on the network after reading from file
	Number of nodes: 325729
	Number of allocated nodes: 326656
	Number of edges: 1469679
	Maximum in degree: 10721 (node 12129)
	Maximum out degree: 3444 (node 7137)

Execution time and memory used at after adding costs: 9.635300e+02 seconds, 103059456 bytes of memory usage, 100680 kB of memory peak and 16:04 elapsed time
Statistics on the network after adding costs
	Number of nodes: 325729
	Number of allocated nodes: 326656
	Number of edges: 1469679
	Maximum in degree: 10721 (node 12129)
	Maximum out degree: 3444 (node 7137)

Execution time and memory used at before starting main computation: 9.683000e+02 seconds, 107384832 bytes of memory usage, 106660 kB of memory peak and 16:09 elapsed time
Statistics on the network before starting main computation
	Number of nodes: 325729
	Number of allocated nodes: 326656
	Number of edges: 1469679
	Maximum in degree: 10721 (node 12129)
	Maximum out degree: 3444 (node 7137)
	source 7137 (node 7137) with out degree 3444
	target 31331 (node 31331) with in degree 4299

Execution time and memory used at after iteration 1 (MF = 0.293823): 9.626290e+03 seconds, 1459396608 bytes of memory usage, 1756128 kB of memory peak and 02:40:27 elapsed time
Statistics on the network after iteration 1 (MF = 0.293823)
	Number of nodes: 325729
	Number of allocated nodes: 326656
	Number of edges: 1469679
	Maximum in degree: 10721 (node 12129)
	Maximum out degree: 3444 (node 7137)
	source 7137 (node 7137) with out degree 3444
	target 31331 (node 31331) with in degree 4299
GMF with memory efficient alternating algo is 0.000000

Execution time and memory used at after executing the alternating algorithm: 9.642730e+03 seconds, 1411010560 bytes of memory usage, 1762416 kB of memory peak and 02:40:43 elapsed time
Statistics on the network after executing the alternating algorithm
	Number of nodes: 325729
	Number of allocated nodes: 326656
	Number of edges: 1469679
	Maximum in degree: 10721 (node 12129)
	Maximum out degree: 3444 (node 7137)
	source 7137 (node 7137) with out degree 3444
	target 31331 (node 31331) with in degree 4299
