	Command being timed: "/usr/app/src/glpk-5.0/examples/glpsol --lp input/email-EuAll.html/email-EuAll.txt.gz.920.lp -o input/email-EuAll.html/email-EuAll.txt.gz.920.lp.sol"
	User time (seconds): 545.00
	System time (seconds): 3.08
	Percent of CPU this job got: 99%
	Elapsed (wall clock) time (h:mm:ss or m:ss): 9:08.11
	Average shared text size (kbytes): 0
	Average unshared data size (kbytes): 0
	Average stack size (kbytes): 0
	Average total size (kbytes): 0
	Maximum resident set size (kbytes): 1162972
	Average resident set size (kbytes): 0
	Major (requiring I/O) page faults: 0
	Minor (reclaiming a frame) page faults: 619295
	Voluntary context switches: 32
	Involuntary context switches: 856
	Swaps: 0
	File system inputs: 0
	File system outputs: 206648
	Socket messages sent: 0
	Socket messages received: 0
	Signals delivered: 0
	Page size (bytes): 4096
	Exit status: 0
