GLPSOL--GLPK LP/MIP Solver 5.0
Parameter(s) specified in the command line:
 --lp input/cit-HepPh.html/cit-HepPh.txt.gz.205.lp -o input/cit-HepPh.html/cit-HepPh.txt.gz.205.lp.sol
Reading problem data from 'input/cit-HepPh.html/cit-HepPh.txt.gz.205.lp'...
421537 rows, 877614 columns, 2107672 non-zeros
877614 integer variables, all of which are binary
1299156 lines were read
GLPK Integer Optimizer 5.0
421537 rows, 877614 columns, 2107672 non-zeros
877614 integer variables, all of which are binary
Preprocessing...
421472 rows, 877549 columns, 2106391 non-zeros
877549 integer variables, all of which are binary
Scaling...
 A: min|aij| =  1.000e+00  max|aij| =  1.000e+00  ratio =  1.000e+00
Problem data seem to be well scaled
Constructing initial basis...
Size of triangular part is 421472
Solving LP relaxation...
GLPK Simplex Optimizer 5.0
421472 rows, 877549 columns, 2106391 non-zeros
      0: obj =   0.000000000e+00 inf =   6.160e+02 (616)
    307: obj =   1.675521000e+02 inf =   3.090e+02 (309)
    614: obj =   3.262251280e+02 inf =   2.000e+00 (2)
    616: obj =   3.272529720e+02 inf =   0.000e+00 (0)
Perturbing LP to avoid stalling [817]...
*   918: obj =   3.247462100e+02 inf =   0.000e+00 (873)
*  1176: obj =   3.247462100e+02 inf =   0.000e+00 (883) 2
*  1422: obj =   3.247462100e+02 inf =   0.000e+00 (891) 2
*  1660: obj =   3.247462100e+02 inf =   0.000e+00 (906) 2
*  1896: obj =   3.247462100e+02 inf =   0.000e+00 (917) 2
*  2129: obj =   3.247462100e+02 inf =   0.000e+00 (918) 2
*  2357: obj =   3.247462100e+02 inf =   0.000e+00 (935) 2
*  2582: obj =   3.247462100e+02 inf =   0.000e+00 (924) 2
*  2806: obj =   3.247462100e+02 inf =   0.000e+00 (949) 2
*  3028: obj =   3.247462100e+02 inf =   0.000e+00 (947) 2
*  3246: obj =   3.247462100e+02 inf =   0.000e+00 (952) 2
*  3463: obj =   3.247462100e+02 inf =   0.000e+00 (948) 2
*  3677: obj =   3.247462100e+02 inf =   0.000e+00 (945) 2
*  3891: obj =   3.247462100e+02 inf =   0.000e+00 (959) 2
*  4103: obj =   3.247462100e+02 inf =   0.000e+00 (961) 2
*  4315: obj =   3.247462100e+02 inf =   0.000e+00 (951) 2
*  4523: obj =   3.247462100e+02 inf =   0.000e+00 (957) 2
*  4730: obj =   3.247462100e+02 inf =   0.000e+00 (955) 2
*  4937: obj =   3.247462100e+02 inf =   0.000e+00 (945) 2
*  5142: obj =   3.247462100e+02 inf =   0.000e+00 (958) 2
*  5345: obj =   3.247462100e+02 inf =   0.000e+00 (964) 2
*  5546: obj =   3.247462100e+02 inf =   0.000e+00 (955) 2
*  5751: obj =   3.247462100e+02 inf =   0.000e+00 (986) 1
*  5952: obj =   3.247462100e+02 inf =   0.000e+00 (970) 2
*  6150: obj =   3.247462100e+02 inf =   0.000e+00 (975) 2
*  6346: obj =   3.247462100e+02 inf =   0.000e+00 (977) 2
*  6544: obj =   3.039912248e+02 inf =   0.000e+00 (5505) 2
*  6754: obj =   3.039912246e+02 inf =   1.195e-05 (5526) 2
*  6959: obj =   3.039912195e+02 inf =   2.020e-04 (5480) 2
*  7163: obj =   3.039912026e+02 inf =   6.900e-04 (5466) 2
*  7365: obj =   3.039911900e+02 inf =   8.655e-04 (5425) 2
*  7567: obj =   3.024671692e+02 inf =   1.101e-03 (5516) 2
*  7766: obj =   3.024671557e+02 inf =   1.226e-03 (5443) 2
*  7956: obj =   3.024671385e+02 inf =   1.296e-03 (5382) 2
*  8153: obj =   3.024671252e+02 inf =   1.182e-03 (5310) 2
*  8361: obj =   2.957353335e+02 inf =   1.165e-03 (5742) 2
*  8569: obj =   2.957353243e+02 inf =   1.209e-03 (5728) 2
*  8777: obj =   2.811989900e+02 inf =   1.329e-03 (5339) 2
*  8988: obj =   2.811989803e+02 inf =   1.507e-03 (5297) 2
*  9195: obj =   2.811989660e+02 inf =   1.902e-03 (5236) 2
*  9400: obj =   2.811989545e+02 inf =   2.173e-03 (5160) 2
*  9605: obj =   2.811989426e+02 inf =   2.330e-03 (5102) 2
*  9810: obj =   2.811989336e+02 inf =   2.216e-03 (5034) 2
* 10017: obj =   2.811989190e+02 inf =   2.028e-03 (4966) 2
* 10226: obj =   2.751859905e+02 inf =   1.916e-03 (5312) 2
* 10432: obj =   2.751858949e+02 inf =   1.970e-03 (5220) 2
* 10645: obj =   2.745709122e+02 inf =   1.713e-03 (5121) 1
* 10860: obj =   2.745708854e+02 inf =   1.672e-03 (5052) 2
* 11072: obj =   2.712974124e+02 inf =   1.705e-03 (4849) 2
* 11286: obj =   2.712974053e+02 inf =   1.569e-03 (4792) 2
* 11500: obj =   2.689753053e+02 inf =   2.070e-03 (4756) 2
* 11712: obj =   2.653887179e+02 inf =   3.934e-03 (4714) 2
* 11923: obj =   2.653887088e+02 inf =   4.850e-03 (4707) 2
* 12137: obj =   2.623238220e+02 inf =   5.341e-03 (4542) 1
* 12340: obj =   2.623238155e+02 inf =   6.650e-03 (4512) 2
* 12539: obj =   2.623238077e+02 inf =   8.174e-03 (4524) 2
* 12741: obj =   2.623237966e+02 inf =   9.811e-03 (4535) 1
* 12939: obj =   2.623237810e+02 inf =   1.050e-02 (4558) 2
* 13119: obj =   2.623237671e+02 inf =   1.236e-02 (4530) 1
* 13292: obj =   2.623237567e+02 inf =   1.403e-02 (4525) 2
* 13465: obj =   2.623237547e+02 inf =   1.424e-02 (4572) 1
* 13636: obj =   2.623237472e+02 inf =   1.518e-02 (4556) 2
* 13815: obj =   2.623237301e+02 inf =   1.742e-02 (4576) 1
* 13994: obj =   2.623237251e+02 inf =   1.767e-02 (4610) 2
* 14187: obj =   2.623237035e+02 inf =   2.105e-02 (4637) 1
* 14373: obj =   2.623236933e+02 inf =   2.179e-02 (4642) 2
* 14560: obj =   2.623236873e+02 inf =   2.184e-02 (4680) 1
* 14743: obj =   2.623236707e+02 inf =   2.239e-02 (4663) 2
* 14926: obj =   2.623236501e+02 inf =   2.335e-02 (4711) 2
* 15115: obj =   2.623236279e+02 inf =   2.457e-02 (4729) 1
* 15296: obj =   2.623236168e+02 inf =   2.499e-02 (4756) 2
* 15483: obj =   2.623236157e+02 inf =   2.475e-02 (4792) 1
* 15662: obj =   2.623236063e+02 inf =   2.477e-02 (4836) 2
* 15840: obj =   2.623235942e+02 inf =   2.457e-02 (4875) 2
* 16020: obj =   2.623235862e+02 inf =   2.435e-02 (4897) 1
* 16195: obj =   2.623235792e+02 inf =   2.376e-02 (4917) 2
* 16372: obj =   2.623235620e+02 inf =   2.331e-02 (4946) 1
* 16547: obj =   2.623235515e+02 inf =   2.267e-02 (4959) 2
* 16726: obj =   2.582729170e+02 inf =   2.187e-02 (6066) 2
* 16910: obj =   2.582728361e+02 inf =   2.177e-02 (6009) 2
* 17096: obj =   2.582727699e+02 inf =   2.162e-02 (5949) 1
* 17278: obj =   2.582727211e+02 inf =   2.128e-02 (5918) 2
* 17458: obj =   2.582726692e+02 inf =   2.077e-02 (5876) 2
* 17640: obj =   2.501336482e+02 inf =   2.023e-02 (5742) 2
* 17829: obj =   2.501335984e+02 inf =   2.015e-02 (5672) 1
* 18011: obj =   2.501335502e+02 inf =   2.022e-02 (5612) 2
* 18192: obj =   2.501335122e+02 inf =   1.998e-02 (5555) 2
* 18373: obj =   2.501334577e+02 inf =   1.883e-02 (5492) 2
* 18555: obj =   2.501334132e+02 inf =   1.812e-02 (5415) 2
* 18741: obj =   2.501333823e+02 inf =   1.781e-02 (5344) 1
* 18922: obj =   2.501333524e+02 inf =   1.748e-02 (5310) 2
* 19101: obj =   2.501333174e+02 inf =   1.715e-02 (5246) 2
* 19279: obj =   2.501332920e+02 inf =   1.644e-02 (5248) 2
* 19461: obj =   2.501332599e+02 inf =   1.561e-02 (5176) 1
* 19638: obj =   2.489812056e+02 inf =   1.520e-02 (5180) 2
* 19817: obj =   2.489811759e+02 inf =   1.466e-02 (5124) 2
* 19994: obj =   2.489811620e+02 inf =   1.423e-02 (5087) 2
* 20176: obj =   2.489811305e+02 inf =   1.347e-02 (5029) 1
* 20354: obj =   2.489810911e+02 inf =   1.261e-02 (4943) 2
* 20532: obj =   2.475950353e+02 inf =   1.194e-02 (4889) 2
* 20708: obj =   2.475949994e+02 inf =   1.130e-02 (4878) 2
* 20891: obj =   2.475949649e+02 inf =   1.081e-02 (4825) 1
* 21068: obj =   2.475949055e+02 inf =   1.027e-02 (4762) 2
* 21244: obj =   2.425377536e+02 inf =   9.928e-03 (4671) 2
* 21429: obj =   2.425377272e+02 inf =   9.869e-03 (4666) 1
* 21611: obj =   2.419371154e+02 inf =   9.792e-03 (4673) 2
* 21794: obj =   2.382773741e+02 inf =   9.876e-03 (4705) 2
* 21980: obj =   2.382773138e+02 inf =   9.830e-03 (4673) 1
* 22153: obj =   2.382773043e+02 inf =   9.799e-03 (4675) 2
* 22329: obj =   2.382772801e+02 inf =   9.535e-03 (4652) 2
* 22513: obj =   2.382772552e+02 inf =   9.225e-03 (4647) 2
* 22699: obj =   2.378257668e+02 inf =   9.042e-03 (4597) 1
* 22881: obj =   2.371473136e+02 inf =   8.864e-03 (4570) 2
* 23064: obj =   2.371472983e+02 inf =   8.721e-03 (4588) 2
* 23249: obj =   2.371472845e+02 inf =   8.487e-03 (4596) 1
* 23429: obj =   2.371472654e+02 inf =   8.312e-03 (4549) 2
* 23607: obj =   2.371472618e+02 inf =   8.229e-03 (4512) 2
* 23793: obj =   2.367853342e+02 inf =   8.016e-03 (4523) 2
* 23980: obj =   2.367853235e+02 inf =   7.774e-03 (4496) 1
* 24158: obj =   2.345833917e+02 inf =   7.602e-03 (4513) 2
* 24337: obj =   2.345833705e+02 inf =   7.344e-03 (4467) 2
* 24520: obj =   2.330811352e+02 inf =   7.240e-03 (4410) 1
* 24701: obj =   2.312486189e+02 inf =   7.193e-03 (4417) 2
* 24880: obj =   2.298717721e+02 inf =   6.998e-03 (4412) 2
* 25062: obj =   2.298717205e+02 inf =   6.853e-03 (4379) 1
* 25240: obj =   2.298717014e+02 inf =   6.807e-03 (4383) 2
* 25421: obj =   2.294114035e+02 inf =   6.798e-03 (4294) 2
* 25597: obj =   2.289981818e+02 inf =   6.754e-03 (4269) 2
* 25782: obj =   2.289981621e+02 inf =   6.620e-03 (4250) 1
* 25968: obj =   2.284240611e+02 inf =   6.665e-03 (4186) 2
* 26150: obj =   2.284240476e+02 inf =   6.591e-03 (4160) 2
* 26333: obj =   2.284240293e+02 inf =   6.280e-03 (4123) 2
* 26529: obj =   2.284240231e+02 inf =   6.578e-03 (4147) 2
* 26724: obj =   2.280491084e+02 inf =   7.025e-03 (4167) 1
* 26912: obj =   2.280490999e+02 inf =   7.024e-03 (4166) 2
* 27101: obj =   2.280490928e+02 inf =   7.043e-03 (4185) 2
* 27294: obj =   2.280490890e+02 inf =   7.265e-03 (4183) 1
* 27476: obj =   2.280490835e+02 inf =   7.523e-03 (4188) 2
* 27663: obj =   2.280490717e+02 inf =   8.753e-03 (4192) 1
* 27842: obj =   2.280490658e+02 inf =   8.911e-03 (4225) 2
* 28021: obj =   2.280490591e+02 inf =   8.765e-03 (4211) 2
* 28204: obj =   2.280490471e+02 inf =   9.389e-03 (4219) 1
* 28380: obj =   2.280490413e+02 inf =   9.322e-03 (4265) 2
* 28557: obj =   2.280490397e+02 inf =   9.228e-03 (4309) 1
* 28731: obj =   2.280490378e+02 inf =   9.043e-03 (4345) 2
* 28915: obj =   2.280490057e+02 inf =   9.357e-03 (4314) 1
* 29085: obj =   2.143604839e+02 inf =   9.218e-03 (422944) 2
* 29256: obj =   2.143603240e+02 inf =   9.318e-03 (422947) 2
* 29428: obj =   2.143602255e+02 inf =   1.043e-02 (422951) 2
* 29601: obj =   2.143600755e+02 inf =   1.072e-02 (422939) 1
* 29775: obj =   2.143599798e+02 inf =   1.105e-02 (422921) 2
* 29949: obj =   2.143599108e+02 inf =   1.137e-02 (422935) 2
* 30132: obj =   2.143598416e+02 inf =   1.209e-02 (422940) 1
* 30308: obj =   2.143597814e+02 inf =   1.206e-02 (422929) 2
* 30483: obj =   2.109203303e+02 inf =   1.227e-02 (5146) 2
* 30666: obj =   2.109203017e+02 inf =   1.227e-02 (5071) 1
* 30846: obj =   2.109202869e+02 inf =   1.230e-02 (5030) 2
* 31037: obj =   2.089187943e+02 inf =   1.216e-02 (4846) 2
* 31221: obj =   2.089187594e+02 inf =   1.180e-02 (4773) 2
* 31427: obj =   2.089187309e+02 inf =   1.204e-02 (4691) 1
* 31642: obj =   1.964838388e+02 inf =   1.200e-02 (4722) 2
* 31845: obj =   1.964838246e+02 inf =   1.213e-02 (4631) 2
* 32042: obj =   1.964838121e+02 inf =   1.233e-02 (4537) 2
* 32242: obj =   1.964838014e+02 inf =   1.312e-02 (4510) 2
* 32437: obj =   1.961782750e+02 inf =   1.366e-02 (4497) 1
* 32613: obj =   1.961782621e+02 inf =   1.492e-02 (4442) 2
* 32804: obj =   1.911771059e+02 inf =   1.586e-02 (4426) 2
* 32994: obj =   1.899854601e+02 inf =   1.632e-02 (4549) 2
* 33182: obj =   1.899854323e+02 inf =   1.712e-02 (4469) 1
* 33378: obj =   1.878950391e+02 inf =   1.772e-02 (4338) 2
* 33561: obj =   1.858098932e+02 inf =   1.758e-02 (4347) 2
* 33740: obj =   1.858098699e+02 inf =   1.722e-02 (4328) 2
* 33935: obj =   1.858098346e+02 inf =   1.715e-02 (4256) 2
* 34133: obj =   1.858098062e+02 inf =   1.782e-02 (4187) 1
* 34340: obj =   1.733920484e+02 inf =   1.833e-02 (4214) 2
* 34576: obj =   1.383119691e+02 inf =   1.872e-02 (4240) 1
* 34759: obj =   1.383119688e+02 inf =   1.869e-02 (4268) 2
* 34948: obj =   1.383119624e+02 inf =   1.923e-02 (4312) 2
* 35135: obj =   1.383119589e+02 inf =   1.941e-02 (4316) 1
* 35312: obj =   1.376294044e+02 inf =   2.002e-02 (4408) 2
* 35498: obj =   1.376293904e+02 inf =   2.049e-02 (4366) 1
* 35667: obj =   1.376293873e+02 inf =   2.057e-02 (4392) 2
* 35842: obj =   1.376293817e+02 inf =   2.071e-02 (4434) 1
* 36014: obj =   1.376293724e+02 inf =   2.096e-02 (4468) 2
* 36203: obj =   1.353526384e+02 inf =   2.088e-02 (423556) 1
* 36390: obj =   1.353518216e+02 inf =   2.150e-02 (4528) 2
* 36558: obj =   1.353518136e+02 inf =   2.197e-02 (4569) 2
* 36719: obj =   1.353518135e+02 inf =   2.164e-02 (4597) 1
* 36882: obj =   1.353518056e+02 inf =   2.168e-02 (4636) 1
* 37052: obj =   1.353517856e+02 inf =   2.162e-02 (4683) 2
* 37223: obj =   1.353517706e+02 inf =   2.159e-02 (4697) 2
* 37395: obj =   1.353517689e+02 inf =   2.106e-02 (4736) 1
* 37566: obj =   1.353517533e+02 inf =   2.062e-02 (4742) 2
* 37738: obj =   1.353517133e+02 inf =   1.985e-02 (4741) 2
* 37918: obj =   1.295592453e+02 inf =   1.936e-02 (7363) 1
* 38093: obj =   1.261219154e+02 inf =   1.960e-02 (423947) 2
* 38262: obj =   1.261218627e+02 inf =   1.911e-02 (423937) 2
* 38439: obj =   1.261218050e+02 inf =   1.969e-02 (423937) 1
* 38608: obj =   1.222520243e+02 inf =   1.947e-02 (7678) 2
* 38780: obj =   1.222519863e+02 inf =   1.929e-02 (7642) 2
* 38959: obj =   1.222519722e+02 inf =   1.919e-02 (7612) 1
* 39135: obj =   1.222519601e+02 inf =   1.902e-02 (7533) 2
* 39313: obj =   1.222519537e+02 inf =   1.889e-02 (7454) 2
* 39494: obj =   1.222519502e+02 inf =   1.881e-02 (7438) 1
* 39725: obj =   7.585857571e+01 inf =   1.862e-02 (7452) 1
* 39926: obj =   5.963183677e+01 inf =   1.825e-02 (7387) 1
* 40106: obj =   5.963182659e+01 inf =   1.793e-02 (7341) 2
* 40279: obj =   5.963180900e+01 inf =   1.913e-02 (7301) 2
* 40451: obj =   5.963179890e+01 inf =   1.999e-02 (7256) 1
* 40617: obj =   5.963178432e+01 inf =   2.177e-02 (7223) 2
* 40788: obj =   5.963177821e+01 inf =   2.199e-02 (7141) 2
* 40965: obj =   5.895934525e+01 inf =   2.273e-02 (6997) 1
* 41132: obj =   5.895932990e+01 inf =   2.414e-02 (7006) 2
* 41299: obj =   5.895931179e+01 inf =   2.602e-02 (6974) 1
* 41462: obj =   5.895930341e+01 inf =   2.669e-02 (6938) 2
* 41630: obj =   5.855555148e+01 inf =   2.725e-02 (6362) 1
* 41841: obj =   2.579745854e+01 inf =   2.688e-02 (7035) 1
* 42015: obj =   2.436567487e+01 inf =   2.667e-02 (5699) 2
* 42190: obj =   2.436565026e+01 inf =   2.584e-02 (5702) 1
* 42363: obj =   2.436563104e+01 inf =   2.544e-02 (5666) 2
* 42535: obj =   2.436560493e+01 inf =   2.497e-02 (5617) 2
* 42723: obj =   2.436559481e+01 inf =   2.474e-02 (5587) 1
* 42905: obj =   2.253274337e+01 inf =   2.461e-02 (6899) 2
* 43079: obj =   2.130201140e+01 inf =   2.524e-02 (5587) 2
* 43258: obj =   2.130199037e+01 inf =   2.505e-02 (5540) 2
* 43450: obj =   1.904002768e+01 inf =   2.534e-02 (5519) 1
* 43628: obj =   1.904001215e+01 inf =   2.580e-02 (5540) 2
* 43807: obj =   1.904000100e+01 inf =   2.650e-02 (5483) 1
* 43986: obj =   1.903999524e+01 inf =   2.604e-02 (5414) 2
* 44168: obj =   1.903998606e+01 inf =   2.573e-02 (5368) 2
* 44351: obj =   1.903997578e+01 inf =   2.516e-02 (5299) 1
* 44538: obj =   1.903994390e+01 inf =   2.481e-02 (5263) 2
* 44726: obj =   1.355068078e+01 inf =   2.447e-02 (5241) 2
* 44917: obj =   1.355066443e+01 inf =   2.423e-02 (5166) 1
* 45087: obj =   1.355064239e+01 inf =   2.532e-02 (5176) 2
* 45265: obj =   1.355063391e+01 inf =   2.555e-02 (5147) 1
* 45425: obj =   1.355061832e+01 inf =   2.708e-02 (5133) 2
* 45589: obj =   1.355060797e+01 inf =   2.773e-02 (5083) 1
* 45751: obj =   1.355059957e+01 inf =   2.814e-02 (5052) 2
* 45934: obj =   1.355058506e+01 inf =   2.760e-02 (5014) 1
* 46100: obj =   1.355057179e+01 inf =   2.887e-02 (5016) 2
* 46278: obj =   1.355056042e+01 inf =   2.904e-02 (4951) 1
* 46449: obj =   1.355055171e+01 inf =   2.896e-02 (4970) 2
* 46614: obj =   1.355053860e+01 inf =   3.001e-02 (4942) 1
* 46793: obj =   9.186948995e+00 inf =   2.959e-02 (4909) 2
* 46968: obj =   8.742550818e+00 inf =   2.990e-02 (4857) 1
* 47127: obj =   8.742534129e+00 inf =   3.042e-02 (4853) 2
* 47293: obj =   8.742522132e+00 inf =   3.047e-02 (4829) 1
* 47458: obj =   7.369375239e+00 inf =   3.053e-02 (422787) 2
* 47618: obj =   7.369357765e+00 inf =   3.069e-02 (422781) 1
* 47773: obj =   7.369345716e+00 inf =   3.062e-02 (422786) 2
* 47930: obj =   7.369329794e+00 inf =   3.058e-02 (422780) 1
* 48079: obj =   7.369315413e+00 inf =   3.033e-02 (422773) 1
* 48209: obj =   7.369286407e+00 inf =   3.099e-02 (422779) 2
* 48332: obj =   7.369277594e+00 inf =   3.074e-02 (422763) 1
* 48485: obj =   7.369256160e+00 inf =   3.096e-02 (422757) 1
* 48638: obj =   7.369246930e+00 inf =   3.030e-02 (422754) 2
* 48796: obj =   7.369231285e+00 inf =   3.018e-02 (422759) 1
* 48950: obj =   7.369220148e+00 inf =   3.013e-02 (422742) 2
* 49109: obj =   7.369210146e+00 inf =   2.970e-02 (422746) 1
* 49263: obj =   7.369191046e+00 inf =   2.973e-02 (422752) 2
* 49420: obj =   7.369181559e+00 inf =   2.972e-02 (422778) 1
* 49576: obj =   7.369170174e+00 inf =   2.938e-02 (422775) 2
* 49734: obj =   7.369152465e+00 inf =   2.948e-02 (422749) 1
* 49888: obj =   7.369130852e+00 inf =   3.006e-02 (422764) 2
* 50046: obj =   7.369122726e+00 inf =   2.941e-02 (422757) 1
* 50198: obj =   7.369111134e+00 inf =   2.907e-02 (422748) 2
* 50357: obj =   7.369094775e+00 inf =   2.916e-02 (422730) 1
* 50508: obj =   7.369088205e+00 inf =   2.866e-02 (422735) 2
* 50664: obj =   7.369074547e+00 inf =   2.803e-02 (422722) 1
* 50820: obj =   7.369051625e+00 inf =   2.822e-02 (422741) 2
* 50978: obj =   7.369037132e+00 inf =   2.841e-02 (422732) 1
* 51134: obj =   7.369026434e+00 inf =   2.839e-02 (422704) 2
* 51290: obj =   7.369020541e+00 inf =   2.755e-02 (422727) 1
* 51442: obj =   7.369019279e+00 inf =   2.635e-02 (422707) 2
* 51599: obj =   7.369010981e+00 inf =   2.612e-02 (422728) 1
* 51751: obj =   7.368999226e+00 inf =   2.594e-02 (422717) 2
* 51910: obj =   7.368989246e+00 inf =   2.542e-02 (422681) 1
* 52070: obj =   7.368981165e+00 inf =   2.503e-02 (422686) 2
* 52229: obj =   7.368970109e+00 inf =   2.464e-02 (422683) 1
* 52385: obj =   7.368962485e+00 inf =   2.415e-02 (422678) 1
* 52540: obj =   7.368950123e+00 inf =   2.384e-02 (422686) 2
* 52696: obj =   7.368943275e+00 inf =   2.268e-02 (422672) 1
* 52858: obj =   7.368930897e+00 inf =   2.246e-02 (422687) 2
* 53018: obj =   7.368920086e+00 inf =   2.236e-02 (422651) 1
* 53170: obj =   7.368913934e+00 inf =   2.135e-02 (422666) 2
* 53326: obj =   7.368908417e+00 inf =   2.052e-02 (422657) 1
* 53478: obj =   7.368903936e+00 inf =   1.844e-02 (422668) 2
* 53646: obj =   7.368892496e+00 inf =   1.854e-02 (422676) 1
* 53800: obj =   7.368881655e+00 inf =   1.804e-02 (422686) 2
* 53965: obj =   7.368863143e+00 inf =   1.790e-02 (422653) 1
* 54121: obj =   7.368852505e+00 inf =   1.766e-02 (422645) 2
* 54282: obj =   7.368838598e+00 inf =   1.711e-02 (422618) 1
* 54434: obj =   7.368818185e+00 inf =   1.619e-02 (422627) 2
* 54594: obj =   7.368791250e+00 inf =   1.569e-02 (422619) 1
* 54758: obj =   6.257861535e+00 inf =   1.560e-02 (6626) 1
* 54918: obj =   6.257834309e+00 inf =   1.636e-02 (6585) 2
* 55083: obj =   6.257829031e+00 inf =   1.679e-02 (6526) 1
* 55245: obj =   6.257823499e+00 inf =   1.718e-02 (6503) 2
* 55407: obj =   6.257817333e+00 inf =   1.695e-02 (6488) 1
* 55568: obj =   6.257801395e+00 inf =   1.722e-02 (6422) 2
* 55727: obj =   6.257789894e+00 inf =   1.758e-02 (6443) 1
* 55886: obj =   6.257781300e+00 inf =   1.788e-02 (6377) 1
* 56041: obj =   6.257772108e+00 inf =   1.794e-02 (6319) 2
* 56199: obj =   6.257765325e+00 inf =   1.785e-02 (6298) 1
* 56352: obj =   6.257752098e+00 inf =   1.762e-02 (6260) 2
* 56511: obj =   6.257722812e+00 inf =   1.756e-02 (6244) 1
* 56665: obj =   6.257692649e+00 inf =   1.771e-02 (6205) 2
* 56823: obj =   6.033891775e+00 inf =   1.791e-02 (6336) 1
* 56985: obj =   6.033839968e+00 inf =   1.785e-02 (6304) 1
* 57146: obj =   6.033739644e+00 inf =   1.823e-02 (6268) 2
* 57309: obj =   6.033691656e+00 inf =   1.840e-02 (6247) 1
* 57469: obj =   6.033664002e+00 inf =   1.873e-02 (6215) 2
* 57634: obj =   6.033632317e+00 inf =   1.878e-02 (6154) 1
* 57790: obj =   6.033605841e+00 inf =   1.882e-02 (6125) 2
* 57957: obj =   6.033578217e+00 inf =   1.886e-02 (6148) 1
* 58116: obj =   6.033566204e+00 inf =   1.923e-02 (6124) 2
* 58281: obj =   6.033548480e+00 inf =   1.956e-02 (6084) 1
* 58440: obj =   6.033528020e+00 inf =   1.997e-02 (6067) 2
* 58602: obj =   6.033508211e+00 inf =   2.031e-02 (6071) 1
* 58759: obj =   6.033492830e+00 inf =   2.043e-02 (5990) 2
* 58926: obj =   6.033484047e+00 inf =   2.059e-02 (5960) 1
* 59089: obj =   6.033469251e+00 inf =   2.055e-02 (5946) 2
* 59255: obj =   6.033450219e+00 inf =   2.026e-02 (5910) 1
* 59413: obj =   6.033438546e+00 inf =   2.004e-02 (5892) 2
* 59579: obj =   6.033426036e+00 inf =   2.007e-02 (5844) 1
* 59741: obj =   6.033415167e+00 inf =   2.000e-02 (5824) 2
* 59909: obj =   6.033408972e+00 inf =   2.018e-02 (5774) 1
* 60070: obj =   6.033398220e+00 inf =   2.023e-02 (5767) 2
* 60234: obj =   6.033378217e+00 inf =   2.043e-02 (5726) 1
* 60396: obj =   6.033364519e+00 inf =   2.086e-02 (5719) 2
* 60561: obj =   6.033358222e+00 inf =   2.114e-02 (5649) 1
* 60725: obj =   6.033344726e+00 inf =   2.143e-02 (5621) 2
* 60890: obj =   6.033333989e+00 inf =   2.197e-02 (5567) 1
* 61051: obj =   6.033325239e+00 inf =   2.243e-02 (5575) 2
* 61214: obj =   6.033314002e+00 inf =   2.328e-02 (5583) 2
* 61384: obj =   6.033302107e+00 inf =   2.419e-02 (5486) 1
* 61544: obj =   5.684891667e+00 inf =   2.451e-02 (6133) 2
* 61704: obj =   5.684868514e+00 inf =   2.566e-02 (6116) 1
* 61863: obj =   5.684852760e+00 inf =   2.628e-02 (6083) 2
* 62029: obj =   5.684760828e+00 inf =   2.663e-02 (6083) 1
* 62192: obj =   5.684741610e+00 inf =   2.650e-02 (6060) 2
* 62356: obj =   5.684733093e+00 inf =   2.631e-02 (6032) 1
* 62520: obj =   5.684704380e+00 inf =   2.628e-02 (6030) 1
* 62685: obj =   5.684690445e+00 inf =   2.618e-02 (5979) 2
* 62855: obj =   5.684682095e+00 inf =   2.573e-02 (5885) 1
* 63018: obj =   5.684661095e+00 inf =   2.537e-02 (5805) 2
* 63191: obj =   5.684641232e+00 inf =   2.506e-02 (5778) 1
* 63352: obj =   5.684623248e+00 inf =   2.501e-02 (5754) 2
* 63514: obj =   5.684598979e+00 inf =   2.480e-02 (5750) 1
* 63672: obj =   5.684577054e+00 inf =   2.472e-02 (5723) 2
* 63838: obj =   5.684549154e+00 inf =   2.488e-02 (5678) 1
* 63999: obj =   5.684522720e+00 inf =   2.549e-02 (5655) 2
* 64163: obj =   5.684501860e+00 inf =   2.637e-02 (5542) 2
* 64330: obj =   5.684476110e+00 inf =   2.728e-02 (5538) 1
* 64505: obj =   5.684467832e+00 inf =   2.761e-02 (5450) 2
* 64676: obj =   5.684459273e+00 inf =   2.756e-02 (5377) 1
* 64846: obj =   5.684452819e+00 inf =   2.713e-02 (5390) 2
* 65021: obj =   5.684447404e+00 inf =   2.674e-02 (5319) 1
* 65191: obj =   5.684437608e+00 inf =   2.645e-02 (5298) 2
* 65361: obj =   5.684425670e+00 inf =   2.627e-02 (5287) 2
* 65537: obj =   5.684415330e+00 inf =   2.619e-02 (5202) 1
* 65701: obj =   5.684408564e+00 inf =   2.592e-02 (5161) 2
* 65876: obj =   5.684402048e+00 inf =   2.555e-02 (5124) 1
* 66042: obj =   5.684394157e+00 inf =   2.528e-02 (5097) 2
* 66213: obj =   5.684384424e+00 inf =   2.536e-02 (5071) 1
* 66374: obj =   5.684378692e+00 inf =   2.537e-02 (5028) 2
* 66540: obj =   5.684371716e+00 inf =   2.527e-02 (5034) 1
* 66711: obj =   5.507908102e+00 inf =   2.481e-02 (5352) 2
* 66892: obj =   5.507905197e+00 inf =   2.423e-02 (5326) 1
* 67062: obj =   5.507898748e+00 inf =   2.339e-02 (5290) 2
* 67232: obj =   5.507888761e+00 inf =   2.314e-02 (5234) 2
* 67404: obj =   5.507879223e+00 inf =   2.311e-02 (5169) 1
* 67578: obj =   5.507874763e+00 inf =   2.244e-02 (5152) 2
* 67752: obj =   5.507871385e+00 inf =   2.214e-02 (5091) 1
* 67923: obj =   5.507868754e+00 inf =   2.182e-02 (5101) 2
* 68096: obj =   5.507859227e+00 inf =   2.160e-02 (5091) 1
* 68265: obj =   5.507849608e+00 inf =   2.155e-02 (5069) 2
* 68439: obj =   5.507840062e+00 inf =   2.163e-02 (5060) 1
* 68603: obj =   5.507831484e+00 inf =   2.184e-02 (5025) 2
* 68772: obj =   5.507825575e+00 inf =   2.202e-02 (4984) 1
* 68936: obj =   5.507819414e+00 inf =   2.211e-02 (4985) 2
* 69112: obj =   5.507814633e+00 inf =   2.199e-02 (4950) 1
* 69277: obj =   5.507801107e+00 inf =   2.244e-02 (4944) 2
* 69445: obj =   5.507795775e+00 inf =   2.225e-02 (4890) 2
* 69622: obj =   5.507791892e+00 inf =   2.180e-02 (4832) 1
* 69797: obj =   5.350096923e+00 inf =   2.117e-02 (4665) 2
* 69967: obj =   4.891313531e+00 inf =   2.085e-02 (4752) 1
* 70122: obj =   4.891309378e+00 inf =   2.040e-02 (4807) 2
* 70286: obj =   4.891296880e+00 inf =   1.964e-02 (4769) 1
* 70441: obj =   4.891294133e+00 inf =   1.899e-02 (4722) 2
* 70600: obj =   4.641950844e+00 inf =   1.838e-02 (4963) 1
* 70750: obj =   4.641945657e+00 inf =   1.792e-02 (4911) 2
* 70905: obj =   4.641937158e+00 inf =   1.741e-02 (4884) 1
* 71063: obj =   4.641931543e+00 inf =   1.702e-02 (4831) 1
* 71219: obj =   4.641924470e+00 inf =   1.635e-02 (4821) 2
* 71378: obj =   4.641915687e+00 inf =   1.576e-02 (4793) 1
* 71535: obj =   4.641907213e+00 inf =   1.528e-02 (4784) 2
* 71696: obj =   4.641893956e+00 inf =   1.486e-02 (4763) 1
* 71847: obj =   4.641884125e+00 inf =   1.435e-02 (4680) 2
* 72007: obj =   4.641877577e+00 inf =   1.401e-02 (4666) 1
* 72163: obj =   4.641862821e+00 inf =   1.349e-02 (4669) 2
* 72323: obj =   4.641845865e+00 inf =   1.306e-02 (4611) 1
* 72487: obj =   4.010827446e+00 inf =   1.278e-02 (4250) 2
* 72659: obj =   3.890456974e+00 inf =   1.291e-02 (4248) 1
* 72825: obj =   3.203034115e+00 inf =   1.288e-02 (4162) 2
* 72991: obj =   2.616443525e+00 inf =   1.279e-02 (4243) 1
* 73150: obj =   2.616421429e+00 inf =   1.262e-02 (4264) 2
* 73309: obj =   2.556628339e+00 inf =   1.252e-02 (4150) 1
* 73468: obj =   2.556626548e+00 inf =   1.239e-02 (4149) 1
* 73622: obj =   2.556620716e+00 inf =   1.257e-02 (4156) 2
* 73781: obj =   2.439679431e+00 inf =   1.253e-02 (4100) 1
* 73938: obj =   2.342489973e+00 inf =   1.241e-02 (4037) 2
* 74101: obj =   2.342486972e+00 inf =   1.243e-02 (4098) 1
* 74259: obj =   2.342484180e+00 inf =   1.221e-02 (4069) 2
* 74422: obj =   2.342481622e+00 inf =   1.199e-02 (4093) 1
* 74581: obj =   1.846149297e+00 inf =   1.183e-02 (4023) 2
* 74736: obj =   1.846136250e+00 inf =   1.168e-02 (4034) 1
* 74893: obj =   1.846124197e+00 inf =   1.152e-02 (3989) 1
* 75047: obj =   1.846119866e+00 inf =   1.139e-02 (3913) 2
* 75206: obj =   1.846113212e+00 inf =   1.121e-02 (3939) 1
* 75359: obj =   1.763513114e+00 inf =   1.136e-02 (3866) 2
* 75519: obj =   1.763482981e+00 inf =   1.124e-02 (3801) 1
* 75678: obj =   1.763466517e+00 inf =   1.118e-02 (3754) 2
* 75836: obj =   1.763446085e+00 inf =   1.125e-02 (3755) 1
* 75992: obj =   1.763439404e+00 inf =   1.130e-02 (3848) 2
* 76152: obj =   1.763432920e+00 inf =   1.129e-02 (3757) 1
* 76312: obj =   1.763426379e+00 inf =   1.134e-02 (3774) 2
* 76469: obj =   1.763423704e+00 inf =   1.141e-02 (3719) 1
* 76630: obj =   1.763418901e+00 inf =   1.172e-02 (3691) 1
* 76788: obj =   1.763413017e+00 inf =   1.187e-02 (3630) 2
* 76953: obj =   1.650240928e+00 inf =   1.190e-02 (3554) 1
* 77109: obj =   1.650237134e+00 inf =   1.187e-02 (3600) 2
* 77281: obj =   1.500917837e+00 inf =   1.192e-02 (3507) 1
* 77443: obj =   1.500916315e+00 inf =   1.237e-02 (3511) 2
* 77605: obj =   1.458502587e+00 inf =   1.229e-02 (3493) 1
* 77763: obj =   1.458499838e+00 inf =   1.253e-02 (3382) 2
* 77933: obj =   1.399695722e+00 inf =   1.253e-02 (3326) 1
* 78100: obj =   1.165324952e+00 inf =   1.249e-02 (3357) 2
* 78267: obj =   1.030335427e+00 inf =   1.247e-02 (3262) 1
* 78423: obj =   1.030334235e+00 inf =   1.265e-02 (3226) 1
* 78580: obj =   1.030333474e+00 inf =   1.267e-02 (3238) 2
* 78753: obj =   9.410563499e-01 inf =   1.268e-02 (3264) 2
* 78935: obj =   9.410498197e-01 inf =   1.288e-02 (3210) 1
* 79098: obj =   9.410230993e-01 inf =   1.287e-02 (3207) 2
* 79266: obj =   9.410152582e-01 inf =   1.302e-02 (3149) 1
* 79438: obj =   9.410079402e-01 inf =   1.285e-02 (3062) 2
* 79603: obj =   9.410046624e-01 inf =   1.284e-02 (3015) 1
* 79775: obj =   9.410030673e-01 inf =   1.306e-02 (3054) 2
* 79947: obj =   9.409998996e-01 inf =   1.301e-02 (3054) 1
* 80113: obj =   9.409974043e-01 inf =   1.336e-02 (3106) 2
* 80279: obj =   9.409961577e-01 inf =   1.384e-02 (3014) 1
* 80441: obj =   9.409942784e-01 inf =   1.378e-02 (2960) 2
* 80625: obj =   9.409922752e-01 inf =   1.368e-02 (2951) 1
* 80794: obj =   9.409903340e-01 inf =   1.363e-02 (2897) 2
* 80967: obj =   9.409882031e-01 inf =   1.366e-02 (2885) 1
* 81143: obj =   9.409870051e-01 inf =   1.402e-02 (2909) 2
* 81318: obj =   9.409859369e-01 inf =   1.366e-02 (2902) 2
* 81497: obj =   9.409837676e-01 inf =   1.364e-02 (2877) 1
* 81660: obj =   9.409822515e-01 inf =   1.356e-02 (2849) 2
* 81846: obj =   8.794601676e-01 inf =   1.367e-02 (4596) 1
* 82016: obj =   8.794564010e-01 inf =   1.375e-02 (4662) 2
* 82184: obj =   8.794467410e-01 inf =   1.410e-02 (4608) 1
* 82353: obj =   8.794342778e-01 inf =   1.443e-02 (4562) 2
* 82521: obj =   7.559242916e-01 inf =   1.468e-02 (422651) 1
* 82690: obj =   7.559214743e-01 inf =   1.414e-02 (422644) 2
* 82850: obj =   7.559198645e-01 inf =   1.381e-02 (422645) 1
* 83003: obj =   7.559140961e-01 inf =   1.361e-02 (422673) 2
* 83153: obj =   7.559077178e-01 inf =   1.344e-02 (422724) 1
* 83298: obj =   7.558984976e-01 inf =   1.351e-02 (422771) 2
* 83445: obj =   7.558780077e-01 inf =   1.354e-02 (422826) 1
* 83589: obj =   7.558480677e-01 inf =   1.392e-02 (422872) 2
* 83737: obj =   7.558238158e-01 inf =   1.417e-02 (422915) 1
* 83885: obj =   7.557897636e-01 inf =   1.460e-02 (422935) 1
* 84026: obj =   7.557606938e-01 inf =   1.501e-02 (422964) 2
* 84173: obj =   7.557385054e-01 inf =   1.488e-02 (422995) 1
* 84316: obj =   7.557353923e-01 inf =   1.513e-02 (3849) 2
* 84465: obj =   7.557334726e-01 inf =   1.559e-02 (3843) 1
* 84631: obj =   7.557296171e-01 inf =   1.544e-02 (5320) 2
* 84816: obj =   7.557238434e-01 inf =   1.521e-02 (5372) 1
* 84981: obj =   7.556822825e-01 inf =   1.473e-02 (5295) 2
* 85132: obj =   7.556308273e-01 inf =   1.467e-02 (5228) 2
* 85287: obj =   7.555752608e-01 inf =   1.465e-02 (5177) 1
* 85436: obj =   7.555413252e-01 inf =   1.479e-02 (5086) 2
* 85591: obj =   7.554791178e-01 inf =   1.554e-02 (4990) 1
* 85742: obj =   7.554747472e-01 inf =   1.565e-02 (4867) 2
* 85902: obj =   7.554515416e-01 inf =   1.630e-02 (4782) 1
* 86056: obj =   7.554354031e-01 inf =   1.695e-02 (4661) 2
* 86228: obj =   7.554239344e-01 inf =   1.751e-02 (4553) 1
* 86394: obj =   7.554167725e-01 inf =   1.785e-02 (4480) 2
* 86556: obj =   7.554093297e-01 inf =   1.842e-02 (4389) 2
* 86744: obj =   7.554047590e-01 inf =   1.844e-02 (4294) 1
* 86902: obj =   7.554000961e-01 inf =   1.882e-02 (4235) 2
* 87070: obj =   7.553941491e-01 inf =   1.901e-02 (4149) 2
* 87238: obj =   7.553868774e-01 inf =   1.956e-02 (4116) 1
* 87408: obj =   7.553826860e-01 inf =   1.999e-02 (4035) 2
* 87582: obj =   7.553760267e-01 inf =   2.057e-02 (3984) 2
* 87757: obj =   7.553730854e-01 inf =   2.021e-02 (3952) 1
* 87930: obj =   7.061138427e-01 inf =   1.974e-02 (3296) 2
* 88090: obj =   7.061108444e-01 inf =   1.933e-02 (3266) 1
* 88239: obj =   7.061074195e-01 inf =   1.902e-02 (3186) 2
* 88392: obj =   7.061031109e-01 inf =   1.906e-02 (3139) 1
* 88540: obj =   7.061025359e-01 inf =   1.882e-02 (3090) 2
* 88694: obj =   7.061016557e-01 inf =   1.836e-02 (3027) 1
* 88848: obj =   7.060997834e-01 inf =   1.823e-02 (2938) 1
* 89004: obj =   7.060982958e-01 inf =   1.820e-02 (2903) 2
* 89163: obj =   7.060969664e-01 inf =   1.798e-02 (2901) 1
* 89318: obj =   7.060958697e-01 inf =   1.794e-02 (2846) 2
* 89482: obj =   7.060946804e-01 inf =   1.806e-02 (2728) 1
* 89652: obj =   5.394738754e-01 inf =   1.823e-02 (2679) 2
* 89806: obj =   4.926034444e-01 inf =   1.817e-02 (2648) 1
* 89965: obj =   2.676648841e-01 inf =   1.802e-02 (2338) 2
* 90124: obj =   2.676645519e-01 inf =   1.777e-02 (2380) 1
* 90267: obj =   2.676641763e-01 inf =   1.754e-02 (2319) 1
* 90454: obj =   8.814526733e-02 inf =   1.724e-02 (2396) 2
* 90624: obj =   8.814395531e-02 inf =   1.703e-02 (2388) 2
* 90789: obj =   8.814286959e-02 inf =   1.697e-02 (2349) 1
* 90941: obj =   8.814101890e-02 inf =   1.693e-02 (2400) 2
* 91095: obj =   8.813686581e-02 inf =   1.708e-02 (2388) 1
* 91247: obj =   8.813466106e-02 inf =   1.719e-02 (2347) 2
* 91403: obj =   8.813236591e-02 inf =   1.724e-02 (2223) 1
* 91556: obj =   8.813077079e-02 inf =   1.746e-02 (2192) 2
* 91730: obj =   8.812863555e-02 inf =   1.730e-02 (2159) 1
* 91904: obj =   8.812807559e-02 inf =   1.710e-02 (2124) 2
* 92078: obj =   8.812749353e-02 inf =   1.681e-02 (2053) 2
* 92252: obj =   8.812628352e-02 inf =   1.668e-02 (2027) 1
* 92419: obj =   8.812477138e-02 inf =   1.641e-02 (2012) 2
* 92585: obj =   8.812401647e-02 inf =   1.663e-02 (1970) 1
* 92758: obj =   9.018389908e-03 inf =   1.645e-02 (421783) 2
Removing LP perturbation [92771]...
* 92771: obj =   0.000000000e+00 inf =   0.000e+00 (0)
OPTIMAL LP SOLUTION FOUND
Integer optimization begins...
Long-step dual simplex will be used
+ 92771: mip =     not found yet >=              -inf        (1; 0)
+ 92771: mip =     not found yet >=   0.000000000e+00        (2; 0)
+ 92786: mip =     not found yet >=   0.000000000e+00        (3; 0)
+ 92802: mip =     not found yet >=   0.000000000e+00        (4; 0)
Time used: 77.7 secs.  Memory used: 923.2 Mb.
+ 92809: mip =     not found yet >=   0.000000000e+00        (5; 0)
# 93128: obj =  -2.426041313e-07 inf =   0.000e+00 (2763) 0%
# 93260: obj =  -3.449016396e-07 inf =   0.000e+00 (1103) 1 87%
# 93393: obj =  -7.463147934e-07 inf =   0.000e+00 (825) 100%
# 93521: obj =  -1.141227058e-06 inf =   0.000e+00 (685) 1 100%
# 93653: obj =  -1.453037805e-06 inf =   0.000e+00 (1645) 100%
# 93783: obj =  -1.732747628e-06 inf =   0.000e+00 (1443) 1 100%
# 93800: obj =   0.000000000e+00 inf =   0.000e+00 (0) 100%
+ 93800: mip =     not found yet >=   0.000000000e+00        (6; 0)
Time used: 163.5 secs.  Memory used: 923.2 Mb.
# 94095: obj =  -3.396414614e-07 inf =   0.000e+00 (9964) 1 26%
# 94222: obj =  -5.038414925e-07 inf =   0.000e+00 (2303) 1 100%
# 94353: obj =  -7.374751683e-07 inf =   0.000e+00 (2260) 100%
# 94479: obj =  -1.171864298e-06 inf =   0.000e+00 (1292) 1 100%
# 94486: obj =   0.000000000e+00 inf =   0.000e+00 (0) 100%
+ 94486: mip =     not found yet >=   0.000000000e+00        (7; 0)
# 94800: obj =  -2.733387865e-07 inf =   0.000e+00 (12768) 1%
# 94928: obj =  -3.154119905e-07 inf =   0.000e+00 (10645) 1 44%
# 95050: obj =  -4.124201968e-07 inf =   0.000e+00 (2492) 1 100%
# 95179: obj =  -5.504173146e-07 inf =   0.000e+00 (2444) 100%
# 95305: obj =  -6.854173146e-07 inf =   0.000e+00 (3585) 1 100%
# 95434: obj =  -8.248272525e-07 inf =   0.000e+00 (3443) 100%
# 95559: obj =  -1.022623361e-06 inf =   0.000e+00 (6242) 1 100%
# 95685: obj =  -1.338600275e-06 inf =   0.000e+00 (12959) 100%
# 95809: obj =  -1.591584283e-06 inf =   0.000e+00 (13364) 1 100%
# 95935: obj =  -1.807926066e-06 inf =   0.000e+00 (14007) 100%
# 96061: obj =  -2.020848573e-06 inf =   0.000e+00 (14252) 100%
# 96186: obj =  -2.233477585e-06 inf =   0.000e+00 (14359) 100%
# 96310: obj =  -2.439226428e-06 inf =   0.000e+00 (14138) 1 100%
# 96439: obj =  -2.650566854e-06 inf =   0.000e+00 (13793) 100%
# 96562: obj =  -2.915774551e-06 inf =   0.000e+00 (7720) 100%
# 96686: obj =  -3.264711687e-06 inf =   0.000e+00 (2895) 1 100%
# 96814: obj =  -3.630585561e-06 inf =   0.000e+00 (2893) 100%
# 96941: obj =  -3.967538904e-06 inf =   0.000e+00 (2936) 100%
# 97065: obj =  -4.293090074e-06 inf =   0.000e+00 (5724) 1 100%
# 97191: obj =  -4.539542120e-06 inf =   0.000e+00 (4967) 100%
# 97313: obj =  -4.723282308e-06 inf =   0.000e+00 (950) 1 100%
# 97439: obj =  -4.985262540e-06 inf =   0.000e+00 (2867) 100%
# 97559: obj =  -5.221384538e-06 inf =   0.000e+00 (7101) 1 100%
# 97682: obj =  -5.404541470e-06 inf =   0.000e+00 (2827) 1 100%
# 97807: obj =  -5.559290529e-06 inf =   0.000e+00 (2418) 100%
# 97928: obj =  -5.774760608e-06 inf =   0.000e+00 (5092) 1 100%
# 98054: obj =  -5.902389146e-06 inf =   0.000e+00 (5118) 100%
# 98176: obj =  -6.094083674e-06 inf =   0.000e+00 (26) 100%
# 98296: obj =  -6.338926366e-06 inf =   0.000e+00 (198) 1 100%
# 98415: obj =  -6.670428013e-06 inf =   0.000e+00 (2299) 1 100%
# 98539: obj =  -6.950438027e-06 inf =   0.000e+00 (648) 100%
# 98659: obj =  -7.119343486e-06 inf =   0.000e+00 (7762) 1 100%
# 98782: obj =  -7.300693843e-06 inf =   0.000e+00 (1731) 100%
# 98905: obj =  -7.474919419e-06 inf =   0.000e+00 (845) 1 100%
# 99027: obj =  -7.649354865e-06 inf =   0.000e+00 (1841) 100%
# 99144: obj =  -7.864037820e-06 inf =   0.000e+00 (702) 1 100%
# 99265: obj =  -8.018538341e-06 inf =   0.000e+00 (7228) 100%
# 99384: obj =  -8.214039068e-06 inf =   0.000e+00 (2078) 1 100%
# 99507: obj =  -8.423856958e-06 inf =   0.000e+00 (1883) 100%
# 99624: obj =  -8.569259905e-06 inf =   0.000e+00 (6268) 1 100%
# 99738: obj =  -8.805821523e-06 inf =   0.000e+00 (11576) 1 100%
# 99859: obj =  -9.041451596e-06 inf =   0.000e+00 (8041) 100%
# 99976: obj =  -9.250442905e-06 inf =   0.000e+00 (3597) 1 100%
#100097: obj =  -9.495212797e-06 inf =   0.000e+00 (11544) 100%
#100216: obj =  -9.687879464e-06 inf =   0.000e+00 (12224) 100%
#100332: obj =  -9.884047791e-06 inf =   0.000e+00 (13125) 1 100%
#100452: obj =  -1.007473607e-05 inf =   0.000e+00 (13171) 100%
#100571: obj =  -1.020715398e-05 inf =   0.000e+00 (5994) 100%
#100684: obj =  -1.038070426e-05 inf =   0.000e+00 (10359) 1 100%
#100803: obj =  -1.054463806e-05 inf =   0.000e+00 (2240) 100%
#100918: obj =  -1.076458610e-05 inf =   0.000e+00 (1864) 1 100%
#101037: obj =  -1.101139088e-05 inf =   0.000e+00 (11740) 100%
#101152: obj =  -1.122253752e-05 inf =   0.000e+00 (4201) 1 100%
#101271: obj =  -1.156153781e-05 inf =   0.000e+00 (1226) 100%
#101384: obj =  -1.183383234e-05 inf =   0.000e+00 (683) 1 100%
#101500: obj =  -1.207465605e-05 inf =   0.000e+00 (1222) 1 100%
#101613: obj =  -1.221377813e-05 inf =   0.000e+00 (1830) 1 100%
#101727: obj =  -1.233933773e-05 inf =   0.000e+00 (675) 1 100%
#101846: obj =  -1.246826315e-05 inf =   0.000e+00 (607) 100%
#101961: obj =  -1.258989975e-05 inf =   0.000e+00 (5957) 1 100%
#102080: obj =  -1.271293058e-05 inf =   0.000e+00 (6371) 100%
#102199: obj =  -1.283392576e-05 inf =   0.000e+00 (6129) 100%
#102318: obj =  -1.295582828e-05 inf =   0.000e+00 (563) 100%
#102432: obj =  -1.307181596e-05 inf =   0.000e+00 (7593) 1 100%
#102547: obj =  -1.318958665e-05 inf =   0.000e+00 (232) 100%
#102658: obj =  -1.330781055e-05 inf =   0.000e+00 (312) 1 100%
#102776: obj =  -1.344001609e-05 inf =   0.000e+00 (1379) 100%
#102891: obj =  -1.356868151e-05 inf =   0.000e+00 (2409) 1 100%
#103007: obj =  -1.370423827e-05 inf =   0.000e+00 (165) 100%
#103120: obj =  -1.382416720e-05 inf =   0.000e+00 (4494) 1 100%
#103238: obj =  -1.394708387e-05 inf =   0.000e+00 (4494) 100%
#103357: obj =  -1.407104220e-05 inf =   0.000e+00 (4327) 100%
#103476: obj =  -1.419516617e-05 inf =   0.000e+00 (2163) 100%
#103517: obj =   0.000000000e+00 inf =   0.000e+00 (0) 1 100%
+103517: mip =     not found yet >=   0.000000000e+00        (8; 0)
Time used: 957.9 secs.  Memory used: 923.5 Mb.
+103522: mip =     not found yet >=   0.000000000e+00        (9; 0)
Time used: 1321.6 secs.  Memory used: 923.5 Mb.
#103812: obj =  -2.820000000e-07 inf =   0.000e+00 (3147) 1 0%
#103935: obj =  -2.681814843e-07 inf =   0.000e+00 (2556) 1 51%
#104054: obj =  -3.907748441e-07 inf =   0.000e+00 (2298) 100%
#104171: obj =  -5.167630931e-07 inf =   0.000e+00 (1) 1 100%
#104173: obj =   0.000000000e+00 inf =   0.000e+00 (0) 100%
+104173: mip =     not found yet >=   0.000000000e+00        (10; 0)
Time used: 1713.1 secs.  Memory used: 923.5 Mb.
+104175: mip =     not found yet >=   0.000000000e+00        (11; 0)
Time used: 2078.4 secs.  Memory used: 923.5 Mb.
+104342: mip =     not found yet >=   0.000000000e+00        (12; 0)
Time used: 2450.0 secs.  Memory used: 923.5 Mb.
+104375: mip =     not found yet >=   0.000000000e+00        (13; 0)
Time used: 2810.7 secs.  Memory used: 923.5 Mb.
+104380: mip =     not found yet >=   0.000000000e+00        (14; 0)
Time used: 3175.2 secs.  Memory used: 923.5 Mb.
+104383: mip =     not found yet >=   0.000000000e+00        (15; 0)
Time used: 3540.0 secs.  Memory used: 923.5 Mb.
+104384: mip =     not found yet >=   0.000000000e+00        (16; 0)
Time used: 3904.7 secs.  Memory used: 923.5 Mb.
+104385: mip =     not found yet >=   0.000000000e+00        (17; 0)
Time used: 4268.9 secs.  Memory used: 923.5 Mb.
+104405: mip =     not found yet >=   0.000000000e+00        (18; 0)
Time used: 4631.7 secs.  Memory used: 923.5 Mb.
#104669: obj =  -3.007374491e-07 inf =   0.000e+00 (1041) 2 15%
#104783: obj =  -3.662106297e-07 inf =   0.000e+00 (287) 1 100%
#104900: obj =  -4.933741942e-07 inf =   0.000e+00 (3530) 1 100%
#105017: obj =  -6.229874809e-07 inf =   0.000e+00 (1370) 1 100%
#105135: obj =  -7.549857108e-07 inf =   0.000e+00 (109) 1 100%
#105251: obj =  -8.869998935e-07 inf =   0.000e+00 (123) 1 100%
#105275: obj =   0.000000000e+00 inf =   0.000e+00 (0) 100%
+105275: mip =     not found yet >=   0.000000000e+00        (19; 0)
Time used: 5132.3 secs.  Memory used: 923.5 Mb.
+105279: mip =     not found yet >=   0.000000000e+00        (20; 0)
Time used: 5593.7 secs.  Memory used: 923.5 Mb.
+105281: mip =     not found yet >=   0.000000000e+00        (21; 0)
Time used: 6055.2 secs.  Memory used: 923.5 Mb.
+105282: mip =     not found yet >=   0.000000000e+00        (22; 0)
Time used: 6519.2 secs.  Memory used: 923.5 Mb.
+105284: mip =     not found yet >=   0.000000000e+00        (23; 0)
Time used: 6980.6 secs.  Memory used: 923.5 Mb.
+105302: mip =     not found yet >=   0.000000000e+00        (24; 0)
Time used: 7440.5 secs.  Memory used: 923.5 Mb.
+105359: mip =     not found yet >=   0.000000000e+00        (25; 0)
Time used: 7894.7 secs.  Memory used: 923.5 Mb.
+105366: mip =     not found yet >=   0.000000000e+00        (26; 0)
Time used: 8353.9 secs.  Memory used: 923.5 Mb.
+105370: mip =     not found yet >=   0.000000000e+00        (27; 0)
Time used: 8820.3 secs.  Memory used: 923.5 Mb.
+105379: mip =     not found yet >=   0.000000000e+00        (28; 0)
Time used: 9279.2 secs.  Memory used: 923.5 Mb.
+105405: mip =     not found yet >=   0.000000000e+00        (29; 0)
Time used: 9737.6 secs.  Memory used: 923.5 Mb.
+105410: mip =     not found yet >=   0.000000000e+00        (30; 0)
Time used: 10193.3 secs.  Memory used: 923.5 Mb.
+105411: mip =     not found yet >=   0.000000000e+00        (31; 0)
Time used: 10646.8 secs.  Memory used: 923.5 Mb.
+105420: mip =     not found yet >=   0.000000000e+00        (32; 0)
Time used: 11100.7 secs.  Memory used: 923.5 Mb.
+105421: mip =     not found yet >=   0.000000000e+00        (33; 0)
Time used: 11554.0 secs.  Memory used: 923.5 Mb.
+105424: mip =     not found yet >=   0.000000000e+00        (34; 0)
Time used: 12007.2 secs.  Memory used: 923.5 Mb.
+105431: mip =     not found yet >=   0.000000000e+00        (35; 0)
Time used: 12460.2 secs.  Memory used: 923.5 Mb.
+105439: mip =     not found yet >=   0.000000000e+00        (36; 0)
Time used: 12912.5 secs.  Memory used: 923.5 Mb.
+105443: mip =     not found yet >=   0.000000000e+00        (37; 0)
Time used: 13364.4 secs.  Memory used: 923.5 Mb.
+105451: mip =     not found yet >=   0.000000000e+00        (38; 0)
Time used: 13815.5 secs.  Memory used: 923.5 Mb.
+105484: mip =     not found yet >=   0.000000000e+00        (39; 0)
Time used: 14259.4 secs.  Memory used: 923.5 Mb.
+105488: mip =     not found yet >=   0.000000000e+00        (40; 0)
Time used: 14707.9 secs.  Memory used: 923.5 Mb.
+105490: mip =     not found yet >=   0.000000000e+00        (41; 0)
Time used: 15157.0 secs.  Memory used: 923.5 Mb.
+105500: mip =     not found yet >=   0.000000000e+00        (42; 0)
Time used: 15599.8 secs.  Memory used: 923.5 Mb.
+105503: mip =     not found yet >=   0.000000000e+00        (43; 0)
Time used: 16043.8 secs.  Memory used: 923.5 Mb.
+105504: mip =     not found yet >=   0.000000000e+00        (44; 0)
Time used: 16488.8 secs.  Memory used: 923.5 Mb.
+105505: mip =     not found yet >=   0.000000000e+00        (45; 0)
Time used: 16938.1 secs.  Memory used: 923.5 Mb.
+105507: mip =     not found yet >=   0.000000000e+00        (46; 0)
Time used: 17387.5 secs.  Memory used: 923.5 Mb.
+105511: mip =     not found yet >=   0.000000000e+00        (47; 0)
Time used: 17838.0 secs.  Memory used: 923.5 Mb.
+105523: mip =     not found yet >=   0.000000000e+00        (48; 0)
Time used: 18217.0 secs.  Memory used: 923.5 Mb.
+105524: mip =     not found yet >=   0.000000000e+00        (49; 0)
Time used: 18595.5 secs.  Memory used: 923.5 Mb.
+105529: mip =     not found yet >=   0.000000000e+00        (50; 0)
Time used: 18972.2 secs.  Memory used: 923.5 Mb.
+105532: mip =     not found yet >=   0.000000000e+00        (51; 0)
Time used: 19348.6 secs.  Memory used: 923.5 Mb.
+105537: mip =     not found yet >=   0.000000000e+00        (52; 0)
Time used: 19725.1 secs.  Memory used: 923.5 Mb.
+105608: mip =     not found yet >=   0.000000000e+00        (53; 0)
Time used: 20147.4 secs.  Memory used: 923.5 Mb.
+105610: mip =     not found yet >=   0.000000000e+00        (54; 0)
Time used: 20567.1 secs.  Memory used: 923.5 Mb.
+105617: mip =     not found yet >=   0.000000000e+00        (55; 0)
Time used: 20986.7 secs.  Memory used: 923.5 Mb.
+105618: mip =     not found yet >=   0.000000000e+00        (56; 0)
Time used: 21363.7 secs.  Memory used: 923.5 Mb.
+105706: mip =     not found yet >=   0.000000000e+00        (57; 0)
Time used: 21688.2 secs.  Memory used: 923.5 Mb.
+105708: mip =     not found yet >=   0.000000000e+00        (58; 0)
Time used: 22009.7 secs.  Memory used: 923.5 Mb.
+105727: mip =     not found yet >=   0.000000000e+00        (59; 0)
Time used: 22329.0 secs.  Memory used: 923.5 Mb.
+105728: mip =     not found yet >=   0.000000000e+00        (60; 0)
Time used: 22648.1 secs.  Memory used: 923.5 Mb.
+105733: mip =     not found yet >=   0.000000000e+00        (61; 0)
Time used: 22967.6 secs.  Memory used: 923.5 Mb.
+105735: mip =     not found yet >=   0.000000000e+00        (62; 0)
Time used: 23287.5 secs.  Memory used: 923.5 Mb.
+105737: mip =     not found yet >=   0.000000000e+00        (63; 0)
Time used: 23606.9 secs.  Memory used: 923.5 Mb.
+105742: mip =     not found yet >=   0.000000000e+00        (64; 0)
Time used: 23926.4 secs.  Memory used: 923.5 Mb.
+105756: mip =     not found yet >=   0.000000000e+00        (65; 0)
Time used: 24240.3 secs.  Memory used: 923.5 Mb.
+105767: mip =     not found yet >=   0.000000000e+00        (66; 0)
Time used: 24557.1 secs.  Memory used: 923.5 Mb.
+105795: mip =     not found yet >=   0.000000000e+00        (67; 0)
Time used: 24888.3 secs.  Memory used: 923.5 Mb.
+105806: mip =     not found yet >=   0.000000000e+00        (68; 0)
Time used: 25217.2 secs.  Memory used: 923.5 Mb.
+105815: mip =     not found yet >=   0.000000000e+00        (69; 0)
Time used: 25537.9 secs.  Memory used: 923.5 Mb.
+105816: mip =     not found yet >=   0.000000000e+00        (70; 0)
Time used: 25861.4 secs.  Memory used: 923.5 Mb.
+105817: mip =     not found yet >=   0.000000000e+00        (71; 0)
Time used: 26184.4 secs.  Memory used: 923.5 Mb.
+105898: mip =     not found yet >=   0.000000000e+00        (72; 0)
Time used: 26548.6 secs.  Memory used: 923.6 Mb.
+105910: mip =     not found yet >=   0.000000000e+00        (73; 0)
Time used: 26910.4 secs.  Memory used: 923.6 Mb.
+105912: mip =     not found yet >=   0.000000000e+00        (74; 0)
Time used: 27272.1 secs.  Memory used: 923.6 Mb.
+105916: mip =     not found yet >=   0.000000000e+00        (75; 0)
Time used: 27636.1 secs.  Memory used: 923.6 Mb.
+105921: mip =     not found yet >=   0.000000000e+00        (76; 0)
Time used: 28001.4 secs.  Memory used: 923.6 Mb.
+105922: mip =     not found yet >=   0.000000000e+00        (77; 0)
Time used: 28366.8 secs.  Memory used: 923.6 Mb.
+105923: mip =     not found yet >=   0.000000000e+00        (78; 0)
Time used: 28731.5 secs.  Memory used: 923.6 Mb.
+105924: mip =     not found yet >=   0.000000000e+00        (79; 0)
Time used: 29096.4 secs.  Memory used: 923.6 Mb.
+105927: mip =     not found yet >=   0.000000000e+00        (80; 0)
Time used: 29460.9 secs.  Memory used: 923.6 Mb.
#106206: obj =  -3.100011148e-07 inf =   0.000e+00 (10) 2 27%
#106211: obj =   0.000000000e+00 inf =   0.000e+00 (0) 100%
+106211: mip =     not found yet >=   0.000000000e+00        (81; 0)
Time used: 29681.7 secs.  Memory used: 923.6 Mb.
+106212: mip =     not found yet >=   0.000000000e+00        (82; 0)
Time used: 29890.5 secs.  Memory used: 923.6 Mb.
+106215: mip =     not found yet >=   0.000000000e+00        (83; 0)
Time used: 30099.6 secs.  Memory used: 923.6 Mb.
+106274: mip =     not found yet >=   0.000000000e+00        (84; 0)
Time used: 30335.3 secs.  Memory used: 923.6 Mb.
+106276: mip =     not found yet >=   0.000000000e+00        (85; 0)
Time used: 30562.0 secs.  Memory used: 923.6 Mb.
+106282: mip =     not found yet >=   0.000000000e+00        (86; 0)
Time used: 30787.7 secs.  Memory used: 923.6 Mb.
+106283: mip =     not found yet >=   0.000000000e+00        (87; 0)
Time used: 31019.1 secs.  Memory used: 923.6 Mb.
+106286: mip =     not found yet >=   0.000000000e+00        (88; 0)
Time used: 31243.9 secs.  Memory used: 923.6 Mb.
+106287: mip =     not found yet >=   0.000000000e+00        (89; 0)
Time used: 31470.1 secs.  Memory used: 923.6 Mb.
+106288: mip =     not found yet >=   0.000000000e+00        (90; 0)
Time used: 31696.4 secs.  Memory used: 923.6 Mb.
+106289: mip =     not found yet >=   0.000000000e+00        (91; 0)
Time used: 31923.0 secs.  Memory used: 923.6 Mb.
+106291: mip =     not found yet >=   0.000000000e+00        (92; 0)
Time used: 32149.5 secs.  Memory used: 923.6 Mb.
+106296: mip =     not found yet >=   0.000000000e+00        (93; 0)
Time used: 32370.7 secs.  Memory used: 923.6 Mb.
+106297: mip =     not found yet >=   0.000000000e+00        (94; 0)
Time used: 32591.9 secs.  Memory used: 923.6 Mb.
+106298: mip =     not found yet >=   0.000000000e+00        (95; 0)
Time used: 32813.0 secs.  Memory used: 923.6 Mb.
+106300: mip =     not found yet >=   0.000000000e+00        (96; 0)
Time used: 33033.9 secs.  Memory used: 923.6 Mb.
+106301: mip =     not found yet >=   0.000000000e+00        (97; 0)
Time used: 33254.2 secs.  Memory used: 923.6 Mb.
+106310: mip =     not found yet >=   0.000000000e+00        (98; 0)
Time used: 33473.7 secs.  Memory used: 923.6 Mb.
+106321: mip =     not found yet >=   0.000000000e+00        (99; 0)
Time used: 33689.7 secs.  Memory used: 923.6 Mb.
+106352: mip =     not found yet >=   0.000000000e+00        (100; 0)
Time used: 33901.5 secs.  Memory used: 923.6 Mb.
+106354: mip =     not found yet >=   0.000000000e+00        (101; 0)
Time used: 34112.4 secs.  Memory used: 923.6 Mb.
+106371: mip =     not found yet >=   0.000000000e+00        (102; 0)
Time used: 34321.7 secs.  Memory used: 923.6 Mb.
+106391: mip =     not found yet >=   0.000000000e+00        (103; 0)
Time used: 34529.8 secs.  Memory used: 923.6 Mb.
+106415: mip =     not found yet >=   0.000000000e+00        (104; 0)
Time used: 34732.0 secs.  Memory used: 923.6 Mb.
+106447: mip =     not found yet >=   0.000000000e+00        (105; 0)
Time used: 34915.5 secs.  Memory used: 923.6 Mb.
+106450: mip =     not found yet >=   0.000000000e+00        (106; 0)
Time used: 35097.1 secs.  Memory used: 923.6 Mb.
+106451: mip =     not found yet >=   0.000000000e+00        (107; 0)
Time used: 35279.5 secs.  Memory used: 923.6 Mb.
+106453: mip =     not found yet >=   0.000000000e+00        (108; 0)
Time used: 35462.2 secs.  Memory used: 923.6 Mb.
+106455: mip =     not found yet >=   0.000000000e+00        (109; 0)
Time used: 35650.6 secs.  Memory used: 923.6 Mb.
+106468: mip =     not found yet >=   0.000000000e+00        (110; 0)
Time used: 35831.0 secs.  Memory used: 923.6 Mb.
+106472: mip =     not found yet >=   0.000000000e+00        (111; 0)
Time used: 36011.0 secs.  Memory used: 923.6 Mb.
+106479: mip =     not found yet >=   0.000000000e+00        (112; 0)
Time used: 36174.8 secs.  Memory used: 923.6 Mb.
+106482: mip =     not found yet >=   0.000000000e+00        (113; 0)
Time used: 36337.7 secs.  Memory used: 923.6 Mb.
+106483: mip =     not found yet >=   0.000000000e+00        (114; 0)
Time used: 36500.5 secs.  Memory used: 923.6 Mb.
+106494: mip =     not found yet >=   0.000000000e+00        (115; 0)
Time used: 36656.7 secs.  Memory used: 923.6 Mb.
+106499: mip =     not found yet >=   0.000000000e+00        (116; 0)
Time used: 36812.4 secs.  Memory used: 923.6 Mb.
+106551: mip =     not found yet >=   0.000000000e+00        (117; 0)
Time used: 36995.7 secs.  Memory used: 923.6 Mb.
+106557: mip =     not found yet >=   0.000000000e+00        (118; 0)
Time used: 37176.9 secs.  Memory used: 923.6 Mb.
+106560: mip =     not found yet >=   0.000000000e+00        (119; 0)
Time used: 37338.8 secs.  Memory used: 923.6 Mb.
+106565: mip =     not found yet >=   0.000000000e+00        (120; 0)
Time used: 37499.6 secs.  Memory used: 923.6 Mb.
+106567: mip =     not found yet >=   0.000000000e+00        (121; 0)
Time used: 37660.1 secs.  Memory used: 923.6 Mb.
+106572: mip =     not found yet >=   0.000000000e+00        (122; 0)
Time used: 37822.5 secs.  Memory used: 923.6 Mb.
+106573: mip =     not found yet >=   0.000000000e+00        (123; 0)
Time used: 37985.1 secs.  Memory used: 923.6 Mb.
+106586: mip =     not found yet >=   0.000000000e+00        (124; 0)
Time used: 38148.6 secs.  Memory used: 923.6 Mb.
+106591: mip =     not found yet >=   0.000000000e+00        (125; 0)
Time used: 38306.6 secs.  Memory used: 923.6 Mb.
+106592: mip =     not found yet >=   0.000000000e+00        (126; 0)
Time used: 38469.6 secs.  Memory used: 923.6 Mb.
+106593: mip =     not found yet >=   0.000000000e+00        (127; 0)
Time used: 38632.8 secs.  Memory used: 923.6 Mb.
+106604: mip =     not found yet >=   0.000000000e+00        (128; 0)
Time used: 38787.8 secs.  Memory used: 923.6 Mb.
+106610: mip =     not found yet >=   0.000000000e+00        (129; 0)
Time used: 38942.7 secs.  Memory used: 923.6 Mb.
+106611: mip =     not found yet >=   0.000000000e+00        (130; 0)
Time used: 39097.1 secs.  Memory used: 923.6 Mb.
+106615: mip =     not found yet >=   0.000000000e+00        (131; 0)
Time used: 39251.4 secs.  Memory used: 923.6 Mb.
+106618: mip =     not found yet >=   0.000000000e+00        (132; 0)
Time used: 39404.6 secs.  Memory used: 923.6 Mb.
+106763: mip =     not found yet >=   0.000000000e+00        (133; 0)
Time used: 39562.0 secs.  Memory used: 923.6 Mb.
+106766: mip =     not found yet >=   0.000000000e+00        (134; 0)
Time used: 39714.2 secs.  Memory used: 923.6 Mb.
+106984: mip =     not found yet >=   0.000000000e+00        (135; 0)
Time used: 39899.4 secs.  Memory used: 923.6 Mb.
+107168: mip =     not found yet >=   0.000000000e+00        (136; 0)
Time used: 40046.7 secs.  Memory used: 923.6 Mb.
+107171: mip =     not found yet >=   0.000000000e+00        (137; 0)
Time used: 40188.0 secs.  Memory used: 923.6 Mb.
+107215: mip =     not found yet >=   0.000000000e+00        (138; 0)
Time used: 40336.2 secs.  Memory used: 923.6 Mb.
+107219: mip =     not found yet >=   0.000000000e+00        (139; 0)
Time used: 40478.0 secs.  Memory used: 923.6 Mb.
+107220: mip =     not found yet >=   0.000000000e+00        (140; 0)
Time used: 40614.9 secs.  Memory used: 923.6 Mb.
+107221: mip =     not found yet >=   0.000000000e+00        (141; 0)
Time used: 40751.4 secs.  Memory used: 923.6 Mb.
+107225: mip =     not found yet >=   0.000000000e+00        (142; 0)
Time used: 40887.7 secs.  Memory used: 923.6 Mb.
+107296: mip =     not found yet >=   0.000000000e+00        (143; 0)
Time used: 41026.1 secs.  Memory used: 923.6 Mb.
+107302: mip =     not found yet >=   0.000000000e+00        (144; 0)
Time used: 41162.4 secs.  Memory used: 923.6 Mb.
+107303: mip =     not found yet >=   0.000000000e+00        (145; 0)
Time used: 41298.3 secs.  Memory used: 923.6 Mb.
+107305: mip =     not found yet >=   0.000000000e+00        (146; 0)
Time used: 41434.3 secs.  Memory used: 923.6 Mb.
+107306: mip =     not found yet >=   0.000000000e+00        (147; 0)
Time used: 41570.1 secs.  Memory used: 923.6 Mb.
+107308: mip =     not found yet >=   0.000000000e+00        (148; 0)
Time used: 41706.0 secs.  Memory used: 923.6 Mb.
+107312: mip =     not found yet >=   0.000000000e+00        (149; 0)
Time used: 41842.3 secs.  Memory used: 923.6 Mb.
+107334: mip =     not found yet >=   0.000000000e+00        (150; 0)
Time used: 41976.2 secs.  Memory used: 923.6 Mb.
+107335: mip =     not found yet >=   0.000000000e+00        (151; 0)
Time used: 42109.8 secs.  Memory used: 923.6 Mb.
+107352: mip =     not found yet >=   0.000000000e+00        (152; 0)
Time used: 42243.9 secs.  Memory used: 923.6 Mb.
+107361: mip =     not found yet >=   0.000000000e+00        (153; 0)
Time used: 42375.9 secs.  Memory used: 923.6 Mb.
+107362: mip =     not found yet >=   0.000000000e+00        (154; 0)
Time used: 42507.5 secs.  Memory used: 923.6 Mb.
+107363: mip =     not found yet >=   0.000000000e+00        (155; 0)
Time used: 42639.0 secs.  Memory used: 923.6 Mb.
+107419: mip =     not found yet >=   0.000000000e+00        (156; 0)
Time used: 42770.7 secs.  Memory used: 923.6 Mb.
+107423: mip =     not found yet >=   0.000000000e+00        (157; 0)
Time used: 42899.4 secs.  Memory used: 923.6 Mb.
+107425: mip =     not found yet >=   0.000000000e+00        (158; 0)
Time used: 43028.0 secs.  Memory used: 923.6 Mb.
+107427: mip =     not found yet >=   0.000000000e+00        (159; 0)
Time used: 43156.4 secs.  Memory used: 923.6 Mb.
+107429: mip =     not found yet >=   0.000000000e+00        (160; 0)
Time used: 43284.6 secs.  Memory used: 923.6 Mb.
+107463: mip =     not found yet >=   0.000000000e+00        (161; 0)
Time used: 43413.9 secs.  Memory used: 923.6 Mb.
+107474: mip =     not found yet >=   0.000000000e+00        (162; 0)
Time used: 43542.4 secs.  Memory used: 923.6 Mb.
+107491: mip =     not found yet >=   0.000000000e+00        (163; 0)
Time used: 43670.6 secs.  Memory used: 923.6 Mb.
+107511: mip =     not found yet >=   0.000000000e+00        (164; 0)
Time used: 43798.8 secs.  Memory used: 923.6 Mb.
+107520: mip =     not found yet >=   0.000000000e+00        (165; 0)
Time used: 43914.5 secs.  Memory used: 923.6 Mb.
+107521: mip =     not found yet >=   0.000000000e+00        (166; 0)
Time used: 44030.2 secs.  Memory used: 923.6 Mb.
+107522: mip =     not found yet >=   0.000000000e+00        (167; 0)
Time used: 44145.3 secs.  Memory used: 923.6 Mb.
+107773: mip =     not found yet >=   0.000000000e+00        (168; 0)
Time used: 44270.0 secs.  Memory used: 923.6 Mb.
+107781: mip =     not found yet >=   0.000000000e+00        (169; 0)
Time used: 44385.4 secs.  Memory used: 923.6 Mb.
+107794: mip =     not found yet >=   0.000000000e+00        (170; 0)
Time used: 44500.6 secs.  Memory used: 923.6 Mb.
+107834: mip =     not found yet >=   0.000000000e+00        (171; 0)
Time used: 44616.9 secs.  Memory used: 923.6 Mb.
+107885: mip =     not found yet >=   0.000000000e+00        (172; 0)
Time used: 44715.9 secs.  Memory used: 923.7 Mb.
+107890: mip =     not found yet >=   0.000000000e+00        (173; 0)
Time used: 44813.4 secs.  Memory used: 923.7 Mb.
+107907: mip =     not found yet >=   0.000000000e+00        (174; 0)
Time used: 44911.7 secs.  Memory used: 923.7 Mb.
+107912: mip =     not found yet >=   0.000000000e+00        (175; 0)
Time used: 45013.0 secs.  Memory used: 923.7 Mb.
+107914: mip =     not found yet >=   0.000000000e+00        (176; 0)
Time used: 45113.7 secs.  Memory used: 923.7 Mb.
#108177: obj =  -3.785965134e-07 inf =   0.000e+00 (0) 2 22%
+108177: mip =     not found yet >=   0.000000000e+00        (177; 0)
Time used: 45238.1 secs.  Memory used: 923.7 Mb.
+108224: mip =     not found yet >=   0.000000000e+00        (178; 0)
Time used: 45354.3 secs.  Memory used: 923.7 Mb.
+108236: mip =     not found yet >=   0.000000000e+00        (179; 0)
Time used: 45468.9 secs.  Memory used: 923.7 Mb.
+108483: mip =     not found yet >=   0.000000000e+00        (180; 0)
Time used: 45592.6 secs.  Memory used: 923.7 Mb.
+108567: mip =     not found yet >=   0.000000000e+00        (181; 0)
Time used: 45692.1 secs.  Memory used: 923.7 Mb.
+108580: mip =     not found yet >=   0.000000000e+00        (182; 0)
Time used: 45789.0 secs.  Memory used: 923.7 Mb.
+108720: mip =     not found yet >=   0.000000000e+00        (183; 0)
Time used: 45889.7 secs.  Memory used: 923.7 Mb.
#108985: obj =  -3.850045047e-07 inf =   0.000e+00 (8329) 2 17%
#109040: obj =   0.000000000e+00 inf =   0.000e+00 (0) 100%
+109040: mip =     not found yet >=   0.000000000e+00        (184; 0)
Time used: 45995.5 secs.  Memory used: 923.7 Mb.
#109292: obj =  -3.540335684e-07 inf =   0.000e+00 (31737) 2 19%
#109339: obj =   0.000000000e+00 inf =   0.000e+00 (0) 100%
+109339: mip =     not found yet >=   0.000000000e+00        (185; 0)
Time used: 46102.8 secs.  Memory used: 923.7 Mb.
+109457: mip =     not found yet >=   0.000000000e+00        (186; 0)
Time used: 46200.6 secs.  Memory used: 923.7 Mb.
#109718: obj =  -3.796329938e-07 inf =   0.000e+00 (29978) 2 19%
#109786: obj =   0.000000000e+00 inf =   0.000e+00 (0) 1 100%
+109786: mip =     not found yet >=   0.000000000e+00        (187; 0)
Time used: 46306.8 secs.  Memory used: 923.7 Mb.
#110042: obj =  -3.200633960e-07 inf =   0.000e+00 (25080) 2 20%
#110129: obj =   0.000000000e+00 inf =   0.000e+00 (0) 1 100%
+110129: mip =     not found yet >=   0.000000000e+00        (188; 0)
Time used: 46413.5 secs.  Memory used: 923.7 Mb.
#110377: obj =  -4.086984717e-07 inf =   0.000e+00 (11884) 2 18%
#110453: obj =   0.000000000e+00 inf =   0.000e+00 (0) 1 100%
+110453: mip =     not found yet >=   0.000000000e+00        (189; 0)
Time used: 46519.5 secs.  Memory used: 923.7 Mb.
+110628: mip =     not found yet >=   0.000000000e+00        (190; 0)
Time used: 46618.3 secs.  Memory used: 923.7 Mb.
+110629: mip =     not found yet >=   0.000000000e+00        (191; 0)
Time used: 46710.3 secs.  Memory used: 923.7 Mb.
+110630: mip =     not found yet >=   0.000000000e+00        (192; 0)
Time used: 46801.0 secs.  Memory used: 923.7 Mb.
+110631: mip =     not found yet >=   0.000000000e+00        (193; 0)
Time used: 46891.0 secs.  Memory used: 923.7 Mb.
+110633: mip =     not found yet >=   0.000000000e+00        (194; 0)
Time used: 46979.6 secs.  Memory used: 923.7 Mb.
+110781: mip =     not found yet >=   0.000000000e+00        (195; 0)
Time used: 47070.8 secs.  Memory used: 923.8 Mb.
+110796: mip =     not found yet >=   0.000000000e+00        (196; 0)
Time used: 47152.3 secs.  Memory used: 923.8 Mb.
+110797: mip =     not found yet >=   0.000000000e+00        (197; 0)
Time used: 47233.5 secs.  Memory used: 923.8 Mb.
+110799: mip =     not found yet >=   0.000000000e+00        (198; 0)
Time used: 47314.7 secs.  Memory used: 923.8 Mb.
+110801: mip =     not found yet >=   0.000000000e+00        (199; 0)
Time used: 47395.8 secs.  Memory used: 923.8 Mb.
+110802: mip =     not found yet >=   0.000000000e+00        (200; 0)
Time used: 47476.9 secs.  Memory used: 923.8 Mb.
#111065: obj =  -4.074573562e-07 inf =   0.000e+00 (1577) 2 17%
#111148: obj =   0.000000000e+00 inf =   0.000e+00 (0) 1 100%
+111148: mip =     not found yet >=   0.000000000e+00        (201; 0)
Time used: 47570.6 secs.  Memory used: 923.8 Mb.
#111398: obj =  -4.228930941e-07 inf =   0.000e+00 (1263) 2 18%
#111509: obj =  -1.278359784e-06 inf =   0.000e+00 (16224) 1 100%
#111617: obj =  -2.172588077e-06 inf =   0.000e+00 (9694) 1 100%
#111725: obj =  -3.113905150e-06 inf =   0.000e+00 (1927) 1 100%
#111827: obj =   0.000000000e+00 inf =   0.000e+00 (0) 1 100%
+111827: mip =     not found yet >=   0.000000000e+00        (202; 0)
Time used: 47678.6 secs.  Memory used: 923.8 Mb.
#112092: obj =  -6.183860294e-07 inf =   0.000e+00 (10868) 2 23%
#112121: obj =   0.000000000e+00 inf =   0.000e+00 (0) 100%
+112121: mip =     not found yet >=   0.000000000e+00        (203; 0)
Time used: 47768.1 secs.  Memory used: 923.8 Mb.
+112149: mip =     not found yet >=   0.000000000e+00        (204; 0)
Time used: 47847.2 secs.  Memory used: 923.8 Mb.
#112401: obj =  -3.118738775e-07 inf =   0.000e+00 (3869) 2 19%
#112511: obj =  -7.330482734e-07 inf =   0.000e+00 (26234) 1 100%
#112620: obj =  -1.419760906e-06 inf =   0.000e+00 (18267) 1 100%
#112683: obj =   0.000000000e+00 inf =   0.000e+00 (0) 1 100%
+112683: mip =     not found yet >=   0.000000000e+00        (205; 0)
Time used: 47944.4 secs.  Memory used: 923.8 Mb.
#112943: obj =  -4.962206302e-07 inf =   0.000e+00 (1122) 2 21%
#113056: obj =  -1.307254382e-06 inf =   0.000e+00 (1128) 1 100%
#113163: obj =   0.000000000e+00 inf =   0.000e+00 (0) 1 100%
Solution found by heuristic: 0
+113163: mip =   0.000000000e+00 >=     tree is empty   0.0% (0; 409)
INTEGER OPTIMAL SOLUTION FOUND
Time used:   50632.8 secs
Memory used: 1143.5 Mb (1199042477 bytes)
Writing MIP solution to 'input/cit-HepPh.html/cit-HepPh.txt.gz.205.lp.sol'...
Objective:  obj = 0 (MINimum)
