	Command being timed: "/usr/app/src/glpk-5.0/examples/glpsol --lp input/Oregon-2.html/oregon2_010331.txt.gz.80.lp -o input/Oregon-2.html/oregon2_010331.txt.gz.80.lp.sol"
	User time (seconds): 6.95
	System time (seconds): 0.08
	Percent of CPU this job got: 100%
	Elapsed (wall clock) time (h:mm:ss or m:ss): 0:07.03
	Average shared text size (kbytes): 0
	Average unshared data size (kbytes): 0
	Average stack size (kbytes): 0
	Average total size (kbytes): 0
	Maximum resident set size (kbytes): 84308
	Average resident set size (kbytes): 0
	Major (requiring I/O) page faults: 0
	Minor (reclaiming a frame) page faults: 42508
	Voluntary context switches: 27
	Involuntary context switches: 21
	Swaps: 0
	File system inputs: 0
	File system outputs: 13632
	Socket messages sent: 0
	Socket messages received: 0
	Signals delivered: 0
	Page size (bytes): 4096
	Exit status: 0
