GLPSOL--GLPK LP/MIP Solver 5.0
Parameter(s) specified in the command line:
 --lp input/sx-mathoverflow.html/sx-mathoverflow.txt.gz.96.lp -o input/sx-mathoverflow.html/sx-mathoverflow.txt.gz.96.lp.sol
Reading problem data from 'input/sx-mathoverflow.html/sx-mathoverflow.txt.gz.96.lp'...
227994 rows, 480741 columns, 1139957 non-zeros
480741 integer variables, all of which are binary
708740 lines were read
GLPK Integer Optimizer 5.0
227994 rows, 480741 columns, 1139957 non-zeros
480741 integer variables, all of which are binary
Preprocessing...
1 hidden packing inequaliti(es) were detected
225296 rows, 477994 columns, 1126355 non-zeros
477994 integer variables, all of which are binary
Scaling...
 A: min|aij| =  1.000e+00  max|aij| =  1.000e+00  ratio =  1.000e+00
Problem data seem to be well scaled
Constructing initial basis...
Size of triangular part is 225296
Solving LP relaxation...
GLPK Simplex Optimizer 5.0
225296 rows, 477994 columns, 1126355 non-zeros
      0: obj =   0.000000000e+00 inf =   9.680e+02 (968)
    587: obj =   7.818314195e+11 inf =   3.810e+02 (381)
    968: obj =   1.314561814e+12 inf =   0.000e+00 (0)
Perturbing LP to avoid stalling [1167]...
*  1539: obj =   1.314561814e+12 inf =   0.000e+00 (1539)
*  2075: obj =   1.313104744e+12 inf =   0.000e+00 (1947) 1
*  2475: obj =   1.313104744e+12 inf =   0.000e+00 (1965) 4
*  2847: obj =   1.313104744e+12 inf =   0.000e+00 (1978) 3
*  3199: obj =   1.313104744e+12 inf =   0.000e+00 (1984) 3
*  3533: obj =   1.313104744e+12 inf =   0.000e+00 (1994) 3
*  3855: obj =   1.313104744e+12 inf =   0.000e+00 (2004) 3
*  4168: obj =   1.313104744e+12 inf =   0.000e+00 (2019) 3
*  4473: obj =   1.313104744e+12 inf =   0.000e+00 (2027) 3
*  4770: obj =   1.313104744e+12 inf =   0.000e+00 (2035) 3
*  5060: obj =   1.313104744e+12 inf =   0.000e+00 (2051) 3
*  5345: obj =   1.313104744e+12 inf =   0.000e+00 (2061) 3
*  5628: obj =   1.313104744e+12 inf =   0.000e+00 (2070) 2
*  5903: obj =   1.313104744e+12 inf =   0.000e+00 (2079) 3
*  6178: obj =   1.313104744e+12 inf =   0.000e+00 (2085) 3
*  6449: obj =   1.313104744e+12 inf =   0.000e+00 (2090) 2
*  6714: obj =   1.313104744e+12 inf =   0.000e+00 (2091) 3
*  6979: obj =   1.313104744e+12 inf =   0.000e+00 (2099) 2
*  7241: obj =   1.313104744e+12 inf =   0.000e+00 (2102) 3
*  7504: obj =   1.313104744e+12 inf =   0.000e+00 (2125) 2
*  7760: obj =   1.313104744e+12 inf =   0.000e+00 (2120) 3
*  8018: obj =   1.313104744e+12 inf =   0.000e+00 (2151) 2
*  8272: obj =   1.313104744e+12 inf =   0.000e+00 (2156) 3
*  8528: obj =   1.313104744e+12 inf =   0.000e+00 (2165) 2
*  8781: obj =   1.313104744e+12 inf =   0.000e+00 (2164) 2
*  9029: obj =   1.313104744e+12 inf =   0.000e+00 (2192) 3
*  9281: obj =   1.313104744e+12 inf =   0.000e+00 (2195) 2
*  9526: obj =   1.313104744e+12 inf =   0.000e+00 (2210) 3
*  9773: obj =   1.313104744e+12 inf =   0.000e+00 (2210) 2
* 10019: obj =   1.313104744e+12 inf =   0.000e+00 (2221) 2
* 10262: obj =   1.313104744e+12 inf =   0.000e+00 (2240) 3
* 10507: obj =   1.313104744e+12 inf =   0.000e+00 (2240) 2
* 10750: obj =   1.313104744e+12 inf =   0.000e+00 (2244) 2
* 10989: obj =   1.313104744e+12 inf =   0.000e+00 (2253) 3
* 11232: obj =   1.313104744e+12 inf =   0.000e+00 (2267) 2
* 11473: obj =   1.313104744e+12 inf =   0.000e+00 (2266) 2
* 11713: obj =   1.313104744e+12 inf =   0.000e+00 (2280) 2
* 11949: obj =   1.313104744e+12 inf =   0.000e+00 (2279) 3
* 12190: obj =   1.313104744e+12 inf =   0.000e+00 (2308) 2
* 12429: obj =   1.313104744e+12 inf =   0.000e+00 (2303) 2
* 12663: obj =   1.313104744e+12 inf =   0.000e+00 (2316) 3
* 12899: obj =   1.313104744e+12 inf =   0.000e+00 (2315) 2
* 13136: obj =   1.313104744e+12 inf =   0.000e+00 (2320) 2
* 13374: obj =   1.313104744e+12 inf =   0.000e+00 (2318) 2
* 13606: obj =   1.313104744e+12 inf =   0.000e+00 (2326) 3
* 13842: obj =   1.313104744e+12 inf =   0.000e+00 (2324) 2
* 14077: obj =   1.313104744e+12 inf =   0.000e+00 (2354) 2
* 14313: obj =   1.313104744e+12 inf =   0.000e+00 (2343) 3
* 14548: obj =   1.313104744e+12 inf =   0.000e+00 (2356) 2
* 14781: obj =   1.313104744e+12 inf =   0.000e+00 (2353) 2
* 15014: obj =   1.313104744e+12 inf =   0.000e+00 (2363) 2
* 15248: obj =   1.313104744e+12 inf =   0.000e+00 (2377) 2
* 15477: obj =   1.313104744e+12 inf =   0.000e+00 (2387) 3
* 15709: obj =   1.313104744e+12 inf =   0.000e+00 (2388) 2
* 15940: obj =   1.313104744e+12 inf =   0.000e+00 (2387) 2
* 16173: obj =   1.313104744e+12 inf =   0.000e+00 (2403) 2
* 16401: obj =   1.313104744e+12 inf =   0.000e+00 (2405) 3
* 16633: obj =   1.313104744e+12 inf =   0.000e+00 (2410) 2
* 16864: obj =   1.313104744e+12 inf =   0.000e+00 (2411) 2
* 17095: obj =   1.313104744e+12 inf =   0.000e+00 (2416) 2
* 17323: obj =   1.313104744e+12 inf =   0.000e+00 (2416) 3
* 17553: obj =   1.313104744e+12 inf =   0.000e+00 (2420) 2
* 17783: obj =   1.313104744e+12 inf =   0.000e+00 (2429) 2
* 18013: obj =   1.313104744e+12 inf =   0.000e+00 (2431) 2
* 18241: obj =   1.313104744e+12 inf =   0.000e+00 (2447) 3
* 18472: obj =   1.313104744e+12 inf =   0.000e+00 (2466) 2
* 18701: obj =   1.313104744e+12 inf =   0.000e+00 (2461) 2
* 18930: obj =   1.313104744e+12 inf =   0.000e+00 (2466) 2
* 19160: obj =   1.313104744e+12 inf =   0.000e+00 (2464) 2
* 19387: obj =   1.313104744e+12 inf =   0.000e+00 (2474) 3
* 19616: obj =   1.313104744e+12 inf =   0.000e+00 (2481) 2
* 19844: obj =   1.313104744e+12 inf =   0.000e+00 (2485) 2
* 20073: obj =   1.313104744e+12 inf =   0.000e+00 (2494) 2
* 20302: obj =   1.313104744e+12 inf =   0.000e+00 (2510) 2
* 20529: obj =   1.313104744e+12 inf =   0.000e+00 (2512) 3
* 20756: obj =   1.313104744e+12 inf =   0.000e+00 (2520) 2
* 20983: obj =   1.313104744e+12 inf =   0.000e+00 (2526) 2
* 21212: obj =   1.313104744e+12 inf =   0.000e+00 (2527) 2
* 21440: obj =   1.313104744e+12 inf =   0.000e+00 (2535) 2
* 21664: obj =   1.313104744e+12 inf =   0.000e+00 (2533) 3
* 21891: obj =   1.313104744e+12 inf =   0.000e+00 (2537) 2
* 22119: obj =   1.313104744e+12 inf =   0.000e+00 (2549) 2
* 22347: obj =   1.313104744e+12 inf =   0.000e+00 (2551) 2
* 22573: obj =   1.313104744e+12 inf =   0.000e+00 (2553) 2
* 22799: obj =   1.313104744e+12 inf =   0.000e+00 (2566) 2
* 23021: obj =   1.313104744e+12 inf =   0.000e+00 (2565) 3
* 23249: obj =   1.313104744e+12 inf =   0.000e+00 (2569) 2
* 23476: obj =   1.313104744e+12 inf =   0.000e+00 (2575) 2
* 23702: obj =   1.313104744e+12 inf =   0.000e+00 (2579) 2
* 23928: obj =   1.313104744e+12 inf =   0.000e+00 (2581) 2
* 24152: obj =   1.313104744e+12 inf =   0.000e+00 (2582) 3
* 24379: obj =   1.313104744e+12 inf =   0.000e+00 (2589) 2
* 24605: obj =   1.313104744e+12 inf =   0.000e+00 (2594) 2
* 24830: obj =   1.313104744e+12 inf =   0.000e+00 (2595) 2
* 25056: obj =   1.313104744e+12 inf =   0.000e+00 (2600) 2
* 25280: obj =   1.313104744e+12 inf =   0.000e+00 (2617) 3
* 25507: obj =   1.313104744e+12 inf =   0.000e+00 (2629) 2
* 25732: obj =   1.313104744e+12 inf =   0.000e+00 (2622) 2
* 25956: obj =   1.313104744e+12 inf =   0.000e+00 (2628) 2
* 26184: obj =   1.313104744e+12 inf =   0.000e+00 (2644) 2
* 26410: obj =   1.313104744e+12 inf =   0.000e+00 (2659) 2
* 26632: obj =   1.313104744e+12 inf =   0.000e+00 (2658) 3
* 26857: obj =   1.313104744e+12 inf =   0.000e+00 (2671) 2
* 27083: obj =   1.313104744e+12 inf =   0.000e+00 (2666) 2
* 27310: obj =   1.313104744e+12 inf =   0.000e+00 (2675) 2
* 27536: obj =   1.313104744e+12 inf =   0.000e+00 (2685) 2
* 27757: obj =   1.313104744e+12 inf =   0.000e+00 (2688) 3
* 27982: obj =   1.313104744e+12 inf =   0.000e+00 (2686) 2
* 28209: obj =   1.313104744e+12 inf =   0.000e+00 (2684) 2
* 28435: obj =   1.313104744e+12 inf =   0.000e+00 (2683) 2
* 28661: obj =   1.313104744e+12 inf =   0.000e+00 (2695) 2
* 28881: obj =   1.313104744e+12 inf =   0.000e+00 (2699) 3
* 29106: obj =   1.313104744e+12 inf =   0.000e+00 (2718) 2
* 29332: obj =   1.313104744e+12 inf =   0.000e+00 (2706) 2
* 29557: obj =   1.313104744e+12 inf =   0.000e+00 (2734) 2
* 29777: obj =   1.313104744e+12 inf =   0.000e+00 (2735) 3
* 30001: obj =   1.313104744e+12 inf =   0.000e+00 (2728) 2
* 30225: obj =   1.301973629e+12 inf =   0.000e+00 (14904) 2
* 30381: obj =   1.301973629e+12 inf =   0.000e+00 (14884) 2
* 30536: obj =   1.301973629e+12 inf =   0.000e+00 (14866) 1
* 30684: obj =   1.301973629e+12 inf =   2.030e-16 (14833) 2
* 30837: obj =   1.301973629e+12 inf =   0.000e+00 (14808) 1
* 30987: obj =   1.301973629e+12 inf =   0.000e+00 (14788) 2
* 31142: obj =   1.301973629e+12 inf =   0.000e+00 (14799) 1
* 31290: obj =   1.301973629e+12 inf =   0.000e+00 (14790) 2
* 31447: obj =   1.301973629e+12 inf =   0.000e+00 (14775) 1
* 31593: obj =   1.301973629e+12 inf =   0.000e+00 (14749) 2
* 31750: obj =   1.301973629e+12 inf =   2.397e-15 (14740) 1
* 31896: obj =   1.301973629e+12 inf =   5.204e-18 (14700) 2
* 32054: obj =   1.301973629e+12 inf =   3.244e-16 (14661) 1
* 32199: obj =   1.301973625e+12 inf =   1.169e-03 (14636) 2
* 32354: obj =   1.301973604e+12 inf =   5.886e-03 (14613) 1
* 32502: obj =   1.301973588e+12 inf =   9.512e-03 (14614) 2
* 32661: obj =   1.301973565e+12 inf =   1.438e-02 (14587) 1
* 32805: obj =   1.301973551e+12 inf =   1.709e-02 (14571) 2
* 32966: obj =   1.301973536e+12 inf =   1.983e-02 (14548) 1
* 33110: obj =   1.301973499e+12 inf =   2.721e-02 (14552) 2
* 33256: obj =   1.301973469e+12 inf =   3.511e-02 (14538) 1
* 33407: obj =   1.301973431e+12 inf =   4.330e-02 (14525) 1
* 33514: obj =   1.301973378e+12 inf =   5.641e-02 (14529) 2
* 33658: obj =   1.301973369e+12 inf =   5.833e-02 (14500) 1
* 33801: obj =   1.301973319e+12 inf =   6.976e-02 (14490) 1
* 33918: obj =   1.301973275e+12 inf =   7.957e-02 (14454) 2
* 34064: obj =   1.301973236e+12 inf =   8.843e-02 (14442) 1
* 34211: obj =   1.301973193e+12 inf =   9.771e-02 (14426) 1
* 34322: obj =   1.301973189e+12 inf =   9.833e-02 (14424) 2
* 34475: obj =   1.301973146e+12 inf =   1.067e-01 (14402) 1
* 34619: obj =   1.301973107e+12 inf =   1.144e-01 (14402) 1
* 34726: obj =   1.301973097e+12 inf =   1.164e-01 (14388) 2
* 34869: obj =   1.301973042e+12 inf =   1.274e-01 (14391) 1
* 35013: obj =   1.301972961e+12 inf =   1.435e-01 (14365) 1
* 35130: obj =   1.301972937e+12 inf =   1.483e-01 (14379) 2
* 35287: obj =   1.301972900e+12 inf =   1.533e-01 (14362) 1
* 35433: obj =   1.301972864e+12 inf =   1.581e-01 (14374) 2
* 35580: obj =   1.301972818e+12 inf =   1.646e-01 (14353) 1
* 35721: obj =   1.301972752e+12 inf =   1.757e-01 (14323) 1
* 35837: obj =   1.301972680e+12 inf =   1.877e-01 (14318) 2
* 35976: obj =   1.301972657e+12 inf =   1.913e-01 (14301) 1
* 36120: obj =   1.301972597e+12 inf =   2.031e-01 (14293) 1
* 36241: obj =   1.301972573e+12 inf =   2.070e-01 (14309) 2
* 36380: obj =   1.301972535e+12 inf =   2.134e-01 (14309) 1
* 36521: obj =   1.301972412e+12 inf =   2.338e-01 (14282) 1
* 36645: obj =   1.301972406e+12 inf =   2.349e-01 (14260) 2
* 36790: obj =   1.301972398e+12 inf =   2.360e-01 (14236) 1
* 36938: obj =   1.301972392e+12 inf =   2.369e-01 (14232) 1
* 37049: obj =   1.301972380e+12 inf =   2.390e-01 (14222) 2
* 37193: obj =   1.301972313e+12 inf =   2.504e-01 (14200) 1
* 37339: obj =   1.301972298e+12 inf =   2.527e-01 (14182) 1
* 37453: obj =   1.301972203e+12 inf =   2.701e-01 (14181) 2
* 37591: obj =   1.301972115e+12 inf =   2.863e-01 (14165) 1
* 37736: obj =   1.301972087e+12 inf =   2.908e-01 (14156) 1
* 37857: obj =   1.301972075e+12 inf =   2.926e-01 (14140) 2
* 38006: obj =   1.301972074e+12 inf =   2.922e-01 (14127) 1
* 38151: obj =   1.301972031e+12 inf =   2.987e-01 (14135) 1
* 38261: obj =   1.301972022e+12 inf =   2.999e-01 (14128) 2
* 38411: obj =   1.301971980e+12 inf =   3.061e-01 (14112) 1
* 38545: obj =   1.301971833e+12 inf =   3.281e-01 (14108) 1
* 38665: obj =   1.301971789e+12 inf =   3.354e-01 (14084) 2
* 38799: obj =   1.301971754e+12 inf =   3.409e-01 (14085) 1
* 38934: obj =   1.301971746e+12 inf =   3.421e-01 (14072) 1
* 39069: obj =   1.301971703e+12 inf =   3.495e-01 (14063) 2
* 39210: obj =   1.301971665e+12 inf =   3.569e-01 (14040) 1
* 39343: obj =   1.301971592e+12 inf =   3.706e-01 (14036) 1
* 39474: obj =   1.301971572e+12 inf =   3.746e-01 (14003) 2
* 39616: obj =   1.301971571e+12 inf =   3.741e-01 (13989) 1
* 39756: obj =   1.301971570e+12 inf =   3.735e-01 (13973) 1
* 39878: obj =   1.301971570e+12 inf =   3.728e-01 (13950) 2
* 40028: obj =   1.301971554e+12 inf =   3.740e-01 (13949) 1
* 40176: obj =   1.301971540e+12 inf =   3.751e-01 (13919) 1
* 40282: obj =   1.301971531e+12 inf =   3.760e-01 (13907) 2
* 40426: obj =   1.301971473e+12 inf =   3.818e-01 (13903) 1
* 40573: obj =   1.301971459e+12 inf =   3.829e-01 (13917) 1
* 40686: obj =   1.301971427e+12 inf =   3.868e-01 (13912) 2
* 40826: obj =   1.301971397e+12 inf =   3.905e-01 (13898) 1
* 40964: obj =   1.301971336e+12 inf =   3.975e-01 (13899) 1
* 41090: obj =   1.301971281e+12 inf =   4.046e-01 (13914) 2
* 41230: obj =   1.301971201e+12 inf =   4.155e-01 (13886) 1
* 41369: obj =   1.301971168e+12 inf =   4.211e-01 (13889) 1
* 41494: obj =   1.301971133e+12 inf =   4.270e-01 (13848) 2
* 41636: obj =   1.301971117e+12 inf =   4.287e-01 (13855) 1
* 41780: obj =   1.301971112e+12 inf =   4.286e-01 (13837) 1
* 41899: obj =   1.301971104e+12 inf =   4.294e-01 (13835) 2
* 42039: obj =   1.301971059e+12 inf =   4.362e-01 (13824) 1
* 42176: obj =   1.301970995e+12 inf =   4.456e-01 (13829) 1
* 42303: obj =   1.301970951e+12 inf =   4.526e-01 (13817) 2
* 42449: obj =   1.301970938e+12 inf =   4.532e-01 (13795) 1
* 42595: obj =   1.301970901e+12 inf =   4.546e-01 (13790) 1
* 42707: obj =   1.301970812e+12 inf =   4.586e-01 (13789) 2
* 42839: obj =   1.301970639e+12 inf =   4.657e-01 (13802) 1
* 42970: obj =   1.301970494e+12 inf =   4.711e-01 (13816) 1
* 43102: obj =   1.301970354e+12 inf =   4.790e-01 (13815) 1
* 43212: obj =   1.301970308e+12 inf =   4.813e-01 (13802) 2
* 43355: obj =   1.301970296e+12 inf =   4.828e-01 (13790) 1
* 43499: obj =   1.301970287e+12 inf =   4.828e-01 (13789) 1
* 43616: obj =   1.301970198e+12 inf =   4.856e-01 (13766) 2
* 43749: obj =   1.301970167e+12 inf =   4.861e-01 (13784) 1
* 43881: obj =   1.301970096e+12 inf =   4.890e-01 (13771) 1
* 44015: obj =   1.301969961e+12 inf =   4.979e-01 (13766) 1
* 44121: obj =   1.301969862e+12 inf =   5.120e-01 (13766) 2
* 44249: obj =   1.301969792e+12 inf =   5.244e-01 (13761) 1
* 44383: obj =   1.301969771e+12 inf =   5.272e-01 (13760) 1
* 44517: obj =   1.301969753e+12 inf =   5.293e-01 (13765) 1
* 44626: obj =   1.301969698e+12 inf =   5.387e-01 (13746) 2
* 44751: obj =   1.301969652e+12 inf =   5.474e-01 (13743) 1
* 44881: obj =   1.301969648e+12 inf =   5.477e-01 (13759) 1
* 45009: obj =   1.301969553e+12 inf =   5.652e-01 (13737) 1
* 45132: obj =   1.301969390e+12 inf =   5.974e-01 (13715) 2
* 45260: obj =   1.301969368e+12 inf =   6.017e-01 (13711) 1
* 45386: obj =   1.301969349e+12 inf =   6.055e-01 (13684) 1
* 45516: obj =   1.301969349e+12 inf =   6.047e-01 (13686) 1
* 45638: obj =   1.301969308e+12 inf =   6.134e-01 (13686) 2
* 45772: obj =   1.301969299e+12 inf =   6.151e-01 (13658) 1
* 45903: obj =   1.301969293e+12 inf =   6.159e-01 (13651) 1
* 46039: obj =   1.301969276e+12 inf =   6.187e-01 (13663) 1
* 46143: obj =   1.301969226e+12 inf =   6.300e-01 (13638) 2
* 46276: obj =   1.301969219e+12 inf =   6.309e-01 (13630) 1
* 46403: obj =   1.301969206e+12 inf =   6.335e-01 (13604) 1
* 46533: obj =   1.301969205e+12 inf =   6.332e-01 (13601) 1
* 46648: obj =   1.301969136e+12 inf =   6.475e-01 (13597) 2
* 46782: obj =   1.301969136e+12 inf =   6.468e-01 (13619) 1
* 46917: obj =   1.301969136e+12 inf =   6.463e-01 (13607) 1
* 47044: obj =   1.301969112e+12 inf =   6.517e-01 (13635) 1
* 47153: obj =   1.301969070e+12 inf =   6.608e-01 (13622) 2
* 47284: obj =   1.301969033e+12 inf =   6.642e-01 (13617) 1
* 47414: obj =   1.301969022e+12 inf =   6.663e-01 (13608) 1
* 47544: obj =   1.301969019e+12 inf =   6.666e-01 (13595) 1
* 47659: obj =   1.301968995e+12 inf =   6.698e-01 (13590) 2
* 47780: obj =   1.301968923e+12 inf =   6.773e-01 (13587) 1
* 47902: obj =   1.301968813e+12 inf =   6.895e-01 (13570) 1
* 48023: obj =   1.301968625e+12 inf =   7.161e-01 (13572) 1
* 48148: obj =   1.301968548e+12 inf =   7.285e-01 (13568) 1
* 48266: obj =   1.301968428e+12 inf =   7.453e-01 (13564) 2
* 48393: obj =   1.301968409e+12 inf =   7.481e-01 (13563) 1
* 48527: obj =   1.301968394e+12 inf =   7.516e-01 (13563) 1
* 48652: obj =   1.301968352e+12 inf =   7.604e-01 (13548) 1
* 48771: obj =   1.301968343e+12 inf =   7.620e-01 (13544) 2
* 48897: obj =   1.301968331e+12 inf =   7.640e-01 (13524) 1
* 49025: obj =   1.301968330e+12 inf =   7.632e-01 (13531) 1
* 49147: obj =   1.301968247e+12 inf =   7.792e-01 (13529) 1
* 49276: obj =   1.301968195e+12 inf =   7.887e-01 (13517) 2
* 49407: obj =   1.301968189e+12 inf =   7.890e-01 (13502) 1
* 49543: obj =   1.301968189e+12 inf =   7.878e-01 (13521) 1
* 49680: obj =   1.301968187e+12 inf =   7.872e-01 (13530) 2
* 49807: obj =   1.301968166e+12 inf =   7.886e-01 (13527) 1
* 49929: obj =   1.301968070e+12 inf =   7.980e-01 (13530) 1
* 50051: obj =   1.301968035e+12 inf =   8.014e-01 (13537) 1
* 50171: obj =   1.301967975e+12 inf =   8.099e-01 (13511) 1
* 50287: obj =   1.301967956e+12 inf =   8.124e-01 (13508) 2
* 50416: obj =   1.301967898e+12 inf =   8.108e-01 (13508) 1
* 50541: obj =   1.301967836e+12 inf =   8.154e-01 (13494) 1
* 50661: obj =   1.301967695e+12 inf =   8.273e-01 (13510) 1
* 50781: obj =   1.301967596e+12 inf =   8.360e-01 (13523) 1
* 50893: obj =   1.301967452e+12 inf =   8.512e-01 (13502) 2
* 51011: obj =   1.301967438e+12 inf =   8.527e-01 (13487) 1
* 51131: obj =   1.301967323e+12 inf =   8.679e-01 (13504) 1
* 51250: obj =   1.301967266e+12 inf =   8.765e-01 (13492) 1
* 51374: obj =   1.301967266e+12 inf =   8.763e-01 (13485) 1
* 51500: obj =   1.301967247e+12 inf =   8.782e-01 (13479) 2
* 51624: obj =   1.301967170e+12 inf =   8.877e-01 (13468) 1
* 51744: obj =   1.301967060e+12 inf =   9.034e-01 (13464) 1
* 51878: obj =   1.301967032e+12 inf =   9.080e-01 (13454) 1
* 52005: obj =   1.301967026e+12 inf =   9.079e-01 (13454) 2
* 52134: obj =   1.301966962e+12 inf =   9.082e-01 (13472) 1
* 52258: obj =   1.301966945e+12 inf =   9.110e-01 (13444) 1
* 52396: obj =   1.301966945e+12 inf =   9.104e-01 (13434) 1
* 52511: obj =   1.301966933e+12 inf =   9.105e-01 (13434) 2
* 52639: obj =   1.301966876e+12 inf =   9.125e-01 (13439) 1
* 52763: obj =   1.301966703e+12 inf =   9.241e-01 (13441) 1
* 52887: obj =   1.301966523e+12 inf =   9.375e-01 (13427) 1
* 53010: obj =   1.301966421e+12 inf =   9.444e-01 (13427) 1
* 53118: obj =   1.301966289e+12 inf =   9.565e-01 (13435) 2
* 53235: obj =   1.301966238e+12 inf =   9.635e-01 (13431) 1
* 53355: obj =   1.301966112e+12 inf =   9.794e-01 (13436) 1
* 53477: obj =   1.301966097e+12 inf =   9.804e-01 (13435) 1
* 53590: obj =   1.301966089e+12 inf =   9.807e-01 (13414) 1
* 53708: obj =   1.301966061e+12 inf =   9.838e-01 (13394) 1
* 53825: obj =   1.301966060e+12 inf =   9.829e-01 (13389) 2
* 53954: obj =   1.301966059e+12 inf =   9.822e-01 (13391) 1
* 54086: obj =   1.301966043e+12 inf =   9.825e-01 (13384) 1
* 54213: obj =   1.301965974e+12 inf =   9.856e-01 (13399) 1
* 54330: obj =   1.301965926e+12 inf =   9.886e-01 (13394) 2
* 54448: obj =   1.301965894e+12 inf =   9.930e-01 (13394) 1
* 54567: obj =   1.301965891e+12 inf =   9.925e-01 (13401) 1
* 54697: obj =   1.301965867e+12 inf =   9.936e-01 (13400) 1
* 54820: obj =   1.301965855e+12 inf =   9.938e-01 (13392) 1
* 54936: obj =   1.301965782e+12 inf =   9.997e-01 (13398) 2
* 55055: obj =   1.301965667e+12 inf =   1.010e+00 (13378) 1
* 55178: obj =   1.301965627e+12 inf =   1.014e+00 (13380) 1
* 55305: obj =   1.301965604e+12 inf =   1.015e+00 (13385) 1
* 55425: obj =   1.301965485e+12 inf =   1.027e+00 (13377) 1
* 55540: obj =   1.301965453e+12 inf =   1.031e+00 (13371) 1
* 55643: obj =   1.301965450e+12 inf =   1.031e+00 (13356) 2
* 55761: obj =   1.301965449e+12 inf =   1.030e+00 (13360) 1
* 55877: obj =   1.301965355e+12 inf =   1.043e+00 (13344) 1
* 55994: obj =   1.301965354e+12 inf =   1.043e+00 (13352) 1
* 56111: obj =   1.301965277e+12 inf =   1.050e+00 (13374) 1
* 56227: obj =   1.301965137e+12 inf =   1.066e+00 (13329) 1
* 56350: obj =   1.301965120e+12 inf =   1.068e+00 (13351) 2
* 56463: obj =   1.301964990e+12 inf =   1.077e+00 (13344) 1
* 56576: obj =   1.301964848e+12 inf =   1.088e+00 (13340) 1
* 56688: obj =   1.301964690e+12 inf =   1.104e+00 (13341) 1
* 56800: obj =   1.301964626e+12 inf =   1.111e+00 (13335) 1
* 56915: obj =   1.301964545e+12 inf =   1.119e+00 (13333) 1
* 57033: obj =   1.301964528e+12 inf =   1.120e+00 (13318) 1
* 57151: obj =   1.301964471e+12 inf =   1.127e+00 (13314) 1
* 57259: obj =   1.301964396e+12 inf =   1.141e+00 (13308) 2
* 57378: obj =   1.301964393e+12 inf =   1.142e+00 (13292) 1
* 57506: obj =   1.301964393e+12 inf =   1.140e+00 (13271) 1
* 57630: obj =   1.301964392e+12 inf =   1.140e+00 (13262) 1
* 57744: obj =   1.301964325e+12 inf =   1.148e+00 (13268) 1
* 57857: obj =   1.301964225e+12 inf =   1.163e+00 (13267) 1
* 57967: obj =   1.301964175e+12 inf =   1.169e+00 (13258) 2
* 58088: obj =   1.301964140e+12 inf =   1.171e+00 (13279) 1
* 58204: obj =   1.301964058e+12 inf =   1.177e+00 (13268) 1
* 58329: obj =   1.301964041e+12 inf =   1.179e+00 (13255) 1
* 58453: obj =   1.301964033e+12 inf =   1.179e+00 (13242) 1
* 58573: obj =   1.301964029e+12 inf =   1.178e+00 (13237) 2
* 58701: obj =   1.301964023e+12 inf =   1.178e+00 (13235) 1
* 58827: obj =   1.301964022e+12 inf =   1.176e+00 (13246) 1
* 58951: obj =   1.301963986e+12 inf =   1.177e+00 (13250) 1
* 59068: obj =   1.301963881e+12 inf =   1.182e+00 (13225) 1
* 59179: obj =   1.301963810e+12 inf =   1.184e+00 (13210) 2
* 59304: obj =   1.301963788e+12 inf =   1.184e+00 (13214) 1
* 59430: obj =   1.301963784e+12 inf =   1.184e+00 (13232) 1
* 59548: obj =   1.301963734e+12 inf =   1.184e+00 (13253) 1
* 59664: obj =   1.301963685e+12 inf =   1.183e+00 (13232) 1
* 59779: obj =   1.301963606e+12 inf =   1.184e+00 (13236) 1
* 59886: obj =   1.301963537e+12 inf =   1.186e+00 (13247) 2
* 60001: obj =   1.301963537e+12 inf =   1.186e+00 (13220) 1
* 60118: obj =   1.301963482e+12 inf =   1.186e+00 (13197) 1
* 60234: obj =   1.301963439e+12 inf =   1.193e+00 (13184) 1
* 60348: obj =   1.301963421e+12 inf =   1.195e+00 (13162) 1
* 60466: obj =   1.301963417e+12 inf =   1.195e+00 (13167) 1
* 60584: obj =   1.301963384e+12 inf =   1.196e+00 (13181) 1
* 60698: obj =   1.301963280e+12 inf =   1.200e+00 (13181) 2
* 60809: obj =   1.301963156e+12 inf =   1.204e+00 (13187) 1
* 60921: obj =   1.301963109e+12 inf =   1.207e+00 (13178) 1
* 61036: obj =   1.301963060e+12 inf =   1.209e+00 (13163) 1
* 61147: obj =   1.301963024e+12 inf =   1.212e+00 (13167) 1
* 61259: obj =   1.301962946e+12 inf =   1.218e+00 (13163) 1
* 61371: obj =   1.301962929e+12 inf =   1.220e+00 (13201) 1
* 61481: obj =   1.301962804e+12 inf =   1.240e+00 (13205) 1
* 61591: obj =   1.301962736e+12 inf =   1.251e+00 (13215) 1
* 61701: obj =   1.301962633e+12 inf =   1.266e+00 (13213) 1
* 61809: obj =   1.301962633e+12 inf =   1.266e+00 (13198) 2
* 61920: obj =   1.301962632e+12 inf =   1.265e+00 (13197) 1
* 62033: obj =   1.301962613e+12 inf =   1.267e+00 (13193) 1
* 62146: obj =   1.301962568e+12 inf =   1.272e+00 (13195) 1
* 62260: obj =   1.301962519e+12 inf =   1.276e+00 (13171) 1
* 62373: obj =   1.301962493e+12 inf =   1.280e+00 (13180) 1
* 62498: obj =   1.301962493e+12 inf =   1.278e+00 (13187) 1
* 62618: obj =   1.301962428e+12 inf =   1.283e+00 (13187) 2
* 62740: obj =   1.301962404e+12 inf =   1.285e+00 (13193) 1
* 62859: obj =   1.301962368e+12 inf =   1.287e+00 (13177) 1
* 62978: obj =   1.301962337e+12 inf =   1.288e+00 (13169) 1
* 63096: obj =   1.301962265e+12 inf =   1.293e+00 (13174) 1
* 63213: obj =   1.301962244e+12 inf =   1.295e+00 (13183) 1
* 63325: obj =   1.301962243e+12 inf =   1.294e+00 (13175) 2
* 63445: obj =   1.301962239e+12 inf =   1.293e+00 (13180) 1
* 63564: obj =   1.301962218e+12 inf =   1.294e+00 (13167) 1
* 63682: obj =   1.301962185e+12 inf =   1.296e+00 (13180) 1
* 63799: obj =   1.301962165e+12 inf =   1.296e+00 (13145) 1
* 63915: obj =   1.301962162e+12 inf =   1.296e+00 (13134) 1
* 64024: obj =   1.301962011e+12 inf =   1.314e+00 (13125) 1
* 64134: obj =   1.301961925e+12 inf =   1.323e+00 (13135) 2
* 64243: obj =   1.301961828e+12 inf =   1.336e+00 (13122) 1
* 64354: obj =   1.301961744e+12 inf =   1.349e+00 (13103) 1
* 64467: obj =   1.301961743e+12 inf =   1.349e+00 (13090) 1
* 64579: obj =   1.301961705e+12 inf =   1.349e+00 (13079) 1
* 64691: obj =   1.301961697e+12 inf =   1.349e+00 (13074) 1
* 64801: obj =   1.301961612e+12 inf =   1.355e+00 (13086) 1
* 64914: obj =   1.301961545e+12 inf =   1.360e+00 (13095) 1
* 65028: obj =   1.301961466e+12 inf =   1.367e+00 (13095) 1
* 65142: obj =   1.301961424e+12 inf =   1.370e+00 (13106) 1
* 65245: obj =   1.301961386e+12 inf =   1.372e+00 (13092) 2
* 65359: obj =   1.301961355e+12 inf =   1.374e+00 (13084) 1
* 65473: obj =   1.301961310e+12 inf =   1.378e+00 (13079) 1
* 65589: obj =   1.301961246e+12 inf =   1.384e+00 (13079) 1
* 65701: obj =   1.301961243e+12 inf =   1.383e+00 (13062) 1
* 65811: obj =   1.301961224e+12 inf =   1.387e+00 (13055) 1
* 65920: obj =   1.301961212e+12 inf =   1.388e+00 (13052) 1
* 66036: obj =   1.301961212e+12 inf =   1.387e+00 (13051) 1
* 66149: obj =   1.301961168e+12 inf =   1.391e+00 (13048) 1
* 66257: obj =   1.301961141e+12 inf =   1.396e+00 (13033) 2
* 66367: obj =   1.301961102e+12 inf =   1.402e+00 (13055) 1
* 66475: obj =   1.301961073e+12 inf =   1.408e+00 (13049) 1
* 66582: obj =   1.301961071e+12 inf =   1.407e+00 (13033) 1
* 66689: obj =   1.301961054e+12 inf =   1.411e+00 (13041) 1
* 66803: obj =   1.301961044e+12 inf =   1.411e+00 (13041) 1
* 66911: obj =   1.301961022e+12 inf =   1.414e+00 (13036) 1
* 67024: obj =   1.301961022e+12 inf =   1.414e+00 (13030) 1
* 67136: obj =   1.301960985e+12 inf =   1.419e+00 (13029) 1
* 67244: obj =   1.301960955e+12 inf =   1.425e+00 (13018) 1
* 67358: obj =   1.301960949e+12 inf =   1.425e+00 (13027) 1
* 67467: obj =   1.301960909e+12 inf =   1.433e+00 (13021) 1
* 67570: obj =   1.301960873e+12 inf =   1.439e+00 (13034) 2
* 67676: obj =   1.301960844e+12 inf =   1.443e+00 (13038) 1
* 67786: obj =   1.301960786e+12 inf =   1.449e+00 (13027) 1
* 67891: obj =   1.301960728e+12 inf =   1.462e+00 (13015) 1
* 67995: obj =   1.301960685e+12 inf =   1.472e+00 (13008) 1
* 68101: obj =   1.301960607e+12 inf =   1.490e+00 (13016) 1
* 68210: obj =   1.301960567e+12 inf =   1.498e+00 (12995) 1
* 68317: obj =   1.301960541e+12 inf =   1.503e+00 (12983) 1
* 68427: obj =   1.301960541e+12 inf =   1.502e+00 (12996) 1
* 68537: obj =   1.301960534e+12 inf =   1.502e+00 (12992) 1
* 68648: obj =   1.301960527e+12 inf =   1.501e+00 (12985) 1
* 68761: obj =   1.301960527e+12 inf =   1.499e+00 (12974) 1
* 68872: obj =   1.301960522e+12 inf =   1.499e+00 (12999) 1
* 68984: obj =   1.301960522e+12 inf =   1.497e+00 (12976) 2
* 69100: obj =   1.301960514e+12 inf =   1.497e+00 (12965) 1
* 69212: obj =   1.301960474e+12 inf =   1.502e+00 (12947) 1
* 69323: obj =   1.301960427e+12 inf =   1.504e+00 (12943) 1
* 69433: obj =   1.301960399e+12 inf =   1.506e+00 (12929) 1
* 69542: obj =   1.301960351e+12 inf =   1.511e+00 (12925) 1
* 69655: obj =   1.301960337e+12 inf =   1.513e+00 (12919) 1
* 69774: obj =   1.301960331e+12 inf =   1.512e+00 (12936) 1
* 69888: obj =   1.301960315e+12 inf =   1.513e+00 (12928) 1
* 69994: obj =   1.301960243e+12 inf =   1.521e+00 (12935) 2
* 70105: obj =   1.301960176e+12 inf =   1.530e+00 (12952) 1
* 70214: obj =   1.301960101e+12 inf =   1.538e+00 (12953) 1
* 70323: obj =   1.301960067e+12 inf =   1.542e+00 (12955) 1
* 70438: obj =   1.301960064e+12 inf =   1.541e+00 (12940) 1
* 70555: obj =   1.301960047e+12 inf =   1.541e+00 (12937) 1
* 70670: obj =   1.301960034e+12 inf =   1.542e+00 (12936) 1
* 70782: obj =   1.301960012e+12 inf =   1.543e+00 (12946) 1
* 70894: obj =   1.301959994e+12 inf =   1.545e+00 (12940) 1
* 71003: obj =   1.301959989e+12 inf =   1.546e+00 (12937) 1
* 71105: obj =   1.301959943e+12 inf =   1.550e+00 (12941) 2
* 71210: obj =   1.301959868e+12 inf =   1.552e+00 (12947) 1
* 71319: obj =   1.301959846e+12 inf =   1.553e+00 (12928) 1
* 71430: obj =   1.301959833e+12 inf =   1.552e+00 (12919) 1
* 71536: obj =   1.301959793e+12 inf =   1.551e+00 (12908) 1
* 71642: obj =   1.301959717e+12 inf =   1.549e+00 (12905) 1
* 71747: obj =   1.301959612e+12 inf =   1.548e+00 (12892) 1
* 71852: obj =   1.301959520e+12 inf =   1.547e+00 (12886) 1
* 71957: obj =   1.301959445e+12 inf =   1.546e+00 (12891) 1
* 72063: obj =   1.301959383e+12 inf =   1.545e+00 (12875) 1
* 72171: obj =   1.301959347e+12 inf =   1.547e+00 (12886) 1
* 72281: obj =   1.301959304e+12 inf =   1.547e+00 (12893) 1
* 72382: obj =   1.301959191e+12 inf =   1.553e+00 (12889) 1
* 72483: obj =   1.301959086e+12 inf =   1.562e+00 (12876) 1
* 72584: obj =   1.301958984e+12 inf =   1.570e+00 (12859) 1
* 72691: obj =   1.301958971e+12 inf =   1.572e+00 (12869) 1
* 72796: obj =   1.301958971e+12 inf =   1.571e+00 (12866) 1
* 72902: obj =   1.301958965e+12 inf =   1.570e+00 (12855) 1
* 73007: obj =   1.301958964e+12 inf =   1.568e+00 (12843) 1
* 73114: obj =   1.301958956e+12 inf =   1.569e+00 (12833) 1
* 73219: obj =   1.301958903e+12 inf =   1.580e+00 (12811) 1
* 73324: obj =   1.301958832e+12 inf =   1.588e+00 (12837) 1
* 73426: obj =   1.301958758e+12 inf =   1.595e+00 (12843) 1
* 73527: obj =   1.301958757e+12 inf =   1.595e+00 (12852) 1
* 73630: obj =   1.301958751e+12 inf =   1.596e+00 (12846) 1
* 73732: obj =   1.301958751e+12 inf =   1.595e+00 (12845) 2
* 73846: obj =   1.301958750e+12 inf =   1.594e+00 (12849) 1
* 73956: obj =   1.301958750e+12 inf =   1.594e+00 (12846) 1
* 74068: obj =   1.301958672e+12 inf =   1.594e+00 (12836) 1
* 74177: obj =   1.301958630e+12 inf =   1.603e+00 (12849) 1
* 74284: obj =   1.301958628e+12 inf =   1.603e+00 (12834) 1
* 74391: obj =   1.301958584e+12 inf =   1.610e+00 (12818) 1
* 74507: obj =   1.301958567e+12 inf =   1.609e+00 (12811) 1
* 74620: obj =   1.301958529e+12 inf =   1.609e+00 (12826) 1
* 74731: obj =   1.301958527e+12 inf =   1.609e+00 (12813) 1
* 74842: obj =   1.301958488e+12 inf =   1.610e+00 (12803) 1
* 74945: obj =   1.301958455e+12 inf =   1.610e+00 (12814) 2
* 75053: obj =   1.301958437e+12 inf =   1.610e+00 (12797) 1
* 75164: obj =   1.301958422e+12 inf =   1.611e+00 (12784) 1
* 75273: obj =   1.301958378e+12 inf =   1.615e+00 (12778) 1
* 75384: obj =   1.301958378e+12 inf =   1.614e+00 (12804) 1
* 75502: obj =   1.301958375e+12 inf =   1.613e+00 (12800) 1
* 75611: obj =   1.301958367e+12 inf =   1.613e+00 (12802) 1
* 75718: obj =   1.301958350e+12 inf =   1.612e+00 (12807) 1
* 75828: obj =   1.301958313e+12 inf =   1.611e+00 (12828) 1
* 75940: obj =   1.301958302e+12 inf =   1.611e+00 (12823) 1
* 76050: obj =   1.301958244e+12 inf =   1.607e+00 (12804) 1
* 76157: obj =   1.301958231e+12 inf =   1.606e+00 (12795) 2
* 76266: obj =   1.301958211e+12 inf =   1.605e+00 (12799) 1
* 76376: obj =   1.301958170e+12 inf =   1.608e+00 (12793) 1
* 76488: obj =   1.301958136e+12 inf =   1.606e+00 (12789) 1
* 76596: obj =   1.301958087e+12 inf =   1.606e+00 (12774) 1
* 76706: obj =   1.301958086e+12 inf =   1.606e+00 (12757) 1
* 76815: obj =   1.301958079e+12 inf =   1.605e+00 (12750) 1
* 76928: obj =   1.301958063e+12 inf =   1.605e+00 (12764) 1
* 77042: obj =   1.301958048e+12 inf =   1.605e+00 (12774) 1
* 77153: obj =   1.301958036e+12 inf =   1.605e+00 (12771) 1
* 77265: obj =   1.301958015e+12 inf =   1.604e+00 (12733) 1
* 77370: obj =   1.301957994e+12 inf =   1.607e+00 (12727) 2
* 77479: obj =   1.301957987e+12 inf =   1.606e+00 (12738) 1
* 77593: obj =   1.301957964e+12 inf =   1.606e+00 (12742) 1
* 77706: obj =   1.301957955e+12 inf =   1.604e+00 (12748) 1
* 77817: obj =   1.301957954e+12 inf =   1.602e+00 (12758) 1
* 77927: obj =   1.301957954e+12 inf =   1.599e+00 (12765) 1
* 78023: obj =   1.301957918e+12 inf =   1.600e+00 (12776) 1
* 78125: obj =   1.301957844e+12 inf =   1.605e+00 (12780) 1
* 78226: obj =   1.301957775e+12 inf =   1.610e+00 (12759) 1
* 78335: obj =   1.301957767e+12 inf =   1.610e+00 (12774) 1
* 78443: obj =   1.301957767e+12 inf =   1.610e+00 (12756) 1
* 78554: obj =   1.301957761e+12 inf =   1.609e+00 (12754) 1
* 78666: obj =   1.301957748e+12 inf =   1.608e+00 (12760) 1
* 78777: obj =   1.301957748e+12 inf =   1.608e+00 (12728) 1
* 78885: obj =   1.301957745e+12 inf =   1.608e+00 (12720) 2
* 78994: obj =   1.301957742e+12 inf =   1.608e+00 (12717) 1
* 79102: obj =   1.301957742e+12 inf =   1.606e+00 (12728) 1
* 79209: obj =   1.301957724e+12 inf =   1.607e+00 (12725) 1
* 79319: obj =   1.301957723e+12 inf =   1.607e+00 (12724) 1
* 79429: obj =   1.301957719e+12 inf =   1.607e+00 (12722) 1
* 79538: obj =   1.301957705e+12 inf =   1.607e+00 (12719) 1
* 79646: obj =   1.301957695e+12 inf =   1.608e+00 (12716) 1
* 79752: obj =   1.301957665e+12 inf =   1.607e+00 (12717) 1
* 79858: obj =   1.301957656e+12 inf =   1.607e+00 (12718) 1
* 79965: obj =   1.301957604e+12 inf =   1.606e+00 (12734) 1
* 80070: obj =   1.301957524e+12 inf =   1.605e+00 (12745) 1
* 80175: obj =   1.301957468e+12 inf =   1.607e+00 (12744) 1
* 80284: obj =   1.301957451e+12 inf =   1.607e+00 (12739) 1
* 80395: obj =   1.301957447e+12 inf =   1.607e+00 (12715) 1
* 80503: obj =   1.301957437e+12 inf =   1.606e+00 (12740) 2
* 80609: obj =   1.301957395e+12 inf =   1.604e+00 (12734) 1
* 80712: obj =   1.301957364e+12 inf =   1.604e+00 (12723) 1
* 80816: obj =   1.301957318e+12 inf =   1.603e+00 (12733) 1
* 80924: obj =   1.301957308e+12 inf =   1.602e+00 (12724) 1
* 81032: obj =   1.301957275e+12 inf =   1.601e+00 (12723) 1
* 81139: obj =   1.301957250e+12 inf =   1.599e+00 (12712) 1
* 81244: obj =   1.301957244e+12 inf =   1.599e+00 (12714) 1
* 81350: obj =   1.301957241e+12 inf =   1.600e+00 (12713) 1
* 81458: obj =   1.301957221e+12 inf =   1.598e+00 (12727) 1
* 81566: obj =   1.301957192e+12 inf =   1.596e+00 (12721) 1
* 81672: obj =   1.301957186e+12 inf =   1.597e+00 (12710) 1
* 81777: obj =   1.301957176e+12 inf =   1.596e+00 (12704) 1
* 81882: obj =   1.301957168e+12 inf =   1.595e+00 (12700) 1
* 81987: obj =   1.301957120e+12 inf =   1.592e+00 (12689) 1
* 82093: obj =   1.301957097e+12 inf =   1.591e+00 (12681) 1
* 82193: obj =   1.301957058e+12 inf =   1.592e+00 (12695) 1
* 82299: obj =   1.301957028e+12 inf =   1.590e+00 (12686) 1
* 82403: obj =   1.301956991e+12 inf =   1.588e+00 (12663) 1
* 82508: obj =   1.301956976e+12 inf =   1.589e+00 (12655) 1
* 82615: obj =   1.301956970e+12 inf =   1.588e+00 (12672) 1
* 82726: obj =   1.301956961e+12 inf =   1.587e+00 (12667) 2
* 82838: obj =   1.301956945e+12 inf =   1.585e+00 (12678) 1
* 82946: obj =   1.301956917e+12 inf =   1.586e+00 (12674) 1
* 83044: obj =   1.301956847e+12 inf =   1.588e+00 (12668) 1
* 83145: obj =   1.301956792e+12 inf =   1.589e+00 (12657) 1
* 83242: obj =   1.301956756e+12 inf =   1.591e+00 (12680) 1
* 83336: obj =   1.301956738e+12 inf =   1.594e+00 (12663) 1
* 83434: obj =   1.301956689e+12 inf =   1.601e+00 (12661) 1
* 83539: obj =   1.301956682e+12 inf =   1.602e+00 (12653) 1
* 83641: obj =   1.301956682e+12 inf =   1.602e+00 (12662) 1
* 83747: obj =   1.301956676e+12 inf =   1.602e+00 (12678) 1
* 83855: obj =   1.301956673e+12 inf =   1.602e+00 (12682) 1
* 83967: obj =   1.301956659e+12 inf =   1.601e+00 (12673) 1
* 84078: obj =   1.301956647e+12 inf =   1.601e+00 (12661) 1
* 84177: obj =   1.301956624e+12 inf =   1.600e+00 (12660) 1
* 84282: obj =   1.301956612e+12 inf =   1.600e+00 (12662) 1
* 84385: obj =   1.301956594e+12 inf =   1.601e+00 (12677) 1
* 84491: obj =   1.301956590e+12 inf =   1.601e+00 (12683) 1
* 84599: obj =   1.301956587e+12 inf =   1.600e+00 (12662) 1
* 84701: obj =   1.301956545e+12 inf =   1.600e+00 (12672) 1
* 84805: obj =   1.301956510e+12 inf =   1.599e+00 (12647) 1
* 84914: obj =   1.301956484e+12 inf =   1.597e+00 (12671) 1
* 85019: obj =   1.301956479e+12 inf =   1.596e+00 (12660) 1
* 85122: obj =   1.301956442e+12 inf =   1.595e+00 (12647) 1
* 85225: obj =   1.301956397e+12 inf =   1.593e+00 (12649) 1
* 85325: obj =   1.301956375e+12 inf =   1.595e+00 (12645) 1
* 85428: obj =   1.301956367e+12 inf =   1.596e+00 (12647) 1
* 85529: obj =   1.301956360e+12 inf =   1.596e+00 (12643) 1
* 85635: obj =   1.301956359e+12 inf =   1.596e+00 (12632) 1
* 85742: obj =   1.301956347e+12 inf =   1.595e+00 (12618) 1
* 85846: obj =   1.301956340e+12 inf =   1.594e+00 (12632) 1
* 85946: obj =   1.301956304e+12 inf =   1.596e+00 (12618) 1
* 86041: obj =   1.301956266e+12 inf =   1.599e+00 (12620) 1
* 86142: obj =   1.301956248e+12 inf =   1.598e+00 (12638) 1
* 86244: obj =   1.301956238e+12 inf =   1.597e+00 (12621) 1
* 86342: obj =   1.301956206e+12 inf =   1.601e+00 (12621) 1
* 86440: obj =   1.301956174e+12 inf =   1.605e+00 (12645) 1
* 86542: obj =   1.301956174e+12 inf =   1.604e+00 (12641) 1
* 86642: obj =   1.301956152e+12 inf =   1.607e+00 (12630) 1
* 86744: obj =   1.301956112e+12 inf =   1.614e+00 (12617) 1
* 86853: obj =   1.301956110e+12 inf =   1.614e+00 (12610) 1
* 86955: obj =   1.301956074e+12 inf =   1.610e+00 (12604) 1
* 87060: obj =   1.301956044e+12 inf =   1.608e+00 (12594) 1
* 87161: obj =   1.301956026e+12 inf =   1.610e+00 (12606) 1
* 87259: obj =   1.301956022e+12 inf =   1.611e+00 (12604) 1
* 87367: obj =   1.301956006e+12 inf =   1.609e+00 (12619) 1
* 87476: obj =   1.301955993e+12 inf =   1.609e+00 (12620) 2
* 87580: obj =   1.301955989e+12 inf =   1.608e+00 (12634) 1
* 87680: obj =   1.301955970e+12 inf =   1.608e+00 (12636) 1
* 87779: obj =   1.301955937e+12 inf =   1.609e+00 (12650) 1
* 87880: obj =   1.301955915e+12 inf =   1.611e+00 (12635) 1
* 87981: obj =   1.301955910e+12 inf =   1.610e+00 (12591) 1
* 88082: obj =   1.301955881e+12 inf =   1.614e+00 (12613) 1
* 88185: obj =   1.301955854e+12 inf =   1.614e+00 (12592) 1
* 88285: obj =   1.301955827e+12 inf =   1.618e+00 (12595) 1
* 88387: obj =   1.301955822e+12 inf =   1.618e+00 (12591) 1
* 88488: obj =   1.301955787e+12 inf =   1.624e+00 (12607) 1
* 88589: obj =   1.301955763e+12 inf =   1.628e+00 (12605) 1
* 88690: obj =   1.301955746e+12 inf =   1.632e+00 (12600) 1
* 88791: obj =   1.301955745e+12 inf =   1.631e+00 (12589) 1
* 88897: obj =   1.301955745e+12 inf =   1.631e+00 (12582) 1
* 89003: obj =   1.301955737e+12 inf =   1.629e+00 (12580) 1
* 89110: obj =   1.301955736e+12 inf =   1.629e+00 (12564) 1
* 89211: obj =   1.301955704e+12 inf =   1.628e+00 (12568) 1
* 89303: obj =   1.301955653e+12 inf =   1.632e+00 (12571) 1
* 89405: obj =   1.301955649e+12 inf =   1.631e+00 (12583) 1
* 89511: obj =   1.301955634e+12 inf =   1.631e+00 (12567) 1
* 89617: obj =   1.301955630e+12 inf =   1.630e+00 (12553) 1
* 89723: obj =   1.301955628e+12 inf =   1.628e+00 (12544) 1
* 89830: obj =   1.301955627e+12 inf =   1.628e+00 (12552) 1
* 89939: obj =   1.301955627e+12 inf =   1.626e+00 (12575) 1
* 90043: obj =   1.301955615e+12 inf =   1.626e+00 (12576) 1
* 90144: obj =   1.301955552e+12 inf =   1.629e+00 (12561) 1
* 90242: obj =   1.301955517e+12 inf =   1.629e+00 (12527) 1
* 90346: obj =   1.301955514e+12 inf =   1.628e+00 (12537) 1
* 90439: obj =   1.301955441e+12 inf =   1.632e+00 (12548) 1
* 90541: obj =   1.301955431e+12 inf =   1.632e+00 (12568) 1
* 90645: obj =   1.301955425e+12 inf =   1.632e+00 (12550) 1
* 90747: obj =   1.301955416e+12 inf =   1.632e+00 (12545) 1
* 90847: obj =   1.301955403e+12 inf =   1.630e+00 (12556) 1
* 90944: obj =   1.301955399e+12 inf =   1.630e+00 (12543) 1
* 91052: obj =   1.301955398e+12 inf =   1.629e+00 (12541) 1
* 91155: obj =   1.301955376e+12 inf =   1.629e+00 (12536) 1
* 91262: obj =   1.301955346e+12 inf =   1.627e+00 (12518) 1
* 91358: obj =   1.301955303e+12 inf =   1.627e+00 (12513) 1
* 91463: obj =   1.301955295e+12 inf =   1.626e+00 (12500) 1
* 91570: obj =   1.301955291e+12 inf =   1.627e+00 (12498) 1
* 91677: obj =   1.301955287e+12 inf =   1.626e+00 (12512) 1
* 91787: obj =   1.301955286e+12 inf =   1.626e+00 (12498) 1
* 91896: obj =   1.301955286e+12 inf =   1.626e+00 (12508) 1
* 92000: obj =   1.301955277e+12 inf =   1.627e+00 (12514) 1
* 92100: obj =   1.301955266e+12 inf =   1.627e+00 (12509) 1
* 92204: obj =   1.301955232e+12 inf =   1.627e+00 (12525) 1
* 92305: obj =   1.301955212e+12 inf =   1.624e+00 (12500) 1
* 92409: obj =   1.301955185e+12 inf =   1.620e+00 (12513) 1
* 92510: obj =   1.301955184e+12 inf =   1.620e+00 (12495) 1
* 92611: obj =   1.301955153e+12 inf =   1.620e+00 (12507) 1
* 92710: obj =   1.301955116e+12 inf =   1.617e+00 (12509) 1
* 92813: obj =   1.301955090e+12 inf =   1.614e+00 (12498) 1
* 92921: obj =   1.301955087e+12 inf =   1.614e+00 (12515) 1
* 93026: obj =   1.301955087e+12 inf =   1.613e+00 (12500) 1
* 93127: obj =   1.301955074e+12 inf =   1.612e+00 (12488) 1
* 93232: obj =   1.301955061e+12 inf =   1.611e+00 (12489) 1
* 93335: obj =   1.301955050e+12 inf =   1.610e+00 (12489) 1
* 93438: obj =   1.301955022e+12 inf =   1.606e+00 (12481) 1
* 93539: obj =   1.301954998e+12 inf =   1.603e+00 (12462) 1
* 93644: obj =   1.301954998e+12 inf =   1.602e+00 (12477) 2
* 93750: obj =   1.301954990e+12 inf =   1.600e+00 (12465) 1
* 93855: obj =   1.301954990e+12 inf =   1.600e+00 (12440) 1
* 93960: obj =   1.301954970e+12 inf =   1.601e+00 (12450) 1
* 94064: obj =   1.301954958e+12 inf =   1.601e+00 (12478) 1
* 94167: obj =   1.301954939e+12 inf =   1.598e+00 (12486) 1
* 94269: obj =   1.301954912e+12 inf =   1.594e+00 (12484) 1
* 94375: obj =   1.301954905e+12 inf =   1.594e+00 (12495) 1
* 94481: obj =   1.301954886e+12 inf =   1.592e+00 (12471) 1
* 94588: obj =   1.301954886e+12 inf =   1.591e+00 (12472) 1
* 94692: obj =   1.299812979e+12 inf =   1.590e+00 (12490) 1
* 94794: obj =   1.299812965e+12 inf =   1.588e+00 (12496) 1
* 94887: obj =   1.299812929e+12 inf =   1.584e+00 (12492) 1
* 94981: obj =   1.299812923e+12 inf =   1.583e+00 (12504) 1
* 95075: obj =   1.299812906e+12 inf =   1.580e+00 (12493) 1
* 95170: obj =   1.299812874e+12 inf =   1.579e+00 (12493) 1
* 95266: obj =   1.299812839e+12 inf =   1.580e+00 (12472) 1
* 95365: obj =   1.299812838e+12 inf =   1.580e+00 (12483) 1
* 95465: obj =   1.299812834e+12 inf =   1.579e+00 (12472) 1
* 95570: obj =   1.299812832e+12 inf =   1.579e+00 (12464) 1
* 95672: obj =   1.299812831e+12 inf =   1.579e+00 (12477) 1
* 95773: obj =   1.299812831e+12 inf =   1.579e+00 (12491) 1
* 95876: obj =   1.299812830e+12 inf =   1.579e+00 (12485) 1
* 95983: obj =   1.299812829e+12 inf =   1.579e+00 (12454) 1
* 96086: obj =   1.299812823e+12 inf =   1.579e+00 (12457) 1
* 96189: obj =   1.299812808e+12 inf =   1.577e+00 (12460) 1
* 96283: obj =   1.299812791e+12 inf =   1.571e+00 (12474) 1
* 96382: obj =   1.299812775e+12 inf =   1.566e+00 (12472) 1
* 96474: obj =   1.299812744e+12 inf =   1.556e+00 (12477) 1
* 96575: obj =   1.299812730e+12 inf =   1.553e+00 (12437) 1
* 96677: obj =   1.299812724e+12 inf =   1.552e+00 (12436) 1
* 96778: obj =   1.299812724e+12 inf =   1.552e+00 (12447) 1
* 96879: obj =   1.299812714e+12 inf =   1.549e+00 (12433) 1
* 96980: obj =   1.299812706e+12 inf =   1.548e+00 (12415) 1
* 97082: obj =   1.299812690e+12 inf =   1.546e+00 (12445) 1
* 97183: obj =   1.299812663e+12 inf =   1.543e+00 (12443) 1
* 97284: obj =   1.299812647e+12 inf =   1.541e+00 (12433) 1
* 97385: obj =   1.299812635e+12 inf =   1.539e+00 (12425) 1
* 97486: obj =   1.299812623e+12 inf =   1.536e+00 (12416) 1
* 97587: obj =   1.299812610e+12 inf =   1.532e+00 (12430) 1
* 97688: obj =   1.299812592e+12 inf =   1.526e+00 (12419) 1
* 97790: obj =   1.299812575e+12 inf =   1.520e+00 (12404) 1
* 97892: obj =   1.299812566e+12 inf =   1.516e+00 (12409) 1
* 97993: obj =   1.299812555e+12 inf =   1.513e+00 (12398) 1
* 98095: obj =   1.299812541e+12 inf =   1.508e+00 (12414) 1
* 98196: obj =   1.299812498e+12 inf =   1.502e+00 (12417) 1
* 98297: obj =   1.299812480e+12 inf =   1.502e+00 (12420) 1
* 98398: obj =   1.299812446e+12 inf =   1.503e+00 (12411) 1
* 98499: obj =   1.299812424e+12 inf =   1.504e+00 (12413) 1
* 98600: obj =   1.299812403e+12 inf =   1.507e+00 (12419) 1
* 98701: obj =   1.299812375e+12 inf =   1.511e+00 (12418) 1
* 98802: obj =   1.299812362e+12 inf =   1.512e+00 (12423) 1
* 98903: obj =   1.299812321e+12 inf =   1.513e+00 (12406) 1
* 99004: obj =   1.299812293e+12 inf =   1.516e+00 (12420) 1
* 99105: obj =   1.299812269e+12 inf =   1.518e+00 (12408) 1
* 99206: obj =   1.299812246e+12 inf =   1.519e+00 (12414) 1
* 99308: obj =   1.299812241e+12 inf =   1.519e+00 (12389) 1
* 99410: obj =   1.299812236e+12 inf =   1.518e+00 (12403) 1
* 99509: obj =   1.299812194e+12 inf =   1.517e+00 (12412) 1
* 99610: obj =   1.299812170e+12 inf =   1.520e+00 (12410) 1
* 99711: obj =   1.299812144e+12 inf =   1.522e+00 (12415) 1
* 99812: obj =   1.299812113e+12 inf =   1.524e+00 (12415) 1
* 99913: obj =   1.299812098e+12 inf =   1.524e+00 (12399) 1
*100015: obj =   1.299812097e+12 inf =   1.524e+00 (12396) 1
*100116: obj =   1.299812085e+12 inf =   1.523e+00 (12400) 1
*100217: obj =   1.299812077e+12 inf =   1.522e+00 (12385) 1
*100318: obj =   1.299812052e+12 inf =   1.521e+00 (12390) 1
*100419: obj =   1.299812051e+12 inf =   1.521e+00 (12367) 1
*100520: obj =   1.299812036e+12 inf =   1.519e+00 (12371) 1
*100624: obj =   1.299812035e+12 inf =   1.519e+00 (12376) 1
*100728: obj =   1.299812035e+12 inf =   1.519e+00 (12368) 1
*100831: obj =   1.299797573e+12 inf =   1.518e+00 (12392) 1
*100930: obj =   1.299797572e+12 inf =   1.518e+00 (12383) 1
*101025: obj =   1.299797536e+12 inf =   1.518e+00 (12386) 1
*101126: obj =   1.299797534e+12 inf =   1.517e+00 (12362) 1
*101227: obj =   1.299797524e+12 inf =   1.519e+00 (12370) 1
*101328: obj =   1.299797516e+12 inf =   1.519e+00 (12371) 1
*101429: obj =   1.299797500e+12 inf =   1.522e+00 (12346) 1
*101565: obj =   1.285147864e+12 inf =   1.521e+00 (12447) 1
*101667: obj =   1.285147864e+12 inf =   1.521e+00 (12447) 1
*101768: obj =   1.285147860e+12 inf =   1.521e+00 (12439) 1
*101874: obj =   1.283679368e+12 inf =   1.521e+00 (12438) 1
*101975: obj =   1.283679357e+12 inf =   1.521e+00 (12449) 1
*102076: obj =   1.283679343e+12 inf =   1.522e+00 (12438) 1
*102177: obj =   1.283679329e+12 inf =   1.522e+00 (12440) 1
*102278: obj =   1.283679318e+12 inf =   1.521e+00 (12462) 1
*102379: obj =   1.283679317e+12 inf =   1.521e+00 (12430) 1
*102481: obj =   1.283679313e+12 inf =   1.520e+00 (12448) 1
*102582: obj =   1.283679302e+12 inf =   1.519e+00 (12448) 1
*102683: obj =   1.283679280e+12 inf =   1.515e+00 (12454) 1
*102784: obj =   1.283679272e+12 inf =   1.515e+00 (12444) 1
*102886: obj =   1.283594323e+12 inf =   1.514e+00 (12441) 1
*102987: obj =   1.283594316e+12 inf =   1.513e+00 (12438) 1
*103088: obj =   1.283594296e+12 inf =   1.510e+00 (12443) 1
*103189: obj =   1.283594282e+12 inf =   1.510e+00 (12425) 1
*103290: obj =   1.283594249e+12 inf =   1.507e+00 (12443) 1
*103391: obj =   1.283594219e+12 inf =   1.506e+00 (12454) 1
*103492: obj =   1.283594218e+12 inf =   1.506e+00 (12433) 1
*103593: obj =   1.283594195e+12 inf =   1.506e+00 (12417) 1
*103694: obj =   1.283594194e+12 inf =   1.506e+00 (12412) 1
*103795: obj =   1.283594193e+12 inf =   1.506e+00 (12385) 1
*103896: obj =   1.283594184e+12 inf =   1.503e+00 (12399) 1
*103997: obj =   1.283594181e+12 inf =   1.502e+00 (12396) 1
*104098: obj =   1.283578539e+12 inf =   1.496e+00 (12388) 1
*104199: obj =   1.283578535e+12 inf =   1.495e+00 (12409) 1
*104300: obj =   1.283578526e+12 inf =   1.492e+00 (12396) 1
*104401: obj =   1.283578524e+12 inf =   1.492e+00 (12385) 1
*104502: obj =   1.283578522e+12 inf =   1.491e+00 (12387) 1
*104603: obj =   1.283578479e+12 inf =   1.484e+00 (12373) 1
*104704: obj =   1.283578477e+12 inf =   1.484e+00 (12362) 1
*104805: obj =   1.283578476e+12 inf =   1.483e+00 (12372) 1
*104906: obj =   1.283578474e+12 inf =   1.482e+00 (12374) 1
*105007: obj =   1.283578474e+12 inf =   1.482e+00 (12355) 1
*105109: obj =   1.283578473e+12 inf =   1.482e+00 (12350) 1
*105211: obj =   1.283578463e+12 inf =   1.478e+00 (12360) 1
*105312: obj =   1.283578457e+12 inf =   1.476e+00 (12333) 1
*105414: obj =   1.283578447e+12 inf =   1.476e+00 (12306) 1
*105515: obj =   1.283578439e+12 inf =   1.475e+00 (12314) 1
*105616: obj =   1.283578427e+12 inf =   1.472e+00 (12327) 1
*105717: obj =   1.283578418e+12 inf =   1.469e+00 (12317) 1
*105818: obj =   1.283578336e+12 inf =   1.468e+00 (12300) 1
*105935: obj =   1.273627532e+12 inf =   1.467e+00 (12322) 1
*106036: obj =   1.273627515e+12 inf =   1.466e+00 (12340) 1
*106140: obj =   1.272202320e+12 inf =   1.464e+00 (12351) 1
*106241: obj =   1.272202309e+12 inf =   1.462e+00 (12335) 1
*106342: obj =   1.272202291e+12 inf =   1.456e+00 (12344) 1
*106443: obj =   1.272202278e+12 inf =   1.453e+00 (12337) 1
*106544: obj =   1.272202269e+12 inf =   1.451e+00 (12319) 1
*106645: obj =   1.272202267e+12 inf =   1.451e+00 (12300) 1
*106746: obj =   1.272202260e+12 inf =   1.450e+00 (12288) 1
*106851: obj =   1.269387769e+12 inf =   1.454e+00 (12293) 1
*106967: obj =   1.263819970e+12 inf =   1.453e+00 (12339) 1
*107068: obj =   1.263819959e+12 inf =   1.451e+00 (12334) 1
*107169: obj =   1.263819950e+12 inf =   1.452e+00 (12335) 1
*107270: obj =   1.263819928e+12 inf =   1.452e+00 (12326) 1
*107371: obj =   1.263819923e+12 inf =   1.451e+00 (12320) 1
*107472: obj =   1.263819920e+12 inf =   1.450e+00 (12326) 1
*107573: obj =   1.263819891e+12 inf =   1.450e+00 (12334) 1
*107676: obj =   1.263780223e+12 inf =   1.447e+00 (12338) 1
*107777: obj =   1.263780205e+12 inf =   1.447e+00 (12336) 1
*107889: obj =   1.259677409e+12 inf =   1.448e+00 (12323) 1
*108006: obj =   1.181741070e+12 inf =   1.448e+00 (12278) 1
*108112: obj =   1.153963084e+12 inf =   1.448e+00 (12284) 1
*108213: obj =   1.153963063e+12 inf =   1.446e+00 (12271) 1
*108314: obj =   1.153963057e+12 inf =   1.445e+00 (12267) 1
*108415: obj =   1.153963024e+12 inf =   1.444e+00 (12260) 1
*108516: obj =   1.153962983e+12 inf =   1.442e+00 (12261) 1
*108617: obj =   1.153962953e+12 inf =   1.442e+00 (12250) 1
*108718: obj =   1.153962907e+12 inf =   1.444e+00 (12234) 1
*108819: obj =   1.153962888e+12 inf =   1.445e+00 (12229) 1
*108920: obj =   1.153962874e+12 inf =   1.447e+00 (12254) 1
*109021: obj =   1.153962874e+12 inf =   1.447e+00 (12244) 1
*109122: obj =   1.153962860e+12 inf =   1.448e+00 (12253) 1
*109223: obj =   1.153962830e+12 inf =   1.450e+00 (12241) 1
*109324: obj =   1.153962812e+12 inf =   1.451e+00 (12222) 1
*109425: obj =   1.153962807e+12 inf =   1.450e+00 (12212) 1
*109526: obj =   1.153962798e+12 inf =   1.450e+00 (12236) 1
*109627: obj =   1.153962794e+12 inf =   1.450e+00 (12241) 1
*109728: obj =   1.153962792e+12 inf =   1.450e+00 (12238) 1
*109829: obj =   1.153962791e+12 inf =   1.450e+00 (12230) 1
*109930: obj =   1.153962783e+12 inf =   1.450e+00 (12210) 1
*110031: obj =   1.153962749e+12 inf =   1.454e+00 (12207) 1
*110132: obj =   1.153962734e+12 inf =   1.454e+00 (12213) 1
*110233: obj =   1.153962707e+12 inf =   1.457e+00 (12231) 1
*110334: obj =   1.153962650e+12 inf =   1.458e+00 (12237) 1
*110435: obj =   1.153962626e+12 inf =   1.459e+00 (12251) 1
*110536: obj =   1.153962617e+12 inf =   1.460e+00 (12247) 1
*110637: obj =   1.153962612e+12 inf =   1.459e+00 (12219) 1
*110738: obj =   1.153962612e+12 inf =   1.460e+00 (12207) 1
*110839: obj =   1.153962611e+12 inf =   1.460e+00 (12190) 1
*111085: obj =   1.153489234e+12 inf =   1.457e+00 (12423) 2
*111298: obj =   1.153481981e+12 inf =   1.440e+00 (12379) 2
*111503: obj =   1.153480009e+12 inf =   1.431e+00 (12351) 2
*111706: obj =   1.153478187e+12 inf =   1.406e+00 (12333) 2
*111908: obj =   1.153476500e+12 inf =   1.380e+00 (12314) 2
*112109: obj =   1.153474948e+12 inf =   1.354e+00 (12316) 2
*112315: obj =   1.153474142e+12 inf =   1.342e+00 (12292) 1
*112513: obj =   1.153473497e+12 inf =   1.327e+00 (12269) 2
*112710: obj =   1.153472598e+12 inf =   1.302e+00 (12262) 2
*112907: obj =   1.153471828e+12 inf =   1.277e+00 (12261) 2
*113102: obj =   1.153471064e+12 inf =   1.249e+00 (12269) 2
*113297: obj =   1.153470597e+12 inf =   1.233e+00 (12240) 2
*113497: obj =   1.153469882e+12 inf =   1.203e+00 (12205) 1
*113692: obj =   1.153469205e+12 inf =   1.175e+00 (12215) 2
*113881: obj =   1.153469017e+12 inf =   1.166e+00 (12201) 2
*114074: obj =   1.153468377e+12 inf =   1.137e+00 (12196) 2
*114268: obj =   1.153467840e+12 inf =   1.109e+00 (12168) 2
*114464: obj =   1.153467526e+12 inf =   1.092e+00 (12166) 1
*114654: obj =   1.153467132e+12 inf =   1.069e+00 (12146) 2
*114844: obj =   1.153466549e+12 inf =   1.030e+00 (12132) 2
*115036: obj =   1.153466256e+12 inf =   1.013e+00 (12118) 2
*115229: obj =   1.153465686e+12 inf =   9.800e-01 (12125) 2
*115425: obj =   1.153465439e+12 inf =   9.629e-01 (12106) 1
*115615: obj =   1.153464972e+12 inf =   9.291e-01 (12091) 2
*115804: obj =   1.153464554e+12 inf =   8.995e-01 (12067) 2
*115992: obj =   1.153464225e+12 inf =   8.739e-01 (12071) 2
*116185: obj =   1.153463885e+12 inf =   8.468e-01 (12078) 1
*116373: obj =   1.153463681e+12 inf =   8.315e-01 (12032) 2
*116560: obj =   1.153463570e+12 inf =   8.232e-01 (12018) 2
*116748: obj =   1.153463255e+12 inf =   7.989e-01 (12013) 2
*116934: obj =   1.153463090e+12 inf =   7.840e-01 (11990) 2
*117126: obj =   1.153462789e+12 inf =   7.592e-01 (11988) 1
*117313: obj =   1.153462440e+12 inf =   7.325e-01 (11973) 2
*117498: obj =   1.153462149e+12 inf =   7.129e-01 (11959) 2
*117683: obj =   1.153461813e+12 inf =   6.910e-01 (11940) 2
*117872: obj =   1.153461395e+12 inf =   6.620e-01 (11924) 1
*118056: obj =   1.153461082e+12 inf =   6.506e-01 (11924) 2
*118240: obj =   1.153460756e+12 inf =   6.466e-01 (11911) 2
*118422: obj =   1.153460257e+12 inf =   6.503e-01 (11900) 2
*118608: obj =   1.153459794e+12 inf =   6.767e-01 (11884) 1
*118787: obj =   1.153459448e+12 inf =   7.202e-01 (11856) 2
*118978: obj =   1.153459391e+12 inf =   7.256e-01 (11829) 2
*119190: obj =   1.153459147e+12 inf =   7.444e-01 (11832) 2
*119377: obj =   1.153458954e+12 inf =   7.900e-01 (11820) 2
*119583: obj =   1.153458900e+12 inf =   8.016e-01 (11799) 2
*119789: obj =   1.153458858e+12 inf =   8.081e-01 (11747) 2
*120000: obj =   1.153458754e+12 inf =   8.294e-01 (11740) 2
*120225: obj =   1.153458693e+12 inf =   8.428e-01 (11718) 2
*120426: obj =   1.153458449e+12 inf =   9.090e-01 (11735) 2
*120621: obj =   1.153458341e+12 inf =   9.433e-01 (11728) 1
*120857: obj =   1.153458330e+12 inf =   9.462e-01 (11711) 3
*121085: obj =   1.153458225e+12 inf =   9.807e-01 (11703) 2
*121297: obj =   1.153458170e+12 inf =   1.001e+00 (11677) 2
*121520: obj =   1.153458072e+12 inf =   1.042e+00 (11673) 2
*121762: obj =   1.153458052e+12 inf =   1.049e+00 (11674) 2
*122019: obj =   1.153457980e+12 inf =   1.073e+00 (11671) 2
*122232: obj =   1.153457905e+12 inf =   1.101e+00 (11660) 2
*122465: obj =   1.153457898e+12 inf =   1.104e+00 (11615) 2
*122740: obj =   1.153457881e+12 inf =   1.110e+00 (11597) 2
*123031: obj =   1.153457815e+12 inf =   1.109e+00 (11615) 3
*123292: obj =   1.153457784e+12 inf =   1.113e+00 (11603) 3
*123551: obj =   1.153457735e+12 inf =   1.124e+00 (11586) 2
*123803: obj =   1.153457643e+12 inf =   1.115e+00 (11572) 2
*124086: obj =   1.153457635e+12 inf =   1.114e+00 (11559) 3
*124318: obj =   1.153457520e+12 inf =   1.097e+00 (11553) 2
*124537: obj =   1.153457486e+12 inf =   1.092e+00 (11547) 2
*124820: obj =   1.153457479e+12 inf =   1.090e+00 (11520) 2
*125108: obj =   1.153457444e+12 inf =   1.095e+00 (11509) 3
*125394: obj =   1.153457434e+12 inf =   1.095e+00 (11506) 2
*125665: obj =   1.153457413e+12 inf =   1.089e+00 (11520) 2
*125950: obj =   1.153457365e+12 inf =   1.083e+00 (11475) 3
*126246: obj =   1.153457300e+12 inf =   1.076e+00 (11512) 2
*126463: obj =   1.153457232e+12 inf =   1.050e+00 (11492) 2
*126744: obj =   1.153457199e+12 inf =   1.047e+00 (11469) 3
*127033: obj =   1.153457129e+12 inf =   1.044e+00 (11479) 2
*127280: obj =   1.153457103e+12 inf =   1.036e+00 (11478) 3
*127555: obj =   1.153457082e+12 inf =   1.027e+00 (11458) 2
*127837: obj =   1.149493512e+12 inf =   1.019e+00 (11468) 2
*128137: obj =   1.132750098e+12 inf =   1.017e+00 (40902) 3
*128334: obj =   1.132745982e+12 inf =   1.040e+00 (40831) 2
*128529: obj =   1.132744468e+12 inf =   1.052e+00 (40763) 2
*128727: obj =   1.132742402e+12 inf =   1.071e+00 (40662) 2
*128907: obj =   1.132734780e+12 inf =   1.138e+00 (40598) 1
*129082: obj =   1.132730580e+12 inf =   1.176e+00 (40541) 2
*129268: obj =   1.132727402e+12 inf =   1.209e+00 (40461) 2
*129457: obj =   1.132725908e+12 inf =   1.225e+00 (40392) 2
*129646: obj =   1.132724006e+12 inf =   1.244e+00 (40355) 2
*129840: obj =   1.132722713e+12 inf =   1.257e+00 (40293) 2
*130032: obj =   1.132722349e+12 inf =   1.259e+00 (40235) 1
*130221: obj =   1.132720131e+12 inf =   1.282e+00 (40136) 2
*130402: obj =   1.132715059e+12 inf =   1.336e+00 (40056) 2
*130592: obj =   1.132713122e+12 inf =   1.358e+00 (39994) 2
*130792: obj =   1.132712805e+12 inf =   1.361e+00 (39926) 2
*130987: obj =   1.132712644e+12 inf =   1.361e+00 (39843) 2
*131178: obj =   1.132710591e+12 inf =   1.387e+00 (39773) 2
*131383: obj =   1.132709625e+12 inf =   1.398e+00 (39713) 2
*131583: obj =   1.132707527e+12 inf =   1.424e+00 (39645) 2
*131784: obj =   1.132704653e+12 inf =   1.462e+00 (39571) 2
*131999: obj =   1.132703857e+12 inf =   1.473e+00 (39478) 2
*132225: obj =   1.132703396e+12 inf =   1.478e+00 (39418) 2
*132450: obj =   1.132702949e+12 inf =   1.483e+00 (39353) 2
*132672: obj =   1.132701979e+12 inf =   1.496e+00 (39301) 3
*132881: obj =   1.132700366e+12 inf =   1.520e+00 (39236) 2
*133089: obj =   1.132700036e+12 inf =   1.524e+00 (39207) 2
*133319: obj =   1.132699996e+12 inf =   1.523e+00 (39108) 2
*133562: obj =   1.132699981e+12 inf =   1.521e+00 (39068) 2
*133817: obj =   1.132699969e+12 inf =   1.519e+00 (39003) 3
*134071: obj =   1.132699843e+12 inf =   1.518e+00 (38937) 2
*134318: obj =   1.132699824e+12 inf =   1.516e+00 (38862) 3
*134586: obj =   1.132699615e+12 inf =   1.514e+00 (38796) 2
*134832: obj =   1.132699341e+12 inf =   1.517e+00 (38791) 3
*135061: obj =   1.132699114e+12 inf =   1.519e+00 (38740) 2
*135304: obj =   1.132699034e+12 inf =   1.517e+00 (38716) 3
*135564: obj =   1.132698897e+12 inf =   1.518e+00 (38687) 2
*135804: obj =   1.132698882e+12 inf =   1.517e+00 (38627) 3
*136060: obj =   1.132698618e+12 inf =   1.515e+00 (38593) 2
*136322: obj =   1.132698546e+12 inf =   1.513e+00 (38523) 3
*136565: obj =   1.132698087e+12 inf =   1.519e+00 (38472) 2
*136824: obj =   1.132697425e+12 inf =   1.523e+00 (38430) 3
*137126: obj =   1.132696922e+12 inf =   1.524e+00 (38418) 2
*137427: obj =   1.132696670e+12 inf =   1.524e+00 (38387) 3
*137731: obj =   1.132696150e+12 inf =   1.525e+00 (38298) 3
*138026: obj =   1.132695380e+12 inf =   1.521e+00 (38242) 3
*138318: obj =   1.132694606e+12 inf =   1.518e+00 (38203) 3
*138614: obj =   1.132693533e+12 inf =   1.517e+00 (38167) 3
*138897: obj =   1.132693270e+12 inf =   1.518e+00 (38153) 3
*139202: obj =   1.132691708e+12 inf =   1.518e+00 (38109) 3
*139500: obj =   1.132691359e+12 inf =   1.517e+00 (38061) 3
*139780: obj =   1.132690912e+12 inf =   1.514e+00 (38048) 2
*140069: obj =   1.132689264e+12 inf =   1.509e+00 (37994) 3
*140368: obj =   1.132688369e+12 inf =   1.508e+00 (37955) 3
*140664: obj =   1.132687849e+12 inf =   1.506e+00 (37923) 3
*140938: obj =   1.132687650e+12 inf =   1.504e+00 (37873) 3
*141237: obj =   1.132686520e+12 inf =   1.501e+00 (37835) 2
*141529: obj =   1.132685952e+12 inf =   1.501e+00 (37797) 3
*141835: obj =   1.132684645e+12 inf =   1.499e+00 (37727) 3
*142120: obj =   1.132683967e+12 inf =   1.497e+00 (37685) 3
*142412: obj =   1.132683800e+12 inf =   1.496e+00 (37634) 3
*142700: obj =   1.132682538e+12 inf =   1.490e+00 (37594) 3
*142998: obj =   1.132681771e+12 inf =   1.488e+00 (37544) 3
*143306: obj =   1.132680002e+12 inf =   1.484e+00 (37499) 3
*143613: obj =   1.132677450e+12 inf =   1.479e+00 (37447) 3
*143874: obj =   1.132677129e+12 inf =   1.470e+00 (37422) 2
*144135: obj =   1.132676872e+12 inf =   1.463e+00 (37407) 3
*144436: obj =   1.132675929e+12 inf =   1.460e+00 (37344) 3
*144720: obj =   1.132675507e+12 inf =   1.459e+00 (37315) 3
*145030: obj =   1.132671925e+12 inf =   1.455e+00 (37227) 3
*145324: obj =   1.132671785e+12 inf =   1.454e+00 (37171) 2
*145580: obj =   1.132671368e+12 inf =   1.444e+00 (37142) 3
*145874: obj =   1.132670691e+12 inf =   1.442e+00 (37094) 3
*146182: obj =   1.132669009e+12 inf =   1.439e+00 (37054) 3
*146454: obj =   1.132668827e+12 inf =   1.432e+00 (37038) 2
*146680: obj =   1.132668412e+12 inf =   1.412e+00 (37015) 3
*146917: obj =   1.132668029e+12 inf =   1.395e+00 (36973) 2
*147199: obj =   1.132667234e+12 inf =   1.384e+00 (36905) 3
*147496: obj =   1.132666806e+12 inf =   1.382e+00 (36871) 3
*147804: obj =   1.132665126e+12 inf =   1.378e+00 (36816) 3
*148076: obj =   1.132664883e+12 inf =   1.367e+00 (36792) 2
*148359: obj =   1.132664389e+12 inf =   1.360e+00 (36748) 3
*148666: obj =   1.132663754e+12 inf =   1.358e+00 (36691) 3
*148976: obj =   1.132661180e+12 inf =   1.353e+00 (36628) 3
*149250: obj =   1.132661127e+12 inf =   1.350e+00 (36606) 3
*149553: obj =   1.132660744e+12 inf =   1.348e+00 (36569) 3
*149834: obj =   1.132660630e+12 inf =   1.343e+00 (36537) 2
*150142: obj =   1.132658316e+12 inf =   1.338e+00 (36469) 3
*150409: obj =   1.132658180e+12 inf =   1.335e+00 (36434) 3
*150661: obj =   1.132657841e+12 inf =   1.321e+00 (36437) 3
*150971: obj =   1.132657372e+12 inf =   1.319e+00 (36361) 3
*151259: obj =   1.132657299e+12 inf =   1.320e+00 (36292) 2
*151547: obj =   1.132657107e+12 inf =   1.321e+00 (36260) 3
*151848: obj =   1.131883625e+12 inf =   1.320e+00 (17364) 3
*152118: obj =   1.131883572e+12 inf =   1.319e+00 (17263) 3
*152354: obj =   1.131883124e+12 inf =   1.316e+00 (17129) 2
*152573: obj =   1.131881838e+12 inf =   1.314e+00 (17036) 2
*152787: obj =   1.131880742e+12 inf =   1.313e+00 (16969) 2
*152980: obj =   1.131880071e+12 inf =   1.317e+00 (16915) 2
*153176: obj =   1.131879362e+12 inf =   1.317e+00 (16865) 2
*153380: obj =   1.131878890e+12 inf =   1.317e+00 (16806) 2
*153578: obj =   1.131878216e+12 inf =   1.319e+00 (16745) 2
*153770: obj =   1.131877780e+12 inf =   1.321e+00 (16679) 2
*153975: obj =   1.131877740e+12 inf =   1.320e+00 (16608) 2
*154176: obj =   1.131877071e+12 inf =   1.318e+00 (16556) 1
*154365: obj =   1.131876638e+12 inf =   1.318e+00 (16504) 2
*154552: obj =   1.131875888e+12 inf =   1.323e+00 (16469) 2
*154731: obj =   1.131875395e+12 inf =   1.326e+00 (16442) 2
*154918: obj =   1.131874528e+12 inf =   1.335e+00 (16384) 1
*155102: obj =   1.131874174e+12 inf =   1.338e+00 (16330) 2
*155295: obj =   1.131873453e+12 inf =   1.351e+00 (16286) 2
*155481: obj =   1.131873051e+12 inf =   1.359e+00 (16252) 2
*155668: obj =   1.131872762e+12 inf =   1.363e+00 (16209) 2
*155851: obj =   1.131872434e+12 inf =   1.371e+00 (16161) 1
*156031: obj =   1.131871902e+12 inf =   1.388e+00 (16088) 2
*156209: obj =   1.131871298e+12 inf =   1.410e+00 (16052) 2
*156402: obj =   1.131871110e+12 inf =   1.415e+00 (16032) 1
*156590: obj =   1.131870518e+12 inf =   1.432e+00 (15984) 2
*156766: obj =   1.131870219e+12 inf =   1.446e+00 (15965) 2
*156964: obj =   1.131869768e+12 inf =   1.452e+00 (15915) 2
*157142: obj =   1.131869628e+12 inf =   1.458e+00 (15873) 2
*157332: obj =   1.131869266e+12 inf =   1.472e+00 (15809) 1
*157510: obj =   1.131868919e+12 inf =   1.487e+00 (15768) 2
*157694: obj =   1.131868587e+12 inf =   1.505e+00 (15712) 2
*157895: obj =   1.131868446e+12 inf =   1.510e+00 (15676) 2
*158100: obj =   1.131868203e+12 inf =   1.520e+00 (15647) 2
*158300: obj =   1.131867729e+12 inf =   1.557e+00 (15608) 2
*158491: obj =   1.131867522e+12 inf =   1.579e+00 (15558) 1
*158702: obj =   1.131867345e+12 inf =   1.591e+00 (15511) 2
*158900: obj =   1.131867198e+12 inf =   1.609e+00 (15478) 2
*159121: obj =   1.131867103e+12 inf =   1.621e+00 (15462) 2
*159356: obj =   1.131866866e+12 inf =   1.607e+00 (15427) 2
*159636: obj =   1.131866833e+12 inf =   1.606e+00 (15389) 3
*159895: obj =   1.131866563e+12 inf =   1.592e+00 (15377) 2
*160111: obj =   1.131866274e+12 inf =   1.556e+00 (15348) 2
*160306: obj =   1.131866101e+12 inf =   1.531e+00 (15320) 2
*160523: obj =   1.131865873e+12 inf =   1.505e+00 (15316) 2
*160708: obj =   1.131865750e+12 inf =   1.483e+00 (15300) 2
*160900: obj =   1.131865506e+12 inf =   1.452e+00 (15280) 2
*161097: obj =   1.131865262e+12 inf =   1.423e+00 (15256) 2
*161298: obj =   1.131865060e+12 inf =   1.406e+00 (15281) 2
*161490: obj =   1.131864821e+12 inf =   1.391e+00 (15260) 2
*161688: obj =   1.131864757e+12 inf =   1.382e+00 (15231) 1
*161919: obj =   1.131864623e+12 inf =   1.363e+00 (15191) 3
*162188: obj =   1.131864594e+12 inf =   1.361e+00 (15144) 2
*162459: obj =   1.131864505e+12 inf =   1.353e+00 (15141) 3
*162724: obj =   1.131864352e+12 inf =   1.343e+00 (15108) 2
*162967: obj =   1.131864102e+12 inf =   1.335e+00 (15118) 2
*163159: obj =   1.131863911e+12 inf =   1.349e+00 (15107) 2
*163347: obj =   1.131863832e+12 inf =   1.355e+00 (15095) 2
*163553: obj =   1.131863625e+12 inf =   1.362e+00 (15077) 2
*163781: obj =   1.131863596e+12 inf =   1.364e+00 (15045) 2
*164017: obj =   1.131863471e+12 inf =   1.353e+00 (15042) 2
*164215: obj =   1.131863336e+12 inf =   1.338e+00 (15033) 2
*164420: obj =   1.131863274e+12 inf =   1.328e+00 (15027) 2
*164612: obj =   1.131863155e+12 inf =   1.310e+00 (14987) 2
*164886: obj =   1.131863109e+12 inf =   1.303e+00 (14971) 2
*165078: obj =   1.131862820e+12 inf =   1.274e+00 (14956) 2
*165270: obj =   1.131862633e+12 inf =   1.256e+00 (14950) 2
*165508: obj =   1.131862528e+12 inf =   1.247e+00 (14928) 2
*165719: obj =   1.131862423e+12 inf =   1.247e+00 (14936) 2
*165896: obj =   1.131862281e+12 inf =   1.262e+00 (14950) 2
*166126: obj =   1.131862199e+12 inf =   1.274e+00 (14904) 2
*166345: obj =   1.131862077e+12 inf =   1.285e+00 (14882) 2
*166557: obj =   1.131862060e+12 inf =   1.289e+00 (14888) 2
*166832: obj =   1.131862058e+12 inf =   1.289e+00 (14869) 2
*167049: obj =   1.131861969e+12 inf =   1.288e+00 (14850) 3
*167263: obj =   1.131861815e+12 inf =   1.282e+00 (14830) 2
*167479: obj =   1.131861688e+12 inf =   1.294e+00 (14831) 2
*167718: obj =   1.131861651e+12 inf =   1.302e+00 (14807) 2
*167981: obj =   1.131861623e+12 inf =   1.300e+00 (14756) 2
*168189: obj =   1.131861516e+12 inf =   1.289e+00 (14737) 2
*168409: obj =   1.131861438e+12 inf =   1.297e+00 (14739) 2
*168673: obj =   1.131861410e+12 inf =   1.293e+00 (14706) 3
*168928: obj =   1.131861374e+12 inf =   1.285e+00 (14686) 2
*169130: obj =   1.131861344e+12 inf =   1.276e+00 (14671) 2
*169356: obj =   1.131861296e+12 inf =   1.265e+00 (14659) 2
*169612: obj =   1.131861254e+12 inf =   1.263e+00 (14623) 2
*169803: obj =   1.131861204e+12 inf =   1.280e+00 (14601) 2
*170040: obj =   1.131861158e+12 inf =   1.294e+00 (14551) 2
*170282: obj =   1.131861133e+12 inf =   1.280e+00 (14525) 2
*170498: obj =   1.131861089e+12 inf =   1.252e+00 (14500) 2
*170788: obj =   1.131861029e+12 inf =   1.249e+00 (14508) 3
*171081: obj =   1.131861007e+12 inf =   1.249e+00 (14477) 2
*171339: obj =   1.131860983e+12 inf =   1.241e+00 (14441) 2
*171533: obj =   1.131860954e+12 inf =   1.247e+00 (14434) 2
*171757: obj =   1.131860918e+12 inf =   1.255e+00 (14368) 2
*172044: obj =   1.131860888e+12 inf =   1.253e+00 (14344) 3
*172290: obj =   1.131860868e+12 inf =   1.249e+00 (14323) 2
*172506: obj =   1.131860836e+12 inf =   1.227e+00 (14307) 2
*172743: obj =   1.131860804e+12 inf =   1.216e+00 (14254) 2
*173023: obj =   1.131860773e+12 inf =   1.217e+00 (14202) 2
*173229: obj =   1.131860731e+12 inf =   1.232e+00 (14172) 2
*173470: obj =   1.131860716e+12 inf =   1.227e+00 (14106) 2
*173738: obj =   1.131860662e+12 inf =   1.216e+00 (14131) 2
*173966: obj =   1.131860632e+12 inf =   1.226e+00 (14107) 2
*174195: obj =   1.131860607e+12 inf =   1.237e+00 (14139) 2
*174437: obj =   1.131860599e+12 inf =   1.232e+00 (14103) 2
*174674: obj =   1.131860576e+12 inf =   1.230e+00 (14045) 2
*174890: obj =   1.131860538e+12 inf =   1.237e+00 (14032) 2
*175183: obj =   1.131860502e+12 inf =   1.238e+00 (13920) 3
*175392: obj =   1.131860480e+12 inf =   1.241e+00 (13922) 1
*175603: obj =   1.131860455e+12 inf =   1.245e+00 (13893) 2
*175876: obj =   1.130970543e+12 inf =   1.238e+00 (13840) 3
*176114: obj =   1.128236572e+12 inf =   1.224e+00 (39248) 1
*176307: obj =   1.128234050e+12 inf =   1.203e+00 (39187) 2
*176474: obj =   1.128232194e+12 inf =   1.188e+00 (39137) 2
*176642: obj =   1.128229802e+12 inf =   1.167e+00 (39084) 2
*176812: obj =   1.128226763e+12 inf =   1.147e+00 (39014) 1
*176978: obj =   1.128223226e+12 inf =   1.131e+00 (38971) 2
*177148: obj =   1.128219791e+12 inf =   1.129e+00 (38943) 2
*177343: obj =   1.128219065e+12 inf =   1.132e+00 (38860) 2
*177525: obj =   1.128217640e+12 inf =   1.145e+00 (38774) 1
*177695: obj =   1.128216279e+12 inf =   1.166e+00 (38702) 2
*177903: obj =   1.128216140e+12 inf =   1.169e+00 (38607) 2
*178126: obj =   1.128215896e+12 inf =   1.171e+00 (38533) 2
*178345: obj =   1.128215683e+12 inf =   1.173e+00 (38434) 3
*178576: obj =   1.128215191e+12 inf =   1.176e+00 (38359) 2
*178781: obj =   1.128214786e+12 inf =   1.178e+00 (38274) 2
*178996: obj =   1.128214508e+12 inf =   1.180e+00 (38198) 2
*179220: obj =   1.128214158e+12 inf =   1.182e+00 (38115) 2
*179474: obj =   1.128214012e+12 inf =   1.181e+00 (38013) 3
*179726: obj =   1.128213854e+12 inf =   1.179e+00 (37943) 2
*179974: obj =   1.128213787e+12 inf =   1.179e+00 (37855) 3
*180226: obj =   1.128213520e+12 inf =   1.176e+00 (37744) 2
*180477: obj =   1.128213087e+12 inf =   1.171e+00 (37677) 3
*180738: obj =   1.128212569e+12 inf =   1.165e+00 (37571) 2
*180999: obj =   1.128212337e+12 inf =   1.163e+00 (37513) 3
*181274: obj =   1.128211444e+12 inf =   1.155e+00 (37466) 2
*181538: obj =   1.128210967e+12 inf =   1.150e+00 (37347) 3
*181791: obj =   1.128210255e+12 inf =   1.145e+00 (37245) 2
*182052: obj =   1.128210074e+12 inf =   1.143e+00 (37176) 3
*182316: obj =   1.128209468e+12 inf =   1.136e+00 (37115) 3
*182575: obj =   1.128208951e+12 inf =   1.134e+00 (37075) 2
*182816: obj =   1.128208660e+12 inf =   1.130e+00 (36973) 3
*183100: obj =   1.128208148e+12 inf =   1.126e+00 (36932) 2
*183362: obj =   1.128207837e+12 inf =   1.122e+00 (36878) 3
*183641: obj =   1.128207610e+12 inf =   1.120e+00 (36796) 3
*183911: obj =   1.128207508e+12 inf =   1.120e+00 (36777) 2
*184152: obj =   1.128207182e+12 inf =   1.118e+00 (36748) 3
*184432: obj =   1.128206945e+12 inf =   1.116e+00 (36667) 3
*184714: obj =   1.128206789e+12 inf =   1.115e+00 (36619) 2
*184975: obj =   1.128206585e+12 inf =   1.111e+00 (36572) 3
*185269: obj =   1.128206440e+12 inf =   1.109e+00 (36501) 3
*185556: obj =   1.128206342e+12 inf =   1.108e+00 (36452) 3
*185857: obj =   1.128206216e+12 inf =   1.106e+00 (36398) 3
*186153: obj =   1.128205892e+12 inf =   1.103e+00 (36357) 2
*186443: obj =   1.128205799e+12 inf =   1.102e+00 (36292) 3
*186729: obj =   1.128205502e+12 inf =   1.100e+00 (36197) 3
*187032: obj =   1.128205417e+12 inf =   1.098e+00 (36123) 3
*187312: obj =   1.128205392e+12 inf =   1.096e+00 (36036) 3
*187609: obj =   1.128205349e+12 inf =   1.095e+00 (35925) 3
*187918: obj =   1.128205158e+12 inf =   1.093e+00 (35879) 3
*188223: obj =   1.128204830e+12 inf =   1.090e+00 (35780) 3
*188524: obj =   1.128204797e+12 inf =   1.089e+00 (35655) 3
*188832: obj =   1.128204386e+12 inf =   1.087e+00 (35580) 2
*189144: obj =   1.128204029e+12 inf =   1.086e+00 (35510) 3
*189438: obj =   1.128203897e+12 inf =   1.084e+00 (35447) 3
*189758: obj =   1.128203500e+12 inf =   1.082e+00 (35354) 3
*190068: obj =   1.128203088e+12 inf =   1.079e+00 (35268) 4
*190369: obj =   1.128202891e+12 inf =   1.078e+00 (35212) 3
*190677: obj =   1.128202347e+12 inf =   1.076e+00 (35126) 3
*191002: obj =   1.128201642e+12 inf =   1.072e+00 (34967) 2
*191301: obj =   1.128201626e+12 inf =   1.071e+00 (34907) 2
*191613: obj =   1.128201551e+12 inf =   1.069e+00 (34765) 2
*191908: obj =   1.128201528e+12 inf =   1.066e+00 (34759) 2
*192183: obj =   1.128201494e+12 inf =   1.063e+00 (34704) 2
*192457: obj =   1.128201462e+12 inf =   1.059e+00 (34652) 2
*192737: obj =   1.128201385e+12 inf =   1.057e+00 (34567) 2
*193008: obj =   1.128201333e+12 inf =   1.055e+00 (34550) 2
*193261: obj =   1.128201282e+12 inf =   1.057e+00 (34507) 1
*193526: obj =   1.128201265e+12 inf =   1.055e+00 (34387) 3
*193797: obj =   1.128201231e+12 inf =   1.051e+00 (34332) 2
*194045: obj =   1.128201166e+12 inf =   1.054e+00 (34322) 2
*194288: obj =   1.128201114e+12 inf =   1.057e+00 (34265) 2
*194540: obj =   1.128201049e+12 inf =   1.067e+00 (34220) 2
*194788: obj =   1.128200992e+12 inf =   1.070e+00 (34159) 2
*195028: obj =   1.128200897e+12 inf =   1.092e+00 (34144) 1
*195263: obj =   1.128200810e+12 inf =   1.106e+00 (34153) 2
*195516: obj =   1.128200735e+12 inf =   1.104e+00 (34066) 2
*195764: obj =   1.128200591e+12 inf =   1.113e+00 (34017) 2
*196031: obj =   1.128200528e+12 inf =   1.111e+00 (33988) 1
*196265: obj =   1.128200487e+12 inf =   1.115e+00 (33882) 2
*196518: obj =   1.128200361e+12 inf =   1.119e+00 (33865) 2
*196737: obj =   1.128200227e+12 inf =   1.126e+00 (33806) 2
*196974: obj =   1.128200197e+12 inf =   1.133e+00 (33775) 2
*197218: obj =   1.128200167e+12 inf =   1.129e+00 (33750) 2
*197454: obj =   1.128200064e+12 inf =   1.139e+00 (33681) 2
*197685: obj =   1.128200002e+12 inf =   1.146e+00 (33640) 2
*197932: obj =   1.128199922e+12 inf =   1.150e+00 (33558) 2
*198165: obj =   1.128199810e+12 inf =   1.148e+00 (33536) 1
*198404: obj =   1.128199687e+12 inf =   1.152e+00 (33478) 2
*198626: obj =   1.128199452e+12 inf =   1.169e+00 (33489) 2
*198875: obj =   1.128199420e+12 inf =   1.168e+00 (33462) 2
*199115: obj =   1.128199320e+12 inf =   1.173e+00 (33467) 2
*199313: obj =   1.128199288e+12 inf =   1.176e+00 (33445) 2
*199589: obj =   1.128199247e+12 inf =   1.175e+00 (33369) 2
*199826: obj =   1.128199164e+12 inf =   1.180e+00 (33273) 2
*200043: obj =   1.128199075e+12 inf =   1.187e+00 (33267) 2
*200278: obj =   1.128198893e+12 inf =   1.191e+00 (33313) 2
*200540: obj =   1.128198806e+12 inf =   1.190e+00 (33257) 2
*200770: obj =   1.128198676e+12 inf =   1.198e+00 (33193) 2
*201009: obj =   1.128198502e+12 inf =   1.200e+00 (33182) 1
*201213: obj =   1.128198459e+12 inf =   1.223e+00 (33134) 2
*201437: obj =   1.128198447e+12 inf =   1.220e+00 (33140) 2
*201682: obj =   1.128198239e+12 inf =   1.224e+00 (33064) 2
*201879: obj =   1.128198069e+12 inf =   1.239e+00 (33019) 2
*202111: obj =   1.128197865e+12 inf =   1.253e+00 (33006) 2
*202335: obj =   1.128197821e+12 inf =   1.266e+00 (32946) 1
*202601: obj =   1.128197688e+12 inf =   1.268e+00 (32937) 3
*202796: obj =   1.128197507e+12 inf =   1.290e+00 (32857) 1
*203025: obj =   1.128197168e+12 inf =   1.308e+00 (32862) 2
*203240: obj =   1.128197077e+12 inf =   1.316e+00 (32787) 2
*203483: obj =   1.128196866e+12 inf =   1.309e+00 (32736) 2
*203691: obj =   1.128196819e+12 inf =   1.318e+00 (32644) 2
*203932: obj =   1.128196351e+12 inf =   1.337e+00 (32593) 2
*204161: obj =   1.128196215e+12 inf =   1.345e+00 (32568) 1
*204394: obj =   1.128196196e+12 inf =   1.351e+00 (32520) 2
*204667: obj =   1.128196140e+12 inf =   1.349e+00 (32419) 3
*204882: obj =   1.128195992e+12 inf =   1.364e+00 (32405) 1
*205074: obj =   1.128195725e+12 inf =   1.383e+00 (32408) 2
*205308: obj =   1.128195542e+12 inf =   1.390e+00 (32336) 2
*205512: obj =   1.128194948e+12 inf =   1.404e+00 (32303) 1
*205716: obj =   1.128194554e+12 inf =   1.416e+00 (32314) 2
*205961: obj =   1.128194243e+12 inf =   1.421e+00 (32237) 2
*206178: obj =   1.128194092e+12 inf =   1.432e+00 (32142) 2
*206393: obj =   1.128193981e+12 inf =   1.431e+00 (32100) 2
*206605: obj =   1.128193711e+12 inf =   1.454e+00 (32100) 2
*206840: obj =   1.128193378e+12 inf =   1.458e+00 (32083) 2
*207058: obj =   1.128193187e+12 inf =   1.472e+00 (32058) 1
*207269: obj =   1.128193048e+12 inf =   1.478e+00 (31956) 2
*207504: obj =   1.128193024e+12 inf =   1.477e+00 (31911) 3
*207760: obj =   1.128192826e+12 inf =   1.469e+00 (31850) 2
*207971: obj =   1.128192292e+12 inf =   1.469e+00 (31829) 1
*208160: obj =   1.128191803e+12 inf =   1.479e+00 (31802) 2
*208387: obj =   1.128191637e+12 inf =   1.479e+00 (31803) 2
*208642: obj =   1.128191201e+12 inf =   1.482e+00 (31673) 1
*208871: obj =   1.128190854e+12 inf =   1.491e+00 (31620) 2
*209081: obj =   1.128190485e+12 inf =   1.508e+00 (31637) 1
*209282: obj =   1.128190321e+12 inf =   1.521e+00 (31649) 2
*209527: obj =   1.128189978e+12 inf =   1.523e+00 (31569) 2
*209761: obj =   1.128189520e+12 inf =   1.528e+00 (31510) 2
*209975: obj =   1.128189006e+12 inf =   1.543e+00 (31461) 2
*210202: obj =   1.128188684e+12 inf =   1.546e+00 (31397) 1
*210415: obj =   1.128188654e+12 inf =   1.551e+00 (31344) 3
*210646: obj =   1.128188387e+12 inf =   1.547e+00 (31294) 1
*210846: obj =   1.128187772e+12 inf =   1.560e+00 (31266) 2
*211046: obj =   1.128187213e+12 inf =   1.577e+00 (31254) 2
*211264: obj =   1.128186873e+12 inf =   1.584e+00 (31217) 1
*211486: obj =   1.128186732e+12 inf =   1.594e+00 (31158) 3
*211707: obj =   1.128186395e+12 inf =   1.593e+00 (31087) 1
*211907: obj =   1.128185874e+12 inf =   1.597e+00 (31051) 2
*212131: obj =   1.128185132e+12 inf =   1.604e+00 (31037) 2
*212334: obj =   1.128184886e+12 inf =   1.609e+00 (30982) 2
*212554: obj =   1.128184339e+12 inf =   1.629e+00 (30968) 1
*212750: obj =   1.128183771e+12 inf =   1.640e+00 (30939) 2
*212946: obj =   1.128182901e+12 inf =   1.650e+00 (30935) 2
*213153: obj =   1.128181738e+12 inf =   1.663e+00 (30917) 1
*213359: obj =   1.128181484e+12 inf =   1.670e+00 (30849) 2
*213577: obj =   1.128181467e+12 inf =   1.664e+00 (30815) 2
*213803: obj =   1.128180533e+12 inf =   1.668e+00 (30744) 2
*213993: obj =   1.128179885e+12 inf =   1.690e+00 (30721) 2
*214206: obj =   1.128179190e+12 inf =   1.694e+00 (30674) 2
*214450: obj =   1.128179034e+12 inf =   1.699e+00 (30622) 2
*214668: obj =   1.128178254e+12 inf =   1.708e+00 (30578) 2
*214873: obj =   1.128177029e+12 inf =   1.718e+00 (30529) 1
*215077: obj =   1.128176635e+12 inf =   1.718e+00 (30507) 2
*215293: obj =   1.128175956e+12 inf =   1.720e+00 (30443) 2
*215521: obj =   1.128175351e+12 inf =   1.728e+00 (30410) 2
*215729: obj =   1.128174736e+12 inf =   1.733e+00 (30362) 2
*215928: obj =   1.128173647e+12 inf =   1.743e+00 (30335) 1
*216120: obj =   1.128172654e+12 inf =   1.752e+00 (30318) 2
*216322: obj =   1.128172075e+12 inf =   1.754e+00 (30288) 1
*216535: obj =   1.128172037e+12 inf =   1.750e+00 (30238) 3
*216751: obj =   1.128171132e+12 inf =   1.752e+00 (30167) 1
*216952: obj =   1.128170063e+12 inf =   1.762e+00 (30125) 2
*217151: obj =   1.128169004e+12 inf =   1.768e+00 (30108) 2
*217351: obj =   1.128168465e+12 inf =   1.781e+00 (30101) 2
*217595: obj =   1.128167817e+12 inf =   1.772e+00 (30017) 2
*217801: obj =   1.128167060e+12 inf =   1.774e+00 (29959) 1
*218012: obj =   1.128166420e+12 inf =   1.772e+00 (29880) 2
*218234: obj =   1.128165920e+12 inf =   1.770e+00 (29882) 2
*218475: obj =   1.128165302e+12 inf =   1.773e+00 (29817) 2
*218662: obj =   1.128164374e+12 inf =   1.776e+00 (29769) 2
*218880: obj =   1.128163632e+12 inf =   1.775e+00 (29704) 2
*219092: obj =   1.128162786e+12 inf =   1.773e+00 (29647) 2
*219296: obj =   1.128161851e+12 inf =   1.774e+00 (29618) 2
*219534: obj =   1.128161414e+12 inf =   1.776e+00 (29656) 2
*219735: obj =   1.128160837e+12 inf =   1.778e+00 (29548) 2
*219960: obj =   1.128160144e+12 inf =   1.779e+00 (29491) 2
*220176: obj =   1.128158803e+12 inf =   1.780e+00 (29414) 1
*220386: obj =   1.128158753e+12 inf =   1.778e+00 (29384) 2
*220619: obj =   1.128157930e+12 inf =   1.776e+00 (29388) 2
*220818: obj =   1.128157341e+12 inf =   1.776e+00 (29259) 2
*221042: obj =   1.128156366e+12 inf =   1.769e+00 (29209) 2
*221228: obj =   1.128155404e+12 inf =   1.777e+00 (29202) 2
*221445: obj =   1.128155384e+12 inf =   1.777e+00 (29159) 2
*221662: obj =   1.128153801e+12 inf =   1.782e+00 (29077) 2
*221866: obj =   1.128152755e+12 inf =   1.789e+00 (29033) 1
*222066: obj =   1.128151716e+12 inf =   1.793e+00 (28990) 2
*222270: obj =   1.128151110e+12 inf =   1.792e+00 (28927) 2
*222512: obj =   1.128150566e+12 inf =   1.794e+00 (28897) 2
*222711: obj =   1.128150294e+12 inf =   1.802e+00 (28835) 2
*222920: obj =   1.128148993e+12 inf =   1.810e+00 (28763) 2
*223122: obj =   1.128147602e+12 inf =   1.812e+00 (28725) 1
*223324: obj =   1.128146705e+12 inf =   1.807e+00 (28676) 2
*223560: obj =   1.128146607e+12 inf =   1.804e+00 (28602) 3
*223761: obj =   1.128144864e+12 inf =   1.808e+00 (28605) 1
*223963: obj =   1.128143825e+12 inf =   1.808e+00 (28563) 2
*224162: obj =   1.128141902e+12 inf =   1.813e+00 (28532) 2
*224369: obj =   1.128141194e+12 inf =   1.814e+00 (28525) 1
*224576: obj =   1.128141168e+12 inf =   1.807e+00 (28455) 2
*224784: obj =   1.128139852e+12 inf =   1.809e+00 (28408) 2
*224977: obj =   1.128138118e+12 inf =   1.814e+00 (28307) 2
*225175: obj =   1.128136820e+12 inf =   1.817e+00 (28258) 2
*225380: obj =   1.128136346e+12 inf =   1.817e+00 (28217) 2
*225606: obj =   1.128135198e+12 inf =   1.816e+00 (28093) 2
*225794: obj =   1.128134018e+12 inf =   1.822e+00 (28049) 1
*225991: obj =   1.128132627e+12 inf =   1.825e+00 (28056) 2
*226186: obj =   1.128130922e+12 inf =   1.826e+00 (27966) 2
*226399: obj =   1.128130360e+12 inf =   1.826e+00 (27919) 2
*226608: obj =   1.128129224e+12 inf =   1.827e+00 (27829) 2
*226808: obj =   1.128127384e+12 inf =   1.828e+00 (27784) 1
*227022: obj =   1.128126688e+12 inf =   1.828e+00 (27717) 2
*227197: obj =   1.128126050e+12 inf =   1.828e+00 (27703) 2
*227397: obj =   1.128125860e+12 inf =   1.827e+00 (27680) 2
*227602: obj =   1.128125251e+12 inf =   1.829e+00 (27647) 2
*227805: obj =   1.128122943e+12 inf =   1.832e+00 (27631) 1
*228003: obj =   1.128120638e+12 inf =   1.833e+00 (27610) 2
*228216: obj =   1.128119582e+12 inf =   1.832e+00 (27536) 2
*228431: obj =   1.128119569e+12 inf =   1.829e+00 (27489) 2
*228673: obj =   1.128119418e+12 inf =   1.816e+00 (27512) 2
*228899: obj =   1.128119374e+12 inf =   1.803e+00 (27407) 2
*229126: obj =   1.128119327e+12 inf =   1.793e+00 (27272) 3
*229343: obj =   1.128119307e+12 inf =   1.779e+00 (27159) 2
*229578: obj =   1.128119293e+12 inf =   1.769e+00 (26979) 2
*229847: obj =   1.128119280e+12 inf =   1.767e+00 (26643) 3
*230107: obj =   1.128119271e+12 inf =   1.764e+00 (26374) 2
*230396: obj =   1.128119077e+12 inf =   1.763e+00 (26040) 2
*230707: obj =   1.128118547e+12 inf =   1.764e+00 (25805)
*231020: obj =   1.128118176e+12 inf =   1.766e+00 (25528) 1
*231302: obj =   1.128117982e+12 inf =   1.770e+00 (25271) 1
*231610: obj =   1.128117649e+12 inf =   1.771e+00 (25068) 1
*231925: obj =   1.128117258e+12 inf =   1.772e+00 (24815)
*232230: obj =   1.128116889e+12 inf =   1.774e+00 (24589) 1
*232506: obj =   1.128116611e+12 inf =   1.773e+00 (24328) 2
*232818: obj =   1.128116306e+12 inf =   1.774e+00 (24102)
*233115: obj =   1.128115946e+12 inf =   1.777e+00 (23876) 1
*233398: obj =   1.128115760e+12 inf =   1.776e+00 (23594) 2
*233700: obj =   1.128115384e+12 inf =   1.777e+00 (23382) 1
*234015: obj =   1.128114907e+12 inf =   1.776e+00 (23114)
*234313: obj =   1.128114596e+12 inf =   1.777e+00 (22832) 1
*234606: obj =   1.128114252e+12 inf =   1.778e+00 (22601) 1
*234911: obj =   1.128113981e+12 inf =   1.778e+00 (22359) 1
*235227: obj =   1.128113703e+12 inf =   1.777e+00 (22092) 1
*235513: obj =   1.128113461e+12 inf =   1.777e+00 (21839) 1
*235821: obj =   1.128113158e+12 inf =   1.776e+00 (21589) 1
*236132: obj =   1.128112900e+12 inf =   1.774e+00 (21344) 1
*236434: obj =   1.128112718e+12 inf =   1.774e+00 (21057) 1
*236750: obj =   1.128112478e+12 inf =   1.773e+00 (20803) 1
*237071: obj =   1.128112243e+12 inf =   1.772e+00 (20497) 1
*237380: obj =   1.128112051e+12 inf =   1.770e+00 (20180) 1
*237693: obj =   1.128111868e+12 inf =   1.768e+00 (19949) 1
*238005: obj =   1.128111515e+12 inf =   1.767e+00 (19674) 1
*238306: obj =   1.128111258e+12 inf =   1.765e+00 (19366) 1
*238603: obj =   1.128110999e+12 inf =   1.763e+00 (19167) 1
*238916: obj =   1.128110668e+12 inf =   1.762e+00 (18893) 1
*239233: obj =   1.128110385e+12 inf =   1.761e+00 (18562) 1
*239528: obj =   1.128110199e+12 inf =   1.760e+00 (18297) 2
*239859: obj =   1.128109990e+12 inf =   1.756e+00 (17960)
*240186: obj =   1.128109660e+12 inf =   1.753e+00 (17676) 1
*240491: obj =   1.128109462e+12 inf =   1.751e+00 (17362) 1
*240811: obj =   1.128109146e+12 inf =   1.749e+00 (17076) 1
*241116: obj =   1.128108942e+12 inf =   1.748e+00 (16839) 1
*241409: obj =   1.128108821e+12 inf =   1.745e+00 (16503) 2
*241728: obj =   1.128108656e+12 inf =   1.743e+00 (16223) 1
*242059: obj =   1.128108457e+12 inf =   1.741e+00 (15948)
*242366: obj =   1.128108307e+12 inf =   1.739e+00 (15600) 2
*242688: obj =   1.128108123e+12 inf =   1.736e+00 (15316) 1
*243012: obj =   1.128107914e+12 inf =   1.733e+00 (14965) 1
*243317: obj =   1.128107748e+12 inf =   1.732e+00 (14642) 1
*243641: obj =   1.128107581e+12 inf =   1.728e+00 (14338) 1
*243963: obj =   1.128107353e+12 inf =   1.724e+00 (14023) 1
*244280: obj =   1.128107163e+12 inf =   1.723e+00 (13661) 1
*244600: obj =   1.128107034e+12 inf =   1.720e+00 (13375) 1
*244926: obj =   1.128106840e+12 inf =   1.716e+00 (13081) 1
*245251: obj =   1.128106611e+12 inf =   1.713e+00 (12734) 1
*245567: obj =   1.128106437e+12 inf =   1.710e+00 (12445) 1
*245887: obj =   1.128106274e+12 inf =   1.707e+00 (12104) 1
*246215: obj =   1.128106140e+12 inf =   1.704e+00 (11781) 1
*246523: obj =   1.128106033e+12 inf =   1.700e+00 (11451) 2
*246850: obj =   1.128105863e+12 inf =   1.696e+00 (11112) 1
*247175: obj =   1.128105745e+12 inf =   1.691e+00 (10741) 1
*247487: obj =   1.128027627e+12 inf =   1.687e+00 (10423) 1
*247813: obj =   1.128027468e+12 inf =   1.683e+00 (10080) 1
*248140: obj =   1.128027315e+12 inf =   1.680e+00 (9735) 1
*248464: obj =   1.128027187e+12 inf =   1.677e+00 (9377) 1
*248792: obj =   1.128027017e+12 inf =   1.674e+00 (9024) 1
*249120: obj =   1.128026908e+12 inf =   1.671e+00 (8685) 1
*249369: obj =   1.127977463e+12 inf =   1.674e+00 (4206) 2
*249632: obj =   1.127963248e+12 inf =   1.673e+00 (8848) 3
*249936: obj =   1.127963107e+12 inf =   1.669e+00 (8494)
*250233: obj =   1.127962945e+12 inf =   1.666e+00 (8166) 1
*250515: obj =   1.127962878e+12 inf =   1.663e+00 (7725) 2
*250839: obj =   1.127962705e+12 inf =   1.660e+00 (7386) 1
*251168: obj =   1.127962562e+12 inf =   1.656e+00 (7030) 1
*251492: obj =   1.127962473e+12 inf =   1.652e+00 (6671) 1
*251822: obj =   1.127962351e+12 inf =   1.648e+00 (6318) 1
*252162: obj =   1.127962242e+12 inf =   1.642e+00 (5950)
*252475: obj =   1.127962150e+12 inf =   1.639e+00 (5594) 2
*252816: obj =   1.127962044e+12 inf =   1.635e+00 (5227)
*253147: obj =   1.127961960e+12 inf =   1.630e+00 (4883) 1
*253472: obj =   1.127961902e+12 inf =   1.624e+00 (4511) 1
*253804: obj =   1.127961824e+12 inf =   1.620e+00 (4160) 1
*254134: obj =   1.127961758e+12 inf =   1.616e+00 (3803) 1
*254460: obj =   1.127938744e+12 inf =   1.612e+00 (3461) 1
*254790: obj =   1.127938699e+12 inf =   1.608e+00 (3085) 1
*255121: obj =   1.127938646e+12 inf =   1.604e+00 (2725) 1
*255448: obj =   1.127925323e+12 inf =   1.600e+00 (2369) 1
*255779: obj =   1.127925283e+12 inf =   1.597e+00 (2013) 1
*256111: obj =   1.127925259e+12 inf =   1.592e+00 (1656) 1
*256439: obj =   1.127925240e+12 inf =   1.589e+00 (1304) 1
*256769: obj =   1.127925225e+12 inf =   1.584e+00 (949) 1
*257088: obj =   1.127923160e+12 inf =   1.581e+00 (610) 2
*257405: obj =   1.127922942e+12 inf =   1.577e+00 (295) 2
Removing LP perturbation [257703]...
*257703: obj =   1.128209913e+12 inf =   0.000e+00 (0) 2
OPTIMAL LP SOLUTION FOUND
Integer optimization begins...
Long-step dual simplex will be used
+257703: mip =     not found yet >=              -inf        (1; 0)
+257703: >>>>>   1.128209913e+12 >=   1.128209913e+12   0.0% (1; 0)
+257703: mip =   1.128209913e+12 >=     tree is empty   0.0% (0; 1)
INTEGER OPTIMAL SOLUTION FOUND
Time used:   7352.9 secs
Memory used: 588.8 Mb (617376608 bytes)
Writing MIP solution to 'input/sx-mathoverflow.html/sx-mathoverflow.txt.gz.96.lp.sol'...
Objective:  obj = 1.128209913e+12 (MINimum)
