Version 1.2 launched as -e 0.1 12 input/amazon0312.html/amazon0312.txt.gz 5


Execution time and memory used at after reading from file: 1.295342e+04 seconds, 168062976 bytes of memory usage, 164160 kB of memory peak and 03:35:55 elapsed time
Statistics on the network after reading from file
	Number of nodes: 400727
	Number of allocated nodes: 401408
	Number of edges: 3200440
	Maximum in degree: 2747 (node 32)
	Maximum out degree: 10 (node 22)

Execution time and memory used at after adding costs: 1.295354e+04 seconds, 168062976 bytes of memory usage, 164160 kB of memory peak and 03:35:55 elapsed time
Statistics on the network after adding costs
	Number of nodes: 400727
	Number of allocated nodes: 401408
	Number of edges: 3200440
	Maximum in degree: 2747 (node 32)
	Maximum out degree: 10 (node 22)

Execution time and memory used at before starting main computation: 1.301869e+04 seconds, 180363264 bytes of memory usage, 181292 kB of memory peak and 03:37:01 elapsed time
Statistics on the network before starting main computation
	Number of nodes: 400727
	Number of allocated nodes: 401408
	Number of edges: 3200440
	Maximum in degree: 2747 (node 32)
	Maximum out degree: 10 (node 22)
	source 27 (node 22) with out degree 10
	target 57 (node 32) with in degree 2747

Execution time and memory used at after iteration 1 (MF = 1.076532): 4.187954e+04 seconds, 2952577024 bytes of memory usage, 4113512 kB of memory peak and 11:38:04 elapsed time
Statistics on the network after iteration 1 (MF = 1.076532)
	Number of nodes: 400727
	Number of allocated nodes: 401408
	Number of edges: 3200440
	Maximum in degree: 2747 (node 32)
	Maximum out degree: 10 (node 22)
	source 27 (node 22) with out degree 10
	target 57 (node 32) with in degree 2747

Execution time and memory used at after iteration 2 (MF = 0.808487): 4.452919e+04 seconds, 3476156416 bytes of memory usage, 4122224 kB of memory peak and 12:22:14 elapsed time
Statistics on the network after iteration 2 (MF = 0.808487)
	Number of nodes: 400727
	Number of allocated nodes: 401408
	Number of edges: 3200440
	Maximum in degree: 2747 (node 32)
	Maximum out degree: 10 (node 22)
	source 27 (node 22) with out degree 10
	target 57 (node 32) with in degree 2747

Execution time and memory used at after iteration 3 (MF = 1.056946): 4.590455e+04 seconds, 3459334144 bytes of memory usage, 4122224 kB of memory peak and 12:45:09 elapsed time
Statistics on the network after iteration 3 (MF = 1.056946)
	Number of nodes: 400727
	Number of allocated nodes: 401408
	Number of edges: 3200440
	Maximum in degree: 2747 (node 32)
	Maximum out degree: 10 (node 22)
	source 27 (node 22) with out degree 10
	target 57 (node 32) with in degree 2747

Execution time and memory used at after iteration 4 (MF = 0.621328): 4.677213e+04 seconds, 3476058112 bytes of memory usage, 4122224 kB of memory peak and 12:59:37 elapsed time
Statistics on the network after iteration 4 (MF = 0.621328)
	Number of nodes: 400727
	Number of allocated nodes: 401408
	Number of edges: 3200440
	Maximum in degree: 2747 (node 32)
	Maximum out degree: 10 (node 22)
	source 27 (node 22) with out degree 10
	target 57 (node 32) with in degree 2747

Execution time and memory used at after iteration 5 (MF = 1.076532): 4.815046e+04 seconds, 3463405568 bytes of memory usage, 4122328 kB of memory peak and 13:22:35 elapsed time
Statistics on the network after iteration 5 (MF = 1.076532)
	Number of nodes: 400727
	Number of allocated nodes: 401408
	Number of edges: 3200440
	Maximum in degree: 2747 (node 32)
	Maximum out degree: 10 (node 22)
	source 27 (node 22) with out degree 10
	target 57 (node 32) with in degree 2747

Execution time and memory used at after iteration 6 (MF = 1.054044): 4.948628e+04 seconds, 3430531072 bytes of memory usage, 4425496 kB of memory peak and 13:44:51 elapsed time
Statistics on the network after iteration 6 (MF = 1.054044)
	Number of nodes: 400727
	Number of allocated nodes: 401408
	Number of edges: 3200440
	Maximum in degree: 2747 (node 32)
	Maximum out degree: 10 (node 22)
	source 27 (node 22) with out degree 10
	target 57 (node 32) with in degree 2747

Execution time and memory used at after iteration 7 (MF = 1.076532): 5.188151e+04 seconds, 3486449664 bytes of memory usage, 4577324 kB of memory peak and 14:24:47 elapsed time
Statistics on the network after iteration 7 (MF = 1.076532)
	Number of nodes: 400727
	Number of allocated nodes: 401408
	Number of edges: 3200440
	Maximum in degree: 2747 (node 32)
	Maximum out degree: 10 (node 22)
	source 27 (node 22) with out degree 10
	target 57 (node 32) with in degree 2747

Execution time and memory used at after iteration 8 (MF = 1.056946): 5.404420e+04 seconds, 3486593024 bytes of memory usage, 4577484 kB of memory peak and 15:00:49 elapsed time
Statistics on the network after iteration 8 (MF = 1.056946)
	Number of nodes: 400727
	Number of allocated nodes: 401408
	Number of edges: 3200440
	Maximum in degree: 2747 (node 32)
	Maximum out degree: 10 (node 22)
	source 27 (node 22) with out degree 10
	target 57 (node 32) with in degree 2747

Execution time and memory used at after iteration 9 (MF = 1.076532): 5.537956e+04 seconds, 3430531072 bytes of memory usage, 4577520 kB of memory peak and 15:23:05 elapsed time
Statistics on the network after iteration 9 (MF = 1.076532)
	Number of nodes: 400727
	Number of allocated nodes: 401408
	Number of edges: 3200440
	Maximum in degree: 2747 (node 32)
	Maximum out degree: 10 (node 22)
	source 27 (node 22) with out degree 10
	target 57 (node 32) with in degree 2747

Execution time and memory used at after iteration 10 (MF = 0.867972): 5.646348e+04 seconds, 3461128192 bytes of memory usage, 4577520 kB of memory peak and 15:41:09 elapsed time
Statistics on the network after iteration 10 (MF = 0.867972)
	Number of nodes: 400727
	Number of allocated nodes: 401408
	Number of edges: 3200440
	Maximum in degree: 2747 (node 32)
	Maximum out degree: 10 (node 22)
	source 27 (node 22) with out degree 10
	target 57 (node 32) with in degree 2747

Execution time and memory used at after iteration 11 (MF = 0.867972): 5.768815e+04 seconds, 3430531072 bytes of memory usage, 4577520 kB of memory peak and 16:01:34 elapsed time
Statistics on the network after iteration 11 (MF = 0.867972)
	Number of nodes: 400727
	Number of allocated nodes: 401408
	Number of edges: 3200440
	Maximum in degree: 2747 (node 32)
	Maximum out degree: 10 (node 22)
	source 27 (node 22) with out degree 10
	target 57 (node 32) with in degree 2747

Execution time and memory used at after iteration 12 (MF = 1.054044): 5.920003e+04 seconds, 3471237120 bytes of memory usage, 4729416 kB of memory peak and 16:26:46 elapsed time
Statistics on the network after iteration 12 (MF = 1.054044)
	Number of nodes: 400727
	Number of allocated nodes: 401408
	Number of edges: 3200440
	Maximum in degree: 2747 (node 32)
	Maximum out degree: 10 (node 22)
	source 27 (node 22) with out degree 10
	target 57 (node 32) with in degree 2747

Execution time and memory used at after iteration 13 (MF = 1.033370): 6.087982e+04 seconds, 3430531072 bytes of memory usage, 5032600 kB of memory peak and 16:54:45 elapsed time
Statistics on the network after iteration 13 (MF = 1.033370)
	Number of nodes: 400727
	Number of allocated nodes: 401408
	Number of edges: 3200440
	Maximum in degree: 2747 (node 32)
	Maximum out degree: 10 (node 22)
	source 27 (node 22) with out degree 10
	target 57 (node 32) with in degree 2747

Execution time and memory used at after iteration 14 (MF = 1.051143): 6.234985e+04 seconds, 3430531072 bytes of memory usage, 5487260 kB of memory peak and 17:19:16 elapsed time
Statistics on the network after iteration 14 (MF = 1.051143)
	Number of nodes: 400727
	Number of allocated nodes: 401408
	Number of edges: 3200440
	Maximum in degree: 2747 (node 32)
	Maximum out degree: 10 (node 22)
	source 27 (node 22) with out degree 10
	target 57 (node 32) with in degree 2747

Execution time and memory used at after iteration 15 (MF = 1.054044): 6.399389e+04 seconds, 3430531072 bytes of memory usage, 6548048 kB of memory peak and 17:46:40 elapsed time
Statistics on the network after iteration 15 (MF = 1.054044)
	Number of nodes: 400727
	Number of allocated nodes: 401408
	Number of edges: 3200440
	Maximum in degree: 2747 (node 32)
	Maximum out degree: 10 (node 22)
	source 27 (node 22) with out degree 10
	target 57 (node 32) with in degree 2747

Execution time and memory used at after iteration 16 (MF = 1.076532): 6.585070e+04 seconds, 3430531072 bytes of memory usage, 6548048 kB of memory peak and 18:17:37 elapsed time
Statistics on the network after iteration 16 (MF = 1.076532)
	Number of nodes: 400727
	Number of allocated nodes: 401408
	Number of edges: 3200440
	Maximum in degree: 2747 (node 32)
	Maximum out degree: 10 (node 22)
	source 27 (node 22) with out degree 10
	target 57 (node 32) with in degree 2747

Execution time and memory used at after iteration 17 (MF = 1.051143): 6.747595e+04 seconds, 3430531072 bytes of memory usage, 6548048 kB of memory peak and 18:44:42 elapsed time
Statistics on the network after iteration 17 (MF = 1.051143)
	Number of nodes: 400727
	Number of allocated nodes: 401408
	Number of edges: 3200440
	Maximum in degree: 2747 (node 32)
	Maximum out degree: 10 (node 22)
	source 27 (node 22) with out degree 10
	target 57 (node 32) with in degree 2747

Execution time and memory used at after iteration 18 (MF = 1.076532): 6.937358e+04 seconds, 3430531072 bytes of memory usage, 6548048 kB of memory peak and 19:16:20 elapsed time
Statistics on the network after iteration 18 (MF = 1.076532)
	Number of nodes: 400727
	Number of allocated nodes: 401408
	Number of edges: 3200440
	Maximum in degree: 2747 (node 32)
	Maximum out degree: 10 (node 22)
	source 27 (node 22) with out degree 10
	target 57 (node 32) with in degree 2747

Execution time and memory used at after iteration 19 (MF = 0.923105): 7.072803e+04 seconds, 3430531072 bytes of memory usage, 6548048 kB of memory peak and 19:38:54 elapsed time
Statistics on the network after iteration 19 (MF = 0.923105)
	Number of nodes: 400727
	Number of allocated nodes: 401408
	Number of edges: 3200440
	Maximum in degree: 2747 (node 32)
	Maximum out degree: 10 (node 22)
	source 27 (node 22) with out degree 10
	target 57 (node 32) with in degree 2747

Execution time and memory used at after iteration 20 (MF = 1.076532): 7.253657e+04 seconds, 3430531072 bytes of memory usage, 6548048 kB of memory peak and 20:09:03 elapsed time
Statistics on the network after iteration 20 (MF = 1.076532)
	Number of nodes: 400727
	Number of allocated nodes: 401408
	Number of edges: 3200440
	Maximum in degree: 2747 (node 32)
	Maximum out degree: 10 (node 22)
	source 27 (node 22) with out degree 10
	target 57 (node 32) with in degree 2747

Execution time and memory used at after iteration 21 (MF = 1.033370): 7.423779e+04 seconds, 3430531072 bytes of memory usage, 6548048 kB of memory peak and 20:37:24 elapsed time
Statistics on the network after iteration 21 (MF = 1.033370)
	Number of nodes: 400727
	Number of allocated nodes: 401408
	Number of edges: 3200440
	Maximum in degree: 2747 (node 32)
	Maximum out degree: 10 (node 22)
	source 27 (node 22) with out degree 10
	target 57 (node 32) with in degree 2747

Execution time and memory used at after iteration 22 (MF = 1.076532): 7.585267e+04 seconds, 3430531072 bytes of memory usage, 6548048 kB of memory peak and 21:04:19 elapsed time
Statistics on the network after iteration 22 (MF = 1.076532)
	Number of nodes: 400727
	Number of allocated nodes: 401408
	Number of edges: 3200440
	Maximum in degree: 2747 (node 32)
	Maximum out degree: 10 (node 22)
	source 27 (node 22) with out degree 10
	target 57 (node 32) with in degree 2747

Execution time and memory used at after iteration 23 (MF = 1.076532): 7.776771e+04 seconds, 3430531072 bytes of memory usage, 6548048 kB of memory peak and 21:36:14 elapsed time
Statistics on the network after iteration 23 (MF = 1.076532)
	Number of nodes: 400727
	Number of allocated nodes: 401408
	Number of edges: 3200440
	Maximum in degree: 2747 (node 32)
	Maximum out degree: 10 (node 22)
	source 27 (node 22) with out degree 10
	target 57 (node 32) with in degree 2747

Execution time and memory used at after iteration 24 (MF = 1.076532): 7.968586e+04 seconds, 3430531072 bytes of memory usage, 6548048 kB of memory peak and 22:08:12 elapsed time
Statistics on the network after iteration 24 (MF = 1.076532)
	Number of nodes: 400727
	Number of allocated nodes: 401408
	Number of edges: 3200440
	Maximum in degree: 2747 (node 32)
	Maximum out degree: 10 (node 22)
	source 27 (node 22) with out degree 10
	target 57 (node 32) with in degree 2747

Execution time and memory used at after iteration 25 (MF = 0.963003): 8.157484e+04 seconds, 3430531072 bytes of memory usage, 6548048 kB of memory peak and 22:39:41 elapsed time
Statistics on the network after iteration 25 (MF = 0.963003)
	Number of nodes: 400727
	Number of allocated nodes: 401408
	Number of edges: 3200440
	Maximum in degree: 2747 (node 32)
	Maximum out degree: 10 (node 22)
	source 27 (node 22) with out degree 10
	target 57 (node 32) with in degree 2747

Execution time and memory used at after iteration 26 (MF = 0.844759): 8.306079e+04 seconds, 3430531072 bytes of memory usage, 6548048 kB of memory peak and 23:04:28 elapsed time
Statistics on the network after iteration 26 (MF = 0.844759)
	Number of nodes: 400727
	Number of allocated nodes: 401408
	Number of edges: 3200440
	Maximum in degree: 2747 (node 32)
	Maximum out degree: 10 (node 22)
	source 27 (node 22) with out degree 10
	target 57 (node 32) with in degree 2747

Execution time and memory used at after iteration 27 (MF = 1.033370): 8.486987e+04 seconds, 3430531072 bytes of memory usage, 6548048 kB of memory peak and 23:34:37 elapsed time
Statistics on the network after iteration 27 (MF = 1.033370)
	Number of nodes: 400727
	Number of allocated nodes: 401408
	Number of edges: 3200440
	Maximum in degree: 2747 (node 32)
	Maximum out degree: 10 (node 22)
	source 27 (node 22) with out degree 10
	target 57 (node 32) with in degree 2747

Execution time and memory used at after iteration 28 (MF = 1.076532): 8.678036e+04 seconds, 3430531072 bytes of memory usage, 6548048 kB of memory peak and 1-00:06:27 elapsed time
Statistics on the network after iteration 28 (MF = 1.076532)
	Number of nodes: 400727
	Number of allocated nodes: 401408
	Number of edges: 3200440
	Maximum in degree: 2747 (node 32)
	Maximum out degree: 10 (node 22)
	source 27 (node 22) with out degree 10
	target 57 (node 32) with in degree 2747

Execution time and memory used at after iteration 29 (MF = 1.076532): 8.860919e+04 seconds, 3430531072 bytes of memory usage, 6548048 kB of memory peak and 1-00:36:56 elapsed time
Statistics on the network after iteration 29 (MF = 1.076532)
	Number of nodes: 400727
	Number of allocated nodes: 401408
	Number of edges: 3200440
	Maximum in degree: 2747 (node 32)
	Maximum out degree: 10 (node 22)
	source 27 (node 22) with out degree 10
	target 57 (node 32) with in degree 2747

Execution time and memory used at after iteration 30 (MF = 1.076532): 9.055381e+04 seconds, 3430531072 bytes of memory usage, 6548048 kB of memory peak and 1-01:09:21 elapsed time
Statistics on the network after iteration 30 (MF = 1.076532)
	Number of nodes: 400727
	Number of allocated nodes: 401408
	Number of edges: 3200440
	Maximum in degree: 2747 (node 32)
	Maximum out degree: 10 (node 22)
	source 27 (node 22) with out degree 10
	target 57 (node 32) with in degree 2747

Execution time and memory used at after iteration 31 (MF = 0.896627): 9.222635e+04 seconds, 3430531072 bytes of memory usage, 6548048 kB of memory peak and 1-01:37:14 elapsed time
Statistics on the network after iteration 31 (MF = 0.896627)
	Number of nodes: 400727
	Number of allocated nodes: 401408
	Number of edges: 3200440
	Maximum in degree: 2747 (node 32)
	Maximum out degree: 10 (node 22)
	source 27 (node 22) with out degree 10
	target 57 (node 32) with in degree 2747

Execution time and memory used at after iteration 32 (MF = 0.963003): 9.428560e+04 seconds, 3430531072 bytes of memory usage, 6548048 kB of memory peak and 1-02:11:33 elapsed time
Statistics on the network after iteration 32 (MF = 0.963003)
	Number of nodes: 400727
	Number of allocated nodes: 401408
	Number of edges: 3200440
	Maximum in degree: 2747 (node 32)
	Maximum out degree: 10 (node 22)
	source 27 (node 22) with out degree 10
	target 57 (node 32) with in degree 2747

Execution time and memory used at after iteration 33 (MF = 1.054044): 9.646690e+04 seconds, 3430531072 bytes of memory usage, 6548048 kB of memory peak and 1-02:47:55 elapsed time
Statistics on the network after iteration 33 (MF = 1.054044)
	Number of nodes: 400727
	Number of allocated nodes: 401408
	Number of edges: 3200440
	Maximum in degree: 2747 (node 32)
	Maximum out degree: 10 (node 22)
	source 27 (node 22) with out degree 10
	target 57 (node 32) with in degree 2747

Execution time and memory used at after iteration 34 (MF = 1.019224): 9.869291e+04 seconds, 3430531072 bytes of memory usage, 6548048 kB of memory peak and 1-03:25:01 elapsed time
Statistics on the network after iteration 34 (MF = 1.019224)
	Number of nodes: 400727
	Number of allocated nodes: 401408
	Number of edges: 3200440
	Maximum in degree: 2747 (node 32)
	Maximum out degree: 10 (node 22)
	source 27 (node 22) with out degree 10
	target 57 (node 32) with in degree 2747

Execution time and memory used at after iteration 35 (MF = 0.963003): 1.010350e+05 seconds, 3430531072 bytes of memory usage, 6548048 kB of memory peak and 1-04:04:03 elapsed time
Statistics on the network after iteration 35 (MF = 0.963003)
	Number of nodes: 400727
	Number of allocated nodes: 401408
	Number of edges: 3200440
	Maximum in degree: 2747 (node 32)
	Maximum out degree: 10 (node 22)
	source 27 (node 22) with out degree 10
	target 57 (node 32) with in degree 2747

Execution time and memory used at after iteration 36 (MF = 1.033370): 1.030835e+05 seconds, 3430531072 bytes of memory usage, 6548048 kB of memory peak and 1-04:38:12 elapsed time
Statistics on the network after iteration 36 (MF = 1.033370)
	Number of nodes: 400727
	Number of allocated nodes: 401408
	Number of edges: 3200440
	Maximum in degree: 2747 (node 32)
	Maximum out degree: 10 (node 22)
	source 27 (node 22) with out degree 10
	target 57 (node 32) with in degree 2747

Execution time and memory used at after iteration 37 (MF = 0.680450): 1.046915e+05 seconds, 3430531072 bytes of memory usage, 6548048 kB of memory peak and 1-05:05:00 elapsed time
Statistics on the network after iteration 37 (MF = 0.680450)
	Number of nodes: 400727
	Number of allocated nodes: 401408
	Number of edges: 3200440
	Maximum in degree: 2747 (node 32)
	Maximum out degree: 10 (node 22)
	source 27 (node 22) with out degree 10
	target 57 (node 32) with in degree 2747

Execution time and memory used at after iteration 38 (MF = 1.076532): 1.068134e+05 seconds, 3430531072 bytes of memory usage, 7005624 kB of memory peak and 1-05:40:22 elapsed time
Statistics on the network after iteration 38 (MF = 1.076532)
	Number of nodes: 400727
	Number of allocated nodes: 401408
	Number of edges: 3200440
	Maximum in degree: 2747 (node 32)
	Maximum out degree: 10 (node 22)
	source 27 (node 22) with out degree 10
	target 57 (node 32) with in degree 2747

Execution time and memory used at after iteration 39 (MF = 1.033370): 1.089065e+05 seconds, 3430531072 bytes of memory usage, 7005720 kB of memory peak and 1-06:15:15 elapsed time
Statistics on the network after iteration 39 (MF = 1.033370)
	Number of nodes: 400727
	Number of allocated nodes: 401408
	Number of edges: 3200440
	Maximum in degree: 2747 (node 32)
	Maximum out degree: 10 (node 22)
	source 27 (node 22) with out degree 10
	target 57 (node 32) with in degree 2747

Execution time and memory used at after iteration 40 (MF = 1.033370): 1.109966e+05 seconds, 3430531072 bytes of memory usage, 7005720 kB of memory peak and 1-06:50:05 elapsed time
Statistics on the network after iteration 40 (MF = 1.033370)
	Number of nodes: 400727
	Number of allocated nodes: 401408
	Number of edges: 3200440
	Maximum in degree: 2747 (node 32)
	Maximum out degree: 10 (node 22)
	source 27 (node 22) with out degree 10
	target 57 (node 32) with in degree 2747

Execution time and memory used at after iteration 41 (MF = 1.076532): 1.132211e+05 seconds, 3430531072 bytes of memory usage, 7006012 kB of memory peak and 1-07:27:10 elapsed time
Statistics on the network after iteration 41 (MF = 1.076532)
	Number of nodes: 400727
	Number of allocated nodes: 401408
	Number of edges: 3200440
	Maximum in degree: 2747 (node 32)
	Maximum out degree: 10 (node 22)
	source 27 (node 22) with out degree 10
	target 57 (node 32) with in degree 2747

Execution time and memory used at after iteration 42 (MF = 1.076532): 1.153798e+05 seconds, 3430531072 bytes of memory usage, 7006168 kB of memory peak and 1-08:03:09 elapsed time
Statistics on the network after iteration 42 (MF = 1.076532)
	Number of nodes: 400727
	Number of allocated nodes: 401408
	Number of edges: 3200440
	Maximum in degree: 2747 (node 32)
	Maximum out degree: 10 (node 22)
	source 27 (node 22) with out degree 10
	target 57 (node 32) with in degree 2747

Execution time and memory used at after iteration 43 (MF = 0.963003): 1.184666e+05 seconds, 3430531072 bytes of memory usage, 7006168 kB of memory peak and 1-08:54:36 elapsed time
Statistics on the network after iteration 43 (MF = 0.963003)
	Number of nodes: 400727
	Number of allocated nodes: 401408
	Number of edges: 3200440
	Maximum in degree: 2747 (node 32)
	Maximum out degree: 10 (node 22)
	source 27 (node 22) with out degree 10
	target 57 (node 32) with in degree 2747

Execution time and memory used at after iteration 44 (MF = 0.963003): 1.204892e+05 seconds, 3430531072 bytes of memory usage, 7006168 kB of memory peak and 1-09:28:19 elapsed time
Statistics on the network after iteration 44 (MF = 0.963003)
	Number of nodes: 400727
	Number of allocated nodes: 401408
	Number of edges: 3200440
	Maximum in degree: 2747 (node 32)
	Maximum out degree: 10 (node 22)
	source 27 (node 22) with out degree 10
	target 57 (node 32) with in degree 2747

Execution time and memory used at after iteration 45 (MF = 0.808487): 1.222792e+05 seconds, 3430531072 bytes of memory usage, 7006168 kB of memory peak and 1-09:58:09 elapsed time
Statistics on the network after iteration 45 (MF = 0.808487)
	Number of nodes: 400727
	Number of allocated nodes: 401408
	Number of edges: 3200440
	Maximum in degree: 2747 (node 32)
	Maximum out degree: 10 (node 22)
	source 27 (node 22) with out degree 10
	target 57 (node 32) with in degree 2747

Execution time and memory used at after iteration 46 (MF = 1.076532): 1.240453e+05 seconds, 3430531072 bytes of memory usage, 7006168 kB of memory peak and 1-10:27:35 elapsed time
Statistics on the network after iteration 46 (MF = 1.076532)
	Number of nodes: 400727
	Number of allocated nodes: 401408
	Number of edges: 3200440
	Maximum in degree: 2747 (node 32)
	Maximum out degree: 10 (node 22)
	source 27 (node 22) with out degree 10
	target 57 (node 32) with in degree 2747

Execution time and memory used at after iteration 47 (MF = 0.917301): 1.259398e+05 seconds, 3430531072 bytes of memory usage, 7006168 kB of memory peak and 1-10:59:10 elapsed time
Statistics on the network after iteration 47 (MF = 0.917301)
	Number of nodes: 400727
	Number of allocated nodes: 401408
	Number of edges: 3200440
	Maximum in degree: 2747 (node 32)
	Maximum out degree: 10 (node 22)
	source 27 (node 22) with out degree 10
	target 57 (node 32) with in degree 2747

Execution time and memory used at after iteration 48 (MF = 1.076532): 1.282123e+05 seconds, 3430531072 bytes of memory usage, 7006168 kB of memory peak and 1-11:37:03 elapsed time
Statistics on the network after iteration 48 (MF = 1.076532)
	Number of nodes: 400727
	Number of allocated nodes: 401408
	Number of edges: 3200440
	Maximum in degree: 2747 (node 32)
	Maximum out degree: 10 (node 22)
	source 27 (node 22) with out degree 10
	target 57 (node 32) with in degree 2747

Execution time and memory used at after iteration 49 (MF = 1.076532): 1.303765e+05 seconds, 3430531072 bytes of memory usage, 7006168 kB of memory peak and 1-12:13:07 elapsed time
Statistics on the network after iteration 49 (MF = 1.076532)
	Number of nodes: 400727
	Number of allocated nodes: 401408
	Number of edges: 3200440
	Maximum in degree: 2747 (node 32)
	Maximum out degree: 10 (node 22)
	source 27 (node 22) with out degree 10
	target 57 (node 32) with in degree 2747

Execution time and memory used at after iteration 50 (MF = 1.076532): 1.325128e+05 seconds, 3430531072 bytes of memory usage, 7006168 kB of memory peak and 1-12:48:43 elapsed time
Statistics on the network after iteration 50 (MF = 1.076532)
	Number of nodes: 400727
	Number of allocated nodes: 401408
	Number of edges: 3200440
	Maximum in degree: 2747 (node 32)
	Maximum out degree: 10 (node 22)
	source 27 (node 22) with out degree 10
	target 57 (node 32) with in degree 2747

Execution time and memory used at after iteration 51 (MF = 1.076532): 1.349582e+05 seconds, 3430531072 bytes of memory usage, 7006168 kB of memory peak and 1-13:29:29 elapsed time
Statistics on the network after iteration 51 (MF = 1.076532)
	Number of nodes: 400727
	Number of allocated nodes: 401408
	Number of edges: 3200440
	Maximum in degree: 2747 (node 32)
	Maximum out degree: 10 (node 22)
	source 27 (node 22) with out degree 10
	target 57 (node 32) with in degree 2747

Execution time and memory used at after iteration 52 (MF = 0.775118): 1.368936e+05 seconds, 3430531072 bytes of memory usage, 7006168 kB of memory peak and 1-14:01:44 elapsed time
Statistics on the network after iteration 52 (MF = 0.775118)
	Number of nodes: 400727
	Number of allocated nodes: 401408
	Number of edges: 3200440
	Maximum in degree: 2747 (node 32)
	Maximum out degree: 10 (node 22)
	source 27 (node 22) with out degree 10
	target 57 (node 32) with in degree 2747

Execution time and memory used at after iteration 53 (MF = 0.919840): 1.390215e+05 seconds, 3430531072 bytes of memory usage, 7006168 kB of memory peak and 1-14:37:13 elapsed time
Statistics on the network after iteration 53 (MF = 0.919840)
	Number of nodes: 400727
	Number of allocated nodes: 401408
	Number of edges: 3200440
	Maximum in degree: 2747 (node 32)
	Maximum out degree: 10 (node 22)
	source 27 (node 22) with out degree 10
	target 57 (node 32) with in degree 2747

Execution time and memory used at after iteration 54 (MF = 1.060573): 1.413242e+05 seconds, 3430531072 bytes of memory usage, 7006168 kB of memory peak and 1-15:15:35 elapsed time
Statistics on the network after iteration 54 (MF = 1.060573)
	Number of nodes: 400727
	Number of allocated nodes: 401408
	Number of edges: 3200440
	Maximum in degree: 2747 (node 32)
	Maximum out degree: 10 (node 22)
	source 27 (node 22) with out degree 10
	target 57 (node 32) with in degree 2747

Execution time and memory used at after iteration 55 (MF = 1.056583): 1.435533e+05 seconds, 3430531072 bytes of memory usage, 7006168 kB of memory peak and 1-15:52:45 elapsed time
Statistics on the network after iteration 55 (MF = 1.056583)
	Number of nodes: 400727
	Number of allocated nodes: 401408
	Number of edges: 3200440
	Maximum in degree: 2747 (node 32)
	Maximum out degree: 10 (node 22)
	source 27 (node 22) with out degree 10
	target 57 (node 32) with in degree 2747

Execution time and memory used at after iteration 56 (MF = 1.076532): 1.460165e+05 seconds, 3430531072 bytes of memory usage, 7006168 kB of memory peak and 1-16:33:48 elapsed time
Statistics on the network after iteration 56 (MF = 1.076532)
	Number of nodes: 400727
	Number of allocated nodes: 401408
	Number of edges: 3200440
	Maximum in degree: 2747 (node 32)
	Maximum out degree: 10 (node 22)
	source 27 (node 22) with out degree 10
	target 57 (node 32) with in degree 2747

Execution time and memory used at after iteration 57 (MF = 1.076532): 1.484261e+05 seconds, 3430531072 bytes of memory usage, 7006168 kB of memory peak and 1-17:13:58 elapsed time
Statistics on the network after iteration 57 (MF = 1.076532)
	Number of nodes: 400727
	Number of allocated nodes: 401408
	Number of edges: 3200440
	Maximum in degree: 2747 (node 32)
	Maximum out degree: 10 (node 22)
	source 27 (node 22) with out degree 10
	target 57 (node 32) with in degree 2747

Execution time and memory used at after iteration 58 (MF = 1.076532): 1.510720e+05 seconds, 3430531072 bytes of memory usage, 7006168 kB of memory peak and 1-17:58:04 elapsed time
Statistics on the network after iteration 58 (MF = 1.076532)
	Number of nodes: 400727
	Number of allocated nodes: 401408
	Number of edges: 3200440
	Maximum in degree: 2747 (node 32)
	Maximum out degree: 10 (node 22)
	source 27 (node 22) with out degree 10
	target 57 (node 32) with in degree 2747

Execution time and memory used at after iteration 59 (MF = 1.056946): 1.539055e+05 seconds, 3430531072 bytes of memory usage, 7008304 kB of memory peak and 1-18:45:17 elapsed time
Statistics on the network after iteration 59 (MF = 1.056946)
	Number of nodes: 400727
	Number of allocated nodes: 401408
	Number of edges: 3200440
	Maximum in degree: 2747 (node 32)
	Maximum out degree: 10 (node 22)
	source 27 (node 22) with out degree 10
	target 57 (node 32) with in degree 2747

Execution time and memory used at after iteration 60 (MF = 1.076532): 1.567115e+05 seconds, 3430531072 bytes of memory usage, 7008428 kB of memory peak and 1-19:32:04 elapsed time
Statistics on the network after iteration 60 (MF = 1.076532)
	Number of nodes: 400727
	Number of allocated nodes: 401408
	Number of edges: 3200440
	Maximum in degree: 2747 (node 32)
	Maximum out degree: 10 (node 22)
	source 27 (node 22) with out degree 10
	target 57 (node 32) with in degree 2747

Execution time and memory used at after iteration 61 (MF = 1.033370): 1.599182e+05 seconds, 3430531072 bytes of memory usage, 8523764 kB of memory peak and 1-20:25:31 elapsed time
Statistics on the network after iteration 61 (MF = 1.033370)
	Number of nodes: 400727
	Number of allocated nodes: 401408
	Number of edges: 3200440
	Maximum in degree: 2747 (node 32)
	Maximum out degree: 10 (node 22)
	source 27 (node 22) with out degree 10
	target 57 (node 32) with in degree 2747

Execution time and memory used at after iteration 62 (MF = 1.076532): 1.631114e+05 seconds, 3430531072 bytes of memory usage, 8523764 kB of memory peak and 1-21:18:44 elapsed time
Statistics on the network after iteration 62 (MF = 1.076532)
	Number of nodes: 400727
	Number of allocated nodes: 401408
	Number of edges: 3200440
	Maximum in degree: 2747 (node 32)
	Maximum out degree: 10 (node 22)
	source 27 (node 22) with out degree 10
	target 57 (node 32) with in degree 2747

Execution time and memory used at after iteration 63 (MF = 1.076532): 1.661498e+05 seconds, 3430531072 bytes of memory usage, 8523764 kB of memory peak and 1-22:09:22 elapsed time
Statistics on the network after iteration 63 (MF = 1.076532)
	Number of nodes: 400727
	Number of allocated nodes: 401408
	Number of edges: 3200440
	Maximum in degree: 2747 (node 32)
	Maximum out degree: 10 (node 22)
	source 27 (node 22) with out degree 10
	target 57 (node 32) with in degree 2747

Execution time and memory used at after iteration 64 (MF = 1.076532): 1.690250e+05 seconds, 3430531072 bytes of memory usage, 8523764 kB of memory peak and 1-22:57:18 elapsed time
Statistics on the network after iteration 64 (MF = 1.076532)
	Number of nodes: 400727
	Number of allocated nodes: 401408
	Number of edges: 3200440
	Maximum in degree: 2747 (node 32)
	Maximum out degree: 10 (node 22)
	source 27 (node 22) with out degree 10
	target 57 (node 32) with in degree 2747

Execution time and memory used at after iteration 65 (MF = 1.056946): 1.719882e+05 seconds, 3430531072 bytes of memory usage, 8523764 kB of memory peak and 1-23:46:41 elapsed time
Statistics on the network after iteration 65 (MF = 1.056946)
	Number of nodes: 400727
	Number of allocated nodes: 401408
	Number of edges: 3200440
	Maximum in degree: 2747 (node 32)
	Maximum out degree: 10 (node 22)
	source 27 (node 22) with out degree 10
	target 57 (node 32) with in degree 2747

Execution time and memory used at after iteration 66 (MF = 1.033370): 1.749125e+05 seconds, 3430531072 bytes of memory usage, 8523764 kB of memory peak and 2-00:35:26 elapsed time
Statistics on the network after iteration 66 (MF = 1.033370)
	Number of nodes: 400727
	Number of allocated nodes: 401408
	Number of edges: 3200440
	Maximum in degree: 2747 (node 32)
	Maximum out degree: 10 (node 22)
	source 27 (node 22) with out degree 10
	target 57 (node 32) with in degree 2747

Execution time and memory used at after iteration 67 (MF = 1.033370): 1.784245e+05 seconds, 5790633984 bytes of memory usage, 9433752 kB of memory peak and 2-01:33:58 elapsed time
Statistics on the network after iteration 67 (MF = 1.033370)
	Number of nodes: 400727
	Number of allocated nodes: 401408
	Number of edges: 3200440
	Maximum in degree: 2747 (node 32)
	Maximum out degree: 10 (node 22)
	source 27 (node 22) with out degree 10
	target 57 (node 32) with in degree 2747

Execution time and memory used at after iteration 68 (MF = 1.076532): 1.817974e+05 seconds, 3430531072 bytes of memory usage, 9433752 kB of memory peak and 2-02:30:11 elapsed time
Statistics on the network after iteration 68 (MF = 1.076532)
	Number of nodes: 400727
	Number of allocated nodes: 401408
	Number of edges: 3200440
	Maximum in degree: 2747 (node 32)
	Maximum out degree: 10 (node 22)
	source 27 (node 22) with out degree 10
	target 57 (node 32) with in degree 2747

Execution time and memory used at after iteration 69 (MF = 0.878491): 1.857879e+05 seconds, 3430531072 bytes of memory usage, 9433752 kB of memory peak and 2-03:36:42 elapsed time
Statistics on the network after iteration 69 (MF = 0.878491)
	Number of nodes: 400727
	Number of allocated nodes: 401408
	Number of edges: 3200440
	Maximum in degree: 2747 (node 32)
	Maximum out degree: 10 (node 22)
	source 27 (node 22) with out degree 10
	target 57 (node 32) with in degree 2747

Execution time and memory used at after iteration 70 (MF = 0.861806): 1.882406e+05 seconds, 3430531072 bytes of memory usage, 9433752 kB of memory peak and 2-04:17:35 elapsed time
Statistics on the network after iteration 70 (MF = 0.861806)
	Number of nodes: 400727
	Number of allocated nodes: 401408
	Number of edges: 3200440
	Maximum in degree: 2747 (node 32)
	Maximum out degree: 10 (node 22)
	source 27 (node 22) with out degree 10
	target 57 (node 32) with in degree 2747

Execution time and memory used at after iteration 71 (MF = 0.808487): 1.907366e+05 seconds, 3430531072 bytes of memory usage, 9433752 kB of memory peak and 2-04:59:11 elapsed time
Statistics on the network after iteration 71 (MF = 0.808487)
	Number of nodes: 400727
	Number of allocated nodes: 401408
	Number of edges: 3200440
	Maximum in degree: 2747 (node 32)
	Maximum out degree: 10 (node 22)
	source 27 (node 22) with out degree 10
	target 57 (node 32) with in degree 2747

Execution time and memory used at after iteration 72 (MF = 0.963003): 1.929676e+05 seconds, 3430531072 bytes of memory usage, 9433752 kB of memory peak and 2-05:36:22 elapsed time
Statistics on the network after iteration 72 (MF = 0.963003)
	Number of nodes: 400727
	Number of allocated nodes: 401408
	Number of edges: 3200440
	Maximum in degree: 2747 (node 32)
	Maximum out degree: 10 (node 22)
	source 27 (node 22) with out degree 10
	target 57 (node 32) with in degree 2747

Execution time and memory used at after iteration 73 (MF = 1.076532): 1.953381e+05 seconds, 3430531072 bytes of memory usage, 9433752 kB of memory peak and 2-06:15:53 elapsed time
Statistics on the network after iteration 73 (MF = 1.076532)
	Number of nodes: 400727
	Number of allocated nodes: 401408
	Number of edges: 3200440
	Maximum in degree: 2747 (node 32)
	Maximum out degree: 10 (node 22)
	source 27 (node 22) with out degree 10
	target 57 (node 32) with in degree 2747

Execution time and memory used at after iteration 74 (MF = 1.076532): 1.978295e+05 seconds, 3430531072 bytes of memory usage, 9433752 kB of memory peak and 2-06:57:25 elapsed time
Statistics on the network after iteration 74 (MF = 1.076532)
	Number of nodes: 400727
	Number of allocated nodes: 401408
	Number of edges: 3200440
	Maximum in degree: 2747 (node 32)
	Maximum out degree: 10 (node 22)
	source 27 (node 22) with out degree 10
	target 57 (node 32) with in degree 2747

Execution time and memory used at after iteration 75 (MF = 0.896627): 2.002033e+05 seconds, 3430531072 bytes of memory usage, 9433752 kB of memory peak and 2-07:36:59 elapsed time
Statistics on the network after iteration 75 (MF = 0.896627)
	Number of nodes: 400727
	Number of allocated nodes: 401408
	Number of edges: 3200440
	Maximum in degree: 2747 (node 32)
	Maximum out degree: 10 (node 22)
	source 27 (node 22) with out degree 10
	target 57 (node 32) with in degree 2747

Execution time and memory used at after iteration 76 (MF = 1.076532): 2.028117e+05 seconds, 3430531072 bytes of memory usage, 9433752 kB of memory peak and 2-08:20:27 elapsed time
Statistics on the network after iteration 76 (MF = 1.076532)
	Number of nodes: 400727
	Number of allocated nodes: 401408
	Number of edges: 3200440
	Maximum in degree: 2747 (node 32)
	Maximum out degree: 10 (node 22)
	source 27 (node 22) with out degree 10
	target 57 (node 32) with in degree 2747

Execution time and memory used at after iteration 77 (MF = 1.076532): 2.054054e+05 seconds, 3430531072 bytes of memory usage, 9433752 kB of memory peak and 2-09:03:41 elapsed time
Statistics on the network after iteration 77 (MF = 1.076532)
	Number of nodes: 400727
	Number of allocated nodes: 401408
	Number of edges: 3200440
	Maximum in degree: 2747 (node 32)
	Maximum out degree: 10 (node 22)
	source 27 (node 22) with out degree 10
	target 57 (node 32) with in degree 2747

Execution time and memory used at after iteration 78 (MF = 0.963003): 2.078267e+05 seconds, 3430531072 bytes of memory usage, 9433752 kB of memory peak and 2-09:44:03 elapsed time
Statistics on the network after iteration 78 (MF = 0.963003)
	Number of nodes: 400727
	Number of allocated nodes: 401408
	Number of edges: 3200440
	Maximum in degree: 2747 (node 32)
	Maximum out degree: 10 (node 22)
	source 27 (node 22) with out degree 10
	target 57 (node 32) with in degree 2747

Execution time and memory used at after iteration 79 (MF = 1.033370): 2.102645e+05 seconds, 3430531072 bytes of memory usage, 9433752 kB of memory peak and 2-10:24:41 elapsed time
Statistics on the network after iteration 79 (MF = 1.033370)
	Number of nodes: 400727
	Number of allocated nodes: 401408
	Number of edges: 3200440
	Maximum in degree: 2747 (node 32)
	Maximum out degree: 10 (node 22)
	source 27 (node 22) with out degree 10
	target 57 (node 32) with in degree 2747

Execution time and memory used at after iteration 80 (MF = 0.758070): 2.126326e+05 seconds, 3430531072 bytes of memory usage, 9433752 kB of memory peak and 2-11:04:09 elapsed time
Statistics on the network after iteration 80 (MF = 0.758070)
	Number of nodes: 400727
	Number of allocated nodes: 401408
	Number of edges: 3200440
	Maximum in degree: 2747 (node 32)
	Maximum out degree: 10 (node 22)
	source 27 (node 22) with out degree 10
	target 57 (node 32) with in degree 2747

Execution time and memory used at after iteration 81 (MF = 1.076532): 2.154345e+05 seconds, 3430531072 bytes of memory usage, 9433752 kB of memory peak and 2-11:50:51 elapsed time
Statistics on the network after iteration 81 (MF = 1.076532)
	Number of nodes: 400727
	Number of allocated nodes: 401408
	Number of edges: 3200440
	Maximum in degree: 2747 (node 32)
	Maximum out degree: 10 (node 22)
	source 27 (node 22) with out degree 10
	target 57 (node 32) with in degree 2747

Execution time and memory used at after iteration 82 (MF = 1.076532): 2.186552e+05 seconds, 3430531072 bytes of memory usage, 9433752 kB of memory peak and 2-12:44:32 elapsed time
Statistics on the network after iteration 82 (MF = 1.076532)
	Number of nodes: 400727
	Number of allocated nodes: 401408
	Number of edges: 3200440
	Maximum in degree: 2747 (node 32)
	Maximum out degree: 10 (node 22)
	source 27 (node 22) with out degree 10
	target 57 (node 32) with in degree 2747

Execution time and memory used at after iteration 83 (MF = 1.076532): 2.214430e+05 seconds, 3430531072 bytes of memory usage, 9433752 kB of memory peak and 2-13:31:00 elapsed time
Statistics on the network after iteration 83 (MF = 1.076532)
	Number of nodes: 400727
	Number of allocated nodes: 401408
	Number of edges: 3200440
	Maximum in degree: 2747 (node 32)
	Maximum out degree: 10 (node 22)
	source 27 (node 22) with out degree 10
	target 57 (node 32) with in degree 2747

Execution time and memory used at after iteration 84 (MF = 1.076532): 2.243045e+05 seconds, 3430531072 bytes of memory usage, 9433752 kB of memory peak and 2-14:18:42 elapsed time
Statistics on the network after iteration 84 (MF = 1.076532)
	Number of nodes: 400727
	Number of allocated nodes: 401408
	Number of edges: 3200440
	Maximum in degree: 2747 (node 32)
	Maximum out degree: 10 (node 22)
	source 27 (node 22) with out degree 10
	target 57 (node 32) with in degree 2747

Execution time and memory used at after iteration 85 (MF = 1.076532): 2.273753e+05 seconds, 3430531072 bytes of memory usage, 9433752 kB of memory peak and 2-15:09:53 elapsed time
Statistics on the network after iteration 85 (MF = 1.076532)
	Number of nodes: 400727
	Number of allocated nodes: 401408
	Number of edges: 3200440
	Maximum in degree: 2747 (node 32)
	Maximum out degree: 10 (node 22)
	source 27 (node 22) with out degree 10
	target 57 (node 32) with in degree 2747

Execution time and memory used at after iteration 86 (MF = 0.896627): 2.301336e+05 seconds, 3430531072 bytes of memory usage, 9433752 kB of memory peak and 2-15:55:51 elapsed time
Statistics on the network after iteration 86 (MF = 0.896627)
	Number of nodes: 400727
	Number of allocated nodes: 401408
	Number of edges: 3200440
	Maximum in degree: 2747 (node 32)
	Maximum out degree: 10 (node 22)
	source 27 (node 22) with out degree 10
	target 57 (node 32) with in degree 2747

Execution time and memory used at after iteration 87 (MF = 1.076532): 2.331291e+05 seconds, 3430531072 bytes of memory usage, 9433752 kB of memory peak and 2-16:45:47 elapsed time
Statistics on the network after iteration 87 (MF = 1.076532)
	Number of nodes: 400727
	Number of allocated nodes: 401408
	Number of edges: 3200440
	Maximum in degree: 2747 (node 32)
	Maximum out degree: 10 (node 22)
	source 27 (node 22) with out degree 10
	target 57 (node 32) with in degree 2747

Execution time and memory used at after iteration 88 (MF = 1.076532): 2.361360e+05 seconds, 3430531072 bytes of memory usage, 9433752 kB of memory peak and 2-17:35:54 elapsed time
Statistics on the network after iteration 88 (MF = 1.076532)
	Number of nodes: 400727
	Number of allocated nodes: 401408
	Number of edges: 3200440
	Maximum in degree: 2747 (node 32)
	Maximum out degree: 10 (node 22)
	source 27 (node 22) with out degree 10
	target 57 (node 32) with in degree 2747

Execution time and memory used at after iteration 89 (MF = 1.033370): 2.393587e+05 seconds, 3430531072 bytes of memory usage, 9433752 kB of memory peak and 2-18:29:36 elapsed time
Statistics on the network after iteration 89 (MF = 1.033370)
	Number of nodes: 400727
	Number of allocated nodes: 401408
	Number of edges: 3200440
	Maximum in degree: 2747 (node 32)
	Maximum out degree: 10 (node 22)
	source 27 (node 22) with out degree 10
	target 57 (node 32) with in degree 2747

Execution time and memory used at after iteration 90 (MF = 0.896627): 2.424774e+05 seconds, 3430531072 bytes of memory usage, 9433752 kB of memory peak and 2-19:21:35 elapsed time
Statistics on the network after iteration 90 (MF = 0.896627)
	Number of nodes: 400727
	Number of allocated nodes: 401408
	Number of edges: 3200440
	Maximum in degree: 2747 (node 32)
	Maximum out degree: 10 (node 22)
	source 27 (node 22) with out degree 10
	target 57 (node 32) with in degree 2747

Execution time and memory used at after iteration 91 (MF = 1.076532): 2.459145e+05 seconds, 3430531072 bytes of memory usage, 9433752 kB of memory peak and 2-20:18:53 elapsed time
Statistics on the network after iteration 91 (MF = 1.076532)
	Number of nodes: 400727
	Number of allocated nodes: 401408
	Number of edges: 3200440
	Maximum in degree: 2747 (node 32)
	Maximum out degree: 10 (node 22)
	source 27 (node 22) with out degree 10
	target 57 (node 32) with in degree 2747

Execution time and memory used at after iteration 92 (MF = 0.963003): 2.495291e+05 seconds, 3430531072 bytes of memory usage, 9433752 kB of memory peak and 2-21:19:07 elapsed time
Statistics on the network after iteration 92 (MF = 0.963003)
	Number of nodes: 400727
	Number of allocated nodes: 401408
	Number of edges: 3200440
	Maximum in degree: 2747 (node 32)
	Maximum out degree: 10 (node 22)
	source 27 (node 22) with out degree 10
	target 57 (node 32) with in degree 2747

Execution time and memory used at after iteration 93 (MF = 0.867972): 2.528012e+05 seconds, 3430531072 bytes of memory usage, 9433752 kB of memory peak and 2-22:13:40 elapsed time
Statistics on the network after iteration 93 (MF = 0.867972)
	Number of nodes: 400727
	Number of allocated nodes: 401408
	Number of edges: 3200440
	Maximum in degree: 2747 (node 32)
	Maximum out degree: 10 (node 22)
	source 27 (node 22) with out degree 10
	target 57 (node 32) with in degree 2747

Execution time and memory used at after iteration 94 (MF = 1.076532): 2.560761e+05 seconds, 3430531072 bytes of memory usage, 9433752 kB of memory peak and 2-23:08:15 elapsed time
Statistics on the network after iteration 94 (MF = 1.076532)
	Number of nodes: 400727
	Number of allocated nodes: 401408
	Number of edges: 3200440
	Maximum in degree: 2747 (node 32)
	Maximum out degree: 10 (node 22)
	source 27 (node 22) with out degree 10
	target 57 (node 32) with in degree 2747

Execution time and memory used at after iteration 95 (MF = 1.033370): 2.594262e+05 seconds, 3430531072 bytes of memory usage, 9433752 kB of memory peak and 3-00:04:05 elapsed time
Statistics on the network after iteration 95 (MF = 1.033370)
	Number of nodes: 400727
	Number of allocated nodes: 401408
	Number of edges: 3200440
	Maximum in degree: 2747 (node 32)
	Maximum out degree: 10 (node 22)
	source 27 (node 22) with out degree 10
	target 57 (node 32) with in degree 2747

Execution time and memory used at after iteration 96 (MF = 1.010156): 2.628342e+05 seconds, 3430531072 bytes of memory usage, 9433752 kB of memory peak and 3-01:00:53 elapsed time
Statistics on the network after iteration 96 (MF = 1.010156)
	Number of nodes: 400727
	Number of allocated nodes: 401408
	Number of edges: 3200440
	Maximum in degree: 2747 (node 32)
	Maximum out degree: 10 (node 22)
	source 27 (node 22) with out degree 10
	target 57 (node 32) with in degree 2747

Execution time and memory used at after iteration 97 (MF = 0.963003): 2.663347e+05 seconds, 3430531072 bytes of memory usage, 9433752 kB of memory peak and 3-01:59:14 elapsed time
Statistics on the network after iteration 97 (MF = 0.963003)
	Number of nodes: 400727
	Number of allocated nodes: 401408
	Number of edges: 3200440
	Maximum in degree: 2747 (node 32)
	Maximum out degree: 10 (node 22)
	source 27 (node 22) with out degree 10
	target 57 (node 32) with in degree 2747

Execution time and memory used at after iteration 98 (MF = 1.076532): 2.697829e+05 seconds, 3430531072 bytes of memory usage, 9433752 kB of memory peak and 3-02:56:42 elapsed time
Statistics on the network after iteration 98 (MF = 1.076532)
	Number of nodes: 400727
	Number of allocated nodes: 401408
	Number of edges: 3200440
	Maximum in degree: 2747 (node 32)
	Maximum out degree: 10 (node 22)
	source 27 (node 22) with out degree 10
	target 57 (node 32) with in degree 2747

Execution time and memory used at after iteration 99 (MF = 1.013783): 2.730841e+05 seconds, 3430531072 bytes of memory usage, 9433752 kB of memory peak and 3-03:51:44 elapsed time
Statistics on the network after iteration 99 (MF = 1.013783)
	Number of nodes: 400727
	Number of allocated nodes: 401408
	Number of edges: 3200440
	Maximum in degree: 2747 (node 32)
	Maximum out degree: 10 (node 22)
	source 27 (node 22) with out degree 10
	target 57 (node 32) with in degree 2747

Execution time and memory used at after iteration 100 (MF = 1.013783): 2.765375e+05 seconds, 3430531072 bytes of memory usage, 9433752 kB of memory peak and 3-04:49:17 elapsed time
Statistics on the network after iteration 100 (MF = 1.013783)
	Number of nodes: 400727
	Number of allocated nodes: 401408
	Number of edges: 3200440
	Maximum in degree: 2747 (node 32)
	Maximum out degree: 10 (node 22)
	source 27 (node 22) with out degree 10
	target 57 (node 32) with in degree 2747

Execution time and memory used at after iteration 101 (MF = 1.076532): 2.799152e+05 seconds, 3430531072 bytes of memory usage, 9433752 kB of memory peak and 3-05:45:35 elapsed time
Statistics on the network after iteration 101 (MF = 1.076532)
	Number of nodes: 400727
	Number of allocated nodes: 401408
	Number of edges: 3200440
	Maximum in degree: 2747 (node 32)
	Maximum out degree: 10 (node 22)
	source 27 (node 22) with out degree 10
	target 57 (node 32) with in degree 2747

Execution time and memory used at after iteration 102 (MF = 1.076532): 2.834210e+05 seconds, 3430531072 bytes of memory usage, 9433752 kB of memory peak and 3-06:44:01 elapsed time
Statistics on the network after iteration 102 (MF = 1.076532)
	Number of nodes: 400727
	Number of allocated nodes: 401408
	Number of edges: 3200440
	Maximum in degree: 2747 (node 32)
	Maximum out degree: 10 (node 22)
	source 27 (node 22) with out degree 10
	target 57 (node 32) with in degree 2747

Execution time and memory used at after iteration 103 (MF = 1.076532): 2.869045e+05 seconds, 3430531072 bytes of memory usage, 9433752 kB of memory peak and 3-07:42:05 elapsed time
Statistics on the network after iteration 103 (MF = 1.076532)
	Number of nodes: 400727
	Number of allocated nodes: 401408
	Number of edges: 3200440
	Maximum in degree: 2747 (node 32)
	Maximum out degree: 10 (node 22)
	source 27 (node 22) with out degree 10
	target 57 (node 32) with in degree 2747

Execution time and memory used at after iteration 104 (MF = 1.076532): 2.907087e+05 seconds, 3430531072 bytes of memory usage, 9433752 kB of memory peak and 3-08:45:29 elapsed time
Statistics on the network after iteration 104 (MF = 1.076532)
	Number of nodes: 400727
	Number of allocated nodes: 401408
	Number of edges: 3200440
	Maximum in degree: 2747 (node 32)
	Maximum out degree: 10 (node 22)
	source 27 (node 22) with out degree 10
	target 57 (node 32) with in degree 2747

Execution time and memory used at after iteration 105 (MF = 1.076532): 2.942948e+05 seconds, 3430531072 bytes of memory usage, 9433752 kB of memory peak and 3-09:45:15 elapsed time
Statistics on the network after iteration 105 (MF = 1.076532)
	Number of nodes: 400727
	Number of allocated nodes: 401408
	Number of edges: 3200440
	Maximum in degree: 2747 (node 32)
	Maximum out degree: 10 (node 22)
	source 27 (node 22) with out degree 10
	target 57 (node 32) with in degree 2747

Execution time and memory used at after iteration 106 (MF = 1.076532): 2.977882e+05 seconds, 3430531072 bytes of memory usage, 9433752 kB of memory peak and 3-10:43:29 elapsed time
Statistics on the network after iteration 106 (MF = 1.076532)
	Number of nodes: 400727
	Number of allocated nodes: 401408
	Number of edges: 3200440
	Maximum in degree: 2747 (node 32)
	Maximum out degree: 10 (node 22)
	source 27 (node 22) with out degree 10
	target 57 (node 32) with in degree 2747

Execution time and memory used at after iteration 107 (MF = 1.056946): 3.013710e+05 seconds, 3430531072 bytes of memory usage, 9433752 kB of memory peak and 3-11:43:12 elapsed time
Statistics on the network after iteration 107 (MF = 1.056946)
	Number of nodes: 400727
	Number of allocated nodes: 401408
	Number of edges: 3200440
	Maximum in degree: 2747 (node 32)
	Maximum out degree: 10 (node 22)
	source 27 (node 22) with out degree 10
	target 57 (node 32) with in degree 2747

Execution time and memory used at after iteration 108 (MF = 1.076532): 3.049075e+05 seconds, 3430531072 bytes of memory usage, 9433752 kB of memory peak and 3-12:42:09 elapsed time
Statistics on the network after iteration 108 (MF = 1.076532)
	Number of nodes: 400727
	Number of allocated nodes: 401408
	Number of edges: 3200440
	Maximum in degree: 2747 (node 32)
	Maximum out degree: 10 (node 22)
	source 27 (node 22) with out degree 10
	target 57 (node 32) with in degree 2747

Execution time and memory used at after iteration 109 (MF = 1.056583): 3.084317e+05 seconds, 3430531072 bytes of memory usage, 9433752 kB of memory peak and 3-13:40:53 elapsed time
Statistics on the network after iteration 109 (MF = 1.056583)
	Number of nodes: 400727
	Number of allocated nodes: 401408
	Number of edges: 3200440
	Maximum in degree: 2747 (node 32)
	Maximum out degree: 10 (node 22)
	source 27 (node 22) with out degree 10
	target 57 (node 32) with in degree 2747

Execution time and memory used at after iteration 110 (MF = 0.963003): 3.118472e+05 seconds, 3430531072 bytes of memory usage, 9433752 kB of memory peak and 3-14:37:49 elapsed time
Statistics on the network after iteration 110 (MF = 0.963003)
	Number of nodes: 400727
	Number of allocated nodes: 401408
	Number of edges: 3200440
	Maximum in degree: 2747 (node 32)
	Maximum out degree: 10 (node 22)
	source 27 (node 22) with out degree 10
	target 57 (node 32) with in degree 2747

Execution time and memory used at after iteration 111 (MF = 1.076532): 3.150419e+05 seconds, 3430531072 bytes of memory usage, 9433752 kB of memory peak and 3-15:31:04 elapsed time
Statistics on the network after iteration 111 (MF = 1.076532)
	Number of nodes: 400727
	Number of allocated nodes: 401408
	Number of edges: 3200440
	Maximum in degree: 2747 (node 32)
	Maximum out degree: 10 (node 22)
	source 27 (node 22) with out degree 10
	target 57 (node 32) with in degree 2747

Execution time and memory used at after iteration 112 (MF = 0.922017): 3.182604e+05 seconds, 3430531072 bytes of memory usage, 9433752 kB of memory peak and 3-16:24:42 elapsed time
Statistics on the network after iteration 112 (MF = 0.922017)
	Number of nodes: 400727
	Number of allocated nodes: 401408
	Number of edges: 3200440
	Maximum in degree: 2747 (node 32)
	Maximum out degree: 10 (node 22)
	source 27 (node 22) with out degree 10
	target 57 (node 32) with in degree 2747

Execution time and memory used at after iteration 113 (MF = 0.919840): 3.217550e+05 seconds, 3430531072 bytes of memory usage, 9433752 kB of memory peak and 3-17:22:57 elapsed time
Statistics on the network after iteration 113 (MF = 0.919840)
	Number of nodes: 400727
	Number of allocated nodes: 401408
	Number of edges: 3200440
	Maximum in degree: 2747 (node 32)
	Maximum out degree: 10 (node 22)
	source 27 (node 22) with out degree 10
	target 57 (node 32) with in degree 2747

Execution time and memory used at after iteration 114 (MF = 1.033370): 3.252348e+05 seconds, 3430531072 bytes of memory usage, 9433752 kB of memory peak and 3-18:20:57 elapsed time
Statistics on the network after iteration 114 (MF = 1.033370)
	Number of nodes: 400727
	Number of allocated nodes: 401408
	Number of edges: 3200440
	Maximum in degree: 2747 (node 32)
	Maximum out degree: 10 (node 22)
	source 27 (node 22) with out degree 10
	target 57 (node 32) with in degree 2747

Execution time and memory used at after iteration 115 (MF = 1.056583): 3.288115e+05 seconds, 3430531072 bytes of memory usage, 9433752 kB of memory peak and 3-19:20:34 elapsed time
Statistics on the network after iteration 115 (MF = 1.056583)
	Number of nodes: 400727
	Number of allocated nodes: 401408
	Number of edges: 3200440
	Maximum in degree: 2747 (node 32)
	Maximum out degree: 10 (node 22)
	source 27 (node 22) with out degree 10
	target 57 (node 32) with in degree 2747

Execution time and memory used at after iteration 116 (MF = 0.890461): 3.334494e+05 seconds, 3430531072 bytes of memory usage, 10046340 kB of memory peak and 3-20:37:52 elapsed time
Statistics on the network after iteration 116 (MF = 0.890461)
	Number of nodes: 400727
	Number of allocated nodes: 401408
	Number of edges: 3200440
	Maximum in degree: 2747 (node 32)
	Maximum out degree: 10 (node 22)
	source 27 (node 22) with out degree 10
	target 57 (node 32) with in degree 2747

Execution time and memory used at after iteration 117 (MF = 0.673196): 3.355778e+05 seconds, 3430531072 bytes of memory usage, 10046340 kB of memory peak and 3-21:13:20 elapsed time
Statistics on the network after iteration 117 (MF = 0.673196)
	Number of nodes: 400727
	Number of allocated nodes: 401408
	Number of edges: 3200440
	Maximum in degree: 2747 (node 32)
	Maximum out degree: 10 (node 22)
	source 27 (node 22) with out degree 10
	target 57 (node 32) with in degree 2747

Execution time and memory used at after iteration 118 (MF = 1.076532): 3.379737e+05 seconds, 3430531072 bytes of memory usage, 10046340 kB of memory peak and 3-21:53:16 elapsed time
Statistics on the network after iteration 118 (MF = 1.076532)
	Number of nodes: 400727
	Number of allocated nodes: 401408
	Number of edges: 3200440
	Maximum in degree: 2747 (node 32)
	Maximum out degree: 10 (node 22)
	source 27 (node 22) with out degree 10
	target 57 (node 32) with in degree 2747

Execution time and memory used at after iteration 119 (MF = 0.963003): 3.403958e+05 seconds, 3430531072 bytes of memory usage, 10046340 kB of memory peak and 3-22:33:39 elapsed time
Statistics on the network after iteration 119 (MF = 0.963003)
	Number of nodes: 400727
	Number of allocated nodes: 401408
	Number of edges: 3200440
	Maximum in degree: 2747 (node 32)
	Maximum out degree: 10 (node 22)
	source 27 (node 22) with out degree 10
	target 57 (node 32) with in degree 2747

Execution time and memory used at after iteration 120 (MF = 0.621328): 3.417608e+05 seconds, 3430531072 bytes of memory usage, 10046340 kB of memory peak and 3-22:56:24 elapsed time
Statistics on the network after iteration 120 (MF = 0.621328)
	Number of nodes: 400727
	Number of allocated nodes: 401408
	Number of edges: 3200440
	Maximum in degree: 2747 (node 32)
	Maximum out degree: 10 (node 22)
	source 27 (node 22) with out degree 10
	target 57 (node 32) with in degree 2747

Execution time and memory used at after iteration 121 (MF = 1.076532): 3.434162e+05 seconds, 3430531072 bytes of memory usage, 10046340 kB of memory peak and 3-23:23:59 elapsed time
Statistics on the network after iteration 121 (MF = 1.076532)
	Number of nodes: 400727
	Number of allocated nodes: 401408
	Number of edges: 3200440
	Maximum in degree: 2747 (node 32)
	Maximum out degree: 10 (node 22)
	source 27 (node 22) with out degree 10
	target 57 (node 32) with in degree 2747

Execution time and memory used at after iteration 122 (MF = 1.076532): 3.451176e+05 seconds, 3430531072 bytes of memory usage, 10046340 kB of memory peak and 3-23:52:21 elapsed time
Statistics on the network after iteration 122 (MF = 1.076532)
	Number of nodes: 400727
	Number of allocated nodes: 401408
	Number of edges: 3200440
	Maximum in degree: 2747 (node 32)
	Maximum out degree: 10 (node 22)
	source 27 (node 22) with out degree 10
	target 57 (node 32) with in degree 2747
