GLPSOL--GLPK LP/MIP Solver 5.0
Parameter(s) specified in the command line:
 --lp input/soc-sign-bitcoin-otc.html/soc-sign-bitcoinotc.csv.gz.205.lp -o
 input/soc-sign-bitcoin-otc.html/soc-sign-bitcoinotc.csv.gz.205.lp.sol
Reading problem data from 'input/soc-sign-bitcoin-otc.html/soc-sign-bitcoinotc.csv.gz.205.lp'...
35595 rows, 77065 columns, 177962 non-zeros
77065 integer variables, all of which are binary
112665 lines were read
GLPK Integer Optimizer 5.0
35595 rows, 77065 columns, 177962 non-zeros
77065 integer variables, all of which are binary
Preprocessing...
34652 rows, 76115 columns, 173021 non-zeros
76115 integer variables, all of which are binary
Scaling...
 A: min|aij| =  1.000e+00  max|aij| =  1.000e+00  ratio =  1.000e+00
Problem data seem to be well scaled
Constructing initial basis...
Size of triangular part is 34652
Solving LP relaxation...
GLPK Simplex Optimizer 5.0
34652 rows, 76115 columns, 173021 non-zeros
      0: obj =   0.000000000e+00 inf =   4.120e+02 (412)
    412: obj =   2.746664020e+02 inf =   0.000e+00 (0)
Perturbing LP to avoid stalling [615]...
*  3003: obj =   2.664468340e+02 inf =   0.000e+00 (590) 23
*  5275: obj =   2.664468340e+02 inf =   0.000e+00 (578) 22
*  7335: obj =   2.664468340e+02 inf =   0.000e+00 (550) 20
*  9216: obj =   2.664468340e+02 inf =   0.000e+00 (581) 18
* 10956: obj =   2.664468340e+02 inf =   0.000e+00 (610) 17
* 12641: obj =   2.664468340e+02 inf =   0.000e+00 (634) 16
* 14065: obj =   2.621205718e+02 inf =   1.041e-16 (5037) 14
* 15000: obj =   2.600715922e+02 inf =   0.000e+00 (5648) 9
* 15833: obj =   2.596660249e+02 inf =   1.744e-05 (5611) 8
* 16627: obj =   2.596660093e+02 inf =   2.476e-03 (5537) 8
* 17443: obj =   2.482857222e+02 inf =   6.188e-03 (5226) 8
* 18271: obj =   1.806607701e+02 inf =   7.847e-03 (4722) 7
* 19024: obj =   1.806607217e+02 inf =   1.324e-02 (4638) 8
* 19810: obj =   1.806606736e+02 inf =   1.986e-02 (4606) 7
* 20539: obj =   1.806606350e+02 inf =   2.516e-02 (4579) 8
* 21325: obj =   1.806605939e+02 inf =   2.998e-02 (4487) 7
* 22056: obj =   1.806605460e+02 inf =   3.165e-02 (4456) 8
* 22861: obj =   1.785673282e+02 inf =   2.892e-02 (4566) 7
* 23608: obj =   1.783142869e+02 inf =   2.669e-02 (4896) 8
* 24364: obj =   1.775045665e+02 inf =   2.647e-02 (4866) 7
* 25089: obj =   1.761687550e+02 inf =   2.635e-02 (4759) 7
* 26282: obj =   1.751651849e+02 inf =   1.916e-02 (5813) 11
* 28330: obj =   1.715360145e+02 inf =   1.759e-02 (14598) 16
* 29854: obj =   1.690497840e+02 inf =   2.208e-02 (6847) 14
* 30569: obj =   1.690497422e+02 inf =   2.396e-02 (6819) 7
* 31335: obj =   1.658217717e+02 inf =   2.470e-02 (6643) 7
* 32081: obj =   1.646808207e+02 inf =   2.841e-02 (6632) 8
* 32831: obj =   1.646808012e+02 inf =   2.783e-02 (6562) 7
* 34133: obj =   1.645398655e+02 inf =   2.217e-02 (10673) 12
* 36055: obj =   1.107724125e+02 inf =   2.047e-02 (13843) 16
* 37956: obj =   9.327789613e+01 inf =   1.875e-02 (13430) 17
* 39745: obj =   8.998561744e+01 inf =   1.853e-02 (10582) 16
* 41448: obj =   8.475201684e+01 inf =   1.675e-02 (12632) 15
* 43128: obj =   8.340517074e+01 inf =   1.537e-02 (12025) 15
* 44622: obj =   8.317777213e+01 inf =   2.290e-02 (10940) 13
* 45801: obj =   8.317766995e+01 inf =   3.090e-02 (10744) 11
* 47073: obj =   8.317753087e+01 inf =   3.790e-02 (10514) 12
* 48462: obj =   8.317731342e+01 inf =   4.422e-02 (10366) 14
* 49638: obj =   8.317713657e+01 inf =   5.318e-02 (10163) 11
* 50808: obj =   8.317696323e+01 inf =   5.586e-02 (10034) 11
* 51931: obj =   8.266523732e+01 inf =   5.835e-02 (9891) 10
* 53050: obj =   8.266497368e+01 inf =   6.279e-02 (9788) 11
* 54286: obj =   8.266468028e+01 inf =   6.813e-02 (9633) 11
* 55807: obj =   8.266428129e+01 inf =   7.417e-02 (9413) 15
* 57412: obj =   8.266373371e+01 inf =   7.865e-02 (9112) 15
* 58945: obj =   8.266343544e+01 inf =   7.854e-02 (8949) 14
* 60434: obj =   8.266297963e+01 inf =   8.000e-02 (8756) 14
* 62098: obj =   8.266227255e+01 inf =   7.808e-02 (8543) 15
* 63666: obj =   8.266191585e+01 inf =   7.589e-02 (8397) 14
* 65312: obj =   8.218858662e+01 inf =   7.054e-02 (8205) 16
* 66962: obj =   8.218826204e+01 inf =   6.575e-02 (7826) 13
* 68792: obj =   8.179970777e+01 inf =   6.061e-02 (7254) 15
* 70471: obj =   8.093732649e+01 inf =   5.514e-02 (8515) 13
* 71531: obj =   8.038202198e+01 inf =   5.269e-02 (6636) 11
* 72606: obj =   7.943546636e+01 inf =   5.000e-02 (6369) 10
* 73640: obj =   7.942080625e+01 inf =   4.731e-02 (6230) 10
* 74666: obj =   7.941568303e+01 inf =   4.413e-02 (6197) 10
* 75747: obj =   7.884475031e+01 inf =   4.269e-02 (6019) 10
* 76797: obj =   7.843865612e+01 inf =   4.043e-02 (5843) 11
* 77721: obj =   7.802891140e+01 inf =   3.960e-02 (5596) 8
* 78758: obj =   7.717674327e+01 inf =   3.832e-02 (5327) 10
* 79929: obj =   7.639254570e+01 inf =   3.547e-02 (4963) 11
* 81072: obj =   7.540595218e+01 inf =   3.343e-02 (4712) 11
* 82235: obj =   7.401842580e+01 inf =   3.121e-02 (4422) 12
* 83280: obj =   7.258753635e+01 inf =   2.902e-02 (4235) 10
* 84181: obj =   7.101050510e+01 inf =   2.734e-02 (4034) 9
* 85063: obj =   7.003001680e+01 inf =   2.746e-02 (3797) 8
* 86258: obj =   6.819069942e+01 inf =   2.590e-02 (3686) 12
* 87531: obj =   6.622626134e+01 inf =   2.505e-02 (3211) 12
* 88827: obj =   6.584739144e+01 inf =   2.328e-02 (2695) 12
* 90086: obj =   6.426293982e+01 inf =   2.205e-02 (2463) 12
* 91336: obj =   6.177413873e+01 inf =   2.102e-02 (2227) 12
* 92548: obj =   5.918897303e+01 inf =   2.133e-02 (2217) 12
* 93762: obj =   5.660778873e+01 inf =   2.216e-02 (2109) 12
* 95010: obj =   5.197688038e+01 inf =   2.205e-02 (1401) 12
* 96427: obj =   5.197668010e+01 inf =   2.180e-02 (1266) 14
* 98088: obj =   5.197253805e+01 inf =   1.937e-02 (1201) 16
*100116: obj =   5.097647565e+01 inf =   1.761e-02 (259) 16
Removing LP perturbation [100387]...
*100387: obj =   5.092834700e+01 inf =   0.000e+00 (0) 2
OPTIMAL LP SOLUTION FOUND
Integer optimization begins...
Long-step dual simplex will be used
+100387: mip =     not found yet >=              -inf        (1; 0)
+100387: >>>>>   5.092834700e+01 >=   5.092834700e+01   0.0% (1; 0)
+100387: mip =   5.092834700e+01 >=     tree is empty   0.0% (0; 1)
INTEGER OPTIMAL SOLUTION FOUND
Time used:   392.4 secs
Memory used: 91.3 Mb (95689201 bytes)
Writing MIP solution to 'input/soc-sign-bitcoin-otc.html/soc-sign-bitcoinotc.csv.gz.205.lp.sol'...
Objective:  obj = 50.928347 (MINimum)
