	Command being timed: "/usr/app/src/glpk-5.0/examples/glpsol --lp input/soc-sign-bitcoin-otc.html/soc-sign-bitcoinotc.csv.gz.205.lp -o input/soc-sign-bitcoin-otc.html/soc-sign-bitcoinotc.csv.gz.205.lp.sol"
	User time (seconds): 392.26
	System time (seconds): 0.67
	Percent of CPU this job got: 99%
	Elapsed (wall clock) time (h:mm:ss or m:ss): 6:32.97
	Average shared text size (kbytes): 0
	Average unshared data size (kbytes): 0
	Average stack size (kbytes): 0
	Average total size (kbytes): 0
	Maximum resident set size (kbytes): 91684
	Average resident set size (kbytes): 0
	Major (requiring I/O) page faults: 0
	Minor (reclaiming a frame) page faults: 60170
	Voluntary context switches: 57
	Involuntary context switches: 605
	Swaps: 0
	File system inputs: 0
	File system outputs: 14640
	Socket messages sent: 0
	Socket messages received: 0
	Signals delivered: 0
	Page size (bytes): 4096
	Exit status: 0
