	Command being timed: "/usr/app/src/glpk-5.0/examples/glpsol --lp input/as-Skitter.html/as-skitter.txt.gz.3710.lp.reach_chain_detours.lp -o input/as-Skitter.html/as-skitter.txt.gz.3710.lp.reach_chain_detours.lp.sol"
	User time (seconds): 288.75
	System time (seconds): 2.52
	Percent of CPU this job got: 99%
	Elapsed (wall clock) time (h:mm:ss or m:ss): 4:51.30
	Average shared text size (kbytes): 0
	Average unshared data size (kbytes): 0
	Average stack size (kbytes): 0
	Average total size (kbytes): 0
	Maximum resident set size (kbytes): 989876
	Average resident set size (kbytes): 0
	Major (requiring I/O) page faults: 1
	Minor (reclaiming a frame) page faults: 435698
	Voluntary context switches: 64
	Involuntary context switches: 342
	Swaps: 0
	File system inputs: 24
	File system outputs: 182656
	Socket messages sent: 0
	Socket messages received: 0
	Signals delivered: 0
	Page size (bytes): 4096
	Exit status: 0
