	Command being timed: "/usr/app/src/main -e 0.1 12 input/amazon0302.html/amazon0302.txt.gz 1"
	User time (seconds): 41099.74
	System time (seconds): 214.68
	Percent of CPU this job got: 99%
	Elapsed (wall clock) time (h:mm:ss or m:ss): 11:28:36
	Average shared text size (kbytes): 0
	Average unshared data size (kbytes): 0
	Average stack size (kbytes): 0
	Average total size (kbytes): 0
	Maximum resident set size (kbytes): 1600308
	Average resident set size (kbytes): 0
	Major (requiring I/O) page faults: 0
	Minor (reclaiming a frame) page faults: 16202539
	Voluntary context switches: 1040
	Involuntary context switches: 54231
	Swaps: 0
	File system inputs: 0
	File system outputs: 608
	Socket messages sent: 0
	Socket messages received: 0
	Signals delivered: 0
	Page size (bytes): 4096
	Exit status: 0
