GLPSOL--GLPK LP/MIP Solver 5.0
Parameter(s) specified in the command line:
 --lp input/sx-askubuntu.html/sx-askubuntu-a2q.txt.gz.348.lp -o input/sx-askubuntu.html/sx-askubuntu-a2q.txt.gz.348.lp.sol
Reading problem data from 'input/sx-askubuntu.html/sx-askubuntu-a2q.txt.gz.348.lp'...
247256 rows, 628541 columns, 1236267 non-zeros
628541 integer variables, all of which are binary
875802 lines were read
GLPK Integer Optimizer 5.0
247256 rows, 628541 columns, 1236267 non-zeros
628541 integer variables, all of which are binary
Preprocessing...
1 hidden packing inequaliti(es) were detected
246531 rows, 627724 columns, 1230737 non-zeros
627724 integer variables, all of which are binary
Scaling...
 A: min|aij| =  1.000e+00  max|aij| =  1.000e+00  ratio =  1.000e+00
Problem data seem to be well scaled
Constructing initial basis...
Size of triangular part is 246531
Solving LP relaxation...
GLPK Simplex Optimizer 5.0
246531 rows, 627724 columns, 1230737 non-zeros
      0: obj =   0.000000000e+00 inf =   5.890e+02 (589)
    453: obj =   6.051917614e+11 inf =   1.360e+02 (136)
    589: obj =   7.956470956e+11 inf =   0.000e+00 (0)
Perturbing LP to avoid stalling [788]...
*  1074: obj =   7.956470956e+11 inf =   0.000e+00 (1074)
*  1506: obj =   7.927335747e+11 inf =   0.000e+00 (1193) 2
*  1898: obj =   7.927335747e+11 inf =   0.000e+00 (1205) 4
*  2276: obj =   7.927335747e+11 inf =   0.000e+00 (1223) 4
*  2648: obj =   7.927335747e+11 inf =   0.000e+00 (1214) 3
*  3010: obj =   7.927335747e+11 inf =   0.000e+00 (1229) 4
*  3364: obj =   7.927335747e+11 inf =   0.000e+00 (1237) 3
*  3711: obj =   7.927335747e+11 inf =   0.000e+00 (1261) 3
*  4051: obj =   7.927335747e+11 inf =   0.000e+00 (1268) 3
*  4383: obj =   7.927335747e+11 inf =   0.000e+00 (1289) 3
*  4708: obj =   7.927335747e+11 inf =   0.000e+00 (1281) 3
*  5028: obj =   7.927335747e+11 inf =   0.000e+00 (1281) 3
*  5343: obj =   7.927335747e+11 inf =   0.000e+00 (1292) 3
*  5653: obj =   7.927335747e+11 inf =   0.000e+00 (1311) 3
*  5961: obj =   7.927335747e+11 inf =   0.000e+00 (1323) 3
*  6265: obj =   7.927335747e+11 inf =   0.000e+00 (1314) 3
*  6564: obj =   7.927335747e+11 inf =   0.000e+00 (1310) 3
*  6862: obj =   7.927335747e+11 inf =   0.000e+00 (1336) 3
*  7156: obj =   7.927335747e+11 inf =   0.000e+00 (1338) 3
*  7445: obj =   7.927335747e+11 inf =   0.000e+00 (1349) 3
*  7736: obj =   7.927335747e+11 inf =   0.000e+00 (1363) 3
*  8022: obj =   7.927335747e+11 inf =   0.000e+00 (1359) 2
*  8312: obj =   7.563264568e+11 inf =   1.665e-16 (5085) 3
*  8602: obj =   7.563264568e+11 inf =   0.000e+00 (5065) 3
*  8898: obj =   7.160377658e+11 inf =   0.000e+00 (5002) 3
*  9221: obj =   6.978304081e+11 inf =   0.000e+00 (4932) 3
*  9664: obj =   4.534965039e+11 inf =   1.110e-15 (4770) 1
* 10004: obj =   4.077452469e+11 inf =   0.000e+00 (4751) 3
* 10315: obj =   4.077452469e+11 inf =   0.000e+00 (4733) 3
* 10630: obj =   4.077452469e+11 inf =   0.000e+00 (4710) 3
* 10982: obj =   3.936100637e+11 inf =   1.351e-04 (4670) 2
* 11319: obj =   3.670895056e+11 inf =   5.151e-04 (4633) 3
* 11658: obj =   2.923895184e+11 inf =   1.422e-03 (4402) 2
* 11963: obj =   2.776946575e+11 inf =   4.532e-03 (4373) 3
* 12251: obj =   2.776946263e+11 inf =   7.797e-03 (4419) 2
* 12538: obj =   2.776945960e+11 inf =   1.004e-02 (4420) 3
* 12827: obj =   2.776945440e+11 inf =   1.431e-02 (4401) 2
* 13111: obj =   2.776945010e+11 inf =   1.805e-02 (4406) 3
* 13368: obj =   2.776944564e+11 inf =   2.139e-02 (4425) 2
* 13636: obj =   2.776944267e+11 inf =   2.405e-02 (4436) 2
* 13913: obj =   2.776943933e+11 inf =   2.736e-02 (4442) 2
* 14196: obj =   2.776943263e+11 inf =   3.363e-02 (4458) 3
* 14467: obj =   2.776942918e+11 inf =   3.725e-02 (4484) 3
* 14737: obj =   2.776942296e+11 inf =   4.226e-02 (4497) 2
* 15013: obj =   2.776941684e+11 inf =   4.767e-02 (4496) 2
* 15285: obj =   2.776941130e+11 inf =   5.206e-02 (4505) 3
* 15573: obj =   2.776940580e+11 inf =   5.409e-02 (4507) 2
* 15871: obj =   2.776940304e+11 inf =   5.381e-02 (4539) 3
* 16151: obj =   2.776939412e+11 inf =   5.867e-02 (4534) 3
* 16444: obj =   2.776939077e+11 inf =   5.841e-02 (4552) 2
* 16730: obj =   2.776938137e+11 inf =   6.082e-02 (4557) 3
* 17021: obj =   2.776937668e+11 inf =   6.247e-02 (4573) 2
* 17314: obj =   2.776937594e+11 inf =   6.093e-02 (4603) 3
* 17598: obj =   2.776937365e+11 inf =   6.022e-02 (4619) 2
* 17877: obj =   2.775653777e+11 inf =   5.701e-02 (4604) 3
* 18142: obj =   2.775652801e+11 inf =   4.951e-02 (4563) 3
* 18417: obj =   2.775652177e+11 inf =   4.573e-02 (4540) 2
* 18708: obj =   2.752460219e+11 inf =   4.494e-02 (4501) 3
* 18984: obj =   2.751984115e+11 inf =   3.901e-02 (4534) 2
* 19267: obj =   2.751982134e+11 inf =   3.739e-02 (4489) 3
* 19547: obj =   2.751980122e+11 inf =   3.731e-02 (4445) 3
* 19841: obj =   2.751978929e+11 inf =   3.832e-02 (4413) 3
* 20147: obj =   2.751978097e+11 inf =   4.030e-02 (4345) 2
* 20459: obj =   2.751001945e+11 inf =   4.005e-02 (4337) 3
* 20763: obj =   2.691743237e+11 inf =   3.756e-02 (4332) 3
* 21073: obj =   2.691739430e+11 inf =   3.627e-02 (4298) 3
* 21379: obj =   2.691736860e+11 inf =   3.406e-02 (4287) 3
* 21690: obj =   2.655387831e+11 inf =   3.317e-02 (4223) 3
* 22019: obj =   2.606779900e+11 inf =   3.352e-02 (4153) 3
* 22364: obj =   2.436546524e+11 inf =   3.164e-02 (4057) 2
* 22701: obj =   1.949959894e+11 inf =   2.952e-02 (6892) 3
* 23033: obj =   1.938846461e+11 inf =   2.814e-02 (3933) 2
* 23372: obj =   1.086593643e+11 inf =   2.751e-02 (518) 3
* 23709: obj =   5.213901228e+10 inf =   2.721e-02 (5510) 2
* 24034: obj =   4.560286373e+10 inf =   2.801e-02 (5407) 3
* 24378: obj =  -2.479066538e+04 inf =   2.811e-02 (284) 3
* 24726: obj =  -3.859218259e+04 inf =   2.622e-02 (227) 3
* 25067: obj =  -7.543080811e+04 inf =   2.565e-02 (272) 3
* 25354: obj =  -1.908599949e+05 inf =   2.979e-02 (333) 2
* 25605: obj =  -2.340824563e+05 inf =   3.130e-02 (355) 3
* 25853: obj =  -3.117020413e+05 inf =   3.337e-02 (361) 2
* 26101: obj =  -3.690612754e+05 inf =   3.467e-02 (384) 2
* 26347: obj =  -4.029705035e+05 inf =   3.563e-02 (405) 2
* 26591: obj =  -4.856805008e+05 inf =   3.857e-02 (390) 3
* 26835: obj =  -5.817370684e+05 inf =   4.212e-02 (391) 2
* 27080: obj =  -6.501179330e+05 inf =   4.443e-02 (403) 2
* 27324: obj =  -7.043994971e+05 inf =   4.618e-02 (387) 2
* 27567: obj =  -7.902587314e+05 inf =   4.924e-02 (391) 2
* 27808: obj =  -8.300850165e+05 inf =   5.012e-02 (391) 2
* 28046: obj =  -9.144670009e+05 inf =   5.264e-02 (396) 3
* 28288: obj =  -1.051097007e+06 inf =   5.699e-02 (383) 2
* 28531: obj =  -1.134834990e+06 inf =   5.914e-02 (391) 2
* 28771: obj =  -1.265125945e+06 inf =   6.299e-02 (381) 2
* 29011: obj =  -1.427700493e+06 inf =   6.776e-02 (377) 3
* 29254: obj =  -1.506535427e+06 inf =   6.905e-02 (376) 2
* 29494: obj =  -1.616458318e+06 inf =   7.108e-02 (372) 2
* 29734: obj =  -1.684950197e+06 inf =   7.155e-02 (369) 2
* 29978: obj =  -1.810709037e+06 inf =   7.368e-02 (367) 2
* 30217: obj =  -1.913368795e+06 inf =   7.465e-02 (368) 3
* 30459: obj =  -1.951345894e+06 inf =   7.378e-02 (368) 2
* 30699: obj =  -2.065103335e+06 inf =   7.452e-02 (360) 2
* 30938: obj =  -2.130419176e+06 inf =   7.389e-02 (365) 2
* 31181: obj =  -2.223042104e+06 inf =   7.335e-02 (363) 2
* 31417: obj =  -2.325661349e+06 inf =   7.314e-02 (357) 3
* 31657: obj =  -2.468544459e+06 inf =   7.335e-02 (369) 2
* 31895: obj =  -2.517255744e+06 inf =   7.186e-02 (360) 2
* 32138: obj =  -2.669332714e+06 inf =   7.164e-02 (363) 2
* 32378: obj =  -2.752857484e+06 inf =   7.002e-02 (366) 2
* 32614: obj =  -2.885496117e+06 inf =   6.907e-02 (360) 3
* 32853: obj =  -2.991108383e+06 inf =   6.730e-02 (370) 2
* 33096: obj =  -3.140925685e+06 inf =   6.556e-02 (368) 2
* 33338: obj =  -3.211376685e+06 inf =   6.275e-02 (377) 2
* 33578: obj =  -3.299693816e+06 inf =   5.937e-02 (354) 2
* 33812: obj =  -3.384031051e+06 inf =   5.611e-02 (358) 3
* 34054: obj =  -3.456727494e+06 inf =   5.283e-02 (359) 2
* 34298: obj =  -3.518566048e+06 inf =   4.933e-02 (260) 2
* 34577: obj =  -3.547122505e+06 inf =   4.738e-02 (55) 3
Removing LP perturbation [34721]...
* 34721: obj =   0.000000000e+00 inf =   0.000e+00 (0) 1
OPTIMAL LP SOLUTION FOUND
Integer optimization begins...
Long-step dual simplex will be used
+ 34721: mip =     not found yet >=              -inf        (1; 0)
Solution found by heuristic: 0
+ 34721: mip =   0.000000000e+00 >=     tree is empty   0.0% (0; 1)
INTEGER OPTIMAL SOLUTION FOUND
Time used:   597.2 secs
Memory used: 695.1 Mb (728869542 bytes)
Writing MIP solution to 'input/sx-askubuntu.html/sx-askubuntu-a2q.txt.gz.348.lp.sol'...
Objective:  obj = 0 (MINimum)
