GLPSOL--GLPK LP/MIP Solver 5.0
Parameter(s) specified in the command line:
 --lp input/gemsec-Deezer.html/RO_edges.csv.gz.48.lp -o input/gemsec-Deezer.html/RO_edges.csv.gz.48.lp.sol
Reading problem data from 'input/gemsec-Deezer.html/RO_edges.csv.gz.48.lp'...
125830 rows, 293429 columns, 629137 non-zeros
293429 integer variables, all of which are binary
419264 lines were read
GLPK Integer Optimizer 5.0
125830 rows, 293429 columns, 629137 non-zeros
293429 integer variables, all of which are binary
Preprocessing...
125808 rows, 293407 columns, 628881 non-zeros
293407 integer variables, all of which are binary
Scaling...
 A: min|aij| =  1.000e+00  max|aij| =  1.000e+00  ratio =  1.000e+00
Problem data seem to be well scaled
Constructing initial basis...
Size of triangular part is 125808
Solving LP relaxation...
GLPK Simplex Optimizer 5.0
125808 rows, 293407 columns, 628881 non-zeros
      0: obj =   0.000000000e+00 inf =   6.500e+01 (65)
     65: obj =   3.518966100e+01 inf =   0.000e+00 (0)
Perturbing LP to avoid stalling [313]...
*   952: obj =   6.011494000e+00 inf =   0.000e+00 (327) 4
*  1698: obj =   2.643680000e-01 inf =   0.000e+00 (462) 5
*  2438: obj =   2.643680000e-01 inf =   0.000e+00 (464) 6
Removing LP perturbation [2612]...
*  2612: obj =   0.000000000e+00 inf =   0.000e+00 (0) 2
OPTIMAL LP SOLUTION FOUND
Integer optimization begins...
Long-step dual simplex will be used
+  2612: mip =     not found yet >=              -inf        (1; 0)
Solution found by heuristic: 0
+  2612: mip =   0.000000000e+00 >=     tree is empty   0.0% (0; 1)
INTEGER OPTIMAL SOLUTION FOUND
Time used:   17.6 secs
Memory used: 339.6 Mb (356109037 bytes)
Writing MIP solution to 'input/gemsec-Deezer.html/RO_edges.csv.gz.48.lp.sol'...
Objective:  obj = 0 (MINimum)
