GLPSOL--GLPK LP/MIP Solver 5.0
Parameter(s) specified in the command line:
 --lp input/soc-RedditHyperlinks.html/soc-redditHyperlinks-title.tsv.gz.13.lp
 -o input/soc-RedditHyperlinks.html/soc-redditHyperlinks-title.tsv.gz.13.lp.sol
Reading problem data from 'input/soc-RedditHyperlinks.html/soc-redditHyperlinks-title.tsv.gz.13.lp'...
234795 rows, 523659 columns, 1173962 non-zeros
523659 integer variables, all of which are binary
758459 lines were read
GLPK Integer Optimizer 5.0
234795 rows, 523659 columns, 1173962 non-zeros
523659 integer variables, all of which are binary
Preprocessing...
234306 rows, 523130 columns, 1168766 non-zeros
523130 integer variables, all of which are binary
Scaling...
 A: min|aij| =  1.000e+00  max|aij| =  1.000e+00  ratio =  1.000e+00
Problem data seem to be well scaled
Constructing initial basis...
Size of triangular part is 234306
Solving LP relaxation...
GLPK Simplex Optimizer 5.0
234306 rows, 523130 columns, 1168766 non-zeros
      0: obj =   0.000000000e+00 inf =   1.350e+02 (135)
    135: obj =   7.578705000e+00 inf =   0.000e+00 (0)
Perturbing LP to avoid stalling [338]...
*   479: obj =   6.002623000e+00 inf =   0.000e+00 (172) 2
*   733: obj =   6.002623000e+00 inf =   0.000e+00 (169) 3
*   982: obj =   5.558088000e+00 inf =   0.000e+00 (163) 2
*  1237: obj =   5.558088000e+00 inf =   0.000e+00 (161) 2
*  1532: obj =   5.558088000e+00 inf =   0.000e+00 (157) 3
*  1831: obj =   5.307916000e+00 inf =   0.000e+00 (164) 3
*  2133: obj =   5.307916000e+00 inf =   0.000e+00 (175) 3
*  2437: obj =   5.307916000e+00 inf =   0.000e+00 (175) 3
*  2707: obj =   5.307916000e+00 inf =   0.000e+00 (147) 3
*  2975: obj =   5.206060000e+00 inf =   0.000e+00 (177) 2
*  3239: obj =   5.206060000e+00 inf =   0.000e+00 (158) 3
*  3531: obj =   5.206060000e+00 inf =   0.000e+00 (185) 2
*  3805: obj =   5.206060000e+00 inf =   0.000e+00 (184) 3
*  4100: obj =   5.206060000e+00 inf =   0.000e+00 (181) 3
*  4371: obj =   5.206060000e+00 inf =   0.000e+00 (159) 3
*  4637: obj =   5.206060000e+00 inf =   0.000e+00 (166) 2
*  4889: obj =   5.206060000e+00 inf =   0.000e+00 (166) 3
*  5182: obj =   5.008809000e+00 inf =   0.000e+00 (2955) 3
*  5400: obj =   5.008809000e+00 inf =   0.000e+00 (2865) 2
*  5616: obj =   5.008809000e+00 inf =   0.000e+00 (2809) 2
*  5836: obj =   5.008809000e+00 inf =   0.000e+00 (2747) 2
*  6055: obj =   5.008809000e+00 inf =   0.000e+00 (2682) 2
*  6301: obj =   5.008809000e+00 inf =   0.000e+00 (2668) 2
*  6602: obj =   5.008809000e+00 inf =   0.000e+00 (2650) 3
*  6863: obj =   5.008809000e+00 inf =   0.000e+00 (2617) 3
*  7121: obj =   5.008809000e+00 inf =   0.000e+00 (2591) 3
*  7391: obj =   5.008809000e+00 inf =   0.000e+00 (2584) 2
*  7703: obj =   5.008809000e+00 inf =   0.000e+00 (2538) 3
*  7967: obj =   5.008809000e+00 inf =   0.000e+00 (2522) 3
*  8235: obj =   5.008809000e+00 inf =   0.000e+00 (2510) 2
*  8535: obj =   5.008809000e+00 inf =   0.000e+00 (2450) 3
*  8806: obj =   5.008809000e+00 inf =   0.000e+00 (2439) 3
*  9075: obj =   5.008809000e+00 inf =   0.000e+00 (2425) 2
*  9356: obj =   5.008809000e+00 inf =   0.000e+00 (2386) 3
*  9623: obj =   5.008809000e+00 inf =   0.000e+00 (2352) 2
*  9945: obj =   5.008809000e+00 inf =   0.000e+00 (2257) 3
* 10237: obj =   4.914926000e+00 inf =   0.000e+00 (1801) 3
* 10498: obj =   4.914926000e+00 inf =   0.000e+00 (1818) 2
* 10736: obj =   4.821455000e+00 inf =   0.000e+00 (1770) 3
* 10958: obj =   4.821455000e+00 inf =   0.000e+00 (1693) 2
* 11202: obj =   4.821455000e+00 inf =   0.000e+00 (1637) 2
* 11456: obj =   4.821455000e+00 inf =   0.000e+00 (1571) 2
* 11711: obj =   4.821455000e+00 inf =   0.000e+00 (1513) 2
* 11949: obj =   4.821455000e+00 inf =   0.000e+00 (1427) 3
* 12169: obj =   4.821455000e+00 inf =   0.000e+00 (1396) 2
* 12385: obj =   4.821455000e+00 inf =   0.000e+00 (1322) 2
* 12614: obj =   4.821455000e+00 inf =   0.000e+00 (1316) 2
* 12865: obj =   4.821455000e+00 inf =   0.000e+00 (1269) 2
* 13105: obj =   4.821455000e+00 inf =   0.000e+00 (1249) 2
* 13338: obj =   4.821455000e+00 inf =   0.000e+00 (1230) 2
* 13558: obj =   4.821455000e+00 inf =   0.000e+00 (1258) 1
* 13801: obj =   4.821455000e+00 inf =   0.000e+00 (1206) 2
* 14041: obj =   4.821455000e+00 inf =   0.000e+00 (1157) 2
* 14279: obj =   4.821455000e+00 inf =   0.000e+00 (1159) 2
* 14528: obj =   4.821455000e+00 inf =   0.000e+00 (1070) 2
* 14739: obj =   4.821455000e+00 inf =   0.000e+00 (1049) 2
* 14955: obj =   4.821455000e+00 inf =   0.000e+00 (1045) 2
* 15157: obj =   4.821455000e+00 inf =   0.000e+00 (1043) 2
* 15384: obj =   4.821455000e+00 inf =   0.000e+00 (1040) 2
* 15583: obj =   4.821455000e+00 inf =   0.000e+00 (1041) 1
* 15780: obj =   4.821455000e+00 inf =   0.000e+00 (1036) 2
* 15982: obj =   4.821455000e+00 inf =   0.000e+00 (1040) 2
* 16197: obj =   4.821455000e+00 inf =   0.000e+00 (1053) 2
* 16406: obj =   4.821455000e+00 inf =   0.000e+00 (1063) 2
* 16617: obj =   4.821455000e+00 inf =   0.000e+00 (1056) 1
* 16816: obj =   4.821455000e+00 inf =   0.000e+00 (1073) 2
* 17011: obj =   4.821455000e+00 inf =   0.000e+00 (1069) 2
* 17206: obj =   4.821455000e+00 inf =   0.000e+00 (1069) 2
* 17409: obj =   4.821455000e+00 inf =   0.000e+00 (1063) 2
* 17616: obj =   4.821455000e+00 inf =   0.000e+00 (1073) 2
* 17823: obj =   4.821455000e+00 inf =   0.000e+00 (1070) 2
* 18031: obj =   4.821455000e+00 inf =   0.000e+00 (1065) 1
* 18217: obj =   4.821455000e+00 inf =   0.000e+00 (1061) 2
* 18387: obj =   4.821455000e+00 inf =   0.000e+00 (1059) 2
* 18579: obj =   4.821455000e+00 inf =   0.000e+00 (1063) 2
* 18771: obj =   4.821455000e+00 inf =   0.000e+00 (1061) 1
* 18970: obj =   4.821455000e+00 inf =   0.000e+00 (1061) 2
* 19160: obj =   4.821455000e+00 inf =   0.000e+00 (1075) 2
* 19354: obj =   4.821455000e+00 inf =   0.000e+00 (1089) 2
* 19545: obj =   4.821455000e+00 inf =   0.000e+00 (1079) 1
* 19737: obj =   4.821455000e+00 inf =   0.000e+00 (1093) 2
* 19917: obj =   4.821455000e+00 inf =   0.000e+00 (1083) 2
* 20088: obj =   4.821455000e+00 inf =   0.000e+00 (1081) 2
* 20262: obj =   4.821455000e+00 inf =   0.000e+00 (1092) 1
* 20444: obj =   4.821455000e+00 inf =   0.000e+00 (1095) 2
* 20641: obj =   4.821455000e+00 inf =   0.000e+00 (1096) 2
* 20834: obj =   4.821455000e+00 inf =   0.000e+00 (1095) 2
* 21020: obj =   4.821455000e+00 inf =   0.000e+00 (1100) 1
* 21201: obj =   4.821455000e+00 inf =   0.000e+00 (1095) 2
* 21387: obj =   4.821455000e+00 inf =   0.000e+00 (1098) 2
* 21580: obj =   4.821455000e+00 inf =   0.000e+00 (1098) 2
* 21782: obj =   4.821455000e+00 inf =   0.000e+00 (1100) 1
* 21980: obj =   4.821455000e+00 inf =   0.000e+00 (1085) 2
* 22181: obj =   4.821455000e+00 inf =   0.000e+00 (1112) 2
* 22369: obj =   4.821455000e+00 inf =   0.000e+00 (1114) 2
* 22546: obj =   4.821455000e+00 inf =   0.000e+00 (1118) 2
* 22733: obj =   4.821455000e+00 inf =   0.000e+00 (1114) 1
* 22920: obj =   4.821455000e+00 inf =   0.000e+00 (1112) 2
* 23112: obj =   4.821455000e+00 inf =   0.000e+00 (1113) 2
* 23307: obj =   4.821455000e+00 inf =   0.000e+00 (1108) 2
* 23495: obj =   4.821455000e+00 inf =   0.000e+00 (1127) 2
* 23683: obj =   4.821455000e+00 inf =   0.000e+00 (1123) 1
* 23870: obj =   4.821455000e+00 inf =   0.000e+00 (1119) 2
* 24060: obj =   4.821455000e+00 inf =   0.000e+00 (1120) 2
* 24257: obj =   4.821455000e+00 inf =   0.000e+00 (1130) 2
* 24446: obj =   4.821455000e+00 inf =   0.000e+00 (1130) 2
* 24638: obj =   4.821455000e+00 inf =   0.000e+00 (1135) 1
* 24821: obj =   4.821455000e+00 inf =   0.000e+00 (1130) 2
* 25005: obj =   4.821455000e+00 inf =   0.000e+00 (1121) 2
* 25192: obj =   4.821455000e+00 inf =   0.000e+00 (1118) 2
* 25366: obj =   4.821455000e+00 inf =   0.000e+00 (1148) 1
* 25558: obj =   4.821455000e+00 inf =   0.000e+00 (1163) 2
* 25743: obj =   4.821455000e+00 inf =   0.000e+00 (1154) 2
* 25926: obj =   4.821455000e+00 inf =   0.000e+00 (1155) 1
* 26096: obj =   4.821455000e+00 inf =   0.000e+00 (1158) 2
* 26285: obj =   4.821455000e+00 inf =   0.000e+00 (1152) 2
* 26478: obj =   4.821455000e+00 inf =   0.000e+00 (1144) 2
* 26663: obj =   4.821455000e+00 inf =   0.000e+00 (1145) 2
* 26842: obj =   4.821455000e+00 inf =   0.000e+00 (1135) 1
* 27023: obj =   4.821455000e+00 inf =   0.000e+00 (1136) 2
* 27208: obj =   4.821455000e+00 inf =   0.000e+00 (1139) 2
* 27402: obj =   4.821455000e+00 inf =   0.000e+00 (1161) 1
* 27589: obj =   4.821455000e+00 inf =   0.000e+00 (1149) 2
* 27761: obj =   4.821455000e+00 inf =   0.000e+00 (1155) 2
* 27941: obj =   4.821455000e+00 inf =   0.000e+00 (1149) 2
* 28148: obj =   4.821455000e+00 inf =   0.000e+00 (1114) 1
* 28333: obj =   4.821455000e+00 inf =   0.000e+00 (1085) 2
* 28527: obj =   4.821455000e+00 inf =   0.000e+00 (1085) 2
* 28716: obj =   4.821455000e+00 inf =   0.000e+00 (1086) 2
* 28901: obj =   4.821455000e+00 inf =   0.000e+00 (1094) 1
* 29076: obj =   4.821455000e+00 inf =   0.000e+00 (1091) 2
* 29258: obj =   4.821455000e+00 inf =   0.000e+00 (1091) 2
* 29442: obj =   4.821455000e+00 inf =   0.000e+00 (1088) 2
* 29635: obj =   4.821455000e+00 inf =   0.000e+00 (1094) 1
* 29821: obj =   4.821455000e+00 inf =   0.000e+00 (1100) 2
* 30001: obj =   4.821455000e+00 inf =   0.000e+00 (1093) 2
* 30180: obj =   4.821455000e+00 inf =   0.000e+00 (1094) 2
* 30357: obj =   4.821455000e+00 inf =   0.000e+00 (1105) 1
* 30523: obj =   4.821455000e+00 inf =   0.000e+00 (1107) 2
* 30712: obj =   4.821455000e+00 inf =   0.000e+00 (1115) 2
* 30894: obj =   4.821455000e+00 inf =   0.000e+00 (1112) 2
* 31056: obj =   4.821455000e+00 inf =   0.000e+00 (1116) 1
* 31223: obj =   4.821455000e+00 inf =   0.000e+00 (1115) 2
* 31398: obj =   4.821455000e+00 inf =   0.000e+00 (1126) 1
* 31580: obj =   4.821455000e+00 inf =   0.000e+00 (1127) 2
* 31761: obj =   4.821455000e+00 inf =   0.000e+00 (1130) 2
* 31935: obj =   4.821455000e+00 inf =   0.000e+00 (1125) 1
* 32112: obj =   4.821455000e+00 inf =   0.000e+00 (1126) 2
* 32285: obj =   4.821455000e+00 inf =   0.000e+00 (1121) 2
* 32467: obj =   4.821455000e+00 inf =   0.000e+00 (1133) 2
* 32657: obj =   4.821455000e+00 inf =   0.000e+00 (1140) 1
* 32845: obj =   4.821455000e+00 inf =   0.000e+00 (1138) 2
* 33025: obj =   4.821455000e+00 inf =   0.000e+00 (1142) 2
* 33201: obj =   4.821455000e+00 inf =   0.000e+00 (1141) 2
* 33374: obj =   4.821455000e+00 inf =   0.000e+00 (1155) 1
* 33551: obj =   4.821455000e+00 inf =   0.000e+00 (1146) 2
* 33734: obj =   4.821455000e+00 inf =   0.000e+00 (1153) 2
* 33918: obj =   4.821455000e+00 inf =   0.000e+00 (1162) 2
* 34097: obj =   4.821455000e+00 inf =   0.000e+00 (1158) 1
* 34273: obj =   4.821455000e+00 inf =   0.000e+00 (1179) 2
* 34446: obj =   4.821455000e+00 inf =   0.000e+00 (1192) 2
* 34619: obj =   4.821455000e+00 inf =   0.000e+00 (1178) 1
* 34805: obj =   4.821455000e+00 inf =   0.000e+00 (1175) 2
* 34984: obj =   4.821455000e+00 inf =   0.000e+00 (1178) 2
* 35160: obj =   4.821455000e+00 inf =   0.000e+00 (1178) 1
* 35336: obj =   4.821455000e+00 inf =   0.000e+00 (1183) 2
* 35511: obj =   4.821455000e+00 inf =   0.000e+00 (1197) 2
* 35696: obj =   4.821455000e+00 inf =   0.000e+00 (1195) 1
* 35880: obj =   4.821455000e+00 inf =   0.000e+00 (1201) 2
* 36052: obj =   4.821455000e+00 inf =   0.000e+00 (1203) 2
* 36207: obj =   4.821455000e+00 inf =   0.000e+00 (1193) 1
* 36379: obj =   4.821455000e+00 inf =   0.000e+00 (1217) 2
* 36555: obj =   4.821455000e+00 inf =   0.000e+00 (1211) 2
* 36741: obj =   4.821455000e+00 inf =   0.000e+00 (1222) 1
* 36906: obj =   4.821455000e+00 inf =   0.000e+00 (1220) 2
* 37074: obj =   4.821455000e+00 inf =   0.000e+00 (1228) 2
* 37247: obj =   4.821455000e+00 inf =   0.000e+00 (1238) 1
* 37415: obj =   4.821455000e+00 inf =   0.000e+00 (1247) 2
* 37596: obj =   4.821455000e+00 inf =   0.000e+00 (1248) 2
* 37776: obj =   4.821455000e+00 inf =   0.000e+00 (1257) 1
* 37948: obj =   4.821455000e+00 inf =   0.000e+00 (1261) 2
* 38119: obj =   4.821455000e+00 inf =   0.000e+00 (1268) 2
* 38295: obj =   4.821455000e+00 inf =   0.000e+00 (1278) 1
* 38464: obj =   4.821455000e+00 inf =   0.000e+00 (1294) 2
* 38640: obj =   4.821455000e+00 inf =   0.000e+00 (1308) 2
* 38818: obj =   4.821455000e+00 inf =   0.000e+00 (1322) 1
* 38982: obj =   4.821455000e+00 inf =   0.000e+00 (1322) 2
* 39145: obj =   4.821455000e+00 inf =   0.000e+00 (1327) 2
* 39319: obj =   4.821455000e+00 inf =   0.000e+00 (1346) 1
* 39492: obj =   4.821455000e+00 inf =   0.000e+00 (1345) 2
* 39669: obj =   4.821455000e+00 inf =   0.000e+00 (1345) 2
* 39838: obj =   4.821455000e+00 inf =   0.000e+00 (1333) 1
* 40004: obj =   4.821455000e+00 inf =   0.000e+00 (1331) 2
* 40174: obj =   4.821455000e+00 inf =   0.000e+00 (1346) 2
* 40328: obj =   4.821455000e+00 inf =   0.000e+00 (1355) 1
* 40476: obj =   4.821455000e+00 inf =   0.000e+00 (1363) 1
* 40615: obj =   4.821455000e+00 inf =   0.000e+00 (1368) 2
* 40753: obj =   4.821455000e+00 inf =   0.000e+00 (1376) 1
* 40899: obj =   4.821455000e+00 inf =   0.000e+00 (1390) 1
* 41031: obj =   4.821455000e+00 inf =   0.000e+00 (1383) 2
* 41193: obj =   4.821455000e+00 inf =   0.000e+00 (1393) 1
* 41342: obj =   4.821455000e+00 inf =   0.000e+00 (1398) 2
* 41485: obj =   4.821455000e+00 inf =   0.000e+00 (1404) 1
* 41623: obj =   4.821455000e+00 inf =   0.000e+00 (1407) 1
* 41760: obj =   4.821455000e+00 inf =   0.000e+00 (1415) 2
* 41907: obj =   4.821455000e+00 inf =   0.000e+00 (1427) 1
* 42053: obj =   4.821455000e+00 inf =   0.000e+00 (1432) 2
* 42197: obj =   4.821455000e+00 inf =   0.000e+00 (1436) 1
* 42343: obj =   4.821455000e+00 inf =   0.000e+00 (1437) 1
* 42456: obj =   4.821455000e+00 inf =   0.000e+00 (1441) 1
* 42566: obj =   4.821455000e+00 inf =   0.000e+00 (1439) 1
* 42678: obj =   4.821455000e+00 inf =   0.000e+00 (1439) 2
* 42793: obj =   4.821455000e+00 inf =   0.000e+00 (1441) 1
* 42936: obj =   4.821455000e+00 inf =   0.000e+00 (1446) 1
* 43075: obj =   4.821455000e+00 inf =   0.000e+00 (1444) 1
* 43210: obj =   4.821455000e+00 inf =   0.000e+00 (1442) 2
* 43352: obj =   4.821455000e+00 inf =   0.000e+00 (1437) 1
* 43481: obj =   4.821455000e+00 inf =   0.000e+00 (1443) 1
* 43620: obj =   4.821455000e+00 inf =   0.000e+00 (1434) 2
* 43763: obj =   4.821455000e+00 inf =   0.000e+00 (1432) 1
* 43903: obj =   4.821455000e+00 inf =   0.000e+00 (1431) 1
* 44028: obj =   4.821455000e+00 inf =   0.000e+00 (1440) 2
* 44168: obj =   4.821455000e+00 inf =   0.000e+00 (1431) 1
* 44310: obj =   4.821455000e+00 inf =   0.000e+00 (1443) 1
* 44465: obj =   4.821455000e+00 inf =   0.000e+00 (1461) 2
* 44639: obj =   4.821455000e+00 inf =   0.000e+00 (1466) 1
* 44809: obj =   4.821455000e+00 inf =   0.000e+00 (1479) 2
* 44978: obj =   4.821455000e+00 inf =   0.000e+00 (1483) 2
* 45145: obj =   4.821455000e+00 inf =   0.000e+00 (1471) 1
* 45307: obj =   4.821455000e+00 inf =   0.000e+00 (1468) 2
* 45466: obj =   4.821455000e+00 inf =   0.000e+00 (1485) 2
* 45616: obj =   4.821455000e+00 inf =   0.000e+00 (1484) 1
* 45750: obj =   4.821455000e+00 inf =   0.000e+00 (1495) 1
* 45878: obj =   4.821455000e+00 inf =   0.000e+00 (1489) 1
* 46034: obj =   4.821455000e+00 inf =   0.000e+00 (1490) 2
* 46187: obj =   4.821455000e+00 inf =   0.000e+00 (1498) 2
* 46326: obj =   4.821455000e+00 inf =   0.000e+00 (1486) 1
* 46466: obj =   4.821455000e+00 inf =   0.000e+00 (1458) 1
* 46607: obj =   4.821455000e+00 inf =   0.000e+00 (1453) 2
* 46753: obj =   4.821455000e+00 inf =   0.000e+00 (1472) 1
* 46893: obj =   4.821455000e+00 inf =   0.000e+00 (1462) 1
* 47042: obj =   4.821455000e+00 inf =   0.000e+00 (1453) 1
* 47177: obj =   4.821455000e+00 inf =   0.000e+00 (1410) 2
* 47310: obj =   4.821455000e+00 inf =   0.000e+00 (1454) 1
* 47462: obj =   4.821455000e+00 inf =   0.000e+00 (1417) 1
* 47614: obj =   4.770184000e+00 inf =   0.000e+00 (1353) 2
* 47768: obj =   4.770184000e+00 inf =   0.000e+00 (1362) 1
* 47918: obj =   4.770184000e+00 inf =   0.000e+00 (1345) 1
* 48054: obj =   4.770184000e+00 inf =   0.000e+00 (1354) 2
* 48184: obj =   4.770184000e+00 inf =   0.000e+00 (1338) 1
* 48321: obj =   4.770184000e+00 inf =   0.000e+00 (1314) 1
* 48453: obj =   4.770184000e+00 inf =   0.000e+00 (1320) 1
* 48573: obj =   4.720425000e+00 inf =   0.000e+00 (1311) 2
* 48729: obj =   4.602349000e+00 inf =   0.000e+00 (1267) 1
* 48971: obj =   4.602349000e+00 inf =   0.000e+00 (1681) 2
* 49107: obj =   4.602349000e+00 inf =   0.000e+00 (1168) 1
* 49263: obj =   4.602349000e+00 inf =   0.000e+00 (1220) 1
* 49407: obj =   4.602349000e+00 inf =   0.000e+00 (1210) 2
* 49551: obj =   4.439463000e+00 inf =   0.000e+00 (1110) 1
* 49718: obj =   4.439463000e+00 inf =   0.000e+00 (1589) 1
* 49922: obj =   4.439463000e+00 inf =   0.000e+00 (1239) 2
* 50153: obj =   2.736494000e+00 inf =   0.000e+00 (1374) 1
* 50360: obj =   2.736494000e+00 inf =   0.000e+00 (1295) 2
* 50547: obj =   2.736494000e+00 inf =   0.000e+00 (1182) 2
* 50756: obj =   2.610171000e+00 inf =   0.000e+00 (1866) 1
* 50887: obj =   2.548178000e+00 inf =   0.000e+00 (1033) 1
* 51078: obj =   2.548178000e+00 inf =   0.000e+00 (1204) 2
* 51232: obj =   2.548178000e+00 inf =   0.000e+00 (788) 1
* 51379: obj =   2.529896000e+00 inf =   0.000e+00 (529) 1
* 51592: obj =   2.529896000e+00 inf =   0.000e+00 (582) 2
* 51829: obj =   2.529896000e+00 inf =   0.000e+00 (346) 1
* 52066: obj =   2.528521000e+00 inf =   0.000e+00 (82) 2
Removing LP perturbation [52130]...
* 52130: obj =   2.527971000e+00 inf =   0.000e+00 (0) 1
OPTIMAL LP SOLUTION FOUND
Integer optimization begins...
Long-step dual simplex will be used
+ 52130: mip =     not found yet >=              -inf        (1; 0)
+ 52130: >>>>>   2.527971000e+00 >=   2.527971000e+00   0.0% (1; 0)
+ 52130: mip =   2.527971000e+00 >=     tree is empty   0.0% (0; 1)
INTEGER OPTIMAL SOLUTION FOUND
Time used:   1370.5 secs
Memory used: 628.7 Mb (659217968 bytes)
Writing MIP solution to 'input/soc-RedditHyperlinks.html/soc-redditHyperlinks-title.tsv.gz.13.lp.sol'...
Objective:  obj = 2.527971 (MINimum)
