Launched as 5 input/gemsec-Facebook.html/company_edges.csv.gz 0


Execution time and memory used at after reading from file: 1.810000e+00 seconds, 17694720 bytes of memory usage, 17316 kB of memory peak and 00:02 elapsed time
Statistics on the network after reading from file
	Number of nodes: 14115
	Number of allocated nodes: 14336
	Number of edges: 52127
	Maximum in degree: 181 (node 11934)
	Maximum out degree: 187 (node 856)

Execution time and memory used at after adding costs: 1.810000e+00 seconds, 17694720 bytes of memory usage, 17316 kB of memory peak and 00:02 elapsed time
Statistics on the network after adding costs
	Number of nodes: 14115
	Number of allocated nodes: 14336
	Number of edges: 52127
	Maximum in degree: 181 (node 11934)
	Maximum out degree: 187 (node 856)

Execution time and memory used at before starting main computation: 1.810000e+00 seconds, 17829888 bytes of memory usage, 17928 kB of memory peak and 00:02 elapsed time
Statistics on the network before starting main computation
	Number of nodes: 14115
	Number of allocated nodes: 14336
	Number of edges: 52127
	Maximum in degree: 181 (node 11934)
	Maximum out degree: 187 (node 856)
	source 211 (node 856) with out degree 187
	target 730 (node 11934) with in degree 181

Execution time and memory used at after creating milp without reductions: 1.880000e+00 seconds, 17829888 bytes of memory usage, 17928 kB of memory peak and 00:02 elapsed time
Statistics on the network after creating milp without reductions
	Number of nodes: 14115
	Number of allocated nodes: 14336
	Number of edges: 52127
	Maximum in degree: 181 (node 11934)
	Maximum out degree: 187 (node 856)
	source 211 (node 856) with out degree 187
	target 730 (node 11934) with in degree 181

Execution time and memory used at after reachability and chains reduction: 5.480000e+00 seconds, 17903616 bytes of memory usage, 18508 kB of memory peak and 00:05 elapsed time
Statistics on the network after reachability and chains reduction
	Number of nodes: 1301
	Number of allocated nodes: 14336
	Number of edges: 5025
	Maximum in degree: 114 (node 11934)
	Maximum out degree: 83 (node 856)
	source 211 (node 856) with out degree 83
	target 730 (node 11934) with in degree 114

Execution time and memory used at after detours elimination: 5.490000e+00 seconds, 18427904 bytes of memory usage, 18508 kB of memory peak and 00:06 elapsed time
Statistics on the network after detours elimination
	Number of nodes: 1301
	Number of allocated nodes: 14336
	Number of edges: 5025
	Maximum in degree: 114 (node 11934)
	Maximum out degree: 83 (node 856)
	source 211 (node 856) with out degree 83
	target 730 (node 11934) with in degree 114

Execution time and memory used at after creating milp with detours elimination (all transformations): 5.490000e+00 seconds, 18427904 bytes of memory usage, 18508 kB of memory peak and 00:06 elapsed time
Statistics on the network after creating milp with detours elimination (all transformations)
	Number of nodes: 1301
	Number of allocated nodes: 14336
	Number of edges: 5025
	Maximum in degree: 114 (node 11934)
	Maximum out degree: 83 (node 856)
	source 211 (node 856) with out degree 83
	target 730 (node 11934) with in degree 114
