GLPSOL--GLPK LP/MIP Solver 5.0
Parameter(s) specified in the command line:
 --lp input/web-flickr.html/flickrEdges.txt.gz.1015.lp.reach_chain_detours.lp
 -o input/web-flickr.html/flickrEdges.txt.gz.1015.lp.reach_chain_detours.lp.sol
Reading problem data from 'input/web-flickr.html/flickrEdges.txt.gz.1015.lp.reach_chain_detours.lp'...
541932 rows, 1104696 columns, 2709647 non-zeros
1104696 integer variables, all of which are binary
1646633 lines were read
GLPK Integer Optimizer 5.0
541932 rows, 1104696 columns, 2709647 non-zeros
1104696 integer variables, all of which are binary
Preprocessing...
541930 rows, 1104694 columns, 2706778 non-zeros
1104694 integer variables, all of which are binary
Scaling...
 A: min|aij| =  1.000e+00  max|aij| =  1.000e+00  ratio =  1.000e+00
Problem data seem to be well scaled
Constructing initial basis...
Size of triangular part is 541930
Solving LP relaxation...
GLPK Simplex Optimizer 5.0
541930 rows, 1104694 columns, 2706778 non-zeros
      0: obj =   0.000000000e+00 inf =   1.083e+03 (1083)
    228: obj =   7.855275200e+01 inf =   8.550e+02 (855)
    450: obj =   1.529580150e+02 inf =   6.330e+02 (633)
    672: obj =   2.242465140e+02 inf =   4.110e+02 (411)
    899: obj =   2.942535110e+02 inf =   1.840e+02 (184)
   1083: obj =   3.492608630e+02 inf =   0.000e+00 (0)
Perturbing LP to avoid stalling [1284]...
*  1311: obj =   3.482391830e+02 inf =   0.000e+00 (1309)
*  1526: obj =   3.468202690e+02 inf =   0.000e+00 (1462)
*  1697: obj =   3.468202690e+02 inf =   0.000e+00 (1461) 2
*  1862: obj =   3.468202690e+02 inf =   0.000e+00 (1469) 1
*  2021: obj =   3.468202690e+02 inf =   0.000e+00 (1478) 2
*  2178: obj =   3.468202690e+02 inf =   0.000e+00 (1500) 1
*  2330: obj =   3.468202690e+02 inf =   0.000e+00 (1506) 1
*  2477: obj =   3.468202690e+02 inf =   0.000e+00 (1510) 2
*  2614: obj =   3.468202690e+02 inf =   0.000e+00 (1510) 1
*  2742: obj =   3.468202690e+02 inf =   0.000e+00 (1509) 1
*  2873: obj =   3.468202690e+02 inf =   0.000e+00 (1510) 1
*  3003: obj =   3.468202690e+02 inf =   0.000e+00 (1513) 2
*  3138: obj =   3.468202690e+02 inf =   0.000e+00 (1522) 1
*  3271: obj =   3.468202690e+02 inf =   0.000e+00 (1531) 1
*  3405: obj =   3.468202690e+02 inf =   0.000e+00 (1548) 1
*  3534: obj =   3.468202690e+02 inf =   0.000e+00 (1546) 2
*  3664: obj =   3.468202690e+02 inf =   0.000e+00 (1547) 1
*  3793: obj =   3.468202690e+02 inf =   0.000e+00 (1550) 1
*  3920: obj =   3.468202690e+02 inf =   0.000e+00 (1555) 1
*  4041: obj =   3.468202690e+02 inf =   0.000e+00 (1560) 2
*  4165: obj =   3.468202690e+02 inf =   0.000e+00 (1563) 1
*  4283: obj =   3.468202690e+02 inf =   0.000e+00 (1578) 1
*  4400: obj =   3.468202690e+02 inf =   0.000e+00 (1587) 1
*  4517: obj =   3.468202690e+02 inf =   0.000e+00 (1604) 1
*  4631: obj =   3.468202690e+02 inf =   0.000e+00 (1621) 1
*  4749: obj =   3.468202690e+02 inf =   0.000e+00 (1620) 1
*  4864: obj =   3.468202690e+02 inf =   0.000e+00 (1626) 1
*  4976: obj =   3.468202690e+02 inf =   0.000e+00 (1627) 1
*  5087: obj =   3.468202690e+02 inf =   0.000e+00 (1628) 2
*  5195: obj =   3.468202690e+02 inf =   0.000e+00 (1641) 1
*  5306: obj =   3.468202690e+02 inf =   0.000e+00 (1639) 1
*  5416: obj =   3.468202690e+02 inf =   0.000e+00 (1641) 1
*  5526: obj =   3.468202690e+02 inf =   0.000e+00 (1639) 1
*  5636: obj =   3.468202690e+02 inf =   0.000e+00 (1642) 1
*  5746: obj =   3.468202690e+02 inf =   0.000e+00 (1649) 1
*  5856: obj =   3.468202690e+02 inf =   0.000e+00 (1650) 1
*  5964: obj =   3.468202690e+02 inf =   0.000e+00 (1646) 1
*  6070: obj =   3.468202690e+02 inf =   0.000e+00 (1652) 1
*  6176: obj =   3.468202690e+02 inf =   0.000e+00 (1659) 1
*  6285: obj =   3.468202690e+02 inf =   0.000e+00 (1664) 1
*  6394: obj =   3.468202690e+02 inf =   0.000e+00 (1672) 1
*  6502: obj =   3.468202690e+02 inf =   0.000e+00 (1677) 1
*  6610: obj =   3.468202690e+02 inf =   0.000e+00 (1674) 1
*  6717: obj =   3.468202690e+02 inf =   0.000e+00 (1674) 1
*  6824: obj =   3.468202690e+02 inf =   0.000e+00 (1679) 1
*  6932: obj =   3.468202690e+02 inf =   0.000e+00 (1693) 1
*  7038: obj =   3.468202690e+02 inf =   0.000e+00 (1697) 1
*  7145: obj =   3.468202690e+02 inf =   0.000e+00 (1718) 1
*  7250: obj =   3.468202690e+02 inf =   0.000e+00 (1706) 1
*  7354: obj =   3.468202690e+02 inf =   0.000e+00 (1713) 1
*  7456: obj =   3.468202690e+02 inf =   0.000e+00 (1707) 1
*  7556: obj =   3.468202690e+02 inf =   0.000e+00 (1696) 1
*  7655: obj =   3.468202690e+02 inf =   0.000e+00 (1703) 1
*  7754: obj =   3.468202690e+02 inf =   0.000e+00 (1697) 1
*  7853: obj =   3.468202690e+02 inf =   0.000e+00 (1704) 1
*  7951: obj =   3.468202690e+02 inf =   0.000e+00 (1717) 1
*  8049: obj =   3.468202690e+02 inf =   0.000e+00 (1718) 1
*  8149: obj =   3.468202690e+02 inf =   0.000e+00 (1718) 1
*  8253: obj =   3.468202690e+02 inf =   0.000e+00 (1717) 1
*  8356: obj =   3.468202690e+02 inf =   0.000e+00 (1715) 1
*  8459: obj =   3.468202690e+02 inf =   0.000e+00 (1729) 1
*  8562: obj =   3.468202690e+02 inf =   0.000e+00 (1728) 1
*  8666: obj =   3.468202690e+02 inf =   0.000e+00 (1720) 1
*  8769: obj =   3.468202690e+02 inf =   0.000e+00 (1727) 1
*  8872: obj =   3.468202690e+02 inf =   0.000e+00 (1729) 1
*  8975: obj =   3.468202690e+02 inf =   0.000e+00 (1731) 1
*  9075: obj =   3.468202690e+02 inf =   0.000e+00 (1730) 1
*  9178: obj =   3.468202690e+02 inf =   0.000e+00 (1742) 1
*  9281: obj =   3.468202690e+02 inf =   0.000e+00 (1727) 1
*  9383: obj =   3.468202690e+02 inf =   0.000e+00 (1737) 1
*  9486: obj =   3.468202690e+02 inf =   0.000e+00 (1748) 1
*  9589: obj =   3.468202690e+02 inf =   0.000e+00 (1748) 1
*  9691: obj =   3.468202690e+02 inf =   0.000e+00 (1752) 1
*  9792: obj =   3.468202690e+02 inf =   0.000e+00 (1762) 1
*  9893: obj =   3.468202690e+02 inf =   0.000e+00 (1744) 1
*  9993: obj =   3.468202690e+02 inf =   0.000e+00 (1747) 1
* 10094: obj =   3.468202690e+02 inf =   0.000e+00 (1745) 1
* 10197: obj =   3.468202690e+02 inf =   0.000e+00 (1743) 1
* 10300: obj =   3.468202690e+02 inf =   0.000e+00 (1748) 1
* 10403: obj =   3.468202690e+02 inf =   0.000e+00 (1748) 1
* 10505: obj =   3.468202690e+02 inf =   0.000e+00 (1741) 1
* 10606: obj =   3.468202690e+02 inf =   0.000e+00 (1752) 1
* 10708: obj =   3.468202690e+02 inf =   0.000e+00 (1747) 1
* 10810: obj =   3.468202690e+02 inf =   0.000e+00 (1747) 1
* 10911: obj =   3.468202690e+02 inf =   0.000e+00 (1746) 1
* 11012: obj =   3.468202690e+02 inf =   0.000e+00 (1744) 1
* 11112: obj =   3.468202690e+02 inf =   0.000e+00 (1743) 1
* 11214: obj =   3.468202690e+02 inf =   0.000e+00 (1740) 1
* 11316: obj =   3.468202690e+02 inf =   0.000e+00 (1745) 1
* 11418: obj =   3.468202690e+02 inf =   0.000e+00 (1755) 1
* 11519: obj =   3.468202690e+02 inf =   0.000e+00 (1740) 1
* 11644: obj =   2.449921700e+02 inf =   0.000e+00 (1751) 1
* 11783: obj =   2.449921700e+02 inf =   0.000e+00 (1763) 2
* 11924: obj =   2.449921700e+02 inf =   0.000e+00 (1776) 1
* 12062: obj =   2.449921700e+02 inf =   0.000e+00 (1767) 1
* 12196: obj =   2.449921700e+02 inf =   0.000e+00 (1788) 2
* 12337: obj =   2.449921700e+02 inf =   0.000e+00 (1787) 1
* 12475: obj =   2.449921700e+02 inf =   0.000e+00 (1799) 1
* 12607: obj =   2.449921700e+02 inf =   0.000e+00 (1807) 2
* 12739: obj =   2.449921700e+02 inf =   0.000e+00 (1799) 1
* 12874: obj =   2.449921700e+02 inf =   0.000e+00 (1802) 1
* 13009: obj =   2.449921700e+02 inf =   0.000e+00 (1806) 2
* 13150: obj =   2.449921700e+02 inf =   0.000e+00 (1814) 1
* 13293: obj =   2.449921700e+02 inf =   0.000e+00 (1821) 1
* 13432: obj =   2.449921700e+02 inf =   0.000e+00 (1805) 2
* 13577: obj =   2.449921700e+02 inf =   0.000e+00 (1800) 1
* 13720: obj =   2.449921700e+02 inf =   0.000e+00 (1789) 2
* 13866: obj =   2.449921700e+02 inf =   0.000e+00 (1791) 1
* 14013: obj =   2.449921700e+02 inf =   0.000e+00 (1767) 2
* 14165: obj =   2.449921700e+02 inf =   0.000e+00 (1780) 1
* 14318: obj =   2.449921700e+02 inf =   0.000e+00 (1772) 2
* 14479: obj =   2.449921700e+02 inf =   0.000e+00 (1762) 1
* 14634: obj =   2.449921700e+02 inf =   0.000e+00 (1739) 2
* 14806: obj =   2.449921700e+02 inf =   0.000e+00 (1747) 1
* 14968: obj =   2.449921700e+02 inf =   0.000e+00 (1734) 2
* 15154: obj =   2.408342680e+02 inf =   0.000e+00 (1676) 1
* 15321: obj =   2.408342680e+02 inf =   0.000e+00 (1675) 2
* 15479: obj =   2.408342680e+02 inf =   0.000e+00 (1664) 2
* 15648: obj =   2.408342680e+02 inf =   0.000e+00 (1667) 1
* 15804: obj =   2.408342680e+02 inf =   0.000e+00 (1675) 2
* 15959: obj =   2.408342680e+02 inf =   0.000e+00 (1656) 1
* 16109: obj =   2.408342680e+02 inf =   0.000e+00 (1629) 2
* 16281: obj =   2.408342680e+02 inf =   0.000e+00 (1638) 1
* 16448: obj =   2.408342680e+02 inf =   0.000e+00 (1639) 2
* 16605: obj =   2.408342680e+02 inf =   0.000e+00 (1652) 1
* 16661: obj =   2.408342680e+02 inf =   0.000e+00 (1657) 1
* 16803: obj =   2.408342680e+02 inf =   0.000e+00 (1659) 1
* 16941: obj =   2.408342680e+02 inf =   0.000e+00 (1662) 1
* 17076: obj =   2.408342680e+02 inf =   0.000e+00 (1659) 2
* 17210: obj =   2.408342680e+02 inf =   0.000e+00 (1679) 1
* 17343: obj =   2.408342680e+02 inf =   0.000e+00 (1679) 1
* 17472: obj =   2.408342680e+02 inf =   0.000e+00 (1688) 1
* 17599: obj =   2.408342680e+02 inf =   0.000e+00 (1708) 1
* 17725: obj =   2.408342680e+02 inf =   0.000e+00 (1695) 2
* 17850: obj =   2.408342680e+02 inf =   0.000e+00 (1692) 1
* 17974: obj =   2.408342680e+02 inf =   0.000e+00 (1696) 1
* 18099: obj =   2.408342680e+02 inf =   0.000e+00 (1677) 1
* 18221: obj =   2.408342680e+02 inf =   0.000e+00 (1680) 1
* 18342: obj =   2.408342680e+02 inf =   0.000e+00 (1682) 1
* 18462: obj =   2.408342680e+02 inf =   0.000e+00 (1687) 1
* 18581: obj =   2.408342680e+02 inf =   0.000e+00 (1691) 1
* 18695: obj =   2.408342680e+02 inf =   0.000e+00 (1700) 2
* 18812: obj =   2.408342680e+02 inf =   0.000e+00 (1685) 1
* 18929: obj =   2.408342680e+02 inf =   0.000e+00 (1692) 1
* 19054: obj =   2.227823720e+02 inf =   0.000e+00 (1685) 1
* 19186: obj =   2.227823720e+02 inf =   0.000e+00 (1686) 1
* 19328: obj =   2.227823720e+02 inf =   0.000e+00 (1692) 2
* 19486: obj =   2.227823720e+02 inf =   0.000e+00 (1672) 1
* 19646: obj =   2.227823720e+02 inf =   0.000e+00 (1638) 2
* 19816: obj =   2.227823720e+02 inf =   0.000e+00 (1642) 1
* 19976: obj =   2.227823720e+02 inf =   0.000e+00 (1601) 2
* 20150: obj =   2.216606580e+02 inf =   0.000e+00 (1388) 1
* 20327: obj =   2.216606580e+02 inf =   0.000e+00 (1382) 1
* 20505: obj =   2.199025500e+02 inf =   0.000e+00 (1111) 1
* 20686: obj =   2.159293500e+02 inf =   0.000e+00 (768) 1
* 20955: obj =   1.712062420e+02 inf =   0.000e+00 (678) 1
* 21107: obj =   1.712062420e+02 inf =   0.000e+00 (695) 1
* 21250: obj =   1.712062420e+02 inf =   0.000e+00 (708) 1
* 21388: obj =   1.712062420e+02 inf =   0.000e+00 (713) 1
* 21519: obj =   1.712062420e+02 inf =   0.000e+00 (714) 2
* 21652: obj =   1.712062420e+02 inf =   0.000e+00 (721) 1
* 21783: obj =   1.712062420e+02 inf =   0.000e+00 (720) 1
* 21912: obj =   1.712062420e+02 inf =   0.000e+00 (729) 1
* 22040: obj =   1.712062420e+02 inf =   0.000e+00 (728) 1
* 22167: obj =   1.712062420e+02 inf =   0.000e+00 (732) 1
* 22287: obj =   1.712062420e+02 inf =   0.000e+00 (730) 2
* 22412: obj =   1.712062420e+02 inf =   0.000e+00 (743) 1
* 22525: obj =   1.712062420e+02 inf =   0.000e+00 (749) 1
* 22652: obj =   1.633470730e+02 inf =   0.000e+00 (719) 1
* 22783: obj =   1.633470730e+02 inf =   0.000e+00 (716) 1
* 22954: obj =   1.577332100e+02 inf =   0.000e+00 (608) 1
* 23263: obj =   9.237591800e+01 inf =   0.000e+00 (440) 1
* 23570: obj =   3.321407200e+01 inf =   0.000e+00 (307)
* 23721: obj =   3.321407200e+01 inf =   0.000e+00 (304) 2
* 23881: obj =   2.668146600e+01 inf =   0.000e+00 (308) 1
* 24043: obj =   2.668146600e+01 inf =   0.000e+00 (299) 2
* 24205: obj =   2.577074500e+01 inf =   0.000e+00 (311) 1
* 24360: obj =   2.577074500e+01 inf =   0.000e+00 (308) 1
* 24500: obj =   2.577074500e+01 inf =   0.000e+00 (313) 2
* 24642: obj =   2.577074500e+01 inf =   0.000e+00 (319) 1
* 24788: obj =   1.420689600e+01 inf =   0.000e+00 (318) 1
* 24945: obj =   1.420689600e+01 inf =   0.000e+00 (321) 2
* 25123: obj =   9.130249000e+00 inf =   0.000e+00 (254) 1
* 25297: obj =   2.636737000e+00 inf =   0.000e+00 (184) 1
* 25453: obj =   2.636737000e+00 inf =   0.000e+00 (174) 1
* 25589: obj =   2.636737000e+00 inf =   0.000e+00 (176) 2
* 25729: obj =   2.636737000e+00 inf =   0.000e+00 (193) 1
* 25881: obj =   0.000000000e+00 inf =   0.000e+00 (91) 1
Removing LP perturbation [25941]...
* 25941: obj =   0.000000000e+00 inf =   0.000e+00 (0) 1
OPTIMAL LP SOLUTION FOUND
Integer optimization begins...
Long-step dual simplex will be used
+ 25941: mip =     not found yet >=              -inf        (1; 0)
+ 25941: >>>>>   0.000000000e+00 >=   0.000000000e+00   0.0% (1; 0)
+ 25941: mip =   0.000000000e+00 >=     tree is empty   0.0% (0; 1)
INTEGER OPTIMAL SOLUTION FOUND
Time used:   974.5 secs
Memory used: 1387.0 Mb (1454421804 bytes)
Writing MIP solution to 'input/web-flickr.html/flickrEdges.txt.gz.1015.lp.reach_chain_detours.lp.sol'...
Objective:  obj = 0 (MINimum)
