	Command being timed: "/usr/app/src/glpk-5.0/examples/glpsol --lp input/sx-superuser.html/sx-superuser-c2a.txt.gz.426.lp -o input/sx-superuser.html/sx-superuser-c2a.txt.gz.426.lp.sol"
	User time (seconds): 72754.44
	System time (seconds): 130.05
	Percent of CPU this job got: 99%
	Elapsed (wall clock) time (h:mm:ss or m:ss): 20:14:49
	Average shared text size (kbytes): 0
	Average unshared data size (kbytes): 0
	Average stack size (kbytes): 0
	Average total size (kbytes): 0
	Maximum resident set size (kbytes): 712580
	Average resident set size (kbytes): 0
	Major (requiring I/O) page faults: 0
	Minor (reclaiming a frame) page faults: 5590351
	Voluntary context switches: 4659
	Involuntary context switches: 90213
	Swaps: 0
	File system inputs: 0
	File system outputs: 152928
	Socket messages sent: 0
	Socket messages received: 0
	Signals delivered: 0
	Page size (bytes): 4096
	Exit status: 0
