	Command being timed: "/usr/app/src/main -i 5 input/soc-sign-Slashdot081106.html/soc-sign-Slashdot081106.txt.gz 0"
	User time (seconds): 31945.75
	System time (seconds): 1.76
	Percent of CPU this job got: 99%
	Elapsed (wall clock) time (h:mm:ss or m:ss): 8:52:28
	Average shared text size (kbytes): 0
	Average unshared data size (kbytes): 0
	Average stack size (kbytes): 0
	Average total size (kbytes): 0
	Maximum resident set size (kbytes): 38588
	Average resident set size (kbytes): 0
	Major (requiring I/O) page faults: 0
	Minor (reclaiming a frame) page faults: 2109490
	Voluntary context switches: 120
	Involuntary context switches: 22010
	Swaps: 0
	File system inputs: 0
	File system outputs: 213256
	Socket messages sent: 0
	Socket messages received: 0
	Signals delivered: 0
	Page size (bytes): 4096
	Exit status: 0
