GLPSOL--GLPK LP/MIP Solver 5.0
Parameter(s) specified in the command line:
 --lp input/soc-sign-bitcoin-alpha.html/soc-sign-bitcoinalpha.csv.gz.250.lp
 -o input/soc-sign-bitcoin-alpha.html/soc-sign-bitcoinalpha.csv.gz.250.lp.sol
Reading problem data from 'input/soc-sign-bitcoin-alpha.html/soc-sign-bitcoinalpha.csv.gz.250.lp'...
24189 rows, 52155 columns, 120932 non-zeros
52155 integer variables, all of which are binary
76349 lines were read
GLPK Integer Optimizer 5.0
24189 rows, 52155 columns, 120932 non-zeros
52155 integer variables, all of which are binary
Preprocessing...
23546 rows, 51508 columns, 117625 non-zeros
51508 integer variables, all of which are binary
Scaling...
 A: min|aij| =  1.000e+00  max|aij| =  1.000e+00  ratio =  1.000e+00
Problem data seem to be well scaled
Constructing initial basis...
Size of triangular part is 23546
Solving LP relaxation...
GLPK Simplex Optimizer 5.0
23546 rows, 51508 columns, 117625 non-zeros
      0: obj =   0.000000000e+00 inf =   2.510e+02 (251)
    251: obj =   1.534256900e+02 inf =   0.000e+00 (0)
Perturbing LP to avoid stalling [454]...
*  3098: obj =   1.483851480e+02 inf =   0.000e+00 (358) 25
*  5638: obj =   1.483851480e+02 inf =   0.000e+00 (375) 25
*  7896: obj =   1.236049970e+02 inf =   0.000e+00 (3201) 21
*  9412: obj =   1.231210200e+02 inf =   0.000e+00 (3117) 15
* 10876: obj =   1.231210200e+02 inf =   9.790e-07 (3022) 15
* 12287: obj =   7.465382171e+01 inf =   3.784e-03 (2899) 13
Removing LP perturbation [13619]...
* 13619: obj =   0.000000000e+00 inf =   2.848e-15 (0) 11
OPTIMAL LP SOLUTION FOUND
Integer optimization begins...
Long-step dual simplex will be used
+ 13619: mip =     not found yet >=              -inf        (1; 0)
Solution found by heuristic: 0
+ 13619: mip =   0.000000000e+00 >=     tree is empty   0.0% (0; 1)
INTEGER OPTIMAL SOLUTION FOUND
Time used:   34.9 secs
Memory used: 62.4 Mb (65416034 bytes)
Writing MIP solution to 'input/soc-sign-bitcoin-alpha.html/soc-sign-bitcoinalpha.csv.gz.250.lp.sol'...
Objective:  obj = 0 (MINimum)
