Version 1.2 launched as -e 0.1 12 input/p2p-Gnutella25.html/p2p-Gnutella25.txt.gz 12


Execution time and memory used at after reading from file: 2.830000e+00 seconds, 18915328 bytes of memory usage, 18508 kB of memory peak and 00:03 elapsed time
Statistics on the network after reading from file
	Number of nodes: 22687
	Number of allocated nodes: 23552
	Number of edges: 54705
	Maximum in degree: 36 (node 464)
	Maximum out degree: 64 (node 16067)

Execution time and memory used at after adding costs: 2.840000e+00 seconds, 18915328 bytes of memory usage, 18508 kB of memory peak and 00:03 elapsed time
Statistics on the network after adding costs
	Number of nodes: 22687
	Number of allocated nodes: 23552
	Number of edges: 54705
	Maximum in degree: 36 (node 464)
	Maximum out degree: 64 (node 16067)

Execution time and memory used at before starting main computation: 2.850000e+00 seconds, 19132416 bytes of memory usage, 19200 kB of memory peak and 00:03 elapsed time
Statistics on the network before starting main computation
	Number of nodes: 22687
	Number of allocated nodes: 23552
	Number of edges: 54705
	Maximum in degree: 36 (node 464)
	Maximum out degree: 64 (node 16067)
	source 11537 (node 16067) with out degree 64
	target 467 (node 464) with in degree 36

Execution time and memory used at after iteration 1 (MF = 15.250000): 2.102000e+01 seconds, 73674752 bytes of memory usage, 82384 kB of memory peak and 00:21 elapsed time
Statistics on the network after iteration 1 (MF = 15.250000)
	Number of nodes: 22687
	Number of allocated nodes: 23552
	Number of edges: 54705
	Maximum in degree: 36 (node 464)
	Maximum out degree: 64 (node 16067)
	source 11537 (node 16067) with out degree 64
	target 467 (node 464) with in degree 36

Execution time and memory used at after iteration 2 (MF = 8.980000): 2.184000e+01 seconds, 73674752 bytes of memory usage, 82452 kB of memory peak and 00:22 elapsed time
Statistics on the network after iteration 2 (MF = 8.980000)
	Number of nodes: 22687
	Number of allocated nodes: 23552
	Number of edges: 54705
	Maximum in degree: 36 (node 464)
	Maximum out degree: 64 (node 16067)
	source 11537 (node 16067) with out degree 64
	target 467 (node 464) with in degree 36

Execution time and memory used at after iteration 3 (MF = 11.790000): 2.413000e+01 seconds, 73674752 bytes of memory usage, 92656 kB of memory peak and 00:24 elapsed time
Statistics on the network after iteration 3 (MF = 11.790000)
	Number of nodes: 22687
	Number of allocated nodes: 23552
	Number of edges: 54705
	Maximum in degree: 36 (node 464)
	Maximum out degree: 64 (node 16067)
	source 11537 (node 16067) with out degree 64
	target 467 (node 464) with in degree 36

Execution time and memory used at after iteration 4 (MF = 12.600000): 2.749000e+01 seconds, 73674752 bytes of memory usage, 92800 kB of memory peak and 00:28 elapsed time
Statistics on the network after iteration 4 (MF = 12.600000)
	Number of nodes: 22687
	Number of allocated nodes: 23552
	Number of edges: 54705
	Maximum in degree: 36 (node 464)
	Maximum out degree: 64 (node 16067)
	source 11537 (node 16067) with out degree 64
	target 467 (node 464) with in degree 36

Execution time and memory used at after iteration 5 (MF = 11.890000): 4.650000e+01 seconds, 84934656 bytes of memory usage, 100936 kB of memory peak and 00:47 elapsed time
Statistics on the network after iteration 5 (MF = 11.890000)
	Number of nodes: 22687
	Number of allocated nodes: 23552
	Number of edges: 54705
	Maximum in degree: 36 (node 464)
	Maximum out degree: 64 (node 16067)
	source 11537 (node 16067) with out degree 64
	target 467 (node 464) with in degree 36

Execution time and memory used at after iteration 6 (MF = 12.020000): 6.544000e+01 seconds, 84934656 bytes of memory usage, 108868 kB of memory peak and 01:06 elapsed time
Statistics on the network after iteration 6 (MF = 12.020000)
	Number of nodes: 22687
	Number of allocated nodes: 23552
	Number of edges: 54705
	Maximum in degree: 36 (node 464)
	Maximum out degree: 64 (node 16067)
	source 11537 (node 16067) with out degree 64
	target 467 (node 464) with in degree 36

Execution time and memory used at after iteration 7 (MF = 12.530000): 1.256100e+02 seconds, 86650880 bytes of memory usage, 114408 kB of memory peak and 02:06 elapsed time
Statistics on the network after iteration 7 (MF = 12.530000)
	Number of nodes: 22687
	Number of allocated nodes: 23552
	Number of edges: 54705
	Maximum in degree: 36 (node 464)
	Maximum out degree: 64 (node 16067)
	source 11537 (node 16067) with out degree 64
	target 467 (node 464) with in degree 36

Execution time and memory used at after iteration 8 (MF = 12.000000): 1.781200e+02 seconds, 84934656 bytes of memory usage, 114408 kB of memory peak and 02:58 elapsed time
Statistics on the network after iteration 8 (MF = 12.000000)
	Number of nodes: 22687
	Number of allocated nodes: 23552
	Number of edges: 54705
	Maximum in degree: 36 (node 464)
	Maximum out degree: 64 (node 16067)
	source 11537 (node 16067) with out degree 64
	target 467 (node 464) with in degree 36

Execution time and memory used at after iteration 9 (MF = 13.020000): 4.193900e+02 seconds, 84934656 bytes of memory usage, 141404 kB of memory peak and 07:00 elapsed time
Statistics on the network after iteration 9 (MF = 13.020000)
	Number of nodes: 22687
	Number of allocated nodes: 23552
	Number of edges: 54705
	Maximum in degree: 36 (node 464)
	Maximum out degree: 64 (node 16067)
	source 11537 (node 16067) with out degree 64
	target 467 (node 464) with in degree 36

Execution time and memory used at after iteration 10 (MF = 12.090000): 5.340700e+02 seconds, 84934656 bytes of memory usage, 141404 kB of memory peak and 08:54 elapsed time
Statistics on the network after iteration 10 (MF = 12.090000)
	Number of nodes: 22687
	Number of allocated nodes: 23552
	Number of edges: 54705
	Maximum in degree: 36 (node 464)
	Maximum out degree: 64 (node 16067)
	source 11537 (node 16067) with out degree 64
	target 467 (node 464) with in degree 36

Execution time and memory used at after iteration 11 (MF = 12.740000): 6.714100e+02 seconds, 84934656 bytes of memory usage, 141404 kB of memory peak and 11:12 elapsed time
Statistics on the network after iteration 11 (MF = 12.740000)
	Number of nodes: 22687
	Number of allocated nodes: 23552
	Number of edges: 54705
	Maximum in degree: 36 (node 464)
	Maximum out degree: 64 (node 16067)
	source 11537 (node 16067) with out degree 64
	target 467 (node 464) with in degree 36

Execution time and memory used at after iteration 12 (MF = 12.400000): 1.023850e+03 seconds, 84934656 bytes of memory usage, 171024 kB of memory peak and 17:04 elapsed time
Statistics on the network after iteration 12 (MF = 12.400000)
	Number of nodes: 22687
	Number of allocated nodes: 23552
	Number of edges: 54705
	Maximum in degree: 36 (node 464)
	Maximum out degree: 64 (node 16067)
	source 11537 (node 16067) with out degree 64
	target 467 (node 464) with in degree 36

Execution time and memory used at after iteration 13 (MF = 12.450000): 1.376300e+03 seconds, 84934656 bytes of memory usage, 171024 kB of memory peak and 22:57 elapsed time
Statistics on the network after iteration 13 (MF = 12.450000)
	Number of nodes: 22687
	Number of allocated nodes: 23552
	Number of edges: 54705
	Maximum in degree: 36 (node 464)
	Maximum out degree: 64 (node 16067)
	source 11537 (node 16067) with out degree 64
	target 467 (node 464) with in degree 36

Execution time and memory used at after iteration 14 (MF = 12.470000): 1.804890e+03 seconds, 84934656 bytes of memory usage, 171024 kB of memory peak and 30:05 elapsed time
Statistics on the network after iteration 14 (MF = 12.470000)
	Number of nodes: 22687
	Number of allocated nodes: 23552
	Number of edges: 54705
	Maximum in degree: 36 (node 464)
	Maximum out degree: 64 (node 16067)
	source 11537 (node 16067) with out degree 64
	target 467 (node 464) with in degree 36

Execution time and memory used at after iteration 15 (MF = 12.480000): 2.218390e+03 seconds, 84934656 bytes of memory usage, 171804 kB of memory peak and 36:59 elapsed time
Statistics on the network after iteration 15 (MF = 12.480000)
	Number of nodes: 22687
	Number of allocated nodes: 23552
	Number of edges: 54705
	Maximum in degree: 36 (node 464)
	Maximum out degree: 64 (node 16067)
	source 11537 (node 16067) with out degree 64
	target 467 (node 464) with in degree 36

Execution time and memory used at after iteration 16 (MF = 12.940000): 2.706740e+03 seconds, 84934656 bytes of memory usage, 178068 kB of memory peak and 45:07 elapsed time
Statistics on the network after iteration 16 (MF = 12.940000)
	Number of nodes: 22687
	Number of allocated nodes: 23552
	Number of edges: 54705
	Maximum in degree: 36 (node 464)
	Maximum out degree: 64 (node 16067)
	source 11537 (node 16067) with out degree 64
	target 467 (node 464) with in degree 36

Execution time and memory used at after iteration 17 (MF = 12.490000): 3.329560e+03 seconds, 84934656 bytes of memory usage, 178068 kB of memory peak and 55:30 elapsed time
Statistics on the network after iteration 17 (MF = 12.490000)
	Number of nodes: 22687
	Number of allocated nodes: 23552
	Number of edges: 54705
	Maximum in degree: 36 (node 464)
	Maximum out degree: 64 (node 16067)
	source 11537 (node 16067) with out degree 64
	target 467 (node 464) with in degree 36

Execution time and memory used at after iteration 18 (MF = 12.000000): 3.810740e+03 seconds, 84934656 bytes of memory usage, 178068 kB of memory peak and 01:03:31 elapsed time
Statistics on the network after iteration 18 (MF = 12.000000)
	Number of nodes: 22687
	Number of allocated nodes: 23552
	Number of edges: 54705
	Maximum in degree: 36 (node 464)
	Maximum out degree: 64 (node 16067)
	source 11537 (node 16067) with out degree 64
	target 467 (node 464) with in degree 36

Execution time and memory used at after iteration 19 (MF = 12.490000): 4.259380e+03 seconds, 84934656 bytes of memory usage, 178068 kB of memory peak and 01:11:00 elapsed time
Statistics on the network after iteration 19 (MF = 12.490000)
	Number of nodes: 22687
	Number of allocated nodes: 23552
	Number of edges: 54705
	Maximum in degree: 36 (node 464)
	Maximum out degree: 64 (node 16067)
	source 11537 (node 16067) with out degree 64
	target 467 (node 464) with in degree 36

Execution time and memory used at after iteration 20 (MF = 12.500000): 4.771050e+03 seconds, 94646272 bytes of memory usage, 178068 kB of memory peak and 01:19:32 elapsed time
Statistics on the network after iteration 20 (MF = 12.500000)
	Number of nodes: 22687
	Number of allocated nodes: 23552
	Number of edges: 54705
	Maximum in degree: 36 (node 464)
	Maximum out degree: 64 (node 16067)
	source 11537 (node 16067) with out degree 64
	target 467 (node 464) with in degree 36

Execution time and memory used at after iteration 21 (MF = 11.710000): 5.124780e+03 seconds, 110587904 bytes of memory usage, 178068 kB of memory peak and 01:25:26 elapsed time
Statistics on the network after iteration 21 (MF = 11.710000)
	Number of nodes: 22687
	Number of allocated nodes: 23552
	Number of edges: 54705
	Maximum in degree: 36 (node 464)
	Maximum out degree: 64 (node 16067)
	source 11537 (node 16067) with out degree 64
	target 467 (node 464) with in degree 36

Execution time and memory used at after iteration 22 (MF = 12.560000): 5.554640e+03 seconds, 110702592 bytes of memory usage, 178068 kB of memory peak and 01:32:35 elapsed time
Statistics on the network after iteration 22 (MF = 12.560000)
	Number of nodes: 22687
	Number of allocated nodes: 23552
	Number of edges: 54705
	Maximum in degree: 36 (node 464)
	Maximum out degree: 64 (node 16067)
	source 11537 (node 16067) with out degree 64
	target 467 (node 464) with in degree 36

Execution time and memory used at after iteration 23 (MF = 12.980000): 6.104370e+03 seconds, 110702592 bytes of memory usage, 178068 kB of memory peak and 01:41:45 elapsed time
Statistics on the network after iteration 23 (MF = 12.980000)
	Number of nodes: 22687
	Number of allocated nodes: 23552
	Number of edges: 54705
	Maximum in degree: 36 (node 464)
	Maximum out degree: 64 (node 16067)
	source 11537 (node 16067) with out degree 64
	target 467 (node 464) with in degree 36

Execution time and memory used at after iteration 24 (MF = 13.020000): 6.811470e+03 seconds, 110702592 bytes of memory usage, 178068 kB of memory peak and 01:53:32 elapsed time
Statistics on the network after iteration 24 (MF = 13.020000)
	Number of nodes: 22687
	Number of allocated nodes: 23552
	Number of edges: 54705
	Maximum in degree: 36 (node 464)
	Maximum out degree: 64 (node 16067)
	source 11537 (node 16067) with out degree 64
	target 467 (node 464) with in degree 36

Execution time and memory used at after iteration 25 (MF = 12.780000): 7.524260e+03 seconds, 110702592 bytes of memory usage, 178068 kB of memory peak and 02:05:25 elapsed time
Statistics on the network after iteration 25 (MF = 12.780000)
	Number of nodes: 22687
	Number of allocated nodes: 23552
	Number of edges: 54705
	Maximum in degree: 36 (node 464)
	Maximum out degree: 64 (node 16067)
	source 11537 (node 16067) with out degree 64
	target 467 (node 464) with in degree 36

Execution time and memory used at after iteration 26 (MF = 12.400000): 9.070860e+03 seconds, 111144960 bytes of memory usage, 180172 kB of memory peak and 02:31:12 elapsed time
Statistics on the network after iteration 26 (MF = 12.400000)
	Number of nodes: 22687
	Number of allocated nodes: 23552
	Number of edges: 54705
	Maximum in degree: 36 (node 464)
	Maximum out degree: 64 (node 16067)
	source 11537 (node 16067) with out degree 64
	target 467 (node 464) with in degree 36

Execution time and memory used at after iteration 27 (MF = 10.830000): 9.187500e+03 seconds, 110702592 bytes of memory usage, 180172 kB of memory peak and 02:33:09 elapsed time
Statistics on the network after iteration 27 (MF = 10.830000)
	Number of nodes: 22687
	Number of allocated nodes: 23552
	Number of edges: 54705
	Maximum in degree: 36 (node 464)
	Maximum out degree: 64 (node 16067)
	source 11537 (node 16067) with out degree 64
	target 467 (node 464) with in degree 36

Execution time and memory used at after iteration 28 (MF = 12.550000): 9.330510e+03 seconds, 110702592 bytes of memory usage, 180172 kB of memory peak and 02:35:32 elapsed time
Statistics on the network after iteration 28 (MF = 12.550000)
	Number of nodes: 22687
	Number of allocated nodes: 23552
	Number of edges: 54705
	Maximum in degree: 36 (node 464)
	Maximum out degree: 64 (node 16067)
	source 11537 (node 16067) with out degree 64
	target 467 (node 464) with in degree 36

Execution time and memory used at after iteration 29 (MF = 11.390000): 9.532040e+03 seconds, 110702592 bytes of memory usage, 180172 kB of memory peak and 02:38:53 elapsed time
Statistics on the network after iteration 29 (MF = 11.390000)
	Number of nodes: 22687
	Number of allocated nodes: 23552
	Number of edges: 54705
	Maximum in degree: 36 (node 464)
	Maximum out degree: 64 (node 16067)
	source 11537 (node 16067) with out degree 64
	target 467 (node 464) with in degree 36

Execution time and memory used at after iteration 30 (MF = 13.090000): 9.780830e+03 seconds, 110702592 bytes of memory usage, 180172 kB of memory peak and 02:43:02 elapsed time
Statistics on the network after iteration 30 (MF = 13.090000)
	Number of nodes: 22687
	Number of allocated nodes: 23552
	Number of edges: 54705
	Maximum in degree: 36 (node 464)
	Maximum out degree: 64 (node 16067)
	source 11537 (node 16067) with out degree 64
	target 467 (node 464) with in degree 36

Execution time and memory used at after iteration 31 (MF = 12.710000): 1.006206e+04 seconds, 138055680 bytes of memory usage, 185536 kB of memory peak and 02:47:43 elapsed time
Statistics on the network after iteration 31 (MF = 12.710000)
	Number of nodes: 22687
	Number of allocated nodes: 23552
	Number of edges: 54705
	Maximum in degree: 36 (node 464)
	Maximum out degree: 64 (node 16067)
	source 11537 (node 16067) with out degree 64
	target 467 (node 464) with in degree 36

Execution time and memory used at after iteration 32 (MF = 12.490000): 1.042811e+04 seconds, 138055680 bytes of memory usage, 185536 kB of memory peak and 02:53:49 elapsed time
Statistics on the network after iteration 32 (MF = 12.490000)
	Number of nodes: 22687
	Number of allocated nodes: 23552
	Number of edges: 54705
	Maximum in degree: 36 (node 464)
	Maximum out degree: 64 (node 16067)
	source 11537 (node 16067) with out degree 64
	target 467 (node 464) with in degree 36

Execution time and memory used at after iteration 33 (MF = 12.500000): 1.080632e+04 seconds, 138055680 bytes of memory usage, 185536 kB of memory peak and 03:00:08 elapsed time
Statistics on the network after iteration 33 (MF = 12.500000)
	Number of nodes: 22687
	Number of allocated nodes: 23552
	Number of edges: 54705
	Maximum in degree: 36 (node 464)
	Maximum out degree: 64 (node 16067)
	source 11537 (node 16067) with out degree 64
	target 467 (node 464) with in degree 36

Execution time and memory used at after iteration 34 (MF = 12.500000): 1.111879e+04 seconds, 138055680 bytes of memory usage, 185536 kB of memory peak and 03:05:20 elapsed time
Statistics on the network after iteration 34 (MF = 12.500000)
	Number of nodes: 22687
	Number of allocated nodes: 23552
	Number of edges: 54705
	Maximum in degree: 36 (node 464)
	Maximum out degree: 64 (node 16067)
	source 11537 (node 16067) with out degree 64
	target 467 (node 464) with in degree 36

Execution time and memory used at after iteration 35 (MF = 12.030000): 1.157109e+04 seconds, 138055680 bytes of memory usage, 185536 kB of memory peak and 03:12:52 elapsed time
Statistics on the network after iteration 35 (MF = 12.030000)
	Number of nodes: 22687
	Number of allocated nodes: 23552
	Number of edges: 54705
	Maximum in degree: 36 (node 464)
	Maximum out degree: 64 (node 16067)
	source 11537 (node 16067) with out degree 64
	target 467 (node 464) with in degree 36

Execution time and memory used at after iteration 36 (MF = 11.980000): 1.201673e+04 seconds, 138055680 bytes of memory usage, 185536 kB of memory peak and 03:20:18 elapsed time
Statistics on the network after iteration 36 (MF = 11.980000)
	Number of nodes: 22687
	Number of allocated nodes: 23552
	Number of edges: 54705
	Maximum in degree: 36 (node 464)
	Maximum out degree: 64 (node 16067)
	source 11537 (node 16067) with out degree 64
	target 467 (node 464) with in degree 36

Execution time and memory used at after iteration 37 (MF = 12.520000): 1.244169e+04 seconds, 138055680 bytes of memory usage, 185536 kB of memory peak and 03:27:23 elapsed time
Statistics on the network after iteration 37 (MF = 12.520000)
	Number of nodes: 22687
	Number of allocated nodes: 23552
	Number of edges: 54705
	Maximum in degree: 36 (node 464)
	Maximum out degree: 64 (node 16067)
	source 11537 (node 16067) with out degree 64
	target 467 (node 464) with in degree 36

Execution time and memory used at after iteration 38 (MF = 12.770000): 1.291963e+04 seconds, 138055680 bytes of memory usage, 185536 kB of memory peak and 03:35:21 elapsed time
Statistics on the network after iteration 38 (MF = 12.770000)
	Number of nodes: 22687
	Number of allocated nodes: 23552
	Number of edges: 54705
	Maximum in degree: 36 (node 464)
	Maximum out degree: 64 (node 16067)
	source 11537 (node 16067) with out degree 64
	target 467 (node 464) with in degree 36

Execution time and memory used at after iteration 39 (MF = 10.900000): 1.496656e+04 seconds, 138055680 bytes of memory usage, 185536 kB of memory peak and 04:09:28 elapsed time
Statistics on the network after iteration 39 (MF = 10.900000)
	Number of nodes: 22687
	Number of allocated nodes: 23552
	Number of edges: 54705
	Maximum in degree: 36 (node 464)
	Maximum out degree: 64 (node 16067)
	source 11537 (node 16067) with out degree 64
	target 467 (node 464) with in degree 36

Execution time and memory used at after iteration 40 (MF = 12.460000): 1.523506e+04 seconds, 138055680 bytes of memory usage, 185536 kB of memory peak and 04:13:56 elapsed time
Statistics on the network after iteration 40 (MF = 12.460000)
	Number of nodes: 22687
	Number of allocated nodes: 23552
	Number of edges: 54705
	Maximum in degree: 36 (node 464)
	Maximum out degree: 64 (node 16067)
	source 11537 (node 16067) with out degree 64
	target 467 (node 464) with in degree 36

Execution time and memory used at after iteration 41 (MF = 12.170000): 1.579574e+04 seconds, 138055680 bytes of memory usage, 185536 kB of memory peak and 04:23:17 elapsed time
Statistics on the network after iteration 41 (MF = 12.170000)
	Number of nodes: 22687
	Number of allocated nodes: 23552
	Number of edges: 54705
	Maximum in degree: 36 (node 464)
	Maximum out degree: 64 (node 16067)
	source 11537 (node 16067) with out degree 64
	target 467 (node 464) with in degree 36

Execution time and memory used at after iteration 42 (MF = 12.730000): 1.624345e+04 seconds, 138055680 bytes of memory usage, 185536 kB of memory peak and 04:30:45 elapsed time
Statistics on the network after iteration 42 (MF = 12.730000)
	Number of nodes: 22687
	Number of allocated nodes: 23552
	Number of edges: 54705
	Maximum in degree: 36 (node 464)
	Maximum out degree: 64 (node 16067)
	source 11537 (node 16067) with out degree 64
	target 467 (node 464) with in degree 36

Execution time and memory used at after iteration 43 (MF = 11.920000): 1.660845e+04 seconds, 138055680 bytes of memory usage, 185536 kB of memory peak and 04:36:50 elapsed time
Statistics on the network after iteration 43 (MF = 11.920000)
	Number of nodes: 22687
	Number of allocated nodes: 23552
	Number of edges: 54705
	Maximum in degree: 36 (node 464)
	Maximum out degree: 64 (node 16067)
	source 11537 (node 16067) with out degree 64
	target 467 (node 464) with in degree 36

Execution time and memory used at after iteration 44 (MF = 11.880000): 1.884556e+04 seconds, 139804672 bytes of memory usage, 185536 kB of memory peak and 05:14:07 elapsed time
Statistics on the network after iteration 44 (MF = 11.880000)
	Number of nodes: 22687
	Number of allocated nodes: 23552
	Number of edges: 54705
	Maximum in degree: 36 (node 464)
	Maximum out degree: 64 (node 16067)
	source 11537 (node 16067) with out degree 64
	target 467 (node 464) with in degree 36

Execution time and memory used at after iteration 45 (MF = 12.300000): 1.965185e+04 seconds, 138055680 bytes of memory usage, 185536 kB of memory peak and 05:27:33 elapsed time
Statistics on the network after iteration 45 (MF = 12.300000)
	Number of nodes: 22687
	Number of allocated nodes: 23552
	Number of edges: 54705
	Maximum in degree: 36 (node 464)
	Maximum out degree: 64 (node 16067)
	source 11537 (node 16067) with out degree 64
	target 467 (node 464) with in degree 36

Execution time and memory used at after iteration 46 (MF = 12.380000): 2.059056e+04 seconds, 110702592 bytes of memory usage, 185536 kB of memory peak and 05:43:12 elapsed time
Statistics on the network after iteration 46 (MF = 12.380000)
	Number of nodes: 22687
	Number of allocated nodes: 23552
	Number of edges: 54705
	Maximum in degree: 36 (node 464)
	Maximum out degree: 64 (node 16067)
	source 11537 (node 16067) with out degree 64
	target 467 (node 464) with in degree 36

Execution time and memory used at after iteration 47 (MF = 12.540000): 2.156701e+04 seconds, 110702592 bytes of memory usage, 185536 kB of memory peak and 05:59:28 elapsed time
Statistics on the network after iteration 47 (MF = 12.540000)
	Number of nodes: 22687
	Number of allocated nodes: 23552
	Number of edges: 54705
	Maximum in degree: 36 (node 464)
	Maximum out degree: 64 (node 16067)
	source 11537 (node 16067) with out degree 64
	target 467 (node 464) with in degree 36

Execution time and memory used at after iteration 48 (MF = 12.720000): 2.257365e+04 seconds, 110702592 bytes of memory usage, 185536 kB of memory peak and 06:16:15 elapsed time
Statistics on the network after iteration 48 (MF = 12.720000)
	Number of nodes: 22687
	Number of allocated nodes: 23552
	Number of edges: 54705
	Maximum in degree: 36 (node 464)
	Maximum out degree: 64 (node 16067)
	source 11537 (node 16067) with out degree 64
	target 467 (node 464) with in degree 36

Execution time and memory used at after iteration 49 (MF = 12.720000): 2.369582e+04 seconds, 110702592 bytes of memory usage, 187372 kB of memory peak and 06:34:57 elapsed time
Statistics on the network after iteration 49 (MF = 12.720000)
	Number of nodes: 22687
	Number of allocated nodes: 23552
	Number of edges: 54705
	Maximum in degree: 36 (node 464)
	Maximum out degree: 64 (node 16067)
	source 11537 (node 16067) with out degree 64
	target 467 (node 464) with in degree 36

Execution time and memory used at after iteration 50 (MF = 12.800000): 2.495273e+04 seconds, 148283392 bytes of memory usage, 187956 kB of memory peak and 06:55:54 elapsed time
Statistics on the network after iteration 50 (MF = 12.800000)
	Number of nodes: 22687
	Number of allocated nodes: 23552
	Number of edges: 54705
	Maximum in degree: 36 (node 464)
	Maximum out degree: 64 (node 16067)
	source 11537 (node 16067) with out degree 64
	target 467 (node 464) with in degree 36

Execution time and memory used at after iteration 51 (MF = 12.450000): 2.680311e+04 seconds, 110702592 bytes of memory usage, 194644 kB of memory peak and 07:26:45 elapsed time
Statistics on the network after iteration 51 (MF = 12.450000)
	Number of nodes: 22687
	Number of allocated nodes: 23552
	Number of edges: 54705
	Maximum in degree: 36 (node 464)
	Maximum out degree: 64 (node 16067)
	source 11537 (node 16067) with out degree 64
	target 467 (node 464) with in degree 36

Execution time and memory used at after iteration 52 (MF = 12.220000): 2.848774e+04 seconds, 110702592 bytes of memory usage, 205920 kB of memory peak and 07:54:49 elapsed time
Statistics on the network after iteration 52 (MF = 12.220000)
	Number of nodes: 22687
	Number of allocated nodes: 23552
	Number of edges: 54705
	Maximum in degree: 36 (node 464)
	Maximum out degree: 64 (node 16067)
	source 11537 (node 16067) with out degree 64
	target 467 (node 464) with in degree 36

Execution time and memory used at after iteration 53 (MF = 12.570000): 3.024322e+04 seconds, 110702592 bytes of memory usage, 208588 kB of memory peak and 08:24:05 elapsed time
Statistics on the network after iteration 53 (MF = 12.570000)
	Number of nodes: 22687
	Number of allocated nodes: 23552
	Number of edges: 54705
	Maximum in degree: 36 (node 464)
	Maximum out degree: 64 (node 16067)
	source 11537 (node 16067) with out degree 64
	target 467 (node 464) with in degree 36

Execution time and memory used at after iteration 54 (MF = 12.440000): 3.204292e+04 seconds, 110702592 bytes of memory usage, 208588 kB of memory peak and 08:54:05 elapsed time
Statistics on the network after iteration 54 (MF = 12.440000)
	Number of nodes: 22687
	Number of allocated nodes: 23552
	Number of edges: 54705
	Maximum in degree: 36 (node 464)
	Maximum out degree: 64 (node 16067)
	source 11537 (node 16067) with out degree 64
	target 467 (node 464) with in degree 36

Execution time and memory used at after iteration 55 (MF = 12.550000): 3.393328e+04 seconds, 110702592 bytes of memory usage, 208588 kB of memory peak and 09:25:35 elapsed time
Statistics on the network after iteration 55 (MF = 12.550000)
	Number of nodes: 22687
	Number of allocated nodes: 23552
	Number of edges: 54705
	Maximum in degree: 36 (node 464)
	Maximum out degree: 64 (node 16067)
	source 11537 (node 16067) with out degree 64
	target 467 (node 464) with in degree 36

Execution time and memory used at after iteration 56 (MF = 12.400000): 3.576940e+04 seconds, 110702592 bytes of memory usage, 208588 kB of memory peak and 09:56:11 elapsed time
Statistics on the network after iteration 56 (MF = 12.400000)
	Number of nodes: 22687
	Number of allocated nodes: 23552
	Number of edges: 54705
	Maximum in degree: 36 (node 464)
	Maximum out degree: 64 (node 16067)
	source 11537 (node 16067) with out degree 64
	target 467 (node 464) with in degree 36

Execution time and memory used at after iteration 57 (MF = 11.930000): 3.748841e+04 seconds, 110702592 bytes of memory usage, 208588 kB of memory peak and 10:24:50 elapsed time
Statistics on the network after iteration 57 (MF = 11.930000)
	Number of nodes: 22687
	Number of allocated nodes: 23552
	Number of edges: 54705
	Maximum in degree: 36 (node 464)
	Maximum out degree: 64 (node 16067)
	source 11537 (node 16067) with out degree 64
	target 467 (node 464) with in degree 36

Execution time and memory used at after iteration 58 (MF = 12.930000): 3.926973e+04 seconds, 110702592 bytes of memory usage, 208588 kB of memory peak and 10:54:32 elapsed time
Statistics on the network after iteration 58 (MF = 12.930000)
	Number of nodes: 22687
	Number of allocated nodes: 23552
	Number of edges: 54705
	Maximum in degree: 36 (node 464)
	Maximum out degree: 64 (node 16067)
	source 11537 (node 16067) with out degree 64
	target 467 (node 464) with in degree 36

Execution time and memory used at after iteration 59 (MF = 12.560000): 4.122348e+04 seconds, 110702592 bytes of memory usage, 208588 kB of memory peak and 11:27:06 elapsed time
Statistics on the network after iteration 59 (MF = 12.560000)
	Number of nodes: 22687
	Number of allocated nodes: 23552
	Number of edges: 54705
	Maximum in degree: 36 (node 464)
	Maximum out degree: 64 (node 16067)
	source 11537 (node 16067) with out degree 64
	target 467 (node 464) with in degree 36

Execution time and memory used at after iteration 60 (MF = 11.370000): 4.251349e+04 seconds, 110702592 bytes of memory usage, 227528 kB of memory peak and 11:48:36 elapsed time
Statistics on the network after iteration 60 (MF = 11.370000)
	Number of nodes: 22687
	Number of allocated nodes: 23552
	Number of edges: 54705
	Maximum in degree: 36 (node 464)
	Maximum out degree: 64 (node 16067)
	source 11537 (node 16067) with out degree 64
	target 467 (node 464) with in degree 36

Execution time and memory used at after iteration 61 (MF = 12.540000): 4.575631e+04 seconds, 111529984 bytes of memory usage, 293548 kB of memory peak and 12:42:38 elapsed time
Statistics on the network after iteration 61 (MF = 12.540000)
	Number of nodes: 22687
	Number of allocated nodes: 23552
	Number of edges: 54705
	Maximum in degree: 36 (node 464)
	Maximum out degree: 64 (node 16067)
	source 11537 (node 16067) with out degree 64
	target 467 (node 464) with in degree 36

Execution time and memory used at after iteration 62 (MF = 12.430000): 4.714074e+04 seconds, 110702592 bytes of memory usage, 293548 kB of memory peak and 13:05:43 elapsed time
Statistics on the network after iteration 62 (MF = 12.430000)
	Number of nodes: 22687
	Number of allocated nodes: 23552
	Number of edges: 54705
	Maximum in degree: 36 (node 464)
	Maximum out degree: 64 (node 16067)
	source 11537 (node 16067) with out degree 64
	target 467 (node 464) with in degree 36

Execution time and memory used at after iteration 63 (MF = 12.740000): 4.854606e+04 seconds, 110702592 bytes of memory usage, 293548 kB of memory peak and 13:29:08 elapsed time
Statistics on the network after iteration 63 (MF = 12.740000)
	Number of nodes: 22687
	Number of allocated nodes: 23552
	Number of edges: 54705
	Maximum in degree: 36 (node 464)
	Maximum out degree: 64 (node 16067)
	source 11537 (node 16067) with out degree 64
	target 467 (node 464) with in degree 36

Execution time and memory used at after iteration 64 (MF = 11.380000): 4.985406e+04 seconds, 110702592 bytes of memory usage, 293548 kB of memory peak and 13:50:56 elapsed time
Statistics on the network after iteration 64 (MF = 11.380000)
	Number of nodes: 22687
	Number of allocated nodes: 23552
	Number of edges: 54705
	Maximum in degree: 36 (node 464)
	Maximum out degree: 64 (node 16067)
	source 11537 (node 16067) with out degree 64
	target 467 (node 464) with in degree 36

Execution time and memory used at after iteration 65 (MF = 11.270000): 5.128360e+04 seconds, 110702592 bytes of memory usage, 293548 kB of memory peak and 14:14:46 elapsed time
Statistics on the network after iteration 65 (MF = 11.270000)
	Number of nodes: 22687
	Number of allocated nodes: 23552
	Number of edges: 54705
	Maximum in degree: 36 (node 464)
	Maximum out degree: 64 (node 16067)
	source 11537 (node 16067) with out degree 64
	target 467 (node 464) with in degree 36

Execution time and memory used at after iteration 66 (MF = 12.870000): 5.273709e+04 seconds, 110702592 bytes of memory usage, 293548 kB of memory peak and 14:38:59 elapsed time
Statistics on the network after iteration 66 (MF = 12.870000)
	Number of nodes: 22687
	Number of allocated nodes: 23552
	Number of edges: 54705
	Maximum in degree: 36 (node 464)
	Maximum out degree: 64 (node 16067)
	source 11537 (node 16067) with out degree 64
	target 467 (node 464) with in degree 36

Execution time and memory used at after iteration 67 (MF = 11.160000): 5.341292e+04 seconds, 110702592 bytes of memory usage, 293548 kB of memory peak and 14:50:15 elapsed time
Statistics on the network after iteration 67 (MF = 11.160000)
	Number of nodes: 22687
	Number of allocated nodes: 23552
	Number of edges: 54705
	Maximum in degree: 36 (node 464)
	Maximum out degree: 64 (node 16067)
	source 11537 (node 16067) with out degree 64
	target 467 (node 464) with in degree 36

Execution time and memory used at after iteration 68 (MF = 12.460000): 5.448979e+04 seconds, 110702592 bytes of memory usage, 293548 kB of memory peak and 15:08:12 elapsed time
Statistics on the network after iteration 68 (MF = 12.460000)
	Number of nodes: 22687
	Number of allocated nodes: 23552
	Number of edges: 54705
	Maximum in degree: 36 (node 464)
	Maximum out degree: 64 (node 16067)
	source 11537 (node 16067) with out degree 64
	target 467 (node 464) with in degree 36

Execution time and memory used at after iteration 69 (MF = 12.940000): 5.595675e+04 seconds, 152498176 bytes of memory usage, 293548 kB of memory peak and 15:32:39 elapsed time
Statistics on the network after iteration 69 (MF = 12.940000)
	Number of nodes: 22687
	Number of allocated nodes: 23552
	Number of edges: 54705
	Maximum in degree: 36 (node 464)
	Maximum out degree: 64 (node 16067)
	source 11537 (node 16067) with out degree 64
	target 467 (node 464) with in degree 36

Execution time and memory used at after iteration 70 (MF = 11.350000): 5.665371e+04 seconds, 110702592 bytes of memory usage, 293548 kB of memory peak and 15:44:16 elapsed time
Statistics on the network after iteration 70 (MF = 11.350000)
	Number of nodes: 22687
	Number of allocated nodes: 23552
	Number of edges: 54705
	Maximum in degree: 36 (node 464)
	Maximum out degree: 64 (node 16067)
	source 11537 (node 16067) with out degree 64
	target 467 (node 464) with in degree 36

Execution time and memory used at after iteration 71 (MF = 11.410000): 5.773272e+04 seconds, 110702592 bytes of memory usage, 293548 kB of memory peak and 16:02:15 elapsed time
Statistics on the network after iteration 71 (MF = 11.410000)
	Number of nodes: 22687
	Number of allocated nodes: 23552
	Number of edges: 54705
	Maximum in degree: 36 (node 464)
	Maximum out degree: 64 (node 16067)
	source 11537 (node 16067) with out degree 64
	target 467 (node 464) with in degree 36

Execution time and memory used at after iteration 72 (MF = 12.650000): 5.890245e+04 seconds, 110702592 bytes of memory usage, 293548 kB of memory peak and 16:21:45 elapsed time
Statistics on the network after iteration 72 (MF = 12.650000)
	Number of nodes: 22687
	Number of allocated nodes: 23552
	Number of edges: 54705
	Maximum in degree: 36 (node 464)
	Maximum out degree: 64 (node 16067)
	source 11537 (node 16067) with out degree 64
	target 467 (node 464) with in degree 36

Execution time and memory used at after iteration 73 (MF = 11.890000): 6.006235e+04 seconds, 120860672 bytes of memory usage, 293548 kB of memory peak and 16:41:05 elapsed time
Statistics on the network after iteration 73 (MF = 11.890000)
	Number of nodes: 22687
	Number of allocated nodes: 23552
	Number of edges: 54705
	Maximum in degree: 36 (node 464)
	Maximum out degree: 64 (node 16067)
	source 11537 (node 16067) with out degree 64
	target 467 (node 464) with in degree 36

Execution time and memory used at after iteration 74 (MF = 12.520000): 6.134605e+04 seconds, 110702592 bytes of memory usage, 293548 kB of memory peak and 17:02:29 elapsed time
Statistics on the network after iteration 74 (MF = 12.520000)
	Number of nodes: 22687
	Number of allocated nodes: 23552
	Number of edges: 54705
	Maximum in degree: 36 (node 464)
	Maximum out degree: 64 (node 16067)
	source 11537 (node 16067) with out degree 64
	target 467 (node 464) with in degree 36

Execution time and memory used at after iteration 75 (MF = 12.970000): 6.307519e+04 seconds, 128622592 bytes of memory usage, 293548 kB of memory peak and 17:31:18 elapsed time
Statistics on the network after iteration 75 (MF = 12.970000)
	Number of nodes: 22687
	Number of allocated nodes: 23552
	Number of edges: 54705
	Maximum in degree: 36 (node 464)
	Maximum out degree: 64 (node 16067)
	source 11537 (node 16067) with out degree 64
	target 467 (node 464) with in degree 36

Execution time and memory used at after iteration 76 (MF = 12.540000): 6.486564e+04 seconds, 110702592 bytes of memory usage, 293548 kB of memory peak and 18:01:09 elapsed time
Statistics on the network after iteration 76 (MF = 12.540000)
	Number of nodes: 22687
	Number of allocated nodes: 23552
	Number of edges: 54705
	Maximum in degree: 36 (node 464)
	Maximum out degree: 64 (node 16067)
	source 11537 (node 16067) with out degree 64
	target 467 (node 464) with in degree 36

Execution time and memory used at after iteration 77 (MF = 12.160000): 6.704271e+04 seconds, 128925696 bytes of memory usage, 293548 kB of memory peak and 18:37:26 elapsed time
Statistics on the network after iteration 77 (MF = 12.160000)
	Number of nodes: 22687
	Number of allocated nodes: 23552
	Number of edges: 54705
	Maximum in degree: 36 (node 464)
	Maximum out degree: 64 (node 16067)
	source 11537 (node 16067) with out degree 64
	target 467 (node 464) with in degree 36

Execution time and memory used at after iteration 78 (MF = 13.020000): 6.941339e+04 seconds, 110702592 bytes of memory usage, 293548 kB of memory peak and 19:16:56 elapsed time
Statistics on the network after iteration 78 (MF = 13.020000)
	Number of nodes: 22687
	Number of allocated nodes: 23552
	Number of edges: 54705
	Maximum in degree: 36 (node 464)
	Maximum out degree: 64 (node 16067)
	source 11537 (node 16067) with out degree 64
	target 467 (node 464) with in degree 36

Execution time and memory used at after iteration 79 (MF = 12.170000): 7.215885e+04 seconds, 163606528 bytes of memory usage, 293548 kB of memory peak and 20:02:42 elapsed time
Statistics on the network after iteration 79 (MF = 12.170000)
	Number of nodes: 22687
	Number of allocated nodes: 23552
	Number of edges: 54705
	Maximum in degree: 36 (node 464)
	Maximum out degree: 64 (node 16067)
	source 11537 (node 16067) with out degree 64
	target 467 (node 464) with in degree 36

Execution time and memory used at after iteration 80 (MF = 11.880000): 7.480863e+04 seconds, 110702592 bytes of memory usage, 293548 kB of memory peak and 20:46:52 elapsed time
Statistics on the network after iteration 80 (MF = 11.880000)
	Number of nodes: 22687
	Number of allocated nodes: 23552
	Number of edges: 54705
	Maximum in degree: 36 (node 464)
	Maximum out degree: 64 (node 16067)
	source 11537 (node 16067) with out degree 64
	target 467 (node 464) with in degree 36

Execution time and memory used at after iteration 81 (MF = 12.950000): 7.748615e+04 seconds, 110702592 bytes of memory usage, 293548 kB of memory peak and 21:31:30 elapsed time
Statistics on the network after iteration 81 (MF = 12.950000)
	Number of nodes: 22687
	Number of allocated nodes: 23552
	Number of edges: 54705
	Maximum in degree: 36 (node 464)
	Maximum out degree: 64 (node 16067)
	source 11537 (node 16067) with out degree 64
	target 467 (node 464) with in degree 36

Execution time and memory used at after iteration 82 (MF = 12.500000): 7.985905e+04 seconds, 110702592 bytes of memory usage, 293548 kB of memory peak and 22:11:03 elapsed time
Statistics on the network after iteration 82 (MF = 12.500000)
	Number of nodes: 22687
	Number of allocated nodes: 23552
	Number of edges: 54705
	Maximum in degree: 36 (node 464)
	Maximum out degree: 64 (node 16067)
	source 11537 (node 16067) with out degree 64
	target 467 (node 464) with in degree 36

Execution time and memory used at after iteration 83 (MF = 12.810000): 8.257971e+04 seconds, 174301184 bytes of memory usage, 293548 kB of memory peak and 22:56:24 elapsed time
Statistics on the network after iteration 83 (MF = 12.810000)
	Number of nodes: 22687
	Number of allocated nodes: 23552
	Number of edges: 54705
	Maximum in degree: 36 (node 464)
	Maximum out degree: 64 (node 16067)
	source 11537 (node 16067) with out degree 64
	target 467 (node 464) with in degree 36

Execution time and memory used at after iteration 84 (MF = 12.190000): 8.539945e+04 seconds, 110702592 bytes of memory usage, 293548 kB of memory peak and 23:43:24 elapsed time
Statistics on the network after iteration 84 (MF = 12.190000)
	Number of nodes: 22687
	Number of allocated nodes: 23552
	Number of edges: 54705
	Maximum in degree: 36 (node 464)
	Maximum out degree: 64 (node 16067)
	source 11537 (node 16067) with out degree 64
	target 467 (node 464) with in degree 36

Execution time and memory used at after iteration 85 (MF = 12.550000): 8.773302e+04 seconds, 110702592 bytes of memory usage, 293548 kB of memory peak and 1-00:22:17 elapsed time
Statistics on the network after iteration 85 (MF = 12.550000)
	Number of nodes: 22687
	Number of allocated nodes: 23552
	Number of edges: 54705
	Maximum in degree: 36 (node 464)
	Maximum out degree: 64 (node 16067)
	source 11537 (node 16067) with out degree 64
	target 467 (node 464) with in degree 36

Execution time and memory used at after iteration 86 (MF = 11.660000): 9.032752e+04 seconds, 110702592 bytes of memory usage, 299372 kB of memory peak and 1-01:05:32 elapsed time
Statistics on the network after iteration 86 (MF = 11.660000)
	Number of nodes: 22687
	Number of allocated nodes: 23552
	Number of edges: 54705
	Maximum in degree: 36 (node 464)
	Maximum out degree: 64 (node 16067)
	source 11537 (node 16067) with out degree 64
	target 467 (node 464) with in degree 36

Execution time and memory used at after iteration 87 (MF = 11.460000): 9.218353e+04 seconds, 110702592 bytes of memory usage, 299372 kB of memory peak and 1-01:36:28 elapsed time
Statistics on the network after iteration 87 (MF = 11.460000)
	Number of nodes: 22687
	Number of allocated nodes: 23552
	Number of edges: 54705
	Maximum in degree: 36 (node 464)
	Maximum out degree: 64 (node 16067)
	source 11537 (node 16067) with out degree 64
	target 467 (node 464) with in degree 36

Execution time and memory used at after iteration 88 (MF = 12.470000): 9.474458e+04 seconds, 110702592 bytes of memory usage, 299372 kB of memory peak and 1-02:19:09 elapsed time
Statistics on the network after iteration 88 (MF = 12.470000)
	Number of nodes: 22687
	Number of allocated nodes: 23552
	Number of edges: 54705
	Maximum in degree: 36 (node 464)
	Maximum out degree: 64 (node 16067)
	source 11537 (node 16067) with out degree 64
	target 467 (node 464) with in degree 36

Execution time and memory used at after iteration 89 (MF = 13.040000): 9.749319e+04 seconds, 110702592 bytes of memory usage, 299372 kB of memory peak and 1-03:04:58 elapsed time
Statistics on the network after iteration 89 (MF = 13.040000)
	Number of nodes: 22687
	Number of allocated nodes: 23552
	Number of edges: 54705
	Maximum in degree: 36 (node 464)
	Maximum out degree: 64 (node 16067)
	source 11537 (node 16067) with out degree 64
	target 467 (node 464) with in degree 36

Execution time and memory used at after iteration 90 (MF = 11.970000): 1.001415e+05 seconds, 110702592 bytes of memory usage, 299372 kB of memory peak and 1-03:49:07 elapsed time
Statistics on the network after iteration 90 (MF = 11.970000)
	Number of nodes: 22687
	Number of allocated nodes: 23552
	Number of edges: 54705
	Maximum in degree: 36 (node 464)
	Maximum out degree: 64 (node 16067)
	source 11537 (node 16067) with out degree 64
	target 467 (node 464) with in degree 36

Execution time and memory used at after iteration 91 (MF = 12.380000): 1.030097e+05 seconds, 159961088 bytes of memory usage, 299372 kB of memory peak and 1-04:36:55 elapsed time
Statistics on the network after iteration 91 (MF = 12.380000)
	Number of nodes: 22687
	Number of allocated nodes: 23552
	Number of edges: 54705
	Maximum in degree: 36 (node 464)
	Maximum out degree: 64 (node 16067)
	source 11537 (node 16067) with out degree 64
	target 467 (node 464) with in degree 36

Execution time and memory used at after iteration 92 (MF = 12.010000): 1.062044e+05 seconds, 110702592 bytes of memory usage, 299372 kB of memory peak and 1-05:30:10 elapsed time
Statistics on the network after iteration 92 (MF = 12.010000)
	Number of nodes: 22687
	Number of allocated nodes: 23552
	Number of edges: 54705
	Maximum in degree: 36 (node 464)
	Maximum out degree: 64 (node 16067)
	source 11537 (node 16067) with out degree 64
	target 467 (node 464) with in degree 36

Execution time and memory used at after iteration 93 (MF = 12.360000): 1.094084e+05 seconds, 110702592 bytes of memory usage, 299372 kB of memory peak and 1-06:23:34 elapsed time
Statistics on the network after iteration 93 (MF = 12.360000)
	Number of nodes: 22687
	Number of allocated nodes: 23552
	Number of edges: 54705
	Maximum in degree: 36 (node 464)
	Maximum out degree: 64 (node 16067)
	source 11537 (node 16067) with out degree 64
	target 467 (node 464) with in degree 36

Execution time and memory used at after iteration 94 (MF = 11.000000): 1.129903e+05 seconds, 110702592 bytes of memory usage, 337000 kB of memory peak and 1-07:23:16 elapsed time
Statistics on the network after iteration 94 (MF = 11.000000)
	Number of nodes: 22687
	Number of allocated nodes: 23552
	Number of edges: 54705
	Maximum in degree: 36 (node 464)
	Maximum out degree: 64 (node 16067)
	source 11537 (node 16067) with out degree 64
	target 467 (node 464) with in degree 36

Execution time and memory used at after iteration 95 (MF = 12.650000): 1.166613e+05 seconds, 110702592 bytes of memory usage, 337388 kB of memory peak and 1-08:24:28 elapsed time
Statistics on the network after iteration 95 (MF = 12.650000)
	Number of nodes: 22687
	Number of allocated nodes: 23552
	Number of edges: 54705
	Maximum in degree: 36 (node 464)
	Maximum out degree: 64 (node 16067)
	source 11537 (node 16067) with out degree 64
	target 467 (node 464) with in degree 36

Execution time and memory used at after iteration 96 (MF = 12.970000): 1.208419e+05 seconds, 110702592 bytes of memory usage, 340840 kB of memory peak and 1-09:34:08 elapsed time
Statistics on the network after iteration 96 (MF = 12.970000)
	Number of nodes: 22687
	Number of allocated nodes: 23552
	Number of edges: 54705
	Maximum in degree: 36 (node 464)
	Maximum out degree: 64 (node 16067)
	source 11537 (node 16067) with out degree 64
	target 467 (node 464) with in degree 36

Execution time and memory used at after iteration 97 (MF = 12.990000): 1.250677e+05 seconds, 110702592 bytes of memory usage, 341252 kB of memory peak and 1-10:44:34 elapsed time
Statistics on the network after iteration 97 (MF = 12.990000)
	Number of nodes: 22687
	Number of allocated nodes: 23552
	Number of edges: 54705
	Maximum in degree: 36 (node 464)
	Maximum out degree: 64 (node 16067)
	source 11537 (node 16067) with out degree 64
	target 467 (node 464) with in degree 36

Execution time and memory used at after iteration 98 (MF = 11.230000): 1.291769e+05 seconds, 110702592 bytes of memory usage, 341252 kB of memory peak and 1-11:53:04 elapsed time
Statistics on the network after iteration 98 (MF = 11.230000)
	Number of nodes: 22687
	Number of allocated nodes: 23552
	Number of edges: 54705
	Maximum in degree: 36 (node 464)
	Maximum out degree: 64 (node 16067)
	source 11537 (node 16067) with out degree 64
	target 467 (node 464) with in degree 36

Execution time and memory used at after iteration 99 (MF = 12.090000): 1.332020e+05 seconds, 110702592 bytes of memory usage, 341252 kB of memory peak and 1-13:00:09 elapsed time
Statistics on the network after iteration 99 (MF = 12.090000)
	Number of nodes: 22687
	Number of allocated nodes: 23552
	Number of edges: 54705
	Maximum in degree: 36 (node 464)
	Maximum out degree: 64 (node 16067)
	source 11537 (node 16067) with out degree 64
	target 467 (node 464) with in degree 36

Execution time and memory used at after iteration 100 (MF = 12.370000): 1.373484e+05 seconds, 110702592 bytes of memory usage, 341252 kB of memory peak and 1-14:09:16 elapsed time
Statistics on the network after iteration 100 (MF = 12.370000)
	Number of nodes: 22687
	Number of allocated nodes: 23552
	Number of edges: 54705
	Maximum in degree: 36 (node 464)
	Maximum out degree: 64 (node 16067)
	source 11537 (node 16067) with out degree 64
	target 467 (node 464) with in degree 36

Execution time and memory used at after iteration 101 (MF = 12.390000): 1.416404e+05 seconds, 110702592 bytes of memory usage, 341252 kB of memory peak and 1-15:20:48 elapsed time
Statistics on the network after iteration 101 (MF = 12.390000)
	Number of nodes: 22687
	Number of allocated nodes: 23552
	Number of edges: 54705
	Maximum in degree: 36 (node 464)
	Maximum out degree: 64 (node 16067)
	source 11537 (node 16067) with out degree 64
	target 467 (node 464) with in degree 36

Execution time and memory used at after iteration 102 (MF = 13.020000): 1.461052e+05 seconds, 110702592 bytes of memory usage, 341252 kB of memory peak and 1-16:35:13 elapsed time
Statistics on the network after iteration 102 (MF = 13.020000)
	Number of nodes: 22687
	Number of allocated nodes: 23552
	Number of edges: 54705
	Maximum in degree: 36 (node 464)
	Maximum out degree: 64 (node 16067)
	source 11537 (node 16067) with out degree 64
	target 467 (node 464) with in degree 36

Execution time and memory used at after iteration 103 (MF = 12.930000): 1.511406e+05 seconds, 110702592 bytes of memory usage, 341252 kB of memory peak and 1-17:59:08 elapsed time
Statistics on the network after iteration 103 (MF = 12.930000)
	Number of nodes: 22687
	Number of allocated nodes: 23552
	Number of edges: 54705
	Maximum in degree: 36 (node 464)
	Maximum out degree: 64 (node 16067)
	source 11537 (node 16067) with out degree 64
	target 467 (node 464) with in degree 36

Execution time and memory used at after iteration 104 (MF = 11.960000): 1.560678e+05 seconds, 110702592 bytes of memory usage, 341252 kB of memory peak and 1-19:21:16 elapsed time
Statistics on the network after iteration 104 (MF = 11.960000)
	Number of nodes: 22687
	Number of allocated nodes: 23552
	Number of edges: 54705
	Maximum in degree: 36 (node 464)
	Maximum out degree: 64 (node 16067)
	source 11537 (node 16067) with out degree 64
	target 467 (node 464) with in degree 36

Execution time and memory used at after iteration 105 (MF = 12.290000): 1.611236e+05 seconds, 110702592 bytes of memory usage, 341252 kB of memory peak and 1-20:45:32 elapsed time
Statistics on the network after iteration 105 (MF = 12.290000)
	Number of nodes: 22687
	Number of allocated nodes: 23552
	Number of edges: 54705
	Maximum in degree: 36 (node 464)
	Maximum out degree: 64 (node 16067)
	source 11537 (node 16067) with out degree 64
	target 467 (node 464) with in degree 36

Execution time and memory used at after iteration 106 (MF = 12.660000): 1.667705e+05 seconds, 110702592 bytes of memory usage, 341252 kB of memory peak and 1-22:19:39 elapsed time
Statistics on the network after iteration 106 (MF = 12.660000)
	Number of nodes: 22687
	Number of allocated nodes: 23552
	Number of edges: 54705
	Maximum in degree: 36 (node 464)
	Maximum out degree: 64 (node 16067)
	source 11537 (node 16067) with out degree 64
	target 467 (node 464) with in degree 36

Execution time and memory used at after iteration 107 (MF = 12.870000): 1.725762e+05 seconds, 110702592 bytes of memory usage, 341252 kB of memory peak and 1-23:56:25 elapsed time
Statistics on the network after iteration 107 (MF = 12.870000)
	Number of nodes: 22687
	Number of allocated nodes: 23552
	Number of edges: 54705
	Maximum in degree: 36 (node 464)
	Maximum out degree: 64 (node 16067)
	source 11537 (node 16067) with out degree 64
	target 467 (node 464) with in degree 36

Execution time and memory used at after iteration 108 (MF = 12.400000): 1.786233e+05 seconds, 110702592 bytes of memory usage, 400340 kB of memory peak and 2-01:37:13 elapsed time
Statistics on the network after iteration 108 (MF = 12.400000)
	Number of nodes: 22687
	Number of allocated nodes: 23552
	Number of edges: 54705
	Maximum in degree: 36 (node 464)
	Maximum out degree: 64 (node 16067)
	source 11537 (node 16067) with out degree 64
	target 467 (node 464) with in degree 36

Execution time and memory used at after iteration 109 (MF = 12.430000): 1.847201e+05 seconds, 110702592 bytes of memory usage, 436096 kB of memory peak and 2-03:18:50 elapsed time
Statistics on the network after iteration 109 (MF = 12.430000)
	Number of nodes: 22687
	Number of allocated nodes: 23552
	Number of edges: 54705
	Maximum in degree: 36 (node 464)
	Maximum out degree: 64 (node 16067)
	source 11537 (node 16067) with out degree 64
	target 467 (node 464) with in degree 36

Execution time and memory used at after iteration 110 (MF = 12.970000): 1.908764e+05 seconds, 110702592 bytes of memory usage, 436096 kB of memory peak and 2-05:01:26 elapsed time
Statistics on the network after iteration 110 (MF = 12.970000)
	Number of nodes: 22687
	Number of allocated nodes: 23552
	Number of edges: 54705
	Maximum in degree: 36 (node 464)
	Maximum out degree: 64 (node 16067)
	source 11537 (node 16067) with out degree 64
	target 467 (node 464) with in degree 36

Execution time and memory used at after iteration 111 (MF = 13.030000): 1.975039e+05 seconds, 110702592 bytes of memory usage, 436096 kB of memory peak and 2-06:51:54 elapsed time
Statistics on the network after iteration 111 (MF = 13.030000)
	Number of nodes: 22687
	Number of allocated nodes: 23552
	Number of edges: 54705
	Maximum in degree: 36 (node 464)
	Maximum out degree: 64 (node 16067)
	source 11537 (node 16067) with out degree 64
	target 467 (node 464) with in degree 36

Execution time and memory used at after iteration 112 (MF = 12.460000): 2.041983e+05 seconds, 110702592 bytes of memory usage, 437368 kB of memory peak and 2-08:43:29 elapsed time
Statistics on the network after iteration 112 (MF = 12.460000)
	Number of nodes: 22687
	Number of allocated nodes: 23552
	Number of edges: 54705
	Maximum in degree: 36 (node 464)
	Maximum out degree: 64 (node 16067)
	source 11537 (node 16067) with out degree 64
	target 467 (node 464) with in degree 36

Execution time and memory used at after iteration 113 (MF = 10.830000): 2.079264e+05 seconds, 110702592 bytes of memory usage, 437368 kB of memory peak and 2-09:45:37 elapsed time
Statistics on the network after iteration 113 (MF = 10.830000)
	Number of nodes: 22687
	Number of allocated nodes: 23552
	Number of edges: 54705
	Maximum in degree: 36 (node 464)
	Maximum out degree: 64 (node 16067)
	source 11537 (node 16067) with out degree 64
	target 467 (node 464) with in degree 36

Execution time and memory used at after iteration 114 (MF = 12.450000): 2.118959e+05 seconds, 110702592 bytes of memory usage, 437368 kB of memory peak and 2-10:51:47 elapsed time
Statistics on the network after iteration 114 (MF = 12.450000)
	Number of nodes: 22687
	Number of allocated nodes: 23552
	Number of edges: 54705
	Maximum in degree: 36 (node 464)
	Maximum out degree: 64 (node 16067)
	source 11537 (node 16067) with out degree 64
	target 467 (node 464) with in degree 36

Execution time and memory used at after iteration 115 (MF = 12.730000): 2.161145e+05 seconds, 110702592 bytes of memory usage, 437368 kB of memory peak and 2-12:02:05 elapsed time
Statistics on the network after iteration 115 (MF = 12.730000)
	Number of nodes: 22687
	Number of allocated nodes: 23552
	Number of edges: 54705
	Maximum in degree: 36 (node 464)
	Maximum out degree: 64 (node 16067)
	source 11537 (node 16067) with out degree 64
	target 467 (node 464) with in degree 36

Execution time and memory used at after iteration 116 (MF = 12.980000): 2.203939e+05 seconds, 110702592 bytes of memory usage, 437368 kB of memory peak and 2-13:13:25 elapsed time
Statistics on the network after iteration 116 (MF = 12.980000)
	Number of nodes: 22687
	Number of allocated nodes: 23552
	Number of edges: 54705
	Maximum in degree: 36 (node 464)
	Maximum out degree: 64 (node 16067)
	source 11537 (node 16067) with out degree 64
	target 467 (node 464) with in degree 36

Execution time and memory used at after iteration 117 (MF = 12.380000): 2.247170e+05 seconds, 180035584 bytes of memory usage, 437368 kB of memory peak and 2-14:25:28 elapsed time
Statistics on the network after iteration 117 (MF = 12.380000)
	Number of nodes: 22687
	Number of allocated nodes: 23552
	Number of edges: 54705
	Maximum in degree: 36 (node 464)
	Maximum out degree: 64 (node 16067)
	source 11537 (node 16067) with out degree 64
	target 467 (node 464) with in degree 36

Execution time and memory used at after iteration 118 (MF = 10.890000): 2.277490e+05 seconds, 110702592 bytes of memory usage, 437368 kB of memory peak and 2-15:16:00 elapsed time
Statistics on the network after iteration 118 (MF = 10.890000)
	Number of nodes: 22687
	Number of allocated nodes: 23552
	Number of edges: 54705
	Maximum in degree: 36 (node 464)
	Maximum out degree: 64 (node 16067)
	source 11537 (node 16067) with out degree 64
	target 467 (node 464) with in degree 36

Execution time and memory used at after iteration 119 (MF = 12.990000): 2.308822e+05 seconds, 110702592 bytes of memory usage, 437368 kB of memory peak and 2-16:08:14 elapsed time
Statistics on the network after iteration 119 (MF = 12.990000)
	Number of nodes: 22687
	Number of allocated nodes: 23552
	Number of edges: 54705
	Maximum in degree: 36 (node 464)
	Maximum out degree: 64 (node 16067)
	source 11537 (node 16067) with out degree 64
	target 467 (node 464) with in degree 36

Execution time and memory used at after iteration 120 (MF = 12.400000): 2.339181e+05 seconds, 110702592 bytes of memory usage, 437368 kB of memory peak and 2-16:58:50 elapsed time
Statistics on the network after iteration 120 (MF = 12.400000)
	Number of nodes: 22687
	Number of allocated nodes: 23552
	Number of edges: 54705
	Maximum in degree: 36 (node 464)
	Maximum out degree: 64 (node 16067)
	source 11537 (node 16067) with out degree 64
	target 467 (node 464) with in degree 36

Execution time and memory used at after iteration 121 (MF = 12.440000): 2.372395e+05 seconds, 190124032 bytes of memory usage, 437368 kB of memory peak and 2-17:54:12 elapsed time
Statistics on the network after iteration 121 (MF = 12.440000)
	Number of nodes: 22687
	Number of allocated nodes: 23552
	Number of edges: 54705
	Maximum in degree: 36 (node 464)
	Maximum out degree: 64 (node 16067)
	source 11537 (node 16067) with out degree 64
	target 467 (node 464) with in degree 36

Execution time and memory used at after iteration 122 (MF = 11.880000): 2.406025e+05 seconds, 110702592 bytes of memory usage, 437368 kB of memory peak and 2-18:50:15 elapsed time
Statistics on the network after iteration 122 (MF = 11.880000)
	Number of nodes: 22687
	Number of allocated nodes: 23552
	Number of edges: 54705
	Maximum in degree: 36 (node 464)
	Maximum out degree: 64 (node 16067)
	source 11537 (node 16067) with out degree 64
	target 467 (node 464) with in degree 36

Execution time and memory used at after iteration 123 (MF = 12.430000): 2.441655e+05 seconds, 145838080 bytes of memory usage, 437368 kB of memory peak and 2-19:49:38 elapsed time
Statistics on the network after iteration 123 (MF = 12.430000)
	Number of nodes: 22687
	Number of allocated nodes: 23552
	Number of edges: 54705
	Maximum in degree: 36 (node 464)
	Maximum out degree: 64 (node 16067)
	source 11537 (node 16067) with out degree 64
	target 467 (node 464) with in degree 36

Execution time and memory used at after iteration 124 (MF = 12.580000): 2.476865e+05 seconds, 110702592 bytes of memory usage, 437368 kB of memory peak and 2-20:48:19 elapsed time
Statistics on the network after iteration 124 (MF = 12.580000)
	Number of nodes: 22687
	Number of allocated nodes: 23552
	Number of edges: 54705
	Maximum in degree: 36 (node 464)
	Maximum out degree: 64 (node 16067)
	source 11537 (node 16067) with out degree 64
	target 467 (node 464) with in degree 36

Execution time and memory used at after iteration 125 (MF = 12.970000): 2.512247e+05 seconds, 110702592 bytes of memory usage, 437368 kB of memory peak and 2-21:47:18 elapsed time
Statistics on the network after iteration 125 (MF = 12.970000)
	Number of nodes: 22687
	Number of allocated nodes: 23552
	Number of edges: 54705
	Maximum in degree: 36 (node 464)
	Maximum out degree: 64 (node 16067)
	source 11537 (node 16067) with out degree 64
	target 467 (node 464) with in degree 36

Execution time and memory used at after iteration 126 (MF = 12.460000): 2.554873e+05 seconds, 110702592 bytes of memory usage, 437368 kB of memory peak and 2-22:58:21 elapsed time
Statistics on the network after iteration 126 (MF = 12.460000)
	Number of nodes: 22687
	Number of allocated nodes: 23552
	Number of edges: 54705
	Maximum in degree: 36 (node 464)
	Maximum out degree: 64 (node 16067)
	source 11537 (node 16067) with out degree 64
	target 467 (node 464) with in degree 36

Execution time and memory used at after iteration 127 (MF = 12.390000): 2.598770e+05 seconds, 110702592 bytes of memory usage, 437368 kB of memory peak and 3-00:11:31 elapsed time
Statistics on the network after iteration 127 (MF = 12.390000)
	Number of nodes: 22687
	Number of allocated nodes: 23552
	Number of edges: 54705
	Maximum in degree: 36 (node 464)
	Maximum out degree: 64 (node 16067)
	source 11537 (node 16067) with out degree 64
	target 467 (node 464) with in degree 36

Execution time and memory used at after iteration 128 (MF = 13.020000): 2.645601e+05 seconds, 110702592 bytes of memory usage, 437368 kB of memory peak and 3-01:29:34 elapsed time
Statistics on the network after iteration 128 (MF = 13.020000)
	Number of nodes: 22687
	Number of allocated nodes: 23552
	Number of edges: 54705
	Maximum in degree: 36 (node 464)
	Maximum out degree: 64 (node 16067)
	source 11537 (node 16067) with out degree 64
	target 467 (node 464) with in degree 36

Execution time and memory used at after iteration 129 (MF = 12.430000): 2.696947e+05 seconds, 110702592 bytes of memory usage, 437368 kB of memory peak and 3-02:55:09 elapsed time
Statistics on the network after iteration 129 (MF = 12.430000)
	Number of nodes: 22687
	Number of allocated nodes: 23552
	Number of edges: 54705
	Maximum in degree: 36 (node 464)
	Maximum out degree: 64 (node 16067)
	source 11537 (node 16067) with out degree 64
	target 467 (node 464) with in degree 36

Execution time and memory used at after iteration 130 (MF = 13.030000): 2.750207e+05 seconds, 110702592 bytes of memory usage, 437368 kB of memory peak and 3-04:23:55 elapsed time
Statistics on the network after iteration 130 (MF = 13.030000)
	Number of nodes: 22687
	Number of allocated nodes: 23552
	Number of edges: 54705
	Maximum in degree: 36 (node 464)
	Maximum out degree: 64 (node 16067)
	source 11537 (node 16067) with out degree 64
	target 467 (node 464) with in degree 36

Execution time and memory used at after iteration 131 (MF = 12.730000): 2.804862e+05 seconds, 110702592 bytes of memory usage, 437368 kB of memory peak and 3-05:55:01 elapsed time
Statistics on the network after iteration 131 (MF = 12.730000)
	Number of nodes: 22687
	Number of allocated nodes: 23552
	Number of edges: 54705
	Maximum in degree: 36 (node 464)
	Maximum out degree: 64 (node 16067)
	source 11537 (node 16067) with out degree 64
	target 467 (node 464) with in degree 36

Execution time and memory used at after iteration 132 (MF = 12.970000): 2.860945e+05 seconds, 110702592 bytes of memory usage, 437368 kB of memory peak and 3-07:28:29 elapsed time
Statistics on the network after iteration 132 (MF = 12.970000)
	Number of nodes: 22687
	Number of allocated nodes: 23552
	Number of edges: 54705
	Maximum in degree: 36 (node 464)
	Maximum out degree: 64 (node 16067)
	source 11537 (node 16067) with out degree 64
	target 467 (node 464) with in degree 36

Execution time and memory used at after iteration 133 (MF = 12.750000): 2.917746e+05 seconds, 110702592 bytes of memory usage, 437368 kB of memory peak and 3-09:03:09 elapsed time
Statistics on the network after iteration 133 (MF = 12.750000)
	Number of nodes: 22687
	Number of allocated nodes: 23552
	Number of edges: 54705
	Maximum in degree: 36 (node 464)
	Maximum out degree: 64 (node 16067)
	source 11537 (node 16067) with out degree 64
	target 467 (node 464) with in degree 36

Execution time and memory used at after iteration 134 (MF = 11.350000): 2.973563e+05 seconds, 110702592 bytes of memory usage, 437368 kB of memory peak and 3-10:36:11 elapsed time
Statistics on the network after iteration 134 (MF = 11.350000)
	Number of nodes: 22687
	Number of allocated nodes: 23552
	Number of edges: 54705
	Maximum in degree: 36 (node 464)
	Maximum out degree: 64 (node 16067)
	source 11537 (node 16067) with out degree 64
	target 467 (node 464) with in degree 36

Execution time and memory used at after iteration 135 (MF = 12.560000): 3.029353e+05 seconds, 110702592 bytes of memory usage, 437368 kB of memory peak and 3-12:09:11 elapsed time
Statistics on the network after iteration 135 (MF = 12.560000)
	Number of nodes: 22687
	Number of allocated nodes: 23552
	Number of edges: 54705
	Maximum in degree: 36 (node 464)
	Maximum out degree: 64 (node 16067)
	source 11537 (node 16067) with out degree 64
	target 467 (node 464) with in degree 36

Execution time and memory used at after iteration 136 (MF = 12.390000): 3.086238e+05 seconds, 110702592 bytes of memory usage, 437368 kB of memory peak and 3-13:43:59 elapsed time
Statistics on the network after iteration 136 (MF = 12.390000)
	Number of nodes: 22687
	Number of allocated nodes: 23552
	Number of edges: 54705
	Maximum in degree: 36 (node 464)
	Maximum out degree: 64 (node 16067)
	source 11537 (node 16067) with out degree 64
	target 467 (node 464) with in degree 36

Execution time and memory used at after iteration 137 (MF = 12.890000): 3.146151e+05 seconds, 110702592 bytes of memory usage, 437368 kB of memory peak and 3-15:23:51 elapsed time
Statistics on the network after iteration 137 (MF = 12.890000)
	Number of nodes: 22687
	Number of allocated nodes: 23552
	Number of edges: 54705
	Maximum in degree: 36 (node 464)
	Maximum out degree: 64 (node 16067)
	source 11537 (node 16067) with out degree 64
	target 467 (node 464) with in degree 36

Execution time and memory used at after iteration 138 (MF = 12.520000): 3.210706e+05 seconds, 110702592 bytes of memory usage, 437368 kB of memory peak and 3-17:11:26 elapsed time
Statistics on the network after iteration 138 (MF = 12.520000)
	Number of nodes: 22687
	Number of allocated nodes: 23552
	Number of edges: 54705
	Maximum in degree: 36 (node 464)
	Maximum out degree: 64 (node 16067)
	source 11537 (node 16067) with out degree 64
	target 467 (node 464) with in degree 36

Execution time and memory used at after iteration 139 (MF = 12.860000): 3.280211e+05 seconds, 110702592 bytes of memory usage, 437368 kB of memory peak and 3-19:07:17 elapsed time
Statistics on the network after iteration 139 (MF = 12.860000)
	Number of nodes: 22687
	Number of allocated nodes: 23552
	Number of edges: 54705
	Maximum in degree: 36 (node 464)
	Maximum out degree: 64 (node 16067)
	source 11537 (node 16067) with out degree 64
	target 467 (node 464) with in degree 36

Execution time and memory used at after iteration 140 (MF = 11.840000): 3.331713e+05 seconds, 110702592 bytes of memory usage, 437368 kB of memory peak and 3-20:33:07 elapsed time
Statistics on the network after iteration 140 (MF = 11.840000)
	Number of nodes: 22687
	Number of allocated nodes: 23552
	Number of edges: 54705
	Maximum in degree: 36 (node 464)
	Maximum out degree: 64 (node 16067)
	source 11537 (node 16067) with out degree 64
	target 467 (node 464) with in degree 36

Execution time and memory used at after iteration 141 (MF = 12.780000): 3.383564e+05 seconds, 110702592 bytes of memory usage, 437368 kB of memory peak and 3-21:59:33 elapsed time
Statistics on the network after iteration 141 (MF = 12.780000)
	Number of nodes: 22687
	Number of allocated nodes: 23552
	Number of edges: 54705
	Maximum in degree: 36 (node 464)
	Maximum out degree: 64 (node 16067)
	source 11537 (node 16067) with out degree 64
	target 467 (node 464) with in degree 36

Execution time and memory used at after iteration 142 (MF = 12.700000): 3.436028e+05 seconds, 110702592 bytes of memory usage, 437368 kB of memory peak and 3-23:27:00 elapsed time
Statistics on the network after iteration 142 (MF = 12.700000)
	Number of nodes: 22687
	Number of allocated nodes: 23552
	Number of edges: 54705
	Maximum in degree: 36 (node 464)
	Maximum out degree: 64 (node 16067)
	source 11537 (node 16067) with out degree 64
	target 467 (node 464) with in degree 36
