	Command being timed: "/usr/app/src/glpk-5.0/examples/glpsol --lp input/email-EuAll.html/email-EuAll.txt.gz.184.lp.reach_chain_detours.lp -o input/email-EuAll.html/email-EuAll.txt.gz.184.lp.reach_chain_detours.lp.sol"
	User time (seconds): 3.70
	System time (seconds): 0.18
	Percent of CPU this job got: 100%
	Elapsed (wall clock) time (h:mm:ss or m:ss): 0:03.88
	Average shared text size (kbytes): 0
	Average unshared data size (kbytes): 0
	Average stack size (kbytes): 0
	Average total size (kbytes): 0
	Maximum resident set size (kbytes): 287148
	Average resident set size (kbytes): 0
	Major (requiring I/O) page faults: 0
	Minor (reclaiming a frame) page faults: 90846
	Voluntary context switches: 32
	Involuntary context switches: 10
	Swaps: 0
	File system inputs: 0
	File system outputs: 46840
	Socket messages sent: 0
	Socket messages received: 0
	Signals delivered: 0
	Page size (bytes): 4096
	Exit status: 0
