GLPSOL--GLPK LP/MIP Solver 5.0
Parameter(s) specified in the command line:
 --lp input/p2p-Gnutella04.html/p2p-Gnutella04.txt.gz.14.lp -o input/p2p-Gnutella04.html/p2p-Gnutella04.txt.gz.14.lp.sol
Reading problem data from 'input/p2p-Gnutella04.html/p2p-Gnutella04.txt.gz.14.lp'...
39997 rows, 90864 columns, 199972 non-zeros
90864 integer variables, all of which are binary
130866 lines were read
GLPK Integer Optimizer 5.0
39997 rows, 90864 columns, 199972 non-zeros
90864 integer variables, all of which are binary
Preprocessing...
39982 rows, 90848 columns, 199746 non-zeros
90848 integer variables, all of which are binary
Scaling...
 A: min|aij| =  1.000e+00  max|aij| =  1.000e+00  ratio =  1.000e+00
Problem data seem to be well scaled
Constructing initial basis...
Size of triangular part is 39982
Solving LP relaxation...
GLPK Simplex Optimizer 5.0
39982 rows, 90848 columns, 199746 non-zeros
      0: obj =   0.000000000e+00 inf =   7.200e+01 (72)
     72: obj =   4.008721700e+01 inf =   0.000e+00 (0)
Perturbing LP to avoid stalling [285]...
*  2143: obj =   3.199419900e+01 inf =   0.000e+00 (570) 13
*  3558: obj =   3.199419900e+01 inf =   0.000e+00 (795) 13
*  4777: obj =   3.199419900e+01 inf =   0.000e+00 (983) 11
*  6065: obj =   2.939627110e+01 inf =   1.296e-03 (1148) 12
*  7375: obj =   2.719359293e+01 inf =   8.421e-03 (1026) 13
*  8715: obj =   2.446156085e+01 inf =   7.085e-03 (715) 13
Removing LP perturbation [10245]...
* 10245: obj =   2.294395832e+01 inf =   0.000e+00 (0) 15
OPTIMAL LP SOLUTION FOUND
Integer optimization begins...
Long-step dual simplex will be used
+ 10245: mip =     not found yet >=              -inf        (1; 0)
+ 10245: mip =     not found yet >=   2.295157444e+01        (2; 0)
Solution found by heuristic: 32.61047
+ 10348: mip =   3.261047000e+01 >=   2.295674912e+01  29.6% (3; 0)
+ 10436: mip =   3.261047000e+01 >=   2.295674912e+01  29.6% (4; 0)
Time used: 84.9 secs.  Memory used: 89.2 Mb.
+ 10472: mip =   3.261047000e+01 >=   2.295674912e+01  29.6% (5; 0)
+ 10621: mip =   3.261047000e+01 >=   2.295674912e+01  29.6% (6; 0)
+ 10838: mip =   3.261047000e+01 >=   2.295674912e+01  29.6% (7; 0)
Time used: 168.3 secs.  Memory used: 89.2 Mb.
Solution found by heuristic: 30.970936
+ 10933: mip =   3.097093600e+01 >=   2.295674912e+01  25.9% (8; 0)
+ 10999: >>>>>   2.521512600e+01 >=   2.295674912e+01   9.0% (8; 0)
+ 11054: >>>>>   2.301744200e+01 >=   2.301744200e+01   0.0% (7; 1)
+ 11054: mip =   2.301744200e+01 >=     tree is empty   0.0% (0; 15)
INTEGER OPTIMAL SOLUTION FOUND
Time used:   231.8 secs
Memory used: 110.9 Mb (116295266 bytes)
Writing MIP solution to 'input/p2p-Gnutella04.html/p2p-Gnutella04.txt.gz.14.lp.sol'...
Objective:  obj = 23.017442 (MINimum)
