	Command being timed: "/usr/app/src/glpk-5.0/examples/glpsol --lp input/p2p-Gnutella06.html/p2p-Gnutella06.txt.gz.12.lp -o input/p2p-Gnutella06.html/p2p-Gnutella06.txt.gz.12.lp.sol"
	User time (seconds): 1529.16
	System time (seconds): 2.01
	Percent of CPU this job got: 99%
	Elapsed (wall clock) time (h:mm:ss or m:ss): 25:31.27
	Average shared text size (kbytes): 0
	Average unshared data size (kbytes): 0
	Average stack size (kbytes): 0
	Average total size (kbytes): 0
	Maximum resident set size (kbytes): 100336
	Average resident set size (kbytes): 0
	Major (requiring I/O) page faults: 0
	Minor (reclaiming a frame) page faults: 1113721
	Voluntary context switches: 34
	Involuntary context switches: 2517
	Swaps: 0
	File system inputs: 0
	File system outputs: 13720
	Socket messages sent: 0
	Socket messages received: 0
	Signals delivered: 0
	Page size (bytes): 4096
	Exit status: 0
