GLPSOL--GLPK LP/MIP Solver 5.0
Parameter(s) specified in the command line:
 --lp input/p2p-Gnutella06.html/p2p-Gnutella06.txt.gz.12.lp -o input/p2p-Gnutella06.html/p2p-Gnutella06.txt.gz.12.lp.sol
Reading problem data from 'input/p2p-Gnutella06.html/p2p-Gnutella06.txt.gz.12.lp'...
31528 rows, 71767 columns, 157627 non-zeros
71767 integer variables, all of which are binary
103300 lines were read
GLPK Integer Optimizer 5.0
31528 rows, 71767 columns, 157627 non-zeros
71767 integer variables, all of which are binary
Preprocessing...
31515 rows, 71754 columns, 157404 non-zeros
71754 integer variables, all of which are binary
Scaling...
 A: min|aij| =  1.000e+00  max|aij| =  1.000e+00  ratio =  1.000e+00
Problem data seem to be well scaled
Constructing initial basis...
Size of triangular part is 31515
Solving LP relaxation...
GLPK Simplex Optimizer 5.0
31515 rows, 71754 columns, 157404 non-zeros
      0: obj =   0.000000000e+00 inf =   6.400e+01 (64)
     64: obj =   3.223728700e+01 inf =   0.000e+00 (0)
Perturbing LP to avoid stalling [275]...
*  2238: obj =   2.533898100e+01 inf =   0.000e+00 (700) 13
*  3764: obj =   2.533898100e+01 inf =   0.000e+00 (32183) 14
*  5309: obj =   2.388135500e+01 inf =   0.000e+00 (804) 15
Removing LP perturbation [7043]...
*  7043: obj =   1.944154915e+01 inf =   0.000e+00 (0) 16
OPTIMAL LP SOLUTION FOUND
Integer optimization begins...
Long-step dual simplex will be used
+  7043: mip =     not found yet >=              -inf        (1; 0)
Solution found by heuristic: 25.395483
+  7043: mip =   2.539548300e+01 >=   1.944806800e+01  23.4% (2; 0)
+  7077: mip =   2.539548300e+01 >=   1.949369992e+01  23.2% (3; 0)
+  7092: mip =   2.539548300e+01 >=   1.949369992e+01  23.2% (4; 0)
+  7109: mip =   2.539548300e+01 >=   1.949369992e+01  23.2% (5; 0)
Time used: 66.6 secs.  Memory used: 71.1 Mb.
+  7222: mip =   2.539548300e+01 >=   1.949369992e+01  23.2% (6; 0)
+  7259: mip =   2.539548300e+01 >=   1.949369992e+01  23.2% (7; 0)
+  7291: mip =   2.539548300e+01 >=   1.949369992e+01  23.2% (8; 0)
+  7316: mip =   2.539548300e+01 >=   1.949369992e+01  23.2% (9; 0)
Time used: 136.7 secs.  Memory used: 71.1 Mb.
+  7376: mip =   2.539548300e+01 >=   1.949369992e+01  23.2% (10; 0)
+  7437: mip =   2.539548300e+01 >=   1.949369992e+01  23.2% (11; 0)
+  7446: mip =   2.539548300e+01 >=   1.949369992e+01  23.2% (12; 0)
+  7513: mip =   2.539548300e+01 >=   1.949369992e+01  23.2% (13; 0)
Time used: 204.0 secs.  Memory used: 71.1 Mb.
Solution found by heuristic: 22.85876
+  7577: mip =   2.285876000e+01 >=   1.949369992e+01  14.7% (14; 0)
+  7661: mip =   2.285876000e+01 >=   1.949369992e+01  14.7% (15; 0)
+  7689: mip =   2.285876000e+01 >=   1.949369992e+01  14.7% (16; 0)
+  7741: mip =   2.285876000e+01 >=   1.949369992e+01  14.7% (17; 0)
Time used: 271.3 secs.  Memory used: 73.2 Mb.
+  7759: mip =   2.285876000e+01 >=   1.949369992e+01  14.7% (18; 0)
+  7801: mip =   2.285876000e+01 >=   1.964369133e+01  14.1% (18; 1)
+  7816: mip =   2.285876000e+01 >=   1.964369133e+01  14.1% (19; 1)
+  7845: mip =   2.285876000e+01 >=   1.964369133e+01  14.1% (20; 1)
Time used: 346.0 secs.  Memory used: 74.0 Mb.
+  7875: mip =   2.285876000e+01 >=   1.964369133e+01  14.1% (21; 1)
+  7921: mip =   2.285876000e+01 >=   1.964369133e+01  14.1% (22; 1)
+  7971: mip =   2.285876000e+01 >=   1.964369133e+01  14.1% (23; 1)
+  8008: mip =   2.285876000e+01 >=   1.964369133e+01  14.1% (24; 1)
Time used: 412.3 secs.  Memory used: 74.0 Mb.
+  8092: mip =   2.285876000e+01 >=   1.964369133e+01  14.1% (25; 1)
+  8099: mip =   2.285876000e+01 >=   1.964369133e+01  14.1% (26; 1)
+  8139: mip =   2.285876000e+01 >=   1.964369133e+01  14.1% (27; 1)
+  8161: mip =   2.285876000e+01 >=   1.964369133e+01  14.1% (28; 1)
Time used: 477.6 secs.  Memory used: 74.0 Mb.
+  8192: mip =   2.285876000e+01 >=   1.964369133e+01  14.1% (29; 1)
+  8211: mip =   2.285876000e+01 >=   1.964369133e+01  14.1% (30; 1)
+  8263: mip =   2.285876000e+01 >=   1.964369133e+01  14.1% (31; 1)
+  8404: mip =   2.285876000e+01 >=   1.964369133e+01  14.1% (32; 1)
Time used: 546.4 secs.  Memory used: 76.0 Mb.
+  8466: mip =   2.285876000e+01 >=   1.971933218e+01  13.7% (32; 2)
+  8485: mip =   2.285876000e+01 >=   1.971933218e+01  13.7% (33; 2)
+  8522: mip =   2.285876000e+01 >=   1.971933218e+01  13.7% (34; 2)
+  8586: mip =   2.285876000e+01 >=   1.971933218e+01  13.7% (35; 2)
Time used: 612.6 secs.  Memory used: 76.5 Mb.
+  8752: mip =   2.285876000e+01 >=   1.971933218e+01  13.7% (36; 2)
+  8768: mip =   2.285876000e+01 >=   1.971933218e+01  13.7% (37; 2)
+  8799: mip =   2.285876000e+01 >=   1.971933218e+01  13.7% (38; 2)
Time used: 684.3 secs.  Memory used: 76.5 Mb.
+  8851: mip =   2.285876000e+01 >=   1.971933218e+01  13.7% (39; 2)
+  8874: mip =   2.285876000e+01 >=   1.971933218e+01  13.7% (40; 2)
+  8942: mip =   2.285876000e+01 >=   1.971933218e+01  13.7% (41; 2)
Time used: 767.7 secs.  Memory used: 77.6 Mb.
+  8993: mip =   2.285876000e+01 >=   1.971933218e+01  13.7% (42; 2)
+  8994: mip =   2.285876000e+01 >=   1.971933218e+01  13.7% (43; 2)
+  9007: mip =   2.285876000e+01 >=   1.972142754e+01  13.7% (43; 3)
+  9073: mip =   2.285876000e+01 >=   1.972142754e+01  13.7% (44; 3)
Time used: 834.9 secs.  Memory used: 78.9 Mb.
+  9086: mip =   2.285876000e+01 >=   1.972142754e+01  13.7% (45; 3)
+  9131: mip =   2.285876000e+01 >=   1.972142754e+01  13.7% (46; 3)
+  9162: mip =   2.285876000e+01 >=   1.972142754e+01  13.7% (47; 3)
+  9169: mip =   2.285876000e+01 >=   1.972142754e+01  13.7% (48; 3)
Time used: 904.6 secs.  Memory used: 78.9 Mb.
+  9177: mip =   2.285876000e+01 >=   1.972142754e+01  13.7% (49; 3)
+  9278: mip =   2.285876000e+01 >=   1.972142754e+01  13.7% (50; 3)
+  9316: mip =   2.285876000e+01 >=   1.972142754e+01  13.7% (51; 3)
+  9389: mip =   2.285876000e+01 >=   1.972142754e+01  13.7% (52; 3)
Time used: 982.9 secs.  Memory used: 78.9 Mb.
+  9434: mip =   2.285876000e+01 >=   1.972142754e+01  13.7% (53; 3)
+  9494: mip =   2.285876000e+01 >=   1.972142754e+01  13.7% (54; 3)
+  9518: mip =   2.285876000e+01 >=   1.972142754e+01  13.7% (55; 3)
+  9578: >>>>>   2.175706700e+01 >=   1.972142754e+01   9.4% (55; 3)
+  9591: mip =   2.175706700e+01 >=   1.975928446e+01   9.2% (40; 34)
Time used: 1052.6 secs.  Memory used: 78.9 Mb.
+  9612: mip =   2.175706700e+01 >=   1.975928446e+01   9.2% (41; 34)
+  9652: mip =   2.175706700e+01 >=   1.975928446e+01   9.2% (42; 34)
+  9671: mip =   2.175706700e+01 >=   1.975928446e+01   9.2% (43; 34)
+  9681: mip =   2.175706700e+01 >=   1.975928446e+01   9.2% (44; 34)
Time used: 1117.5 secs.  Memory used: 78.9 Mb.
+  9740: mip =   2.175706700e+01 >=   1.975928446e+01   9.2% (45; 34)
+  9793: mip =   2.175706700e+01 >=   1.975928446e+01   9.2% (46; 34)
+  9799: mip =   2.175706700e+01 >=   1.975928446e+01   9.2% (47; 34)
+  9905: mip =   2.175706700e+01 >=   1.975928446e+01   9.2% (48; 34)
Time used: 1185.6 secs.  Memory used: 78.9 Mb.
+  9927: mip =   2.175706700e+01 >=   1.975928446e+01   9.2% (49; 34)
+  9979: mip =   2.175706700e+01 >=   1.975928446e+01   9.2% (50; 34)
+  9991: mip =   2.175706700e+01 >=   1.981008577e+01   8.9% (50; 35)
+ 10016: mip =   2.175706700e+01 >=   1.981008577e+01   8.9% (51; 35)
Time used: 1248.5 secs.  Memory used: 78.9 Mb.
+ 10100: >>>>>   2.040678200e+01 >=   1.981008577e+01   2.9% (51; 35)
+ 10120: mip =   2.040678200e+01 >=   1.983746369e+01   2.8% (18; 102)
+ 10151: mip =   2.040678200e+01 >=   1.983746369e+01   2.8% (19; 102)
+ 10209: mip =   2.040678200e+01 >=   1.983746369e+01   2.8% (20; 102)
+ 10277: mip =   2.040678200e+01 >=   1.985615131e+01   2.7% (20; 103)
Time used: 1330.5 secs.  Memory used: 78.9 Mb.
+ 10333: mip =   2.040678200e+01 >=   1.985687533e+01   2.7% (20; 104)
+ 10377: mip =   2.040678200e+01 >=   1.985687533e+01   2.7% (20; 104)
+ 10488: >>>>>   2.015254400e+01 >=   1.987683836e+01   1.4% (19; 105)
+ 10655: mip =   2.015254400e+01 >=   1.990395600e+01   1.2% (9; 125)
Time used: 1408.9 secs.  Memory used: 78.9 Mb.
+ 10765: mip =   2.015254400e+01 >=   2.000452480e+01   0.7% (9; 126)
+ 10795: mip =   2.015254400e+01 >=   2.000869385e+01   0.7% (8; 130)
+ 10838: mip =   2.015254400e+01 >=   2.002823000e+01   0.6% (8; 131)
Time used: 1483.6 secs.  Memory used: 80.4 Mb.
+ 10870: mip =   2.015254400e+01 >=   2.011488800e+01   0.2% (4; 139)
+ 10887: mip =   2.015254400e+01 >=     tree is empty   0.0% (0; 159)
INTEGER OPTIMAL SOLUTION FOUND
Time used:   1530.8 secs
Memory used: 97.5 Mb (102285052 bytes)
Writing MIP solution to 'input/p2p-Gnutella06.html/p2p-Gnutella06.txt.gz.12.lp.sol'...
Objective:  obj = 20.152544 (MINimum)
