Version 1.2 launched as -e 0.1 12 input/ca-HepTh.html/ca-HepTh.txt.gz 25


Execution time and memory used at after reading from file: 7.900000e-01 seconds, 17174528 bytes of memory usage, 16808 kB of memory peak and 00:01 elapsed time
Statistics on the network after reading from file
	Number of nodes: 9877
	Number of allocated nodes: 10240
	Number of edges: 51946
	Maximum in degree: 65 (node 1441)
	Maximum out degree: 65 (node 1441)

Execution time and memory used at after adding costs: 8.000000e-01 seconds, 17174528 bytes of memory usage, 16808 kB of memory peak and 00:01 elapsed time
Statistics on the network after adding costs
	Number of nodes: 9877
	Number of allocated nodes: 10240
	Number of edges: 51946
	Maximum in degree: 65 (node 1441)
	Maximum out degree: 65 (node 1441)

Execution time and memory used at before starting main computation: 8.100000e-01 seconds, 17444864 bytes of memory usage, 17552 kB of memory peak and 00:01 elapsed time
Statistics on the network before starting main computation
	Number of nodes: 9877
	Number of allocated nodes: 10240
	Number of edges: 51946
	Maximum in degree: 65 (node 1441)
	Maximum out degree: 65 (node 1441)
	source 86 (node 1441) with out degree 65
	target 15 (node 19615) with in degree 60

Execution time and memory used at after iteration 1 (MF = 67.230769): 8.660000e+00 seconds, 63991808 bytes of memory usage, 84876 kB of memory peak and 00:09 elapsed time
Statistics on the network after iteration 1 (MF = 67.230769)
	Number of nodes: 9877
	Number of allocated nodes: 10240
	Number of edges: 51946
	Maximum in degree: 65 (node 1441)
	Maximum out degree: 65 (node 1441)
	source 86 (node 1441) with out degree 65
	target 15 (node 19615) with in degree 60

Execution time and memory used at after iteration 2 (MF = 44.400000): 9.940000e+00 seconds, 63991808 bytes of memory usage, 84980 kB of memory peak and 00:10 elapsed time
Statistics on the network after iteration 2 (MF = 44.400000)
	Number of nodes: 9877
	Number of allocated nodes: 10240
	Number of edges: 51946
	Maximum in degree: 65 (node 1441)
	Maximum out degree: 65 (node 1441)
	source 86 (node 1441) with out degree 65
	target 15 (node 19615) with in degree 60

Execution time and memory used at after iteration 3 (MF = 50.876923): 1.261000e+01 seconds, 63991808 bytes of memory usage, 85060 kB of memory peak and 00:13 elapsed time
Statistics on the network after iteration 3 (MF = 50.876923)
	Number of nodes: 9877
	Number of allocated nodes: 10240
	Number of edges: 51946
	Maximum in degree: 65 (node 1441)
	Maximum out degree: 65 (node 1441)
	source 86 (node 1441) with out degree 65
	target 15 (node 19615) with in degree 60

Execution time and memory used at after iteration 4 (MF = 52.261538): 6.870300e+02 seconds, 81440768 bytes of memory usage, 146752 kB of memory peak and 11:27 elapsed time
Statistics on the network after iteration 4 (MF = 52.261538)
	Number of nodes: 9877
	Number of allocated nodes: 10240
	Number of edges: 51946
	Maximum in degree: 65 (node 1441)
	Maximum out degree: 65 (node 1441)
	source 86 (node 1441) with out degree 65
	target 15 (node 19615) with in degree 60

Execution time and memory used at after iteration 5 (MF = 51.153846): 9.441615e+04 seconds, 101195776 bytes of memory usage, 322936 kB of memory peak and 1-02:13:39 elapsed time
Statistics on the network after iteration 5 (MF = 51.153846)
	Number of nodes: 9877
	Number of allocated nodes: 10240
	Number of edges: 51946
	Maximum in degree: 65 (node 1441)
	Maximum out degree: 65 (node 1441)
	source 86 (node 1441) with out degree 65
	target 15 (node 19615) with in degree 60

Execution time and memory used at after iteration 6 (MF = 47.338462): 1.007087e+05 seconds, 81440768 bytes of memory usage, 322936 kB of memory peak and 1-03:58:32 elapsed time
Statistics on the network after iteration 6 (MF = 47.338462)
	Number of nodes: 9877
	Number of allocated nodes: 10240
	Number of edges: 51946
	Maximum in degree: 65 (node 1441)
	Maximum out degree: 65 (node 1441)
	source 86 (node 1441) with out degree 65
	target 15 (node 19615) with in degree 60
