	Command being timed: "/usr/app/src/glpk-5.0/examples/glpsol --lp input/gemsec-Facebook.html/new_sites_edges.csv.gz.196.lp.reach_chain_detours.lp -o input/gemsec-Facebook.html/new_sites_edges.csv.gz.196.lp.reach_chain_detours.lp.sol"
	User time (seconds): 121.18
	System time (seconds): 0.29
	Percent of CPU this job got: 99%
	Elapsed (wall clock) time (h:mm:ss or m:ss): 2:01.47
	Average shared text size (kbytes): 0
	Average unshared data size (kbytes): 0
	Average stack size (kbytes): 0
	Average total size (kbytes): 0
	Maximum resident set size (kbytes): 110628
	Average resident set size (kbytes): 0
	Major (requiring I/O) page faults: 0
	Minor (reclaiming a frame) page faults: 58771
	Voluntary context switches: 43
	Involuntary context switches: 130
	Swaps: 0
	File system inputs: 0
	File system outputs: 20328
	Socket messages sent: 0
	Socket messages received: 0
	Signals delivered: 0
	Page size (bytes): 4096
	Exit status: 0
