GLPSOL--GLPK LP/MIP Solver 5.0
Parameter(s) specified in the command line:
 --lp input/p2p-Gnutella05.html/p2p-Gnutella05.txt.gz.30.lp.reach_chain_detours.lp
 -o input/p2p-Gnutella05.html/p2p-Gnutella05.txt.gz.30.lp.reach_chain_detours.lp.sol
Reading problem data from 'input/p2p-Gnutella05.html/p2p-Gnutella05.txt.gz.30.lp.reach_chain_detours.lp'...
13398 rows, 29944 columns, 66977 non-zeros
29944 integer variables, all of which are binary
43347 lines were read
GLPK Integer Optimizer 5.0
13398 rows, 29944 columns, 66977 non-zeros
29944 integer variables, all of which are binary
Preprocessing...
13396 rows, 29942 columns, 66876 non-zeros
29942 integer variables, all of which are binary
Scaling...
 A: min|aij| =  1.000e+00  max|aij| =  1.000e+00  ratio =  1.000e+00
Problem data seem to be well scaled
Constructing initial basis...
Size of triangular part is 13396
Solving LP relaxation...
GLPK Simplex Optimizer 5.0
13396 rows, 29942 columns, 66876 non-zeros
      0: obj =   0.000000000e+00 inf =   7.900e+01 (79)
     79: obj =   5.627082600e+01 inf =   0.000e+00 (0)
Perturbing LP to avoid stalling [308]...
*  4312: obj =   7.533287581e+00 inf =   4.325e-04 (1194) 33
*  7492: obj =   4.583293418e-01 inf =   6.793e-03 (2308) 32
* 11121: obj =   4.576959228e-01 inf =   2.305e-02 (1461) 35
* 14523: obj =   2.846346193e-01 inf =   1.876e-02 (1031) 34
* 18082: obj =   1.451358418e-01 inf =   2.302e-02 (1300) 35
* 21674: obj =   1.449411390e-01 inf =   2.676e-02 (941) 35
Removing LP perturbation [22114]...
* 22114: obj =   0.000000000e+00 inf =   0.000e+00 (0) 4
OPTIMAL LP SOLUTION FOUND
Integer optimization begins...
Long-step dual simplex will be used
+ 22114: mip =     not found yet >=              -inf        (1; 0)
+ 22114: >>>>>   0.000000000e+00 >=   0.000000000e+00   0.0% (1; 0)
+ 22114: mip =   0.000000000e+00 >=     tree is empty   0.0% (0; 1)
INTEGER OPTIMAL SOLUTION FOUND
Time used:   30.6 secs
Memory used: 35.8 Mb (37487700 bytes)
Writing MIP solution to 'input/p2p-Gnutella05.html/p2p-Gnutella05.txt.gz.30.lp.reach_chain_detours.lp.sol'...
Objective:  obj = 0 (MINimum)
