GLPSOL--GLPK LP/MIP Solver 5.0
Parameter(s) specified in the command line:
 --lp input/as-733.html/as20000102.txt.gz.20.lp.reach_chain_detours.lp -o
 input/as-733.html/as20000102.txt.gz.20.lp.reach_chain_detours.lp.sol
Reading problem data from 'input/as-733.html/as20000102.txt.gz.20.lp.reach_chain_detours.lp'...
166 rows, 353 columns, 817 non-zeros
353 integer variables, all of which are binary
524 lines were read
GLPK Integer Optimizer 5.0
166 rows, 353 columns, 817 non-zeros
353 integer variables, all of which are binary
Preprocessing...
164 rows, 351 columns, 781 non-zeros
351 integer variables, all of which are binary
Scaling...
 A: min|aij| =  1.000e+00  max|aij| =  1.000e+00  ratio =  1.000e+00
Problem data seem to be well scaled
Constructing initial basis...
Size of triangular part is 164
Solving LP relaxation...
GLPK Simplex Optimizer 5.0
164 rows, 351 columns, 781 non-zeros
      0: obj =   0.000000000e+00 inf =   1.400e+01 (14)
     14: obj =   2.401889000e+00 inf =   0.000e+00 (0)
*   143: obj =   0.000000000e+00 inf =   0.000e+00 (0)
OPTIMAL LP SOLUTION FOUND
Integer optimization begins...
Long-step dual simplex will be used
+   143: mip =     not found yet >=              -inf        (1; 0)
+   143: >>>>>   0.000000000e+00 >=   0.000000000e+00   0.0% (1; 0)
+   143: mip =   0.000000000e+00 >=     tree is empty   0.0% (0; 1)
INTEGER OPTIMAL SOLUTION FOUND
Time used:   0.0 secs
Memory used: 0.5 Mb (501309 bytes)
Writing MIP solution to 'input/as-733.html/as20000102.txt.gz.20.lp.reach_chain_detours.lp.sol'...
Objective:  obj = 0 (MINimum)
