Version 1.2 launched as -e 0.1 12 input/Oregon-2.html/oregon2_010407.txt.gz 40


Execution time and memory used at after reading from file: 6.500000e-01 seconds, 16834560 bytes of memory usage, 16476 kB of memory peak and 00:01 elapsed time
Statistics on the network after reading from file
	Number of nodes: 10981
	Number of allocated nodes: 11264
	Number of edges: 30856
	Maximum in degree: 207 (node 6461)
	Maximum out degree: 2313 (node 701)

Execution time and memory used at after adding costs: 6.500000e-01 seconds, 16834560 bytes of memory usage, 16476 kB of memory peak and 00:01 elapsed time
Statistics on the network after adding costs
	Number of nodes: 10981
	Number of allocated nodes: 11264
	Number of edges: 30856
	Maximum in degree: 207 (node 6461)
	Maximum out degree: 2313 (node 701)

Execution time and memory used at before starting main computation: 6.600000e-01 seconds, 16834560 bytes of memory usage, 16956 kB of memory peak and 00:01 elapsed time
Statistics on the network before starting main computation
	Number of nodes: 10981
	Number of allocated nodes: 11264
	Number of edges: 30856
	Maximum in degree: 207 (node 6461)
	Maximum out degree: 2313 (node 701)
	source 1545 (node 701) with out degree 2313
	target 3 (node 6461) with in degree 207

Execution time and memory used at after iteration 1 (MF = 37.034127): 4.970000e+00 seconds, 46194688 bytes of memory usage, 51564 kB of memory peak and 00:05 elapsed time
Statistics on the network after iteration 1 (MF = 37.034127)
	Number of nodes: 10981
	Number of allocated nodes: 11264
	Number of edges: 30856
	Maximum in degree: 207 (node 6461)
	Maximum out degree: 2313 (node 701)
	source 1545 (node 701) with out degree 2313
	target 3 (node 6461) with in degree 207

Execution time and memory used at after iteration 2 (MF = 19.242857): 5.540000e+00 seconds, 46194688 bytes of memory usage, 51616 kB of memory peak and 00:06 elapsed time
Statistics on the network after iteration 2 (MF = 19.242857)
	Number of nodes: 10981
	Number of allocated nodes: 11264
	Number of edges: 30856
	Maximum in degree: 207 (node 6461)
	Maximum out degree: 2313 (node 701)
	source 1545 (node 701) with out degree 2313
	target 3 (node 6461) with in degree 207

Execution time and memory used at after iteration 3 (MF = 32.869444): 1.010400e+02 seconds, 53534720 bytes of memory usage, 60612 kB of memory peak and 01:41 elapsed time
Statistics on the network after iteration 3 (MF = 32.869444)
	Number of nodes: 10981
	Number of allocated nodes: 11264
	Number of edges: 30856
	Maximum in degree: 207 (node 6461)
	Maximum out degree: 2313 (node 701)
	source 1545 (node 701) with out degree 2313
	target 3 (node 6461) with in degree 207

Execution time and memory used at after iteration 4 (MF = 33.697222): 1.192900e+02 seconds, 53534720 bytes of memory usage, 68052 kB of memory peak and 02:00 elapsed time
Statistics on the network after iteration 4 (MF = 33.697222)
	Number of nodes: 10981
	Number of allocated nodes: 11264
	Number of edges: 30856
	Maximum in degree: 207 (node 6461)
	Maximum out degree: 2313 (node 701)
	source 1545 (node 701) with out degree 2313
	target 3 (node 6461) with in degree 207

Execution time and memory used at after iteration 5 (MF = 32.095635): 1.245700e+02 seconds, 53534720 bytes of memory usage, 68052 kB of memory peak and 02:05 elapsed time
Statistics on the network after iteration 5 (MF = 32.095635)
	Number of nodes: 10981
	Number of allocated nodes: 11264
	Number of edges: 30856
	Maximum in degree: 207 (node 6461)
	Maximum out degree: 2313 (node 701)
	source 1545 (node 701) with out degree 2313
	target 3 (node 6461) with in degree 207

Execution time and memory used at after iteration 6 (MF = 33.322222): 1.297100e+02 seconds, 53534720 bytes of memory usage, 68052 kB of memory peak and 02:10 elapsed time
Statistics on the network after iteration 6 (MF = 33.322222)
	Number of nodes: 10981
	Number of allocated nodes: 11264
	Number of edges: 30856
	Maximum in degree: 207 (node 6461)
	Maximum out degree: 2313 (node 701)
	source 1545 (node 701) with out degree 2313
	target 3 (node 6461) with in degree 207

Execution time and memory used at after iteration 7 (MF = 33.115873): 8.167500e+02 seconds, 75264000 bytes of memory usage, 99536 kB of memory peak and 13:37 elapsed time
Statistics on the network after iteration 7 (MF = 33.115873)
	Number of nodes: 10981
	Number of allocated nodes: 11264
	Number of edges: 30856
	Maximum in degree: 207 (node 6461)
	Maximum out degree: 2313 (node 701)
	source 1545 (node 701) with out degree 2313
	target 3 (node 6461) with in degree 207

Execution time and memory used at after iteration 8 (MF = 33.394444): 1.301510e+03 seconds, 51806208 bytes of memory usage, 116984 kB of memory peak and 21:42 elapsed time
Statistics on the network after iteration 8 (MF = 33.394444)
	Number of nodes: 10981
	Number of allocated nodes: 11264
	Number of edges: 30856
	Maximum in degree: 207 (node 6461)
	Maximum out degree: 2313 (node 701)
	source 1545 (node 701) with out degree 2313
	target 3 (node 6461) with in degree 207

Execution time and memory used at after iteration 9 (MF = 32.018651): 1.390710e+03 seconds, 59727872 bytes of memory usage, 116984 kB of memory peak and 23:11 elapsed time
Statistics on the network after iteration 9 (MF = 32.018651)
	Number of nodes: 10981
	Number of allocated nodes: 11264
	Number of edges: 30856
	Maximum in degree: 207 (node 6461)
	Maximum out degree: 2313 (node 701)
	source 1545 (node 701) with out degree 2313
	target 3 (node 6461) with in degree 207

Execution time and memory used at after iteration 10 (MF = 33.392857): 1.402450e+03 seconds, 60338176 bytes of memory usage, 116984 kB of memory peak and 23:23 elapsed time
Statistics on the network after iteration 10 (MF = 33.392857)
	Number of nodes: 10981
	Number of allocated nodes: 11264
	Number of edges: 30856
	Maximum in degree: 207 (node 6461)
	Maximum out degree: 2313 (node 701)
	source 1545 (node 701) with out degree 2313
	target 3 (node 6461) with in degree 207

Execution time and memory used at after iteration 11 (MF = 33.392857): 1.589390e+03 seconds, 65314816 bytes of memory usage, 116984 kB of memory peak and 26:30 elapsed time
Statistics on the network after iteration 11 (MF = 33.392857)
	Number of nodes: 10981
	Number of allocated nodes: 11264
	Number of edges: 30856
	Maximum in degree: 207 (node 6461)
	Maximum out degree: 2313 (node 701)
	source 1545 (node 701) with out degree 2313
	target 3 (node 6461) with in degree 207

Execution time and memory used at after iteration 12 (MF = 33.039286): 1.872430e+03 seconds, 59727872 bytes of memory usage, 116984 kB of memory peak and 31:13 elapsed time
Statistics on the network after iteration 12 (MF = 33.039286)
	Number of nodes: 10981
	Number of allocated nodes: 11264
	Number of edges: 30856
	Maximum in degree: 207 (node 6461)
	Maximum out degree: 2313 (node 701)
	source 1545 (node 701) with out degree 2313
	target 3 (node 6461) with in degree 207

Execution time and memory used at after iteration 13 (MF = 33.403571): 2.137130e+03 seconds, 60805120 bytes of memory usage, 116984 kB of memory peak and 35:38 elapsed time
Statistics on the network after iteration 13 (MF = 33.403571)
	Number of nodes: 10981
	Number of allocated nodes: 11264
	Number of edges: 30856
	Maximum in degree: 207 (node 6461)
	Maximum out degree: 2313 (node 701)
	source 1545 (node 701) with out degree 2313
	target 3 (node 6461) with in degree 207

Execution time and memory used at after iteration 14 (MF = 33.434127): 2.296800e+03 seconds, 83423232 bytes of memory usage, 116984 kB of memory peak and 38:17 elapsed time
Statistics on the network after iteration 14 (MF = 33.434127)
	Number of nodes: 10981
	Number of allocated nodes: 11264
	Number of edges: 30856
	Maximum in degree: 207 (node 6461)
	Maximum out degree: 2313 (node 701)
	source 1545 (node 701) with out degree 2313
	target 3 (node 6461) with in degree 207

Execution time and memory used at after iteration 15 (MF = 33.152778): 2.641420e+03 seconds, 84516864 bytes of memory usage, 116984 kB of memory peak and 44:02 elapsed time
Statistics on the network after iteration 15 (MF = 33.152778)
	Number of nodes: 10981
	Number of allocated nodes: 11264
	Number of edges: 30856
	Maximum in degree: 207 (node 6461)
	Maximum out degree: 2313 (node 701)
	source 1545 (node 701) with out degree 2313
	target 3 (node 6461) with in degree 207

Execution time and memory used at after iteration 16 (MF = 33.022222): 2.764650e+03 seconds, 84516864 bytes of memory usage, 116984 kB of memory peak and 46:05 elapsed time
Statistics on the network after iteration 16 (MF = 33.022222)
	Number of nodes: 10981
	Number of allocated nodes: 11264
	Number of edges: 30856
	Maximum in degree: 207 (node 6461)
	Maximum out degree: 2313 (node 701)
	source 1545 (node 701) with out degree 2313
	target 3 (node 6461) with in degree 207

Execution time and memory used at after iteration 17 (MF = 33.763492): 3.049900e+03 seconds, 84516864 bytes of memory usage, 116984 kB of memory peak and 50:51 elapsed time
Statistics on the network after iteration 17 (MF = 33.763492)
	Number of nodes: 10981
	Number of allocated nodes: 11264
	Number of edges: 30856
	Maximum in degree: 207 (node 6461)
	Maximum out degree: 2313 (node 701)
	source 1545 (node 701) with out degree 2313
	target 3 (node 6461) with in degree 207

Execution time and memory used at after iteration 18 (MF = 33.665079): 3.147360e+03 seconds, 84516864 bytes of memory usage, 116984 kB of memory peak and 52:28 elapsed time
Statistics on the network after iteration 18 (MF = 33.665079)
	Number of nodes: 10981
	Number of allocated nodes: 11264
	Number of edges: 30856
	Maximum in degree: 207 (node 6461)
	Maximum out degree: 2313 (node 701)
	source 1545 (node 701) with out degree 2313
	target 3 (node 6461) with in degree 207

Execution time and memory used at after iteration 19 (MF = 33.749206): 3.289350e+03 seconds, 83423232 bytes of memory usage, 116984 kB of memory peak and 54:50 elapsed time
Statistics on the network after iteration 19 (MF = 33.749206)
	Number of nodes: 10981
	Number of allocated nodes: 11264
	Number of edges: 30856
	Maximum in degree: 207 (node 6461)
	Maximum out degree: 2313 (node 701)
	source 1545 (node 701) with out degree 2313
	target 3 (node 6461) with in degree 207

Execution time and memory used at after iteration 20 (MF = 33.763492): 3.457480e+03 seconds, 83738624 bytes of memory usage, 116984 kB of memory peak and 57:38 elapsed time
Statistics on the network after iteration 20 (MF = 33.763492)
	Number of nodes: 10981
	Number of allocated nodes: 11264
	Number of edges: 30856
	Maximum in degree: 207 (node 6461)
	Maximum out degree: 2313 (node 701)
	source 1545 (node 701) with out degree 2313
	target 3 (node 6461) with in degree 207

Execution time and memory used at after iteration 21 (MF = 33.441667): 3.622330e+03 seconds, 83423232 bytes of memory usage, 116984 kB of memory peak and 01:00:23 elapsed time
Statistics on the network after iteration 21 (MF = 33.441667)
	Number of nodes: 10981
	Number of allocated nodes: 11264
	Number of edges: 30856
	Maximum in degree: 207 (node 6461)
	Maximum out degree: 2313 (node 701)
	source 1545 (node 701) with out degree 2313
	target 3 (node 6461) with in degree 207

Execution time and memory used at after iteration 22 (MF = 32.354365): 3.688130e+03 seconds, 83423232 bytes of memory usage, 116984 kB of memory peak and 01:01:29 elapsed time
Statistics on the network after iteration 22 (MF = 32.354365)
	Number of nodes: 10981
	Number of allocated nodes: 11264
	Number of edges: 30856
	Maximum in degree: 207 (node 6461)
	Maximum out degree: 2313 (node 701)
	source 1545 (node 701) with out degree 2313
	target 3 (node 6461) with in degree 207

Execution time and memory used at after iteration 23 (MF = 33.477381): 3.770440e+03 seconds, 83423232 bytes of memory usage, 116984 kB of memory peak and 01:02:51 elapsed time
Statistics on the network after iteration 23 (MF = 33.477381)
	Number of nodes: 10981
	Number of allocated nodes: 11264
	Number of edges: 30856
	Maximum in degree: 207 (node 6461)
	Maximum out degree: 2313 (node 701)
	source 1545 (node 701) with out degree 2313
	target 3 (node 6461) with in degree 207

Execution time and memory used at after iteration 24 (MF = 33.764683): 3.882190e+03 seconds, 83423232 bytes of memory usage, 116984 kB of memory peak and 01:04:43 elapsed time
Statistics on the network after iteration 24 (MF = 33.764683)
	Number of nodes: 10981
	Number of allocated nodes: 11264
	Number of edges: 30856
	Maximum in degree: 207 (node 6461)
	Maximum out degree: 2313 (node 701)
	source 1545 (node 701) with out degree 2313
	target 3 (node 6461) with in degree 207

Execution time and memory used at after iteration 25 (MF = 32.766667): 3.979280e+03 seconds, 84217856 bytes of memory usage, 116984 kB of memory peak and 01:06:20 elapsed time
Statistics on the network after iteration 25 (MF = 32.766667)
	Number of nodes: 10981
	Number of allocated nodes: 11264
	Number of edges: 30856
	Maximum in degree: 207 (node 6461)
	Maximum out degree: 2313 (node 701)
	source 1545 (node 701) with out degree 2313
	target 3 (node 6461) with in degree 207

Execution time and memory used at after iteration 26 (MF = 33.524603): 4.021620e+03 seconds, 84217856 bytes of memory usage, 116984 kB of memory peak and 01:07:02 elapsed time
Statistics on the network after iteration 26 (MF = 33.524603)
	Number of nodes: 10981
	Number of allocated nodes: 11264
	Number of edges: 30856
	Maximum in degree: 207 (node 6461)
	Maximum out degree: 2313 (node 701)
	source 1545 (node 701) with out degree 2313
	target 3 (node 6461) with in degree 207

Execution time and memory used at after iteration 27 (MF = 33.739286): 4.086710e+03 seconds, 84217856 bytes of memory usage, 116984 kB of memory peak and 01:08:07 elapsed time
Statistics on the network after iteration 27 (MF = 33.739286)
	Number of nodes: 10981
	Number of allocated nodes: 11264
	Number of edges: 30856
	Maximum in degree: 207 (node 6461)
	Maximum out degree: 2313 (node 701)
	source 1545 (node 701) with out degree 2313
	target 3 (node 6461) with in degree 207

Execution time and memory used at after iteration 28 (MF = 33.788095): 4.149250e+03 seconds, 84217856 bytes of memory usage, 116984 kB of memory peak and 01:09:10 elapsed time
Statistics on the network after iteration 28 (MF = 33.788095)
	Number of nodes: 10981
	Number of allocated nodes: 11264
	Number of edges: 30856
	Maximum in degree: 207 (node 6461)
	Maximum out degree: 2313 (node 701)
	source 1545 (node 701) with out degree 2313
	target 3 (node 6461) with in degree 207

Execution time and memory used at after iteration 29 (MF = 33.736905): 4.228790e+03 seconds, 83423232 bytes of memory usage, 116984 kB of memory peak and 01:10:30 elapsed time
Statistics on the network after iteration 29 (MF = 33.736905)
	Number of nodes: 10981
	Number of allocated nodes: 11264
	Number of edges: 30856
	Maximum in degree: 207 (node 6461)
	Maximum out degree: 2313 (node 701)
	source 1545 (node 701) with out degree 2313
	target 3 (node 6461) with in degree 207

Execution time and memory used at after iteration 30 (MF = 33.492857): 4.480490e+03 seconds, 83423232 bytes of memory usage, 116984 kB of memory peak and 01:14:41 elapsed time
Statistics on the network after iteration 30 (MF = 33.492857)
	Number of nodes: 10981
	Number of allocated nodes: 11264
	Number of edges: 30856
	Maximum in degree: 207 (node 6461)
	Maximum out degree: 2313 (node 701)
	source 1545 (node 701) with out degree 2313
	target 3 (node 6461) with in degree 207

Execution time and memory used at after iteration 31 (MF = 32.861111): 5.120440e+03 seconds, 84598784 bytes of memory usage, 116984 kB of memory peak and 01:25:21 elapsed time
Statistics on the network after iteration 31 (MF = 32.861111)
	Number of nodes: 10981
	Number of allocated nodes: 11264
	Number of edges: 30856
	Maximum in degree: 207 (node 6461)
	Maximum out degree: 2313 (node 701)
	source 1545 (node 701) with out degree 2313
	target 3 (node 6461) with in degree 207

Execution time and memory used at after iteration 32 (MF = 33.517857): 5.797130e+03 seconds, 83431424 bytes of memory usage, 116984 kB of memory peak and 01:36:38 elapsed time
Statistics on the network after iteration 32 (MF = 33.517857)
	Number of nodes: 10981
	Number of allocated nodes: 11264
	Number of edges: 30856
	Maximum in degree: 207 (node 6461)
	Maximum out degree: 2313 (node 701)
	source 1545 (node 701) with out degree 2313
	target 3 (node 6461) with in degree 207

Execution time and memory used at after iteration 33 (MF = 33.185714): 6.562300e+03 seconds, 83615744 bytes of memory usage, 116984 kB of memory peak and 01:49:23 elapsed time
Statistics on the network after iteration 33 (MF = 33.185714)
	Number of nodes: 10981
	Number of allocated nodes: 11264
	Number of edges: 30856
	Maximum in degree: 207 (node 6461)
	Maximum out degree: 2313 (node 701)
	source 1545 (node 701) with out degree 2313
	target 3 (node 6461) with in degree 207

Execution time and memory used at after iteration 34 (MF = 33.030556): 7.148890e+03 seconds, 84574208 bytes of memory usage, 116984 kB of memory peak and 01:59:10 elapsed time
Statistics on the network after iteration 34 (MF = 33.030556)
	Number of nodes: 10981
	Number of allocated nodes: 11264
	Number of edges: 30856
	Maximum in degree: 207 (node 6461)
	Maximum out degree: 2313 (node 701)
	source 1545 (node 701) with out degree 2313
	target 3 (node 6461) with in degree 207

Execution time and memory used at after iteration 35 (MF = 33.430556): 7.819510e+03 seconds, 83824640 bytes of memory usage, 116984 kB of memory peak and 02:10:21 elapsed time
Statistics on the network after iteration 35 (MF = 33.430556)
	Number of nodes: 10981
	Number of allocated nodes: 11264
	Number of edges: 30856
	Maximum in degree: 207 (node 6461)
	Maximum out degree: 2313 (node 701)
	source 1545 (node 701) with out degree 2313
	target 3 (node 6461) with in degree 207

Execution time and memory used at after iteration 36 (MF = 33.469048): 8.733840e+03 seconds, 83423232 bytes of memory usage, 116984 kB of memory peak and 02:25:35 elapsed time
Statistics on the network after iteration 36 (MF = 33.469048)
	Number of nodes: 10981
	Number of allocated nodes: 11264
	Number of edges: 30856
	Maximum in degree: 207 (node 6461)
	Maximum out degree: 2313 (node 701)
	source 1545 (node 701) with out degree 2313
	target 3 (node 6461) with in degree 207

Execution time and memory used at after iteration 37 (MF = 34.077778): 9.653190e+03 seconds, 83423232 bytes of memory usage, 116984 kB of memory peak and 02:40:54 elapsed time
Statistics on the network after iteration 37 (MF = 34.077778)
	Number of nodes: 10981
	Number of allocated nodes: 11264
	Number of edges: 30856
	Maximum in degree: 207 (node 6461)
	Maximum out degree: 2313 (node 701)
	source 1545 (node 701) with out degree 2313
	target 3 (node 6461) with in degree 207

Execution time and memory used at after iteration 38 (MF = 33.481349): 1.064772e+04 seconds, 83423232 bytes of memory usage, 116984 kB of memory peak and 02:57:29 elapsed time
Statistics on the network after iteration 38 (MF = 33.481349)
	Number of nodes: 10981
	Number of allocated nodes: 11264
	Number of edges: 30856
	Maximum in degree: 207 (node 6461)
	Maximum out degree: 2313 (node 701)
	source 1545 (node 701) with out degree 2313
	target 3 (node 6461) with in degree 207

Execution time and memory used at after iteration 39 (MF = 33.486111): 1.112751e+04 seconds, 83423232 bytes of memory usage, 116984 kB of memory peak and 03:05:29 elapsed time
Statistics on the network after iteration 39 (MF = 33.486111)
	Number of nodes: 10981
	Number of allocated nodes: 11264
	Number of edges: 30856
	Maximum in degree: 207 (node 6461)
	Maximum out degree: 2313 (node 701)
	source 1545 (node 701) with out degree 2313
	target 3 (node 6461) with in degree 207

Execution time and memory used at after iteration 40 (MF = 33.186905): 1.134555e+04 seconds, 83423232 bytes of memory usage, 116984 kB of memory peak and 03:09:07 elapsed time
Statistics on the network after iteration 40 (MF = 33.186905)
	Number of nodes: 10981
	Number of allocated nodes: 11264
	Number of edges: 30856
	Maximum in degree: 207 (node 6461)
	Maximum out degree: 2313 (node 701)
	source 1545 (node 701) with out degree 2313
	target 3 (node 6461) with in degree 207

Execution time and memory used at after iteration 41 (MF = 33.008333): 1.157200e+04 seconds, 83898368 bytes of memory usage, 116984 kB of memory peak and 03:12:53 elapsed time
Statistics on the network after iteration 41 (MF = 33.008333)
	Number of nodes: 10981
	Number of allocated nodes: 11264
	Number of edges: 30856
	Maximum in degree: 207 (node 6461)
	Maximum out degree: 2313 (node 701)
	source 1545 (node 701) with out degree 2313
	target 3 (node 6461) with in degree 207

Execution time and memory used at after iteration 42 (MF = 33.768254): 1.182156e+04 seconds, 83423232 bytes of memory usage, 116984 kB of memory peak and 03:17:03 elapsed time
Statistics on the network after iteration 42 (MF = 33.768254)
	Number of nodes: 10981
	Number of allocated nodes: 11264
	Number of edges: 30856
	Maximum in degree: 207 (node 6461)
	Maximum out degree: 2313 (node 701)
	source 1545 (node 701) with out degree 2313
	target 3 (node 6461) with in degree 207

Execution time and memory used at after iteration 43 (MF = 33.183730): 1.205259e+04 seconds, 83423232 bytes of memory usage, 116984 kB of memory peak and 03:20:54 elapsed time
Statistics on the network after iteration 43 (MF = 33.183730)
	Number of nodes: 10981
	Number of allocated nodes: 11264
	Number of edges: 30856
	Maximum in degree: 207 (node 6461)
	Maximum out degree: 2313 (node 701)
	source 1545 (node 701) with out degree 2313
	target 3 (node 6461) with in degree 207

Execution time and memory used at after iteration 44 (MF = 32.820635): 1.237062e+04 seconds, 83423232 bytes of memory usage, 116984 kB of memory peak and 03:26:12 elapsed time
Statistics on the network after iteration 44 (MF = 32.820635)
	Number of nodes: 10981
	Number of allocated nodes: 11264
	Number of edges: 30856
	Maximum in degree: 207 (node 6461)
	Maximum out degree: 2313 (node 701)
	source 1545 (node 701) with out degree 2313
	target 3 (node 6461) with in degree 207

Execution time and memory used at after iteration 45 (MF = 33.533333): 1.276225e+04 seconds, 83767296 bytes of memory usage, 116984 kB of memory peak and 03:32:44 elapsed time
Statistics on the network after iteration 45 (MF = 33.533333)
	Number of nodes: 10981
	Number of allocated nodes: 11264
	Number of edges: 30856
	Maximum in degree: 207 (node 6461)
	Maximum out degree: 2313 (node 701)
	source 1545 (node 701) with out degree 2313
	target 3 (node 6461) with in degree 207

Execution time and memory used at after iteration 46 (MF = 33.483333): 1.318670e+04 seconds, 84742144 bytes of memory usage, 116984 kB of memory peak and 03:39:48 elapsed time
Statistics on the network after iteration 46 (MF = 33.483333)
	Number of nodes: 10981
	Number of allocated nodes: 11264
	Number of edges: 30856
	Maximum in degree: 207 (node 6461)
	Maximum out degree: 2313 (node 701)
	source 1545 (node 701) with out degree 2313
	target 3 (node 6461) with in degree 207

Execution time and memory used at after iteration 47 (MF = 33.786111): 1.372965e+04 seconds, 83599360 bytes of memory usage, 116984 kB of memory peak and 03:48:51 elapsed time
Statistics on the network after iteration 47 (MF = 33.786111)
	Number of nodes: 10981
	Number of allocated nodes: 11264
	Number of edges: 30856
	Maximum in degree: 207 (node 6461)
	Maximum out degree: 2313 (node 701)
	source 1545 (node 701) with out degree 2313
	target 3 (node 6461) with in degree 207

Execution time and memory used at after iteration 48 (MF = 33.008333): 1.429125e+04 seconds, 83599360 bytes of memory usage, 116984 kB of memory peak and 03:58:13 elapsed time
Statistics on the network after iteration 48 (MF = 33.008333)
	Number of nodes: 10981
	Number of allocated nodes: 11264
	Number of edges: 30856
	Maximum in degree: 207 (node 6461)
	Maximum out degree: 2313 (node 701)
	source 1545 (node 701) with out degree 2313
	target 3 (node 6461) with in degree 207

Execution time and memory used at after iteration 49 (MF = 34.042857): 1.486404e+04 seconds, 83599360 bytes of memory usage, 116984 kB of memory peak and 04:07:46 elapsed time
Statistics on the network after iteration 49 (MF = 34.042857)
	Number of nodes: 10981
	Number of allocated nodes: 11264
	Number of edges: 30856
	Maximum in degree: 207 (node 6461)
	Maximum out degree: 2313 (node 701)
	source 1545 (node 701) with out degree 2313
	target 3 (node 6461) with in degree 207

Execution time and memory used at after iteration 50 (MF = 33.499206): 1.545200e+04 seconds, 83599360 bytes of memory usage, 116984 kB of memory peak and 04:17:34 elapsed time
Statistics on the network after iteration 50 (MF = 33.499206)
	Number of nodes: 10981
	Number of allocated nodes: 11264
	Number of edges: 30856
	Maximum in degree: 207 (node 6461)
	Maximum out degree: 2313 (node 701)
	source 1545 (node 701) with out degree 2313
	target 3 (node 6461) with in degree 207

Execution time and memory used at after iteration 51 (MF = 33.785714): 1.604796e+04 seconds, 83599360 bytes of memory usage, 116984 kB of memory peak and 04:27:30 elapsed time
Statistics on the network after iteration 51 (MF = 33.785714)
	Number of nodes: 10981
	Number of allocated nodes: 11264
	Number of edges: 30856
	Maximum in degree: 207 (node 6461)
	Maximum out degree: 2313 (node 701)
	source 1545 (node 701) with out degree 2313
	target 3 (node 6461) with in degree 207

Execution time and memory used at after iteration 52 (MF = 33.529365): 1.651597e+04 seconds, 83599360 bytes of memory usage, 116984 kB of memory peak and 04:35:18 elapsed time
Statistics on the network after iteration 52 (MF = 33.529365)
	Number of nodes: 10981
	Number of allocated nodes: 11264
	Number of edges: 30856
	Maximum in degree: 207 (node 6461)
	Maximum out degree: 2313 (node 701)
	source 1545 (node 701) with out degree 2313
	target 3 (node 6461) with in degree 207

Execution time and memory used at after iteration 53 (MF = 33.749603): 1.698234e+04 seconds, 80646144 bytes of memory usage, 116984 kB of memory peak and 04:43:04 elapsed time
Statistics on the network after iteration 53 (MF = 33.749603)
	Number of nodes: 10981
	Number of allocated nodes: 11264
	Number of edges: 30856
	Maximum in degree: 207 (node 6461)
	Maximum out degree: 2313 (node 701)
	source 1545 (node 701) with out degree 2313
	target 3 (node 6461) with in degree 207

Execution time and memory used at after iteration 54 (MF = 33.671825): 1.745120e+04 seconds, 80646144 bytes of memory usage, 116984 kB of memory peak and 04:50:53 elapsed time
Statistics on the network after iteration 54 (MF = 33.671825)
	Number of nodes: 10981
	Number of allocated nodes: 11264
	Number of edges: 30856
	Maximum in degree: 207 (node 6461)
	Maximum out degree: 2313 (node 701)
	source 1545 (node 701) with out degree 2313
	target 3 (node 6461) with in degree 207

Execution time and memory used at after iteration 55 (MF = 34.013889): 1.812976e+04 seconds, 80646144 bytes of memory usage, 116984 kB of memory peak and 05:02:12 elapsed time
Statistics on the network after iteration 55 (MF = 34.013889)
	Number of nodes: 10981
	Number of allocated nodes: 11264
	Number of edges: 30856
	Maximum in degree: 207 (node 6461)
	Maximum out degree: 2313 (node 701)
	source 1545 (node 701) with out degree 2313
	target 3 (node 6461) with in degree 207

Execution time and memory used at after iteration 56 (MF = 33.110714): 1.871797e+04 seconds, 80646144 bytes of memory usage, 116984 kB of memory peak and 05:12:00 elapsed time
Statistics on the network after iteration 56 (MF = 33.110714)
	Number of nodes: 10981
	Number of allocated nodes: 11264
	Number of edges: 30856
	Maximum in degree: 207 (node 6461)
	Maximum out degree: 2313 (node 701)
	source 1545 (node 701) with out degree 2313
	target 3 (node 6461) with in degree 207

Execution time and memory used at after iteration 57 (MF = 33.730556): 1.939033e+04 seconds, 80646144 bytes of memory usage, 116984 kB of memory peak and 05:23:12 elapsed time
Statistics on the network after iteration 57 (MF = 33.730556)
	Number of nodes: 10981
	Number of allocated nodes: 11264
	Number of edges: 30856
	Maximum in degree: 207 (node 6461)
	Maximum out degree: 2313 (node 701)
	source 1545 (node 701) with out degree 2313
	target 3 (node 6461) with in degree 207

Execution time and memory used at after iteration 58 (MF = 32.873413): 1.979384e+04 seconds, 80646144 bytes of memory usage, 116984 kB of memory peak and 05:29:56 elapsed time
Statistics on the network after iteration 58 (MF = 32.873413)
	Number of nodes: 10981
	Number of allocated nodes: 11264
	Number of edges: 30856
	Maximum in degree: 207 (node 6461)
	Maximum out degree: 2313 (node 701)
	source 1545 (node 701) with out degree 2313
	target 3 (node 6461) with in degree 207

Execution time and memory used at after iteration 59 (MF = 33.532143): 2.020631e+04 seconds, 80646144 bytes of memory usage, 116984 kB of memory peak and 05:36:48 elapsed time
Statistics on the network after iteration 59 (MF = 33.532143)
	Number of nodes: 10981
	Number of allocated nodes: 11264
	Number of edges: 30856
	Maximum in degree: 207 (node 6461)
	Maximum out degree: 2313 (node 701)
	source 1545 (node 701) with out degree 2313
	target 3 (node 6461) with in degree 207

Execution time and memory used at after iteration 60 (MF = 33.812302): 2.073760e+04 seconds, 80646144 bytes of memory usage, 116984 kB of memory peak and 05:45:40 elapsed time
Statistics on the network after iteration 60 (MF = 33.812302)
	Number of nodes: 10981
	Number of allocated nodes: 11264
	Number of edges: 30856
	Maximum in degree: 207 (node 6461)
	Maximum out degree: 2313 (node 701)
	source 1545 (node 701) with out degree 2313
	target 3 (node 6461) with in degree 207

Execution time and memory used at after iteration 61 (MF = 33.788095): 2.128457e+04 seconds, 80646144 bytes of memory usage, 116984 kB of memory peak and 05:54:47 elapsed time
Statistics on the network after iteration 61 (MF = 33.788095)
	Number of nodes: 10981
	Number of allocated nodes: 11264
	Number of edges: 30856
	Maximum in degree: 207 (node 6461)
	Maximum out degree: 2313 (node 701)
	source 1545 (node 701) with out degree 2313
	target 3 (node 6461) with in degree 207

Execution time and memory used at after iteration 62 (MF = 33.366667): 2.187569e+04 seconds, 80646144 bytes of memory usage, 116984 kB of memory peak and 06:04:38 elapsed time
Statistics on the network after iteration 62 (MF = 33.366667)
	Number of nodes: 10981
	Number of allocated nodes: 11264
	Number of edges: 30856
	Maximum in degree: 207 (node 6461)
	Maximum out degree: 2313 (node 701)
	source 1545 (node 701) with out degree 2313
	target 3 (node 6461) with in degree 207

Execution time and memory used at after iteration 63 (MF = 33.795238): 2.251433e+04 seconds, 80646144 bytes of memory usage, 116984 kB of memory peak and 06:15:16 elapsed time
Statistics on the network after iteration 63 (MF = 33.795238)
	Number of nodes: 10981
	Number of allocated nodes: 11264
	Number of edges: 30856
	Maximum in degree: 207 (node 6461)
	Maximum out degree: 2313 (node 701)
	source 1545 (node 701) with out degree 2313
	target 3 (node 6461) with in degree 207

Execution time and memory used at after iteration 64 (MF = 33.536905): 2.324587e+04 seconds, 80891904 bytes of memory usage, 116984 kB of memory peak and 06:27:28 elapsed time
Statistics on the network after iteration 64 (MF = 33.536905)
	Number of nodes: 10981
	Number of allocated nodes: 11264
	Number of edges: 30856
	Maximum in degree: 207 (node 6461)
	Maximum out degree: 2313 (node 701)
	source 1545 (node 701) with out degree 2313
	target 3 (node 6461) with in degree 207

Execution time and memory used at after iteration 65 (MF = 33.351190): 2.394946e+04 seconds, 80891904 bytes of memory usage, 116984 kB of memory peak and 06:39:12 elapsed time
Statistics on the network after iteration 65 (MF = 33.351190)
	Number of nodes: 10981
	Number of allocated nodes: 11264
	Number of edges: 30856
	Maximum in degree: 207 (node 6461)
	Maximum out degree: 2313 (node 701)
	source 1545 (node 701) with out degree 2313
	target 3 (node 6461) with in degree 207

Execution time and memory used at after iteration 66 (MF = 33.541667): 2.469361e+04 seconds, 81866752 bytes of memory usage, 116984 kB of memory peak and 06:51:36 elapsed time
Statistics on the network after iteration 66 (MF = 33.541667)
	Number of nodes: 10981
	Number of allocated nodes: 11264
	Number of edges: 30856
	Maximum in degree: 207 (node 6461)
	Maximum out degree: 2313 (node 701)
	source 1545 (node 701) with out degree 2313
	target 3 (node 6461) with in degree 207

Execution time and memory used at after iteration 67 (MF = 32.983333): 2.547677e+04 seconds, 81866752 bytes of memory usage, 116984 kB of memory peak and 07:04:39 elapsed time
Statistics on the network after iteration 67 (MF = 32.983333)
	Number of nodes: 10981
	Number of allocated nodes: 11264
	Number of edges: 30856
	Maximum in degree: 207 (node 6461)
	Maximum out degree: 2313 (node 701)
	source 1545 (node 701) with out degree 2313
	target 3 (node 6461) with in degree 207

Execution time and memory used at after iteration 68 (MF = 33.075000): 2.643825e+04 seconds, 80646144 bytes of memory usage, 116984 kB of memory peak and 07:20:40 elapsed time
Statistics on the network after iteration 68 (MF = 33.075000)
	Number of nodes: 10981
	Number of allocated nodes: 11264
	Number of edges: 30856
	Maximum in degree: 207 (node 6461)
	Maximum out degree: 2313 (node 701)
	source 1545 (node 701) with out degree 2313
	target 3 (node 6461) with in degree 207

Execution time and memory used at after iteration 69 (MF = 33.823016): 2.740140e+04 seconds, 80646144 bytes of memory usage, 116984 kB of memory peak and 07:36:44 elapsed time
Statistics on the network after iteration 69 (MF = 33.823016)
	Number of nodes: 10981
	Number of allocated nodes: 11264
	Number of edges: 30856
	Maximum in degree: 207 (node 6461)
	Maximum out degree: 2313 (node 701)
	source 1545 (node 701) with out degree 2313
	target 3 (node 6461) with in degree 207

Execution time and memory used at after iteration 70 (MF = 33.720635): 2.851190e+04 seconds, 80646144 bytes of memory usage, 116984 kB of memory peak and 07:55:14 elapsed time
Statistics on the network after iteration 70 (MF = 33.720635)
	Number of nodes: 10981
	Number of allocated nodes: 11264
	Number of edges: 30856
	Maximum in degree: 207 (node 6461)
	Maximum out degree: 2313 (node 701)
	source 1545 (node 701) with out degree 2313
	target 3 (node 6461) with in degree 207

Execution time and memory used at after iteration 71 (MF = 34.111111): 2.967691e+04 seconds, 80646144 bytes of memory usage, 116984 kB of memory peak and 08:14:39 elapsed time
Statistics on the network after iteration 71 (MF = 34.111111)
	Number of nodes: 10981
	Number of allocated nodes: 11264
	Number of edges: 30856
	Maximum in degree: 207 (node 6461)
	Maximum out degree: 2313 (node 701)
	source 1545 (node 701) with out degree 2313
	target 3 (node 6461) with in degree 207

Execution time and memory used at after iteration 72 (MF = 33.163492): 3.077082e+04 seconds, 80646144 bytes of memory usage, 116984 kB of memory peak and 08:32:53 elapsed time
Statistics on the network after iteration 72 (MF = 33.163492)
	Number of nodes: 10981
	Number of allocated nodes: 11264
	Number of edges: 30856
	Maximum in degree: 207 (node 6461)
	Maximum out degree: 2313 (node 701)
	source 1545 (node 701) with out degree 2313
	target 3 (node 6461) with in degree 207

Execution time and memory used at after iteration 73 (MF = 33.800397): 3.200508e+04 seconds, 80646144 bytes of memory usage, 116984 kB of memory peak and 08:53:28 elapsed time
Statistics on the network after iteration 73 (MF = 33.800397)
	Number of nodes: 10981
	Number of allocated nodes: 11264
	Number of edges: 30856
	Maximum in degree: 207 (node 6461)
	Maximum out degree: 2313 (node 701)
	source 1545 (node 701) with out degree 2313
	target 3 (node 6461) with in degree 207

Execution time and memory used at after iteration 74 (MF = 32.781349): 3.323282e+04 seconds, 80646144 bytes of memory usage, 116984 kB of memory peak and 09:13:56 elapsed time
Statistics on the network after iteration 74 (MF = 32.781349)
	Number of nodes: 10981
	Number of allocated nodes: 11264
	Number of edges: 30856
	Maximum in degree: 207 (node 6461)
	Maximum out degree: 2313 (node 701)
	source 1545 (node 701) with out degree 2313
	target 3 (node 6461) with in degree 207

Execution time and memory used at after iteration 75 (MF = 32.747619): 3.442711e+04 seconds, 80646144 bytes of memory usage, 116984 kB of memory peak and 09:33:50 elapsed time
Statistics on the network after iteration 75 (MF = 32.747619)
	Number of nodes: 10981
	Number of allocated nodes: 11264
	Number of edges: 30856
	Maximum in degree: 207 (node 6461)
	Maximum out degree: 2313 (node 701)
	source 1545 (node 701) with out degree 2313
	target 3 (node 6461) with in degree 207

Execution time and memory used at after iteration 76 (MF = 33.765476): 3.569439e+04 seconds, 80646144 bytes of memory usage, 116984 kB of memory peak and 09:54:57 elapsed time
Statistics on the network after iteration 76 (MF = 33.765476)
	Number of nodes: 10981
	Number of allocated nodes: 11264
	Number of edges: 30856
	Maximum in degree: 207 (node 6461)
	Maximum out degree: 2313 (node 701)
	source 1545 (node 701) with out degree 2313
	target 3 (node 6461) with in degree 207

Execution time and memory used at after iteration 77 (MF = 32.734524): 3.726159e+04 seconds, 80646144 bytes of memory usage, 116984 kB of memory peak and 10:21:05 elapsed time
Statistics on the network after iteration 77 (MF = 32.734524)
	Number of nodes: 10981
	Number of allocated nodes: 11264
	Number of edges: 30856
	Maximum in degree: 207 (node 6461)
	Maximum out degree: 2313 (node 701)
	source 1545 (node 701) with out degree 2313
	target 3 (node 6461) with in degree 207

Execution time and memory used at after iteration 78 (MF = 32.881746): 3.827115e+04 seconds, 80646144 bytes of memory usage, 116984 kB of memory peak and 10:37:54 elapsed time
Statistics on the network after iteration 78 (MF = 32.881746)
	Number of nodes: 10981
	Number of allocated nodes: 11264
	Number of edges: 30856
	Maximum in degree: 207 (node 6461)
	Maximum out degree: 2313 (node 701)
	source 1545 (node 701) with out degree 2313
	target 3 (node 6461) with in degree 207

Execution time and memory used at after iteration 79 (MF = 33.481349): 3.926460e+04 seconds, 80646144 bytes of memory usage, 116984 kB of memory peak and 10:54:28 elapsed time
Statistics on the network after iteration 79 (MF = 33.481349)
	Number of nodes: 10981
	Number of allocated nodes: 11264
	Number of edges: 30856
	Maximum in degree: 207 (node 6461)
	Maximum out degree: 2313 (node 701)
	source 1545 (node 701) with out degree 2313
	target 3 (node 6461) with in degree 207

Execution time and memory used at after iteration 80 (MF = 33.244444): 4.029265e+04 seconds, 80646144 bytes of memory usage, 116984 kB of memory peak and 11:11:36 elapsed time
Statistics on the network after iteration 80 (MF = 33.244444)
	Number of nodes: 10981
	Number of allocated nodes: 11264
	Number of edges: 30856
	Maximum in degree: 207 (node 6461)
	Maximum out degree: 2313 (node 701)
	source 1545 (node 701) with out degree 2313
	target 3 (node 6461) with in degree 207

Execution time and memory used at after iteration 81 (MF = 33.904762): 4.129073e+04 seconds, 80646144 bytes of memory usage, 116984 kB of memory peak and 11:28:14 elapsed time
Statistics on the network after iteration 81 (MF = 33.904762)
	Number of nodes: 10981
	Number of allocated nodes: 11264
	Number of edges: 30856
	Maximum in degree: 207 (node 6461)
	Maximum out degree: 2313 (node 701)
	source 1545 (node 701) with out degree 2313
	target 3 (node 6461) with in degree 207

Execution time and memory used at after iteration 82 (MF = 33.173413): 4.242787e+04 seconds, 80646144 bytes of memory usage, 116984 kB of memory peak and 11:47:11 elapsed time
Statistics on the network after iteration 82 (MF = 33.173413)
	Number of nodes: 10981
	Number of allocated nodes: 11264
	Number of edges: 30856
	Maximum in degree: 207 (node 6461)
	Maximum out degree: 2313 (node 701)
	source 1545 (node 701) with out degree 2313
	target 3 (node 6461) with in degree 207

Execution time and memory used at after iteration 83 (MF = 33.457937): 4.363219e+04 seconds, 80646144 bytes of memory usage, 116984 kB of memory peak and 12:07:16 elapsed time
Statistics on the network after iteration 83 (MF = 33.457937)
	Number of nodes: 10981
	Number of allocated nodes: 11264
	Number of edges: 30856
	Maximum in degree: 207 (node 6461)
	Maximum out degree: 2313 (node 701)
	source 1545 (node 701) with out degree 2313
	target 3 (node 6461) with in degree 207

Execution time and memory used at after iteration 84 (MF = 33.771429): 4.489645e+04 seconds, 80646144 bytes of memory usage, 116984 kB of memory peak and 12:28:20 elapsed time
Statistics on the network after iteration 84 (MF = 33.771429)
	Number of nodes: 10981
	Number of allocated nodes: 11264
	Number of edges: 30856
	Maximum in degree: 207 (node 6461)
	Maximum out degree: 2313 (node 701)
	source 1545 (node 701) with out degree 2313
	target 3 (node 6461) with in degree 207

Execution time and memory used at after iteration 85 (MF = 33.409921): 4.642106e+04 seconds, 81928192 bytes of memory usage, 124628 kB of memory peak and 12:53:45 elapsed time
Statistics on the network after iteration 85 (MF = 33.409921)
	Number of nodes: 10981
	Number of allocated nodes: 11264
	Number of edges: 30856
	Maximum in degree: 207 (node 6461)
	Maximum out degree: 2313 (node 701)
	source 1545 (node 701) with out degree 2313
	target 3 (node 6461) with in degree 207

Execution time and memory used at after iteration 86 (MF = 33.985714): 4.782329e+04 seconds, 80646144 bytes of memory usage, 124628 kB of memory peak and 13:17:07 elapsed time
Statistics on the network after iteration 86 (MF = 33.985714)
	Number of nodes: 10981
	Number of allocated nodes: 11264
	Number of edges: 30856
	Maximum in degree: 207 (node 6461)
	Maximum out degree: 2313 (node 701)
	source 1545 (node 701) with out degree 2313
	target 3 (node 6461) with in degree 207

Execution time and memory used at after iteration 87 (MF = 33.908730): 4.911023e+04 seconds, 80646144 bytes of memory usage, 124628 kB of memory peak and 13:38:34 elapsed time
Statistics on the network after iteration 87 (MF = 33.908730)
	Number of nodes: 10981
	Number of allocated nodes: 11264
	Number of edges: 30856
	Maximum in degree: 207 (node 6461)
	Maximum out degree: 2313 (node 701)
	source 1545 (node 701) with out degree 2313
	target 3 (node 6461) with in degree 207

Execution time and memory used at after iteration 88 (MF = 33.801984): 5.064418e+04 seconds, 80646144 bytes of memory usage, 124628 kB of memory peak and 14:04:08 elapsed time
Statistics on the network after iteration 88 (MF = 33.801984)
	Number of nodes: 10981
	Number of allocated nodes: 11264
	Number of edges: 30856
	Maximum in degree: 207 (node 6461)
	Maximum out degree: 2313 (node 701)
	source 1545 (node 701) with out degree 2313
	target 3 (node 6461) with in degree 207

Execution time and memory used at after iteration 89 (MF = 33.530556): 5.232129e+04 seconds, 80646144 bytes of memory usage, 124628 kB of memory peak and 14:32:06 elapsed time
Statistics on the network after iteration 89 (MF = 33.530556)
	Number of nodes: 10981
	Number of allocated nodes: 11264
	Number of edges: 30856
	Maximum in degree: 207 (node 6461)
	Maximum out degree: 2313 (node 701)
	source 1545 (node 701) with out degree 2313
	target 3 (node 6461) with in degree 207

Execution time and memory used at after iteration 90 (MF = 33.179365): 5.426672e+04 seconds, 80646144 bytes of memory usage, 124628 kB of memory peak and 15:04:31 elapsed time
Statistics on the network after iteration 90 (MF = 33.179365)
	Number of nodes: 10981
	Number of allocated nodes: 11264
	Number of edges: 30856
	Maximum in degree: 207 (node 6461)
	Maximum out degree: 2313 (node 701)
	source 1545 (node 701) with out degree 2313
	target 3 (node 6461) with in degree 207

Execution time and memory used at after iteration 91 (MF = 32.863889): 5.619768e+04 seconds, 80646144 bytes of memory usage, 124628 kB of memory peak and 15:36:42 elapsed time
Statistics on the network after iteration 91 (MF = 32.863889)
	Number of nodes: 10981
	Number of allocated nodes: 11264
	Number of edges: 30856
	Maximum in degree: 207 (node 6461)
	Maximum out degree: 2313 (node 701)
	source 1545 (node 701) with out degree 2313
	target 3 (node 6461) with in degree 207

Execution time and memory used at after iteration 92 (MF = 33.480952): 5.852060e+04 seconds, 80646144 bytes of memory usage, 124628 kB of memory peak and 16:15:26 elapsed time
Statistics on the network after iteration 92 (MF = 33.480952)
	Number of nodes: 10981
	Number of allocated nodes: 11264
	Number of edges: 30856
	Maximum in degree: 207 (node 6461)
	Maximum out degree: 2313 (node 701)
	source 1545 (node 701) with out degree 2313
	target 3 (node 6461) with in degree 207

Execution time and memory used at after iteration 93 (MF = 33.110317): 6.069809e+04 seconds, 80646144 bytes of memory usage, 136672 kB of memory peak and 16:51:43 elapsed time
Statistics on the network after iteration 93 (MF = 33.110317)
	Number of nodes: 10981
	Number of allocated nodes: 11264
	Number of edges: 30856
	Maximum in degree: 207 (node 6461)
	Maximum out degree: 2313 (node 701)
	source 1545 (node 701) with out degree 2313
	target 3 (node 6461) with in degree 207

Execution time and memory used at after iteration 94 (MF = 33.210714): 6.280823e+04 seconds, 80646144 bytes of memory usage, 136672 kB of memory peak and 17:26:53 elapsed time
Statistics on the network after iteration 94 (MF = 33.210714)
	Number of nodes: 10981
	Number of allocated nodes: 11264
	Number of edges: 30856
	Maximum in degree: 207 (node 6461)
	Maximum out degree: 2313 (node 701)
	source 1545 (node 701) with out degree 2313
	target 3 (node 6461) with in degree 207

Execution time and memory used at after iteration 95 (MF = 33.546429): 6.522256e+04 seconds, 80646144 bytes of memory usage, 136672 kB of memory peak and 18:07:08 elapsed time
Statistics on the network after iteration 95 (MF = 33.546429)
	Number of nodes: 10981
	Number of allocated nodes: 11264
	Number of edges: 30856
	Maximum in degree: 207 (node 6461)
	Maximum out degree: 2313 (node 701)
	source 1545 (node 701) with out degree 2313
	target 3 (node 6461) with in degree 207

Execution time and memory used at after iteration 96 (MF = 33.767857): 6.753608e+04 seconds, 80646144 bytes of memory usage, 146220 kB of memory peak and 18:45:42 elapsed time
Statistics on the network after iteration 96 (MF = 33.767857)
	Number of nodes: 10981
	Number of allocated nodes: 11264
	Number of edges: 30856
	Maximum in degree: 207 (node 6461)
	Maximum out degree: 2313 (node 701)
	source 1545 (node 701) with out degree 2313
	target 3 (node 6461) with in degree 207

Execution time and memory used at after iteration 97 (MF = 32.603571): 6.908437e+04 seconds, 80646144 bytes of memory usage, 146220 kB of memory peak and 19:11:30 elapsed time
Statistics on the network after iteration 97 (MF = 32.603571)
	Number of nodes: 10981
	Number of allocated nodes: 11264
	Number of edges: 30856
	Maximum in degree: 207 (node 6461)
	Maximum out degree: 2313 (node 701)
	source 1545 (node 701) with out degree 2313
	target 3 (node 6461) with in degree 207

Execution time and memory used at after iteration 98 (MF = 33.582540): 7.066417e+04 seconds, 80646144 bytes of memory usage, 146220 kB of memory peak and 19:37:50 elapsed time
Statistics on the network after iteration 98 (MF = 33.582540)
	Number of nodes: 10981
	Number of allocated nodes: 11264
	Number of edges: 30856
	Maximum in degree: 207 (node 6461)
	Maximum out degree: 2313 (node 701)
	source 1545 (node 701) with out degree 2313
	target 3 (node 6461) with in degree 207

Execution time and memory used at after iteration 99 (MF = 33.300000): 7.273640e+04 seconds, 81203200 bytes of memory usage, 151980 kB of memory peak and 20:12:22 elapsed time
Statistics on the network after iteration 99 (MF = 33.300000)
	Number of nodes: 10981
	Number of allocated nodes: 11264
	Number of edges: 30856
	Maximum in degree: 207 (node 6461)
	Maximum out degree: 2313 (node 701)
	source 1545 (node 701) with out degree 2313
	target 3 (node 6461) with in degree 207

Execution time and memory used at after iteration 100 (MF = 33.450794): 7.500423e+04 seconds, 81272832 bytes of memory usage, 152084 kB of memory peak and 20:50:10 elapsed time
Statistics on the network after iteration 100 (MF = 33.450794)
	Number of nodes: 10981
	Number of allocated nodes: 11264
	Number of edges: 30856
	Maximum in degree: 207 (node 6461)
	Maximum out degree: 2313 (node 701)
	source 1545 (node 701) with out degree 2313
	target 3 (node 6461) with in degree 207

Execution time and memory used at after iteration 101 (MF = 32.638492): 7.737326e+04 seconds, 82046976 bytes of memory usage, 155296 kB of memory peak and 21:29:39 elapsed time
Statistics on the network after iteration 101 (MF = 32.638492)
	Number of nodes: 10981
	Number of allocated nodes: 11264
	Number of edges: 30856
	Maximum in degree: 207 (node 6461)
	Maximum out degree: 2313 (node 701)
	source 1545 (node 701) with out degree 2313
	target 3 (node 6461) with in degree 207

Execution time and memory used at after iteration 102 (MF = 33.036508): 7.896602e+04 seconds, 80646144 bytes of memory usage, 155296 kB of memory peak and 21:56:12 elapsed time
Statistics on the network after iteration 102 (MF = 33.036508)
	Number of nodes: 10981
	Number of allocated nodes: 11264
	Number of edges: 30856
	Maximum in degree: 207 (node 6461)
	Maximum out degree: 2313 (node 701)
	source 1545 (node 701) with out degree 2313
	target 3 (node 6461) with in degree 207

Execution time and memory used at after iteration 103 (MF = 32.732540): 8.128008e+04 seconds, 80646144 bytes of memory usage, 155296 kB of memory peak and 22:34:46 elapsed time
Statistics on the network after iteration 103 (MF = 32.732540)
	Number of nodes: 10981
	Number of allocated nodes: 11264
	Number of edges: 30856
	Maximum in degree: 207 (node 6461)
	Maximum out degree: 2313 (node 701)
	source 1545 (node 701) with out degree 2313
	target 3 (node 6461) with in degree 207

Execution time and memory used at after iteration 104 (MF = 33.276984): 8.339727e+04 seconds, 81395712 bytes of memory usage, 155296 kB of memory peak and 23:10:04 elapsed time
Statistics on the network after iteration 104 (MF = 33.276984)
	Number of nodes: 10981
	Number of allocated nodes: 11264
	Number of edges: 30856
	Maximum in degree: 207 (node 6461)
	Maximum out degree: 2313 (node 701)
	source 1545 (node 701) with out degree 2313
	target 3 (node 6461) with in degree 207

Execution time and memory used at after iteration 105 (MF = 33.179762): 8.591789e+04 seconds, 80646144 bytes of memory usage, 155296 kB of memory peak and 23:52:05 elapsed time
Statistics on the network after iteration 105 (MF = 33.179762)
	Number of nodes: 10981
	Number of allocated nodes: 11264
	Number of edges: 30856
	Maximum in degree: 207 (node 6461)
	Maximum out degree: 2313 (node 701)
	source 1545 (node 701) with out degree 2313
	target 3 (node 6461) with in degree 207

Execution time and memory used at after iteration 106 (MF = 33.043254): 8.843146e+04 seconds, 80646144 bytes of memory usage, 155296 kB of memory peak and 1-00:33:58 elapsed time
Statistics on the network after iteration 106 (MF = 33.043254)
	Number of nodes: 10981
	Number of allocated nodes: 11264
	Number of edges: 30856
	Maximum in degree: 207 (node 6461)
	Maximum out degree: 2313 (node 701)
	source 1545 (node 701) with out degree 2313
	target 3 (node 6461) with in degree 207

Execution time and memory used at after iteration 107 (MF = 33.226587): 9.099129e+04 seconds, 80646144 bytes of memory usage, 155296 kB of memory peak and 1-01:16:38 elapsed time
Statistics on the network after iteration 107 (MF = 33.226587)
	Number of nodes: 10981
	Number of allocated nodes: 11264
	Number of edges: 30856
	Maximum in degree: 207 (node 6461)
	Maximum out degree: 2313 (node 701)
	source 1545 (node 701) with out degree 2313
	target 3 (node 6461) with in degree 207

Execution time and memory used at after iteration 108 (MF = 33.176587): 9.326631e+04 seconds, 80646144 bytes of memory usage, 155296 kB of memory peak and 1-01:54:34 elapsed time
Statistics on the network after iteration 108 (MF = 33.176587)
	Number of nodes: 10981
	Number of allocated nodes: 11264
	Number of edges: 30856
	Maximum in degree: 207 (node 6461)
	Maximum out degree: 2313 (node 701)
	source 1545 (node 701) with out degree 2313
	target 3 (node 6461) with in degree 207

Execution time and memory used at after iteration 109 (MF = 33.823016): 9.626134e+04 seconds, 80646144 bytes of memory usage, 155296 kB of memory peak and 1-02:44:29 elapsed time
Statistics on the network after iteration 109 (MF = 33.823016)
	Number of nodes: 10981
	Number of allocated nodes: 11264
	Number of edges: 30856
	Maximum in degree: 207 (node 6461)
	Maximum out degree: 2313 (node 701)
	source 1545 (node 701) with out degree 2313
	target 3 (node 6461) with in degree 207

Execution time and memory used at after iteration 110 (MF = 32.936508): 9.889709e+04 seconds, 80646144 bytes of memory usage, 155296 kB of memory peak and 1-03:28:25 elapsed time
Statistics on the network after iteration 110 (MF = 32.936508)
	Number of nodes: 10981
	Number of allocated nodes: 11264
	Number of edges: 30856
	Maximum in degree: 207 (node 6461)
	Maximum out degree: 2313 (node 701)
	source 1545 (node 701) with out degree 2313
	target 3 (node 6461) with in degree 207

Execution time and memory used at after iteration 111 (MF = 33.348413): 1.012550e+05 seconds, 80646144 bytes of memory usage, 155296 kB of memory peak and 1-04:07:43 elapsed time
Statistics on the network after iteration 111 (MF = 33.348413)
	Number of nodes: 10981
	Number of allocated nodes: 11264
	Number of edges: 30856
	Maximum in degree: 207 (node 6461)
	Maximum out degree: 2313 (node 701)
	source 1545 (node 701) with out degree 2313
	target 3 (node 6461) with in degree 207

Execution time and memory used at after iteration 112 (MF = 33.604365): 1.036618e+05 seconds, 80646144 bytes of memory usage, 155296 kB of memory peak and 1-04:47:50 elapsed time
Statistics on the network after iteration 112 (MF = 33.604365)
	Number of nodes: 10981
	Number of allocated nodes: 11264
	Number of edges: 30856
	Maximum in degree: 207 (node 6461)
	Maximum out degree: 2313 (node 701)
	source 1545 (node 701) with out degree 2313
	target 3 (node 6461) with in degree 207

Execution time and memory used at after iteration 113 (MF = 33.797222): 1.061463e+05 seconds, 80646144 bytes of memory usage, 155296 kB of memory peak and 1-05:29:15 elapsed time
Statistics on the network after iteration 113 (MF = 33.797222)
	Number of nodes: 10981
	Number of allocated nodes: 11264
	Number of edges: 30856
	Maximum in degree: 207 (node 6461)
	Maximum out degree: 2313 (node 701)
	source 1545 (node 701) with out degree 2313
	target 3 (node 6461) with in degree 207

Execution time and memory used at after iteration 114 (MF = 33.387302): 1.087685e+05 seconds, 80646144 bytes of memory usage, 155296 kB of memory peak and 1-06:12:57 elapsed time
Statistics on the network after iteration 114 (MF = 33.387302)
	Number of nodes: 10981
	Number of allocated nodes: 11264
	Number of edges: 30856
	Maximum in degree: 207 (node 6461)
	Maximum out degree: 2313 (node 701)
	source 1545 (node 701) with out degree 2313
	target 3 (node 6461) with in degree 207

Execution time and memory used at after iteration 115 (MF = 33.521825): 1.113881e+05 seconds, 80646144 bytes of memory usage, 155296 kB of memory peak and 1-06:56:37 elapsed time
Statistics on the network after iteration 115 (MF = 33.521825)
	Number of nodes: 10981
	Number of allocated nodes: 11264
	Number of edges: 30856
	Maximum in degree: 207 (node 6461)
	Maximum out degree: 2313 (node 701)
	source 1545 (node 701) with out degree 2313
	target 3 (node 6461) with in degree 207

Execution time and memory used at after iteration 116 (MF = 33.798413): 1.138432e+05 seconds, 80646144 bytes of memory usage, 155296 kB of memory peak and 1-07:37:32 elapsed time
Statistics on the network after iteration 116 (MF = 33.798413)
	Number of nodes: 10981
	Number of allocated nodes: 11264
	Number of edges: 30856
	Maximum in degree: 207 (node 6461)
	Maximum out degree: 2313 (node 701)
	source 1545 (node 701) with out degree 2313
	target 3 (node 6461) with in degree 207

Execution time and memory used at after iteration 117 (MF = 32.584524): 1.165513e+05 seconds, 80646144 bytes of memory usage, 155296 kB of memory peak and 1-08:22:40 elapsed time
Statistics on the network after iteration 117 (MF = 32.584524)
	Number of nodes: 10981
	Number of allocated nodes: 11264
	Number of edges: 30856
	Maximum in degree: 207 (node 6461)
	Maximum out degree: 2313 (node 701)
	source 1545 (node 701) with out degree 2313
	target 3 (node 6461) with in degree 207

Execution time and memory used at after iteration 118 (MF = 33.463095): 1.192192e+05 seconds, 80646144 bytes of memory usage, 155296 kB of memory peak and 1-09:07:09 elapsed time
Statistics on the network after iteration 118 (MF = 33.463095)
	Number of nodes: 10981
	Number of allocated nodes: 11264
	Number of edges: 30856
	Maximum in degree: 207 (node 6461)
	Maximum out degree: 2313 (node 701)
	source 1545 (node 701) with out degree 2313
	target 3 (node 6461) with in degree 207

Execution time and memory used at after iteration 119 (MF = 33.199206): 1.226925e+05 seconds, 80928768 bytes of memory usage, 155296 kB of memory peak and 1-10:05:02 elapsed time
Statistics on the network after iteration 119 (MF = 33.199206)
	Number of nodes: 10981
	Number of allocated nodes: 11264
	Number of edges: 30856
	Maximum in degree: 207 (node 6461)
	Maximum out degree: 2313 (node 701)
	source 1545 (node 701) with out degree 2313
	target 3 (node 6461) with in degree 207

Execution time and memory used at after iteration 120 (MF = 33.078175): 1.260783e+05 seconds, 81989632 bytes of memory usage, 155296 kB of memory peak and 1-11:01:28 elapsed time
Statistics on the network after iteration 120 (MF = 33.078175)
	Number of nodes: 10981
	Number of allocated nodes: 11264
	Number of edges: 30856
	Maximum in degree: 207 (node 6461)
	Maximum out degree: 2313 (node 701)
	source 1545 (node 701) with out degree 2313
	target 3 (node 6461) with in degree 207

Execution time and memory used at after iteration 121 (MF = 33.224206): 1.297419e+05 seconds, 80785408 bytes of memory usage, 155296 kB of memory peak and 1-12:02:32 elapsed time
Statistics on the network after iteration 121 (MF = 33.224206)
	Number of nodes: 10981
	Number of allocated nodes: 11264
	Number of edges: 30856
	Maximum in degree: 207 (node 6461)
	Maximum out degree: 2313 (node 701)
	source 1545 (node 701) with out degree 2313
	target 3 (node 6461) with in degree 207

Execution time and memory used at after iteration 122 (MF = 32.776190): 1.318250e+05 seconds, 80646144 bytes of memory usage, 155296 kB of memory peak and 1-12:37:15 elapsed time
Statistics on the network after iteration 122 (MF = 32.776190)
	Number of nodes: 10981
	Number of allocated nodes: 11264
	Number of edges: 30856
	Maximum in degree: 207 (node 6461)
	Maximum out degree: 2313 (node 701)
	source 1545 (node 701) with out degree 2313
	target 3 (node 6461) with in degree 207

Execution time and memory used at after iteration 123 (MF = 33.788095): 1.340842e+05 seconds, 81711104 bytes of memory usage, 155296 kB of memory peak and 1-13:14:54 elapsed time
Statistics on the network after iteration 123 (MF = 33.788095)
	Number of nodes: 10981
	Number of allocated nodes: 11264
	Number of edges: 30856
	Maximum in degree: 207 (node 6461)
	Maximum out degree: 2313 (node 701)
	source 1545 (node 701) with out degree 2313
	target 3 (node 6461) with in degree 207

Execution time and memory used at after iteration 124 (MF = 33.748810): 1.366499e+05 seconds, 81711104 bytes of memory usage, 155296 kB of memory peak and 1-13:57:40 elapsed time
Statistics on the network after iteration 124 (MF = 33.748810)
	Number of nodes: 10981
	Number of allocated nodes: 11264
	Number of edges: 30856
	Maximum in degree: 207 (node 6461)
	Maximum out degree: 2313 (node 701)
	source 1545 (node 701) with out degree 2313
	target 3 (node 6461) with in degree 207

Execution time and memory used at after iteration 125 (MF = 33.529365): 1.392709e+05 seconds, 80646144 bytes of memory usage, 155296 kB of memory peak and 1-14:41:21 elapsed time
Statistics on the network after iteration 125 (MF = 33.529365)
	Number of nodes: 10981
	Number of allocated nodes: 11264
	Number of edges: 30856
	Maximum in degree: 207 (node 6461)
	Maximum out degree: 2313 (node 701)
	source 1545 (node 701) with out degree 2313
	target 3 (node 6461) with in degree 207

Execution time and memory used at after iteration 126 (MF = 33.538095): 1.419695e+05 seconds, 80646144 bytes of memory usage, 155296 kB of memory peak and 1-15:26:20 elapsed time
Statistics on the network after iteration 126 (MF = 33.538095)
	Number of nodes: 10981
	Number of allocated nodes: 11264
	Number of edges: 30856
	Maximum in degree: 207 (node 6461)
	Maximum out degree: 2313 (node 701)
	source 1545 (node 701) with out degree 2313
	target 3 (node 6461) with in degree 207

Execution time and memory used at after iteration 127 (MF = 32.973810): 1.445041e+05 seconds, 80646144 bytes of memory usage, 155296 kB of memory peak and 1-16:08:35 elapsed time
Statistics on the network after iteration 127 (MF = 32.973810)
	Number of nodes: 10981
	Number of allocated nodes: 11264
	Number of edges: 30856
	Maximum in degree: 207 (node 6461)
	Maximum out degree: 2313 (node 701)
	source 1545 (node 701) with out degree 2313
	target 3 (node 6461) with in degree 207

Execution time and memory used at after iteration 128 (MF = 32.948810): 1.466071e+05 seconds, 80646144 bytes of memory usage, 155296 kB of memory peak and 1-16:43:38 elapsed time
Statistics on the network after iteration 128 (MF = 32.948810)
	Number of nodes: 10981
	Number of allocated nodes: 11264
	Number of edges: 30856
	Maximum in degree: 207 (node 6461)
	Maximum out degree: 2313 (node 701)
	source 1545 (node 701) with out degree 2313
	target 3 (node 6461) with in degree 207

Execution time and memory used at after iteration 129 (MF = 33.836508): 1.487263e+05 seconds, 80646144 bytes of memory usage, 155296 kB of memory peak and 1-17:18:57 elapsed time
Statistics on the network after iteration 129 (MF = 33.836508)
	Number of nodes: 10981
	Number of allocated nodes: 11264
	Number of edges: 30856
	Maximum in degree: 207 (node 6461)
	Maximum out degree: 2313 (node 701)
	source 1545 (node 701) with out degree 2313
	target 3 (node 6461) with in degree 207

Execution time and memory used at after iteration 130 (MF = 33.722619): 1.505663e+05 seconds, 80646144 bytes of memory usage, 155296 kB of memory peak and 1-17:49:37 elapsed time
Statistics on the network after iteration 130 (MF = 33.722619)
	Number of nodes: 10981
	Number of allocated nodes: 11264
	Number of edges: 30856
	Maximum in degree: 207 (node 6461)
	Maximum out degree: 2313 (node 701)
	source 1545 (node 701) with out degree 2313
	target 3 (node 6461) with in degree 207

Execution time and memory used at after iteration 131 (MF = 32.717063): 1.526074e+05 seconds, 80646144 bytes of memory usage, 155296 kB of memory peak and 1-18:23:39 elapsed time
Statistics on the network after iteration 131 (MF = 32.717063)
	Number of nodes: 10981
	Number of allocated nodes: 11264
	Number of edges: 30856
	Maximum in degree: 207 (node 6461)
	Maximum out degree: 2313 (node 701)
	source 1545 (node 701) with out degree 2313
	target 3 (node 6461) with in degree 207

Execution time and memory used at after iteration 132 (MF = 33.538889): 1.546109e+05 seconds, 80646144 bytes of memory usage, 155296 kB of memory peak and 1-18:57:02 elapsed time
Statistics on the network after iteration 132 (MF = 33.538889)
	Number of nodes: 10981
	Number of allocated nodes: 11264
	Number of edges: 30856
	Maximum in degree: 207 (node 6461)
	Maximum out degree: 2313 (node 701)
	source 1545 (node 701) with out degree 2313
	target 3 (node 6461) with in degree 207

Execution time and memory used at after iteration 133 (MF = 34.081349): 1.566484e+05 seconds, 80646144 bytes of memory usage, 155296 kB of memory peak and 1-19:31:00 elapsed time
Statistics on the network after iteration 133 (MF = 34.081349)
	Number of nodes: 10981
	Number of allocated nodes: 11264
	Number of edges: 30856
	Maximum in degree: 207 (node 6461)
	Maximum out degree: 2313 (node 701)
	source 1545 (node 701) with out degree 2313
	target 3 (node 6461) with in degree 207

Execution time and memory used at after iteration 134 (MF = 33.531746): 1.585294e+05 seconds, 80646144 bytes of memory usage, 155296 kB of memory peak and 1-20:02:21 elapsed time
Statistics on the network after iteration 134 (MF = 33.531746)
	Number of nodes: 10981
	Number of allocated nodes: 11264
	Number of edges: 30856
	Maximum in degree: 207 (node 6461)
	Maximum out degree: 2313 (node 701)
	source 1545 (node 701) with out degree 2313
	target 3 (node 6461) with in degree 207

Execution time and memory used at after iteration 135 (MF = 33.201190): 1.613140e+05 seconds, 80646144 bytes of memory usage, 155296 kB of memory peak and 1-20:48:45 elapsed time
Statistics on the network after iteration 135 (MF = 33.201190)
	Number of nodes: 10981
	Number of allocated nodes: 11264
	Number of edges: 30856
	Maximum in degree: 207 (node 6461)
	Maximum out degree: 2313 (node 701)
	source 1545 (node 701) with out degree 2313
	target 3 (node 6461) with in degree 207

Execution time and memory used at after iteration 136 (MF = 33.996825): 1.643134e+05 seconds, 80646144 bytes of memory usage, 155296 kB of memory peak and 1-21:38:45 elapsed time
Statistics on the network after iteration 136 (MF = 33.996825)
	Number of nodes: 10981
	Number of allocated nodes: 11264
	Number of edges: 30856
	Maximum in degree: 207 (node 6461)
	Maximum out degree: 2313 (node 701)
	source 1545 (node 701) with out degree 2313
	target 3 (node 6461) with in degree 207

Execution time and memory used at after iteration 137 (MF = 33.371429): 1.685032e+05 seconds, 80646144 bytes of memory usage, 155296 kB of memory peak and 1-22:48:35 elapsed time
Statistics on the network after iteration 137 (MF = 33.371429)
	Number of nodes: 10981
	Number of allocated nodes: 11264
	Number of edges: 30856
	Maximum in degree: 207 (node 6461)
	Maximum out degree: 2313 (node 701)
	source 1545 (node 701) with out degree 2313
	target 3 (node 6461) with in degree 207

Execution time and memory used at after iteration 138 (MF = 33.199206): 1.724220e+05 seconds, 80646144 bytes of memory usage, 155296 kB of memory peak and 1-23:53:54 elapsed time
Statistics on the network after iteration 138 (MF = 33.199206)
	Number of nodes: 10981
	Number of allocated nodes: 11264
	Number of edges: 30856
	Maximum in degree: 207 (node 6461)
	Maximum out degree: 2313 (node 701)
	source 1545 (node 701) with out degree 2313
	target 3 (node 6461) with in degree 207

Execution time and memory used at after iteration 139 (MF = 32.665873): 1.760658e+05 seconds, 80646144 bytes of memory usage, 155624 kB of memory peak and 2-00:54:38 elapsed time
Statistics on the network after iteration 139 (MF = 32.665873)
	Number of nodes: 10981
	Number of allocated nodes: 11264
	Number of edges: 30856
	Maximum in degree: 207 (node 6461)
	Maximum out degree: 2313 (node 701)
	source 1545 (node 701) with out degree 2313
	target 3 (node 6461) with in degree 207

Execution time and memory used at after iteration 140 (MF = 33.062302): 1.799354e+05 seconds, 80646144 bytes of memory usage, 159576 kB of memory peak and 2-01:59:08 elapsed time
Statistics on the network after iteration 140 (MF = 33.062302)
	Number of nodes: 10981
	Number of allocated nodes: 11264
	Number of edges: 30856
	Maximum in degree: 207 (node 6461)
	Maximum out degree: 2313 (node 701)
	source 1545 (node 701) with out degree 2313
	target 3 (node 6461) with in degree 207

Execution time and memory used at after iteration 141 (MF = 33.212302): 1.836867e+05 seconds, 80646144 bytes of memory usage, 159576 kB of memory peak and 2-03:01:39 elapsed time
Statistics on the network after iteration 141 (MF = 33.212302)
	Number of nodes: 10981
	Number of allocated nodes: 11264
	Number of edges: 30856
	Maximum in degree: 207 (node 6461)
	Maximum out degree: 2313 (node 701)
	source 1545 (node 701) with out degree 2313
	target 3 (node 6461) with in degree 207

Execution time and memory used at after iteration 142 (MF = 33.402381): 1.872088e+05 seconds, 80646144 bytes of memory usage, 159576 kB of memory peak and 2-04:00:22 elapsed time
Statistics on the network after iteration 142 (MF = 33.402381)
	Number of nodes: 10981
	Number of allocated nodes: 11264
	Number of edges: 30856
	Maximum in degree: 207 (node 6461)
	Maximum out degree: 2313 (node 701)
	source 1545 (node 701) with out degree 2313
	target 3 (node 6461) with in degree 207

Execution time and memory used at after iteration 143 (MF = 32.636111): 1.909415e+05 seconds, 80646144 bytes of memory usage, 159576 kB of memory peak and 2-05:02:34 elapsed time
Statistics on the network after iteration 143 (MF = 32.636111)
	Number of nodes: 10981
	Number of allocated nodes: 11264
	Number of edges: 30856
	Maximum in degree: 207 (node 6461)
	Maximum out degree: 2313 (node 701)
	source 1545 (node 701) with out degree 2313
	target 3 (node 6461) with in degree 207

Execution time and memory used at after iteration 144 (MF = 33.511508): 1.947756e+05 seconds, 80646144 bytes of memory usage, 159576 kB of memory peak and 2-06:06:29 elapsed time
Statistics on the network after iteration 144 (MF = 33.511508)
	Number of nodes: 10981
	Number of allocated nodes: 11264
	Number of edges: 30856
	Maximum in degree: 207 (node 6461)
	Maximum out degree: 2313 (node 701)
	source 1545 (node 701) with out degree 2313
	target 3 (node 6461) with in degree 207

Execution time and memory used at after iteration 145 (MF = 32.961111): 1.991661e+05 seconds, 82763776 bytes of memory usage, 167764 kB of memory peak and 2-07:19:39 elapsed time
Statistics on the network after iteration 145 (MF = 32.961111)
	Number of nodes: 10981
	Number of allocated nodes: 11264
	Number of edges: 30856
	Maximum in degree: 207 (node 6461)
	Maximum out degree: 2313 (node 701)
	source 1545 (node 701) with out degree 2313
	target 3 (node 6461) with in degree 207

Execution time and memory used at after iteration 146 (MF = 32.472222): 2.037273e+05 seconds, 80646144 bytes of memory usage, 173168 kB of memory peak and 2-08:35:41 elapsed time
Statistics on the network after iteration 146 (MF = 32.472222)
	Number of nodes: 10981
	Number of allocated nodes: 11264
	Number of edges: 30856
	Maximum in degree: 207 (node 6461)
	Maximum out degree: 2313 (node 701)
	source 1545 (node 701) with out degree 2313
	target 3 (node 6461) with in degree 207

Execution time and memory used at after iteration 147 (MF = 32.928175): 2.088290e+05 seconds, 80646144 bytes of memory usage, 173168 kB of memory peak and 2-10:00:43 elapsed time
Statistics on the network after iteration 147 (MF = 32.928175)
	Number of nodes: 10981
	Number of allocated nodes: 11264
	Number of edges: 30856
	Maximum in degree: 207 (node 6461)
	Maximum out degree: 2313 (node 701)
	source 1545 (node 701) with out degree 2313
	target 3 (node 6461) with in degree 207

Execution time and memory used at after iteration 148 (MF = 33.260714): 2.138019e+05 seconds, 80646144 bytes of memory usage, 173168 kB of memory peak and 2-11:23:36 elapsed time
Statistics on the network after iteration 148 (MF = 33.260714)
	Number of nodes: 10981
	Number of allocated nodes: 11264
	Number of edges: 30856
	Maximum in degree: 207 (node 6461)
	Maximum out degree: 2313 (node 701)
	source 1545 (node 701) with out degree 2313
	target 3 (node 6461) with in degree 207

Execution time and memory used at after iteration 149 (MF = 33.233730): 2.184100e+05 seconds, 80646144 bytes of memory usage, 173168 kB of memory peak and 2-12:40:24 elapsed time
Statistics on the network after iteration 149 (MF = 33.233730)
	Number of nodes: 10981
	Number of allocated nodes: 11264
	Number of edges: 30856
	Maximum in degree: 207 (node 6461)
	Maximum out degree: 2313 (node 701)
	source 1545 (node 701) with out degree 2313
	target 3 (node 6461) with in degree 207

Execution time and memory used at after iteration 150 (MF = 33.055159): 2.226884e+05 seconds, 80646144 bytes of memory usage, 173168 kB of memory peak and 2-13:51:43 elapsed time
Statistics on the network after iteration 150 (MF = 33.055159)
	Number of nodes: 10981
	Number of allocated nodes: 11264
	Number of edges: 30856
	Maximum in degree: 207 (node 6461)
	Maximum out degree: 2313 (node 701)
	source 1545 (node 701) with out degree 2313
	target 3 (node 6461) with in degree 207

Execution time and memory used at after iteration 151 (MF = 32.890079): 2.270620e+05 seconds, 80646144 bytes of memory usage, 173168 kB of memory peak and 2-15:04:36 elapsed time
Statistics on the network after iteration 151 (MF = 32.890079)
	Number of nodes: 10981
	Number of allocated nodes: 11264
	Number of edges: 30856
	Maximum in degree: 207 (node 6461)
	Maximum out degree: 2313 (node 701)
	source 1545 (node 701) with out degree 2313
	target 3 (node 6461) with in degree 207

Execution time and memory used at after iteration 152 (MF = 32.538889): 2.317523e+05 seconds, 80646144 bytes of memory usage, 173168 kB of memory peak and 2-16:22:47 elapsed time
Statistics on the network after iteration 152 (MF = 32.538889)
	Number of nodes: 10981
	Number of allocated nodes: 11264
	Number of edges: 30856
	Maximum in degree: 207 (node 6461)
	Maximum out degree: 2313 (node 701)
	source 1545 (node 701) with out degree 2313
	target 3 (node 6461) with in degree 207

Execution time and memory used at after iteration 153 (MF = 33.598016): 2.368220e+05 seconds, 80646144 bytes of memory usage, 173168 kB of memory peak and 2-17:47:17 elapsed time
Statistics on the network after iteration 153 (MF = 33.598016)
	Number of nodes: 10981
	Number of allocated nodes: 11264
	Number of edges: 30856
	Maximum in degree: 207 (node 6461)
	Maximum out degree: 2313 (node 701)
	source 1545 (node 701) with out degree 2313
	target 3 (node 6461) with in degree 207

Execution time and memory used at after iteration 154 (MF = 33.548413): 2.419428e+05 seconds, 80646144 bytes of memory usage, 173168 kB of memory peak and 2-19:12:38 elapsed time
Statistics on the network after iteration 154 (MF = 33.548413)
	Number of nodes: 10981
	Number of allocated nodes: 11264
	Number of edges: 30856
	Maximum in degree: 207 (node 6461)
	Maximum out degree: 2313 (node 701)
	source 1545 (node 701) with out degree 2313
	target 3 (node 6461) with in degree 207

Execution time and memory used at after iteration 155 (MF = 33.507937): 2.474946e+05 seconds, 80646144 bytes of memory usage, 173168 kB of memory peak and 2-20:45:10 elapsed time
Statistics on the network after iteration 155 (MF = 33.507937)
	Number of nodes: 10981
	Number of allocated nodes: 11264
	Number of edges: 30856
	Maximum in degree: 207 (node 6461)
	Maximum out degree: 2313 (node 701)
	source 1545 (node 701) with out degree 2313
	target 3 (node 6461) with in degree 207

Execution time and memory used at after iteration 156 (MF = 33.251190): 2.530765e+05 seconds, 80646144 bytes of memory usage, 173168 kB of memory peak and 2-22:18:12 elapsed time
Statistics on the network after iteration 156 (MF = 33.251190)
	Number of nodes: 10981
	Number of allocated nodes: 11264
	Number of edges: 30856
	Maximum in degree: 207 (node 6461)
	Maximum out degree: 2313 (node 701)
	source 1545 (node 701) with out degree 2313
	target 3 (node 6461) with in degree 207

Execution time and memory used at after iteration 157 (MF = 33.746032): 2.587665e+05 seconds, 80646144 bytes of memory usage, 173168 kB of memory peak and 2-23:53:02 elapsed time
Statistics on the network after iteration 157 (MF = 33.746032)
	Number of nodes: 10981
	Number of allocated nodes: 11264
	Number of edges: 30856
	Maximum in degree: 207 (node 6461)
	Maximum out degree: 2313 (node 701)
	source 1545 (node 701) with out degree 2313
	target 3 (node 6461) with in degree 207

Execution time and memory used at after iteration 158 (MF = 33.551190): 2.639919e+05 seconds, 80646144 bytes of memory usage, 173168 kB of memory peak and 3-01:20:08 elapsed time
Statistics on the network after iteration 158 (MF = 33.551190)
	Number of nodes: 10981
	Number of allocated nodes: 11264
	Number of edges: 30856
	Maximum in degree: 207 (node 6461)
	Maximum out degree: 2313 (node 701)
	source 1545 (node 701) with out degree 2313
	target 3 (node 6461) with in degree 207

Execution time and memory used at after iteration 159 (MF = 33.513889): 2.701147e+05 seconds, 80646144 bytes of memory usage, 173168 kB of memory peak and 3-03:02:11 elapsed time
Statistics on the network after iteration 159 (MF = 33.513889)
	Number of nodes: 10981
	Number of allocated nodes: 11264
	Number of edges: 30856
	Maximum in degree: 207 (node 6461)
	Maximum out degree: 2313 (node 701)
	source 1545 (node 701) with out degree 2313
	target 3 (node 6461) with in degree 207

Execution time and memory used at after iteration 160 (MF = 33.494444): 2.766805e+05 seconds, 80646144 bytes of memory usage, 173168 kB of memory peak and 3-04:51:37 elapsed time
Statistics on the network after iteration 160 (MF = 33.494444)
	Number of nodes: 10981
	Number of allocated nodes: 11264
	Number of edges: 30856
	Maximum in degree: 207 (node 6461)
	Maximum out degree: 2313 (node 701)
	source 1545 (node 701) with out degree 2313
	target 3 (node 6461) with in degree 207

Execution time and memory used at after iteration 161 (MF = 33.341667): 2.829940e+05 seconds, 80646144 bytes of memory usage, 173168 kB of memory peak and 3-06:36:51 elapsed time
Statistics on the network after iteration 161 (MF = 33.341667)
	Number of nodes: 10981
	Number of allocated nodes: 11264
	Number of edges: 30856
	Maximum in degree: 207 (node 6461)
	Maximum out degree: 2313 (node 701)
	source 1545 (node 701) with out degree 2313
	target 3 (node 6461) with in degree 207

Execution time and memory used at after iteration 162 (MF = 33.239286): 2.892450e+05 seconds, 80646144 bytes of memory usage, 173168 kB of memory peak and 3-08:21:02 elapsed time
Statistics on the network after iteration 162 (MF = 33.239286)
	Number of nodes: 10981
	Number of allocated nodes: 11264
	Number of edges: 30856
	Maximum in degree: 207 (node 6461)
	Maximum out degree: 2313 (node 701)
	source 1545 (node 701) with out degree 2313
	target 3 (node 6461) with in degree 207

Execution time and memory used at after iteration 163 (MF = 33.646429): 2.968624e+05 seconds, 80646144 bytes of memory usage, 178596 kB of memory peak and 3-10:28:00 elapsed time
Statistics on the network after iteration 163 (MF = 33.646429)
	Number of nodes: 10981
	Number of allocated nodes: 11264
	Number of edges: 30856
	Maximum in degree: 207 (node 6461)
	Maximum out degree: 2313 (node 701)
	source 1545 (node 701) with out degree 2313
	target 3 (node 6461) with in degree 207

Execution time and memory used at after iteration 164 (MF = 34.161111): 3.044443e+05 seconds, 80646144 bytes of memory usage, 178596 kB of memory peak and 3-12:34:22 elapsed time
Statistics on the network after iteration 164 (MF = 34.161111)
	Number of nodes: 10981
	Number of allocated nodes: 11264
	Number of edges: 30856
	Maximum in degree: 207 (node 6461)
	Maximum out degree: 2313 (node 701)
	source 1545 (node 701) with out degree 2313
	target 3 (node 6461) with in degree 207

Execution time and memory used at after iteration 165 (MF = 33.216270): 3.119661e+05 seconds, 80646144 bytes of memory usage, 182044 kB of memory peak and 3-14:39:45 elapsed time
Statistics on the network after iteration 165 (MF = 33.216270)
	Number of nodes: 10981
	Number of allocated nodes: 11264
	Number of edges: 30856
	Maximum in degree: 207 (node 6461)
	Maximum out degree: 2313 (node 701)
	source 1545 (node 701) with out degree 2313
	target 3 (node 6461) with in degree 207

Execution time and memory used at after iteration 166 (MF = 32.969048): 3.181270e+05 seconds, 80646144 bytes of memory usage, 182044 kB of memory peak and 3-16:22:26 elapsed time
Statistics on the network after iteration 166 (MF = 32.969048)
	Number of nodes: 10981
	Number of allocated nodes: 11264
	Number of edges: 30856
	Maximum in degree: 207 (node 6461)
	Maximum out degree: 2313 (node 701)
	source 1545 (node 701) with out degree 2313
	target 3 (node 6461) with in degree 207

Execution time and memory used at after iteration 167 (MF = 33.261508): 3.250607e+05 seconds, 80646144 bytes of memory usage, 189652 kB of memory peak and 3-18:18:00 elapsed time
Statistics on the network after iteration 167 (MF = 33.261508)
	Number of nodes: 10981
	Number of allocated nodes: 11264
	Number of edges: 30856
	Maximum in degree: 207 (node 6461)
	Maximum out degree: 2313 (node 701)
	source 1545 (node 701) with out degree 2313
	target 3 (node 6461) with in degree 207

Execution time and memory used at after iteration 168 (MF = 33.796825): 3.335460e+05 seconds, 80646144 bytes of memory usage, 190456 kB of memory peak and 3-20:39:26 elapsed time
Statistics on the network after iteration 168 (MF = 33.796825)
	Number of nodes: 10981
	Number of allocated nodes: 11264
	Number of edges: 30856
	Maximum in degree: 207 (node 6461)
	Maximum out degree: 2313 (node 701)
	source 1545 (node 701) with out degree 2313
	target 3 (node 6461) with in degree 207

Execution time and memory used at after iteration 169 (MF = 33.862302): 3.418334e+05 seconds, 80646144 bytes of memory usage, 202252 kB of memory peak and 3-22:57:34 elapsed time
Statistics on the network after iteration 169 (MF = 33.862302)
	Number of nodes: 10981
	Number of allocated nodes: 11264
	Number of edges: 30856
	Maximum in degree: 207 (node 6461)
	Maximum out degree: 2313 (node 701)
	source 1545 (node 701) with out degree 2313
	target 3 (node 6461) with in degree 207
