GLPSOL--GLPK LP/MIP Solver 5.0
Parameter(s) specified in the command line:
 --lp input/soc-RedditHyperlinks.html/soc-redditHyperlinks-title.tsv.gz.39.lp
 -o input/soc-RedditHyperlinks.html/soc-redditHyperlinks-title.tsv.gz.39.lp.sol
Reading problem data from 'input/soc-RedditHyperlinks.html/soc-redditHyperlinks-title.tsv.gz.39.lp'...
234795 rows, 523659 columns, 1173962 non-zeros
523659 integer variables, all of which are binary
758459 lines were read
GLPK Integer Optimizer 5.0
234795 rows, 523659 columns, 1173962 non-zeros
523659 integer variables, all of which are binary
Preprocessing...
234306 rows, 523130 columns, 1168766 non-zeros
523130 integer variables, all of which are binary
Scaling...
 A: min|aij| =  1.000e+00  max|aij| =  1.000e+00  ratio =  1.000e+00
Problem data seem to be well scaled
Constructing initial basis...
Size of triangular part is 234306
Solving LP relaxation...
GLPK Simplex Optimizer 5.0
234306 rows, 523130 columns, 1168766 non-zeros
      0: obj =   0.000000000e+00 inf =   1.350e+02 (135)
    135: obj =   7.578705000e+00 inf =   0.000e+00 (0)
Perturbing LP to avoid stalling [338]...
*   511: obj =   6.002623000e+00 inf =   0.000e+00 (161) 3
*   843: obj =   5.845235000e+00 inf =   0.000e+00 (163) 3
*  1143: obj =   5.558088000e+00 inf =   0.000e+00 (157) 3
*  1427: obj =   5.558088000e+00 inf =   0.000e+00 (175) 2
*  1719: obj =   5.425167000e+00 inf =   0.000e+00 (205) 3
*  2005: obj =   5.307916000e+00 inf =   0.000e+00 (194) 3
*  2306: obj =   5.307916000e+00 inf =   0.000e+00 (175) 3
*  2633: obj =   5.307916000e+00 inf =   0.000e+00 (148) 3
*  2941: obj =   5.206060000e+00 inf =   0.000e+00 (189) 3
*  3218: obj =   5.206060000e+00 inf =   0.000e+00 (183) 2
*  3499: obj =   5.206060000e+00 inf =   0.000e+00 (194) 3
*  3769: obj =   5.206060000e+00 inf =   0.000e+00 (193) 3
*  4065: obj =   5.206060000e+00 inf =   0.000e+00 (180) 3
*  4357: obj =   5.206060000e+00 inf =   0.000e+00 (195) 2
*  4643: obj =   5.206060000e+00 inf =   0.000e+00 (187) 3
*  4938: obj =   5.206060000e+00 inf =   0.000e+00 (186) 3
*  5253: obj =   4.728671000e+00 inf =   0.000e+00 (191) 3
*  5564: obj =   4.728671000e+00 inf =   0.000e+00 (170) 3
*  5806: obj =   4.728671000e+00 inf =   0.000e+00 (221) 2
*  6027: obj =   4.728671000e+00 inf =   0.000e+00 (213) 3
*  6247: obj =   4.728671000e+00 inf =   0.000e+00 (239) 2
*  6464: obj =   4.728671000e+00 inf =   0.000e+00 (218) 2
*  6699: obj =   4.728671000e+00 inf =   0.000e+00 (232) 2
*  6921: obj =   4.728671000e+00 inf =   0.000e+00 (215) 2
*  7173: obj =   4.222966000e+00 inf =   0.000e+00 (210) 2
*  7389: obj =   4.222966000e+00 inf =   0.000e+00 (239) 2
*  7620: obj =   4.222966000e+00 inf =   0.000e+00 (234) 3
*  7864: obj =   4.222966000e+00 inf =   0.000e+00 (243) 2
*  8097: obj =   4.222966000e+00 inf =   0.000e+00 (226) 2
*  8327: obj =   4.222966000e+00 inf =   0.000e+00 (220) 2
*  8541: obj =   4.222966000e+00 inf =   0.000e+00 (235) 2
*  8785: obj =   3.946953000e+00 inf =   0.000e+00 (199) 3
*  9034: obj =   3.946953000e+00 inf =   0.000e+00 (200) 2
*  9260: obj =   3.946953000e+00 inf =   0.000e+00 (198) 2
*  9475: obj =   3.946953000e+00 inf =   0.000e+00 (215) 2
*  9687: obj =   3.946953000e+00 inf =   0.000e+00 (215) 2
*  9910: obj =   3.946953000e+00 inf =   0.000e+00 (207) 3
* 10113: obj =   3.946953000e+00 inf =   0.000e+00 (220) 1
* 10327: obj =   3.816506000e+00 inf =   0.000e+00 (199) 3
* 10540: obj =   3.816506000e+00 inf =   0.000e+00 (191) 1
* 10736: obj =   3.816506000e+00 inf =   0.000e+00 (201) 2
* 10960: obj =   3.816506000e+00 inf =   0.000e+00 (199) 3
* 11224: obj =   3.816506000e+00 inf =   0.000e+00 (258) 2
* 11445: obj =   3.816506000e+00 inf =   0.000e+00 (250) 2
* 11629: obj =   3.816506000e+00 inf =   0.000e+00 (264) 2
* 11833: obj =   3.816506000e+00 inf =   0.000e+00 (260) 2
* 12112: obj =   3.816506000e+00 inf =   0.000e+00 (188) 3
* 12338: obj =   3.816506000e+00 inf =   0.000e+00 (217) 2
* 12573: obj =   3.816506000e+00 inf =   0.000e+00 (202) 2
* 12825: obj =   3.816506000e+00 inf =   0.000e+00 (216) 3
* 13037: obj =   3.816506000e+00 inf =   0.000e+00 (192) 2
* 13272: obj =   3.816506000e+00 inf =   0.000e+00 (242) 2
* 13519: obj =   3.816506000e+00 inf =   0.000e+00 (189) 2
* 13768: obj =   3.816506000e+00 inf =   0.000e+00 (210) 3
* 14000: obj =   3.816506000e+00 inf =   0.000e+00 (204) 2
* 14210: obj =   3.816506000e+00 inf =   0.000e+00 (238) 2
* 14429: obj =   3.816506000e+00 inf =   0.000e+00 (232) 2
* 14680: obj =   3.816506000e+00 inf =   0.000e+00 (183) 3
* 14892: obj =   3.816506000e+00 inf =   0.000e+00 (195) 2
* 15174: obj =   3.568259000e+00 inf =   0.000e+00 (194) 2
* 15418: obj =   3.568259000e+00 inf =   0.000e+00 (205) 3
* 15670: obj =   3.568259000e+00 inf =   0.000e+00 (197) 2
* 15914: obj =   3.568259000e+00 inf =   0.000e+00 (211) 3
* 16166: obj =   3.508053000e+00 inf =   0.000e+00 (210) 2
* 16419: obj =   3.508053000e+00 inf =   0.000e+00 (170) 2
* 16617: obj =   3.507727638e+00 inf =   3.318e-17 (5515) 2
* 16794: obj =   3.391882792e+00 inf =   0.000e+00 (5540) 2
* 16998: obj =   3.391882792e+00 inf =   0.000e+00 (5547) 1
* 17200: obj =   3.338725844e+00 inf =   0.000e+00 (5540) 2
* 17422: obj =   3.338725844e+00 inf =   0.000e+00 (5535) 2
* 17625: obj =   3.338725844e+00 inf =   1.142e-16 (5535) 2
* 17848: obj =   3.287520733e+00 inf =   3.903e-18 (5514) 2
* 18123: obj =   3.187640941e+00 inf =   1.393e-04 (8920) 2
* 18392: obj =   3.187626837e+00 inf =   8.286e-03 (8833) 3
* 18624: obj =   3.187614765e+00 inf =   2.130e-02 (8790) 2
* 18932: obj =   3.187597130e+00 inf =   2.271e-02 (8735) 3
* 19227: obj =   3.187583342e+00 inf =   3.288e-02 (8669) 3
* 19453: obj =   3.187571118e+00 inf =   5.207e-02 (8650) 2
* 19688: obj =   3.187563153e+00 inf =   6.189e-02 (8613) 3
* 19887: obj =   3.187534250e+00 inf =   1.147e-01 (8591) 2
* 20086: obj =   3.187523992e+00 inf =   1.309e-01 (8562) 2
* 20304: obj =   3.187509724e+00 inf =   1.620e-01 (8513) 2
* 20521: obj =   3.187495247e+00 inf =   1.910e-01 (8485) 2
* 20711: obj =   3.187487103e+00 inf =   2.100e-01 (8431) 2
* 20922: obj =   3.187482434e+00 inf =   2.264e-01 (8409) 2
* 21137: obj =   3.187475427e+00 inf =   2.476e-01 (8390) 2
* 21351: obj =   3.187468736e+00 inf =   2.688e-01 (8394) 2
* 21595: obj =   3.187450637e+00 inf =   3.048e-01 (8348) 3
* 21819: obj =   3.187440008e+00 inf =   3.248e-01 (8330) 2
* 22032: obj =   3.187425606e+00 inf =   3.634e-01 (8299) 2
* 22307: obj =   3.187416688e+00 inf =   3.807e-01 (8259) 3
* 22520: obj =   3.187406170e+00 inf =   4.073e-01 (8222) 2
* 22724: obj =   3.187396721e+00 inf =   4.340e-01 (8224) 2
* 22927: obj =   3.187379512e+00 inf =   4.734e-01 (8219) 2
* 23145: obj =   3.187370714e+00 inf =   4.926e-01 (8182) 2
* 23377: obj =   3.187361727e+00 inf =   5.331e-01 (8185) 2
* 23575: obj =   3.187359841e+00 inf =   5.425e-01 (8186) 2
* 23825: obj =   3.187357516e+00 inf =   5.383e-01 (8158) 3
* 24115: obj =   3.187347623e+00 inf =   5.190e-01 (8139) 3
* 24351: obj =   3.187330273e+00 inf =   4.693e-01 (8117) 2
* 24526: obj =   3.187322384e+00 inf =   4.435e-01 (8086) 2
* 24715: obj =   3.187308791e+00 inf =   3.903e-01 (8056) 1
* 24973: obj =   3.187303492e+00 inf =   3.624e-01 (8047) 3
* 25210: obj =   3.187289748e+00 inf =   3.352e-01 (8002) 2
* 25405: obj =   3.187280272e+00 inf =   2.963e-01 (7982) 2
* 25673: obj =   3.187272810e+00 inf =   2.847e-01 (7966) 3
* 25979: obj =   3.187268299e+00 inf =   2.899e-01 (7922) 3
* 26255: obj =   3.187264577e+00 inf =   2.764e-01 (7937) 2
* 26541: obj =   3.187260003e+00 inf =   2.543e-01 (7899) 3
* 26808: obj =   3.187254953e+00 inf =   2.000e-01 (7890) 3
* 27073: obj =   3.187251162e+00 inf =   1.703e-01 (7897) 2
* 27310: obj =   3.187243473e+00 inf =   1.554e-01 (7858) 3
* 27539: obj =   3.187237247e+00 inf =   1.952e-01 (7849) 2
* 27743: obj =   3.187232480e+00 inf =   2.336e-01 (7839) 2
* 27992: obj =   3.187229639e+00 inf =   2.490e-01 (7791) 3
* 28297: obj =   3.187224279e+00 inf =   2.186e-01 (7840) 2
* 28587: obj =   3.187221554e+00 inf =   2.213e-01 (7790) 3
* 28791: obj =   3.187219257e+00 inf =   2.480e-01 (7740) 2
* 29027: obj =   3.187215560e+00 inf =   2.212e-01 (7742) 2
* 29254: obj =   3.187212019e+00 inf =   1.874e-01 (7759) 2
* 29486: obj =   3.187210762e+00 inf =   2.053e-01 (7739) 3
* 29694: obj =   3.187209782e+00 inf =   2.186e-01 (7722) 2
* 29926: obj =   3.187207685e+00 inf =   2.386e-01 (7713) 2
* 30184: obj =   3.187206036e+00 inf =   2.320e-01 (7703) 3
* 30473: obj =   3.187203327e+00 inf =   1.938e-01 (7637) 2
* 30734: obj =   3.187198920e+00 inf =   1.536e-01 (7650) 3
* 31055: obj =   3.187196008e+00 inf =   1.541e-01 (7679) 3
* 31317: obj =   3.187192119e+00 inf =   1.721e-01 (7731) 2
* 31537: obj =   3.187190026e+00 inf =   1.893e-01 (7678) 2
* 31884: obj =   3.187182771e+00 inf =   1.962e-01 (7672) 2
* 32128: obj =   3.187180114e+00 inf =   2.378e-01 (7638) 3
* 32370: obj =   3.187176074e+00 inf =   2.864e-01 (7613) 2
* 32628: obj =   3.187168801e+00 inf =   3.034e-01 (7559) 2
* 32854: obj =   3.187167958e+00 inf =   3.083e-01 (7524) 2
* 33125: obj =   3.187164927e+00 inf =   2.818e-01 (7477) 3
* 33373: obj =   3.187162876e+00 inf =   3.158e-01 (7468) 2
* 33626: obj =   3.187160381e+00 inf =   3.182e-01 (7395) 3
* 33867: obj =   3.187157553e+00 inf =   3.128e-01 (7309) 2
* 34080: obj =   3.187154798e+00 inf =   2.361e-01 (7253) 2
* 34361: obj =   3.187152337e+00 inf =   2.180e-01 (7164) 3
* 34698: obj =   3.187148146e+00 inf =   2.166e-01 (7042) 3
* 34972: obj =   3.187144428e+00 inf =   1.694e-01 (6977) 3
* 35223: obj =   3.187140748e+00 inf =   1.405e-01 (6913) 2
* 35421: obj =   3.187139576e+00 inf =   1.477e-01 (6852) 2
* 35699: obj =   3.187135605e+00 inf =   1.461e-01 (6769) 3
* 35974: obj =   3.139543993e+00 inf =   1.203e-01 (2678) 3
* 36240: obj =   3.057204133e+00 inf =   1.471e-01 (2665) 2
* 36426: obj =   3.057201180e+00 inf =   1.880e-01 (2680) 2
* 36604: obj =   3.057197680e+00 inf =   2.371e-01 (2668) 2
* 36781: obj =   3.057195100e+00 inf =   2.707e-01 (2663) 1
* 36954: obj =   3.057188325e+00 inf =   3.544e-01 (2642) 2
* 37141: obj =   3.057181320e+00 inf =   4.159e-01 (2617) 2
* 37298: obj =   3.057179205e+00 inf =   4.258e-01 (5645) 2
* 37462: obj =   3.057177591e+00 inf =   4.346e-01 (5628) 1
* 37607: obj =   3.057175445e+00 inf =   4.394e-01 (5627) 2
* 37768: obj =   3.057171060e+00 inf =   4.569e-01 (5575) 1
* 37913: obj =   3.057168472e+00 inf =   4.690e-01 (5566) 2
* 38075: obj =   3.057166179e+00 inf =   4.792e-01 (5544) 1
* 38203: obj =   3.057163458e+00 inf =   4.876e-01 (5540) 2
* 38357: obj =   3.057161642e+00 inf =   4.937e-01 (5492) 1
* 38506: obj =   3.057161019e+00 inf =   4.966e-01 (5484) 2
* 38666: obj =   3.057158507e+00 inf =   4.971e-01 (5496) 1
* 38810: obj =   3.057156029e+00 inf =   4.979e-01 (5468) 2
* 38968: obj =   3.057154326e+00 inf =   4.964e-01 (5460) 1
* 39111: obj =   3.057153310e+00 inf =   4.970e-01 (5453) 1
* 39253: obj =   3.057153254e+00 inf =   4.968e-01 (5433) 2
* 39416: obj =   3.057152208e+00 inf =   4.995e-01 (5413) 1
* 39564: obj =   3.057151004e+00 inf =   5.061e-01 (5391) 2
* 39720: obj =   3.057150065e+00 inf =   5.065e-01 (5377) 2
* 39884: obj =   3.057147229e+00 inf =   5.098e-01 (5372) 1
* 40025: obj =   3.057147036e+00 inf =   5.105e-01 (5351) 2
* 40189: obj =   3.057146875e+00 inf =   5.119e-01 (5335) 1
* 40334: obj =   3.057145748e+00 inf =   5.218e-01 (5332) 2
* 40505: obj =   3.057143106e+00 inf =   5.275e-01 (5314) 1
* 40659: obj =   3.057141381e+00 inf =   5.291e-01 (5312) 2
* 40831: obj =   3.057139820e+00 inf =   5.295e-01 (5295) 1
* 40984: obj =   3.057137723e+00 inf =   5.265e-01 (5278) 2
* 41138: obj =   3.057136411e+00 inf =   5.292e-01 (5267) 2
* 41310: obj =   3.057135431e+00 inf =   5.269e-01 (5277) 1
* 41452: obj =   3.057134593e+00 inf =   5.279e-01 (5285) 2
* 41601: obj =   3.057131666e+00 inf =   5.281e-01 (5250) 1
* 41743: obj =   3.057130199e+00 inf =   5.280e-01 (5237) 2
* 41902: obj =   3.057129302e+00 inf =   5.339e-01 (5228) 1
* 42049: obj =   3.057127222e+00 inf =   5.374e-01 (5248) 2
* 42214: obj =   3.057124851e+00 inf =   5.429e-01 (5247) 1
* 42357: obj =   3.057122674e+00 inf =   5.515e-01 (5228) 2
* 42515: obj =   3.057122091e+00 inf =   5.549e-01 (5214) 1
* 42654: obj =   3.057121899e+00 inf =   5.558e-01 (5207) 2
* 42821: obj =   3.057121861e+00 inf =   5.551e-01 (5197) 1
* 42961: obj =   3.057121645e+00 inf =   5.556e-01 (5169) 2
* 43117: obj =   3.057121625e+00 inf =   5.549e-01 (5151) 1
* 43260: obj =   3.057119950e+00 inf =   5.580e-01 (5151) 2
* 43408: obj =   3.057117801e+00 inf =   5.646e-01 (5145) 1
* 43555: obj =   3.057116006e+00 inf =   5.688e-01 (5152) 1
* 43703: obj =   3.057114282e+00 inf =   5.699e-01 (5151) 2
* 43848: obj =   3.057112420e+00 inf =   5.707e-01 (5131) 1
* 43984: obj =   3.057112318e+00 inf =   5.702e-01 (5139) 2
* 44122: obj =   3.057112217e+00 inf =   5.701e-01 (5130) 1
* 44262: obj =   3.057110122e+00 inf =   5.739e-01 (5129) 1
* 44410: obj =   3.057106213e+00 inf =   5.810e-01 (5124) 2
* 44575: obj =   3.057103578e+00 inf =   5.856e-01 (5111) 1
* 44712: obj =   3.057103533e+00 inf =   5.851e-01 (5104) 2
* 44867: obj =   3.057100605e+00 inf =   5.854e-01 (5097) 1
* 45002: obj =   3.057097523e+00 inf =   5.881e-01 (5090) 2
* 45163: obj =   3.057092671e+00 inf =   6.038e-01 (5089) 1
* 45297: obj =   3.057089797e+00 inf =   6.136e-01 (5066) 2
* 45462: obj =   3.057086929e+00 inf =   6.225e-01 (5070) 1
* 45588: obj =   3.057085990e+00 inf =   6.243e-01 (5049) 2
* 45730: obj =   3.057083763e+00 inf =   6.328e-01 (5062) 1
* 45890: obj =   3.057079766e+00 inf =   6.420e-01 (5055) 1
* 46038: obj =   3.057078641e+00 inf =   6.437e-01 (5067) 2
* 46195: obj =   3.057077164e+00 inf =   6.454e-01 (5039) 2
* 46365: obj =   3.057075738e+00 inf =   6.462e-01 (5011) 1
* 46506: obj =   3.057073268e+00 inf =   6.472e-01 (4992) 2
* 46668: obj =   3.057070047e+00 inf =   6.528e-01 (4992) 1
* 46814: obj =   3.057069535e+00 inf =   6.528e-01 (5014) 2
* 46983: obj =   3.057068365e+00 inf =   6.549e-01 (4992) 1
* 47134: obj =   3.057068349e+00 inf =   6.533e-01 (4979) 2
* 47266: obj =   3.057067698e+00 inf =   6.540e-01 (4970) 1
* 47435: obj =   3.057067495e+00 inf =   6.535e-01 (4955) 2
* 47611: obj =   3.057067488e+00 inf =   6.521e-01 (4962) 1
* 47766: obj =   3.057066504e+00 inf =   6.519e-01 (4953) 2
* 47958: obj =   3.057066364e+00 inf =   6.509e-01 (4956) 2
* 48133: obj =   3.057065954e+00 inf =   6.508e-01 (4966) 2
* 48317: obj =   3.057065655e+00 inf =   6.506e-01 (4965) 1
* 48497: obj =   3.057065160e+00 inf =   6.503e-01 (4950) 2
* 48677: obj =   3.057064627e+00 inf =   6.493e-01 (4931) 2
* 48873: obj =   3.057063552e+00 inf =   6.475e-01 (4927) 2
* 49066: obj =   3.057062780e+00 inf =   6.462e-01 (4923) 1
* 49257: obj =   3.057062165e+00 inf =   6.449e-01 (4917) 2
* 49447: obj =   3.057061145e+00 inf =   6.423e-01 (4914) 2
* 49628: obj =   3.057060009e+00 inf =   6.406e-01 (4902) 2
* 49815: obj =   3.057059576e+00 inf =   6.391e-01 (4915) 2
* 49997: obj =   3.057058675e+00 inf =   6.368e-01 (4892) 1
* 50168: obj =   3.057057574e+00 inf =   6.346e-01 (4880) 2
* 50341: obj =   3.057056601e+00 inf =   6.318e-01 (4873) 2
* 50520: obj =   3.057055061e+00 inf =   6.277e-01 (4864) 1
* 50693: obj =   3.057054458e+00 inf =   6.253e-01 (4854) 2
* 50864: obj =   3.057053936e+00 inf =   6.233e-01 (4859) 2
* 51035: obj =   3.057052651e+00 inf =   6.191e-01 (4873) 2
* 51189: obj =   3.057050486e+00 inf =   6.137e-01 (4861) 1
* 51349: obj =   3.057047610e+00 inf =   6.079e-01 (4855) 2
* 51541: obj =   3.057045646e+00 inf =   6.053e-01 (4829) 2
* 51719: obj =   3.057044282e+00 inf =   6.038e-01 (4832) 1
* 51883: obj =   3.057041489e+00 inf =   6.005e-01 (4833) 2
* 52050: obj =   3.057039051e+00 inf =   5.972e-01 (4832) 2
* 52232: obj =   3.057038374e+00 inf =   5.963e-01 (4835) 1
* 52395: obj =   3.057036959e+00 inf =   5.930e-01 (4830) 2
* 52572: obj =   3.057035878e+00 inf =   5.907e-01 (4826) 2
* 52760: obj =   3.057035497e+00 inf =   5.890e-01 (4825) 2
* 52939: obj =   3.057034552e+00 inf =   5.859e-01 (4817) 1
* 53099: obj =   3.057033693e+00 inf =   5.841e-01 (7886) 2
* 53325: obj =   3.057014013e+00 inf =   5.809e-01 (7847) 2
* 53549: obj =   3.056971955e+00 inf =   5.750e-01 (7802) 2
* 53777: obj =   3.056740867e+00 inf =   5.335e-01 (7764) 2
* 53983: obj =   3.056725453e+00 inf =   5.315e-01 (7732) 2
* 54163: obj =   3.056630374e+00 inf =   5.166e-01 (7771) 2
* 54361: obj =   3.056432474e+00 inf =   4.784e-01 (7751) 2
* 54573: obj =   3.056271282e+00 inf =   4.503e-01 (7709) 2
* 54798: obj =   3.056095104e+00 inf =   4.254e-01 (7685) 3
* 55026: obj =   3.055917367e+00 inf =   3.975e-01 (7670) 2
* 55271: obj =   3.055782602e+00 inf =   3.816e-01 (7656) 2
* 55495: obj =   3.055668070e+00 inf =   3.702e-01 (7608) 2
* 55732: obj =   3.055570867e+00 inf =   3.711e-01 (7566) 3
* 55987: obj =   3.055545239e+00 inf =   3.720e-01 (7544) 2
* 56213: obj =   3.055517283e+00 inf =   3.617e-01 (7528) 2
* 56470: obj =   3.055495918e+00 inf =   3.561e-01 (7507) 3
* 56741: obj =   3.055488711e+00 inf =   3.557e-01 (7477) 3
* 57025: obj =   3.055451347e+00 inf =   3.510e-01 (7430) 3
* 57304: obj =   3.055422822e+00 inf =   3.463e-01 (7394) 2
* 57552: obj =   3.055378164e+00 inf =   3.270e-01 (7364) 3
* 57802: obj =   3.055335834e+00 inf =   3.121e-01 (7336) 2
* 58053: obj =   3.055303663e+00 inf =   3.001e-01 (7307) 3
* 58309: obj =   3.055286575e+00 inf =   2.961e-01 (7287) 2
* 58586: obj =   3.055275762e+00 inf =   2.927e-01 (7249) 3
* 58816: obj =   3.055255158e+00 inf =   2.932e-01 (7233) 2
* 59065: obj =   3.055246759e+00 inf =   2.938e-01 (7229) 3
* 59366: obj =   3.055236593e+00 inf =   2.889e-01 (7226) 3
* 59617: obj =   3.055223942e+00 inf =   2.872e-01 (7195) 2
* 59911: obj =   3.055207005e+00 inf =   2.827e-01 (7189) 3
* 60174: obj =   3.055197252e+00 inf =   2.778e-01 (7158) 3
* 60443: obj =   3.055180359e+00 inf =   2.734e-01 (7137) 2
* 60716: obj =   3.055167808e+00 inf =   2.712e-01 (7110) 3
* 60949: obj =   3.055159964e+00 inf =   2.682e-01 (7109) 2
* 61190: obj =   3.055154487e+00 inf =   2.657e-01 (7061) 3
* 61481: obj =   3.055149849e+00 inf =   2.637e-01 (7051) 2
* 61775: obj =   3.055145406e+00 inf =   2.617e-01 (7026) 3
* 62053: obj =   3.055140319e+00 inf =   2.583e-01 (6964) 3
* 62292: obj =   3.055136298e+00 inf =   2.556e-01 (6996) 2
* 62485: obj =   3.055134110e+00 inf =   2.536e-01 (6937) 2
* 62684: obj =   3.055131097e+00 inf =   2.507e-01 (6934) 2
* 62915: obj =   3.055125765e+00 inf =   2.482e-01 (6887) 2
* 63192: obj =   3.055121417e+00 inf =   2.448e-01 (6827) 3
* 63499: obj =   3.055118093e+00 inf =   2.416e-01 (6797) 3
* 63797: obj =   3.055112227e+00 inf =   2.384e-01 (6782) 3
* 64075: obj =   3.055101195e+00 inf =   2.295e-01 (6671) 3
* 64354: obj =   2.975771511e+00 inf =   2.259e-01 (3084) 2
* 64563: obj =   2.975766431e+00 inf =   2.365e-01 (3071) 2
* 64779: obj =   2.975756636e+00 inf =   2.637e-01 (3037) 3
* 64997: obj =   2.975751906e+00 inf =   2.768e-01 (3013) 2
* 65207: obj =   2.975743188e+00 inf =   3.065e-01 (2997) 2
* 65424: obj =   2.975734543e+00 inf =   3.373e-01 (2978) 2
* 65637: obj =   2.975729046e+00 inf =   3.590e-01 (2957) 2
* 65849: obj =   2.975728881e+00 inf =   3.589e-01 (2916) 2
* 66038: obj =   2.975724314e+00 inf =   3.737e-01 (2892) 2
* 66231: obj =   2.975714013e+00 inf =   4.099e-01 (2851) 2
* 66403: obj =   2.975708726e+00 inf =   4.302e-01 (2844) 2
* 66602: obj =   2.975700669e+00 inf =   4.616e-01 (2822) 2
* 66804: obj =   2.975693104e+00 inf =   4.915e-01 (2812) 2
* 67005: obj =   2.975688479e+00 inf =   5.097e-01 (2774) 2
* 67204: obj =   2.975686150e+00 inf =   5.186e-01 (2741) 2
* 67406: obj =   2.975683998e+00 inf =   5.260e-01 (2747) 2
* 67608: obj =   2.975674872e+00 inf =   5.624e-01 (2701) 2
* 67811: obj =   2.975669395e+00 inf =   5.876e-01 (2664) 2
* 68017: obj =   2.975666734e+00 inf =   5.979e-01 (2626) 2
* 68216: obj =   2.975661715e+00 inf =   6.225e-01 (2612) 1
* 68410: obj =   2.975657598e+00 inf =   6.410e-01 (2578) 2
* 68588: obj =   2.975652858e+00 inf =   6.635e-01 (2548) 2
* 68766: obj =   2.975650334e+00 inf =   6.751e-01 (2553) 2
* 68969: obj =   2.975641935e+00 inf =   7.177e-01 (2530) 2
* 69168: obj =   2.975635449e+00 inf =   7.511e-01 (2500) 2
* 69362: obj =   2.975635050e+00 inf =   7.517e-01 (2491) 2
* 69536: obj =   2.975631791e+00 inf =   7.691e-01 (2474) 2
* 69707: obj =   2.975629433e+00 inf =   7.819e-01 (2437) 1
* 69886: obj =   2.975624529e+00 inf =   8.101e-01 (5576) 2
* 70047: obj =   2.975623876e+00 inf =   8.089e-01 (5601) 2
* 70230: obj =   2.975621715e+00 inf =   8.068e-01 (5589) 1
* 70386: obj =   2.975619529e+00 inf =   8.060e-01 (5578) 2
* 70524: obj =   2.975617810e+00 inf =   8.068e-01 (5572) 1
* 70659: obj =   2.975614159e+00 inf =   8.107e-01 (5547) 2
* 70826: obj =   2.975611707e+00 inf =   8.125e-01 (5536) 1
* 70984: obj =   2.975611392e+00 inf =   8.127e-01 (5531) 2
* 71152: obj =   2.975610267e+00 inf =   8.127e-01 (5512) 1
* 71288: obj =   2.975609749e+00 inf =   8.115e-01 (5503) 2
* 71458: obj =   2.975606635e+00 inf =   8.101e-01 (5481) 1
* 71599: obj =   2.975605370e+00 inf =   8.082e-01 (5473) 2
* 71774: obj =   2.975605004e+00 inf =   8.039e-01 (5452) 2
* 71932: obj =   2.975602693e+00 inf =   7.988e-01 (5436) 1
* 72063: obj =   2.975601480e+00 inf =   7.963e-01 (5446) 1
* 72214: obj =   2.975598752e+00 inf =   7.896e-01 (5440) 2
* 72376: obj =   2.975596119e+00 inf =   7.830e-01 (5426) 1
* 72533: obj =   2.975593715e+00 inf =   7.777e-01 (5420) 2
* 72701: obj =   2.975591907e+00 inf =   7.736e-01 (5409) 2
* 72887: obj =   2.975591673e+00 inf =   7.738e-01 (5403) 1
* 73035: obj =   2.975591350e+00 inf =   7.728e-01 (5394) 2
* 73187: obj =   2.975589763e+00 inf =   7.674e-01 (5381) 1
* 73301: obj =   2.975589583e+00 inf =   7.668e-01 (5371) 1
* 73460: obj =   2.975588780e+00 inf =   7.630e-01 (5356) 2
* 73628: obj =   2.975586556e+00 inf =   7.548e-01 (5332) 2
* 73807: obj =   2.975586075e+00 inf =   7.529e-01 (5309) 1
* 73948: obj =   2.975585100e+00 inf =   7.475e-01 (5322) 2
* 74112: obj =   2.975584300e+00 inf =   7.426e-01 (5317) 1
* 74247: obj =   2.975583935e+00 inf =   7.399e-01 (5311) 2
* 74408: obj =   2.975582458e+00 inf =   7.322e-01 (5318) 1
* 74541: obj =   2.975579742e+00 inf =   7.197e-01 (5312) 2
* 74721: obj =   2.975577923e+00 inf =   7.147e-01 (5292) 1
* 74884: obj =   2.975576380e+00 inf =   7.067e-01 (5291) 2
* 75044: obj =   2.975576143e+00 inf =   7.048e-01 (5292) 2
* 75202: obj =   2.975576018e+00 inf =   7.034e-01 (5282) 1
* 75347: obj =   2.975574655e+00 inf =   7.014e-01 (5279) 2
* 75511: obj =   2.975572863e+00 inf =   6.966e-01 (5264) 1
* 75656: obj =   2.975571381e+00 inf =   6.911e-01 (5237) 2
* 75829: obj =   2.975571378e+00 inf =   6.910e-01 (5228) 1
* 75971: obj =   2.975569711e+00 inf =   6.843e-01 (5227) 2
* 76117: obj =   2.975568109e+00 inf =   6.771e-01 (5221) 1
* 76258: obj =   2.975566697e+00 inf =   6.715e-01 (5210) 2
* 76422: obj =   2.975564836e+00 inf =   6.609e-01 (5189) 1
* 76572: obj =   2.975563727e+00 inf =   6.522e-01 (5189) 2
* 76746: obj =   2.975562673e+00 inf =   6.458e-01 (5190) 1
* 76891: obj =   2.975561306e+00 inf =   6.383e-01 (5169) 2
* 77045: obj =   2.975561276e+00 inf =   6.369e-01 (5150) 1
* 77173: obj =   2.975559850e+00 inf =   6.339e-01 (5153) 2
* 77337: obj =   2.975558262e+00 inf =   6.298e-01 (5139) 1
* 77493: obj =   2.975556297e+00 inf =   6.260e-01 (5137) 2
* 77668: obj =   2.975553664e+00 inf =   6.216e-01 (5132) 1
* 77822: obj =   2.975553593e+00 inf =   6.204e-01 (5137) 2
* 77986: obj =   2.975552832e+00 inf =   6.173e-01 (5128) 2
* 78150: obj =   2.975552799e+00 inf =   6.161e-01 (5149) 1
* 78306: obj =   2.975552531e+00 inf =   6.168e-01 (5147) 2
* 78468: obj =   2.975551608e+00 inf =   6.190e-01 (5141) 1
* 78611: obj =   2.975550485e+00 inf =   6.170e-01 (5131) 2
* 78783: obj =   2.975549338e+00 inf =   6.154e-01 (5117) 1
* 78918: obj =   2.975548277e+00 inf =   6.145e-01 (5115) 2
* 79077: obj =   2.975548096e+00 inf =   6.135e-01 (5108) 1
* 79220: obj =   2.975546657e+00 inf =   6.112e-01 (5098) 2
* 79370: obj =   2.975546641e+00 inf =   6.110e-01 (5089) 1
* 79524: obj =   2.975544457e+00 inf =   6.122e-01 (5090) 2
* 79693: obj =   2.975542548e+00 inf =   6.138e-01 (5095) 1
* 79838: obj =   2.975542041e+00 inf =   6.138e-01 (5089) 2
* 79988: obj =   2.975541421e+00 inf =   6.135e-01 (5075) 1
* 80136: obj =   2.975539569e+00 inf =   6.113e-01 (5069) 2
* 80289: obj =   2.975538716e+00 inf =   6.118e-01 (5059) 1
* 80446: obj =   2.975538083e+00 inf =   6.137e-01 (5056) 2
* 80603: obj =   2.975536876e+00 inf =   6.189e-01 (5051) 1
* 80743: obj =   2.975535796e+00 inf =   6.243e-01 (5036) 1
* 80860: obj =   2.975535236e+00 inf =   6.280e-01 (5023) 2
* 81008: obj =   2.975534618e+00 inf =   6.311e-01 (5021) 1
* 81159: obj =   2.975533929e+00 inf =   6.350e-01 (5011) 2
* 81326: obj =   2.975532734e+00 inf =   6.413e-01 (4981) 1
* 81484: obj =   2.975531960e+00 inf =   6.408e-01 (4957) 2
* 81653: obj =   2.975531921e+00 inf =   6.402e-01 (4969) 1
* 81804: obj =   2.975531639e+00 inf =   6.381e-01 (4969) 2
* 81972: obj =   2.975530829e+00 inf =   6.317e-01 (4957) 1
* 82116: obj =   2.975530369e+00 inf =   6.269e-01 (4925) 2
* 82260: obj =   2.975528541e+00 inf =   6.158e-01 (4908) 1
* 82403: obj =   2.975527661e+00 inf =   6.119e-01 (4909) 2
* 82564: obj =   2.975527594e+00 inf =   6.107e-01 (4890) 1
* 82700: obj =   2.975527428e+00 inf =   6.088e-01 (4885) 2
* 82907: obj =   2.975523386e+00 inf =   6.077e-01 (8176) 2
* 83132: obj =   2.975523301e+00 inf =   6.069e-01 (8189) 2
* 83339: obj =   2.975506878e+00 inf =   6.009e-01 (8207) 2
* 83523: obj =   2.975440515e+00 inf =   5.820e-01 (8163) 2
* 83705: obj =   2.975350282e+00 inf =   5.585e-01 (8140) 1
* 83909: obj =   2.975182440e+00 inf =   5.150e-01 (8120) 3
* 84107: obj =   2.975026953e+00 inf =   4.757e-01 (8108) 1
* 84291: obj =   2.974886919e+00 inf =   4.407e-01 (8082) 2
* 84481: obj =   2.974713208e+00 inf =   4.007e-01 (8025) 2
* 84695: obj =   2.974555918e+00 inf =   3.694e-01 (7976) 2
* 84934: obj =   2.974446140e+00 inf =   3.590e-01 (7936) 3
* 85190: obj =   2.974344142e+00 inf =   3.530e-01 (7917) 2
* 85437: obj =   2.974279243e+00 inf =   3.485e-01 (7874) 3
* 85710: obj =   2.974247658e+00 inf =   3.472e-01 (7845) 2
* 85980: obj =   2.974223167e+00 inf =   3.465e-01 (7798) 3
* 86252: obj =   2.974172054e+00 inf =   3.436e-01 (7775) 3
* 86522: obj =   2.974077408e+00 inf =   3.393e-01 (7737) 2
* 86762: obj =   2.974045123e+00 inf =   3.379e-01 (7661) 3
* 86952: obj =   2.973994662e+00 inf =   3.338e-01 (7650) 1
* 87206: obj =   2.973946056e+00 inf =   3.302e-01 (7628) 3
* 87465: obj =   2.973899434e+00 inf =   3.263e-01 (7592) 3
* 87731: obj =   2.973872355e+00 inf =   3.249e-01 (7568) 2
* 88021: obj =   2.973811345e+00 inf =   3.186e-01 (7505) 3
* 88241: obj =   2.973769059e+00 inf =   3.139e-01 (7468) 2
* 88491: obj =   2.973753532e+00 inf =   3.124e-01 (7440) 3
* 88759: obj =   2.973718048e+00 inf =   3.085e-01 (7419) 2
* 89008: obj =   2.973703679e+00 inf =   3.036e-01 (7425) 3
* 89277: obj =   2.973679106e+00 inf =   2.974e-01 (7398) 2
* 89494: obj =   2.973668591e+00 inf =   2.960e-01 (7373) 3
* 89745: obj =   2.973657425e+00 inf =   2.933e-01 (7379) 2
* 89977: obj =   2.973622650e+00 inf =   2.892e-01 (7347) 2
* 90244: obj =   2.973616437e+00 inf =   2.887e-01 (7295) 3
* 90501: obj =   2.973594096e+00 inf =   2.934e-01 (7273) 3
* 90775: obj =   2.973586410e+00 inf =   2.898e-01 (7235) 2
* 91035: obj =   2.973577668e+00 inf =   2.892e-01 (7214) 3
* 91259: obj =   2.973563619e+00 inf =   2.935e-01 (7197) 2
* 91515: obj =   2.973542234e+00 inf =   2.804e-01 (7180) 3
* 91774: obj =   2.973535500e+00 inf =   2.783e-01 (7143) 2
* 92010: obj =   2.973535387e+00 inf =   2.782e-01 (7121) 2
* 92263: obj =   2.973529369e+00 inf =   2.782e-01 (7094) 3
* 92494: obj =   2.973523580e+00 inf =   2.745e-01 (7082) 2
* 92772: obj =   2.973517609e+00 inf =   2.741e-01 (7062) 3
* 93063: obj =   2.973512413e+00 inf =   2.726e-01 (7045) 3
* 93320: obj =   2.973502810e+00 inf =   2.681e-01 (7040) 2
* 93571: obj =   2.973496161e+00 inf =   2.705e-01 (7015) 3
* 93843: obj =   2.973483083e+00 inf =   2.664e-01 (6987) 2
* 94133: obj =   2.973474772e+00 inf =   2.650e-01 (6959) 3
* 94428: obj =   2.973468947e+00 inf =   2.624e-01 (6935) 3
* 94696: obj =   2.973461380e+00 inf =   2.603e-01 (6903) 3
* 94971: obj =   2.973454965e+00 inf =   2.593e-01 (6864) 2
* 95275: obj =   2.973448146e+00 inf =   2.580e-01 (6820) 3
* 95478: obj =   2.973446792e+00 inf =   2.574e-01 (6808) 2
* 95709: obj =   2.973443950e+00 inf =   2.559e-01 (6773) 3
* 95957: obj =   2.973438783e+00 inf =   2.539e-01 (6717) 2
* 96230: obj =   2.973432951e+00 inf =   2.539e-01 (6676) 3
* 96491: obj =   2.973429679e+00 inf =   2.494e-01 (6618) 2
* 96803: obj =   2.973419973e+00 inf =   2.417e-01 (6456) 3
* 97138: obj =   2.973391784e+00 inf =   2.359e-01 (6266) 3
* 97430: obj =   2.973389196e+00 inf =   2.352e-01 (6173) 3
* 97723: obj =   2.934867362e+00 inf =   2.329e-01 (3386) 3
* 98021: obj =   2.934865266e+00 inf =   2.351e-01 (3426) 2
* 98305: obj =   2.932606213e+00 inf =   2.350e-01 (5928) 1
* 98578: obj =   2.894864928e+00 inf =   2.346e-01 (3431) 2
* 98902: obj =   1.026772970e+00 inf =   2.401e-01 (5739) 3
* 99152: obj =   1.026771694e+00 inf =   2.474e-01 (5701) 1
* 99372: obj =   1.026770330e+00 inf =   2.629e-01 (5657) 2
* 99593: obj =   1.026769847e+00 inf =   2.546e-01 (5636) 2
* 99865: obj =   1.026768695e+00 inf =   2.589e-01 (5574) 2
*100131: obj =   1.026765885e+00 inf =   2.733e-01 (5529) 1
*100361: obj =   1.026764130e+00 inf =   2.841e-01 (5460) 2
*100639: obj =   1.026762261e+00 inf =   2.846e-01 (5373) 3
*100853: obj =   1.026759675e+00 inf =   3.237e-01 (5325) 1
*101045: obj =   1.026757026e+00 inf =   3.333e-01 (5298) 2
*101286: obj =   1.026753773e+00 inf =   3.417e-01 (5244) 1
*101539: obj =   1.026751436e+00 inf =   3.510e-01 (5180) 3
*101759: obj =   1.026745879e+00 inf =   3.796e-01 (5164) 1
*101990: obj =   1.026741585e+00 inf =   3.893e-01 (5116) 2
*102180: obj =   1.026735921e+00 inf =   4.069e-01 (5070) 2
*102395: obj =   1.026730481e+00 inf =   4.280e-01 (5036) 1
*102629: obj =   1.026729928e+00 inf =   4.183e-01 (5020) 3
*102874: obj =   1.026724693e+00 inf =   4.397e-01 (4977) 2
*103078: obj =   1.026718810e+00 inf =   4.594e-01 (4956) 1
*103280: obj =   1.026710272e+00 inf =   4.986e-01 (4888) 2
*103533: obj =   1.026706180e+00 inf =   5.173e-01 (4861) 2
*103766: obj =   1.026698562e+00 inf =   5.372e-01 (4785) 2
*103953: obj =   1.026690029e+00 inf =   5.666e-01 (4745) 2
*104142: obj =   1.026682532e+00 inf =   5.673e-01 (4707) 1
*104357: obj =   1.026673889e+00 inf =   5.782e-01 (4676) 2
*104588: obj =   1.026673405e+00 inf =   5.943e-01 (4631) 2
*104828: obj =   1.026662998e+00 inf =   5.960e-01 (4597) 2
*105049: obj =   1.026656520e+00 inf =   6.239e-01 (4531) 2
*105251: obj =   1.026646623e+00 inf =   6.352e-01 (4494) 1
*105484: obj =   1.026644268e+00 inf =   6.528e-01 (4463) 2
*105715: obj =   1.026635354e+00 inf =   6.700e-01 (4395) 2
*105918: obj =   1.026625213e+00 inf =   6.894e-01 (4340) 2
*106106: obj =   1.026618925e+00 inf =   7.188e-01 (4263) 1
*106299: obj =   1.026613142e+00 inf =   7.245e-01 (4286) 2
*106498: obj =   1.026607944e+00 inf =   7.357e-01 (4289) 2
*106709: obj =   1.026602174e+00 inf =   7.553e-01 (4225) 1
*106895: obj =   1.026593744e+00 inf =   7.900e-01 (4200) 2
*107106: obj =   1.026581559e+00 inf =   8.072e-01 (4147) 2
*107321: obj =   1.026569028e+00 inf =   8.175e-01 (4073) 1
*107553: obj =   1.026568402e+00 inf =   8.322e-01 (4053) 2
*107772: obj =   1.026556593e+00 inf =   8.466e-01 (3982) 2
*107972: obj =   1.026544215e+00 inf =   8.634e-01 (3943) 1
*108162: obj =   1.026534254e+00 inf =   8.886e-01 (3886) 2
*108361: obj =   1.026521573e+00 inf =   9.038e-01 (3841) 2
*108593: obj =   1.026519784e+00 inf =   9.060e-01 (3840) 2
*108815: obj =   1.026506573e+00 inf =   9.181e-01 (3784) 2
*109027: obj =   1.026498297e+00 inf =   9.321e-01 (3717) 1
*109230: obj =   1.026489726e+00 inf =   9.402e-01 (3660) 2
*109428: obj =   1.026485929e+00 inf =   9.627e-01 (3645) 2
*109632: obj =   1.026478658e+00 inf =   9.655e-01 (3640) 2
*109841: obj =   1.026462463e+00 inf =   9.771e-01 (3606) 2
*110046: obj =   1.026457877e+00 inf =   9.870e-01 (3561) 2
*110266: obj =   1.026452722e+00 inf =   9.965e-01 (3504) 1
*110462: obj =   1.026449566e+00 inf =   1.005e+00 (3541) 2
*110689: obj =   1.026447299e+00 inf =   1.010e+00 (3481) 2
*110925: obj =   1.026441100e+00 inf =   1.020e+00 (3455) 2
*111158: obj =   1.026436278e+00 inf =   1.027e+00 (3432) 2
*111405: obj =   1.026423975e+00 inf =   1.036e+00 (3412) 2
*111613: obj =   1.026418424e+00 inf =   1.061e+00 (3405) 2
*111804: obj =   1.026410391e+00 inf =   1.077e+00 (3368) 2
*112006: obj =   1.026404187e+00 inf =   1.089e+00 (3351) 1
*112208: obj =   1.026401850e+00 inf =   1.090e+00 (3366) 2
*112365: obj =   1.026401371e+00 inf =   1.096e+00 (3362) 2
*112583: obj =   1.026397116e+00 inf =   1.099e+00 (3331) 2
*112804: obj =   1.026394775e+00 inf =   1.103e+00 (3315) 2
*112999: obj =   1.026386144e+00 inf =   1.114e+00 (3295) 1
*113225: obj =   1.026383262e+00 inf =   1.117e+00 (3299) 2
*113466: obj =   1.026380791e+00 inf =   1.117e+00 (3313) 2
*113685: obj =   1.026373997e+00 inf =   1.125e+00 (3322) 2
*113887: obj =   1.026370660e+00 inf =   1.132e+00 (3267) 2
*114068: obj =   1.026366773e+00 inf =   1.150e+00 (3254) 2
*114265: obj =   1.026361291e+00 inf =   1.158e+00 (3227) 2
*114471: obj =   1.026358605e+00 inf =   1.162e+00 (3234) 2
*114676: obj =   1.026353473e+00 inf =   1.170e+00 (3233) 1
*114905: obj =   1.026348230e+00 inf =   1.174e+00 (3214) 2
*115131: obj =   1.026346479e+00 inf =   1.190e+00 (3207) 3
*115378: obj =   1.026329270e+00 inf =   1.194e+00 (3228) 2
*115583: obj =   1.026329098e+00 inf =   1.198e+00 (3192) 2
*115835: obj =   1.026320859e+00 inf =   1.201e+00 (3175) 2
*116092: obj =   1.026307515e+00 inf =   1.199e+00 (3098) 2
*116341: obj =   9.310375078e-01 inf =   1.175e+00 (3042) 1
*116580: obj =   9.310365868e-01 inf =   1.173e+00 (3025) 3
*116811: obj =   9.310331437e-01 inf =   1.176e+00 (2931) 2
*117020: obj =   8.994148672e-01 inf =   1.194e+00 (2862) 2
*117228: obj =   8.994113114e-01 inf =   1.180e+00 (2868) 2
*117454: obj =   8.994030598e-01 inf =   1.160e+00 (2841) 1
*117687: obj =   8.994015788e-01 inf =   1.156e+00 (2758) 3
*117961: obj =   8.993941455e-01 inf =   1.145e+00 (2705) 2
*118154: obj =   8.993906286e-01 inf =   1.126e+00 (2716) 1
*118396: obj =   8.993781844e-01 inf =   1.109e+00 (2619) 2
*118600: obj =   8.993773646e-01 inf =   1.107e+00 (2593) 2
*118832: obj =   8.993760828e-01 inf =   1.111e+00 (2511) 2
*119101: obj =   8.993673742e-01 inf =   1.096e+00 (2460) 2
*119354: obj =   8.993603277e-01 inf =   1.077e+00 (2350) 2
*119588: obj =   8.993599318e-01 inf =   1.081e+00 (2322) 3
*119860: obj =   8.535807812e-01 inf =   1.072e+00 (2219) 2
*120104: obj =   8.535738264e-01 inf =   1.061e+00 (2150) 1
*120386: obj =   8.352866917e-01 inf =   1.060e+00 (2044) 2
*120600: obj =   8.352861168e-01 inf =   1.049e+00 (1999) 2
*120832: obj =   8.352849927e-01 inf =   1.047e+00 (1868) 3
*121105: obj =   8.190606507e-01 inf =   1.038e+00 (1839) 1
*121359: obj =   8.190578990e-01 inf =   1.030e+00 (1725) 2
*121608: obj =   8.190566438e-01 inf =   1.019e+00 (1642) 3
*121831: obj =   8.190535121e-01 inf =   1.018e+00 (1567) 1
*122078: obj =   8.190500401e-01 inf =   1.019e+00 (1477) 2
*122341: obj =   8.190461499e-01 inf =   1.025e+00 (1298) 2
*122594: obj =   8.190454631e-01 inf =   1.023e+00 (1208) 2
*122882: obj =   8.190435568e-01 inf =   1.026e+00 (1096) 2
*123192: obj =   8.190411866e-01 inf =   1.025e+00 (881) 3
*123497: obj =   8.190401936e-01 inf =   1.021e+00 (756) 2
*123765: obj =   8.190393461e-01 inf =   1.020e+00 (652) 2
*124054: obj =   8.190384013e-01 inf =   1.022e+00 (517) 2
*124314: obj =   8.190374968e-01 inf =   1.027e+00 (393) 2
*124602: obj =   8.190374177e-01 inf =   1.026e+00 (318) 3
*124895: obj =   8.190370136e-01 inf =   1.024e+00 (240) 2
*125165: obj =   8.190367997e-01 inf =   1.023e+00 (135) 2
*125422: obj =   8.190367193e-01 inf =   1.022e+00 (54) 3
Removing LP perturbation [125539]...
*125539: obj =   8.219910000e-01 inf =   0.000e+00 (0) 1
OPTIMAL LP SOLUTION FOUND
Integer optimization begins...
Long-step dual simplex will be used
+125539: mip =     not found yet >=              -inf        (1; 0)
+125539: >>>>>   8.219910000e-01 >=   8.219910000e-01   0.0% (1; 0)
+125539: mip =   8.219910000e-01 >=     tree is empty   0.0% (0; 1)
INTEGER OPTIMAL SOLUTION FOUND
Time used:   2960.4 secs
Memory used: 628.7 Mb (659217968 bytes)
Writing MIP solution to 'input/soc-RedditHyperlinks.html/soc-redditHyperlinks-title.tsv.gz.39.lp.sol'...
Objective:  obj = 0.821991 (MINimum)
