Version 1.2 launched as -e 0.1 12 input/higgs-twitter.html/higgs-activity_time.txt.gz 16


Execution time and memory used at after reading from file: 1.236730e+03 seconds, 68063232 bytes of memory usage, 66504 kB of memory peak and 20:37 elapsed time
Statistics on the network after reading from file
	Number of nodes: 304691
	Number of allocated nodes: 305152
	Number of edges: 461192
	Maximum in degree: 23143 (node 88)
	Maximum out degree: 169 (node 89805)

Execution time and memory used at before starting main computation: 1.236740e+03 seconds, 68198400 bytes of memory usage, 68308 kB of memory peak and 20:37 elapsed time
Statistics on the network before starting main computation
	Number of nodes: 304691
	Number of allocated nodes: 305152
	Number of edges: 461192
	Maximum in degree: 23143 (node 88)
	Maximum out degree: 169 (node 89805)
	source 58 (node 89805) with out degree 169
	target 91 (node 88) with in degree 23143

Execution time and memory used at after iteration 1 (MF = 185106375811.000000): 9.015350e+03 seconds, 543244288 bytes of memory usage, 617684 kB of memory peak and 02:30:17 elapsed time
Statistics on the network after iteration 1 (MF = 185106375811.000000)
	Number of nodes: 304691
	Number of allocated nodes: 305152
	Number of edges: 461192
	Maximum in degree: 23143 (node 88)
	Maximum out degree: 169 (node 89805)
	source 58 (node 89805) with out degree 169
	target 91 (node 88) with in degree 23143

Execution time and memory used at after iteration 2 (MF = 175715244422.000000): 9.118090e+03 seconds, 543244288 bytes of memory usage, 617744 kB of memory peak and 02:32:00 elapsed time
Statistics on the network after iteration 2 (MF = 175715244422.000000)
	Number of nodes: 304691
	Number of allocated nodes: 305152
	Number of edges: 461192
	Maximum in degree: 23143 (node 88)
	Maximum out degree: 169 (node 89805)
	source 58 (node 89805) with out degree 169
	target 91 (node 88) with in degree 23143

Execution time and memory used at after iteration 3 (MF = 173032837902.000000): 9.243220e+03 seconds, 543244288 bytes of memory usage, 659492 kB of memory peak and 02:34:05 elapsed time
Statistics on the network after iteration 3 (MF = 173032837902.000000)
	Number of nodes: 304691
	Number of allocated nodes: 305152
	Number of edges: 461192
	Maximum in degree: 23143 (node 88)
	Maximum out degree: 169 (node 89805)
	source 58 (node 89805) with out degree 169
	target 91 (node 88) with in degree 23143
