Version 1.2 launched as -e 0.1 12 input/gemsec-Facebook.html/artist_edges.csv.gz 615


Execution time and memory used at after reading from file: 2.558100e+02 seconds, 47046656 bytes of memory usage, 45980 kB of memory peak and 04:16 elapsed time
Statistics on the network after reading from file
	Number of nodes: 50517
	Number of allocated nodes: 51200
	Number of edges: 819091
	Maximum in degree: 1290 (node 48099)
	Maximum out degree: 1238 (node 7675)

Execution time and memory used at after adding costs: 2.558400e+02 seconds, 47046656 bytes of memory usage, 45980 kB of memory peak and 04:16 elapsed time
Statistics on the network after adding costs
	Number of nodes: 50517
	Number of allocated nodes: 51200
	Number of edges: 819091
	Maximum in degree: 1290 (node 48099)
	Maximum out degree: 1238 (node 7675)

Execution time and memory used at before starting main computation: 2.562000e+02 seconds, 47857664 bytes of memory usage, 47452 kB of memory peak and 04:17 elapsed time
Statistics on the network before starting main computation
	Number of nodes: 50517
	Number of allocated nodes: 51200
	Number of edges: 819091
	Maximum in degree: 1290 (node 48099)
	Maximum out degree: 1238 (node 7675)
	source 556 (node 7675) with out degree 1238
	target 1616 (node 48099) with in degree 1290

Execution time and memory used at after iteration 1 (MF = 437.838608): 1.243880e+03 seconds, 742854656 bytes of memory usage, 939816 kB of memory peak and 20:44 elapsed time
Statistics on the network after iteration 1 (MF = 437.838608)
	Number of nodes: 50517
	Number of allocated nodes: 51200
	Number of edges: 819091
	Maximum in degree: 1290 (node 48099)
	Maximum out degree: 1238 (node 7675)
	source 556 (node 7675) with out degree 1238
	target 1616 (node 48099) with in degree 1290

Execution time and memory used at after iteration 2 (MF = 221.765823): 1.503150e+03 seconds, 742854656 bytes of memory usage, 941064 kB of memory peak and 25:04 elapsed time
Statistics on the network after iteration 2 (MF = 221.765823)
	Number of nodes: 50517
	Number of allocated nodes: 51200
	Number of edges: 819091
	Maximum in degree: 1290 (node 48099)
	Maximum out degree: 1238 (node 7675)
	source 556 (node 7675) with out degree 1238
	target 1616 (node 48099) with in degree 1290
