Version 1.2 launched as -e 0.1 12 input/Oregon-2.html/oregon2_010407.txt.gz 100


Execution time and memory used at after reading from file: 6.500000e-01 seconds, 16830464 bytes of memory usage, 16472 kB of memory peak and 00:00 elapsed time
Statistics on the network after reading from file
	Number of nodes: 10981
	Number of allocated nodes: 11264
	Number of edges: 30856
	Maximum in degree: 207 (node 6461)
	Maximum out degree: 2313 (node 701)

Execution time and memory used at after adding costs: 6.500000e-01 seconds, 16830464 bytes of memory usage, 16472 kB of memory peak and 00:00 elapsed time
Statistics on the network after adding costs
	Number of nodes: 10981
	Number of allocated nodes: 11264
	Number of edges: 30856
	Maximum in degree: 207 (node 6461)
	Maximum out degree: 2313 (node 701)

Execution time and memory used at before starting main computation: 6.600000e-01 seconds, 16830464 bytes of memory usage, 16952 kB of memory peak and 00:00 elapsed time
Statistics on the network before starting main computation
	Number of nodes: 10981
	Number of allocated nodes: 11264
	Number of edges: 30856
	Maximum in degree: 207 (node 6461)
	Maximum out degree: 2313 (node 701)
	source 1545 (node 701) with out degree 2313
	target 3 (node 6461) with in degree 207

Execution time and memory used at after iteration 1 (MF = 36.773413): 5.040000e+00 seconds, 42401792 bytes of memory usage, 51544 kB of memory peak and 00:05 elapsed time
Statistics on the network after iteration 1 (MF = 36.773413)
	Number of nodes: 10981
	Number of allocated nodes: 11264
	Number of edges: 30856
	Maximum in degree: 207 (node 6461)
	Maximum out degree: 2313 (node 701)
	source 1545 (node 701) with out degree 2313
	target 3 (node 6461) with in degree 207

Execution time and memory used at after iteration 2 (MF = 12.440079): 5.660000e+00 seconds, 42459136 bytes of memory usage, 51612 kB of memory peak and 00:05 elapsed time
Statistics on the network after iteration 2 (MF = 12.440079)
	Number of nodes: 10981
	Number of allocated nodes: 11264
	Number of edges: 30856
	Maximum in degree: 207 (node 6461)
	Maximum out degree: 2313 (node 701)
	source 1545 (node 701) with out degree 2313
	target 3 (node 6461) with in degree 207

Execution time and memory used at after iteration 3 (MF = 26.755556): 1.071000e+01 seconds, 61943808 bytes of memory usage, 61892 kB of memory peak and 00:10 elapsed time
Statistics on the network after iteration 3 (MF = 26.755556)
	Number of nodes: 10981
	Number of allocated nodes: 11264
	Number of edges: 30856
	Maximum in degree: 207 (node 6461)
	Maximum out degree: 2313 (node 701)
	source 1545 (node 701) with out degree 2313
	target 3 (node 6461) with in degree 207

Execution time and memory used at after iteration 4 (MF = 25.532143): 1.489000e+01 seconds, 61943808 bytes of memory usage, 61892 kB of memory peak and 00:14 elapsed time
Statistics on the network after iteration 4 (MF = 25.532143)
	Number of nodes: 10981
	Number of allocated nodes: 11264
	Number of edges: 30856
	Maximum in degree: 207 (node 6461)
	Maximum out degree: 2313 (node 701)
	source 1545 (node 701) with out degree 2313
	target 3 (node 6461) with in degree 207

Execution time and memory used at after iteration 5 (MF = 24.674206): 3.820800e+02 seconds, 61505536 bytes of memory usage, 68152 kB of memory peak and 06:22 elapsed time
Statistics on the network after iteration 5 (MF = 24.674206)
	Number of nodes: 10981
	Number of allocated nodes: 11264
	Number of edges: 30856
	Maximum in degree: 207 (node 6461)
	Maximum out degree: 2313 (node 701)
	source 1545 (node 701) with out degree 2313
	target 3 (node 6461) with in degree 207
