Version 1.2 launched as -e 0.1 12 input/sx-mathoverflow.html/sx-mathoverflow-c2a.txt.gz 378


Execution time and memory used at after reading from file: 2.940000e+00 seconds, 18731008 bytes of memory usage, 18328 kB of memory peak and 00:03 elapsed time
Statistics on the network after reading from file
	Number of nodes: 13840
	Number of allocated nodes: 14336
	Number of edges: 77212
	Maximum in degree: 784 (node 11142)
	Maximum out degree: 550 (node 2926)

Execution time and memory used at before starting main computation: 2.950000e+00 seconds, 18731008 bytes of memory usage, 18808 kB of memory peak and 00:03 elapsed time
Statistics on the network before starting main computation
	Number of nodes: 13840
	Number of allocated nodes: 14336
	Number of edges: 77212
	Maximum in degree: 784 (node 11142)
	Maximum out degree: 550 (node 2926)
	source 175 (node 2926) with out degree 550
	target 3213 (node 11142) with in degree 784

Execution time and memory used at after iteration 1 (MF = 589114015434.000000): 2.815000e+01 seconds, 86609920 bytes of memory usage, 104256 kB of memory peak and 00:28 elapsed time
Statistics on the network after iteration 1 (MF = 589114015434.000000)
	Number of nodes: 13840
	Number of allocated nodes: 14336
	Number of edges: 77212
	Maximum in degree: 784 (node 11142)
	Maximum out degree: 550 (node 2926)
	source 175 (node 2926) with out degree 550
	target 3213 (node 11142) with in degree 784

Execution time and memory used at after iteration 2 (MF = 393169180611.000000): 3.094000e+01 seconds, 86609920 bytes of memory usage, 104532 kB of memory peak and 00:31 elapsed time
Statistics on the network after iteration 2 (MF = 393169180611.000000)
	Number of nodes: 13840
	Number of allocated nodes: 14336
	Number of edges: 77212
	Maximum in degree: 784 (node 11142)
	Maximum out degree: 550 (node 2926)
	source 175 (node 2926) with out degree 550
	target 3213 (node 11142) with in degree 784

Execution time and memory used at after iteration 3 (MF = 436195569282.000000): 5.258000e+01 seconds, 86609920 bytes of memory usage, 107624 kB of memory peak and 00:52 elapsed time
Statistics on the network after iteration 3 (MF = 436195569282.000000)
	Number of nodes: 13840
	Number of allocated nodes: 14336
	Number of edges: 77212
	Maximum in degree: 784 (node 11142)
	Maximum out degree: 550 (node 2926)
	source 175 (node 2926) with out degree 550
	target 3213 (node 11142) with in degree 784
