Version 1.2 launched as -e 0.1 12 input/soc-Slashdot0811.html/soc-Slashdot0811.txt.gz 232


Execution time and memory used at after reading from file: 7.482000e+01 seconds, 50663424 bytes of memory usage, 49512 kB of memory peak and 01:15 elapsed time
Statistics on the network after reading from file
	Number of nodes: 77360
	Number of allocated nodes: 77824
	Number of edges: 828161
	Maximum in degree: 2539 (node 2481)
	Maximum out degree: 2507 (node 2481)

Execution time and memory used at after adding costs: 7.485000e+01 seconds, 50663424 bytes of memory usage, 49512 kB of memory peak and 01:15 elapsed time
Statistics on the network after adding costs
	Number of nodes: 77360
	Number of allocated nodes: 77824
	Number of edges: 828161
	Maximum in degree: 2539 (node 2481)
	Maximum out degree: 2507 (node 2481)

Execution time and memory used at before starting main computation: 7.810000e+01 seconds, 52961280 bytes of memory usage, 52540 kB of memory peak and 01:18 elapsed time
Statistics on the network before starting main computation
	Number of nodes: 77360
	Number of allocated nodes: 77824
	Number of edges: 828161
	Maximum in degree: 2539 (node 2481)
	Maximum out degree: 2507 (node 2481)
	source 511 (node 2481) with out degree 2507
	target 368 (node 394) with in degree 2326

Execution time and memory used at after iteration 1 (MF = 1585.469481): 1.816380e+03 seconds, 813187072 bytes of memory usage, 1060320 kB of memory peak and 30:17 elapsed time
Statistics on the network after iteration 1 (MF = 1585.469481)
	Number of nodes: 77360
	Number of allocated nodes: 77824
	Number of edges: 828161
	Maximum in degree: 2539 (node 2481)
	Maximum out degree: 2507 (node 2481)
	source 511 (node 2481) with out degree 2507
	target 368 (node 394) with in degree 2326

Execution time and memory used at after iteration 2 (MF = 1562.288942): 2.768520e+03 seconds, 813187072 bytes of memory usage, 1062820 kB of memory peak and 46:09 elapsed time
Statistics on the network after iteration 2 (MF = 1562.288942)
	Number of nodes: 77360
	Number of allocated nodes: 77824
	Number of edges: 828161
	Maximum in degree: 2539 (node 2481)
	Maximum out degree: 2507 (node 2481)
	source 511 (node 2481) with out degree 2507
	target 368 (node 394) with in degree 2326
