Command terminated by signal 6
	Command being timed: "/usr/app/src/main 5 input/soc-lj-comm-members.html/soc-lj-comm-members-06.txt.gz 0"
	User time (seconds): 184706.64
	System time (seconds): 156.23
	Percent of CPU this job got: 99%
	Elapsed (wall clock) time (h:mm:ss or m:ss): 51:21:17
	Average shared text size (kbytes): 0
	Average unshared data size (kbytes): 0
	Average stack size (kbytes): 0
	Average total size (kbytes): 0
	Maximum resident set size (kbytes): 526584
	Average resident set size (kbytes): 0
	Major (requiring I/O) page faults: 3
	Minor (reclaiming a frame) page faults: 141174705
	Voluntary context switches: 50
	Involuntary context switches: 352364
	Swaps: 0
	File system inputs: 248
	File system outputs: 8
	Socket messages sent: 0
	Socket messages received: 0
	Signals delivered: 0
	Page size (bytes): 4096
	Exit status: 0
