	Command being timed: "/usr/app/src/main -i 5 input/soc-RedditHyperlinks.html/soc-redditHyperlinks-body.tsv.gz 0"
	User time (seconds): 762.92
	System time (seconds): 0.22
	Percent of CPU this job got: 100%
	Elapsed (wall clock) time (h:mm:ss or m:ss): 12:43.11
	Average shared text size (kbytes): 0
	Average unshared data size (kbytes): 0
	Average stack size (kbytes): 0
	Average total size (kbytes): 0
	Maximum resident set size (kbytes): 16036
	Average resident set size (kbytes): 0
	Major (requiring I/O) page faults: 0
	Minor (reclaiming a frame) page faults: 22732
	Voluntary context switches: 118
	Involuntary context switches: 707
	Swaps: 0
	File system inputs: 0
	File system outputs: 97072
	Socket messages sent: 0
	Socket messages received: 0
	Signals delivered: 0
	Page size (bytes): 4096
	Exit status: 0
