Version 1.2 launched as -e 0.1 12 input/ca-GrQc.html/ca-GrQc.txt.gz 20


Execution time and memory used at after reading from file: 3.300000e-01 seconds, 16003072 bytes of memory usage, 15664 kB of memory peak and 00:01 elapsed time
Statistics on the network after reading from file
	Number of nodes: 5242
	Number of allocated nodes: 6144
	Number of edges: 28968
	Maximum in degree: 81 (node 21012)
	Maximum out degree: 81 (node 21012)

Execution time and memory used at after adding costs: 3.300000e-01 seconds, 16003072 bytes of memory usage, 15664 kB of memory peak and 00:01 elapsed time
Statistics on the network after adding costs
	Number of nodes: 5242
	Number of allocated nodes: 6144
	Number of edges: 28968
	Maximum in degree: 81 (node 21012)
	Maximum out degree: 81 (node 21012)

Execution time and memory used at before starting main computation: 3.400000e-01 seconds, 16003072 bytes of memory usage, 16144 kB of memory peak and 00:01 elapsed time
Statistics on the network before starting main computation
	Number of nodes: 5242
	Number of allocated nodes: 6144
	Number of edges: 28968
	Maximum in degree: 81 (node 21012)
	Maximum out degree: 81 (node 21012)
	source 101 (node 21012) with out degree 81
	target 1284 (node 15244) with in degree 59

Execution time and memory used at after iteration 1 (MF = 26.543210): 2.490000e+00 seconds, 43237376 bytes of memory usage, 52996 kB of memory peak and 00:03 elapsed time
Statistics on the network after iteration 1 (MF = 26.543210)
	Number of nodes: 5242
	Number of allocated nodes: 6144
	Number of edges: 28968
	Maximum in degree: 81 (node 21012)
	Maximum out degree: 81 (node 21012)
	source 101 (node 21012) with out degree 81
	target 1284 (node 15244) with in degree 59

Execution time and memory used at after iteration 2 (MF = 26.543210): 3.280000e+00 seconds, 43237376 bytes of memory usage, 53048 kB of memory peak and 00:03 elapsed time
Statistics on the network after iteration 2 (MF = 26.543210)
	Number of nodes: 5242
	Number of allocated nodes: 6144
	Number of edges: 28968
	Maximum in degree: 81 (node 21012)
	Maximum out degree: 81 (node 21012)
	source 101 (node 21012) with out degree 81
	target 1284 (node 15244) with in degree 59

Execution time and memory used at after iteration 3 (MF = 24.617284): 5.230000e+00 seconds, 48410624 bytes of memory usage, 55244 kB of memory peak and 00:05 elapsed time
Statistics on the network after iteration 3 (MF = 24.617284)
	Number of nodes: 5242
	Number of allocated nodes: 6144
	Number of edges: 28968
	Maximum in degree: 81 (node 21012)
	Maximum out degree: 81 (node 21012)
	source 101 (node 21012) with out degree 81
	target 1284 (node 15244) with in degree 59

Execution time and memory used at after iteration 4 (MF = 21.864198): 1.021000e+01 seconds, 48410624 bytes of memory usage, 60924 kB of memory peak and 00:10 elapsed time
Statistics on the network after iteration 4 (MF = 21.864198)
	Number of nodes: 5242
	Number of allocated nodes: 6144
	Number of edges: 28968
	Maximum in degree: 81 (node 21012)
	Maximum out degree: 81 (node 21012)
	source 101 (node 21012) with out degree 81
	target 1284 (node 15244) with in degree 59

Execution time and memory used at after iteration 5 (MF = 23.679012): 9.975000e+01 seconds, 48410624 bytes of memory usage, 97628 kB of memory peak and 01:40 elapsed time
Statistics on the network after iteration 5 (MF = 23.679012)
	Number of nodes: 5242
	Number of allocated nodes: 6144
	Number of edges: 28968
	Maximum in degree: 81 (node 21012)
	Maximum out degree: 81 (node 21012)
	source 101 (node 21012) with out degree 81
	target 1284 (node 15244) with in degree 59

Execution time and memory used at after iteration 6 (MF = 26.148148): 2.343700e+02 seconds, 48410624 bytes of memory usage, 109592 kB of memory peak and 03:55 elapsed time
Statistics on the network after iteration 6 (MF = 26.148148)
	Number of nodes: 5242
	Number of allocated nodes: 6144
	Number of edges: 28968
	Maximum in degree: 81 (node 21012)
	Maximum out degree: 81 (node 21012)
	source 101 (node 21012) with out degree 81
	target 1284 (node 15244) with in degree 59

Execution time and memory used at after iteration 7 (MF = 25.419753): 4.504100e+02 seconds, 48410624 bytes of memory usage, 131968 kB of memory peak and 07:31 elapsed time
Statistics on the network after iteration 7 (MF = 25.419753)
	Number of nodes: 5242
	Number of allocated nodes: 6144
	Number of edges: 28968
	Maximum in degree: 81 (node 21012)
	Maximum out degree: 81 (node 21012)
	source 101 (node 21012) with out degree 81
	target 1284 (node 15244) with in degree 59

Execution time and memory used at after iteration 8 (MF = 26.148148): 5.454700e+03 seconds, 50851840 bytes of memory usage, 215320 kB of memory peak and 01:30:56 elapsed time
Statistics on the network after iteration 8 (MF = 26.148148)
	Number of nodes: 5242
	Number of allocated nodes: 6144
	Number of edges: 28968
	Maximum in degree: 81 (node 21012)
	Maximum out degree: 81 (node 21012)
	source 101 (node 21012) with out degree 81
	target 1284 (node 15244) with in degree 59

Execution time and memory used at after iteration 9 (MF = 26.543210): 1.572856e+04 seconds, 48410624 bytes of memory usage, 238936 kB of memory peak and 04:22:10 elapsed time
Statistics on the network after iteration 9 (MF = 26.543210)
	Number of nodes: 5242
	Number of allocated nodes: 6144
	Number of edges: 28968
	Maximum in degree: 81 (node 21012)
	Maximum out degree: 81 (node 21012)
	source 101 (node 21012) with out degree 81
	target 1284 (node 15244) with in degree 59

Execution time and memory used at after iteration 10 (MF = 25.543210): 1.288247e+05 seconds, 92672000 bytes of memory usage, 621576 kB of memory peak and 1-11:47:15 elapsed time
Statistics on the network after iteration 10 (MF = 25.543210)
	Number of nodes: 5242
	Number of allocated nodes: 6144
	Number of edges: 28968
	Maximum in degree: 81 (node 21012)
	Maximum out degree: 81 (node 21012)
	source 101 (node 21012) with out degree 81
	target 1284 (node 15244) with in degree 59
