Version 1.2 launched as -e 0.1 -i 12 input/soc-sign-bitcoin-otc.html/soc-sign-bitcoinotc.csv.gz 164


Execution time and memory used at after reading from file: 2.400000e-01 seconds, 16109568 bytes of memory usage, 15768 kB of memory peak and 00:00 elapsed time
Statistics on the network after reading from file
	Number of nodes: 5881
	Number of allocated nodes: 6144
	Number of edges: 35592
	Maximum in degree: 535 (node 35)
	Maximum out degree: 763 (node 35)

Execution time and memory used at after adding costs: 2.500000e-01 seconds, 16109568 bytes of memory usage, 15768 kB of memory peak and 00:00 elapsed time
Statistics on the network after adding costs
	Number of nodes: 5881
	Number of allocated nodes: 6144
	Number of edges: 35592
	Maximum in degree: 535 (node 35)
	Maximum out degree: 763 (node 35)

Execution time and memory used at before starting main computation: 2.800000e-01 seconds, 16244736 bytes of memory usage, 16380 kB of memory peak and 00:00 elapsed time
Statistics on the network before starting main computation
	Number of nodes: 5881
	Number of allocated nodes: 6144
	Number of edges: 35592
	Maximum in degree: 535 (node 35)
	Maximum out degree: 763 (node 35)
	source 23 (node 35) with out degree 763
	target 2571 (node 2642) with in degree 412

Execution time and memory used at after iteration 1 (MF = 197.875193): 5.670000e+00 seconds, 47824896 bytes of memory usage, 58640 kB of memory peak and 00:05 elapsed time
Statistics on the network after iteration 1 (MF = 197.875193)
	Number of nodes: 5881
	Number of allocated nodes: 6144
	Number of edges: 35592
	Maximum in degree: 535 (node 35)
	Maximum out degree: 763 (node 35)
	source 23 (node 35) with out degree 763
	target 2571 (node 2642) with in degree 412

Execution time and memory used at after iteration 2 (MF = 108.553159): 7.580000e+00 seconds, 47824896 bytes of memory usage, 58900 kB of memory peak and 00:07 elapsed time
Statistics on the network after iteration 2 (MF = 108.553159)
	Number of nodes: 5881
	Number of allocated nodes: 6144
	Number of edges: 35592
	Maximum in degree: 535 (node 35)
	Maximum out degree: 763 (node 35)
	source 23 (node 35) with out degree 763
	target 2571 (node 2642) with in degree 412

Execution time and memory used at after iteration 3 (MF = 126.214176): 1.307600e+03 seconds, 60911616 bytes of memory usage, 122976 kB of memory peak and 21:47 elapsed time
Statistics on the network after iteration 3 (MF = 126.214176)
	Number of nodes: 5881
	Number of allocated nodes: 6144
	Number of edges: 35592
	Maximum in degree: 535 (node 35)
	Maximum out degree: 763 (node 35)
	source 23 (node 35) with out degree 763
	target 2571 (node 2642) with in degree 412

Execution time and memory used at after iteration 4 (MF = 156.897535): 1.405740e+03 seconds, 64405504 bytes of memory usage, 122976 kB of memory peak and 23:26 elapsed time
Statistics on the network after iteration 4 (MF = 156.897535)
	Number of nodes: 5881
	Number of allocated nodes: 6144
	Number of edges: 35592
	Maximum in degree: 535 (node 35)
	Maximum out degree: 763 (node 35)
	source 23 (node 35) with out degree 763
	target 2571 (node 2642) with in degree 412
