GLPSOL--GLPK LP/MIP Solver 5.0
Parameter(s) specified in the command line:
 --lp input/email-Eu-core.html/email-Eu-core.txt.gz.153.lp -o input/email-Eu-core.html/email-Eu-core.txt.gz.153.lp.sol
Reading problem data from 'input/email-Eu-core.html/email-Eu-core.txt.gz.153.lp'...
24932 rows, 50844 columns, 124647 non-zeros
50844 integer variables, all of which are binary
75781 lines were read
GLPK Integer Optimizer 5.0
24932 rows, 50844 columns, 124647 non-zeros
50844 integer variables, all of which are binary
Preprocessing...
24530 rows, 50442 columns, 122534 non-zeros
50442 integer variables, all of which are binary
Scaling...
 A: min|aij| =  1.000e+00  max|aij| =  1.000e+00  ratio =  1.000e+00
Problem data seem to be well scaled
Constructing initial basis...
Size of triangular part is 24530
Solving LP relaxation...
GLPK Simplex Optimizer 5.0
24530 rows, 50442 columns, 122534 non-zeros
      0: obj =   0.000000000e+00 inf =   1.780e+02 (178)
    178: obj =   1.562426440e+02 inf =   0.000e+00 (0)
Perturbing LP to avoid stalling [380]...
*  2964: obj =   9.365542127e+01 inf =   1.258e-04 (1000) 25
*  5269: obj =   7.904533182e+01 inf =   1.465e-02 (1397) 23
*  7675: obj =   1.805874420e+01 inf =   1.664e-02 (2322) 23
* 11019: obj =   1.805805419e+01 inf =   1.163e-02 (1277) 28
Removing LP perturbation [13255]...
* 13255: obj =   1.805882200e+01 inf =   0.000e+00 (0) 14
OPTIMAL LP SOLUTION FOUND
Integer optimization begins...
Long-step dual simplex will be used
+ 13255: mip =     not found yet >=              -inf        (1; 0)
+ 13255: >>>>>   1.805882200e+01 >=   1.805882200e+01   0.0% (1; 0)
+ 13255: mip =   1.805882200e+01 >=     tree is empty   0.0% (0; 1)
INTEGER OPTIMAL SOLUTION FOUND
Time used:   22.8 secs
Memory used: 61.9 Mb (64874080 bytes)
Writing MIP solution to 'input/email-Eu-core.html/email-Eu-core.txt.gz.153.lp.sol'...
Objective:  obj = 18.058822 (MINimum)
