	Command being timed: "/usr/app/src/glpk-5.0/examples/glpsol --lp input/email-Eu-core.html/email-Eu-core.txt.gz.68.lp -o input/email-Eu-core.html/email-Eu-core.txt.gz.68.lp.sol"
	User time (seconds): 20.77
	System time (seconds): 0.08
	Percent of CPU this job got: 100%
	Elapsed (wall clock) time (h:mm:ss or m:ss): 0:20.86
	Average shared text size (kbytes): 0
	Average unshared data size (kbytes): 0
	Average stack size (kbytes): 0
	Average total size (kbytes): 0
	Maximum resident set size (kbytes): 63476
	Average resident set size (kbytes): 0
	Major (requiring I/O) page faults: 0
	Minor (reclaiming a frame) page faults: 33552
	Voluntary context switches: 29
	Involuntary context switches: 24
	Swaps: 0
	File system inputs: 0
	File system outputs: 9800
	Socket messages sent: 0
	Socket messages received: 0
	Signals delivered: 0
	Page size (bytes): 4096
	Exit status: 0
