GLPSOL--GLPK LP/MIP Solver 5.0
Parameter(s) specified in the command line:
 --lp input/email-Eu-core.html/email-Eu-core.txt.gz.68.lp.reach_chain_detours.lp
 -o input/email-Eu-core.html/email-Eu-core.txt.gz.68.lp.reach_chain_detours.lp.sol
Reading problem data from 'input/email-Eu-core.html/email-Eu-core.txt.gz.68.lp.reach_chain_detours.lp'...
23910 rows, 48596 columns, 119537 non-zeros
48596 integer variables, all of which are binary
72511 lines were read
GLPK Integer Optimizer 5.0
23910 rows, 48596 columns, 119537 non-zeros
48596 integer variables, all of which are binary
Preprocessing...
23698 rows, 48384 columns, 118194 non-zeros
48384 integer variables, all of which are binary
Scaling...
 A: min|aij| =  1.000e+00  max|aij| =  1.000e+00  ratio =  1.000e+00
Problem data seem to be well scaled
Constructing initial basis...
Size of triangular part is 23698
Solving LP relaxation...
GLPK Simplex Optimizer 5.0
23698 rows, 48384 columns, 118194 non-zeros
      0: obj =   0.000000000e+00 inf =   1.780e+02 (178)
    178: obj =   1.562426440e+02 inf =   0.000e+00 (0)
Perturbing LP to avoid stalling [380]...
*  3131: obj =   1.051573665e+02 inf =   4.918e-04 (1166) 27
*  5595: obj =   9.606408945e+01 inf =   1.248e-02 (1375) 24
*  9056: obj =   8.746629150e+01 inf =   1.072e-02 (1140) 27
Removing LP perturbation [11085]...
* 11085: obj =   8.746690800e+01 inf =   0.000e+00 (0) 14
OPTIMAL LP SOLUTION FOUND
Integer optimization begins...
Long-step dual simplex will be used
+ 11085: mip =     not found yet >=              -inf        (1; 0)
+ 11085: >>>>>   8.746690800e+01 >=   8.746690800e+01   0.0% (1; 0)
+ 11085: mip =   8.746690800e+01 >=     tree is empty   0.0% (0; 1)
INTEGER OPTIMAL SOLUTION FOUND
Time used:   17.6 secs
Memory used: 59.5 Mb (62422438 bytes)
Writing MIP solution to 'input/email-Eu-core.html/email-Eu-core.txt.gz.68.lp.reach_chain_detours.lp.sol'...
Objective:  obj = 87.466908 (MINimum)
