Version 1.2 launched as -e 0.1 12 input/roadNet-CA.html/roadNet-CA.txt.gz 5


Execution time and memory used at after reading from file: 2.023532e+04 seconds, 442957824 bytes of memory usage, 432612 kB of memory peak and 05:37:17 elapsed time
Statistics on the network after reading from file
	Number of nodes: 1965206
	Number of allocated nodes: 1966080
	Number of edges: 5533214
	Maximum in degree: 12 (node 562818)
	Maximum out degree: 12 (node 562818)

Execution time and memory used at after adding costs: 2.023554e+04 seconds, 442957824 bytes of memory usage, 432612 kB of memory peak and 05:37:18 elapsed time
Statistics on the network after adding costs
	Number of nodes: 1965206
	Number of allocated nodes: 1966080
	Number of edges: 5533214
	Maximum in degree: 12 (node 562818)
	Maximum out degree: 12 (node 562818)

Execution time and memory used at before starting main computation: 2.119367e+04 seconds, 505540608 bytes of memory usage, 509568 kB of memory peak and 05:53:16 elapsed time
Statistics on the network before starting main computation
	Number of nodes: 1965206
	Number of allocated nodes: 1966080
	Number of edges: 5533214
	Maximum in degree: 12 (node 562818)
	Maximum out degree: 12 (node 562818)
	source 571924 (node 562818) with out degree 12
	target 529105 (node 521168) with in degree 10

Execution time and memory used at after iteration 1 (MF = 7.166667): 3.122138e+05 seconds, 5718360064 bytes of memory usage, 8165768 kB of memory peak and 3-14:43:59 elapsed time
Statistics on the network after iteration 1 (MF = 7.166667)
	Number of nodes: 1965206
	Number of allocated nodes: 1966080
	Number of edges: 5533214
	Maximum in degree: 12 (node 562818)
	Maximum out degree: 12 (node 562818)
	source 571924 (node 562818) with out degree 12
	target 529105 (node 521168) with in degree 10

Execution time and memory used at after iteration 2 (MF = 4.750000): 3.200403e+05 seconds, 5718360064 bytes of memory usage, 8165988 kB of memory peak and 3-16:54:26 elapsed time
Statistics on the network after iteration 2 (MF = 4.750000)
	Number of nodes: 1965206
	Number of allocated nodes: 1966080
	Number of edges: 5533214
	Maximum in degree: 12 (node 562818)
	Maximum out degree: 12 (node 562818)
	source 571924 (node 562818) with out degree 12
	target 529105 (node 521168) with in degree 10

Execution time and memory used at after iteration 3 (MF = 5.583333): 3.286805e+05 seconds, 5718360064 bytes of memory usage, 8165988 kB of memory peak and 3-19:18:27 elapsed time
Statistics on the network after iteration 3 (MF = 5.583333)
	Number of nodes: 1965206
	Number of allocated nodes: 1966080
	Number of edges: 5533214
	Maximum in degree: 12 (node 562818)
	Maximum out degree: 12 (node 562818)
	source 571924 (node 562818) with out degree 12
	target 529105 (node 521168) with in degree 10

Execution time and memory used at after iteration 4 (MF = 7.166667): 3.380972e+05 seconds, 5718360064 bytes of memory usage, 8166044 kB of memory peak and 3-21:55:25 elapsed time
Statistics on the network after iteration 4 (MF = 7.166667)
	Number of nodes: 1965206
	Number of allocated nodes: 1966080
	Number of edges: 5533214
	Maximum in degree: 12 (node 562818)
	Maximum out degree: 12 (node 562818)
	source 571924 (node 562818) with out degree 12
	target 529105 (node 521168) with in degree 10
