GLPSOL--GLPK LP/MIP Solver 5.0
Parameter(s) specified in the command line:
 --lp input/ca-HepTh.html/ca-HepTh.txt.gz.45.lp.reach_chain_detours.lp -o
 input/ca-HepTh.html/ca-HepTh.txt.gz.45.lp.reach_chain_detours.lp.sol
Reading problem data from 'input/ca-HepTh.html/ca-HepTh.txt.gz.45.lp.reach_chain_detours.lp'...
45677 rows, 98203 columns, 228372 non-zeros
98203 integer variables, all of which are binary
143885 lines were read
GLPK Integer Optimizer 5.0
45677 rows, 98203 columns, 228372 non-zeros
98203 integer variables, all of which are binary
Preprocessing...
45612 rows, 98138 columns, 227997 non-zeros
98138 integer variables, all of which are binary
Scaling...
 A: min|aij| =  1.000e+00  max|aij| =  1.000e+00  ratio =  1.000e+00
Problem data seem to be well scaled
Constructing initial basis...
Size of triangular part is 45612
Solving LP relaxation...
GLPK Simplex Optimizer 5.0
45612 rows, 98138 columns, 227997 non-zeros
      0: obj =   0.000000000e+00 inf =   5.800e+01 (58)
     58: obj =   7.152308100e+01 inf =   0.000e+00 (0)
Perturbing LP to avoid stalling [259]...
*  2392: obj =   6.320000500e+01 inf =   0.000e+00 (180) 21
*  4251: obj =   3.681996412e+01 inf =   4.718e-16 (985) 17
*  5895: obj =   3.681996412e+01 inf =   0.000e+00 (1084) 15
*  7379: obj =   3.528074456e+01 inf =   4.144e-03 (1107) 13
*  8955: obj =   2.744581765e+01 inf =   1.655e-02 (5364) 14
* 10416: obj =   2.629222495e+01 inf =   2.345e-02 (635) 14
* 11938: obj =   2.490275438e+01 inf =   3.893e-02 (1530) 14
* 13453: obj =   1.313674464e+01 inf =   2.351e-02 (5689) 14
* 15081: obj =   1.313611446e+01 inf =   2.933e-02 (5156) 16
* 16632: obj =   1.313556086e+01 inf =   4.619e-02 (4809) 15
* 18276: obj =   1.313515361e+01 inf =   4.158e-02 (4556) 16
* 20000: obj =   1.313490088e+01 inf =   4.407e-02 (4158) 16
* 21665: obj =   1.313469948e+01 inf =   5.267e-02 (3977) 15
* 23207: obj =   1.313454885e+01 inf =   6.022e-02 (3985) 14
* 24426: obj =   1.313447805e+01 inf =   6.118e-02 (4060) 12
* 25571: obj =   1.313439732e+01 inf =   6.133e-02 (4084) 11
* 26703: obj =   1.313430024e+01 inf =   6.081e-02 (4173) 10
* 27826: obj =   1.313424197e+01 inf =   5.797e-02 (4300) 10
* 28956: obj =   1.313418483e+01 inf =   5.463e-02 (4449) 10
* 30260: obj =   1.313395543e+01 inf =   5.214e-02 (4324) 13
* 31674: obj =   1.313381875e+01 inf =   4.989e-02 (4097) 14
* 33081: obj =   1.313368384e+01 inf =   4.684e-02 (3913) 14
* 34585: obj =   1.313347828e+01 inf =   4.559e-02 (3711) 14
* 36084: obj =   1.242556137e+01 inf =   4.397e-02 (3444) 12
* 37690: obj =   1.242540879e+01 inf =   4.261e-02 (2931) 14
* 39347: obj =   1.190218284e+01 inf =   4.006e-02 (2433) 14
* 41034: obj =   1.157895785e+01 inf =   3.771e-02 (1799) 13
* 42826: obj =   1.134810267e+01 inf =   3.526e-02 (995) 15
Removing LP perturbation [44177]...
* 44177: obj =   1.135384600e+01 inf =   0.000e+00 (0) 11
OPTIMAL LP SOLUTION FOUND
Integer optimization begins...
Long-step dual simplex will be used
+ 44177: mip =     not found yet >=              -inf        (1; 0)
+ 44177: >>>>>   1.135384600e+01 >=   1.135384600e+01   0.0% (1; 0)
+ 44177: mip =   1.135384600e+01 >=     tree is empty   0.0% (0; 1)
INTEGER OPTIMAL SOLUTION FOUND
Time used:   144.1 secs
Memory used: 117.3 Mb (122957904 bytes)
Writing MIP solution to 'input/ca-HepTh.html/ca-HepTh.txt.gz.45.lp.reach_chain_detours.lp.sol'...
Objective:  obj = 11.353846 (MINimum)
