Version 1.2 launched as -e 0.1 12 input/web-NotreDame.html/web-NotreDame.txt.gz 688


Execution time and memory used at after reading from file: 9.669400e+02 seconds, 103063552 bytes of memory usage, 100684 kB of memory peak and 16:07 elapsed time
Statistics on the network after reading from file
	Number of nodes: 325729
	Number of allocated nodes: 326656
	Number of edges: 1469679
	Maximum in degree: 10721 (node 12129)
	Maximum out degree: 3444 (node 7137)

Execution time and memory used at after adding costs: 9.669800e+02 seconds, 103063552 bytes of memory usage, 100684 kB of memory peak and 16:07 elapsed time
Statistics on the network after adding costs
	Number of nodes: 325729
	Number of allocated nodes: 326656
	Number of edges: 1469679
	Maximum in degree: 10721 (node 12129)
	Maximum out degree: 3444 (node 7137)

Execution time and memory used at before starting main computation: 9.717400e+02 seconds, 107388928 bytes of memory usage, 106664 kB of memory peak and 16:12 elapsed time
Statistics on the network before starting main computation
	Number of nodes: 325729
	Number of allocated nodes: 326656
	Number of edges: 1469679
	Maximum in degree: 10721 (node 12129)
	Maximum out degree: 3444 (node 7137)
	source 7137 (node 7137) with out degree 3444
	target 31331 (node 31331) with in degree 4299

Execution time and memory used at after iteration 1 (MF = 0.293823): 9.612120e+03 seconds, 1459224576 bytes of memory usage, 1758336 kB of memory peak and 02:40:13 elapsed time
Statistics on the network after iteration 1 (MF = 0.293823)
	Number of nodes: 325729
	Number of allocated nodes: 326656
	Number of edges: 1469679
	Maximum in degree: 10721 (node 12129)
	Maximum out degree: 3444 (node 7137)
	source 7137 (node 7137) with out degree 3444
	target 31331 (node 31331) with in degree 4299
GMF with memory efficient alternating algo is 0.000000

Execution time and memory used at after executing the alternating algorithm: 9.628410e+03 seconds, 1410838528 bytes of memory usage, 1764588 kB of memory peak and 02:40:29 elapsed time
Statistics on the network after executing the alternating algorithm
	Number of nodes: 325729
	Number of allocated nodes: 326656
	Number of edges: 1469679
	Maximum in degree: 10721 (node 12129)
	Maximum out degree: 3444 (node 7137)
	source 7137 (node 7137) with out degree 3444
	target 31331 (node 31331) with in degree 4299
