Launched as 5 input/higgs-twitter.html/higgs-activity_time.txt.gz 0


Execution time and memory used at after reading from file: 1.566550e+03 seconds, 68034560 bytes of memory usage, 66476 kB of memory peak and 26:07 elapsed time
Statistics on the network after reading from file
	Number of nodes: 304691
	Number of allocated nodes: 305152
	Number of edges: 461192
	Maximum in degree: 23143 (node 88)
	Maximum out degree: 169 (node 89805)

Execution time and memory used at before starting main computation: 1.566560e+03 seconds, 68169728 bytes of memory usage, 68280 kB of memory peak and 26:07 elapsed time
Statistics on the network before starting main computation
	Number of nodes: 304691
	Number of allocated nodes: 305152
	Number of edges: 461192
	Maximum in degree: 23143 (node 88)
	Maximum out degree: 169 (node 89805)
	source 58 (node 89805) with out degree 169
	target 91 (node 88) with in degree 23143

Execution time and memory used at after creating milp without reductions: 1.567440e+03 seconds, 68169728 bytes of memory usage, 68280 kB of memory peak and 26:08 elapsed time
Statistics on the network after creating milp without reductions
	Number of nodes: 304691
	Number of allocated nodes: 305152
	Number of edges: 461192
	Maximum in degree: 23143 (node 88)
	Maximum out degree: 169 (node 89805)
	source 58 (node 89805) with out degree 169
	target 91 (node 88) with in degree 23143

Execution time and memory used at after reachability and chains reduction: 3.141390e+03 seconds, 70307840 bytes of memory usage, 80020 kB of memory peak and 52:22 elapsed time
Statistics on the network after reachability and chains reduction
	Number of nodes: 5673
	Number of allocated nodes: 305152
	Number of edges: 22739
	Maximum in degree: 1251 (node 88)
	Maximum out degree: 138 (node 89805)
	source 58 (node 89805) with out degree 138
	target 91 (node 88) with in degree 1251

Execution time and memory used at after detours elimination: 3.202420e+03 seconds, 70307840 bytes of memory usage, 80020 kB of memory peak and 53:23 elapsed time
Statistics on the network after detours elimination
	Number of nodes: 5291
	Number of allocated nodes: 305152
	Number of edges: 21920
	Maximum in degree: 1251 (node 88)
	Maximum out degree: 138 (node 89805)
	source 58 (node 89805) with out degree 138
	target 91 (node 88) with in degree 1251

Execution time and memory used at after creating milp with detours elimination (all transformations): 3.202460e+03 seconds, 70307840 bytes of memory usage, 80020 kB of memory peak and 53:23 elapsed time
Statistics on the network after creating milp with detours elimination (all transformations)
	Number of nodes: 5291
	Number of allocated nodes: 305152
	Number of edges: 21920
	Maximum in degree: 1251 (node 88)
	Maximum out degree: 138 (node 89805)
	source 58 (node 89805) with out degree 138
	target 91 (node 88) with in degree 1251
