Version 1.2 launched as -e 0.1 12 input/roadNet-TX.html/roadNet-TX.txt.gz 6


Execution time and memory used at after reading from file: 5.027100e+03 seconds, 313905152 bytes of memory usage, 306584 kB of memory peak and 01:23:48 elapsed time
Statistics on the network after reading from file
	Number of nodes: 1379917
	Number of allocated nodes: 1380352
	Number of edges: 3843320
	Maximum in degree: 12 (node 126099)
	Maximum out degree: 12 (node 126099)

Execution time and memory used at after adding costs: 5.027360e+03 seconds, 313905152 bytes of memory usage, 306584 kB of memory peak and 01:23:48 elapsed time
Statistics on the network after adding costs
	Number of nodes: 1379917
	Number of allocated nodes: 1380352
	Number of edges: 3843320
	Maximum in degree: 12 (node 126099)
	Maximum out degree: 12 (node 126099)

Execution time and memory used at before starting main computation: 5.445700e+03 seconds, 357158912 bytes of memory usage, 359304 kB of memory peak and 01:30:47 elapsed time
Statistics on the network before starting main computation
	Number of nodes: 1379917
	Number of allocated nodes: 1380352
	Number of edges: 3843320
	Maximum in degree: 12 (node 126099)
	Maximum out degree: 12 (node 126099)
	source 131234 (node 126099) with out degree 12
	target 139430 (node 133913) with in degree 12

Execution time and memory used at after iteration 1 (MF = 4.500000): 1.451089e+05 seconds, 4021604352 bytes of memory usage, 5723924 kB of memory peak and 1-16:18:41 elapsed time
Statistics on the network after iteration 1 (MF = 4.500000)
	Number of nodes: 1379917
	Number of allocated nodes: 1380352
	Number of edges: 3843320
	Maximum in degree: 12 (node 126099)
	Maximum out degree: 12 (node 126099)
	source 131234 (node 126099) with out degree 12
	target 139430 (node 133913) with in degree 12

Execution time and memory used at after iteration 2 (MF = 3.166667): 1.461995e+05 seconds, 4021604352 bytes of memory usage, 5723944 kB of memory peak and 1-16:36:52 elapsed time
Statistics on the network after iteration 2 (MF = 3.166667)
	Number of nodes: 1379917
	Number of allocated nodes: 1380352
	Number of edges: 3843320
	Maximum in degree: 12 (node 126099)
	Maximum out degree: 12 (node 126099)
	source 131234 (node 126099) with out degree 12
	target 139430 (node 133913) with in degree 12

Execution time and memory used at after iteration 3 (MF = 4.416667): 1.474462e+05 seconds, 4021604352 bytes of memory usage, 5723944 kB of memory peak and 1-16:57:39 elapsed time
Statistics on the network after iteration 3 (MF = 4.416667)
	Number of nodes: 1379917
	Number of allocated nodes: 1380352
	Number of edges: 3843320
	Maximum in degree: 12 (node 126099)
	Maximum out degree: 12 (node 126099)
	source 131234 (node 126099) with out degree 12
	target 139430 (node 133913) with in degree 12

Execution time and memory used at after iteration 4 (MF = 4.416667): 1.486459e+05 seconds, 4021604352 bytes of memory usage, 5723944 kB of memory peak and 1-17:17:39 elapsed time
Statistics on the network after iteration 4 (MF = 4.416667)
	Number of nodes: 1379917
	Number of allocated nodes: 1380352
	Number of edges: 3843320
	Maximum in degree: 12 (node 126099)
	Maximum out degree: 12 (node 126099)
	source 131234 (node 126099) with out degree 12
	target 139430 (node 133913) with in degree 12

Execution time and memory used at after iteration 5 (MF = 4.416667): 1.497488e+05 seconds, 4021604352 bytes of memory usage, 5724088 kB of memory peak and 1-17:36:02 elapsed time
Statistics on the network after iteration 5 (MF = 4.416667)
	Number of nodes: 1379917
	Number of allocated nodes: 1380352
	Number of edges: 3843320
	Maximum in degree: 12 (node 126099)
	Maximum out degree: 12 (node 126099)
	source 131234 (node 126099) with out degree 12
	target 139430 (node 133913) with in degree 12

Execution time and memory used at after iteration 6 (MF = 3.750000): 1.510637e+05 seconds, 4021604352 bytes of memory usage, 5824544 kB of memory peak and 1-17:57:57 elapsed time
Statistics on the network after iteration 6 (MF = 3.750000)
	Number of nodes: 1379917
	Number of allocated nodes: 1380352
	Number of edges: 3843320
	Maximum in degree: 12 (node 126099)
	Maximum out degree: 12 (node 126099)
	source 131234 (node 126099) with out degree 12
	target 139430 (node 133913) with in degree 12

Execution time and memory used at after iteration 7 (MF = 3.166667): 1.520618e+05 seconds, 4021604352 bytes of memory usage, 5824544 kB of memory peak and 1-18:14:35 elapsed time
Statistics on the network after iteration 7 (MF = 3.166667)
	Number of nodes: 1379917
	Number of allocated nodes: 1380352
	Number of edges: 3843320
	Maximum in degree: 12 (node 126099)
	Maximum out degree: 12 (node 126099)
	source 131234 (node 126099) with out degree 12
	target 139430 (node 133913) with in degree 12

Execution time and memory used at after iteration 8 (MF = 3.166667): 1.530758e+05 seconds, 4021604352 bytes of memory usage, 5824544 kB of memory peak and 1-18:31:29 elapsed time
Statistics on the network after iteration 8 (MF = 3.166667)
	Number of nodes: 1379917
	Number of allocated nodes: 1380352
	Number of edges: 3843320
	Maximum in degree: 12 (node 126099)
	Maximum out degree: 12 (node 126099)
	source 131234 (node 126099) with out degree 12
	target 139430 (node 133913) with in degree 12

Execution time and memory used at after iteration 9 (MF = 4.250000): 1.642108e+05 seconds, 5003358208 bytes of memory usage, 5824544 kB of memory peak and 1-21:37:06 elapsed time
Statistics on the network after iteration 9 (MF = 4.250000)
	Number of nodes: 1379917
	Number of allocated nodes: 1380352
	Number of edges: 3843320
	Maximum in degree: 12 (node 126099)
	Maximum out degree: 12 (node 126099)
	source 131234 (node 126099) with out degree 12
	target 139430 (node 133913) with in degree 12

Execution time and memory used at after iteration 10 (MF = 3.916667): 1.671233e+05 seconds, 4941479936 bytes of memory usage, 5825356 kB of memory peak and 1-22:25:39 elapsed time
Statistics on the network after iteration 10 (MF = 3.916667)
	Number of nodes: 1379917
	Number of allocated nodes: 1380352
	Number of edges: 3843320
	Maximum in degree: 12 (node 126099)
	Maximum out degree: 12 (node 126099)
	source 131234 (node 126099) with out degree 12
	target 139430 (node 133913) with in degree 12

Execution time and memory used at after iteration 11 (MF = 4.333333): 1.707846e+05 seconds, 4941479936 bytes of memory usage, 6553324 kB of memory peak and 1-23:26:40 elapsed time
Statistics on the network after iteration 11 (MF = 4.333333)
	Number of nodes: 1379917
	Number of allocated nodes: 1380352
	Number of edges: 3843320
	Maximum in degree: 12 (node 126099)
	Maximum out degree: 12 (node 126099)
	source 131234 (node 126099) with out degree 12
	target 139430 (node 133913) with in degree 12

Execution time and memory used at after iteration 12 (MF = 3.833333): 1.729509e+05 seconds, 4941479936 bytes of memory usage, 6553324 kB of memory peak and 2-00:02:47 elapsed time
Statistics on the network after iteration 12 (MF = 3.833333)
	Number of nodes: 1379917
	Number of allocated nodes: 1380352
	Number of edges: 3843320
	Maximum in degree: 12 (node 126099)
	Maximum out degree: 12 (node 126099)
	source 131234 (node 126099) with out degree 12
	target 139430 (node 133913) with in degree 12

Execution time and memory used at after iteration 13 (MF = 4.500000): 1.798330e+05 seconds, 4984680448 bytes of memory usage, 6553324 kB of memory peak and 2-01:57:30 elapsed time
Statistics on the network after iteration 13 (MF = 4.500000)
	Number of nodes: 1379917
	Number of allocated nodes: 1380352
	Number of edges: 3843320
	Maximum in degree: 12 (node 126099)
	Maximum out degree: 12 (node 126099)
	source 131234 (node 126099) with out degree 12
	target 139430 (node 133913) with in degree 12

Execution time and memory used at after iteration 14 (MF = 4.250000): 1.884618e+05 seconds, 4984561664 bytes of memory usage, 6553324 kB of memory peak and 2-04:21:20 elapsed time
Statistics on the network after iteration 14 (MF = 4.250000)
	Number of nodes: 1379917
	Number of allocated nodes: 1380352
	Number of edges: 3843320
	Maximum in degree: 12 (node 126099)
	Maximum out degree: 12 (node 126099)
	source 131234 (node 126099) with out degree 12
	target 139430 (node 133913) with in degree 12

Execution time and memory used at after iteration 15 (MF = 4.500000): 1.961226e+05 seconds, 4984430592 bytes of memory usage, 6553324 kB of memory peak and 2-06:29:01 elapsed time
Statistics on the network after iteration 15 (MF = 4.500000)
	Number of nodes: 1379917
	Number of allocated nodes: 1380352
	Number of edges: 3843320
	Maximum in degree: 12 (node 126099)
	Maximum out degree: 12 (node 126099)
	source 131234 (node 126099) with out degree 12
	target 139430 (node 133913) with in degree 12

Execution time and memory used at after iteration 16 (MF = 3.916667): 2.019689e+05 seconds, 4984430592 bytes of memory usage, 6553324 kB of memory peak and 2-08:06:28 elapsed time
Statistics on the network after iteration 16 (MF = 3.916667)
	Number of nodes: 1379917
	Number of allocated nodes: 1380352
	Number of edges: 3843320
	Maximum in degree: 12 (node 126099)
	Maximum out degree: 12 (node 126099)
	source 131234 (node 126099) with out degree 12
	target 139430 (node 133913) with in degree 12

Execution time and memory used at after iteration 17 (MF = 3.833333): 2.098930e+05 seconds, 4984680448 bytes of memory usage, 6553324 kB of memory peak and 2-10:18:33 elapsed time
Statistics on the network after iteration 17 (MF = 3.833333)
	Number of nodes: 1379917
	Number of allocated nodes: 1380352
	Number of edges: 3843320
	Maximum in degree: 12 (node 126099)
	Maximum out degree: 12 (node 126099)
	source 131234 (node 126099) with out degree 12
	target 139430 (node 133913) with in degree 12

Execution time and memory used at after iteration 18 (MF = 3.666667): 2.187811e+05 seconds, 4941479936 bytes of memory usage, 6554212 kB of memory peak and 2-12:46:42 elapsed time
Statistics on the network after iteration 18 (MF = 3.666667)
	Number of nodes: 1379917
	Number of allocated nodes: 1380352
	Number of edges: 3843320
	Maximum in degree: 12 (node 126099)
	Maximum out degree: 12 (node 126099)
	source 131234 (node 126099) with out degree 12
	target 139430 (node 133913) with in degree 12

Execution time and memory used at after iteration 19 (MF = 3.916667): 2.229741e+05 seconds, 4941479936 bytes of memory usage, 6554212 kB of memory peak and 2-13:56:35 elapsed time
Statistics on the network after iteration 19 (MF = 3.916667)
	Number of nodes: 1379917
	Number of allocated nodes: 1380352
	Number of edges: 3843320
	Maximum in degree: 12 (node 126099)
	Maximum out degree: 12 (node 126099)
	source 131234 (node 126099) with out degree 12
	target 139430 (node 133913) with in degree 12

Execution time and memory used at after iteration 20 (MF = 3.666667): 2.330713e+05 seconds, 4941479936 bytes of memory usage, 6554212 kB of memory peak and 2-16:44:53 elapsed time
Statistics on the network after iteration 20 (MF = 3.666667)
	Number of nodes: 1379917
	Number of allocated nodes: 1380352
	Number of edges: 3843320
	Maximum in degree: 12 (node 126099)
	Maximum out degree: 12 (node 126099)
	source 131234 (node 126099) with out degree 12
	target 139430 (node 133913) with in degree 12

Execution time and memory used at after iteration 21 (MF = 4.250000): 2.407598e+05 seconds, 4941479936 bytes of memory usage, 7101024 kB of memory peak and 2-18:53:03 elapsed time
Statistics on the network after iteration 21 (MF = 4.250000)
	Number of nodes: 1379917
	Number of allocated nodes: 1380352
	Number of edges: 3843320
	Maximum in degree: 12 (node 126099)
	Maximum out degree: 12 (node 126099)
	source 131234 (node 126099) with out degree 12
	target 139430 (node 133913) with in degree 12

Execution time and memory used at after iteration 22 (MF = 3.833333): 2.479505e+05 seconds, 4941479936 bytes of memory usage, 7101024 kB of memory peak and 2-20:52:54 elapsed time
Statistics on the network after iteration 22 (MF = 3.833333)
	Number of nodes: 1379917
	Number of allocated nodes: 1380352
	Number of edges: 3843320
	Maximum in degree: 12 (node 126099)
	Maximum out degree: 12 (node 126099)
	source 131234 (node 126099) with out degree 12
	target 139430 (node 133913) with in degree 12

Execution time and memory used at after iteration 23 (MF = 4.500000): 2.608663e+05 seconds, 4941479936 bytes of memory usage, 7283308 kB of memory peak and 3-00:28:12 elapsed time
Statistics on the network after iteration 23 (MF = 4.500000)
	Number of nodes: 1379917
	Number of allocated nodes: 1380352
	Number of edges: 3843320
	Maximum in degree: 12 (node 126099)
	Maximum out degree: 12 (node 126099)
	source 131234 (node 126099) with out degree 12
	target 139430 (node 133913) with in degree 12

Execution time and memory used at after iteration 24 (MF = 4.500000): 2.761103e+05 seconds, 4941479936 bytes of memory usage, 7284964 kB of memory peak and 3-04:42:18 elapsed time
Statistics on the network after iteration 24 (MF = 4.500000)
	Number of nodes: 1379917
	Number of allocated nodes: 1380352
	Number of edges: 3843320
	Maximum in degree: 12 (node 126099)
	Maximum out degree: 12 (node 126099)
	source 131234 (node 126099) with out degree 12
	target 139430 (node 133913) with in degree 12

Execution time and memory used at after iteration 25 (MF = 4.500000): 2.888956e+05 seconds, 4941479936 bytes of memory usage, 8739848 kB of memory peak and 3-08:15:25 elapsed time
Statistics on the network after iteration 25 (MF = 4.500000)
	Number of nodes: 1379917
	Number of allocated nodes: 1380352
	Number of edges: 3843320
	Maximum in degree: 12 (node 126099)
	Maximum out degree: 12 (node 126099)
	source 131234 (node 126099) with out degree 12
	target 139430 (node 133913) with in degree 12

Execution time and memory used at after iteration 26 (MF = 4.500000): 3.044672e+05 seconds, 4941479936 bytes of memory usage, 8739848 kB of memory peak and 3-12:34:59 elapsed time
Statistics on the network after iteration 26 (MF = 4.500000)
	Number of nodes: 1379917
	Number of allocated nodes: 1380352
	Number of edges: 3843320
	Maximum in degree: 12 (node 126099)
	Maximum out degree: 12 (node 126099)
	source 131234 (node 126099) with out degree 12
	target 139430 (node 133913) with in degree 12

Execution time and memory used at after iteration 27 (MF = 4.250000): 3.201337e+05 seconds, 4941479936 bytes of memory usage, 8739848 kB of memory peak and 3-16:56:08 elapsed time
Statistics on the network after iteration 27 (MF = 4.250000)
	Number of nodes: 1379917
	Number of allocated nodes: 1380352
	Number of edges: 3843320
	Maximum in degree: 12 (node 126099)
	Maximum out degree: 12 (node 126099)
	source 131234 (node 126099) with out degree 12
	target 139430 (node 133913) with in degree 12

Execution time and memory used at after iteration 28 (MF = 4.250000): 3.313748e+05 seconds, 4941479936 bytes of memory usage, 8739848 kB of memory peak and 3-20:03:31 elapsed time
Statistics on the network after iteration 28 (MF = 4.250000)
	Number of nodes: 1379917
	Number of allocated nodes: 1380352
	Number of edges: 3843320
	Maximum in degree: 12 (node 126099)
	Maximum out degree: 12 (node 126099)
	source 131234 (node 126099) with out degree 12
	target 139430 (node 133913) with in degree 12

Execution time and memory used at after iteration 29 (MF = 3.916667): 3.426499e+05 seconds, 4941479936 bytes of memory usage, 8739848 kB of memory peak and 3-23:11:27 elapsed time
Statistics on the network after iteration 29 (MF = 3.916667)
	Number of nodes: 1379917
	Number of allocated nodes: 1380352
	Number of edges: 3843320
	Maximum in degree: 12 (node 126099)
	Maximum out degree: 12 (node 126099)
	source 131234 (node 126099) with out degree 12
	target 139430 (node 133913) with in degree 12
