Version 1.2 launched as -e 0.1 12 input/ego-Twitter.html/twitter_combined.txt.gz 840


Execution time and memory used at after reading from file: 3.719900e+02 seconds, 81362944 bytes of memory usage, 79492 kB of memory peak and 06:12 elapsed time
Statistics on the network after reading from file
	Number of nodes: 81306
	Number of allocated nodes: 81920
	Number of edges: 1768135
	Maximum in degree: 3383 (node 115485051)
	Maximum out degree: 1205 (node 59804598)

Execution time and memory used at after adding costs: 3.720800e+02 seconds, 81362944 bytes of memory usage, 79492 kB of memory peak and 06:12 elapsed time
Statistics on the network after adding costs
	Number of nodes: 81306
	Number of allocated nodes: 81920
	Number of edges: 1768135
	Maximum in degree: 3383 (node 115485051)
	Maximum out degree: 1205 (node 59804598)

Execution time and memory used at before starting main computation: 3.763100e+02 seconds, 83525632 bytes of memory usage, 82404 kB of memory peak and 06:16 elapsed time
Statistics on the network before starting main computation
	Number of nodes: 81306
	Number of allocated nodes: 81920
	Number of edges: 1768135
	Maximum in degree: 3383 (node 115485051)
	Maximum out degree: 1205 (node 59804598)
	source 2969 (node 59804598) with out degree 1205
	target 1758 (node 115485051) with in degree 3383

Execution time and memory used at after iteration 1 (MF = 632.820619): 7.902270e+03 seconds, 1649147904 bytes of memory usage, 2211892 kB of memory peak and 02:11:43 elapsed time
Statistics on the network after iteration 1 (MF = 632.820619)
	Number of nodes: 81306
	Number of allocated nodes: 81920
	Number of edges: 1768135
	Maximum in degree: 3383 (node 115485051)
	Maximum out degree: 1205 (node 59804598)
	source 2969 (node 59804598) with out degree 1205
	target 1758 (node 115485051) with in degree 3383

Execution time and memory used at after iteration 2 (MF = 565.717088): 1.167549e+04 seconds, 2567184384 bytes of memory usage, 2749960 kB of memory peak and 03:14:36 elapsed time
Statistics on the network after iteration 2 (MF = 565.717088)
	Number of nodes: 81306
	Number of allocated nodes: 81920
	Number of edges: 1768135
	Maximum in degree: 3383 (node 115485051)
	Maximum out degree: 1205 (node 59804598)
	source 2969 (node 59804598) with out degree 1205
	target 1758 (node 115485051) with in degree 3383

Execution time and memory used at after iteration 3 (MF = 239.879686): 1.206107e+04 seconds, 2567184384 bytes of memory usage, 2749960 kB of memory peak and 03:21:02 elapsed time
Statistics on the network after iteration 3 (MF = 239.879686)
	Number of nodes: 81306
	Number of allocated nodes: 81920
	Number of edges: 1768135
	Maximum in degree: 3383 (node 115485051)
	Maximum out degree: 1205 (node 59804598)
	source 2969 (node 59804598) with out degree 1205
	target 1758 (node 115485051) with in degree 3383
