GLPSOL--GLPK LP/MIP Solver 5.0
Parameter(s) specified in the command line:
 --lp input/Oregon-1.html/oregon1_010331.txt.gz.36.lp.reach_chain_detours.lp
 -o input/Oregon-1.html/oregon1_010331.txt.gz.36.lp.reach_chain_detours.lp.sol
Reading problem data from 'input/Oregon-1.html/oregon1_010331.txt.gz.36.lp.reach_chain_detours.lp'...
1764 rows, 3880 columns, 8807 non-zeros
3880 integer variables, all of which are binary
5649 lines were read
GLPK Integer Optimizer 5.0
1764 rows, 3880 columns, 8807 non-zeros
3880 integer variables, all of which are binary
Preprocessing...
1 hidden packing inequaliti(es) were detected
1762 rows, 3878 columns, 8525 non-zeros
3878 integer variables, all of which are binary
Scaling...
 A: min|aij| =  1.000e+00  max|aij| =  1.000e+00  ratio =  1.000e+00
Problem data seem to be well scaled
Constructing initial basis...
Size of triangular part is 1762
Solving LP relaxation...
GLPK Simplex Optimizer 5.0
1762 rows, 3878 columns, 8525 non-zeros
      0: obj =   0.000000000e+00 inf =   1.170e+02 (117)
    117: obj =   4.780081600e+01 inf =   0.000e+00 (0)
Perturbing LP to avoid stalling [699]...
Removing LP perturbation [1244]...
*  1244: obj =   2.367652271e+01 inf =   8.882e-16 (0) 8
OPTIMAL LP SOLUTION FOUND
Integer optimization begins...
Long-step dual simplex will be used
+  1244: mip =     not found yet >=              -inf        (1; 0)
+  1381: >>>>>   2.440121800e+01 >=   2.369641871e+01   2.9% (9; 0)
+  1399: >>>>>   2.373927400e+01 >=   2.371433680e+01   0.1% (9; 1)
+  1415: mip =   2.373927400e+01 >=     tree is empty   0.0% (0; 19)
INTEGER OPTIMAL SOLUTION FOUND
Time used:   0.4 secs
Memory used: 4.9 Mb (5128440 bytes)
Writing MIP solution to 'input/Oregon-1.html/oregon1_010331.txt.gz.36.lp.reach_chain_detours.lp.sol'...
Objective:  obj = 23.739274 (MINimum)
