GLPSOL--GLPK LP/MIP Solver 5.0
Parameter(s) specified in the command line:
 --lp input/ca-GrQc.html/ca-GrQc.txt.gz.45.lp -o input/ca-GrQc.html/ca-GrQc.txt.gz.45.lp.sol
Reading problem data from 'input/ca-GrQc.html/ca-GrQc.txt.gz.45.lp'...
28971 rows, 63177 columns, 144842 non-zeros
63177 integer variables, all of which are binary
92153 lines were read
GLPK Integer Optimizer 5.0
28971 rows, 63177 columns, 144842 non-zeros
63177 integer variables, all of which are binary
Preprocessing...
28829 rows, 63035 columns, 144140 non-zeros
63035 integer variables, all of which are binary
Scaling...
 A: min|aij| =  1.000e+00  max|aij| =  1.000e+00  ratio =  1.000e+00
Problem data seem to be well scaled
Constructing initial basis...
Size of triangular part is 28829
Solving LP relaxation...
GLPK Simplex Optimizer 5.0
28829 rows, 63035 columns, 144140 non-zeros
      0: obj =   0.000000000e+00 inf =   5.900e+01 (59)
     59: obj =   6.472839900e+01 inf =   0.000e+00 (0)
Perturbing LP to avoid stalling [414]...
*  2999: obj =   1.185186000e+00 inf =   0.000e+00 (502) 25
*  5310: obj =   1.185186000e+00 inf =   0.000e+00 (789) 21
*  7959: obj =   4.074080000e-01 inf =   0.000e+00 (1702) 24
* 10447: obj =   4.074080000e-01 inf =   0.000e+00 (1784) 25
* 12914: obj =   4.074080000e-01 inf =   0.000e+00 (1343) 24
* 15088: obj =   8.642000000e-02 inf =   0.000e+00 (439) 20
Removing LP perturbation [15555]...
* 15555: obj =   8.642000000e-02 inf =   0.000e+00 (0) 5
OPTIMAL LP SOLUTION FOUND
Integer optimization begins...
Long-step dual simplex will be used
+ 15555: mip =     not found yet >=              -inf        (1; 0)
+ 15555: >>>>>   8.642000000e-02 >=   8.642000000e-02   0.0% (1; 0)
+ 15555: mip =   8.642000000e-02 >=     tree is empty   0.0% (0; 1)
INTEGER OPTIMAL SOLUTION FOUND
Time used:   31.4 secs
Memory used: 76.0 Mb (79703917 bytes)
Writing MIP solution to 'input/ca-GrQc.html/ca-GrQc.txt.gz.45.lp.sol'...
Objective:  obj = 0.08642 (MINimum)
