GLPSOL--GLPK LP/MIP Solver 5.0
Parameter(s) specified in the command line:
 --lp input/email-Eu-core-temporal.html/email-Eu-core-temporal-Dept1.txt.gz.7.lp
 -o input/email-Eu-core-temporal.html/email-Eu-core-temporal-Dept1.txt.gz.7.lp.sol
Reading problem data from 'input/email-Eu-core-temporal.html/email-Eu-core-temporal-Dept1.txt.gz.7.lp'...
3034 rows, 6371 columns, 15157 non-zeros
6371 integer variables, all of which are binary
9410 lines were read
GLPK Integer Optimizer 5.0
3034 rows, 6371 columns, 15157 non-zeros
6371 integer variables, all of which are binary
Preprocessing...
2957 rows, 6293 columns, 14783 non-zeros
6293 integer variables, all of which are binary
Scaling...
 A: min|aij| =  1.000e+00  max|aij| =  1.000e+00  ratio =  1.000e+00
Problem data seem to be well scaled
Constructing initial basis...
Size of triangular part is 2957
Solving LP relaxation...
GLPK Simplex Optimizer 5.0
2957 rows, 6293 columns, 14783 non-zeros
      0: obj =   0.000000000e+00 inf =   1.900e+01 (19)
     19: obj =   3.301717100e+08 inf =   0.000e+00 (0)
Perturbing LP to avoid stalling [223]...
Removing LP perturbation [664]...
*   664: obj =   1.051916870e+08 inf =   0.000e+00 (0) 5
OPTIMAL LP SOLUTION FOUND
Integer optimization begins...
Long-step dual simplex will be used
+   664: mip =     not found yet >=              -inf        (1; 0)
+   664: >>>>>   1.051916870e+08 >=   1.051916870e+08   0.0% (1; 0)
+   664: mip =   1.051916870e+08 >=     tree is empty   0.0% (0; 1)
INTEGER OPTIMAL SOLUTION FOUND
Time used:   0.1 secs
Memory used: 7.6 Mb (7990271 bytes)
Writing MIP solution to 'input/email-Eu-core-temporal.html/email-Eu-core-temporal-Dept1.txt.gz.7.lp.sol'...
Objective:  obj = 105191687 (MINimum)
