	Command being timed: "/usr/app/src/glpk-5.0/examples/glpsol --lp input/soc-RedditHyperlinks.html/soc-redditHyperlinks-body.tsv.gz.1206.lp.reach_chain_detours.lp -o input/soc-RedditHyperlinks.html/soc-redditHyperlinks-body.tsv.gz.1206.lp.reach_chain_detours.lp.sol"
	User time (seconds): 108520.59
	System time (seconds): 26.12
	Percent of CPU this job got: 99%
	Elapsed (wall clock) time (h:mm:ss or m:ss): 30:09:15
	Average shared text size (kbytes): 0
	Average unshared data size (kbytes): 0
	Average stack size (kbytes): 0
	Average total size (kbytes): 0
	Maximum resident set size (kbytes): 253392
	Average resident set size (kbytes): 0
	Major (requiring I/O) page faults: 6
	Minor (reclaiming a frame) page faults: 8763852
	Voluntary context switches: 16901
	Involuntary context switches: 140809
	Swaps: 0
	File system inputs: 1120
	File system outputs: 76784
	Socket messages sent: 0
	Socket messages received: 0
	Signals delivered: 0
	Page size (bytes): 4096
	Exit status: 0
