GLPSOL--GLPK LP/MIP Solver 5.0
Parameter(s) specified in the command line:
 --lp input/Oregon-2.html/oregon2_010414.txt.gz.230.lp -o input/Oregon-2.html/oregon2_010414.txt.gz.230.lp.sol
Reading problem data from 'input/Oregon-2.html/oregon2_010414.txt.gz.230.lp'...
31765 rows, 74543 columns, 158812 non-zeros
74543 integer variables, all of which are binary
106313 lines were read
GLPK Integer Optimizer 5.0
31765 rows, 74543 columns, 158812 non-zeros
74543 integer variables, all of which are binary
Preprocessing...
1 hidden packing inequaliti(es) were detected
31373 rows, 74124 columns, 154678 non-zeros
74124 integer variables, all of which are binary
Scaling...
 A: min|aij| =  1.000e+00  max|aij| =  1.000e+00  ratio =  1.000e+00
Problem data seem to be well scaled
Constructing initial basis...
Size of triangular part is 31373
Solving LP relaxation...
GLPK Simplex Optimizer 5.0
31373 rows, 74124 columns, 154678 non-zeros
      0: obj =   0.000000000e+00 inf =   2.380e+02 (238)
    238: obj =   6.296851700e+01 inf =   0.000e+00 (0)
Perturbing LP to avoid stalling [573]...
*  3360: obj =   4.432580734e-01 inf =   6.792e-05 (576) 25
Removing LP perturbation [3822]...
*  3822: obj =   0.000000000e+00 inf =   7.941e-13 (0) 4
OPTIMAL LP SOLUTION FOUND
Integer optimization begins...
Long-step dual simplex will be used
+  3822: mip =     not found yet >=              -inf        (1; 0)
Solution found by heuristic: 0
+  3822: mip =   0.000000000e+00 >=     tree is empty   0.0% (0; 1)
INTEGER OPTIMAL SOLUTION FOUND
Time used:   6.3 secs
Memory used: 85.3 Mb (89395670 bytes)
Writing MIP solution to 'input/Oregon-2.html/oregon2_010414.txt.gz.230.lp.sol'...
Objective:  obj = 0 (MINimum)
