GLPSOL--GLPK LP/MIP Solver 5.0
Parameter(s) specified in the command line:
 --lp input/p2p-Gnutella09.html/p2p-Gnutella09.txt.gz.12.lp -o input/p2p-Gnutella09.html/p2p-Gnutella09.txt.gz.12.lp.sol
Reading problem data from 'input/p2p-Gnutella09.html/p2p-Gnutella09.txt.gz.12.lp'...
26016 rows, 60140 columns, 130067 non-zeros
60140 integer variables, all of which are binary
86161 lines were read
GLPK Integer Optimizer 5.0
26016 rows, 60140 columns, 130067 non-zeros
60140 integer variables, all of which are binary
Preprocessing...
26002 rows, 60126 columns, 129864 non-zeros
60126 integer variables, all of which are binary
Scaling...
 A: min|aij| =  1.000e+00  max|aij| =  1.000e+00  ratio =  1.000e+00
Problem data seem to be well scaled
Constructing initial basis...
Size of triangular part is 26002
Solving LP relaxation...
GLPK Simplex Optimizer 5.0
26002 rows, 60126 columns, 129864 non-zeros
      0: obj =   0.000000000e+00 inf =   9.200e+01 (92)
     92: obj =   7.087581700e+01 inf =   0.000e+00 (0)
Perturbing LP to avoid stalling [295]...
*  2843: obj =   6.423180933e+01 inf =   0.000e+00 (870) 20
*  4857: obj =   4.740876236e+01 inf =   4.940e-03 (1718) 19
*  6611: obj =   4.740763468e+01 inf =   6.494e-03 (1664) 17
*  8184: obj =   4.740689085e+01 inf =   5.271e-03 (1547) 16
*  9888: obj =   6.653759638e+00 inf =   4.106e-03 (1735) 17
* 12025: obj =   6.652897711e+00 inf =   5.501e-03 (1165) 21
* 14332: obj =   6.293318869e+00 inf =   5.520e-03 (517) 21
Removing LP perturbation [14917]...
* 14917: obj =   6.267974000e+00 inf =   0.000e+00 (0) 5
OPTIMAL LP SOLUTION FOUND
Integer optimization begins...
Long-step dual simplex will be used
+ 14917: mip =     not found yet >=              -inf        (1; 0)
+ 14917: >>>>>   6.267974000e+00 >=   6.267974000e+00   0.0% (1; 0)
+ 14917: mip =   6.267974000e+00 >=     tree is empty   0.0% (0; 1)
INTEGER OPTIMAL SOLUTION FOUND
Time used:   36.2 secs
Memory used: 70.5 Mb (73936676 bytes)
Writing MIP solution to 'input/p2p-Gnutella09.html/p2p-Gnutella09.txt.gz.12.lp.sol'...
Objective:  obj = 6.267974 (MINimum)
