GLPSOL--GLPK LP/MIP Solver 5.0
Parameter(s) specified in the command line:
 --lp input/sx-mathoverflow.html/sx-mathoverflow-c2a.txt.gz.486.lp.reach_chain_detours.lp
 -o input/sx-mathoverflow.html/sx-mathoverflow-c2a.txt.gz.486.lp.reach_chain_detours.lp.sol
Reading problem data from 'input/sx-mathoverflow.html/sx-mathoverflow-c2a.txt.gz.486.lp.reach_chain_detours.lp'...
57144 rows, 117565 columns, 285707 non-zeros
117565 integer variables, all of which are binary
174714 lines were read
GLPK Integer Optimizer 5.0
57144 rows, 117565 columns, 285707 non-zeros
117565 integer variables, all of which are binary
Preprocessing...
1 hidden packing inequaliti(es) were detected
56900 rows, 117321 columns, 283805 non-zeros
117321 integer variables, all of which are binary
Scaling...
 A: min|aij| =  1.000e+00  max|aij| =  1.000e+00  ratio =  1.000e+00
Problem data seem to be well scaled
Constructing initial basis...
Size of triangular part is 56900
Solving LP relaxation...
GLPK Simplex Optimizer 5.0
56900 rows, 117321 columns, 283805 non-zeros
      0: obj =   0.000000000e+00 inf =   4.940e+02 (494)
    494: obj =   6.662566595e+11 inf =   0.000e+00 (0)
Perturbing LP to avoid stalling [693]...
*  1668: obj =   6.648002780e+11 inf =   0.000e+00 (1021) 6
*  2472: obj =   6.648002780e+11 inf =   0.000e+00 (1057) 8
*  3217: obj =   6.648002780e+11 inf =   0.000e+00 (1095) 7
*  3949: obj =   6.648002780e+11 inf =   0.000e+00 (1105) 6
*  4681: obj =   6.648002780e+11 inf =   0.000e+00 (1140) 7
*  5429: obj =   6.648002780e+11 inf =   0.000e+00 (1167) 7
*  6193: obj =   6.648002780e+11 inf =   0.000e+00 (1179) 8
*  6975: obj =   6.648002780e+11 inf =   0.000e+00 (1201) 7
*  7762: obj =   6.648002780e+11 inf =   0.000e+00 (1246) 8
*  8400: obj =   3.685030856e+11 inf =   0.000e+00 (3500) 6
*  8933: obj =   3.685030732e+11 inf =   1.144e-03 (3436) 6
*  9486: obj =   3.685029801e+11 inf =   1.023e-02 (3337) 5
*  9998: obj =   3.685027571e+11 inf =   2.476e-02 (3335) 5
* 10526: obj =   3.685025256e+11 inf =   3.684e-02 (3295) 5
* 11050: obj =   3.685022424e+11 inf =   4.575e-02 (3255) 6
* 11633: obj =   3.685021635e+11 inf =   4.572e-02 (3192) 5
* 12115: obj =   3.685019802e+11 inf =   5.259e-02 (3186) 5
* 12644: obj =   3.685018345e+11 inf =   5.868e-02 (3132) 5
* 13147: obj =   3.685015959e+11 inf =   6.502e-02 (3072) 5
* 13643: obj =   3.685014520e+11 inf =   6.805e-02 (3044) 5
* 14162: obj =   3.685012927e+11 inf =   7.128e-02 (3036) 5
* 14665: obj =   3.685010960e+11 inf =   7.206e-02 (3020) 5
* 15187: obj =   3.685010023e+11 inf =   7.635e-02 (2948) 5
* 15715: obj =   3.630982150e+11 inf =   7.432e-02 (2953) 6
* 16250: obj =   3.630981188e+11 inf =   7.199e-02 (2927) 5
* 16762: obj =   3.630979774e+11 inf =   7.238e-02 (2912) 5
* 17378: obj =   3.519905980e+11 inf =   7.085e-02 (2897) 6
* 17910: obj =   3.505870639e+11 inf =   6.415e-02 (2875) 5
* 18459: obj =   3.468769639e+11 inf =   6.265e-02 (2892) 6
* 18997: obj =   3.468768872e+11 inf =   5.487e-02 (2854) 5
* 19486: obj =   3.443180352e+11 inf =   5.111e-02 (2848) 5
* 20006: obj =   3.394076498e+11 inf =   4.842e-02 (2801) 5
* 20517: obj =   2.999898927e+11 inf =   4.676e-02 (2855) 5
* 21047: obj =   2.977122150e+11 inf =   4.472e-02 (2805) 5
* 21548: obj =   2.965697697e+11 inf =   4.428e-02 (2746) 5
* 22045: obj =   2.948728389e+11 inf =   4.282e-02 (2578) 5
* 22552: obj =   2.948727707e+11 inf =   3.887e-02 (2358) 5
* 23044: obj =   2.948727308e+11 inf =   3.866e-02 (2244) 5
* 23565: obj =   2.948726343e+11 inf =   3.665e-02 (2111) 5
* 24080: obj =   2.948725650e+11 inf =   3.624e-02 (1976) 5
* 24602: obj =   2.944457923e+11 inf =   3.359e-02 (1864) 5
* 25114: obj =   2.944457438e+11 inf =   3.274e-02 (1735) 5
* 25679: obj =   2.712985806e+11 inf =   3.152e-02 (1604) 6
* 26213: obj =   2.261427741e+11 inf =   3.009e-02 (1482) 5
* 26717: obj =   1.607230390e+11 inf =   2.864e-02 (1407) 5
* 27228: obj =   6.236674882e+10 inf =   2.779e-02 (1287) 4
* 27793: obj =   2.752009196e+09 inf =   2.616e-02 (1607) 6
* 28402: obj =   2.749712463e+09 inf =   3.683e-02 (1507) 6
* 28964: obj =   2.748585996e+09 inf =   6.389e-02 (1492) 6
* 29428: obj =   2.748385501e+09 inf =   6.656e-02 (1407) 4
* 29873: obj =   2.748316704e+09 inf =   6.425e-02 (1336) 5
* 30592: obj =   1.293901258e+09 inf =   6.172e-02 (1378) 6
* 31032: obj =   1.293841324e+09 inf =   6.094e-02 (1056) 4
* 31417: obj =   1.293832592e+09 inf =   5.978e-02 (685) 4
* 31970: obj =   1.290440654e+09 inf =   3.393e-02 (3096) 5
* 32554: obj =   1.289345557e+09 inf =   4.842e-02 (2920) 6
* 33193: obj =   1.288924184e+09 inf =   5.644e-02 (2741) 6
* 33838: obj =   1.288636331e+09 inf =   5.612e-02 (2629) 6
* 34502: obj =   1.288476330e+09 inf =   5.663e-02 (2585) 7
* 35242: obj =  -1.114724388e+06 inf =   5.714e-02 (1055) 7
* 35891: obj =  -1.615369726e+06 inf =   5.829e-02 (951) 7
* 36537: obj =  -1.947323949e+06 inf =   7.056e-02 (786) 6
* 37195: obj =  -2.251058755e+06 inf =   8.753e-02 (642) 7
* 37918: obj =  -2.302321453e+06 inf =   9.071e-02 (603) 7
* 38621: obj =  -2.425737627e+06 inf =   9.807e-02 (507) 7
Removing LP perturbation [39481]...
* 39481: obj =   0.000000000e+00 inf =   0.000e+00 (0) 7
OPTIMAL LP SOLUTION FOUND
Integer optimization begins...
Long-step dual simplex will be used
+ 39481: mip =     not found yet >=              -inf        (1; 0)
+ 39481: >>>>>   0.000000000e+00 >=   0.000000000e+00   0.0% (1; 0)
+ 39481: mip =   0.000000000e+00 >=     tree is empty   0.0% (0; 1)
INTEGER OPTIMAL SOLUTION FOUND
Time used:   333.3 secs
Memory used: 146.3 Mb (153389495 bytes)
Writing MIP solution to 'input/sx-mathoverflow.html/sx-mathoverflow-c2a.txt.gz.486.lp.reach_chain_detours.lp.sol'...
Objective:  obj = 0 (MINimum)
