GLPSOL--GLPK LP/MIP Solver 5.0
Parameter(s) specified in the command line:
 --lp input/com-Amazon.html/com-amazon.ungraph.txt.gz.80.lp -o input/com-Amazon.html/com-amazon.ungraph.txt.gz.80.lp.sol
Reading problem data from 'input/com-Amazon.html/com-amazon.ungraph.txt.gz.80.lp'...
925875 rows, 2186607 columns, 4629362 non-zeros
2186607 integer variables, all of which are binary
3112487 lines were read
GLPK Integer Optimizer 5.0
925875 rows, 2186607 columns, 4629362 non-zeros
2186607 integer variables, all of which are binary
Preprocessing...
925772 rows, 2186494 columns, 4628572 non-zeros
2186494 integer variables, all of which are binary
Scaling...
 A: min|aij| =  1.000e+00  max|aij| =  1.000e+00  ratio =  1.000e+00
Problem data seem to be well scaled
Constructing initial basis...
Size of triangular part is 925772
Solving LP relaxation...
GLPK Simplex Optimizer 5.0
925772 rows, 2186494 columns, 4628572 non-zeros
      0: obj =   0.000000000e+00 inf =   2.160e+02 (216)
    117: obj =   3.925352000e+01 inf =   9.900e+01 (99)
    216: obj =   7.145240400e+01 inf =   0.000e+00 (0)
*   334: obj =   7.031795100e+01 inf =   0.000e+00 (227)
Perturbing LP to avoid stalling [417]...
*   439: obj =   7.031795100e+01 inf =   0.000e+00 (230) 1
*   543: obj =   6.668601840e+01 inf =   0.000e+00 (451) 1
*   653: obj =   6.120254168e+01 inf =   0.000e+00 (425) 1
*   779: obj =   5.606054309e+01 inf =   0.000e+00 (482)
*   890: obj =   4.867158603e+01 inf =   0.000e+00 (508)
*  1000: obj =   3.923918990e+01 inf =   0.000e+00 (573) 1
*  1102: obj =   2.709531456e+01 inf =   3.000e-08 (445) 1
*  1232: obj =   1.350700894e+01 inf =   1.086e-06 (926022)
*  1341: obj =   7.962189925e+00 inf =   1.027e-06 (395) 1
*  1455: obj =   2.499999922e+00 inf =   9.425e-07 (345) 1
*  1566: obj =   9.145639128e-01 inf =   9.045e-07 (288)
*  1670: obj =   2.661049123e-01 inf =   6.592e-07 (202) 1
*  1781: obj =   8.963490416e-02 inf =   8.145e-07 (201)
Removing LP perturbation [1868]...
*  1868: obj =   0.000000000e+00 inf =   4.596e-14 (0) 1
OPTIMAL LP SOLUTION FOUND
Integer optimization begins...
Long-step dual simplex will be used
+  1868: mip =     not found yet >=              -inf        (1; 0)
+  1868: mip =     not found yet >=   0.000000000e+00        (2; 0)
Solution found by heuristic: 0
+  1879: mip =   0.000000000e+00 >=     tree is empty   0.0% (0; 3)
INTEGER OPTIMAL SOLUTION FOUND
Time used:   98.6 secs
Memory used: 2635.9 Mb (2763964784 bytes)
Writing MIP solution to 'input/com-Amazon.html/com-amazon.ungraph.txt.gz.80.lp.sol'...
Objective:  obj = 0 (MINimum)
