GLPSOL--GLPK LP/MIP Solver 5.0
Parameter(s) specified in the command line:
 --lp input/gemsec-Deezer.html/RO_edges.csv.gz.12.lp -o input/gemsec-Deezer.html/RO_edges.csv.gz.12.lp.sol
Reading problem data from 'input/gemsec-Deezer.html/RO_edges.csv.gz.12.lp'...
125830 rows, 293429 columns, 629137 non-zeros
293429 integer variables, all of which are binary
419264 lines were read
GLPK Integer Optimizer 5.0
125830 rows, 293429 columns, 629137 non-zeros
293429 integer variables, all of which are binary
Preprocessing...
125808 rows, 293407 columns, 628881 non-zeros
293407 integer variables, all of which are binary
Scaling...
 A: min|aij| =  1.000e+00  max|aij| =  1.000e+00  ratio =  1.000e+00
Problem data seem to be well scaled
Constructing initial basis...
Size of triangular part is 125808
Solving LP relaxation...
GLPK Simplex Optimizer 5.0
125808 rows, 293407 columns, 628881 non-zeros
      0: obj =   0.000000000e+00 inf =   6.500e+01 (65)
     65: obj =   3.518966100e+01 inf =   0.000e+00 (0)
Perturbing LP to avoid stalling [286]...
*   920: obj =   2.147126700e+01 inf =   0.000e+00 (125956) 4
*  1684: obj =   1.541379700e+01 inf =   0.000e+00 (579) 6
*  2466: obj =   1.491954400e+01 inf =   0.000e+00 (485) 6
*  3236: obj =   5.350577000e+00 inf =   0.000e+00 (266) 5
*  3932: obj =   4.896555000e+00 inf =   0.000e+00 (287) 5
*  4550: obj =   2.665520200e+00 inf =   0.000e+00 (202) 5
Removing LP perturbation [5242]...
*  5242: obj =   7.816100000e-01 inf =   3.053e-16 (0) 5
OPTIMAL LP SOLUTION FOUND
Integer optimization begins...
Long-step dual simplex will be used
+  5242: mip =     not found yet >=              -inf        (1; 0)
+  5242: >>>>>   7.816100000e-01 >=   7.816100000e-01   0.0% (1; 0)
+  5242: mip =   7.816100000e-01 >=     tree is empty   0.0% (0; 1)
INTEGER OPTIMAL SOLUTION FOUND
Time used:   36.4 secs
Memory used: 339.6 Mb (356109037 bytes)
Writing MIP solution to 'input/gemsec-Deezer.html/RO_edges.csv.gz.12.lp.sol'...
Objective:  obj = 0.78161 (MINimum)
