GLPSOL--GLPK LP/MIP Solver 5.0
Parameter(s) specified in the command line:
 --lp input/soc-sign-bitcoin-alpha.html/soc-sign-bitcoinalpha.csv.gz.250.lp.reach_chain_detours.lp
 -o input/soc-sign-bitcoin-alpha.html/soc-sign-bitcoinalpha.csv.gz.250.lp.reach_chain_detours.lp.sol
Reading problem data from 'input/soc-sign-bitcoin-alpha.html/soc-sign-bitcoinalpha.csv.gz.250.lp.reach_chain_detours.lp'...
21075 rows, 44372 columns, 105362 non-zeros
44372 integer variables, all of which are binary
65452 lines were read
GLPK Integer Optimizer 5.0
21075 rows, 44372 columns, 105362 non-zeros
44372 integer variables, all of which are binary
Preprocessing...
20765 rows, 44062 columns, 103578 non-zeros
44062 integer variables, all of which are binary
Scaling...
 A: min|aij| =  1.000e+00  max|aij| =  1.000e+00  ratio =  1.000e+00
Problem data seem to be well scaled
Constructing initial basis...
Size of triangular part is 20765
Solving LP relaxation...
GLPK Simplex Optimizer 5.0
20765 rows, 44062 columns, 103578 non-zeros
      0: obj =   0.000000000e+00 inf =   2.260e+02 (226)
    226: obj =   1.394617150e+02 inf =   0.000e+00 (0)
Perturbing LP to avoid stalling [429]...
*  3437: obj =   1.344211730e+02 inf =   0.000e+00 (324) 29
*  6394: obj =   9.855186938e+01 inf =   0.000e+00 (3650) 27
*  8307: obj =   9.855179587e+01 inf =   1.038e-02 (3450) 19
* 10227: obj =   8.229997740e+01 inf =   1.504e-02 (3584) 19
* 12116: obj =   7.520141745e+01 inf =   1.418e-02 (4137) 17
* 13905: obj =   2.525383529e+01 inf =   1.718e-02 (2908) 18
* 15568: obj =   4.162233556e-01 inf =   2.165e-02 (2032) 16
* 17121: obj =   1.176499221e-01 inf =   3.005e-02 (1788) 16
* 18699: obj =   1.176350785e-01 inf =   3.096e-02 (1588) 15
Removing LP perturbation [18992]...
* 18992: obj =   0.000000000e+00 inf =   4.233e-16 (0) 3
OPTIMAL LP SOLUTION FOUND
Integer optimization begins...
Long-step dual simplex will be used
+ 18992: mip =     not found yet >=              -inf        (1; 0)
Solution found by heuristic: 0
+ 18992: mip =   0.000000000e+00 >=     tree is empty   0.0% (0; 1)
INTEGER OPTIMAL SOLUTION FOUND
Time used:   46.3 secs
Memory used: 53.3 Mb (55898264 bytes)
Writing MIP solution to 'input/soc-sign-bitcoin-alpha.html/soc-sign-bitcoinalpha.csv.gz.250.lp.reach_chain_detours.lp.sol'...
Objective:  obj = 0 (MINimum)
