GLPSOL--GLPK LP/MIP Solver 5.0
Parameter(s) specified in the command line:
 --lp input/p2p-Gnutella30.html/p2p-Gnutella30.txt.gz.12.lp -o input/p2p-Gnutella30.html/p2p-Gnutella30.txt.gz.12.lp.sol
Reading problem data from 'input/p2p-Gnutella30.html/p2p-Gnutella30.txt.gz.12.lp'...
88331 rows, 213338 columns, 441642 non-zeros
213338 integer variables, all of which are binary
301674 lines were read
GLPK Integer Optimizer 5.0
88331 rows, 213338 columns, 441642 non-zeros
213338 integer variables, all of which are binary
Preprocessing...
88323 rows, 213327 columns, 441520 non-zeros
213327 integer variables, all of which are binary
Scaling...
 A: min|aij| =  1.000e+00  max|aij| =  1.000e+00  ratio =  1.000e+00
Problem data seem to be well scaled
Constructing initial basis...
Size of triangular part is 88323
Solving LP relaxation...
GLPK Simplex Optimizer 5.0
88323 rows, 213327 columns, 441520 non-zeros
      0: obj =   0.000000000e+00 inf =   4.200e+01 (42)
     42: obj =   2.323148200e+01 inf =   0.000e+00 (0)
Perturbing LP to avoid stalling [253]...
*  1154: obj =   1.615740800e+01 inf =   0.000e+00 (357) 5
*  2050: obj =   1.615740800e+01 inf =   0.000e+00 (410) 6
*  2785: obj =   1.615740800e+01 inf =   0.000e+00 (536) 5
*  3490: obj =   1.615740800e+01 inf =   0.000e+00 (88822) 5
*  4177: obj =   1.615740800e+01 inf =   0.000e+00 (667) 5
*  4841: obj =   1.615740800e+01 inf =   0.000e+00 (680) 6
*  5476: obj =   1.615740800e+01 inf =   0.000e+00 (768) 5
*  6078: obj =   1.615740800e+01 inf =   0.000e+00 (780) 4
*  6678: obj =   1.615740800e+01 inf =   0.000e+00 (926) 5
*  7207: obj =   1.615740800e+01 inf =   0.000e+00 (89034) 5
*  7749: obj =   1.615740800e+01 inf =   0.000e+00 (89067) 4
*  8284: obj =   1.615740800e+01 inf =   0.000e+00 (1187) 4
*  8791: obj =   1.615740800e+01 inf =   0.000e+00 (1175) 5
*  9310: obj =   1.615740800e+01 inf =   0.000e+00 (1272) 4
*  9815: obj =   1.615740800e+01 inf =   0.000e+00 (1278) 4
* 10253: obj =   1.615740800e+01 inf =   0.000e+00 (1554) 4
* 10727: obj =   1.615740800e+01 inf =   0.000e+00 (1399) 5
* 11183: obj =   2.675925000e+00 inf =   0.000e+00 (1074) 5
* 11753: obj =   2.157406000e+00 inf =   0.000e+00 (852) 5
* 12345: obj =   2.018517000e+00 inf =   0.000e+00 (672) 5
* 12981: obj =   1.972220907e+00 inf =   3.347e-04 (10) 6
Removing LP perturbation [12983]...
* 12983: obj =   1.972221000e+00 inf =   0.000e+00 (0)
OPTIMAL LP SOLUTION FOUND
Integer optimization begins...
Long-step dual simplex will be used
+ 12983: mip =     not found yet >=              -inf        (1; 0)
+ 12983: >>>>>   1.972221000e+00 >=   1.972221000e+00   0.0% (1; 0)
+ 12983: mip =   1.972221000e+00 >=     tree is empty   0.0% (0; 1)
INTEGER OPTIMAL SOLUTION FOUND
Time used:   106.0 secs
Memory used: 243.9 Mb (255773993 bytes)
Writing MIP solution to 'input/p2p-Gnutella30.html/p2p-Gnutella30.txt.gz.12.lp.sol'...
Objective:  obj = 1.972221 (MINimum)
