GLPSOL--GLPK LP/MIP Solver 5.0
Parameter(s) specified in the command line:
 --lp input/soc-sign-bitcoin-alpha.html/soc-sign-bitcoinalpha.csv.gz.175.lp
 -o input/soc-sign-bitcoin-alpha.html/soc-sign-bitcoinalpha.csv.gz.175.lp.sol
Reading problem data from 'input/soc-sign-bitcoin-alpha.html/soc-sign-bitcoinalpha.csv.gz.175.lp'...
24189 rows, 52155 columns, 120932 non-zeros
52155 integer variables, all of which are binary
76349 lines were read
GLPK Integer Optimizer 5.0
24189 rows, 52155 columns, 120932 non-zeros
52155 integer variables, all of which are binary
Preprocessing...
23546 rows, 51508 columns, 117625 non-zeros
51508 integer variables, all of which are binary
Scaling...
 A: min|aij| =  1.000e+00  max|aij| =  1.000e+00  ratio =  1.000e+00
Problem data seem to be well scaled
Constructing initial basis...
Size of triangular part is 23546
Solving LP relaxation...
GLPK Simplex Optimizer 5.0
23546 rows, 51508 columns, 117625 non-zeros
      0: obj =   0.000000000e+00 inf =   2.510e+02 (251)
    251: obj =   1.534256900e+02 inf =   0.000e+00 (0)
Perturbing LP to avoid stalling [454]...
*  3083: obj =   1.483851480e+02 inf =   0.000e+00 (356) 25
*  5640: obj =   1.483851480e+02 inf =   0.000e+00 (392) 25
*  7917: obj =   1.249860927e+02 inf =   1.255e-05 (3206) 21
*  9413: obj =   1.246685786e+02 inf =   5.792e-03 (3135) 15
* 10847: obj =   9.291510559e+01 inf =   7.181e-03 (2931) 14
* 12361: obj =   6.722180057e+01 inf =   1.326e-02 (2982) 14
* 13771: obj =   6.380237663e+01 inf =   1.920e-02 (3354) 13
* 15810: obj =   3.205444347e+01 inf =   9.743e-03 (8877) 20
* 19340: obj =   2.571555624e+01 inf =   8.549e-03 (7414) 31
* 22208: obj =   2.447996480e+01 inf =   2.060e-02 (7007) 24
* 24632: obj =   2.447963077e+01 inf =   1.835e-02 (6810) 22
* 26969: obj =   2.447936302e+01 inf =   1.865e-02 (6538) 22
* 29515: obj =   2.447897484e+01 inf =   1.885e-02 (6122) 23
* 32211: obj =   2.447866191e+01 inf =   1.396e-02 (5344) 24
* 35018: obj =   2.342652730e+01 inf =   1.244e-02 (4458) 24
* 37612: obj =   2.194994392e+01 inf =   1.263e-02 (3896) 23
* 40282: obj =   2.150165674e+01 inf =   1.378e-02 (4155) 23
* 42448: obj =   2.150126527e+01 inf =   1.761e-02 (3407) 22
* 44327: obj =   2.150087447e+01 inf =   2.189e-02 (3114) 18
* 46185: obj =   2.062104878e+01 inf =   1.581e-02 (3888) 19
* 48382: obj =   2.062067653e+01 inf =   1.619e-02 (3419) 21
* 50750: obj =   2.019030610e+01 inf =   1.618e-02 (3090) 22
* 52925: obj =   2.018779155e+01 inf =   1.914e-02 (3915) 22
* 55056: obj =   2.018704381e+01 inf =   1.813e-02 (3404) 21
* 57458: obj =   1.976447082e+01 inf =   1.737e-02 (2831) 22
* 59748: obj =   1.894233563e+01 inf =   1.839e-02 (2718) 22
* 61899: obj =   1.893932701e+01 inf =   1.565e-02 (3196) 22
* 64284: obj =   1.855826738e+01 inf =   1.533e-02 (2735) 22
* 66404: obj =   1.855527298e+01 inf =   1.713e-02 (2910) 21
* 68692: obj =   1.855496546e+01 inf =   1.426e-02 (2223) 21
* 70913: obj =   1.787382669e+01 inf =   1.683e-02 (2575) 22
* 73368: obj =   1.720730337e+01 inf =   1.351e-02 (1839) 22
* 76399: obj =   1.366297336e+01 inf =   1.244e-02 (469) 23
Removing LP perturbation [77002]...
* 77002: obj =   1.344707500e+01 inf =   0.000e+00 (0) 4
OPTIMAL LP SOLUTION FOUND
Integer optimization begins...
Long-step dual simplex will be used
+ 77002: mip =     not found yet >=              -inf        (1; 0)
+ 77002: >>>>>   1.344707500e+01 >=   1.344707500e+01   0.0% (1; 0)
+ 77002: mip =   1.344707500e+01 >=     tree is empty   0.0% (0; 1)
INTEGER OPTIMAL SOLUTION FOUND
Time used:   166.3 secs
Memory used: 62.4 Mb (65416034 bytes)
Writing MIP solution to 'input/soc-sign-bitcoin-alpha.html/soc-sign-bitcoinalpha.csv.gz.175.lp.sol'...
Objective:  obj = 13.447075 (MINimum)
