Launched as 5 input/ca-CondMat.html/ca-CondMat.txt.gz 0


Execution time and memory used at after reading from file: 8.200000e+00 seconds, 23252992 bytes of memory usage, 22744 kB of memory peak and 00:08 elapsed time
Statistics on the network after reading from file
	Number of nodes: 23133
	Number of allocated nodes: 23552
	Number of edges: 186878
	Maximum in degree: 279 (node 73647)
	Maximum out degree: 279 (node 73647)

Execution time and memory used at after adding costs: 8.220000e+00 seconds, 23252992 bytes of memory usage, 22744 kB of memory peak and 00:08 elapsed time
Statistics on the network after adding costs
	Number of nodes: 23133
	Number of allocated nodes: 23552
	Number of edges: 186878
	Maximum in degree: 279 (node 73647)
	Maximum out degree: 279 (node 73647)

Execution time and memory used at before starting main computation: 8.350000e+00 seconds, 23928832 bytes of memory usage, 23884 kB of memory peak and 00:08 elapsed time
Statistics on the network before starting main computation
	Number of nodes: 23133
	Number of allocated nodes: 23552
	Number of edges: 186878
	Maximum in degree: 279 (node 73647)
	Maximum out degree: 279 (node 73647)
	source 349 (node 73647) with out degree 279
	target 3073 (node 78667) with in degree 201

Execution time and memory used at after creating milp without reductions: 8.620000e+00 seconds, 23928832 bytes of memory usage, 23884 kB of memory peak and 00:09 elapsed time
Statistics on the network after creating milp without reductions
	Number of nodes: 23133
	Number of allocated nodes: 23552
	Number of edges: 186878
	Maximum in degree: 279 (node 73647)
	Maximum out degree: 279 (node 73647)
	source 349 (node 73647) with out degree 279
	target 3073 (node 78667) with in degree 201

Execution time and memory used at after reachability and chains reduction: 1.231000e+01 seconds, 24702976 bytes of memory usage, 29928 kB of memory peak and 00:12 elapsed time
Statistics on the network after reachability and chains reduction
	Number of nodes: 19681
	Number of allocated nodes: 23552
	Number of edges: 178905
	Maximum in degree: 272 (node 73647)
	Maximum out degree: 272 (node 73647)
	source 349 (node 73647) with out degree 272
	target 3073 (node 78667) with in degree 197

Execution time and memory used at after detours elimination: 3.498490e+03 seconds, 25579520 bytes of memory usage, 29928 kB of memory peak and 58:19 elapsed time
Statistics on the network after detours elimination
	Number of nodes: 19366
	Number of allocated nodes: 23552
	Number of edges: 177933
	Maximum in degree: 272 (node 73647)
	Maximum out degree: 272 (node 73647)
	source 349 (node 73647) with out degree 272
	target 3073 (node 78667) with in degree 197

Execution time and memory used at after creating milp with detours elimination (all transformations): 3.498710e+03 seconds, 25579520 bytes of memory usage, 29928 kB of memory peak and 58:19 elapsed time
Statistics on the network after creating milp with detours elimination (all transformations)
	Number of nodes: 19366
	Number of allocated nodes: 23552
	Number of edges: 177933
	Maximum in degree: 272 (node 73647)
	Maximum out degree: 272 (node 73647)
	source 349 (node 73647) with out degree 272
	target 3073 (node 78667) with in degree 197
