	Command being timed: "/usr/app/src/glpk-5.0/examples/glpsol --lp input/soc-sign-bitcoin-otc.html/soc-sign-bitcoinotc.csv.gz.287.lp -o input/soc-sign-bitcoin-otc.html/soc-sign-bitcoinotc.csv.gz.287.lp.sol"
	User time (seconds): 1578.13
	System time (seconds): 3.31
	Percent of CPU this job got: 99%
	Elapsed (wall clock) time (h:mm:ss or m:ss): 26:21.74
	Average shared text size (kbytes): 0
	Average unshared data size (kbytes): 0
	Average stack size (kbytes): 0
	Average total size (kbytes): 0
	Maximum resident set size (kbytes): 91644
	Average resident set size (kbytes): 0
	Major (requiring I/O) page faults: 0
	Minor (reclaiming a frame) page faults: 55065
	Voluntary context switches: 200
	Involuntary context switches: 3551
	Swaps: 0
	File system inputs: 0
	File system outputs: 14944
	Socket messages sent: 0
	Socket messages received: 0
	Signals delivered: 0
	Page size (bytes): 4096
	Exit status: 0
