	Command being timed: "/usr/app/src/glpk-5.0/examples/glpsol --lp input/soc-sign-bitcoin-otc.html/soc-sign-bitcoinotc.csv.gz.287.lp.reach_chain_detours.lp -o input/soc-sign-bitcoin-otc.html/soc-sign-bitcoinotc.csv.gz.287.lp.reach_chain_detours.lp.sol"
	User time (seconds): 439.45
	System time (seconds): 1.08
	Percent of CPU this job got: 99%
	Elapsed (wall clock) time (h:mm:ss or m:ss): 7:20.58
	Average shared text size (kbytes): 0
	Average unshared data size (kbytes): 0
	Average stack size (kbytes): 0
	Average total size (kbytes): 0
	Maximum resident set size (kbytes): 77924
	Average resident set size (kbytes): 0
	Major (requiring I/O) page faults: 0
	Minor (reclaiming a frame) page faults: 39639
	Voluntary context switches: 40
	Involuntary context switches: 707
	Swaps: 0
	File system inputs: 0
	File system outputs: 12200
	Socket messages sent: 0
	Socket messages received: 0
	Signals delivered: 0
	Page size (bytes): 4096
	Exit status: 0
