GLPSOL--GLPK LP/MIP Solver 5.0
Parameter(s) specified in the command line:
 --lp input/ca-GrQc.html/ca-GrQc.txt.gz.15.lp -o input/ca-GrQc.html/ca-GrQc.txt.gz.15.lp.sol
Reading problem data from 'input/ca-GrQc.html/ca-GrQc.txt.gz.15.lp'...
28971 rows, 63177 columns, 144842 non-zeros
63177 integer variables, all of which are binary
92153 lines were read
GLPK Integer Optimizer 5.0
28971 rows, 63177 columns, 144842 non-zeros
63177 integer variables, all of which are binary
Preprocessing...
28829 rows, 63035 columns, 144140 non-zeros
63035 integer variables, all of which are binary
Scaling...
 A: min|aij| =  1.000e+00  max|aij| =  1.000e+00  ratio =  1.000e+00
Problem data seem to be well scaled
Constructing initial basis...
Size of triangular part is 28829
Solving LP relaxation...
GLPK Simplex Optimizer 5.0
28829 rows, 63035 columns, 144140 non-zeros
      0: obj =   0.000000000e+00 inf =   5.900e+01 (59)
     59: obj =   6.472839900e+01 inf =   0.000e+00 (0)
Perturbing LP to avoid stalling [434]...
*  3035: obj =   2.165432100e+01 inf =   0.000e+00 (1024) 26
*  5473: obj =   2.087037150e+01 inf =   0.000e+00 (858) 23
*  7967: obj =   1.732098900e+01 inf =   0.000e+00 (891) 22
Removing LP perturbation [8899]...
*  8899: obj =   1.429629600e+01 inf =   0.000e+00 (0) 9
OPTIMAL LP SOLUTION FOUND
Integer optimization begins...
Long-step dual simplex will be used
+  8899: mip =     not found yet >=              -inf        (1; 0)
+  8899: >>>>>   1.429629600e+01 >=   1.429629600e+01   0.0% (1; 0)
+  8899: mip =   1.429629600e+01 >=     tree is empty   0.0% (0; 1)
INTEGER OPTIMAL SOLUTION FOUND
Time used:   16.8 secs
Memory used: 76.0 Mb (79703917 bytes)
Writing MIP solution to 'input/ca-GrQc.html/ca-GrQc.txt.gz.15.lp.sol'...
Objective:  obj = 14.296296 (MINimum)
