GLPSOL--GLPK LP/MIP Solver 5.0
Parameter(s) specified in the command line:
 --lp input/ego-Facebook.html/facebook_combined.txt.gz.175.lp -o input/ego-Facebook.html/facebook_combined.txt.gz.175.lp.sol
Reading problem data from 'input/ego-Facebook.html/facebook_combined.txt.gz.175.lp'...
88237 rows, 180507 columns, 441172 non-zeros
180507 integer variables, all of which are binary
268749 lines were read
GLPK Integer Optimizer 5.0
88237 rows, 180507 columns, 441172 non-zeros
180507 integer variables, all of which are binary
Preprocessing...
1 hidden packing inequaliti(es) were detected
88230 rows, 180500 columns, 439856 non-zeros
180500 integer variables, all of which are binary
Scaling...
 A: min|aij| =  1.000e+00  max|aij| =  1.000e+00  ratio =  1.000e+00
Problem data seem to be well scaled
Constructing initial basis...
Size of triangular part is 88230
Solving LP relaxation...
GLPK Simplex Optimizer 5.0
88230 rows, 180500 columns, 439856 non-zeros
      0: obj =   0.000000000e+00 inf =   2.510e+02 (251)
    251: obj =   7.207110200e+01 inf =   0.000e+00 (0)
Perturbing LP to avoid stalling [454]...
*  1458: obj =   6.992658900e+01 inf =   0.000e+00 (463) 8
*  2497: obj =   5.603575058e+01 inf =   0.000e+00 (1007) 9
*  3513: obj =   5.535696952e+01 inf =   2.474e-05 (997) 9
*  4503: obj =   5.173254834e+01 inf =   9.634e-04 (961) 10
*  5487: obj =   4.810486867e+01 inf =   1.306e-03 (1009) 9
*  6469: obj =   4.356715525e+01 inf =   7.407e-04 (1094) 9
*  7498: obj =   2.219264711e+01 inf =   9.901e-04 (763) 9
*  8481: obj =   2.199921375e+01 inf =   1.093e-03 (771) 10
*  9484: obj =   1.891956696e+01 inf =   2.538e-03 (872) 9
* 10609: obj =   1.862203623e+01 inf =   2.543e-03 (102) 7
Removing LP perturbation [10725]...
* 10725: obj =   1.858964700e+01 inf =   0.000e+00 (0) 1
OPTIMAL LP SOLUTION FOUND
Integer optimization begins...
Long-step dual simplex will be used
+ 10725: mip =     not found yet >=              -inf        (1; 0)
+ 10725: >>>>>   1.858964700e+01 >=   1.858964700e+01   0.0% (1; 0)
+ 10725: mip =   1.858964700e+01 >=     tree is empty   0.0% (0; 1)
INTEGER OPTIMAL SOLUTION FOUND
Time used:   51.9 secs
Memory used: 222.0 Mb (232759674 bytes)
Writing MIP solution to 'input/ego-Facebook.html/facebook_combined.txt.gz.175.lp.sol'...
Objective:  obj = 18.589647 (MINimum)
