GLPSOL--GLPK LP/MIP Solver 5.0
Parameter(s) specified in the command line:
 --lp input/Oregon-1.html/oregon1_010526.txt.gz.19.lp.reach_chain_detours.lp
 -o input/Oregon-1.html/oregon1_010526.txt.gz.19.lp.reach_chain_detours.lp.sol
Reading problem data from 'input/Oregon-1.html/oregon1_010526.txt.gz.19.lp.reach_chain_detours.lp'...
1622 rows, 3542 columns, 8097 non-zeros
3542 integer variables, all of which are binary
5169 lines were read
GLPK Integer Optimizer 5.0
1622 rows, 3542 columns, 8097 non-zeros
3542 integer variables, all of which are binary
Preprocessing...
1 hidden packing inequaliti(es) were detected
1620 rows, 3540 columns, 7810 non-zeros
3540 integer variables, all of which are binary
Scaling...
 A: min|aij| =  1.000e+00  max|aij| =  1.000e+00  ratio =  1.000e+00
Problem data seem to be well scaled
Constructing initial basis...
Size of triangular part is 1620
Solving LP relaxation...
GLPK Simplex Optimizer 5.0
1620 rows, 3540 columns, 7810 non-zeros
      0: obj =   0.000000000e+00 inf =   1.620e+02 (162)
    162: obj =   3.836753500e+01 inf =   0.000e+00 (0)
Perturbing LP to avoid stalling [367]...
Removing LP perturbation [1583]...
*  1583: obj =   2.113727000e+01 inf =   1.998e-15 (0) 10
OPTIMAL LP SOLUTION FOUND
Integer optimization begins...
Long-step dual simplex will be used
+  1583: mip =     not found yet >=              -inf        (1; 0)
Solution found by heuristic: 27.239172
Solution found by heuristic: 26.873194
Solution found by heuristic: 26.412405
+  2464: >>>>>   2.441709100e+01 >=   2.128689933e+01  12.8% (85; 1)
+  3454: mip =   2.441709100e+01 >=   2.143280074e+01  12.2% (145; 69)
+  4483: >>>>>   2.295279200e+01 >=   2.148629327e+01   6.4% (219; 72)
+  5347: mip =   2.295279200e+01 >=   2.156088165e+01   6.1% (195; 281)
+  6350: mip =   2.295279200e+01 >=   2.161971900e+01   5.8% (265; 288)
+  7369: mip =   2.295279200e+01 >=   2.165500852e+01   5.7% (338; 295)
+  8320: mip =   2.295279200e+01 >=   2.167451963e+01   5.6% (409; 302)
+  9100: mip =   2.295279200e+01 >=   2.170237432e+01   5.4% (478; 309)
+ 10052: mip =   2.295279200e+01 >=   2.171713100e+01   5.4% (546; 316)
+ 10774: mip =   2.295279200e+01 >=   2.173748652e+01   5.3% (617; 322)
+ 11754: mip =   2.295279200e+01 >=   2.176078970e+01   5.2% (686; 331)
+ 12821: mip =   2.295279200e+01 >=   2.178723000e+01   5.1% (762; 340)
Time used: 60.0 secs.  Memory used: 11.8 Mb.
+ 13865: mip =   2.295279200e+01 >=   2.179956743e+01   5.0% (831; 349)
+ 14782: mip =   2.295279200e+01 >=   2.182086500e+01   4.9% (906; 357)
+ 15710: mip =   2.295279200e+01 >=   2.183497700e+01   4.9% (974; 366)
+ 16662: mip =   2.295279200e+01 >=   2.184551300e+01   4.8% (1046; 375)
+ 17678: mip =   2.295279200e+01 >=   2.185584605e+01   4.8% (1121; 385)
+ 18793: mip =   2.295279200e+01 >=   2.187319900e+01   4.7% (1206; 395)
+ 19891: mip =   2.295279200e+01 >=   2.188077857e+01   4.7% (1274; 405)
+ 20883: mip =   2.295279200e+01 >=   2.188649755e+01   4.6% (1349; 414)
+ 21864: mip =   2.295279200e+01 >=   2.189233684e+01   4.6% (1413; 423)
+ 22660: mip =   2.295279200e+01 >=   2.189729050e+01   4.6% (1484; 431)
+ 23707: mip =   2.295279200e+01 >=   2.190495640e+01   4.6% (1554; 443)
+ 24687: mip =   2.295279200e+01 >=   2.191143100e+01   4.5% (1624; 452)
Time used: 120.1 secs.  Memory used: 25.3 Mb.
+ 25718: mip =   2.295279200e+01 >=   2.192126967e+01   4.5% (1694; 463)
+ 26682: mip =   2.295279200e+01 >=   2.193138814e+01   4.5% (1764; 473)
+ 27812: mip =   2.295279200e+01 >=   2.193874455e+01   4.4% (1835; 483)
+ 28811: mip =   2.295279200e+01 >=   2.194459180e+01   4.4% (1903; 493)
+ 29238: >>>>>   2.287632000e+01 >=   2.194608140e+01   4.1% (1922; 496)
+ 30142: mip =   2.287632000e+01 >=   2.195090247e+01   4.0% (1874; 734)
+ 31148: mip =   2.287632000e+01 >=   2.195529621e+01   4.0% (1948; 744)
+ 32218: mip =   2.287632000e+01 >=   2.196253500e+01   4.0% (2021; 755)
+ 33278: mip =   2.287632000e+01 >=   2.197070010e+01   4.0% (2102; 767)
+ 34406: mip =   2.287632000e+01 >=   2.197853700e+01   3.9% (2166; 779)
+ 35382: mip =   2.287632000e+01 >=   2.198352363e+01   3.9% (2228; 791)
+ 36402: mip =   2.287632000e+01 >=   2.199097200e+01   3.9% (2295; 803)
Time used: 180.1 secs.  Memory used: 38.0 Mb.
+ 37421: mip =   2.287632000e+01 >=   2.199840752e+01   3.8% (2369; 814)
+ 38361: mip =   2.287632000e+01 >=   2.200539373e+01   3.8% (2434; 826)
+ 39313: mip =   2.287632000e+01 >=   2.201137257e+01   3.8% (2499; 837)
+ 39977: >>>>>   2.272142300e+01 >=   2.201364600e+01   3.1% (2540; 844)
+ 40990: mip =   2.272142300e+01 >=   2.201795029e+01   3.1% (2198; 1669)
+ 41926: mip =   2.272142300e+01 >=   2.202532600e+01   3.1% (2260; 1685)
+ 42898: mip =   2.272142300e+01 >=   2.202961800e+01   3.0% (2333; 1698)
+ 43872: mip =   2.272142300e+01 >=   2.203509965e+01   3.0% (2398; 1713)
+ 44838: mip =   2.272142300e+01 >=   2.204057970e+01   3.0% (2459; 1727)
+ 45962: mip =   2.272142300e+01 >=   2.204513133e+01   3.0% (2526; 1743)
+ 46974: mip =   2.272142300e+01 >=   2.205033563e+01   3.0% (2586; 1758)
+ 48078: mip =   2.272142300e+01 >=   2.205435185e+01   2.9% (2661; 1775)
+ 49283: mip =   2.272142300e+01 >=   2.205837383e+01   2.9% (2732; 1793)
Time used: 240.1 secs.  Memory used: 51.9 Mb.
+ 50318: mip =   2.272142300e+01 >=   2.206286947e+01   2.9% (2793; 1810)
+ 51448: mip =   2.272142300e+01 >=   2.206588533e+01   2.9% (2858; 1827)
+ 52544: mip =   2.272142300e+01 >=   2.207050570e+01   2.9% (2920; 1843)
+ 53522: mip =   2.272142300e+01 >=   2.207388663e+01   2.8% (2981; 1859)
+ 54729: mip =   2.272142300e+01 >=   2.207815086e+01   2.8% (3048; 1876)
+ 55664: mip =   2.272142300e+01 >=   2.208243843e+01   2.8% (3111; 1891)
+ 56868: mip =   2.272142300e+01 >=   2.208628529e+01   2.8% (3176; 1908)
+ 57886: mip =   2.272142300e+01 >=   2.208943811e+01   2.8% (3238; 1924)
+ 59055: mip =   2.272142300e+01 >=   2.209440509e+01   2.8% (3298; 1943)
+ 60439: mip =   2.272142300e+01 >=   2.210175760e+01   2.7% (3360; 1963)
+ 61456: mip =   2.272142300e+01 >=   2.210404633e+01   2.7% (3425; 1979)
+ 62379: mip =   2.272142300e+01 >=   2.210643825e+01   2.7% (3489; 1995)
Time used: 300.2 secs.  Memory used: 71.8 Mb.
+ 63629: mip =   2.272142300e+01 >=   2.210871568e+01   2.7% (3553; 2014)
+ 64777: mip =   2.272142300e+01 >=   2.211261626e+01   2.7% (3625; 2031)
+ 65873: mip =   2.272142300e+01 >=   2.211717122e+01   2.7% (3692; 2049)
+ 66807: mip =   2.272142300e+01 >=   2.211900400e+01   2.7% (3756; 2064)
+ 68091: mip =   2.272142300e+01 >=   2.212279271e+01   2.6% (3816; 2083)
+ 69098: mip =   2.272142300e+01 >=   2.212643287e+01   2.6% (3878; 2100)
+ 70231: mip =   2.272142300e+01 >=   2.212949711e+01   2.6% (3936; 2120)
+ 71253: mip =   2.272142300e+01 >=   2.213115710e+01   2.6% (3994; 2138)
+ 72190: mip =   2.272142300e+01 >=   2.213343905e+01   2.6% (4060; 2153)
+ 73225: mip =   2.272142300e+01 >=   2.213655600e+01   2.6% (4116; 2172)
+ 74479: mip =   2.272142300e+01 >=   2.213948750e+01   2.6% (4175; 2192)
+ 75548: mip =   2.272142300e+01 >=   2.214241000e+01   2.5% (4236; 2210)
Time used: 360.2 secs.  Memory used: 90.3 Mb.
+ 76682: mip =   2.272142300e+01 >=   2.214498910e+01   2.5% (4290; 2231)
+ 77892: mip =   2.272142300e+01 >=   2.214746900e+01   2.5% (4346; 2253)
+ 78885: mip =   2.272142300e+01 >=   2.215119178e+01   2.5% (4404; 2272)
+ 79439: >>>>>   2.260281200e+01 >=   2.215214200e+01   2.0% (4435; 2280)
+ 80854: mip =   2.260281200e+01 >=   2.215660045e+01   2.0% (3700; 3906)
+ 81966: mip =   2.260281200e+01 >=   2.216166200e+01   2.0% (3751; 3932)
+ 83147: mip =   2.260281200e+01 >=   2.216465236e+01   1.9% (3803; 3956)
+ 83848: >>>>>   2.246352200e+01 >=   2.216638656e+01   1.3% (3835; 3972)
+ 85173: mip =   2.246352200e+01 >=   2.217089500e+01   1.3% (2679; 6387)
+ 86232: mip =   2.246352200e+01 >=   2.217622700e+01   1.3% (2717; 6423)
+ 87433: mip =   2.246352200e+01 >=   2.218042071e+01   1.3% (2748; 6462)
+ 88741: mip =   2.246352200e+01 >=   2.218474650e+01   1.2% (2772; 6507)
Time used: 420.3 secs.  Memory used: 96.0 Mb.
+ 89829: mip =   2.246352200e+01 >=   2.218929878e+01   1.2% (2811; 6544)
+ 89900: >>>>>   2.245962000e+01 >=   2.218949367e+01   1.2% (2811; 6546)
+ 91068: mip =   2.245962000e+01 >=   2.219636743e+01   1.2% (2801; 6660)
+ 92255: mip =   2.245962000e+01 >=   2.220108906e+01   1.2% (2820; 6707)
+ 93472: mip =   2.245962000e+01 >=   2.220558100e+01   1.1% (2841; 6758)
+ 94730: mip =   2.245962000e+01 >=   2.221014640e+01   1.1% (2863; 6810)
+ 95777: mip =   2.245962000e+01 >=   2.221420400e+01   1.1% (2890; 6852)
+ 96891: mip =   2.245962000e+01 >=   2.221783190e+01   1.1% (2924; 6896)
+ 98044: mip =   2.245962000e+01 >=   2.222220192e+01   1.1% (2952; 6949)
+ 99342: mip =   2.245962000e+01 >=   2.222626000e+01   1.0% (2974; 7002)
+100634: mip =   2.245962000e+01 >=   2.223252800e+01   1.0% (2990; 7057)
+101802: mip =   2.245962000e+01 >=   2.223620940e+01   1.0% (3009; 7109)
+102941: mip =   2.245962000e+01 >=   2.224033600e+01   1.0% (3026; 7161)
Time used: 480.3 secs.  Memory used: 115.7 Mb.
+104077: mip =   2.245962000e+01 >=   2.224438691e+01   1.0% (3049; 7209)
+105251: mip =   2.245962000e+01 >=   2.224906178e+01   0.9% (3067; 7261)
+106368: mip =   2.245962000e+01 >=   2.225257685e+01   0.9% (3081; 7318)
+107481: mip =   2.245962000e+01 >=   2.225667714e+01   0.9% (3094; 7372)
+108716: mip =   2.245962000e+01 >=   2.226082860e+01   0.9% (3094; 7438)
+109835: mip =   2.245962000e+01 >=   2.226404475e+01   0.9% (3108; 7499)
+110832: mip =   2.245962000e+01 >=   2.226708941e+01   0.9% (3125; 7549)
+111898: mip =   2.245962000e+01 >=   2.226977216e+01   0.8% (3138; 7603)
+112976: mip =   2.245962000e+01 >=   2.227312867e+01   0.8% (3154; 7660)
+114120: mip =   2.245962000e+01 >=   2.227674157e+01   0.8% (3171; 7724)
+115344: mip =   2.245962000e+01 >=   2.228183933e+01   0.8% (3168; 7800)
+116489: mip =   2.245962000e+01 >=   2.228443700e+01   0.8% (3174; 7865)
Time used: 540.3 secs.  Memory used: 139.0 Mb.
+117639: mip =   2.245962000e+01 >=   2.228751650e+01   0.8% (3184; 7928)
+118736: mip =   2.245962000e+01 >=   2.229145700e+01   0.7% (3180; 8001)
+119853: mip =   2.245962000e+01 >=   2.229492784e+01   0.7% (3182; 8071)
+121053: mip =   2.245962000e+01 >=   2.229842167e+01   0.7% (3175; 8154)
+122205: mip =   2.245962000e+01 >=   2.230261570e+01   0.7% (3162; 8236)
+123218: mip =   2.245962000e+01 >=   2.230539589e+01   0.7% (3155; 8310)
+124259: mip =   2.245962000e+01 >=   2.230890057e+01   0.7% (3145; 8399)
+125344: mip =   2.245962000e+01 >=   2.231315912e+01   0.7% (3134; 8485)
+126401: mip =   2.245962000e+01 >=   2.231687937e+01   0.6% (3111; 8580)
+127453: mip =   2.245962000e+01 >=   2.232019933e+01   0.6% (3084; 8680)
+128839: mip =   2.245962000e+01 >=   2.232397200e+01   0.6% (3052; 8804)
+130089: mip =   2.245962000e+01 >=   2.232887600e+01   0.6% (3018; 8930)
Time used: 600.4 secs.  Memory used: 150.6 Mb.
+131333: mip =   2.245962000e+01 >=   2.233232825e+01   0.6% (2985; 9061)
+132961: mip =   2.245962000e+01 >=   2.233719157e+01   0.5% (2927; 9246)
+134082: mip =   2.245962000e+01 >=   2.234106173e+01   0.5% (2890; 9387)
+135342: mip =   2.245962000e+01 >=   2.234518757e+01   0.5% (2835; 9581)
+136675: mip =   2.245962000e+01 >=   2.235017795e+01   0.5% (2781; 9771)
+137981: mip =   2.245962000e+01 >=   2.235425700e+01   0.5% (2711; 9976)
+139397: mip =   2.245962000e+01 >=   2.235929186e+01   0.4% (2628; 10223)
+140832: mip =   2.245962000e+01 >=   2.236362800e+01   0.4% (2545; 10451)
+142120: mip =   2.245962000e+01 >=   2.236765571e+01   0.4% (2474; 10664)
+143503: mip =   2.245962000e+01 >=   2.237260500e+01   0.4% (2382; 10933)
+144748: mip =   2.245962000e+01 >=   2.237656971e+01   0.4% (2304; 11191)
+146260: mip =   2.245962000e+01 >=   2.238226900e+01   0.3% (2178; 11563)
Time used: 660.4 secs.  Memory used: 150.7 Mb.
+147576: mip =   2.245962000e+01 >=   2.238723479e+01   0.3% (2063; 11907)
+148913: mip =   2.245962000e+01 >=   2.239345621e+01   0.3% (1937; 12283)
+150572: mip =   2.245962000e+01 >=   2.239932795e+01   0.3% (1769; 12796)
+152130: mip =   2.245962000e+01 >=   2.240642500e+01   0.2% (1591; 13345)
+153338: mip =   2.245962000e+01 >=   2.241226736e+01   0.2% (1436; 13823)
+153363: >>>>>   2.244011200e+01 >=   2.241233060e+01   0.1% (1435; 13825)
+154363: mip =   2.244011200e+01 >=   2.241891200e+01 < 0.1% (688; 16337)
+155328: mip =   2.244011200e+01 >=   2.242673443e+01 < 0.1% (422; 17396)
+156095: >>>>>   2.243425900e+01 >=   2.243413632e+01 < 0.1% (170; 18675)
+156102: mip =   2.243425900e+01 >=     tree is empty   0.0% (0; 19957)
INTEGER OPTIMAL SOLUTION FOUND
Time used:   696.9 secs
Memory used: 151.5 Mb (158891010 bytes)
Writing MIP solution to 'input/Oregon-1.html/oregon1_010526.txt.gz.19.lp.reach_chain_detours.lp.sol'...
Objective:  obj = 22.434259 (MINimum)
