	Command being timed: "/usr/app/src/glpk-5.0/examples/glpsol --lp input/higgs-twitter.html/higgs-reply_network.edgelist.gz.3.lp -o input/higgs-twitter.html/higgs-reply_network.edgelist.gz.3.lp.sol"
	User time (seconds): 11.64
	System time (seconds): 0.18
	Percent of CPU this job got: 100%
	Elapsed (wall clock) time (h:mm:ss or m:ss): 0:11.82
	Average shared text size (kbytes): 0
	Average unshared data size (kbytes): 0
	Average stack size (kbytes): 0
	Average total size (kbytes): 0
	Maximum resident set size (kbytes): 101244
	Average resident set size (kbytes): 0
	Major (requiring I/O) page faults: 0
	Minor (reclaiming a frame) page faults: 53287
	Voluntary context switches: 30
	Involuntary context switches: 24
	Swaps: 0
	File system inputs: 0
	File system outputs: 19584
	Socket messages sent: 0
	Socket messages received: 0
	Signals delivered: 0
	Page size (bytes): 4096
	Exit status: 0
