Version 1.2 launched as -e 0.1 12 input/Oregon-1.html/oregon1_010505.txt.gz 95


Execution time and memory used at after reading from file: 5.600000e-01 seconds, 16605184 bytes of memory usage, 16252 kB of memory peak and 00:00 elapsed time
Statistics on the network after reading from file
	Number of nodes: 10943
	Number of allocated nodes: 11264
	Number of edges: 22608
	Maximum in degree: 200 (node 6461)
	Maximum out degree: 2344 (node 701)

Execution time and memory used at after adding costs: 5.600000e-01 seconds, 16605184 bytes of memory usage, 16252 kB of memory peak and 00:00 elapsed time
Statistics on the network after adding costs
	Number of nodes: 10943
	Number of allocated nodes: 11264
	Number of edges: 22608
	Maximum in degree: 200 (node 6461)
	Maximum out degree: 2344 (node 701)

Execution time and memory used at before starting main computation: 5.700000e-01 seconds, 16605184 bytes of memory usage, 16732 kB of memory peak and 00:00 elapsed time
Statistics on the network before starting main computation
	Number of nodes: 10943
	Number of allocated nodes: 11264
	Number of edges: 22608
	Maximum in degree: 200 (node 6461)
	Maximum out degree: 2344 (node 701)
	source 32 (node 701) with out degree 2344
	target 170 (node 6461) with in degree 200

Execution time and memory used at after iteration 1 (MF = 34.842767): 4.220000e+00 seconds, 35635200 bytes of memory usage, 41844 kB of memory peak and 00:04 elapsed time
Statistics on the network after iteration 1 (MF = 34.842767)
	Number of nodes: 10943
	Number of allocated nodes: 11264
	Number of edges: 22608
	Maximum in degree: 200 (node 6461)
	Maximum out degree: 2344 (node 701)
	source 32 (node 701) with out degree 2344
	target 170 (node 6461) with in degree 200

Execution time and memory used at after iteration 2 (MF = 9.256289): 4.780000e+00 seconds, 38699008 bytes of memory usage, 41856 kB of memory peak and 00:04 elapsed time
Statistics on the network after iteration 2 (MF = 9.256289)
	Number of nodes: 10943
	Number of allocated nodes: 11264
	Number of edges: 22608
	Maximum in degree: 200 (node 6461)
	Maximum out degree: 2344 (node 701)
	source 32 (node 701) with out degree 2344
	target 170 (node 6461) with in degree 200

Execution time and memory used at after iteration 3 (MF = 25.898585): 1.374400e+02 seconds, 48590848 bytes of memory usage, 50900 kB of memory peak and 02:17 elapsed time
Statistics on the network after iteration 3 (MF = 25.898585)
	Number of nodes: 10943
	Number of allocated nodes: 11264
	Number of edges: 22608
	Maximum in degree: 200 (node 6461)
	Maximum out degree: 2344 (node 701)
	source 32 (node 701) with out degree 2344
	target 170 (node 6461) with in degree 200

Execution time and memory used at after iteration 4 (MF = 24.732704): 2.540900e+02 seconds, 48816128 bytes of memory usage, 51024 kB of memory peak and 04:14 elapsed time
Statistics on the network after iteration 4 (MF = 24.732704)
	Number of nodes: 10943
	Number of allocated nodes: 11264
	Number of edges: 22608
	Maximum in degree: 200 (node 6461)
	Maximum out degree: 2344 (node 701)
	source 32 (node 701) with out degree 2344
	target 170 (node 6461) with in degree 200

Execution time and memory used at after iteration 5 (MF = 25.385220): 2.887800e+02 seconds, 49532928 bytes of memory usage, 53940 kB of memory peak and 04:48 elapsed time
Statistics on the network after iteration 5 (MF = 25.385220)
	Number of nodes: 10943
	Number of allocated nodes: 11264
	Number of edges: 22608
	Maximum in degree: 200 (node 6461)
	Maximum out degree: 2344 (node 701)
	source 32 (node 701) with out degree 2344
	target 170 (node 6461) with in degree 200

Execution time and memory used at after iteration 6 (MF = 25.898585): 2.905100e+02 seconds, 49532928 bytes of memory usage, 53940 kB of memory peak and 04:50 elapsed time
Statistics on the network after iteration 6 (MF = 25.898585)
	Number of nodes: 10943
	Number of allocated nodes: 11264
	Number of edges: 22608
	Maximum in degree: 200 (node 6461)
	Maximum out degree: 2344 (node 701)
	source 32 (node 701) with out degree 2344
	target 170 (node 6461) with in degree 200

Execution time and memory used at after iteration 7 (MF = 25.588443): 6.536000e+02 seconds, 50769920 bytes of memory usage, 76228 kB of memory peak and 10:53 elapsed time
Statistics on the network after iteration 7 (MF = 25.588443)
	Number of nodes: 10943
	Number of allocated nodes: 11264
	Number of edges: 22608
	Maximum in degree: 200 (node 6461)
	Maximum out degree: 2344 (node 701)
	source 32 (node 701) with out degree 2344
	target 170 (node 6461) with in degree 200

Execution time and memory used at after iteration 8 (MF = 26.280267): 1.617840e+03 seconds, 48414720 bytes of memory usage, 124944 kB of memory peak and 26:58 elapsed time
Statistics on the network after iteration 8 (MF = 26.280267)
	Number of nodes: 10943
	Number of allocated nodes: 11264
	Number of edges: 22608
	Maximum in degree: 200 (node 6461)
	Maximum out degree: 2344 (node 701)
	source 32 (node 701) with out degree 2344
	target 170 (node 6461) with in degree 200

Execution time and memory used at after iteration 9 (MF = 25.755896): 1.858950e+03 seconds, 48414720 bytes of memory usage, 124944 kB of memory peak and 30:59 elapsed time
Statistics on the network after iteration 9 (MF = 25.755896)
	Number of nodes: 10943
	Number of allocated nodes: 11264
	Number of edges: 22608
	Maximum in degree: 200 (node 6461)
	Maximum out degree: 2344 (node 701)
	source 32 (node 701) with out degree 2344
	target 170 (node 6461) with in degree 200

Execution time and memory used at after iteration 10 (MF = 24.762579): 2.861440e+03 seconds, 48414720 bytes of memory usage, 124944 kB of memory peak and 47:41 elapsed time
Statistics on the network after iteration 10 (MF = 24.762579)
	Number of nodes: 10943
	Number of allocated nodes: 11264
	Number of edges: 22608
	Maximum in degree: 200 (node 6461)
	Maximum out degree: 2344 (node 701)
	source 32 (node 701) with out degree 2344
	target 170 (node 6461) with in degree 200

Execution time and memory used at after iteration 11 (MF = 25.385220): 2.891510e+03 seconds, 48414720 bytes of memory usage, 124944 kB of memory peak and 48:11 elapsed time
Statistics on the network after iteration 11 (MF = 25.385220)
	Number of nodes: 10943
	Number of allocated nodes: 11264
	Number of edges: 22608
	Maximum in degree: 200 (node 6461)
	Maximum out degree: 2344 (node 701)
	source 32 (node 701) with out degree 2344
	target 170 (node 6461) with in degree 200

Execution time and memory used at after iteration 12 (MF = 24.507075): 2.893140e+03 seconds, 49127424 bytes of memory usage, 124944 kB of memory peak and 48:13 elapsed time
Statistics on the network after iteration 12 (MF = 24.507075)
	Number of nodes: 10943
	Number of allocated nodes: 11264
	Number of edges: 22608
	Maximum in degree: 200 (node 6461)
	Maximum out degree: 2344 (node 701)
	source 32 (node 701) with out degree 2344
	target 170 (node 6461) with in degree 200

Execution time and memory used at after iteration 13 (MF = 24.908805): 3.087720e+03 seconds, 48414720 bytes of memory usage, 124944 kB of memory peak and 51:28 elapsed time
Statistics on the network after iteration 13 (MF = 24.908805)
	Number of nodes: 10943
	Number of allocated nodes: 11264
	Number of edges: 22608
	Maximum in degree: 200 (node 6461)
	Maximum out degree: 2344 (node 701)
	source 32 (node 701) with out degree 2344
	target 170 (node 6461) with in degree 200

Execution time and memory used at after iteration 14 (MF = 26.280267): 3.280900e+03 seconds, 48414720 bytes of memory usage, 124944 kB of memory peak and 54:41 elapsed time
Statistics on the network after iteration 14 (MF = 26.280267)
	Number of nodes: 10943
	Number of allocated nodes: 11264
	Number of edges: 22608
	Maximum in degree: 200 (node 6461)
	Maximum out degree: 2344 (node 701)
	source 32 (node 701) with out degree 2344
	target 170 (node 6461) with in degree 200

Execution time and memory used at after iteration 15 (MF = 26.280267): 3.396750e+03 seconds, 48414720 bytes of memory usage, 124944 kB of memory peak and 56:37 elapsed time
Statistics on the network after iteration 15 (MF = 26.280267)
	Number of nodes: 10943
	Number of allocated nodes: 11264
	Number of edges: 22608
	Maximum in degree: 200 (node 6461)
	Maximum out degree: 2344 (node 701)
	source 32 (node 701) with out degree 2344
	target 170 (node 6461) with in degree 200

Execution time and memory used at after iteration 16 (MF = 25.083726): 3.429740e+03 seconds, 48414720 bytes of memory usage, 124944 kB of memory peak and 57:10 elapsed time
Statistics on the network after iteration 16 (MF = 25.083726)
	Number of nodes: 10943
	Number of allocated nodes: 11264
	Number of edges: 22608
	Maximum in degree: 200 (node 6461)
	Maximum out degree: 2344 (node 701)
	source 32 (node 701) with out degree 2344
	target 170 (node 6461) with in degree 200

Execution time and memory used at after iteration 17 (MF = 25.144261): 3.871990e+03 seconds, 53563392 bytes of memory usage, 124944 kB of memory peak and 01:04:32 elapsed time
Statistics on the network after iteration 17 (MF = 25.144261)
	Number of nodes: 10943
	Number of allocated nodes: 11264
	Number of edges: 22608
	Maximum in degree: 200 (node 6461)
	Maximum out degree: 2344 (node 701)
	source 32 (node 701) with out degree 2344
	target 170 (node 6461) with in degree 200

Execution time and memory used at after iteration 18 (MF = 26.099450): 4.000040e+03 seconds, 53563392 bytes of memory usage, 124944 kB of memory peak and 01:06:40 elapsed time
Statistics on the network after iteration 18 (MF = 26.099450)
	Number of nodes: 10943
	Number of allocated nodes: 11264
	Number of edges: 22608
	Maximum in degree: 200 (node 6461)
	Maximum out degree: 2344 (node 701)
	source 32 (node 701) with out degree 2344
	target 170 (node 6461) with in degree 200
