GLPSOL--GLPK LP/MIP Solver 5.0
Parameter(s) specified in the command line:
 --lp input/gemsec-Deezer.html/HU_edges.csv.gz.80.lp -o input/gemsec-Deezer.html/HU_edges.csv.gz.80.lp.sol
Reading problem data from 'input/gemsec-Deezer.html/HU_edges.csv.gz.80.lp'...
222891 rows, 493316 columns, 1114442 non-zeros
493316 integer variables, all of which are binary
716212 lines were read
GLPK Integer Optimizer 5.0
222891 rows, 493316 columns, 1114442 non-zeros
493316 integer variables, all of which are binary
Preprocessing...
222887 rows, 493312 columns, 1114249 non-zeros
493312 integer variables, all of which are binary
Scaling...
 A: min|aij| =  1.000e+00  max|aij| =  1.000e+00  ratio =  1.000e+00
Problem data seem to be well scaled
Constructing initial basis...
Size of triangular part is 222887
Solving LP relaxation...
GLPK Simplex Optimizer 5.0
222887 rows, 493312 columns, 1114249 non-zeros
      0: obj =   0.000000000e+00 inf =   8.700e+01 (87)
     87: obj =   5.027868800e+01 inf =   0.000e+00 (0)
Perturbing LP to avoid stalling [300]...
*   610: obj =   1.524589997e+00 inf =   2.478e-07 (295) 1
*  1070: obj =   1.524589934e+00 inf =   4.112e-06 (578) 3
*  1511: obj =   1.524586407e+00 inf =   3.028e-04 (629) 4
*  1935: obj =   1.524581303e+00 inf =   6.853e-04 (223094) 3
*  2342: obj =   1.524574099e+00 inf =   1.359e-03 (223097) 3
*  2745: obj =   1.524560047e+00 inf =   3.054e-03 (790) 2
*  3132: obj =   1.524550625e+00 inf =   3.851e-03 (223267) 3
*  3516: obj =   1.524533905e+00 inf =   5.044e-03 (891) 4
*  3904: obj =   1.524523088e+00 inf =   5.717e-03 (895) 2
*  4277: obj =   1.524495785e+00 inf =   8.105e-03 (915) 3
*  4646: obj =   1.524470823e+00 inf =   9.816e-03 (974) 3
*  5015: obj =   1.524442791e+00 inf =   1.170e-02 (980) 3
*  5368: obj =   1.524416401e+00 inf =   1.436e-02 (1048) 3
*  5731: obj =   1.524409662e+00 inf =   1.427e-02 (1026) 3
*  6084: obj =   1.524389549e+00 inf =   1.556e-02 (1100) 2
*  6430: obj =   1.524385669e+00 inf =   1.521e-02 (1212) 3
*  6777: obj =   1.524366839e+00 inf =   1.588e-02 (1224) 3
*  7109: obj =   1.524349002e+00 inf =   1.698e-02 (1186) 3
*  7447: obj =   1.524317881e+00 inf =   1.909e-02 (1331) 2
*  7776: obj =   1.524286229e+00 inf =   2.087e-02 (1257) 3
*  8097: obj =   1.524252300e+00 inf =   2.245e-02 (1283) 3
*  8432: obj =   1.524237901e+00 inf =   2.206e-02 (1223) 3
*  8761: obj =   1.010708900e+00 inf =   2.241e-02 (1989) 3
*  9085: obj =   1.010708257e+00 inf =   2.142e-02 (2010) 2
*  9411: obj =   1.010686896e+00 inf =   2.107e-02 (1973) 3
*  9733: obj =   1.010668707e+00 inf =   1.953e-02 (2004) 3
* 10049: obj =   1.010617773e+00 inf =   2.111e-02 (1979) 3
* 10362: obj =   1.010617594e+00 inf =   1.895e-02 (1902) 3
* 10686: obj =   1.010585158e+00 inf =   1.726e-02 (1908) 3
* 10995: obj =   1.010584664e+00 inf =   1.503e-02 (1897) 3
* 11322: obj =   1.010560624e+00 inf =   1.280e-02 (1553) 3
* 11677: obj =   5.043820219e-01 inf =   1.228e-02 (5937) 4
* 12034: obj =   5.042785331e-01 inf =   1.248e-02 (5799) 3
* 12356: obj =   5.037185612e-01 inf =   1.330e-02 (5727) 3
* 12657: obj =   5.024065231e-01 inf =   1.540e-02 (3488) 3
* 12994: obj =   5.023698346e-01 inf =   1.612e-02 (5303) 4
* 13336: obj =   5.019461987e-01 inf =   1.801e-02 (5160) 3
* 13651: obj =   5.012415520e-01 inf =   2.220e-02 (4994) 3
* 13964: obj =   5.007560828e-01 inf =   2.662e-02 (4859) 3
* 14293: obj =   5.001860237e-01 inf =   3.402e-02 (4717) 3
* 14619: obj =   4.998157958e-01 inf =   3.924e-02 (4671) 4
* 14945: obj =   4.993865823e-01 inf =   4.776e-02 (4654) 3
* 15287: obj =   4.991266955e-01 inf =   5.588e-02 (4537) 3
* 15671: obj =   4.990476306e-01 inf =   5.837e-02 (4334) 4
* 16034: obj =   4.990030261e-01 inf =   5.630e-02 (4215) 3
* 16386: obj =   4.989719641e-01 inf =   5.465e-02 (4125) 4
* 16716: obj =   4.989311273e-01 inf =   5.223e-02 (3990) 3
* 17070: obj =   4.989007399e-01 inf =   5.038e-02 (3730) 3
* 17421: obj =   4.988559772e-01 inf =   4.712e-02 (3782) 3
* 17747: obj =   4.988213325e-01 inf =   4.537e-02 (3742) 3
* 18065: obj =   4.987785428e-01 inf =   4.320e-02 (3540) 3
* 18419: obj =   4.987638657e-01 inf =   4.285e-02 (3493) 4
* 18806: obj =   4.987220642e-01 inf =   4.239e-02 (3258) 3
* 19160: obj =   4.986976005e-01 inf =   4.015e-02 (3156) 4
* 19505: obj =   4.986768429e-01 inf =   3.851e-02 (3074) 3
* 19848: obj =   4.986573445e-01 inf =   3.682e-02 (2915) 3
* 20227: obj =   1.289305797e-01 inf =   3.659e-02 (2963) 4
* 20587: obj =   1.289165292e-01 inf =   3.708e-02 (2662) 3
* 20979: obj =   6.763021619e-02 inf =   3.687e-02 (2433) 3
* 21358: obj =   6.760821531e-02 inf =   3.653e-02 (2182) 4
* 21684: obj =   6.759545338e-02 inf =   3.551e-02 (2193) 3
* 22000: obj =   6.758507822e-02 inf =   3.481e-02 (2107) 2
* 22317: obj =   6.757201248e-02 inf =   3.424e-02 (2096) 3
* 22623: obj =   6.756095302e-02 inf =   3.360e-02 (2148) 3
* 22930: obj =   6.755650260e-02 inf =   3.291e-02 (2076) 3
* 23255: obj =   6.754981250e-02 inf =   3.193e-02 (1808) 3
* 23607: obj =   6.754548316e-02 inf =   3.133e-02 (1789) 3
* 23970: obj =  -2.678370721e-04 inf =   3.058e-02 (820) 3
* 24282: obj =  -2.761172731e-04 inf =   3.003e-02 (852) 3
Removing LP perturbation [24618]...
* 24618: obj =   0.000000000e+00 inf =   0.000e+00 (0) 3
OPTIMAL LP SOLUTION FOUND
Integer optimization begins...
Long-step dual simplex will be used
+ 24618: mip =     not found yet >=              -inf        (1; 0)
# 25122: obj =  -6.025986610e-07 inf =   0.000e+00 (56) 4 41%
# 25268: obj =   0.000000000e+00 inf =   0.000e+00 (0) 1 100%
+ 25268: mip =     not found yet >=   0.000000000e+00        (3; 0)
# 25800: obj =  -1.298652143e-07 inf =   0.000e+00 (633) 3 53%
# 26052: obj =  -5.029620905e-07 inf =   0.000e+00 (406) 2 100%
# 26303: obj =  -1.020625593e-06 inf =   0.000e+00 (126) 2 100%
# 26554: obj =  -1.453765545e-06 inf =   0.000e+00 (1241) 2 100%
# 26807: obj =  -2.163179195e-06 inf =   0.000e+00 (679) 2 100%
# 27060: obj =  -3.100686563e-06 inf =   0.000e+00 (373) 2 100%
# 27138: obj =   0.000000000e+00 inf =   0.000e+00 (0) 100%
+ 27138: mip =     not found yet >=   0.000000000e+00        (4; 0)
Time used: 63.4 secs.  Memory used: 496.9 Mb.
# 27665: obj =  -1.268517226e-07 inf =   0.000e+00 (1512) 4 56%
# 27911: obj =  -4.224199829e-07 inf =   0.000e+00 (476) 2 100%
# 28034: obj =   0.000000000e+00 inf =   0.000e+00 (0) 1 100%
+ 28034: mip =     not found yet >=   0.000000000e+00        (5; 0)
# 28570: obj =  -4.939993099e-07 inf =   0.000e+00 (937) 4 56%
# 28821: obj =  -1.221096554e-06 inf =   0.000e+00 (13011) 3 100%
# 28891: obj =   0.000000000e+00 inf =   0.000e+00 (0) 100%
+ 28891: mip =     not found yet >=   0.000000000e+00        (6; 0)
+ 28894: mip =     not found yet >=   0.000000000e+00        (7; 0)
Time used: 139.9 secs.  Memory used: 497.0 Mb.
+ 28896: mip =     not found yet >=   0.000000000e+00        (8; 0)
+ 29133: mip =     not found yet >=   0.000000000e+00        (9; 0)
# 29669: obj =  -1.448950000e-06 inf =   0.000e+00 (879) 5 61%
# 29717: obj =   0.000000000e+00 inf =   0.000e+00 (0) 100%
+ 29717: >>>>>   0.000000000e+00 >=   0.000000000e+00   0.0% (9; 0)
+ 29717: mip =   0.000000000e+00 >=     tree is empty   0.0% (0; 17)
INTEGER OPTIMAL SOLUTION FOUND
Time used:   539.4 secs
Memory used: 616.5 Mb (646402180 bytes)
Writing MIP solution to 'input/gemsec-Deezer.html/HU_edges.csv.gz.80.lp.sol'...
Objective:  obj = 0 (MINimum)
