	Command being timed: "/usr/app/src/glpk-5.0/examples/glpsol --lp input/sx-superuser.html/sx-superuser-a2q.txt.gz.336.lp -o input/sx-superuser.html/sx-superuser-a2q.txt.gz.336.lp.sol"
	User time (seconds): 1293.43
	System time (seconds): 3.04
	Percent of CPU this job got: 99%
	Elapsed (wall clock) time (h:mm:ss or m:ss): 21:36.49
	Average shared text size (kbytes): 0
	Average unshared data size (kbytes): 0
	Average stack size (kbytes): 0
	Average total size (kbytes): 0
	Maximum resident set size (kbytes): 1089388
	Average resident set size (kbytes): 0
	Major (requiring I/O) page faults: 0
	Minor (reclaiming a frame) page faults: 672921
	Voluntary context switches: 247
	Involuntary context switches: 1493
	Swaps: 0
	File system inputs: 0
	File system outputs: 196600
	Socket messages sent: 0
	Socket messages received: 0
	Signals delivered: 0
	Page size (bytes): 4096
	Exit status: 0
