Version 1.2 launched as -e 0.1 12 input/sx-mathoverflow.html/sx-mathoverflow.txt.gz 576


Execution time and memory used at after reading from file: 1.961000e+01 seconds, 24834048 bytes of memory usage, 24288 kB of memory peak and 00:20 elapsed time
Statistics on the network after reading from file
	Number of nodes: 24818
	Number of allocated nodes: 25600
	Number of edges: 227991
	Maximum in degree: 968 (node 11142)
	Maximum out degree: 1848 (node 290)

Execution time and memory used at before starting main computation: 1.972000e+01 seconds, 25239552 bytes of memory usage, 25164 kB of memory peak and 00:20 elapsed time
Statistics on the network before starting main computation
	Number of nodes: 24818
	Number of allocated nodes: 25600
	Number of edges: 227991
	Maximum in degree: 968 (node 11142)
	Maximum out degree: 1848 (node 290)
	source 76 (node 290) with out degree 1848
	target 4901 (node 11142) with in degree 968

Execution time and memory used at after iteration 1 (MF = 1264360073157.000000): 2.633100e+02 seconds, 220811264 bytes of memory usage, 283712 kB of memory peak and 04:24 elapsed time
Statistics on the network after iteration 1 (MF = 1264360073157.000000)
	Number of nodes: 24818
	Number of allocated nodes: 25600
	Number of edges: 227991
	Maximum in degree: 968 (node 11142)
	Maximum out degree: 1848 (node 290)
	source 76 (node 290) with out degree 1848
	target 4901 (node 11142) with in degree 968

Execution time and memory used at after iteration 2 (MF = 958515396246.000000): 2.798100e+02 seconds, 220811264 bytes of memory usage, 284096 kB of memory peak and 04:40 elapsed time
Statistics on the network after iteration 2 (MF = 958515396246.000000)
	Number of nodes: 24818
	Number of allocated nodes: 25600
	Number of edges: 227991
	Maximum in degree: 968 (node 11142)
	Maximum out degree: 1848 (node 290)
	source 76 (node 290) with out degree 1848
	target 4901 (node 11142) with in degree 968

Execution time and memory used at after iteration 3 (MF = 972535111478.000000): 5.319200e+02 seconds, 328740864 bytes of memory usage, 342880 kB of memory peak and 08:52 elapsed time
Statistics on the network after iteration 3 (MF = 972535111478.000000)
	Number of nodes: 24818
	Number of allocated nodes: 25600
	Number of edges: 227991
	Maximum in degree: 968 (node 11142)
	Maximum out degree: 1848 (node 290)
	source 76 (node 290) with out degree 1848
	target 4901 (node 11142) with in degree 968
