	Command being timed: "/usr/app/src/glpk-5.0/examples/glpsol --lp input/as-Skitter.html/as-skitter.txt.gz.1484.lp.reach_chain_detours.lp -o input/as-Skitter.html/as-skitter.txt.gz.1484.lp.reach_chain_detours.lp.sol"
	User time (seconds): 12276.37
	System time (seconds): 71.27
	Percent of CPU this job got: 99%
	Elapsed (wall clock) time (h:mm:ss or m:ss): 3:25:49
	Average shared text size (kbytes): 0
	Average unshared data size (kbytes): 0
	Average stack size (kbytes): 0
	Average total size (kbytes): 0
	Maximum resident set size (kbytes): 989780
	Average resident set size (kbytes): 0
	Major (requiring I/O) page faults: 7
	Minor (reclaiming a frame) page faults: 510952
	Voluntary context switches: 462
	Involuntary context switches: 24248
	Swaps: 0
	File system inputs: 1056
	File system outputs: 185688
	Socket messages sent: 0
	Socket messages received: 0
	Signals delivered: 0
	Page size (bytes): 4096
	Exit status: 0
