GLPSOL--GLPK LP/MIP Solver 5.0
Parameter(s) specified in the command line:
 --lp input/gemsec-Facebook.html/company_edges.csv.gz.180.lp -o input/gemsec-Facebook.html/company_edges.csv.gz.180.lp.sol
Reading problem data from 'input/gemsec-Facebook.html/company_edges.csv.gz.180.lp'...
52130 rows, 118369 columns, 260637 non-zeros
118369 integer variables, all of which are binary
170504 lines were read
GLPK Integer Optimizer 5.0
52130 rows, 118369 columns, 260637 non-zeros
118369 integer variables, all of which are binary
Preprocessing...
52086 rows, 118323 columns, 260099 non-zeros
118323 integer variables, all of which are binary
Scaling...
 A: min|aij| =  1.000e+00  max|aij| =  1.000e+00  ratio =  1.000e+00
Problem data seem to be well scaled
Constructing initial basis...
Size of triangular part is 52086
Solving LP relaxation...
GLPK Simplex Optimizer 5.0
52086 rows, 118323 columns, 260099 non-zeros
      0: obj =   0.000000000e+00 inf =   1.810e+02 (181)
    181: obj =   1.111413000e+02 inf =   0.000e+00 (0)
Perturbing LP to avoid stalling [386]...
*  2210: obj =   4.252445300e+01 inf =   0.000e+00 (306) 13
*  3838: obj =   5.817932866e+00 inf =   1.641e-05 (275) 13
Removing LP perturbation [4198]...
*  4198: obj =   0.000000000e+00 inf =   0.000e+00 (0) 3
OPTIMAL LP SOLUTION FOUND
Integer optimization begins...
Long-step dual simplex will be used
+  4198: mip =     not found yet >=              -inf        (1; 0)
+  5209: mip =     not found yet >=   0.000000000e+00        (5; 0)
+  6227: mip =     not found yet >=   0.000000000e+00        (8; 0)
+  7128: mip =     not found yet >=   0.000000000e+00        (10; 0)
+  8064: mip =     not found yet >=   0.000000000e+00        (16; 0)
Solution found by heuristic: 0
+  8397: mip =   0.000000000e+00 >=     tree is empty   0.0% (0; 35)
INTEGER OPTIMAL SOLUTION FOUND
Time used:   37.4 secs
Memory used: 146.1 Mb (153190061 bytes)
Writing MIP solution to 'input/gemsec-Facebook.html/company_edges.csv.gz.180.lp.sol'...
Objective:  obj = 0 (MINimum)
