GLPSOL--GLPK LP/MIP Solver 5.0
Parameter(s) specified in the command line:
 --lp input/p2p-Gnutella05.html/p2p-Gnutella05.txt.gz.42.lp -o input/p2p-Gnutella05.html/p2p-Gnutella05.txt.gz.42.lp.sol
Reading problem data from 'input/p2p-Gnutella05.html/p2p-Gnutella05.txt.gz.42.lp'...
31842 rows, 72524 columns, 159197 non-zeros
72524 integer variables, all of which are binary
104371 lines were read
GLPK Integer Optimizer 5.0
31842 rows, 72524 columns, 159197 non-zeros
72524 integer variables, all of which are binary
Preprocessing...
31831 rows, 72513 columns, 159015 non-zeros
72513 integer variables, all of which are binary
Scaling...
 A: min|aij| =  1.000e+00  max|aij| =  1.000e+00  ratio =  1.000e+00
Problem data seem to be well scaled
Constructing initial basis...
Size of triangular part is 31831
Solving LP relaxation...
GLPK Simplex Optimizer 5.0
31831 rows, 72513 columns, 159015 non-zeros
      0: obj =   0.000000000e+00 inf =   7.900e+01 (79)
     79: obj =   5.627082600e+01 inf =   0.000e+00 (0)
Perturbing LP to avoid stalling [320]...
*  2415: obj =   2.568749400e+01 inf =   0.000e+00 (687) 16
*  3808: obj =   2.568749400e+01 inf =   0.000e+00 (850) 12
*  5340: obj =   2.568749400e+01 inf =   0.000e+00 (32426) 16
*  6608: obj =   2.568749400e+01 inf =   0.000e+00 (32626) 12
*  8063: obj =   3.541666998e+00 inf =   7.672e-08 (5041) 14
*  9315: obj =   3.541666998e+00 inf =   7.486e-08 (4563) 12
* 10608: obj =   3.541526106e+00 inf =   1.413e-03 (3968) 13
* 12063: obj =   3.540960703e+00 inf =   9.217e-03 (3472) 14
* 13513: obj =   3.540434723e+00 inf =   1.058e-02 (3045) 15
* 15179: obj =   3.540026407e+00 inf =   1.354e-02 (2754) 16
* 16645: obj =   3.539678368e+00 inf =   1.346e-02 (2589) 15
* 18257: obj =   3.539334851e+00 inf =   1.275e-02 (2427) 16
* 19767: obj =   3.539028161e+00 inf =   1.231e-02 (2093) 15
* 21254: obj =   3.538839463e+00 inf =   1.062e-02 (1894) 14
* 22767: obj =   3.007381640e+00 inf =   1.082e-02 (4394) 15
* 24077: obj =   3.006817711e+00 inf =   1.718e-02 (3810) 13
* 25378: obj =   3.006591676e+00 inf =   1.606e-02 (3310) 13
* 26617: obj =   3.006470378e+00 inf =   1.369e-02 (32477) 11
* 27898: obj =   3.006343565e+00 inf =   1.052e-02 (2759) 13
* 29177: obj =   3.004867029e+00 inf =   1.263e-02 (4166) 12
* 30580: obj =   3.003530394e+00 inf =   2.352e-02 (3626) 14
* 31911: obj =   3.002891123e+00 inf =   2.393e-02 (3163) 14
* 33294: obj =   3.002430253e+00 inf =   2.198e-02 (2826) 13
* 34689: obj =   3.002048336e+00 inf =   1.884e-02 (2594) 14
* 36226: obj =   3.001748778e+00 inf =   1.735e-02 (2407) 15
* 37585: obj =   3.001571296e+00 inf =   1.545e-02 (2128) 14
* 39222: obj =   2.473586223e+00 inf =   1.355e-02 (5094) 16
* 40402: obj =   2.473087132e+00 inf =   1.453e-02 (4680) 11
* 41791: obj =   2.472495327e+00 inf =   1.931e-02 (4141) 14
* 43105: obj =   2.472128550e+00 inf =   1.791e-02 (4924) 13
* 44533: obj =   2.468190724e+00 inf =   1.798e-02 (4147) 14
* 45981: obj =   2.466535083e+00 inf =   1.982e-02 (3475) 14
* 47229: obj =   2.465912062e+00 inf =   1.757e-02 (2808) 12
* 48576: obj =   2.465611510e+00 inf =   1.484e-02 (2575) 14
* 49870: obj =   2.465402032e+00 inf =   1.508e-02 (2225) 13
* 51433: obj =   1.945961456e+00 inf =   1.457e-02 (5216) 15
* 52707: obj =   1.945190491e+00 inf =   1.532e-02 (4696) 13
* 53984: obj =   1.944678029e+00 inf =   1.879e-02 (4169) 12
* 55395: obj =   1.944363149e+00 inf =   1.586e-02 (3670) 14
* 56662: obj =   1.944187952e+00 inf =   1.269e-02 (3534) 12
* 57933: obj =   1.943913784e+00 inf =   1.054e-02 (3300) 12
* 59075: obj =   1.943684275e+00 inf =   8.942e-03 (3145) 11
* 60088: obj =   1.943574269e+00 inf =   7.951e-03 (2806) 10
* 61126: obj =   1.943475220e+00 inf =   6.633e-03 (2705) 10
* 62113: obj =   1.943395520e+00 inf =   5.845e-03 (2438) 10
* 63040: obj =   1.943340855e+00 inf =   5.421e-03 (2380) 9
* 64138: obj =   1.943247317e+00 inf =   6.150e-03 (5203) 11
* 65347: obj =   1.941805494e+00 inf =   7.295e-03 (4833) 12
* 66659: obj =   1.940527618e+00 inf =   1.296e-02 (4359) 13
* 67996: obj =   1.939679263e+00 inf =   1.791e-02 (3962) 13
* 69154: obj =   1.939199349e+00 inf =   1.560e-02 (3483) 12
* 70451: obj =   1.938790067e+00 inf =   1.385e-02 (3300) 12
* 71760: obj =   1.938326538e+00 inf =   1.505e-02 (3111) 13
* 73117: obj =   1.938038369e+00 inf =   1.443e-02 (2779) 14
* 74474: obj =   1.937773567e+00 inf =   1.237e-02 (2606) 13
* 75940: obj =   1.937619180e+00 inf =   9.713e-03 (2318) 15
* 77371: obj =   1.459308864e+00 inf =   7.973e-03 (4980) 14
* 78617: obj =   1.458829736e+00 inf =   8.247e-03 (4467) 12
* 79753: obj =   1.458497775e+00 inf =   7.791e-03 (4087) 11
* 80843: obj =   1.458185001e+00 inf =   7.247e-03 (3664) 11
* 81879: obj =   1.457836562e+00 inf =   6.571e-03 (32785) 10
* 83115: obj =   1.457557186e+00 inf =   6.538e-03 (3175) 12
* 84303: obj =   1.457391422e+00 inf =   6.741e-03 (2872) 11
* 85513: obj =   1.457246195e+00 inf =   6.505e-03 (2431) 11
* 86754: obj =   1.457168326e+00 inf =   6.003e-03 (2302) 12
* 87885: obj =   1.457034275e+00 inf =   5.654e-03 (2214) 11
* 89216: obj =   1.456951388e+00 inf =   4.937e-03 (2032) 12
* 90422: obj =   1.456865616e+00 inf =   5.072e-03 (2346) 12
* 91698: obj =   1.456446948e+00 inf =   4.314e-03 (4965) 12
* 92918: obj =   1.455655967e+00 inf =   5.236e-03 (4552) 12
* 93957: obj =   1.455003846e+00 inf =   7.997e-03 (4091) 11
* 95000: obj =   1.454459782e+00 inf =   1.464e-02 (3792) 10
* 96064: obj =   1.454148085e+00 inf =   1.397e-02 (3606) 10
* 97240: obj =   1.453926459e+00 inf =   1.219e-02 (3330) 12
* 98287: obj =   1.453743051e+00 inf =   1.176e-02 (3075) 10
* 99419: obj =   1.453565906e+00 inf =   1.133e-02 (2891) 12
*100610: obj =   1.453461997e+00 inf =   1.060e-02 (2658) 11
*101807: obj =   1.090425273e+00 inf =   1.036e-02 (4740) 12
*102801: obj =   1.090115128e+00 inf =   9.625e-03 (4190) 10
*104038: obj =   1.089851734e+00 inf =   6.197e-03 (3669) 12
*105184: obj =   1.089535083e+00 inf =   4.629e-03 (32601) 11
*106183: obj =   1.089303720e+00 inf =   5.462e-03 (3133) 10
*107366: obj =   1.089138823e+00 inf =   5.612e-03 (32445) 11
*108505: obj =   1.088994471e+00 inf =   5.428e-03 (2477) 11
*109729: obj =   1.088894399e+00 inf =   4.618e-03 (2493) 12
*110801: obj =   1.088788514e+00 inf =   4.296e-03 (32227) 10
*111837: obj =   1.088692292e+00 inf =   6.011e-03 (2246) 10
*112963: obj =   1.088621358e+00 inf =   5.865e-03 (1933) 12
*114030: obj =   1.088574495e+00 inf =   5.235e-03 (1905) 10
*115099: obj =   8.524362261e-01 inf =   4.621e-03 (4122) 10
*116269: obj =   8.523917536e-01 inf =   4.640e-03 (1528) 12
*117261: obj =   8.523652956e-01 inf =   4.206e-03 (1511) 9
*118418: obj =   6.786657734e-01 inf =   5.344e-03 (2560) 12
*119791: obj =   6.782963840e-01 inf =   5.977e-03 (2389) 13
*121208: obj =   6.781253647e-01 inf =   7.510e-03 (1855) 14
*122560: obj =   6.780265395e-01 inf =   8.372e-03 (1832) 14
*123926: obj =   6.779633003e-01 inf =   8.728e-03 (1598) 13
*125200: obj =   5.052653119e-01 inf =   8.481e-03 (1889) 13
*126251: obj =   5.051922702e-01 inf =   6.387e-03 (1286) 10
*127366: obj =   5.051530224e-01 inf =   4.899e-03 (32052) 11
*128429: obj =   5.051273733e-01 inf =   4.506e-03 (1747) 10
*129669: obj =   5.049208909e-01 inf =   5.414e-03 (2067) 12
*131009: obj =   5.047025043e-01 inf =   5.661e-03 (1725) 14
*132287: obj =   5.045714604e-01 inf =   6.390e-03 (1344) 12
*133452: obj =   5.045013025e-01 inf =   7.266e-03 (1255) 12
*134908: obj =   2.273839319e-01 inf =   7.827e-03 (995) 14
Removing LP perturbation [136226]...
*136226: obj =   0.000000000e+00 inf =   0.000e+00 (0) 13
OPTIMAL LP SOLUTION FOUND
Integer optimization begins...
Long-step dual simplex will be used
+136226: mip =     not found yet >=              -inf        (1; 0)
+136226: >>>>>   0.000000000e+00 >=   0.000000000e+00   0.0% (1; 0)
+136226: mip =   0.000000000e+00 >=     tree is empty   0.0% (0; 1)
INTEGER OPTIMAL SOLUTION FOUND
Time used:   535.5 secs
Memory used: 85.0 Mb (89091395 bytes)
Writing MIP solution to 'input/p2p-Gnutella05.html/p2p-Gnutella05.txt.gz.42.lp.sol'...
Objective:  obj = 0 (MINimum)
