GLPSOL--GLPK LP/MIP Solver 5.0
Parameter(s) specified in the command line:
 --lp input/p2p-Gnutella25.html/p2p-Gnutella25.txt.gz.6.lp -o input/p2p-Gnutella25.html/p2p-Gnutella25.txt.gz.6.lp.sol
Reading problem data from 'input/p2p-Gnutella25.html/p2p-Gnutella25.txt.gz.6.lp'...
54708 rows, 132097 columns, 273527 non-zeros
132097 integer variables, all of which are binary
186810 lines were read
GLPK Integer Optimizer 5.0
54708 rows, 132097 columns, 273527 non-zeros
132097 integer variables, all of which are binary
Preprocessing...
54699 rows, 132086 columns, 273397 non-zeros
132086 integer variables, all of which are binary
Scaling...
 A: min|aij| =  1.000e+00  max|aij| =  1.000e+00  ratio =  1.000e+00
Problem data seem to be well scaled
Constructing initial basis...
Size of triangular part is 54699
Solving LP relaxation...
GLPK Simplex Optimizer 5.0
54699 rows, 132086 columns, 273397 non-zeros
      0: obj =   0.000000000e+00 inf =   3.600e+01 (36)
     36: obj =   1.914000000e+01 inf =   0.000e+00 (0)
Perturbing LP to avoid stalling [241]...
*  1617: obj =   1.567000000e+01 inf =   0.000e+00 (372) 8
*  2790: obj =   1.567000000e+01 inf =   0.000e+00 (437) 8
*  3789: obj =   1.567000000e+01 inf =   0.000e+00 (760) 8
*  4695: obj =   1.567000000e+01 inf =   0.000e+00 (55097) 7
*  5519: obj =   1.567000000e+01 inf =   0.000e+00 (1214) 7
*  6294: obj =   1.567000000e+01 inf =   0.000e+00 (1322) 6
*  7134: obj =   1.567000000e+01 inf =   0.000e+00 (1071) 8
*  8042: obj =   1.215000000e+01 inf =   0.000e+00 (600) 9
Removing LP perturbation [8755]...
*  8755: obj =   1.155823529e+01 inf =   0.000e+00 (0) 7
OPTIMAL LP SOLUTION FOUND
Integer optimization begins...
Long-step dual simplex will be used
+  8755: mip =     not found yet >=              -inf        (1; 0)
Solution found by heuristic: 14.62
+  8755: mip =   1.462000000e+01 >=   1.157000000e+01  20.9% (2; 0)
+  8812: >>>>>   1.178000000e+01 >=   1.158647059e+01   1.6% (2; 0)
+  8864: mip =   1.178000000e+01 >=     tree is empty   0.0% (0; 3)
INTEGER OPTIMAL SOLUTION FOUND
Time used:   103.9 secs
Memory used: 158.3 Mb (165949664 bytes)
Writing MIP solution to 'input/p2p-Gnutella25.html/p2p-Gnutella25.txt.gz.6.lp.sol'...
Objective:  obj = 11.78 (MINimum)
