Launched as -i 5 input/soc-sign-Slashdot090221.html/soc-sign-Slashdot090221.txt.gz 0


Execution time and memory used at after reading from file: 7.467000e+01 seconds, 42438656 bytes of memory usage, 41480 kB of memory peak and 01:15 elapsed time
Statistics on the network after reading from file
	Number of nodes: 82140
	Number of allocated nodes: 82944
	Number of edges: 549202
	Maximum in degree: 2543 (node 80)
	Maximum out degree: 428 (node 8895)

Execution time and memory used at after adding costs: 7.468000e+01 seconds, 42438656 bytes of memory usage, 41480 kB of memory peak and 01:15 elapsed time
Statistics on the network after adding costs
	Number of nodes: 82140
	Number of allocated nodes: 82944
	Number of edges: 549202
	Maximum in degree: 2543 (node 80)
	Maximum out degree: 428 (node 8895)

Execution time and memory used at before starting main computation: 7.531000e+01 seconds, 43249664 bytes of memory usage, 43076 kB of memory peak and 01:15 elapsed time
Statistics on the network before starting main computation
	Number of nodes: 82140
	Number of allocated nodes: 82944
	Number of edges: 549202
	Maximum in degree: 2543 (node 80)
	Maximum out degree: 428 (node 8895)
	source 4735 (node 8895) with out degree 428
	target 132 (node 80) with in degree 2543

Execution time and memory used at after creating milp without reductions: 7.615000e+01 seconds, 43249664 bytes of memory usage, 43076 kB of memory peak and 01:16 elapsed time
Statistics on the network after creating milp without reductions
	Number of nodes: 82140
	Number of allocated nodes: 82944
	Number of edges: 549202
	Maximum in degree: 2543 (node 80)
	Maximum out degree: 428 (node 8895)
	source 4735 (node 8895) with out degree 428
	target 132 (node 80) with in degree 2543

Execution time and memory used at after reachability and chains reduction: 5.054300e+02 seconds, 46493696 bytes of memory usage, 50768 kB of memory peak and 08:26 elapsed time
Statistics on the network after reachability and chains reduction
	Number of nodes: 24953
	Number of allocated nodes: 82944
	Number of edges: 342460
	Maximum in degree: 1971 (node 80)
	Maximum out degree: 385 (node 197)
	source 4735 (node 8895) with out degree 265
	target 132 (node 80) with in degree 1971

Execution time and memory used at after detours elimination: 3.802636e+04 seconds, 47280128 bytes of memory usage, 50768 kB of memory peak and 10:33:48 elapsed time
Statistics on the network after detours elimination
	Number of nodes: 24162
	Number of allocated nodes: 82944
	Number of edges: 340785
	Maximum in degree: 1971 (node 80)
	Maximum out degree: 383 (node 197)
	source 4735 (node 8895) with out degree 265
	target 132 (node 80) with in degree 1971

Execution time and memory used at after creating milp with detours elimination (all transformations): 3.802680e+04 seconds, 47280128 bytes of memory usage, 50768 kB of memory peak and 10:33:49 elapsed time
Statistics on the network after creating milp with detours elimination (all transformations)
	Number of nodes: 24162
	Number of allocated nodes: 82944
	Number of edges: 340785
	Maximum in degree: 1971 (node 80)
	Maximum out degree: 383 (node 197)
	source 4735 (node 8895) with out degree 265
	target 132 (node 80) with in degree 1971
