	Command being timed: "/usr/app/src/glpk-5.0/examples/glpsol --lp input/soc-RedditHyperlinks.html/soc-redditHyperlinks-title.tsv.gz.78.lp -o input/soc-RedditHyperlinks.html/soc-redditHyperlinks-title.tsv.gz.78.lp.sol"
	User time (seconds): 1358.51
	System time (seconds): 1.24
	Percent of CPU this job got: 99%
	Elapsed (wall clock) time (h:mm:ss or m:ss): 22:39.89
	Average shared text size (kbytes): 0
	Average unshared data size (kbytes): 0
	Average stack size (kbytes): 0
	Average total size (kbytes): 0
	Maximum resident set size (kbytes): 610900
	Average resident set size (kbytes): 0
	Major (requiring I/O) page faults: 0
	Minor (reclaiming a frame) page faults: 406319
	Voluntary context switches: 145
	Involuntary context switches: 3100
	Swaps: 0
	File system inputs: 0
	File system outputs: 128184
	Socket messages sent: 0
	Socket messages received: 0
	Signals delivered: 0
	Page size (bytes): 4096
	Exit status: 0
