	Command being timed: "/usr/app/src/glpk-5.0/examples/glpsol --lp input/sx-askubuntu.html/sx-askubuntu-c2a.txt.gz.720.lp -o input/sx-askubuntu.html/sx-askubuntu-c2a.txt.gz.720.lp.sol"
	User time (seconds): 109853.05
	System time (seconds): 186.84
	Percent of CPU this job got: 99%
	Elapsed (wall clock) time (h:mm:ss or m:ss): 30:34:09
	Average shared text size (kbytes): 0
	Average unshared data size (kbytes): 0
	Average stack size (kbytes): 0
	Average total size (kbytes): 0
	Maximum resident set size (kbytes): 443468
	Average resident set size (kbytes): 0
	Major (requiring I/O) page faults: 0
	Minor (reclaiming a frame) page faults: 6829339
	Voluntary context switches: 3263
	Involuntary context switches: 147920
	Swaps: 0
	File system inputs: 0
	File system outputs: 112704
	Socket messages sent: 0
	Socket messages received: 0
	Signals delivered: 0
	Page size (bytes): 4096
	Exit status: 0
