Version 1.2 launched as -e 0.1 12 input/higgs-twitter.html/higgs-social_network.edgelist.gz 875


Execution time and memory used at after reading from file: 8.310252e+04 seconds, 548134912 bytes of memory usage, 535324 kB of memory peak and 23:05:05 elapsed time
Statistics on the network after reading from file
	Number of nodes: 456626
	Number of allocated nodes: 456704
	Number of edges: 14855819
	Maximum in degree: 51386 (node 1503)
	Maximum out degree: 1259 (node 13115)

Execution time and memory used at after adding costs: 8.310296e+04 seconds, 548134912 bytes of memory usage, 535324 kB of memory peak and 23:05:06 elapsed time
Statistics on the network after adding costs
	Number of nodes: 456626
	Number of allocated nodes: 456704
	Number of edges: 14855819
	Maximum in degree: 51386 (node 1503)
	Maximum out degree: 1259 (node 13115)

Execution time and memory used at before starting main computation: 8.349624e+04 seconds, 559624192 bytes of memory usage, 551880 kB of memory peak and 23:11:39 elapsed time
Statistics on the network before starting main computation
	Number of nodes: 456626
	Number of allocated nodes: 456704
	Number of edges: 14855819
	Maximum in degree: 51386 (node 1503)
	Maximum out degree: 1259 (node 13115)
	source 13114 (node 13115) with out degree 1259
	target 1502 (node 1503) with in degree 51386

Execution time and memory used at after iteration 1 (MF = 78.054725): 2.226158e+05 seconds, 13014806528 bytes of memory usage, 17872792 kB of memory peak and 2-13:50:23 elapsed time
Statistics on the network after iteration 1 (MF = 78.054725)
	Number of nodes: 456626
	Number of allocated nodes: 456704
	Number of edges: 14855819
	Maximum in degree: 51386 (node 1503)
	Maximum out degree: 1259 (node 13115)
	source 13114 (node 13115) with out degree 1259
	target 1502 (node 1503) with in degree 51386

Execution time and memory used at after iteration 2 (MF = 45.771260): 2.637634e+05 seconds, 14978510848 bytes of memory usage, 18046804 kB of memory peak and 3-01:16:11 elapsed time
Statistics on the network after iteration 2 (MF = 45.771260)
	Number of nodes: 456626
	Number of allocated nodes: 456704
	Number of edges: 14855819
	Maximum in degree: 51386 (node 1503)
	Maximum out degree: 1259 (node 13115)
	source 13114 (node 13115) with out degree 1259
	target 1502 (node 1503) with in degree 51386
