GLPSOL--GLPK LP/MIP Solver 5.0
Parameter(s) specified in the command line:
 --lp input/p2p-Gnutella24.html/p2p-Gnutella24.txt.gz.6.lp -o input/p2p-Gnutella24.html/p2p-Gnutella24.txt.gz.6.lp.sol
Reading problem data from 'input/p2p-Gnutella24.html/p2p-Gnutella24.txt.gz.6.lp'...
65372 rows, 157256 columns, 326847 non-zeros
157256 integer variables, all of which are binary
222633 lines were read
GLPK Integer Optimizer 5.0
65372 rows, 157256 columns, 326847 non-zeros
157256 integer variables, all of which are binary
Preprocessing...
65361 rows, 157243 columns, 326698 non-zeros
157243 integer variables, all of which are binary
Scaling...
 A: min|aij| =  1.000e+00  max|aij| =  1.000e+00  ratio =  1.000e+00
Problem data seem to be well scaled
Constructing initial basis...
Size of triangular part is 65361
Solving LP relaxation...
GLPK Simplex Optimizer 5.0
65361 rows, 157243 columns, 326698 non-zeros
      0: obj =   0.000000000e+00 inf =   3.200e+01 (32)
     32: obj =   3.665896000e+00 inf =   0.000e+00 (0)
Perturbing LP to avoid stalling [239]...
*  1457: obj =   2.700458000e+00 inf =   0.000e+00 (346) 7
*  2555: obj =   2.700458000e+00 inf =   0.000e+00 (469) 7
*  3496: obj =   2.700458000e+00 inf =   0.000e+00 (509) 8
*  4349: obj =   2.700458000e+00 inf =   0.000e+00 (588) 7
*  5112: obj =   2.700458000e+00 inf =   0.000e+00 (696) 6
*  5862: obj =   2.700458000e+00 inf =   0.000e+00 (699) 7
*  6582: obj =   2.700458000e+00 inf =   0.000e+00 (738) 6
*  7269: obj =   2.700458000e+00 inf =   0.000e+00 (840) 7
*  8050: obj =   2.262671000e+00 inf =   0.000e+00 (663) 7
*  8964: obj =   2.221197000e+00 inf =   0.000e+00 (222) 9
Removing LP perturbation [9286]...
*  9286: obj =   2.205069000e+00 inf =   0.000e+00 (0) 3
OPTIMAL LP SOLUTION FOUND
Integer optimization begins...
Long-step dual simplex will be used
+  9286: mip =     not found yet >=              -inf        (1; 0)
+  9286: >>>>>   2.205069000e+00 >=   2.205069000e+00   0.0% (1; 0)
+  9286: mip =   2.205069000e+00 >=     tree is empty   0.0% (0; 1)
INTEGER OPTIMAL SOLUTION FOUND
Time used:   52.3 secs
Memory used: 178.6 Mb (187231821 bytes)
Writing MIP solution to 'input/p2p-Gnutella24.html/p2p-Gnutella24.txt.gz.6.lp.sol'...
Objective:  obj = 2.205069 (MINimum)
