Version 1.2 launched as -e 0.1 12 input/sx-superuser.html/sx-superuser-c2q.txt.gz 33


Execution time and memory used at after reading from file: 7.213000e+01 seconds, 34037760 bytes of memory usage, 33276 kB of memory peak and 01:12 elapsed time
Statistics on the network after reading from file
	Number of nodes: 94548
	Number of allocated nodes: 95232
	Number of edges: 238335
	Maximum in degree: 161 (node 2805)
	Maximum out degree: 12385 (node 83283)

Execution time and memory used at before starting main computation: 7.364000e+01 seconds, 34308096 bytes of memory usage, 34392 kB of memory peak and 01:13 elapsed time
Statistics on the network before starting main computation
	Number of nodes: 94548
	Number of allocated nodes: 95232
	Number of edges: 238335
	Maximum in degree: 161 (node 2805)
	Maximum out degree: 12385 (node 83283)
	source 13987 (node 83283) with out degree 12385
	target 4005 (node 27264) with in degree 115

Execution time and memory used at after iteration 1 (MF = 99388660479.000000): 1.521850e+03 seconds, 263516160 bytes of memory usage, 308800 kB of memory peak and 25:22 elapsed time
Statistics on the network after iteration 1 (MF = 99388660479.000000)
	Number of nodes: 94548
	Number of allocated nodes: 95232
	Number of edges: 238335
	Maximum in degree: 161 (node 2805)
	Maximum out degree: 12385 (node 83283)
	source 13987 (node 83283) with out degree 12385
	target 4005 (node 27264) with in degree 115

Execution time and memory used at after iteration 2 (MF = 90843720565.000000): 1.538880e+03 seconds, 263516160 bytes of memory usage, 341640 kB of memory peak and 25:39 elapsed time
Statistics on the network after iteration 2 (MF = 90843720565.000000)
	Number of nodes: 94548
	Number of allocated nodes: 95232
	Number of edges: 238335
	Maximum in degree: 161 (node 2805)
	Maximum out degree: 12385 (node 83283)
	source 13987 (node 83283) with out degree 12385
	target 4005 (node 27264) with in degree 115

Execution time and memory used at after iteration 3 (MF = 86893601034.000000): 1.667780e+03 seconds, 420032512 bytes of memory usage, 477220 kB of memory peak and 27:48 elapsed time
Statistics on the network after iteration 3 (MF = 86893601034.000000)
	Number of nodes: 94548
	Number of allocated nodes: 95232
	Number of edges: 238335
	Maximum in degree: 161 (node 2805)
	Maximum out degree: 12385 (node 83283)
	source 13987 (node 83283) with out degree 12385
	target 4005 (node 27264) with in degree 115

Execution time and memory used at after iteration 4 (MF = 88564691205.000000): 3.681520e+03 seconds, 420032512 bytes of memory usage, 477220 kB of memory peak and 01:01:22 elapsed time
Statistics on the network after iteration 4 (MF = 88564691205.000000)
	Number of nodes: 94548
	Number of allocated nodes: 95232
	Number of edges: 238335
	Maximum in degree: 161 (node 2805)
	Maximum out degree: 12385 (node 83283)
	source 13987 (node 83283) with out degree 12385
	target 4005 (node 27264) with in degree 115
