	Command being timed: "/usr/app/src/glpk-5.0/examples/glpsol --lp input/sx-askubuntu.html/sx-askubuntu-c2a.txt.gz.576.lp -o input/sx-askubuntu.html/sx-askubuntu-c2a.txt.gz.576.lp.sol"
	User time (seconds): 23750.46
	System time (seconds): 31.69
	Percent of CPU this job got: 99%
	Elapsed (wall clock) time (h:mm:ss or m:ss): 6:36:23
	Average shared text size (kbytes): 0
	Average unshared data size (kbytes): 0
	Average stack size (kbytes): 0
	Average total size (kbytes): 0
	Maximum resident set size (kbytes): 443600
	Average resident set size (kbytes): 0
	Major (requiring I/O) page faults: 0
	Minor (reclaiming a frame) page faults: 565066
	Voluntary context switches: 2091
	Involuntary context switches: 18140
	Swaps: 0
	File system inputs: 0
	File system outputs: 90960
	Socket messages sent: 0
	Socket messages received: 0
	Signals delivered: 0
	Page size (bytes): 4096
	Exit status: 0
