GLPSOL--GLPK LP/MIP Solver 5.0
Parameter(s) specified in the command line:
 --lp input/p2p-Gnutella05.html/p2p-Gnutella05.txt.gz.54.lp -o input/p2p-Gnutella05.html/p2p-Gnutella05.txt.gz.54.lp.sol
Reading problem data from 'input/p2p-Gnutella05.html/p2p-Gnutella05.txt.gz.54.lp'...
31842 rows, 72524 columns, 159197 non-zeros
72524 integer variables, all of which are binary
104371 lines were read
GLPK Integer Optimizer 5.0
31842 rows, 72524 columns, 159197 non-zeros
72524 integer variables, all of which are binary
Preprocessing...
31831 rows, 72513 columns, 159015 non-zeros
72513 integer variables, all of which are binary
Scaling...
 A: min|aij| =  1.000e+00  max|aij| =  1.000e+00  ratio =  1.000e+00
Problem data seem to be well scaled
Constructing initial basis...
Size of triangular part is 31831
Solving LP relaxation...
GLPK Simplex Optimizer 5.0
31831 rows, 72513 columns, 159015 non-zeros
      0: obj =   0.000000000e+00 inf =   7.900e+01 (79)
     79: obj =   5.627082600e+01 inf =   0.000e+00 (0)
Perturbing LP to avoid stalling [332]...
*  2314: obj =   1.728471600e+01 inf =   0.000e+00 (755) 14
*  3872: obj =   1.728471600e+01 inf =   0.000e+00 (32429) 14
*  5309: obj =   1.728471600e+01 inf =   0.000e+00 (32514) 13
*  6736: obj =   1.728471600e+01 inf =   0.000e+00 (32751) 14
*  7957: obj =   1.728471600e+01 inf =   0.000e+00 (33016) 13
Removing LP perturbation [8912]...
*  8912: obj =   0.000000000e+00 inf =   7.772e-15 (0) 8
OPTIMAL LP SOLUTION FOUND
Integer optimization begins...
Long-step dual simplex will be used
+  8912: mip =     not found yet >=              -inf        (1; 0)
Solution found by heuristic: 0
+  8912: mip =   0.000000000e+00 >=     tree is empty   0.0% (0; 1)
INTEGER OPTIMAL SOLUTION FOUND
Time used:   29.1 secs
Memory used: 85.0 Mb (89091395 bytes)
Writing MIP solution to 'input/p2p-Gnutella05.html/p2p-Gnutella05.txt.gz.54.lp.sol'...
Objective:  obj = 0 (MINimum)
