	Command being timed: "/usr/app/src/glpk-5.0/examples/glpsol --lp input/as-Skitter.html/as-skitter.txt.gz.1113.lp.reach_chain_detours.lp -o input/as-Skitter.html/as-skitter.txt.gz.1113.lp.reach_chain_detours.lp.sol"
	User time (seconds): 176518.27
	System time (seconds): 375.86
	Percent of CPU this job got: 99%
	Elapsed (wall clock) time (h:mm:ss or m:ss): 49:08:17
	Average shared text size (kbytes): 0
	Average unshared data size (kbytes): 0
	Average stack size (kbytes): 0
	Average total size (kbytes): 0
	Maximum resident set size (kbytes): 1084136
	Average resident set size (kbytes): 0
	Major (requiring I/O) page faults: 7
	Minor (reclaiming a frame) page faults: 53754433
	Voluntary context switches: 17899
	Involuntary context switches: 224236
	Swaps: 0
	File system inputs: 496
	File system outputs: 239968
	Socket messages sent: 0
	Socket messages received: 0
	Signals delivered: 0
	Page size (bytes): 4096
	Exit status: 0
