GLPSOL--GLPK LP/MIP Solver 5.0
Parameter(s) specified in the command line:
 --lp input/ego-Facebook.html/facebook_combined.txt.gz.150.lp.reach_chain_detours.lp
 -o input/ego-Facebook.html/facebook_combined.txt.gz.150.lp.reach_chain_detours.lp.sol
Reading problem data from 'input/ego-Facebook.html/facebook_combined.txt.gz.150.lp.reach_chain_detours.lp'...
27548 rows, 56165 columns, 137727 non-zeros
56165 integer variables, all of which are binary
83718 lines were read
GLPK Integer Optimizer 5.0
27548 rows, 56165 columns, 137727 non-zeros
56165 integer variables, all of which are binary
Preprocessing...
1 hidden packing inequaliti(es) were detected
27546 rows, 56163 columns, 136605 non-zeros
56163 integer variables, all of which are binary
Scaling...
 A: min|aij| =  1.000e+00  max|aij| =  1.000e+00  ratio =  1.000e+00
Problem data seem to be well scaled
Constructing initial basis...
Size of triangular part is 27546
Solving LP relaxation...
GLPK Simplex Optimizer 5.0
27546 rows, 56163 columns, 136605 non-zeros
      0: obj =   0.000000000e+00 inf =   2.510e+02 (251)
    251: obj =   7.207110200e+01 inf =   0.000e+00 (0)
Perturbing LP to avoid stalling [454]...
*  3264: obj =   5.755449878e+01 inf =   0.000e+00 (942) 24
*  5798: obj =   4.687543700e+01 inf =   1.501e-03 (1178) 24
*  8761: obj =   2.597138681e+01 inf =   1.533e-03 (811) 27
Removing LP perturbation [10032]...
* 10032: obj =   2.533539700e+01 inf =   0.000e+00 (0) 9
OPTIMAL LP SOLUTION FOUND
Integer optimization begins...
Long-step dual simplex will be used
+ 10032: mip =     not found yet >=              -inf        (1; 0)
+ 10032: >>>>>   2.533539700e+01 >=   2.533539700e+01   0.0% (1; 0)
+ 10032: mip =   2.533539700e+01 >=     tree is empty   0.0% (0; 1)
INTEGER OPTIMAL SOLUTION FOUND
Time used:   17.0 secs
Memory used: 70.5 Mb (73915273 bytes)
Writing MIP solution to 'input/ego-Facebook.html/facebook_combined.txt.gz.150.lp.reach_chain_detours.lp.sol'...
Objective:  obj = 25.335397 (MINimum)
