	Command being timed: "/usr/app/src/glpk-5.0/examples/glpsol --lp input/com-Amazon.html/com-amazon.ungraph.txt.gz.16.lp -o input/com-Amazon.html/com-amazon.ungraph.txt.gz.16.lp.sol"
	User time (seconds): 118.64
	System time (seconds): 2.17
	Percent of CPU this job got: 99%
	Elapsed (wall clock) time (h:mm:ss or m:ss): 2:00.90
	Average shared text size (kbytes): 0
	Average unshared data size (kbytes): 0
	Average stack size (kbytes): 0
	Average total size (kbytes): 0
	Maximum resident set size (kbytes): 2447348
	Average resident set size (kbytes): 0
	Major (requiring I/O) page faults: 0
	Minor (reclaiming a frame) page faults: 766866
	Voluntary context switches: 40
	Involuntary context switches: 171
	Swaps: 0
	File system inputs: 0
	File system outputs: 484616
	Socket messages sent: 0
	Socket messages received: 0
	Signals delivered: 0
	Page size (bytes): 4096
	Exit status: 0
