	Command being timed: "/usr/app/src/glpk-5.0/examples/glpsol --lp input/gemsec-Facebook.html/government_edges.csv.gz.287.lp.reach_chain_detours.lp -o input/gemsec-Facebook.html/government_edges.csv.gz.287.lp.reach_chain_detours.lp.sol"
	User time (seconds): 21.30
	System time (seconds): 0.10
	Percent of CPU this job got: 99%
	Elapsed (wall clock) time (h:mm:ss or m:ss): 0:21.40
	Average shared text size (kbytes): 0
	Average unshared data size (kbytes): 0
	Average stack size (kbytes): 0
	Average total size (kbytes): 0
	Maximum resident set size (kbytes): 57468
	Average resident set size (kbytes): 0
	Major (requiring I/O) page faults: 0
	Minor (reclaiming a frame) page faults: 23581
	Voluntary context switches: 31
	Involuntary context switches: 44
	Swaps: 0
	File system inputs: 0
	File system outputs: 8304
	Socket messages sent: 0
	Socket messages received: 0
	Signals delivered: 0
	Page size (bytes): 4096
	Exit status: 0
