GLPSOL--GLPK LP/MIP Solver 5.0
Parameter(s) specified in the command line:
 --lp input/gemsec-Facebook.html/public_figure_edges.csv.gz.225.lp.reach_chain_detours.lp
 -o input/gemsec-Facebook.html/public_figure_edges.csv.gz.225.lp.reach_chain_detours.lp.sol
Reading problem data from 'input/gemsec-Facebook.html/public_figure_edges.csv.gz.225.lp.reach_chain_detours.lp'...
19734 rows, 41766 columns, 98657 non-zeros
41766 integer variables, all of which are binary
61505 lines were read
GLPK Integer Optimizer 5.0
19734 rows, 41766 columns, 98657 non-zeros
41766 integer variables, all of which are binary
Preprocessing...
19732 rows, 41764 columns, 98284 non-zeros
41764 integer variables, all of which are binary
Scaling...
 A: min|aij| =  1.000e+00  max|aij| =  1.000e+00  ratio =  1.000e+00
Problem data seem to be well scaled
Constructing initial basis...
Size of triangular part is 19732
Solving LP relaxation...
GLPK Simplex Optimizer 5.0
19732 rows, 41764 columns, 98284 non-zeros
      0: obj =   0.000000000e+00 inf =   1.690e+02 (169)
    169: obj =   1.147893700e+02 inf =   0.000e+00 (0)
Perturbing LP to avoid stalling [374]...
*  4028: obj =   5.653767611e+01 inf =   1.300e-08 (1458) 34
*  8076: obj =   8.100343370e-01 inf =   6.635e-04 (1090) 35
Removing LP perturbation [8174]...
*  8174: obj =   0.000000000e+00 inf =   0.000e+00 (0) 1
OPTIMAL LP SOLUTION FOUND
Integer optimization begins...
Long-step dual simplex will be used
+  8174: mip =     not found yet >=              -inf        (1; 0)
+  8246: mip =     not found yet >=   0.000000000e+00        (6; 0)
+  8380: mip =     not found yet >=   0.000000000e+00        (11; 0)
+  8462: mip =     not found yet >=   0.000000000e+00        (16; 0)
+  8515: mip =     not found yet >=   0.000000000e+00        (21; 0)
+  8591: mip =     not found yet >=   0.000000000e+00        (26; 0)
Solution found by heuristic: 0
+  8592: mip =   0.000000000e+00 >=     tree is empty   0.0% (0; 51)
INTEGER OPTIMAL SOLUTION FOUND
Time used:   39.2 secs
Memory used: 52.7 Mb (55273112 bytes)
Writing MIP solution to 'input/gemsec-Facebook.html/public_figure_edges.csv.gz.225.lp.reach_chain_detours.lp.sol'...
Objective:  obj = 0 (MINimum)
