Version 1.2 launched as -e 0.1 12 input/sx-superuser.html/sx-superuser-c2q.txt.gz 11


Execution time and memory used at after reading from file: 7.004000e+01 seconds, 34037760 bytes of memory usage, 33276 kB of memory peak and 01:10 elapsed time
Statistics on the network after reading from file
	Number of nodes: 94548
	Number of allocated nodes: 95232
	Number of edges: 238335
	Maximum in degree: 161 (node 2805)
	Maximum out degree: 12385 (node 83283)

Execution time and memory used at before starting main computation: 7.155000e+01 seconds, 34308096 bytes of memory usage, 34392 kB of memory peak and 01:12 elapsed time
Statistics on the network before starting main computation
	Number of nodes: 94548
	Number of allocated nodes: 95232
	Number of edges: 238335
	Maximum in degree: 161 (node 2805)
	Maximum out degree: 12385 (node 83283)
	source 13987 (node 83283) with out degree 12385
	target 4005 (node 27264) with in degree 115

Execution time and memory used at after iteration 1 (MF = 99388660479.000000): 1.503420e+03 seconds, 263516160 bytes of memory usage, 308800 kB of memory peak and 25:04 elapsed time
Statistics on the network after iteration 1 (MF = 99388660479.000000)
	Number of nodes: 94548
	Number of allocated nodes: 95232
	Number of edges: 238335
	Maximum in degree: 161 (node 2805)
	Maximum out degree: 12385 (node 83283)
	source 13987 (node 83283) with out degree 12385
	target 4005 (node 27264) with in degree 115

Execution time and memory used at after iteration 2 (MF = 96535947540.000000): 1.515400e+03 seconds, 263516160 bytes of memory usage, 308844 kB of memory peak and 25:16 elapsed time
Statistics on the network after iteration 2 (MF = 96535947540.000000)
	Number of nodes: 94548
	Number of allocated nodes: 95232
	Number of edges: 238335
	Maximum in degree: 161 (node 2805)
	Maximum out degree: 12385 (node 83283)
	source 13987 (node 83283) with out degree 12385
	target 4005 (node 27264) with in degree 115

Execution time and memory used at after iteration 3 (MF = 97960675819.000000): 1.531500e+03 seconds, 263516160 bytes of memory usage, 330452 kB of memory peak and 25:32 elapsed time
Statistics on the network after iteration 3 (MF = 97960675819.000000)
	Number of nodes: 94548
	Number of allocated nodes: 95232
	Number of edges: 238335
	Maximum in degree: 161 (node 2805)
	Maximum out degree: 12385 (node 83283)
	source 13987 (node 83283) with out degree 12385
	target 4005 (node 27264) with in degree 115

Execution time and memory used at after iteration 4 (MF = 95124418164.000000): 1.954100e+03 seconds, 317231104 bytes of memory usage, 455196 kB of memory peak and 32:34 elapsed time
Statistics on the network after iteration 4 (MF = 95124418164.000000)
	Number of nodes: 94548
	Number of allocated nodes: 95232
	Number of edges: 238335
	Maximum in degree: 161 (node 2805)
	Maximum out degree: 12385 (node 83283)
	source 13987 (node 83283) with out degree 12385
	target 4005 (node 27264) with in degree 115

Execution time and memory used at after iteration 5 (MF = 93797300641.000000): 4.843260e+03 seconds, 317231104 bytes of memory usage, 500064 kB of memory peak and 01:20:44 elapsed time
Statistics on the network after iteration 5 (MF = 93797300641.000000)
	Number of nodes: 94548
	Number of allocated nodes: 95232
	Number of edges: 238335
	Maximum in degree: 161 (node 2805)
	Maximum out degree: 12385 (node 83283)
	source 13987 (node 83283) with out degree 12385
	target 4005 (node 27264) with in degree 115

Execution time and memory used at after iteration 6 (MF = 93824329369.000000): 5.200140e+03 seconds, 317231104 bytes of memory usage, 500064 kB of memory peak and 01:26:41 elapsed time
Statistics on the network after iteration 6 (MF = 93824329369.000000)
	Number of nodes: 94548
	Number of allocated nodes: 95232
	Number of edges: 238335
	Maximum in degree: 161 (node 2805)
	Maximum out degree: 12385 (node 83283)
	source 13987 (node 83283) with out degree 12385
	target 4005 (node 27264) with in degree 115
