	Command being timed: "/usr/app/src/glpk-5.0/examples/glpsol --lp input/cit-HepTh.html/cit-HepTh.txt.gz.112.lp -o input/cit-HepTh.html/cit-HepTh.txt.gz.112.lp.sol"
	User time (seconds): 13377.32
	System time (seconds): 31.84
	Percent of CPU this job got: 99%
	Elapsed (wall clock) time (h:mm:ss or m:ss): 3:43:30
	Average shared text size (kbytes): 0
	Average unshared data size (kbytes): 0
	Average stack size (kbytes): 0
	Average total size (kbytes): 0
	Maximum resident set size (kbytes): 880280
	Average resident set size (kbytes): 0
	Major (requiring I/O) page faults: 0
	Minor (reclaiming a frame) page faults: 469585
	Voluntary context switches: 1162
	Involuntary context switches: 13753
	Swaps: 0
	File system inputs: 0
	File system outputs: 188816
	Socket messages sent: 0
	Socket messages received: 0
	Signals delivered: 0
	Page size (bytes): 4096
	Exit status: 0
