Version 1.2 launched as -e 0.1 12 input/Oregon-1.html/oregon1_010512.txt.gz 76


Execution time and memory used at after reading from file: 6.300000e-01 seconds, 16605184 bytes of memory usage, 16252 kB of memory peak and 00:01 elapsed time
Statistics on the network after reading from file
	Number of nodes: 11011
	Number of allocated nodes: 11264
	Number of edges: 22678
	Maximum in degree: 199 (node 6461)
	Maximum out degree: 2344 (node 701)

Execution time and memory used at after adding costs: 6.400000e-01 seconds, 16605184 bytes of memory usage, 16252 kB of memory peak and 00:01 elapsed time
Statistics on the network after adding costs
	Number of nodes: 11011
	Number of allocated nodes: 11264
	Number of edges: 22678
	Maximum in degree: 199 (node 6461)
	Maximum out degree: 2344 (node 701)

Execution time and memory used at before starting main computation: 6.400000e-01 seconds, 16605184 bytes of memory usage, 16732 kB of memory peak and 00:01 elapsed time
Statistics on the network before starting main computation
	Number of nodes: 11011
	Number of allocated nodes: 11264
	Number of edges: 22678
	Maximum in degree: 199 (node 6461)
	Maximum out degree: 2344 (node 701)
	source 32 (node 701) with out degree 2344
	target 166 (node 6461) with in degree 199

Execution time and memory used at after iteration 1 (MF = 34.638223): 4.670000e+00 seconds, 35696640 bytes of memory usage, 41920 kB of memory peak and 00:05 elapsed time
Statistics on the network after iteration 1 (MF = 34.638223)
	Number of nodes: 11011
	Number of allocated nodes: 11264
	Number of edges: 22678
	Maximum in degree: 199 (node 6461)
	Maximum out degree: 2344 (node 701)
	source 32 (node 701) with out degree 2344
	target 166 (node 6461) with in degree 199

Execution time and memory used at after iteration 2 (MF = 10.144711): 5.320000e+00 seconds, 35696640 bytes of memory usage, 41976 kB of memory peak and 00:06 elapsed time
Statistics on the network after iteration 2 (MF = 10.144711)
	Number of nodes: 11011
	Number of allocated nodes: 11264
	Number of edges: 22678
	Maximum in degree: 199 (node 6461)
	Maximum out degree: 2344 (node 701)
	source 32 (node 701) with out degree 2344
	target 166 (node 6461) with in degree 199

Execution time and memory used at after iteration 3 (MF = 26.680299): 6.450000e+00 seconds, 43012096 bytes of memory usage, 43004 kB of memory peak and 00:07 elapsed time
Statistics on the network after iteration 3 (MF = 26.680299)
	Number of nodes: 11011
	Number of allocated nodes: 11264
	Number of edges: 22678
	Maximum in degree: 199 (node 6461)
	Maximum out degree: 2344 (node 701)
	source 32 (node 701) with out degree 2344
	target 166 (node 6461) with in degree 199

Execution time and memory used at after iteration 4 (MF = 26.729453): 7.610000e+00 seconds, 42442752 bytes of memory usage, 46332 kB of memory peak and 00:08 elapsed time
Statistics on the network after iteration 4 (MF = 26.729453)
	Number of nodes: 11011
	Number of allocated nodes: 11264
	Number of edges: 22678
	Maximum in degree: 199 (node 6461)
	Maximum out degree: 2344 (node 701)
	source 32 (node 701) with out degree 2344
	target 166 (node 6461) with in degree 199

Execution time and memory used at after iteration 5 (MF = 26.506882): 9.630000e+00 seconds, 43216896 bytes of memory usage, 46332 kB of memory peak and 00:10 elapsed time
Statistics on the network after iteration 5 (MF = 26.506882)
	Number of nodes: 11011
	Number of allocated nodes: 11264
	Number of edges: 22678
	Maximum in degree: 199 (node 6461)
	Maximum out degree: 2344 (node 701)
	source 32 (node 701) with out degree 2344
	target 166 (node 6461) with in degree 199

Execution time and memory used at after iteration 6 (MF = 26.550924): 1.071000e+01 seconds, 42524672 bytes of memory usage, 46332 kB of memory peak and 00:11 elapsed time
Statistics on the network after iteration 6 (MF = 26.550924)
	Number of nodes: 11011
	Number of allocated nodes: 11264
	Number of edges: 22678
	Maximum in degree: 199 (node 6461)
	Maximum out degree: 2344 (node 701)
	source 32 (node 701) with out degree 2344
	target 166 (node 6461) with in degree 199

Execution time and memory used at after iteration 7 (MF = 26.647660): 1.713000e+01 seconds, 42831872 bytes of memory usage, 54104 kB of memory peak and 00:18 elapsed time
Statistics on the network after iteration 7 (MF = 26.647660)
	Number of nodes: 11011
	Number of allocated nodes: 11264
	Number of edges: 22678
	Maximum in degree: 199 (node 6461)
	Maximum out degree: 2344 (node 701)
	source 32 (node 701) with out degree 2344
	target 166 (node 6461) with in degree 199

Execution time and memory used at after iteration 8 (MF = 25.753048): 1.894000e+01 seconds, 43073536 bytes of memory usage, 54104 kB of memory peak and 00:19 elapsed time
Statistics on the network after iteration 8 (MF = 25.753048)
	Number of nodes: 11011
	Number of allocated nodes: 11264
	Number of edges: 22678
	Maximum in degree: 199 (node 6461)
	Maximum out degree: 2344 (node 701)
	source 32 (node 701) with out degree 2344
	target 166 (node 6461) with in degree 199

Execution time and memory used at after iteration 9 (MF = 26.272120): 2.027000e+01 seconds, 42582016 bytes of memory usage, 54104 kB of memory peak and 00:21 elapsed time
Statistics on the network after iteration 9 (MF = 26.272120)
	Number of nodes: 11011
	Number of allocated nodes: 11264
	Number of edges: 22678
	Maximum in degree: 199 (node 6461)
	Maximum out degree: 2344 (node 701)
	source 32 (node 701) with out degree 2344
	target 166 (node 6461) with in degree 199

Execution time and memory used at after iteration 10 (MF = 26.657491): 2.425000e+01 seconds, 42971136 bytes of memory usage, 54104 kB of memory peak and 00:25 elapsed time
Statistics on the network after iteration 10 (MF = 26.657491)
	Number of nodes: 11011
	Number of allocated nodes: 11264
	Number of edges: 22678
	Maximum in degree: 199 (node 6461)
	Maximum out degree: 2344 (node 701)
	source 32 (node 701) with out degree 2344
	target 166 (node 6461) with in degree 199

Execution time and memory used at after iteration 11 (MF = 26.460087): 2.679000e+01 seconds, 42758144 bytes of memory usage, 54104 kB of memory peak and 00:27 elapsed time
Statistics on the network after iteration 11 (MF = 26.460087)
	Number of nodes: 11011
	Number of allocated nodes: 11264
	Number of edges: 22678
	Maximum in degree: 199 (node 6461)
	Maximum out degree: 2344 (node 701)
	source 32 (node 701) with out degree 2344
	target 166 (node 6461) with in degree 199

Execution time and memory used at after iteration 12 (MF = 26.497444): 3.091000e+01 seconds, 42872832 bytes of memory usage, 54104 kB of memory peak and 00:31 elapsed time
Statistics on the network after iteration 12 (MF = 26.497444)
	Number of nodes: 11011
	Number of allocated nodes: 11264
	Number of edges: 22678
	Maximum in degree: 199 (node 6461)
	Maximum out degree: 2344 (node 701)
	source 32 (node 701) with out degree 2344
	target 166 (node 6461) with in degree 199

Execution time and memory used at after iteration 13 (MF = 26.309084): 7.206000e+01 seconds, 42323968 bytes of memory usage, 54104 kB of memory peak and 01:13 elapsed time
Statistics on the network after iteration 13 (MF = 26.309084)
	Number of nodes: 11011
	Number of allocated nodes: 11264
	Number of edges: 22678
	Maximum in degree: 199 (node 6461)
	Maximum out degree: 2344 (node 701)
	source 32 (node 701) with out degree 2344
	target 166 (node 6461) with in degree 199

Execution time and memory used at after iteration 14 (MF = 25.002359): 7.285000e+01 seconds, 42893312 bytes of memory usage, 54104 kB of memory peak and 01:13 elapsed time
Statistics on the network after iteration 14 (MF = 25.002359)
	Number of nodes: 11011
	Number of allocated nodes: 11264
	Number of edges: 22678
	Maximum in degree: 199 (node 6461)
	Maximum out degree: 2344 (node 701)
	source 32 (node 701) with out degree 2344
	target 166 (node 6461) with in degree 199

Execution time and memory used at after iteration 15 (MF = 27.027527): 7.721000e+01 seconds, 43192320 bytes of memory usage, 54104 kB of memory peak and 01:18 elapsed time
Statistics on the network after iteration 15 (MF = 27.027527)
	Number of nodes: 11011
	Number of allocated nodes: 11264
	Number of edges: 22678
	Maximum in degree: 199 (node 6461)
	Maximum out degree: 2344 (node 701)
	source 32 (node 701) with out degree 2344
	target 166 (node 6461) with in degree 199

Execution time and memory used at after iteration 16 (MF = 27.064884): 7.804000e+01 seconds, 42999808 bytes of memory usage, 54104 kB of memory peak and 01:19 elapsed time
Statistics on the network after iteration 16 (MF = 27.064884)
	Number of nodes: 11011
	Number of allocated nodes: 11264
	Number of edges: 22678
	Maximum in degree: 199 (node 6461)
	Maximum out degree: 2344 (node 701)
	source 32 (node 701) with out degree 2344
	target 166 (node 6461) with in degree 199

Execution time and memory used at after iteration 17 (MF = 25.718443): 7.945000e+01 seconds, 43208704 bytes of memory usage, 54104 kB of memory peak and 01:20 elapsed time
Statistics on the network after iteration 17 (MF = 25.718443)
	Number of nodes: 11011
	Number of allocated nodes: 11264
	Number of edges: 22678
	Maximum in degree: 199 (node 6461)
	Maximum out degree: 2344 (node 701)
	source 32 (node 701) with out degree 2344
	target 166 (node 6461) with in degree 199

Execution time and memory used at after iteration 18 (MF = 26.642548): 1.176200e+02 seconds, 42323968 bytes of memory usage, 54104 kB of memory peak and 01:58 elapsed time
Statistics on the network after iteration 18 (MF = 26.642548)
	Number of nodes: 11011
	Number of allocated nodes: 11264
	Number of edges: 22678
	Maximum in degree: 199 (node 6461)
	Maximum out degree: 2344 (node 701)
	source 32 (node 701) with out degree 2344
	target 166 (node 6461) with in degree 199

Execution time and memory used at after iteration 19 (MF = 26.658278): 1.431900e+02 seconds, 42323968 bytes of memory usage, 54104 kB of memory peak and 02:24 elapsed time
Statistics on the network after iteration 19 (MF = 26.658278)
	Number of nodes: 11011
	Number of allocated nodes: 11264
	Number of edges: 22678
	Maximum in degree: 199 (node 6461)
	Maximum out degree: 2344 (node 701)
	source 32 (node 701) with out degree 2344
	target 166 (node 6461) with in degree 199

Execution time and memory used at after iteration 20 (MF = 26.659457): 2.000300e+02 seconds, 42323968 bytes of memory usage, 54104 kB of memory peak and 03:21 elapsed time
Statistics on the network after iteration 20 (MF = 26.659457)
	Number of nodes: 11011
	Number of allocated nodes: 11264
	Number of edges: 22678
	Maximum in degree: 199 (node 6461)
	Maximum out degree: 2344 (node 701)
	source 32 (node 701) with out degree 2344
	target 166 (node 6461) with in degree 199

Execution time and memory used at after iteration 21 (MF = 26.454974): 2.146300e+02 seconds, 42463232 bytes of memory usage, 54104 kB of memory peak and 03:35 elapsed time
Statistics on the network after iteration 21 (MF = 26.454974)
	Number of nodes: 11011
	Number of allocated nodes: 11264
	Number of edges: 22678
	Maximum in degree: 199 (node 6461)
	Maximum out degree: 2344 (node 701)
	source 32 (node 701) with out degree 2344
	target 166 (node 6461) with in degree 199

Execution time and memory used at after iteration 22 (MF = 25.917420): 2.283600e+02 seconds, 42504192 bytes of memory usage, 54104 kB of memory peak and 03:49 elapsed time
Statistics on the network after iteration 22 (MF = 25.917420)
	Number of nodes: 11011
	Number of allocated nodes: 11264
	Number of edges: 22678
	Maximum in degree: 199 (node 6461)
	Maximum out degree: 2344 (node 701)
	source 32 (node 701) with out degree 2344
	target 166 (node 6461) with in degree 199

Execution time and memory used at after iteration 23 (MF = 26.685411): 2.914100e+02 seconds, 42323968 bytes of memory usage, 54104 kB of memory peak and 04:52 elapsed time
Statistics on the network after iteration 23 (MF = 26.685411)
	Number of nodes: 11011
	Number of allocated nodes: 11264
	Number of edges: 22678
	Maximum in degree: 199 (node 6461)
	Maximum out degree: 2344 (node 701)
	source 32 (node 701) with out degree 2344
	target 166 (node 6461) with in degree 199

Execution time and memory used at after iteration 24 (MF = 25.353126): 3.708100e+02 seconds, 42504192 bytes of memory usage, 55856 kB of memory peak and 06:11 elapsed time
Statistics on the network after iteration 24 (MF = 25.353126)
	Number of nodes: 11011
	Number of allocated nodes: 11264
	Number of edges: 22678
	Maximum in degree: 199 (node 6461)
	Maximum out degree: 2344 (node 701)
	source 32 (node 701) with out degree 2344
	target 166 (node 6461) with in degree 199

Execution time and memory used at after iteration 25 (MF = 26.466378): 3.985800e+02 seconds, 42504192 bytes of memory usage, 61004 kB of memory peak and 06:39 elapsed time
Statistics on the network after iteration 25 (MF = 26.466378)
	Number of nodes: 11011
	Number of allocated nodes: 11264
	Number of edges: 22678
	Maximum in degree: 199 (node 6461)
	Maximum out degree: 2344 (node 701)
	source 32 (node 701) with out degree 2344
	target 166 (node 6461) with in degree 199

Execution time and memory used at after iteration 26 (MF = 26.581203): 4.296900e+02 seconds, 42684416 bytes of memory usage, 62280 kB of memory peak and 07:10 elapsed time
Statistics on the network after iteration 26 (MF = 26.581203)
	Number of nodes: 11011
	Number of allocated nodes: 11264
	Number of edges: 22678
	Maximum in degree: 199 (node 6461)
	Maximum out degree: 2344 (node 701)
	source 32 (node 701) with out degree 2344
	target 166 (node 6461) with in degree 199

Execution time and memory used at after iteration 27 (MF = 26.480535): 5.028100e+02 seconds, 42655744 bytes of memory usage, 89640 kB of memory peak and 08:23 elapsed time
Statistics on the network after iteration 27 (MF = 26.480535)
	Number of nodes: 11011
	Number of allocated nodes: 11264
	Number of edges: 22678
	Maximum in degree: 199 (node 6461)
	Maximum out degree: 2344 (node 701)
	source 32 (node 701) with out degree 2344
	target 166 (node 6461) with in degree 199

Execution time and memory used at after iteration 28 (MF = 26.341329): 6.203900e+02 seconds, 42840064 bytes of memory usage, 89640 kB of memory peak and 10:21 elapsed time
Statistics on the network after iteration 28 (MF = 26.341329)
	Number of nodes: 11011
	Number of allocated nodes: 11264
	Number of edges: 22678
	Maximum in degree: 199 (node 6461)
	Maximum out degree: 2344 (node 701)
	source 32 (node 701) with out degree 2344
	target 166 (node 6461) with in degree 199

Execution time and memory used at after iteration 29 (MF = 26.279591): 7.410000e+02 seconds, 64794624 bytes of memory usage, 89640 kB of memory peak and 12:22 elapsed time
Statistics on the network after iteration 29 (MF = 26.279591)
	Number of nodes: 11011
	Number of allocated nodes: 11264
	Number of edges: 22678
	Maximum in degree: 199 (node 6461)
	Maximum out degree: 2344 (node 701)
	source 32 (node 701) with out degree 2344
	target 166 (node 6461) with in degree 199

Execution time and memory used at after iteration 30 (MF = 26.170271): 8.253600e+02 seconds, 64794624 bytes of memory usage, 89640 kB of memory peak and 13:46 elapsed time
Statistics on the network after iteration 30 (MF = 26.170271)
	Number of nodes: 11011
	Number of allocated nodes: 11264
	Number of edges: 22678
	Maximum in degree: 199 (node 6461)
	Maximum out degree: 2344 (node 701)
	source 32 (node 701) with out degree 2344
	target 166 (node 6461) with in degree 199

Execution time and memory used at after iteration 31 (MF = 26.273299): 8.868300e+02 seconds, 65507328 bytes of memory usage, 89640 kB of memory peak and 14:47 elapsed time
Statistics on the network after iteration 31 (MF = 26.273299)
	Number of nodes: 11011
	Number of allocated nodes: 11264
	Number of edges: 22678
	Maximum in degree: 199 (node 6461)
	Maximum out degree: 2344 (node 701)
	source 32 (node 701) with out degree 2344
	target 166 (node 6461) with in degree 199
