	Command being timed: "/usr/app/src/glpk-5.0/examples/glpsol --lp input/gemsec-Deezer.html/HR_edges.csv.gz.46.lp -o input/gemsec-Deezer.html/HR_edges.csv.gz.46.lp.sol"
	User time (seconds): 12636.86
	System time (seconds): 68.52
	Percent of CPU this job got: 99%
	Elapsed (wall clock) time (h:mm:ss or m:ss): 3:31:45
	Average shared text size (kbytes): 0
	Average unshared data size (kbytes): 0
	Average stack size (kbytes): 0
	Average total size (kbytes): 0
	Maximum resident set size (kbytes): 1252672
	Average resident set size (kbytes): 0
	Major (requiring I/O) page faults: 0
	Minor (reclaiming a frame) page faults: 535026
	Voluntary context switches: 287
	Involuntary context switches: 9140
	Swaps: 0
	File system inputs: 0
	File system outputs: 229984
	Socket messages sent: 0
	Socket messages received: 0
	Signals delivered: 0
	Page size (bytes): 4096
	Exit status: 0
