	Command being timed: "/usr/app/src/glpk-5.0/examples/glpsol --lp input/email-EuAll.html/email-EuAll.txt.gz.552.lp -o input/email-EuAll.html/email-EuAll.txt.gz.552.lp.sol"
	User time (seconds): 549.19
	System time (seconds): 3.07
	Percent of CPU this job got: 99%
	Elapsed (wall clock) time (h:mm:ss or m:ss): 9:12.29
	Average shared text size (kbytes): 0
	Average unshared data size (kbytes): 0
	Average stack size (kbytes): 0
	Average total size (kbytes): 0
	Maximum resident set size (kbytes): 1162920
	Average resident set size (kbytes): 0
	Major (requiring I/O) page faults: 0
	Minor (reclaiming a frame) page faults: 620939
	Voluntary context switches: 63
	Involuntary context switches: 696
	Swaps: 0
	File system inputs: 0
	File system outputs: 206672
	Socket messages sent: 0
	Socket messages received: 0
	Signals delivered: 0
	Page size (bytes): 4096
	Exit status: 0
