Version 1.2 launched as -e 0.1 12 input/cit-HepTh.html/cit-HepTh.txt.gz 392


Execution time and memory used at after reading from file: 5.458000e+01 seconds, 29208576 bytes of memory usage, 28560 kB of memory peak and 00:55 elapsed time
Statistics on the network after reading from file
	Number of nodes: 27770
	Number of allocated nodes: 28672
	Number of edges: 352768
	Maximum in degree: 2414 (node 9711200)
	Maximum out degree: 562 (node 9905111)

Execution time and memory used at after adding costs: 5.460000e+01 seconds, 29208576 bytes of memory usage, 28560 kB of memory peak and 00:55 elapsed time
Statistics on the network after adding costs
	Number of nodes: 27770
	Number of allocated nodes: 28672
	Number of edges: 352768
	Maximum in degree: 2414 (node 9711200)
	Maximum out degree: 562 (node 9905111)

Execution time and memory used at before starting main computation: 5.467000e+01 seconds, 29618176 bytes of memory usage, 29440 kB of memory peak and 00:55 elapsed time
Statistics on the network before starting main computation
	Number of nodes: 27770
	Number of allocated nodes: 28672
	Number of edges: 352768
	Maximum in degree: 2414 (node 9711200)
	Maximum out degree: 562 (node 9905111)
	source 811 (node 9905111) with out degree 562
	target 559 (node 9711200) with in degree 2414

Execution time and memory used at after iteration 1 (MF = 201.884073): 2.278800e+02 seconds, 333848576 bytes of memory usage, 419116 kB of memory peak and 03:48 elapsed time
Statistics on the network after iteration 1 (MF = 201.884073)
	Number of nodes: 27770
	Number of allocated nodes: 28672
	Number of edges: 352768
	Maximum in degree: 2414 (node 9711200)
	Maximum out degree: 562 (node 9905111)
	source 811 (node 9905111) with out degree 562
	target 559 (node 9711200) with in degree 2414

Execution time and memory used at after iteration 2 (MF = 97.697245): 2.492800e+02 seconds, 333848576 bytes of memory usage, 419400 kB of memory peak and 04:10 elapsed time
Statistics on the network after iteration 2 (MF = 97.697245)
	Number of nodes: 27770
	Number of allocated nodes: 28672
	Number of edges: 352768
	Maximum in degree: 2414 (node 9711200)
	Maximum out degree: 562 (node 9905111)
	source 811 (node 9905111) with out degree 562
	target 559 (node 9711200) with in degree 2414
