Version 1.2 launched as -e 0.1 12 input/sx-askubuntu.html/sx-askubuntu.txt.gz 1560


Execution time and memory used at after reading from file: 5.098700e+02 seconds, 52101120 bytes of memory usage, 50916 kB of memory peak and 08:29 elapsed time
Statistics on the network after reading from file
	Number of nodes: 159316
	Number of allocated nodes: 159744
	Number of edges: 544621
	Maximum in degree: 1953 (node 449)
	Maximum out degree: 4965 (node 15811)

Execution time and memory used at before starting main computation: 5.111400e+02 seconds, 54128640 bytes of memory usage, 54000 kB of memory peak and 08:31 elapsed time
Statistics on the network before starting main computation
	Number of nodes: 159316
	Number of allocated nodes: 159744
	Number of edges: 544621
	Maximum in degree: 1953 (node 449)
	Maximum out degree: 4965 (node 15811)
	source 4729 (node 15811) with out degree 4965
	target 175 (node 449) with in degree 1953

Execution time and memory used at after iteration 1 (MF = 2271170565823.000000): 6.366870e+03 seconds, 550256640 bytes of memory usage, 667852 kB of memory peak and 01:46:07 elapsed time
Statistics on the network after iteration 1 (MF = 2271170565823.000000)
	Number of nodes: 159316
	Number of allocated nodes: 159744
	Number of edges: 544621
	Maximum in degree: 1953 (node 449)
	Maximum out degree: 4965 (node 15811)
	source 4729 (node 15811) with out degree 4965
	target 175 (node 449) with in degree 1953

Execution time and memory used at after iteration 2 (MF = 1854551557198.000000): 1.001850e+04 seconds, 1109622784 bytes of memory usage, 1106520 kB of memory peak and 02:46:59 elapsed time
Statistics on the network after iteration 2 (MF = 1854551557198.000000)
	Number of nodes: 159316
	Number of allocated nodes: 159744
	Number of edges: 544621
	Maximum in degree: 1953 (node 449)
	Maximum out degree: 4965 (node 15811)
	source 4729 (node 15811) with out degree 4965
	target 175 (node 449) with in degree 1953
