GLPSOL--GLPK LP/MIP Solver 5.0
Parameter(s) specified in the command line:
 --lp input/sx-mathoverflow.html/sx-mathoverflow-c2q.txt.gz.315.lp.reach_chain_detours.lp
 -o input/sx-mathoverflow.html/sx-mathoverflow-c2q.txt.gz.315.lp.reach_chain_detours.lp.sol
Reading problem data from 'input/sx-mathoverflow.html/sx-mathoverflow-c2q.txt.gz.315.lp.reach_chain_detours.lp'...
38553 rows, 79397 columns, 192752 non-zeros
79397 integer variables, all of which are binary
117955 lines were read
GLPK Integer Optimizer 5.0
38553 rows, 79397 columns, 192752 non-zeros
79397 integer variables, all of which are binary
Preprocessing...
1 hidden packing inequaliti(es) were detected
38494 rows, 79338 columns, 191706 non-zeros
79338 integer variables, all of which are binary
Scaling...
 A: min|aij| =  1.000e+00  max|aij| =  1.000e+00  ratio =  1.000e+00
Problem data seem to be well scaled
Constructing initial basis...
Size of triangular part is 38494
Solving LP relaxation...
GLPK Simplex Optimizer 5.0
38494 rows, 79338 columns, 191706 non-zeros
      0: obj =   0.000000000e+00 inf =   3.850e+02 (385)
    385: obj =   5.177129662e+11 inf =   0.000e+00 (0)
Perturbing LP to avoid stalling [584]...
*  2401: obj =   5.162577372e+11 inf =   0.000e+00 (870) 14
*  3848: obj =   5.162577372e+11 inf =   0.000e+00 (926) 13
*  5245: obj =   3.745183865e+11 inf =   0.000e+00 (2332) 14
*  6465: obj =   3.703313188e+11 inf =   2.609e-15 (2185) 11
*  7648: obj =   3.663410731e+11 inf =   3.552e-03 (2137) 12
*  8811: obj =   3.647129685e+11 inf =   1.074e-02 (2052) 12
* 10010: obj =   3.633627206e+11 inf =   1.376e-02 (1975) 11
* 11203: obj =   3.535832005e+11 inf =   1.398e-02 (1961) 12
* 12373: obj =   3.455061246e+11 inf =   1.477e-02 (1915) 11
* 13547: obj =   3.199469174e+11 inf =   1.011e-02 (1807) 12
* 14720: obj =   9.100011102e+10 inf =   9.940e-03 (2481) 11
* 16219: obj =   9.099834581e+10 inf =   3.137e-02 (2168) 15
* 18156: obj =   8.840340493e+10 inf =   2.744e-02 (1692) 17
* 19837: obj =   8.840316999e+10 inf =   2.575e-02 (1404) 15
* 21585: obj =   8.840281783e+10 inf =   1.784e-02 (1010) 16
Removing LP perturbation [22725]...
* 22725: obj =   8.840564788e+10 inf =   0.000e+00 (0) 4
OPTIMAL LP SOLUTION FOUND
Integer optimization begins...
Long-step dual simplex will be used
+ 22725: mip =     not found yet >=              -inf        (1; 0)
+ 22725: >>>>>   8.840564788e+10 >=   8.840564788e+10   0.0% (1; 0)
+ 22725: mip =   8.840564788e+10 >=     tree is empty   0.0% (0; 1)
INTEGER OPTIMAL SOLUTION FOUND
Time used:   77.9 secs
Memory used: 97.6 Mb (102379760 bytes)
Writing MIP solution to 'input/sx-mathoverflow.html/sx-mathoverflow-c2q.txt.gz.315.lp.reach_chain_detours.lp.sol'...
Objective:  obj = 8.840564788e+10 (MINimum)
