Version 1.2 launched as -e 0.1 12 input/soc-Epinions1.html/soc-Epinions1.txt.gz 1260


Execution time and memory used at after reading from file: 2.776000e+01 seconds, 40263680 bytes of memory usage, 39356 kB of memory peak and 00:28 elapsed time
Statistics on the network after reading from file
	Number of nodes: 75879
	Number of allocated nodes: 76800
	Number of edges: 508837
	Maximum in degree: 3035 (node 18)
	Maximum out degree: 1801 (node 645)

Execution time and memory used at after adding costs: 2.777000e+01 seconds, 40263680 bytes of memory usage, 39356 kB of memory peak and 00:28 elapsed time
Statistics on the network after adding costs
	Number of nodes: 75879
	Number of allocated nodes: 76800
	Number of edges: 508837
	Maximum in degree: 3035 (node 18)
	Maximum out degree: 1801 (node 645)

Execution time and memory used at before starting main computation: 2.827000e+01 seconds, 41345024 bytes of memory usage, 41192 kB of memory peak and 00:29 elapsed time
Statistics on the network before starting main computation
	Number of nodes: 75879
	Number of allocated nodes: 76800
	Number of edges: 508837
	Maximum in degree: 3035 (node 18)
	Maximum out degree: 1801 (node 645)
	source 363 (node 645) with out degree 1801
	target 14 (node 18) with in degree 3035

Execution time and memory used at after iteration 1 (MF = 737.986766): 7.863100e+02 seconds, 536244224 bytes of memory usage, 636644 kB of memory peak and 13:07 elapsed time
Statistics on the network after iteration 1 (MF = 737.986766)
	Number of nodes: 75879
	Number of allocated nodes: 76800
	Number of edges: 508837
	Maximum in degree: 3035 (node 18)
	Maximum out degree: 1801 (node 645)
	source 363 (node 645) with out degree 1801
	target 14 (node 18) with in degree 3035
