	Command being timed: "/usr/app/src/glpk-5.0/examples/glpsol --lp input/p2p-Gnutella30.html/p2p-Gnutella30.txt.gz.32.lp.reach_chain_detours.lp -o input/p2p-Gnutella30.html/p2p-Gnutella30.txt.gz.32.lp.reach_chain_detours.lp.sol"
	User time (seconds): 176.37
	System time (seconds): 0.18
	Percent of CPU this job got: 99%
	Elapsed (wall clock) time (h:mm:ss or m:ss): 2:56.56
	Average shared text size (kbytes): 0
	Average unshared data size (kbytes): 0
	Average stack size (kbytes): 0
	Average total size (kbytes): 0
	Maximum resident set size (kbytes): 90056
	Average resident set size (kbytes): 0
	Major (requiring I/O) page faults: 0
	Minor (reclaiming a frame) page faults: 78569
	Voluntary context switches: 30
	Involuntary context switches: 238
	Swaps: 0
	File system inputs: 0
	File system outputs: 14552
	Socket messages sent: 0
	Socket messages received: 0
	Signals delivered: 0
	Page size (bytes): 4096
	Exit status: 0
