GLPSOL--GLPK LP/MIP Solver 5.0
Parameter(s) specified in the command line:
 --lp input/sx-superuser.html/sx-superuser-a2q.txt.gz.210.lp -o input/sx-superuser.html/sx-superuser-a2q.txt.gz.210.lp.sol
Reading problem data from 'input/sx-superuser.html/sx-superuser-a2q.txt.gz.210.lp'...
384349 rows, 933380 columns, 1921732 non-zeros
933380 integer variables, all of which are binary
1317734 lines were read
GLPK Integer Optimizer 5.0
384349 rows, 933380 columns, 1921732 non-zeros
933380 integer variables, all of which are binary
Preprocessing...
1 hidden packing inequaliti(es) were detected
384342 rows, 933373 columns, 1918180 non-zeros
933373 integer variables, all of which are binary
Scaling...
 A: min|aij| =  1.000e+00  max|aij| =  1.000e+00  ratio =  1.000e+00
Problem data seem to be well scaled
Constructing initial basis...
Size of triangular part is 384342
Solving LP relaxation...
GLPK Simplex Optimizer 5.0
384342 rows, 933373 columns, 1918180 non-zeros
      0: obj =   0.000000000e+00 inf =   4.290e+02 (429)
    159: obj =   2.018667678e+11 inf =   2.700e+02 (270)
    286: obj =   3.685522389e+11 inf =   1.430e+02 (143)
    377: obj =   4.925701420e+11 inf =   5.200e+01 (52)
    429: obj =   5.666474655e+11 inf =   0.000e+00 (0)
*   551: obj =   5.666474655e+11 inf =   0.000e+00 (551)
Perturbing LP to avoid stalling [628]...
*   704: obj =   5.666474655e+11 inf =   0.000e+00 (704)
*   877: obj =   5.622923906e+11 inf =   0.000e+00 (857)
*  1030: obj =   5.622923906e+11 inf =   0.000e+00 (865) 1
*  1187: obj =   5.622923906e+11 inf =   0.000e+00 (874) 1
*  1318: obj =   5.622923906e+11 inf =   0.000e+00 (883) 1
*  1429: obj =   5.622923906e+11 inf =   0.000e+00 (890) 2
*  1584: obj =   5.622923906e+11 inf =   0.000e+00 (892) 1
*  1738: obj =   5.622923906e+11 inf =   0.000e+00 (886) 1
*  1888: obj =   5.622923906e+11 inf =   0.000e+00 (889) 2
*  2033: obj =   5.622923906e+11 inf =   0.000e+00 (889) 1
*  2141: obj =   5.622923906e+11 inf =   0.000e+00 (898) 1
*  2244: obj =   5.622923906e+11 inf =   0.000e+00 (896) 1
*  2349: obj =   5.622923906e+11 inf =   0.000e+00 (895) 1
*  2468: obj =   5.622923906e+11 inf =   0.000e+00 (892) 1
*  2591: obj =   5.622923906e+11 inf =   0.000e+00 (898) 1
*  2745: obj =   5.622923906e+11 inf =   0.000e+00 (913) 2
*  2927: obj =   5.622923906e+11 inf =   0.000e+00 (909) 1
*  3107: obj =   5.622923906e+11 inf =   0.000e+00 (919) 2
*  3278: obj =   5.622923906e+11 inf =   0.000e+00 (919) 2
*  3435: obj =   5.622923906e+11 inf =   0.000e+00 (921) 1
*  3594: obj =   5.622923906e+11 inf =   0.000e+00 (936) 2
*  3766: obj =   5.622923906e+11 inf =   0.000e+00 (937) 1
*  3932: obj =   5.622923906e+11 inf =   0.000e+00 (930) 2
*  4102: obj =   5.622923906e+11 inf =   0.000e+00 (934) 1
*  4263: obj =   5.622923906e+11 inf =   0.000e+00 (932) 2
*  4433: obj =   5.622923906e+11 inf =   0.000e+00 (933) 2
*  4600: obj =   5.622923906e+11 inf =   0.000e+00 (944) 1
*  4760: obj =   5.622923906e+11 inf =   0.000e+00 (943) 2
*  4916: obj =   5.622923906e+11 inf =   0.000e+00 (953) 1
*  5067: obj =   5.622923906e+11 inf =   0.000e+00 (947) 2
*  5225: obj =   5.622923906e+11 inf =   0.000e+00 (949) 1
*  5368: obj =   5.622923906e+11 inf =   0.000e+00 (950) 2
*  5513: obj =   5.622923906e+11 inf =   0.000e+00 (956) 1
*  5663: obj =   5.622923906e+11 inf =   0.000e+00 (947) 1
*  5817: obj =   5.622923906e+11 inf =   0.000e+00 (953) 2
*  5969: obj =   5.622923906e+11 inf =   0.000e+00 (953) 1
*  6117: obj =   5.622923906e+11 inf =   0.000e+00 (957) 2
*  6277: obj =   5.622923906e+11 inf =   0.000e+00 (960) 1
*  6433: obj =   5.622923906e+11 inf =   0.000e+00 (964) 2
*  6586: obj =   5.622923906e+11 inf =   0.000e+00 (962) 1
*  6735: obj =   5.622923906e+11 inf =   0.000e+00 (970) 2
*  6881: obj =   5.622923906e+11 inf =   0.000e+00 (965) 1
*  7011: obj =   5.622923906e+11 inf =   0.000e+00 (963) 1
*  7159: obj =   5.622923906e+11 inf =   0.000e+00 (958) 2
*  7331: obj =   4.666700512e+11 inf =   0.000e+00 (4318) 1
*  7478: obj =   4.570445466e+11 inf =   0.000e+00 (4335) 1
*  7621: obj =   4.570445466e+11 inf =   0.000e+00 (4340) 1
*  7774: obj =   4.570445466e+11 inf =   1.596e-16 (4362) 1
*  7905: obj =   4.570445466e+11 inf =   0.000e+00 (4380) 1
*  8047: obj =   4.570445466e+11 inf =   0.000e+00 (4403) 2
*  8181: obj =   4.570445466e+11 inf =   9.021e-17 (4425) 1
*  8297: obj =   4.570445466e+11 inf =   0.000e+00 (4450) 1
*  8459: obj =   4.541566746e+11 inf =   0.000e+00 (4443) 1
*  8602: obj =   4.541566746e+11 inf =   1.665e-16 (4433) 2
*  8747: obj =   4.541566746e+11 inf =   5.551e-17 (4432) 1
*  8893: obj =   4.471549410e+11 inf =   0.000e+00 (4393) 1
*  9048: obj =   4.471549410e+11 inf =   0.000e+00 (4372) 2
*  9206: obj =   4.442550328e+11 inf =   6.661e-16 (4342) 1
*  9356: obj =   4.381154469e+11 inf =   0.000e+00 (4314) 2
*  9490: obj =   4.381154469e+11 inf =   0.000e+00 (4283) 1
*  9641: obj =   4.368095430e+11 inf =   0.000e+00 (4299) 1
*  9787: obj =   4.310755115e+11 inf =   0.000e+00 (4272) 2
*  9942: obj =   4.310755115e+11 inf =   0.000e+00 (4254) 1
* 10103: obj =   4.260325013e+11 inf =   4.441e-16 (4221) 1
* 10270: obj =   4.013106272e+11 inf =   0.000e+00 (4230) 2
* 10415: obj =   4.013106272e+11 inf =   0.000e+00 (4236) 1
* 10582: obj =   3.802525964e+11 inf =   0.000e+00 (4193) 1
* 10733: obj =   3.802525964e+11 inf =   0.000e+00 (4186) 2
* 10897: obj =   3.802525964e+11 inf =   0.000e+00 (4181) 1
* 11052: obj =   3.802525964e+11 inf =   0.000e+00 (4159) 2
* 11228: obj =   3.685983440e+11 inf =   1.110e-16 (4142) 1
* 11384: obj =   3.685983440e+11 inf =   0.000e+00 (4117) 1
* 11573: obj =   3.049909088e+11 inf =   1.110e-16 (4046) 1
* 11725: obj =   3.024395309e+11 inf =   0.000e+00 (4061) 2
* 11852: obj =   3.024395309e+11 inf =   0.000e+00 (4054) 1
* 12008: obj =   3.024395309e+11 inf =   0.000e+00 (4045) 1
* 12160: obj =   3.024395309e+11 inf =   5.551e-17 (4046) 2
* 12317: obj =   3.024395309e+11 inf =   0.000e+00 (4051) 1
* 12487: obj =   3.024395309e+11 inf =   0.000e+00 (4032) 2
* 12652: obj =   3.024395309e+11 inf =   0.000e+00 (4030) 1
* 12803: obj =   3.024395309e+11 inf =   0.000e+00 (4022) 1
* 12952: obj =   3.024395309e+11 inf =   0.000e+00 (4014) 1
* 13089: obj =   3.024395309e+11 inf =   0.000e+00 (4014) 2
* 13226: obj =   3.024395309e+11 inf =   1.110e-16 (4025) 1
* 13388: obj =   3.024395309e+11 inf =   0.000e+00 (4013) 2
* 13534: obj =   3.024395309e+11 inf =   0.000e+00 (4012) 1
* 13690: obj =   3.024395309e+11 inf =   0.000e+00 (3996) 1
* 13829: obj =   3.024395309e+11 inf =   1.110e-16 (3977) 1
* 13981: obj =   3.024395309e+11 inf =   0.000e+00 (3969) 2
* 14122: obj =   2.960750632e+11 inf =   2.981e-06 (3984) 1
* 14279: obj =   2.960750632e+11 inf =   2.973e-06 (3957) 1
* 14446: obj =   2.947481980e+11 inf =   2.971e-06 (3941) 2
* 14593: obj =   2.879628682e+11 inf =   2.860e-05 (3944) 1
* 14742: obj =   2.879628676e+11 inf =   1.213e-04 (3944) 1
* 14887: obj =   2.879628628e+11 inf =   6.016e-04 (3944) 1
* 15031: obj =   2.879628375e+11 inf =   3.544e-03 (3945) 2
* 15190: obj =   2.879628166e+11 inf =   5.641e-03 (3941) 1
* 15343: obj =   2.879628001e+11 inf =   8.506e-03 (3958) 1
* 15496: obj =   2.879627782e+11 inf =   1.224e-02 (3935) 2
* 15659: obj =   2.879627701e+11 inf =   1.403e-02 (3957) 1
* 15828: obj =   2.879627550e+11 inf =   1.481e-02 (3957) 1
* 15975: obj =   2.879627307e+11 inf =   1.964e-02 (3948) 2
* 16124: obj =   2.879627153e+11 inf =   2.329e-02 (3977) 1
* 16258: obj =   2.879626969e+11 inf =   2.658e-02 (4000) 1
* 16432: obj =   2.843286363e+11 inf =   2.711e-02 (3970) 1
* 16619: obj =   2.182531315e+11 inf =   2.637e-02 (3873) 1
* 16768: obj =   2.182531107e+11 inf =   1.492e-02 (3880) 1
* 16928: obj =   2.169075730e+11 inf =   8.514e-03 (3862) 2
* 17072: obj =   2.169075182e+11 inf =   8.261e-03 (3824) 1
* 17238: obj =   2.152523356e+11 inf =   9.536e-03 (3803) 2
* 17404: obj =   2.032369383e+11 inf =   9.934e-03 (8269) 1
* 17580: obj =   2.019946698e+11 inf =   1.028e-02 (3709) 1
* 17741: obj =   1.871731340e+11 inf =   1.543e-02 (8006) 2
* 17895: obj =   1.871728630e+11 inf =   1.393e-02 (3701) 1
* 18035: obj =   1.871728495e+11 inf =   1.508e-02 (3677) 2
* 18180: obj =   1.871728369e+11 inf =   1.767e-02 (3662) 1
* 18324: obj =   1.871728131e+11 inf =   2.363e-02 (3641) 1
* 18462: obj =   1.871727953e+11 inf =   2.804e-02 (3642) 2
* 18618: obj =   1.871727706e+11 inf =   3.612e-02 (3612) 1
* 18763: obj =   1.871727349e+11 inf =   4.668e-02 (3632) 1
* 18894: obj =   1.871727218e+11 inf =   5.053e-02 (3636) 1
* 19022: obj =   1.871727024e+11 inf =   5.769e-02 (3638) 2
* 19155: obj =   1.871726932e+11 inf =   6.143e-02 (3661) 1
* 19316: obj =   1.871726848e+11 inf =   6.277e-02 (3658) 1
* 19467: obj =   1.871726640e+11 inf =   6.501e-02 (3643) 2
* 19620: obj =   1.871726535e+11 inf =   6.614e-02 (3659) 1
* 19765: obj =   1.871726403e+11 inf =   7.089e-02 (3608) 1
* 19920: obj =   1.871726058e+11 inf =   7.974e-02 (3658) 2
* 20059: obj =   1.853720425e+11 inf =   8.246e-02 (3652) 1
* 20220: obj =   1.793447009e+11 inf =   8.132e-02 (8002) 2
* 20374: obj =   1.793445502e+11 inf =   7.724e-02 (7966) 1
* 20525: obj =   1.793444891e+11 inf =   7.542e-02 (7966) 2
* 20679: obj =   1.793441030e+11 inf =   6.984e-02 (7955) 1
* 20808: obj =   1.793435769e+11 inf =   6.410e-02 (7922) 1
* 20932: obj =   1.793427827e+11 inf =   5.662e-02 (7854) 2
* 21051: obj =   1.793418423e+11 inf =   5.185e-02 (7834) 1
* 21192: obj =   1.793398026e+11 inf =   5.356e-02 (7789) 1
* 21346: obj =   1.793391730e+11 inf =   5.664e-02 (7735) 2
* 21471: obj =   1.793390606e+11 inf =   5.938e-02 (4132) 1
* 21606: obj =   1.793390378e+11 inf =   6.251e-02 (4078) 1
* 21732: obj =   1.793390195e+11 inf =   6.528e-02 (4100) 2
* 21847: obj =   1.793389854e+11 inf =   6.819e-02 (4089) 1
* 21976: obj =   1.793389808e+11 inf =   6.913e-02 (4048) 1
* 22114: obj =   1.793389528e+11 inf =   6.797e-02 (4038) 1
* 22244: obj =   1.793389150e+11 inf =   7.100e-02 (4009) 2
* 22375: obj =   1.793389031e+11 inf =   7.094e-02 (4015) 1
* 22555: obj =   1.752379090e+11 inf =   7.057e-02 (3933) 1
* 22686: obj =   1.752378463e+11 inf =   7.008e-02 (3904) 2
* 22808: obj =   1.752378060e+11 inf =   6.734e-02 (3879) 1
* 22947: obj =   1.752377342e+11 inf =   6.654e-02 (3840) 1
* 23083: obj =   1.752377099e+11 inf =   6.873e-02 (3836) 1
* 23230: obj =   1.752376469e+11 inf =   7.155e-02 (3814) 2
* 23381: obj =   1.752376089e+11 inf =   7.774e-02 (3788) 1
* 23532: obj =   1.729390028e+11 inf =   8.421e-02 (7872) 1
* 23678: obj =   1.729387252e+11 inf =   8.066e-02 (7837) 2
* 23806: obj =   1.729371771e+11 inf =   6.542e-02 (7792) 1
* 23930: obj =   1.729354221e+11 inf =   5.735e-02 (7763) 1
* 24053: obj =   1.729338695e+11 inf =   6.349e-02 (3975) 2
* 24187: obj =   1.729338055e+11 inf =   7.149e-02 (3939) 1
* 24320: obj =   1.729337726e+11 inf =   7.906e-02 (3897) 1
* 24455: obj =   1.729337677e+11 inf =   7.964e-02 (3955) 1
* 24616: obj =   1.729337561e+11 inf =   7.960e-02 (3910) 2
* 24754: obj =   1.729336862e+11 inf =   7.460e-02 (3860) 1
* 24903: obj =   1.729336390e+11 inf =   7.323e-02 (3821) 2
* 25052: obj =   1.729335694e+11 inf =   7.516e-02 (3813) 1
* 25187: obj =   1.729335479e+11 inf =   7.822e-02 (3772) 1
* 25333: obj =   1.729335290e+11 inf =   8.293e-02 (3715) 2
* 25510: obj =   1.559054514e+11 inf =   8.244e-02 (7434) 1
* 25656: obj =   1.559051071e+11 inf =   7.883e-02 (7396) 1
* 25780: obj =   1.559037441e+11 inf =   7.553e-02 (7344) 2
* 25908: obj =   1.559023777e+11 inf =   7.875e-02 (7272) 1
* 26036: obj =   1.559015247e+11 inf =   7.901e-02 (3893) 1
* 26170: obj =   1.559015060e+11 inf =   7.927e-02 (3889) 2
* 26309: obj =   1.559014766e+11 inf =   8.181e-02 (3857) 1
* 26457: obj =   1.559014744e+11 inf =   8.185e-02 (3842) 1
* 26587: obj =   1.559014513e+11 inf =   8.196e-02 (3840) 2
* 26724: obj =   1.452870062e+11 inf =   7.946e-02 (3786) 1
* 26860: obj =   1.452869202e+11 inf =   7.715e-02 (3737) 1
* 26989: obj =   1.452868636e+11 inf =   7.897e-02 (3673) 1
* 27131: obj =   1.452868298e+11 inf =   8.487e-02 (3636) 2
* 27287: obj =   1.452868166e+11 inf =   8.685e-02 (3603) 1
* 27443: obj =   1.452867943e+11 inf =   8.809e-02 (3570) 2
* 27601: obj =   1.376424984e+11 inf =   8.750e-02 (744) 1
* 27720: obj =   1.222150417e+11 inf =   8.309e-02 (6444) 1
* 27849: obj =   1.222134195e+11 inf =   7.371e-02 (6403) 1
* 27974: obj =   1.222121673e+11 inf =   7.342e-02 (6369) 1
* 28110: obj =   1.222102739e+11 inf =   8.407e-02 (3810) 2
* 28227: obj =   1.222102462e+11 inf =   8.347e-02 (3799) 1
* 28356: obj =   1.222102313e+11 inf =   8.374e-02 (3783) 1
* 28479: obj =   1.222102169e+11 inf =   8.233e-02 (3791) 1
* 28624: obj =   1.222102047e+11 inf =   8.226e-02 (1057) 2
* 28770: obj =   1.222100236e+11 inf =   7.886e-02 (1009) 1
* 28908: obj =   1.222098260e+11 inf =   7.672e-02 (962) 1
* 29032: obj =   1.222097824e+11 inf =   7.637e-02 (877) 2
* 29166: obj =   1.222096828e+11 inf =   7.718e-02 (831) 1
* 29300: obj =   1.222095705e+11 inf =   8.098e-02 (807) 1
* 29422: obj =   1.222095700e+11 inf =   8.071e-02 (794) 1
* 29545: obj =   1.222095376e+11 inf =   8.158e-02 (792) 1
* 29671: obj =   1.222095351e+11 inf =   8.135e-02 (799) 1
* 29784: obj =   1.222095104e+11 inf =   8.216e-02 (781) 1
* 29911: obj =   1.222094471e+11 inf =   8.510e-02 (765) 2
* 30040: obj =   1.222093900e+11 inf =   8.861e-02 (794) 1
* 30175: obj =   1.222093793e+11 inf =   8.886e-02 (792) 1
* 30308: obj =   1.222093174e+11 inf =   9.235e-02 (788) 1
* 30431: obj =   1.222092566e+11 inf =   9.610e-02 (783) 1
* 30547: obj =   1.222092268e+11 inf =   9.776e-02 (778) 1
* 30669: obj =   1.222092023e+11 inf =   9.890e-02 (767) 2
* 30803: obj =   1.222090928e+11 inf =   1.063e-01 (775) 1
* 30934: obj =   1.222090821e+11 inf =   1.066e-01 (783) 1
* 31065: obj =   1.222090129e+11 inf =   1.112e-01 (762) 1
* 31191: obj =   1.222089868e+11 inf =   1.126e-01 (755) 1
* 31314: obj =   1.222089194e+11 inf =   1.172e-01 (766) 1
* 31421: obj =   1.222088886e+11 inf =   1.189e-01 (772) 1
* 31542: obj =   1.222088041e+11 inf =   1.247e-01 (758) 2
* 31667: obj =   1.222087883e+11 inf =   1.252e-01 (764) 1
* 31784: obj =   1.222087818e+11 inf =   1.252e-01 (771) 1
* 31898: obj =   1.222087642e+11 inf =   1.259e-01 (775) 1
* 32014: obj =   1.222087601e+11 inf =   1.256e-01 (765) 1
* 32137: obj =   1.222086881e+11 inf =   1.304e-01 (780) 1
* 32257: obj =   1.222086118e+11 inf =   1.357e-01 (773) 1
* 32369: obj =   1.222085638e+11 inf =   1.387e-01 (780) 1
* 32494: obj =   1.222085556e+11 inf =   1.387e-01 (768) 1
* 32625: obj =   1.222085535e+11 inf =   1.383e-01 (772) 1
* 32755: obj =   1.222083824e+11 inf =   1.500e-01 (770) 2
* 32879: obj =   1.222083168e+11 inf =   1.543e-01 (764) 1
* 32989: obj =   1.222083085e+11 inf =   1.541e-01 (766) 1
* 33128: obj =   1.222082667e+11 inf =   1.560e-01 (766) 1
* 33254: obj =   1.222082648e+11 inf =   1.553e-01 (770) 1
* 33391: obj =   1.222082187e+11 inf =   1.574e-01 (760) 1
* 33521: obj =   1.222081838e+11 inf =   1.587e-01 (777) 1
* 33639: obj =   1.222081164e+11 inf =   1.621e-01 (774) 1
* 33744: obj =   1.222080817e+11 inf =   1.635e-01 (787) 1
* 33862: obj =   1.222080379e+11 inf =   1.652e-01 (754) 2
* 33987: obj =   1.222079550e+11 inf =   1.694e-01 (763) 1
* 34100: obj =   1.222079361e+11 inf =   1.696e-01 (766) 1
* 34222: obj =   1.222079139e+11 inf =   1.698e-01 (764) 1
* 34331: obj =   1.222079037e+11 inf =   1.695e-01 (762) 1
* 34433: obj =   1.222078730e+11 inf =   1.704e-01 (768) 1
* 34532: obj =   1.222078206e+11 inf =   1.727e-01 (770) 1
* 34651: obj =   1.222077800e+11 inf =   1.741e-01 (761) 1
* 34773: obj =   1.222077144e+11 inf =   1.769e-01 (763) 1
* 34890: obj =   1.222076708e+11 inf =   1.784e-01 (765) 1
* 35016: obj =   1.222076443e+11 inf =   1.788e-01 (754) 1
* 35131: obj =   1.222076025e+11 inf =   1.801e-01 (750) 1
* 35244: obj =   1.222076006e+11 inf =   1.791e-01 (751) 1
* 35369: obj =   1.222075406e+11 inf =   1.814e-01 (739) 1
* 35481: obj =   1.222075048e+11 inf =   1.824e-01 (739) 1
* 35596: obj =   1.222073868e+11 inf =   1.880e-01 (738) 1
* 35721: obj =   1.222073705e+11 inf =   1.877e-01 (746) 1
* 35846: obj =   1.222072974e+11 inf =   1.906e-01 (752) 2
* 35977: obj =   1.222072517e+11 inf =   1.916e-01 (755) 1
* 36109: obj =   1.222071985e+11 inf =   1.932e-01 (761) 1
* 36237: obj =   1.222071088e+11 inf =   1.965e-01 (756) 1
* 36350: obj =   1.222069831e+11 inf =   2.010e-01 (772) 1
* 36459: obj =   1.222069814e+11 inf =   1.998e-01 (748) 1
* 36577: obj =   1.222069621e+11 inf =   1.993e-01 (748) 1
* 36699: obj =   1.222069540e+11 inf =   1.982e-01 (763) 1
* 36804: obj =   1.222068930e+11 inf =   2.000e-01 (730) 1
* 36933: obj =   1.222068196e+11 inf =   2.021e-01 (732) 1
* 37060: obj =   1.222068135e+11 inf =   2.010e-01 (746) 2
* 37167: obj =   1.222067490e+11 inf =   2.028e-01 (737) 1
* 37279: obj =   1.222067475e+11 inf =   2.015e-01 (747) 1
* 37409: obj =   1.222067008e+11 inf =   2.021e-01 (737) 1
* 37528: obj =   1.222066331e+11 inf =   2.038e-01 (736) 1
* 37630: obj =   1.222066208e+11 inf =   2.032e-01 (733) 1
* 37734: obj =   1.222065292e+11 inf =   2.061e-01 (737) 1
* 37855: obj =   1.222065224e+11 inf =   2.050e-01 (742) 1
* 37971: obj =   1.222065212e+11 inf =   2.033e-01 (741) 1
* 38081: obj =   1.222064648e+11 inf =   2.045e-01 (771) 1
* 38208: obj =   1.222064376e+11 inf =   2.043e-01 (743) 1
* 38332: obj =   1.222064368e+11 inf =   2.028e-01 (735) 1
* 38449: obj =   1.222063685e+11 inf =   2.042e-01 (740) 1
* 38562: obj =   1.222063672e+11 inf =   2.025e-01 (737) 1
* 38679: obj =   1.222063526e+11 inf =   2.017e-01 (745) 1
* 38803: obj =   1.222062724e+11 inf =   2.033e-01 (758) 1
* 38925: obj =   1.222062217e+11 inf =   2.037e-01 (739) 1
* 39026: obj =   1.222062213e+11 inf =   2.021e-01 (742) 1
* 39137: obj =   1.222061306e+11 inf =   2.039e-01 (738) 1
* 39247: obj =   1.222061129e+11 inf =   2.028e-01 (742) 1
* 39372: obj =   1.222060742e+11 inf =   2.021e-01 (750) 2
* 39482: obj =   1.222060077e+11 inf =   2.024e-01 (744) 1
* 39592: obj =   1.222059864e+11 inf =   2.016e-01 (735) 1
* 39719: obj =   1.222059039e+11 inf =   2.023e-01 (741) 1
* 39847: obj =   1.222058438e+11 inf =   2.021e-01 (754) 1
* 39972: obj =   1.222057862e+11 inf =   2.020e-01 (750) 1
* 40087: obj =   1.222057465e+11 inf =   2.016e-01 (756) 1
* 40214: obj =   1.222056884e+11 inf =   2.014e-01 (757) 1
* 40336: obj =   1.222056879e+11 inf =   1.995e-01 (756) 1
* 40456: obj =   1.222056605e+11 inf =   1.983e-01 (752) 1
* 40583: obj =   1.222056001e+11 inf =   1.979e-01 (762) 1
* 40705: obj =   1.222055445e+11 inf =   1.978e-01 (748) 2
* 40829: obj =   1.222054648e+11 inf =   1.980e-01 (754) 1
* 40949: obj =   1.222054229e+11 inf =   1.972e-01 (757) 1
* 41052: obj =   1.222054153e+11 inf =   1.958e-01 (774) 1
* 41160: obj =   1.222053709e+11 inf =   1.950e-01 (761) 1
* 41259: obj =   1.222053677e+11 inf =   1.932e-01 (756) 1
* 41360: obj =   1.222053254e+11 inf =   1.926e-01 (745) 1
* 41472: obj =   1.222053234e+11 inf =   1.906e-01 (743) 1
* 41588: obj =   1.222052451e+11 inf =   1.906e-01 (745) 1
* 41711: obj =   1.222052323e+11 inf =   1.897e-01 (748) 1
* 41830: obj =   1.222051777e+11 inf =   1.894e-01 (732) 1
* 41949: obj =   1.222051426e+11 inf =   1.888e-01 (731) 1
* 42060: obj =   1.222051001e+11 inf =   1.877e-01 (729) 1
* 42180: obj =   1.222050975e+11 inf =   1.852e-01 (731) 1
* 42291: obj =   1.222050153e+11 inf =   1.853e-01 (748) 1
* 42403: obj =   1.222049490e+11 inf =   1.850e-01 (769) 1
* 42518: obj =   1.222049029e+11 inf =   1.844e-01 (734) 1
* 42636: obj =   1.222048890e+11 inf =   1.828e-01 (740) 1
* 42761: obj =   1.222048847e+11 inf =   1.808e-01 (736) 1
* 42885: obj =   1.222047498e+11 inf =   1.813e-01 (727) 1
* 43003: obj =   1.222047307e+11 inf =   1.794e-01 (716) 1
* 43112: obj =   1.222046923e+11 inf =   1.786e-01 (723) 1
* 43223: obj =   1.222046070e+11 inf =   1.779e-01 (716) 2
* 43324: obj =   1.222045837e+11 inf =   1.763e-01 (723)
* 43435: obj =   1.222045797e+11 inf =   1.742e-01 (730) 2
* 43554: obj =   1.222044638e+11 inf =   1.743e-01 (729) 1
* 43662: obj =   1.222044100e+11 inf =   1.726e-01 (730) 1
* 43782: obj =   1.222043059e+11 inf =   1.722e-01 (723) 1
* 43880: obj =   1.222042703e+11 inf =   1.707e-01 (731) 1
* 43995: obj =   1.222042508e+11 inf =   1.686e-01 (728) 1
* 44114: obj =   1.222041566e+11 inf =   1.678e-01 (727) 1
* 44231: obj =   1.222041045e+11 inf =   1.661e-01 (731) 1
* 44350: obj =   1.222040904e+11 inf =   1.635e-01 (733) 1
* 44468: obj =   1.222040693e+11 inf =   1.608e-01 (733) 1
* 44591: obj =   1.222040685e+11 inf =   1.582e-01 (727) 1
* 44713: obj =   1.222040605e+11 inf =   1.558e-01 (743) 1
* 44818: obj =   1.222039682e+11 inf =   1.545e-01 (721) 1
* 44930: obj =   1.222039485e+11 inf =   1.521e-01 (715) 1
* 45047: obj =   1.222038866e+11 inf =   1.499e-01 (714) 1
* 45151: obj =   1.222038629e+11 inf =   1.481e-01 (714) 1
* 45269: obj =   1.222037877e+11 inf =   1.460e-01 (714) 1
* 45377: obj =   1.222037355e+11 inf =   1.441e-01 (718) 2
* 45494: obj =   1.222036899e+11 inf =   1.420e-01 (709) 1
* 45613: obj =   1.222036268e+11 inf =   1.397e-01 (712) 1
* 45727: obj =   1.222036160e+11 inf =   1.366e-01 (704) 1
* 45845: obj =   1.222035378e+11 inf =   1.344e-01 (748) 1
* 45963: obj =   1.222034965e+11 inf =   1.318e-01 (739) 1
* 46080: obj =   1.222034793e+11 inf =   1.289e-01 (740) 1
* 46195: obj =   1.222034165e+11 inf =   1.265e-01 (740) 1
* 46313: obj =   1.222033624e+11 inf =   1.235e-01 (738) 1
* 46431: obj =   1.222032735e+11 inf =   1.211e-01 (729) 1
* 46542: obj =   1.222032535e+11 inf =   1.176e-01 (721) 2
* 46657: obj =   1.222032532e+11 inf =   1.144e-01 (720) 1
* 46777: obj =   1.222031497e+11 inf =   1.124e-01 (721) 1
* 46894: obj =   1.222030942e+11 inf =   1.090e-01 (704) 1
* 47012: obj =   1.222030049e+11 inf =   1.054e-01 (697) 1
* 47133: obj =   1.222028960e+11 inf =   1.034e-01 (629) 1
* 47252: obj =   1.221995713e+11 inf =   9.774e-02 (615) 1
* 47389: obj =   1.212800153e+11 inf =   9.764e-02 (11652) 1
* 47523: obj =   1.212796320e+11 inf =   9.764e-02 (11641) 2
* 47656: obj =   1.212796218e+11 inf =   9.736e-02 (11640) 1
* 47778: obj =   1.212673870e+11 inf =   9.940e-02 (11642) 1
* 47885: obj =   1.212584288e+11 inf =   1.006e-01 (11628) 1
* 47997: obj =   1.212542364e+11 inf =   1.020e-01 (11632) 1
* 48102: obj =   1.212510143e+11 inf =   1.027e-01 (11623) 1
* 48219: obj =   1.212451467e+11 inf =   1.032e-01 (11611) 1
* 48337: obj =   1.212419281e+11 inf =   1.039e-01 (11569) 1
* 48461: obj =   1.212389220e+11 inf =   1.044e-01 (11540) 1
* 48567: obj =   1.212365140e+11 inf =   1.050e-01 (11516) 1
* 48673: obj =   1.212352571e+11 inf =   1.064e-01 (11483) 1
* 48786: obj =   1.212340296e+11 inf =   1.080e-01 (11463) 1
* 48913: obj =   1.212324164e+11 inf =   1.096e-01 (11426) 1
* 49035: obj =   1.212317480e+11 inf =   1.109e-01 (11412) 1
* 49150: obj =   1.212304715e+11 inf =   1.123e-01 (11374) 1
* 49254: obj =   1.212289517e+11 inf =   1.142e-01 (11345) 1
* 49371: obj =   1.212275281e+11 inf =   1.163e-01 (11299) 2
* 49492: obj =   1.212260996e+11 inf =   1.184e-01 (11259) 1
* 49593: obj =   1.212240455e+11 inf =   1.210e-01 (11220) 1
* 49713: obj =   1.212231509e+11 inf =   1.234e-01 (11188) 1
* 49838: obj =   1.212222482e+11 inf =   1.258e-01 (11148) 1
* 49949: obj =   1.212201599e+11 inf =   1.299e-01 (11116) 1
* 50066: obj =   1.212181425e+11 inf =   1.347e-01 (11081) 1
* 50184: obj =   1.212168387e+11 inf =   1.389e-01 (11035) 1
* 50297: obj =   1.212150370e+11 inf =   1.449e-01 (10989) 1
* 50417: obj =   1.212132206e+11 inf =   1.520e-01 (10929) 1
* 50534: obj =   1.212115055e+11 inf =   1.593e-01 (10910) 2
* 50653: obj =   1.212093336e+11 inf =   1.690e-01 (10856) 1
* 50770: obj =   1.212077296e+11 inf =   1.769e-01 (10836) 1
* 50872: obj =   1.212061880e+11 inf =   1.848e-01 (10805) 1
* 50967: obj =   1.212054217e+11 inf =   1.892e-01 (10782) 1
* 51071: obj =   1.212038258e+11 inf =   1.991e-01 (10758) 1
* 51178: obj =   1.212024711e+11 inf =   2.073e-01 (10735) 1
* 51297: obj =   1.212020205e+11 inf =   2.106e-01 (10688) 1
* 51404: obj =   1.212001983e+11 inf =   2.226e-01 (10650) 1
* 51505: obj =   1.211984399e+11 inf =   2.351e-01 (10601) 1
* 51618: obj =   1.211971827e+11 inf =   2.448e-01 (10578) 1
* 51723: obj =   1.211956384e+11 inf =   2.571e-01 (10551) 1
* 51838: obj =   1.211942250e+11 inf =   2.685e-01 (10499) 1
* 51939: obj =   1.211929546e+11 inf =   2.790e-01 (10460) 1
* 52052: obj =   1.211909442e+11 inf =   2.971e-01 (10435) 1
* 52167: obj =   1.211889320e+11 inf =   3.166e-01 (10396) 1
* 52283: obj =   1.211862670e+11 inf =   3.476e-01 (10356) 1
* 52401: obj =   1.211846680e+11 inf =   3.685e-01 (10293) 1
* 52521: obj =   1.211826436e+11 inf =   4.050e-01 (10244) 2
* 52643: obj =   1.211814765e+11 inf =   4.346e-01 (10218) 1
* 52768: obj =   1.211804958e+11 inf =   4.626e-01 (10164) 1
* 52894: obj =   1.211786093e+11 inf =   5.427e-01 (10117) 1
* 53028: obj =   1.211776639e+11 inf =   5.999e-01 (10065) 1
* 53144: obj =   1.211773151e+11 inf =   6.316e-01 (10015) 2
* 53302: obj =   1.211772852e+11 inf =   6.330e-01 (9960) 1
* 53460: obj =   1.211772495e+11 inf =   6.340e-01 (9914) 1
* 53615: obj =   1.211771775e+11 inf =   6.367e-01 (9858) 2
* 53782: obj =   1.211771492e+11 inf =   6.378e-01 (9830) 1
* 53935: obj =   1.211771422e+11 inf =   6.381e-01 (9802) 2
* 54099: obj =   1.211771274e+11 inf =   6.387e-01 (9744) 1
* 54266: obj =   1.211770791e+11 inf =   6.405e-01 (9716) 1
* 54427: obj =   1.211770555e+11 inf =   6.408e-01 (9677) 2
* 54578: obj =   1.211770246e+11 inf =   6.417e-01 (9621) 1
* 54751: obj =   1.211770213e+11 inf =   6.418e-01 (9557) 1
* 54919: obj =   1.211769995e+11 inf =   6.421e-01 (9539) 2
* 55097: obj =   1.211769904e+11 inf =   6.421e-01 (9480) 1
* 55280: obj =   1.143145001e+11 inf =   6.418e-01 (15391) 1
* 55435: obj =   1.143143032e+11 inf =   6.379e-01 (15330) 2
* 55587: obj =   1.143142485e+11 inf =   6.379e-01 (15248) 1
* 55736: obj =   1.143141887e+11 inf =   6.372e-01 (15166) 2
* 55892: obj =   1.143137853e+11 inf =   6.373e-01 (15097) 1
* 56039: obj =   1.134255218e+11 inf =   6.369e-01 (9246) 1
* 56200: obj =   1.113308787e+11 inf =   6.361e-01 (9207) 2
* 56370: obj =   1.028231893e+11 inf =   6.344e-01 (13648) 1
* 56518: obj =   1.028229823e+11 inf =   6.312e-01 (13611) 1
* 56671: obj =   1.028229653e+11 inf =   6.300e-01 (13583) 1
* 56831: obj =   1.028225794e+11 inf =   6.272e-01 (13533) 2
* 57005: obj =   9.972381526e+10 inf =   6.266e-01 (9063) 1
* 57170: obj =   8.382818095e+10 inf =   6.243e-01 (12582) 2
* 57289: obj =   7.878640601e+10 inf =   6.223e-01 (12466) 1
* 57402: obj =   7.878627431e+10 inf =   6.149e-01 (12430) 1
* 57518: obj =   7.626748556e+10 inf =   6.117e-01 (12372) 1
* 57661: obj =   7.626683214e+10 inf =   5.977e-01 (12376) 1
* 57857: obj =   7.535658350e+10 inf =   5.975e-01 (8914) 2
* 58062: obj =   6.871650739e+10 inf =   5.948e-01 (11935) 1
* 58253: obj =   6.871633203e+10 inf =   5.858e-01 (11875) 2
* 58450: obj =   6.871631470e+10 inf =   5.851e-01 (11867) 1
* 58649: obj =   6.871623374e+10 inf =   5.826e-01 (11904) 1
* 58854: obj =   6.795925528e+10 inf =   5.813e-01 (8775) 1
* 59053: obj =   6.243028574e+10 inf =   5.782e-01 (11717) 2
* 59257: obj =   6.243018035e+10 inf =   5.736e-01 (11667) 1
* 59446: obj =   6.243006437e+10 inf =   5.699e-01 (11576) 2
* 59638: obj =   5.237725961e+10 inf =   5.692e-01 (11350) 2
* 59837: obj =   5.237718930e+10 inf =   5.683e-01 (11255) 2
* 60039: obj =   4.986206985e+10 inf =   5.671e-01 (11122) 2
* 60237: obj =   4.986188394e+10 inf =   5.644e-01 (10905) 1
* 60427: obj =   4.986174680e+10 inf =   5.539e-01 (10645) 2
* 60615: obj =   4.986146130e+10 inf =   5.457e-01 (10416) 2
* 60810: obj =   4.986134782e+10 inf =   5.423e-01 (10288) 2
* 61018: obj =   4.986108080e+10 inf =   5.355e-01 (10096) 1
* 61219: obj =   4.986081390e+10 inf =   5.314e-01 (9936) 2
* 61421: obj =   4.986046550e+10 inf =   5.197e-01 (9764) 2
* 61623: obj =   4.860518129e+10 inf =   5.038e-01 (9576) 2
* 61827: obj =   4.609597372e+10 inf =   5.010e-01 (9530) 1
* 62028: obj =   4.609590864e+10 inf =   4.965e-01 (9352) 2
* 62246: obj =   4.609588227e+10 inf =   4.953e-01 (9221) 1
* 62463: obj =   4.609587102e+10 inf =   4.940e-01 (9092) 1
* 62686: obj =   4.609585952e+10 inf =   4.934e-01 (8994)
* 62887: obj =   4.609585347e+10 inf =   4.926e-01 (8893) 2
* 63079: obj =   4.609582647e+10 inf =   4.911e-01 (8788) 2
* 63297: obj =   4.609579119e+10 inf =   4.902e-01 (8690)
* 63500: obj =   4.609577587e+10 inf =   4.891e-01 (8597) 2
* 63718: obj =   4.609576746e+10 inf =   4.883e-01 (8439)
* 63899: obj =   4.609574104e+10 inf =   4.844e-01 (8402) 2
* 64101: obj =   4.609573720e+10 inf =   4.834e-01 (8308) 2
* 64311: obj =   4.609571392e+10 inf =   4.820e-01 (8212) 1
* 64510: obj =   4.609570774e+10 inf =   4.801e-01 (8120) 1
* 64720: obj =   4.609570353e+10 inf =   4.794e-01 (8023) 1
* 64916: obj =   4.609570050e+10 inf =   4.786e-01 (7870) 2
* 65128: obj =   4.609568457e+10 inf =   4.778e-01 (7765) 1
* 65337: obj =   4.609567171e+10 inf =   4.769e-01 (7708) 1
* 65554: obj =   4.609565409e+10 inf =   4.754e-01 (7626)
* 65750: obj =   4.609563379e+10 inf =   4.694e-01 (7578) 1
* 65945: obj =   4.609561907e+10 inf =   4.672e-01 (7453) 2
* 66146: obj =   4.609561067e+10 inf =   4.661e-01 (7364) 2
* 66340: obj =   4.484109821e+10 inf =   4.644e-01 (7338) 1
* 66539: obj =   4.484109490e+10 inf =   4.627e-01 (7251) 1
* 66734: obj =   4.484106607e+10 inf =   4.604e-01 (7147) 1
* 66929: obj =   4.484105986e+10 inf =   4.593e-01 (7068) 1
* 67138: obj =   4.484104426e+10 inf =   4.573e-01 (6955) 1
* 67349: obj =   4.484099224e+10 inf =   4.545e-01 (6851) 1
* 67536: obj =   4.378693444e+10 inf =   4.530e-01 (875) 1
* 67723: obj =   4.358669674e+10 inf =   4.513e-01 (6819) 2
* 67911: obj =   4.358668985e+10 inf =   4.488e-01 (6753) 2
* 68120: obj =   4.358667703e+10 inf =   4.472e-01 (6629) 1
* 68340: obj =   4.358663757e+10 inf =   4.450e-01 (6532)
* 68555: obj =   4.358655916e+10 inf =   4.425e-01 (6442) 1
* 68715: obj =   4.358650464e+10 inf =   4.487e-01 (6412) 1
* 68887: obj =   4.358649298e+10 inf =   4.489e-01 (6350) 2
* 69073: obj =   4.358648391e+10 inf =   4.453e-01 (6316) 2
* 69268: obj =   4.253265438e+10 inf =   4.424e-01 (965) 2
* 69467: obj =   4.233224956e+10 inf =   4.405e-01 (6157) 1
* 69670: obj =   4.233219591e+10 inf =   4.383e-01 (6076)
* 69856: obj =   4.233218624e+10 inf =   4.384e-01 (6021) 2
* 70050: obj =   4.233216101e+10 inf =   4.360e-01 (5887) 2
* 70264: obj =   4.233213179e+10 inf =   4.337e-01 (5796)
* 70466: obj =   4.233202832e+10 inf =   4.302e-01 (5738) 1
* 70644: obj =   4.127878779e+10 inf =   4.288e-01 (1028) 2
* 70804: obj =   4.127870225e+10 inf =   4.316e-01 (1016) 1
* 70953: obj =   4.127859093e+10 inf =   4.359e-01 (1017) 2
* 71105: obj =   4.127849215e+10 inf =   4.395e-01 (991) 1
* 71255: obj =   4.127836761e+10 inf =   4.452e-01 (979) 1
* 71401: obj =   4.127828167e+10 inf =   4.523e-01 (933) 2
* 71553: obj =   4.127819993e+10 inf =   4.578e-01 (918) 1
* 71696: obj =   4.127816251e+10 inf =   4.603e-01 (894) 2
* 71845: obj =   4.127803263e+10 inf =   4.708e-01 (855) 1
* 71991: obj =   4.127801424e+10 inf =   4.722e-01 (863) 1
* 72134: obj =   4.127791956e+10 inf =   4.813e-01 (841) 2
* 72279: obj =   4.127782715e+10 inf =   4.908e-01 (834) 1
* 72422: obj =   4.127776415e+10 inf =   4.968e-01 (834) 1
* 72565: obj =   4.127773148e+10 inf =   4.996e-01 (818) 2
* 72708: obj =   4.127763975e+10 inf =   5.077e-01 (798) 1
* 72852: obj =   4.127748407e+10 inf =   5.249e-01 (758) 1
* 72995: obj =   4.127743509e+10 inf =   5.302e-01 (763) 1
* 73133: obj =   4.127742943e+10 inf =   5.301e-01 (740) 2
* 73275: obj =   4.127738922e+10 inf =   5.331e-01 (751) 1
* 73417: obj =   4.127733938e+10 inf =   5.369e-01 (746) 1
* 73554: obj =   4.127727515e+10 inf =   5.423e-01 (745) 2
* 73695: obj =   4.127725529e+10 inf =   5.430e-01 (740) 1
* 73837: obj =   4.127708682e+10 inf =   5.586e-01 (712) 1
* 73979: obj =   4.127704163e+10 inf =   5.618e-01 (689) 1
* 74117: obj =   4.127699480e+10 inf =   5.653e-01 (670) 2
* 74260: obj =   4.127689736e+10 inf =   5.732e-01 (679) 1
* 74402: obj =   4.127687510e+10 inf =   5.745e-01 (650) 1
* 74539: obj =   4.127682955e+10 inf =   5.777e-01 (655) 2
* 74678: obj =   4.127682267e+10 inf =   5.775e-01 (648) 1
* 74818: obj =   4.127677597e+10 inf =   5.803e-01 (671) 1
* 74958: obj =   4.127667846e+10 inf =   5.882e-01 (672) 1
* 75098: obj =   4.127659195e+10 inf =   5.954e-01 (654) 1
* 75233: obj =   4.127652168e+10 inf =   6.011e-01 (646) 2
* 75372: obj =   4.127646349e+10 inf =   6.057e-01 (640) 1
* 75511: obj =   4.127638415e+10 inf =   6.112e-01 (638) 1
* 75649: obj =   4.127633933e+10 inf =   6.139e-01 (639) 1
* 75783: obj =   4.127626630e+10 inf =   6.187e-01 (623) 2
* 75922: obj =   4.127618259e+10 inf =   6.252e-01 (647) 1
* 76050: obj =   4.127614457e+10 inf =   6.271e-01 (628) 1
* 76179: obj =   4.127612475e+10 inf =   6.272e-01 (624) 1
* 76311: obj =   4.127608899e+10 inf =   6.282e-01 (617) 2
* 76448: obj =   4.127602172e+10 inf =   6.317e-01 (615) 1
* 76585: obj =   4.127600144e+10 inf =   6.320e-01 (614) 1
* 76721: obj =   4.127598056e+10 inf =   6.318e-01 (631) 1
* 76859: obj =   4.127592443e+10 inf =   6.350e-01 (659) 1
* 76992: obj =   4.127585477e+10 inf =   6.399e-01 (633) 2
* 77130: obj =   4.127580167e+10 inf =   6.429e-01 (645) 1
* 77267: obj =   4.127575604e+10 inf =   6.450e-01 (646) 1
* 77404: obj =   4.127571351e+10 inf =   6.465e-01 (632) 1
* 77536: obj =   4.127563477e+10 inf =   6.515e-01 (637) 2
* 77672: obj =   4.127560699e+10 inf =   6.522e-01 (622) 1
* 77809: obj =   4.127556877e+10 inf =   6.541e-01 (589) 1
* 77945: obj =   4.127551753e+10 inf =   6.568e-01 (585) 1
* 78076: obj =   4.127547779e+10 inf =   6.586e-01 (592) 2
* 78213: obj =   4.127545631e+10 inf =   6.585e-01 (585) 1
* 78348: obj =   4.127541852e+10 inf =   6.597e-01 (598) 1
* 78484: obj =   4.127538112e+10 inf =   6.612e-01 (613) 1
* 78619: obj =   4.127537760e+10 inf =   6.592e-01 (588) 2
* 78755: obj =   4.127533137e+10 inf =   6.612e-01 (602) 1
* 78892: obj =   4.127525804e+10 inf =   6.659e-01 (602) 1
* 79028: obj =   4.127525583e+10 inf =   6.639e-01 (602) 1
* 79164: obj =   4.127524665e+10 inf =   6.626e-01 (594) 1
* 79298: obj =   4.127518332e+10 inf =   6.654e-01 (601) 2
* 79434: obj =   4.127511319e+10 inf =   6.687e-01 (593) 1
* 79569: obj =   4.127507591e+10 inf =   6.692e-01 (617) 1
* 79704: obj =   4.127500071e+10 inf =   6.729e-01 (577) 1
* 79840: obj =   4.127496865e+10 inf =   6.732e-01 (638) 1
* 79971: obj =   4.127493099e+10 inf =   6.738e-01 (625) 2
* 80106: obj =   4.127485548e+10 inf =   6.771e-01 (624) 1
* 80241: obj =   4.127482733e+10 inf =   6.765e-01 (645) 1
* 80376: obj =   4.127480002e+10 inf =   6.762e-01 (627) 1
* 80506: obj =   4.127476558e+10 inf =   6.760e-01 (626) 2
* 80641: obj =   4.127470871e+10 inf =   6.777e-01 (619) 1
* 80776: obj =   4.127465960e+10 inf =   6.790e-01 (621) 1
* 80912: obj =   4.127462744e+10 inf =   6.791e-01 (606) 1
* 81047: obj =   4.127459077e+10 inf =   6.791e-01 (610) 1
* 81177: obj =   4.127452991e+10 inf =   6.810e-01 (602) 2
* 81311: obj =   4.127450923e+10 inf =   6.796e-01 (605) 1
* 81446: obj =   4.127446926e+10 inf =   6.799e-01 (608) 1
* 81580: obj =   4.127445299e+10 inf =   6.786e-01 (600) 1
* 81710: obj =   4.127440252e+10 inf =   6.793e-01 (613) 2
* 81845: obj =   4.127439611e+10 inf =   6.774e-01 (620) 1
* 81979: obj =   4.127437755e+10 inf =   6.759e-01 (632) 1
* 82114: obj =   4.127431808e+10 inf =   6.771e-01 (623) 1
* 82248: obj =   4.127429829e+10 inf =   6.755e-01 (608) 1
* 82379: obj =   4.127423810e+10 inf =   6.762e-01 (597) 2
* 82512: obj =   4.127421691e+10 inf =   6.743e-01 (601) 1
* 82646: obj =   4.127416831e+10 inf =   6.749e-01 (599) 1
* 82779: obj =   4.127416771e+10 inf =   6.720e-01 (623) 1
* 82913: obj =   4.127415022e+10 inf =   6.704e-01 (602) 1
* 83043: obj =   4.127407872e+10 inf =   6.718e-01 (601) 2
* 83176: obj =   4.127407694e+10 inf =   6.688e-01 (611) 1
* 83309: obj =   4.127405660e+10 inf =   6.666e-01 (593) 1
* 83442: obj =   4.127400156e+10 inf =   6.657e-01 (609) 1
* 83575: obj =   4.127396842e+10 inf =   6.638e-01 (615) 1
* 83703: obj =   4.127395112e+10 inf =   6.615e-01 (612) 2
* 83838: obj =   4.127388138e+10 inf =   6.613e-01 (577) 1
* 83973: obj =   4.127380200e+10 inf =   6.620e-01 (579) 1
* 84107: obj =   4.127379881e+10 inf =   6.593e-01 (569) 1
* 84240: obj =   4.127379715e+10 inf =   6.564e-01 (600) 1
* 84368: obj =   4.127379696e+10 inf =   6.532e-01 (578) 2
* 84501: obj =   4.127373953e+10 inf =   6.521e-01 (580) 1
* 84658: obj =   4.127356863e+10 inf =   6.518e-01 (10346) 1
* 84798: obj =   4.127007580e+10 inf =   6.503e-01 (10298) 2
* 84932: obj =   4.126659185e+10 inf =   6.497e-01 (10270) 1
* 85066: obj =   4.126075773e+10 inf =   6.481e-01 (10237) 1
* 85199: obj =   4.125451877e+10 inf =   6.460e-01 (10194) 1
* 85331: obj =   4.125035634e+10 inf =   6.447e-01 (10167) 1
* 85459: obj =   4.124357752e+10 inf =   6.405e-01 (10129) 2
* 85590: obj =   4.124315246e+10 inf =   6.418e-01 (10074) 1
* 85721: obj =   4.123621813e+10 inf =   6.375e-01 (10001) 1
* 85854: obj =   4.122990359e+10 inf =   6.341e-01 (9930) 1
* 85986: obj =   4.122300529e+10 inf =   6.315e-01 (9875) 1
* 86114: obj =   4.121705399e+10 inf =   6.296e-01 (9851) 2
* 86246: obj =   4.121318584e+10 inf =   6.283e-01 (9785) 1
* 86378: obj =   4.120549191e+10 inf =   6.255e-01 (9718) 1
* 86509: obj =   4.120030969e+10 inf =   6.245e-01 (9686) 1
* 86639: obj =   4.119442594e+10 inf =   6.239e-01 (9618) 2
* 86771: obj =   4.118842484e+10 inf =   6.233e-01 (9594) 1
* 86904: obj =   4.118312740e+10 inf =   6.222e-01 (9557) 1
* 87036: obj =   4.117559707e+10 inf =   6.214e-01 (9498) 1
* 87168: obj =   4.117073122e+10 inf =   6.216e-01 (9456) 1
* 87296: obj =   4.116376915e+10 inf =   6.234e-01 (9409) 2
* 87428: obj =   4.115688642e+10 inf =   6.265e-01 (9351) 1
* 87560: obj =   4.115048217e+10 inf =   6.289e-01 (9308) 1
* 87693: obj =   4.114498735e+10 inf =   6.314e-01 (9269) 1
* 87823: obj =   4.113496073e+10 inf =   6.374e-01 (9211) 2
* 87957: obj =   4.112940540e+10 inf =   6.432e-01 (9141) 1
* 88091: obj =   4.112349637e+10 inf =   6.482e-01 (9091) 1
* 88226: obj =   4.111995459e+10 inf =   6.513e-01 (9048) 1
* 88356: obj =   4.111270630e+10 inf =   6.580e-01 (9036) 2
* 88492: obj =   4.110819534e+10 inf =   6.659e-01 (8998) 1
* 88628: obj =   4.110435749e+10 inf =   6.731e-01 (8959) 1
* 88765: obj =   4.109816730e+10 inf =   6.870e-01 (8959) 1
* 88898: obj =   4.109427379e+10 inf =   6.995e-01 (8909) 2
* 89036: obj =   4.108942325e+10 inf =   7.174e-01 (8888) 1
* 89174: obj =   4.108392076e+10 inf =   7.425e-01 (8822) 1
* 89313: obj =   4.108016013e+10 inf =   7.618e-01 (8760) 2
* 89458: obj =   4.107538053e+10 inf =   7.938e-01 (8700) 1
* 89604: obj =   4.107232158e+10 inf =   8.196e-01 (8668) 2
* 89759: obj =   4.106987540e+10 inf =   8.476e-01 (8632) 1
* 89919: obj =   4.106836637e+10 inf =   8.784e-01 (8591) 1
* 90102: obj =   4.106775807e+10 inf =   8.932e-01 (8543) 2
* 90279: obj =   4.106751783e+10 inf =   8.966e-01 (8498) 2
* 90469: obj =   4.106731397e+10 inf =   9.004e-01 (8438) 1
* 90664: obj =   4.106725011e+10 inf =   9.005e-01 (8366) 2
* 90857: obj =   4.106721477e+10 inf =   9.007e-01 (8296) 2
* 91060: obj =   4.106716828e+10 inf =   9.003e-01 (8233) 1
* 91271: obj =   4.106716348e+10 inf =   8.998e-01 (8146) 1
* 91463: obj =   4.106708004e+10 inf =   8.999e-01 (8069) 2
* 91650: obj =   4.106701844e+10 inf =   8.994e-01 (8004) 2
* 91859: obj =   4.106699440e+10 inf =   8.988e-01 (7971) 1
* 92053: obj =   4.106694649e+10 inf =   8.985e-01 (7970) 2
* 92253: obj =   4.106688987e+10 inf =   8.967e-01 (7930) 1
* 92456: obj =   4.106687903e+10 inf =   8.961e-01 (7891) 2
* 92666: obj =   4.106682456e+10 inf =   8.940e-01 (7852) 1
* 92873: obj =   4.106682065e+10 inf =   8.932e-01 (7770) 1
* 93068: obj =   4.106680111e+10 inf =   8.910e-01 (7716) 2
* 93279: obj =   4.106677075e+10 inf =   8.897e-01 (7682) 1
* 93492: obj =   4.106671903e+10 inf =   8.883e-01 (7601) 1
* 93704: obj =   4.106655515e+10 inf =   8.864e-01 (7539) 1
* 93914: obj =   4.106654056e+10 inf =   8.848e-01 (7495) 1
* 94121: obj =   4.106650114e+10 inf =   8.826e-01 (7460) 1
* 94325: obj =   4.106646019e+10 inf =   8.790e-01 (7373) 1
* 94526: obj =   4.106644520e+10 inf =   8.782e-01 (7304) 2
* 94736: obj =   4.106636681e+10 inf =   8.737e-01 (7132) 1
* 94945: obj =   4.106631044e+10 inf =   8.702e-01 (6972) 1
* 95158: obj =   4.106624717e+10 inf =   8.661e-01 (6787) 1
* 95371: obj =   4.106609523e+10 inf =   8.614e-01 (6552) 1
* 95585: obj =   4.023062677e+10 inf =   8.542e-01 (6355) 1
* 95798: obj =   4.023026336e+10 inf =   8.444e-01 (6206) 1
* 96007: obj =   4.023023752e+10 inf =   8.404e-01 (6039) 1
* 96219: obj =   4.023016210e+10 inf =   8.361e-01 (5914) 1
* 96430: obj =   4.023013387e+10 inf =   8.347e-01 (5839) 1
* 96642: obj =   4.023006253e+10 inf =   8.318e-01 (5727) 1
* 96842: obj =   4.023005199e+10 inf =   8.277e-01 (5639) 1
* 97050: obj =   4.023001398e+10 inf =   8.232e-01 (5541) 1
* 97260: obj =   4.022997913e+10 inf =   8.183e-01 (5460) 1
* 97471: obj =   4.022995998e+10 inf =   8.149e-01 (5329) 1
* 97684: obj =   4.022995586e+10 inf =   8.114e-01 (5205) 1
* 97882: obj =   4.022994932e+10 inf =   8.048e-01 (5171) 1
* 98087: obj =   4.022994110e+10 inf =   8.031e-01 (5015) 1
* 98298: obj =   4.022992281e+10 inf =   7.982e-01 (4889) 1
* 98510: obj =   4.022992083e+10 inf =   7.937e-01 (4781) 1
* 98727: obj =   4.022990745e+10 inf =   7.893e-01 (4711)
* 98918: obj =   4.022990112e+10 inf =   7.840e-01 (4643) 2
* 99125: obj =   4.022988246e+10 inf =   7.826e-01 (4530) 1
* 99335: obj =   4.022987279e+10 inf =   7.777e-01 (4479) 1
* 99531: obj =   4.022985590e+10 inf =   7.681e-01 (4407) 1
* 99749: obj =   4.022983535e+10 inf =   7.641e-01 (4322)
* 99934: obj =   4.022981980e+10 inf =   7.589e-01 (4248) 2
*100140: obj =   4.022978985e+10 inf =   7.531e-01 (4144) 1
*100345: obj =   4.022978663e+10 inf =   7.481e-01 (4108) 1
*100551: obj =   4.022977827e+10 inf =   7.439e-01 (4020) 1
*100758: obj =   4.022977256e+10 inf =   7.400e-01 (3973) 1
*100946: obj =   4.022976429e+10 inf =   7.351e-01 (3917) 1
*101130: obj =   4.022976015e+10 inf =   7.341e-01 (3827) 2
*101333: obj =   4.022968024e+10 inf =   7.258e-01 (3801) 1
*101525: obj =   4.022965350e+10 inf =   7.197e-01 (3785) 1
*101715: obj =   4.022959929e+10 inf =   7.139e-01 (3740) 1
*101898: obj =   4.022958603e+10 inf =   7.058e-01 (3747) 1
*102088: obj =   4.022955986e+10 inf =   7.025e-01 (3605) 2
*102293: obj =   4.022954568e+10 inf =   6.981e-01 (3543) 1
*102508: obj =   4.022953586e+10 inf =   6.934e-01 (3510)
*102666: obj =   4.022952386e+10 inf =   6.891e-01 (3450) 2
*102833: obj =   4.022951608e+10 inf =   6.840e-01 (3424) 1
*103011: obj =   4.022950194e+10 inf =   6.768e-01 (3432) 1
*103198: obj =   4.022947368e+10 inf =   6.745e-01 (3371) 2
*103393: obj =   4.022946614e+10 inf =   6.722e-01 (3348) 1
*103589: obj =   4.022941568e+10 inf =   6.676e-01 (3290) 1
*103764: obj =   4.022935849e+10 inf =   6.573e-01 (3268) 1
*103943: obj =   4.022934571e+10 inf =   6.533e-01 (3223) 2
*104144: obj =   4.022926288e+10 inf =   6.454e-01 (3117) 1
*104334: obj =   4.022921916e+10 inf =   6.420e-01 (3081) 1
*104531: obj =   4.022920344e+10 inf =   6.394e-01 (3038) 1
*104731: obj =   4.022913232e+10 inf =   6.365e-01 (3014) 1
*104896: obj =   4.022910236e+10 inf =   6.326e-01 (3032) 1
*105047: obj =   4.022907910e+10 inf =   6.300e-01 (2969) 2
*105236: obj =   4.022901425e+10 inf =   6.269e-01 (2883) 1
*105432: obj =   4.022895147e+10 inf =   6.242e-01 (2877) 1
*105606: obj =   4.022890662e+10 inf =   6.225e-01 (2827) 1
*105770: obj =   4.022889970e+10 inf =   6.201e-01 (2788) 2
*105951: obj =   4.022888727e+10 inf =   6.177e-01 (2734) 1
*106157: obj =   4.022882068e+10 inf =   6.127e-01 (2685) 1
*106337: obj =   4.022879653e+10 inf =   6.089e-01 (2689) 1
*106510: obj =   4.022877009e+10 inf =   6.068e-01 (2646) 1
*106713: obj =   4.022869701e+10 inf =   6.037e-01 (2616) 1
*106875: obj =   4.022869052e+10 inf =   6.029e-01 (2613) 2
*107039: obj =   4.022867019e+10 inf =   6.012e-01 (2584) 1
*107228: obj =   4.022863935e+10 inf =   5.949e-01 (2463) 2
*107424: obj =   4.022858516e+10 inf =   5.926e-01 (2427) 1
*107610: obj =   4.022854501e+10 inf =   5.898e-01 (2438) 1
*107765: obj =   4.022850212e+10 inf =   5.917e-01 (2411) 1
*107932: obj =   4.022849072e+10 inf =   5.892e-01 (2373) 1
*108123: obj =   4.022844393e+10 inf =   5.846e-01 (2255) 2
*108307: obj =   4.022839659e+10 inf =   5.832e-01 (2292) 1
*108460: obj =   4.022838248e+10 inf =   5.847e-01 (2233) 1
*108636: obj =   4.022836283e+10 inf =   5.841e-01 (2197) 1
*108821: obj =   4.022833528e+10 inf =   5.817e-01 (2194) 1
*108977: obj =   4.022831870e+10 inf =   5.811e-01 (2146) 2
*109166: obj =   4.022825579e+10 inf =   5.738e-01 (2038) 1
*109330: obj =   4.022823575e+10 inf =   5.732e-01 (2030) 1
*109513: obj =   4.022818599e+10 inf =   5.720e-01 (1999) 1
*109709: obj =   4.022811300e+10 inf =   5.688e-01 (1989) 1
*109871: obj =   4.022808140e+10 inf =   5.677e-01 (2020) 2
*110016: obj =   4.022806281e+10 inf =   5.670e-01 (1972) 1
*110166: obj =   4.022804287e+10 inf =   5.673e-01 (1965) 1
*110329: obj =   4.022803501e+10 inf =   5.660e-01 (1933) 2
*110528: obj =   4.022789943e+10 inf =   5.621e-01 (1846) 1
*110690: obj =   4.022786107e+10 inf =   5.651e-01 (1790) 1
*110835: obj =   4.022784989e+10 inf =   5.673e-01 (1817) 1
*111010: obj =   4.022783020e+10 inf =   5.647e-01 (1773) 2
*111184: obj =   4.022769577e+10 inf =   5.636e-01 (1800) 1
*111330: obj =   4.022767969e+10 inf =   5.661e-01 (1733) 1
*111494: obj =   4.022763344e+10 inf =   5.657e-01 (1709) 1
*111639: obj =   4.022761285e+10 inf =   5.687e-01 (1700) 1
*111804: obj =   4.022758130e+10 inf =   5.686e-01 (1643) 1
*111970: obj =   4.022757683e+10 inf =   5.689e-01 (1672) 2
*112166: obj =   4.022746599e+10 inf =   5.629e-01 (1562) 1
*112332: obj =   4.022745798e+10 inf =   5.622e-01 (1604) 1
*112475: obj =   4.022744060e+10 inf =   5.645e-01 (1588) 1
*112634: obj =   4.022734691e+10 inf =   5.659e-01 (1620) 1
*112776: obj =   4.022734045e+10 inf =   5.669e-01 (1585) 2
*112929: obj =   4.022733547e+10 inf =   5.670e-01 (1603) 1
*113098: obj =   4.022731436e+10 inf =   5.664e-01 (1550) 1
*113272: obj =   4.022707706e+10 inf =   5.622e-01 (1529) 2
*113413: obj =   4.022701798e+10 inf =   5.641e-01 (1514) 1
*113556: obj =   4.022700777e+10 inf =   5.658e-01 (1486) 1
*113705: obj =   4.022699893e+10 inf =   5.659e-01 (1484) 1
*113868: obj =   4.022698449e+10 inf =   5.648e-01 (1465) 2
*114057: obj =   4.022697820e+10 inf =   5.636e-01 (1388) 1
*114235: obj =   4.022690523e+10 inf =   5.617e-01 (1393) 2
*114405: obj =   4.022684589e+10 inf =   5.630e-01 (1419) 1
*114576: obj =   4.022684244e+10 inf =   5.626e-01 (1436) 1
*114751: obj =   4.022679483e+10 inf =   5.629e-01 (1406) 1
*114893: obj =   4.022677521e+10 inf =   5.690e-01 (1358) 2
*115046: obj =   4.022676564e+10 inf =   5.691e-01 (1397) 1
*115237: obj =   4.022667122e+10 inf =   5.625e-01 (1368) 1
*115383: obj =   4.022659132e+10 inf =   5.668e-01 (1321) 2
*115519: obj =   4.022657259e+10 inf =   5.725e-01 (1298) 1
*115669: obj =   4.022653240e+10 inf =   5.789e-01 (1285) 1
*115814: obj =   4.022650953e+10 inf =   5.816e-01 (1325) 1
*115962: obj =   4.022650743e+10 inf =   5.833e-01 (1304) 2
*116132: obj =   4.022650128e+10 inf =   5.800e-01 (1274) 1
*116313: obj =   4.022632314e+10 inf =   5.766e-01 (1270) 1
*116454: obj =   4.022632279e+10 inf =   5.762e-01 (1229) 2
*116605: obj =   4.022630602e+10 inf =   5.759e-01 (1268) 1
*116766: obj =   4.022619723e+10 inf =   5.782e-01 (1300) 1
*116914: obj =   4.022618946e+10 inf =   5.803e-01 (1275) 1
*117058: obj =   4.022618162e+10 inf =   5.829e-01 (1174) 2
*117233: obj =   4.022613660e+10 inf =   5.802e-01 (1178) 1
*117409: obj =   4.022596187e+10 inf =   5.803e-01 (1194) 1
*117547: obj =   4.022595081e+10 inf =   5.860e-01 (1109) 2
*117692: obj =   4.022588374e+10 inf =   5.908e-01 (1115) 1
*117835: obj =   4.022588026e+10 inf =   5.916e-01 (1143) 1
*117981: obj =   4.022586791e+10 inf =   5.945e-01 (1175) 1
*118151: obj =   4.022586398e+10 inf =   5.936e-01 (1148) 2
*118324: obj =   4.022572844e+10 inf =   5.898e-01 (1120) 1
*118459: obj =   3.897347827e+10 inf =   5.972e-01 (1135) 2
*118606: obj =   3.897344316e+10 inf =   5.984e-01 (1092) 1
*118758: obj =   3.897334847e+10 inf =   5.987e-01 (1075) 1
*118903: obj =   3.897333940e+10 inf =   6.017e-01 (1118) 1
*119053: obj =   3.897333379e+10 inf =   6.010e-01 (1099) 1
*119209: obj =   3.897322289e+10 inf =   5.992e-01 (1067) 2
*119340: obj =   3.897320546e+10 inf =   6.048e-01 (1056) 1
*119475: obj =   3.897320263e+10 inf =   6.064e-01 (1086) 1
*119615: obj =   3.897316744e+10 inf =   6.127e-01 (1018) 1
*119749: obj =   3.897309428e+10 inf =   6.175e-01 (1068) 1
*119891: obj =   3.897305816e+10 inf =   6.201e-01 (1016) 2
*120061: obj =   3.897305136e+10 inf =   6.214e-01 (984) 1
*120220: obj =   3.897290341e+10 inf =   6.233e-01 (991) 1
*120359: obj =   3.897285573e+10 inf =   6.255e-01 (984) 1
*120489: obj =   3.897284430e+10 inf =   6.358e-01 (1023) 2
*120621: obj =   3.897279239e+10 inf =   6.432e-01 (1000) 1
*120753: obj =   3.897276471e+10 inf =   6.488e-01 (1032) 1
*120888: obj =   3.897275368e+10 inf =   6.562e-01 (1063) 1
*121050: obj =   3.897275129e+10 inf =   6.565e-01 (1040) 2
*121220: obj =   3.897255067e+10 inf =   6.574e-01 (1021) 1
*121350: obj =   3.897254289e+10 inf =   6.634e-01 (914) 1
*121481: obj =   3.897252834e+10 inf =   6.743e-01 (955) 1
*121616: obj =   3.897252405e+10 inf =   6.763e-01 (894) 1
*121765: obj =   3.897245950e+10 inf =   6.772e-01 (892) 2
*121911: obj =   3.897245419e+10 inf =   6.796e-01 (962) 1
*122076: obj =   3.897244989e+10 inf =   6.803e-01 (944) 1
*122247: obj =   3.897224457e+10 inf =   6.798e-01 (884) 2
*122377: obj =   3.897224334e+10 inf =   6.804e-01 (843) 1
*122510: obj =   3.897223727e+10 inf =   6.827e-01 (869) 1
*122647: obj =   3.897222710e+10 inf =   6.876e-01 (828) 1
*122789: obj =   3.897218158e+10 inf =   6.897e-01 (884) 1
*122929: obj =   3.897217473e+10 inf =   6.898e-01 (882) 2
*123116: obj =   3.813694477e+10 inf =   6.872e-01 (874) 1
*123284: obj =   3.813677381e+10 inf =   6.869e-01 (820) 1
*123410: obj =   3.813676822e+10 inf =   6.905e-01 (806) 2
*123541: obj =   3.813675731e+10 inf =   6.939e-01 (820) 1
*123677: obj =   3.813672305e+10 inf =   6.951e-01 (767) 1
*123824: obj =   3.813672252e+10 inf =   6.951e-01 (808) 1
*123997: obj =   3.813667832e+10 inf =   6.939e-01 (779) 2
*124141: obj =   3.813660787e+10 inf =   6.980e-01 (814) 1
*124277: obj =   3.813653399e+10 inf =   7.014e-01 (806) 1
*124435: obj =   3.813652794e+10 inf =   7.035e-01 (832) 2
*124585: obj =   3.813647236e+10 inf =   7.045e-01 (753) 1
*124715: obj =   3.813636579e+10 inf =   7.111e-01 (781) 1
*124848: obj =   3.813633325e+10 inf =   7.149e-01 (795) 1
*124999: obj =   3.813632666e+10 inf =   7.165e-01 (762) 1
*125163: obj =   3.813614826e+10 inf =   7.160e-01 (727) 1
*125288: obj =   3.813610544e+10 inf =   7.244e-01 (672) 2
*125417: obj =   3.813605059e+10 inf =   7.357e-01 (689) 1
*125550: obj =   3.813604283e+10 inf =   7.405e-01 (643) 1
*125698: obj =   3.813604042e+10 inf =   7.425e-01 (679) 1
*125829: obj =   3.813602471e+10 inf =   7.427e-01 (647) 2
*125980: obj =   3.813600730e+10 inf =   7.492e-01 (672) 1
*126125: obj =   3.813596802e+10 inf =   7.517e-01 (714) 1
*126258: obj =   3.813584812e+10 inf =   7.605e-01 (705) 1
*126397: obj =   3.813576913e+10 inf =   7.636e-01 (658) 1
*126533: obj =   3.813576835e+10 inf =   7.629e-01 (633) 1
*126666: obj =   3.813571740e+10 inf =   7.665e-01 (652) 2
*126795: obj =   3.813562466e+10 inf =   7.690e-01 (648) 1
*126928: obj =   3.813561729e+10 inf =   7.716e-01 (696) 1
*127076: obj =   3.813559446e+10 inf =   7.773e-01 (638) 1
*127245: obj =   3.751781369e+10 inf =   7.773e-01 (578) 1
*127365: obj =   3.751778550e+10 inf =   7.817e-01 (522) 2
*127497: obj =   3.751776591e+10 inf =   7.843e-01 (539) 1
*127621: obj =   3.751775027e+10 inf =   7.860e-01 (511) 1
*127739: obj =   3.751772562e+10 inf =   7.893e-01 (531) 1
*127860: obj =   3.751766148e+10 inf =   7.995e-01 (540) 1
*127977: obj =   3.751765101e+10 inf =   7.997e-01 (563) 2
*128099: obj =   3.751762615e+10 inf =   8.022e-01 (576) 1
*128220: obj =   3.751759955e+10 inf =   8.049e-01 (574) 1
*128341: obj =   3.751759428e+10 inf =   8.039e-01 (578) 1
*128462: obj =   3.751759104e+10 inf =   8.025e-01 (570) 1
*128583: obj =   3.751758934e+10 inf =   8.005e-01 (581) 1
*128700: obj =   3.751758828e+10 inf =   7.988e-01 (575) 2
*128821: obj =   3.751751053e+10 inf =   8.069e-01 (590) 1
*128943: obj =   3.751750759e+10 inf =   8.055e-01 (561) 1
*129065: obj =   3.751750579e+10 inf =   8.036e-01 (567) 1
*129186: obj =   3.751750570e+10 inf =   8.015e-01 (562) 1
*129306: obj =   3.751747176e+10 inf =   8.033e-01 (595) 2
*129426: obj =   3.751744396e+10 inf =   8.044e-01 (557) 1
*129546: obj =   3.751740937e+10 inf =   8.060e-01 (559) 1
*129666: obj =   3.751738162e+10 inf =   8.065e-01 (558) 1
*129786: obj =   3.751735055e+10 inf =   8.073e-01 (567) 1
*129908: obj =   3.751725509e+10 inf =   8.152e-01 (596) 1
*130026: obj =   3.751721509e+10 inf =   8.173e-01 (578) 2
*130147: obj =   3.751717470e+10 inf =   8.192e-01 (582) 1
*130268: obj =   3.751715227e+10 inf =   8.188e-01 (576) 1
*130389: obj =   3.751708607e+10 inf =   8.222e-01 (583) 1
*130510: obj =   3.751702867e+10 inf =   8.252e-01 (580) 1
*130626: obj =   3.751702829e+10 inf =   8.225e-01 (575) 2
*130747: obj =   3.751702323e+10 inf =   8.206e-01 (574) 1
*130868: obj =   3.751698694e+10 inf =   8.211e-01 (601) 1
*130990: obj =   3.751694016e+10 inf =   8.230e-01 (591) 1
*131111: obj =   3.751692916e+10 inf =   8.207e-01 (595) 1
*131231: obj =   3.751691521e+10 inf =   8.190e-01 (606) 2
*131352: obj =   3.751684214e+10 inf =   8.230e-01 (591) 1
*131473: obj =   3.751682693e+10 inf =   8.213e-01 (596) 1
*131593: obj =   3.751682693e+10 inf =   8.185e-01 (602) 1
*131713: obj =   3.751682684e+10 inf =   8.154e-01 (597) 1
*131834: obj =   3.751682463e+10 inf =   8.129e-01 (639) 1
*131951: obj =   3.751678700e+10 inf =   8.127e-01 (604) 2
*132072: obj =   3.751675897e+10 inf =   8.121e-01 (594) 1
*132193: obj =   3.751675850e+10 inf =   8.088e-01 (611) 1
*132313: obj =   3.751670673e+10 inf =   8.093e-01 (604) 1
*132434: obj =   3.751667337e+10 inf =   8.090e-01 (587) 1
*132550: obj =   3.751665157e+10 inf =   8.077e-01 (615) 2
*132670: obj =   3.751665062e+10 inf =   8.047e-01 (589) 1
*132790: obj =   3.751661379e+10 inf =   8.040e-01 (592) 1
*132912: obj =   3.751654506e+10 inf =   8.056e-01 (609) 1
*133033: obj =   3.751652201e+10 inf =   8.043e-01 (610) 1
*133154: obj =   3.751650653e+10 inf =   8.027e-01 (609) 1
*133271: obj =   3.751647804e+10 inf =   8.012e-01 (627) 2
*133392: obj =   3.751639574e+10 inf =   8.036e-01 (622) 1
*133512: obj =   3.751637956e+10 inf =   8.013e-01 (603) 1
*133633: obj =   3.751631879e+10 inf =   8.026e-01 (613) 1
*133753: obj =   3.751631374e+10 inf =   7.993e-01 (599) 1
*133871: obj =   3.751622985e+10 inf =   8.013e-01 (593) 2
*133992: obj =   3.751622505e+10 inf =   7.983e-01 (603) 1
*134113: obj =   3.751619108e+10 inf =   7.968e-01 (609) 1
*134233: obj =   3.751618135e+10 inf =   7.943e-01 (585) 1
*134354: obj =   3.751614780e+10 inf =   7.919e-01 (615) 1
*134474: obj =   3.751612603e+10 inf =   7.893e-01 (606) 2
*134594: obj =   3.751610609e+10 inf =   7.866e-01 (602) 1
*134715: obj =   3.751602635e+10 inf =   7.883e-01 (595) 1
*134836: obj =   3.751599858e+10 inf =   7.857e-01 (580) 1
*134957: obj =   3.751599286e+10 inf =   7.828e-01 (611) 1
*135078: obj =   3.751598596e+10 inf =   7.799e-01 (607) 1
*135194: obj =   3.751597226e+10 inf =   7.780e-01 (594) 2
*135314: obj =   3.751596334e+10 inf =   7.743e-01 (588) 1
*135435: obj =   3.751589182e+10 inf =   7.740e-01 (586) 1
*135555: obj =   3.751586219e+10 inf =   7.724e-01 (596) 1
*135675: obj =   3.751585999e+10 inf =   7.687e-01 (598) 1
*135794: obj =   3.751585884e+10 inf =   7.656e-01 (595) 2
*135915: obj =   3.751584262e+10 inf =   7.632e-01 (585) 1
*136035: obj =   3.751584186e+10 inf =   7.598e-01 (639) 1
*136155: obj =   3.751580852e+10 inf =   7.576e-01 (590) 1
*136276: obj =   3.751575480e+10 inf =   7.565e-01 (604) 1
*136396: obj =   3.751575422e+10 inf =   7.525e-01 (592) 1
*136512: obj =   3.751573171e+10 inf =   7.499e-01 (597) 2
*136632: obj =   3.751572978e+10 inf =   7.463e-01 (591) 1
*136752: obj =   3.751569683e+10 inf =   7.438e-01 (592) 1
*136874: obj =   3.751561811e+10 inf =   7.429e-01 (601) 1
*136995: obj =   3.751559663e+10 inf =   7.403e-01 (588) 1
*137113: obj =   3.751557773e+10 inf =   7.374e-01 (604) 2
*137234: obj =   3.751556867e+10 inf =   7.337e-01 (592) 1
*137354: obj =   3.751556747e+10 inf =   7.297e-01 (607) 1
*137474: obj =   3.751556558e+10 inf =   7.261e-01 (590) 1
*137595: obj =   3.751551155e+10 inf =   7.245e-01 (592) 1
*137715: obj =   3.751550124e+10 inf =   7.214e-01 (598) 1
*137832: obj =   3.751549567e+10 inf =   7.183e-01 (608) 2
*137954: obj =   3.751537783e+10 inf =   7.177e-01 (592) 1
*138075: obj =   3.751534692e+10 inf =   7.163e-01 (590) 1
*138195: obj =   3.751534550e+10 inf =   7.118e-01 (589) 1
*138316: obj =   3.751531605e+10 inf =   7.089e-01 (585) 1
*138436: obj =   3.751531198e+10 inf =   7.051e-01 (595) 2
*138556: obj =   3.751530571e+10 inf =   7.014e-01 (592) 1
*138676: obj =   3.751529007e+10 inf =   6.978e-01 (587) 1
*138796: obj =   3.751528866e+10 inf =   6.942e-01 (590) 1
*138917: obj =   3.751524195e+10 inf =   6.916e-01 (588) 1
*139039: obj =   3.751519047e+10 inf =   6.890e-01 (597) 1
*139156: obj =   3.751512450e+10 inf =   6.871e-01 (591) 2
*139277: obj =   3.751509628e+10 inf =   6.831e-01 (585) 1
*139398: obj =   3.751505761e+10 inf =   6.795e-01 (599) 1
*139518: obj =   3.751500925e+10 inf =   6.764e-01 (595) 1
*139638: obj =   3.751500260e+10 inf =   6.718e-01 (597) 1
*139766: obj =   3.751492088e+10 inf =   6.716e-01 (570) 2
*139891: obj =   3.751485578e+10 inf =   6.707e-01 (598) 1
*140011: obj =   3.751484660e+10 inf =   6.662e-01 (582) 1
*140132: obj =   3.751481504e+10 inf =   6.625e-01 (572) 1
*140252: obj =   3.751481419e+10 inf =   6.581e-01 (601) 1
*140367: obj =   3.751478148e+10 inf =   6.543e-01 (604) 2
*140487: obj =   3.751476534e+10 inf =   6.500e-01 (601) 1
*140611: obj =   3.751474232e+10 inf =   6.462e-01 (571) 1
*140750: obj =   3.751458013e+10 inf =   6.461e-01 (570) 1
*140874: obj =   3.751451406e+10 inf =   6.451e-01 (541) 2
*140995: obj =   3.751449313e+10 inf =   6.420e-01 (531) 1
*141115: obj =   3.751448249e+10 inf =   6.381e-01 (533) 1
*141235: obj =   3.751448137e+10 inf =   6.341e-01 (542) 1
*141355: obj =   3.751445876e+10 inf =   6.302e-01 (545) 1
*141474: obj =   3.751444515e+10 inf =   6.257e-01 (534) 1
*141594: obj =   3.751442281e+10 inf =   6.228e-01 (599) 2
*141732: obj =   3.751438206e+10 inf =   6.226e-01 (584) 1
*141863: obj =   3.751435206e+10 inf =   6.209e-01 (558) 1
*141986: obj =   3.751427962e+10 inf =   6.182e-01 (589) 2
*142113: obj =   3.751427221e+10 inf =   6.152e-01 (539) 1
*142237: obj =   3.751417593e+10 inf =   6.123e-01 (569) 1
*142363: obj =   3.751409532e+10 inf =   6.098e-01 (532) 1
*142485: obj =   3.751407068e+10 inf =   6.049e-01 (519) 1
*142605: obj =   3.751405367e+10 inf =   6.006e-01 (555) 2
*142747: obj =   3.751396658e+10 inf =   6.002e-01 (574) 1
*142873: obj =   3.751394854e+10 inf =   5.973e-01 (561) 1
*142998: obj =   3.751392775e+10 inf =   5.940e-01 (545) 2
*143128: obj =   3.751392482e+10 inf =   5.914e-01 (545) 1
*143255: obj =   3.751391823e+10 inf =   5.878e-01 (541) 1
*143384: obj =   3.751386080e+10 inf =   5.843e-01 (508) 1
*143503: obj =   3.751378165e+10 inf =   5.805e-01 (519) 2
*143630: obj =   3.751372997e+10 inf =   5.775e-01 (518) 1
*143763: obj =   3.751367839e+10 inf =   5.754e-01 (494) 1
*143890: obj =   3.751361994e+10 inf =   5.723e-01 (525) 1
*144014: obj =   3.751355146e+10 inf =   5.697e-01 (595) 2
*144141: obj =   3.751349770e+10 inf =   5.663e-01 (583) 1
*144269: obj =   3.751341107e+10 inf =   5.637e-01 (551) 1
*144394: obj =   3.751339795e+10 inf =   5.605e-01 (551) 1
*144516: obj =   3.751332972e+10 inf =   5.571e-01 (563) 2
*144641: obj =   3.751326960e+10 inf =   5.535e-01 (500) 1
*144777: obj =   3.751317325e+10 inf =   5.515e-01 (523) 1
*144901: obj =   3.751311561e+10 inf =   5.483e-01 (574) 1
*145029: obj =   3.751307135e+10 inf =   5.460e-01 (535) 2
*145158: obj =   3.751299744e+10 inf =   5.426e-01 (533) 1
*145287: obj =   3.751291673e+10 inf =   5.390e-01 (529) 1
*145413: obj =   3.751282405e+10 inf =   5.355e-01 (484) 1
*145539: obj =   3.751275679e+10 inf =   5.325e-01 (524) 2
*145672: obj =   3.751265488e+10 inf =   5.304e-01 (534) 1
*145801: obj =   3.751263880e+10 inf =   5.271e-01 (483) 1
*145930: obj =   3.751257159e+10 inf =   5.246e-01 (480) 2
*146060: obj =   3.751256392e+10 inf =   5.214e-01 (496) 1
*146191: obj =   3.751245120e+10 inf =   5.181e-01 (486) 1
*146321: obj =   3.751240290e+10 inf =   5.147e-01 (423) 1
*146447: obj =   3.751234975e+10 inf =   5.117e-01 (404) 2
*146572: obj =   3.751227765e+10 inf =   5.074e-01 (474) 1
*146707: obj =   3.751224572e+10 inf =   5.049e-01 (545) 1
*146838: obj =   3.751218143e+10 inf =   5.010e-01 (502) 1
*146964: obj =   3.751210884e+10 inf =   4.984e-01 (490) 2
*147096: obj =   3.751206466e+10 inf =   4.949e-01 (487) 1
*147228: obj =   3.751203930e+10 inf =   4.903e-01 (455) 1
*147353: obj =   3.751201686e+10 inf =   4.857e-01 (499) 2
*147487: obj =   3.751193629e+10 inf =   4.833e-01 (534) 1
*147619: obj =   3.751180045e+10 inf =   4.793e-01 (493) 1
*147751: obj =   3.751179004e+10 inf =   4.753e-01 (483) 2
*147885: obj =   3.751174258e+10 inf =   4.714e-01 (547) 1
*148020: obj =   3.751165040e+10 inf =   4.675e-01 (566) 1
*148153: obj =   3.751164883e+10 inf =   4.636e-01 (544) 1
*148281: obj =   3.751158835e+10 inf =   4.605e-01 (491) 2
*148412: obj =   3.751158732e+10 inf =   4.566e-01 (448) 1
*148548: obj =   3.751158687e+10 inf =   4.519e-01 (357) 1
*148695: obj =   3.751156718e+10 inf =   4.488e-01 (326) 2
*148841: obj =   3.751147531e+10 inf =   4.466e-01 (304) 1
*148973: obj =   3.751137830e+10 inf =   4.427e-01 (357) 2
*149102: obj =   3.751007168e+10 inf =   4.389e-01 (11091) 1
*149228: obj =   3.750987258e+10 inf =   4.400e-01 (11099) 1
*149353: obj =   3.750962853e+10 inf =   4.417e-01 (11067) 1
*149477: obj =   3.750922872e+10 inf =   4.442e-01 (11048) 1
*149595: obj =   3.750900509e+10 inf =   4.460e-01 (11054) 2
*149716: obj =   3.750865298e+10 inf =   4.485e-01 (11037) 1
*149838: obj =   3.750834202e+10 inf =   4.517e-01 (11025) 1
*149962: obj =   3.750823405e+10 inf =   4.546e-01 (10984) 1
*150084: obj =   3.750819886e+10 inf =   4.571e-01 (10965) 1
*150207: obj =   3.750781435e+10 inf =   4.612e-01 (10922) 1
*150328: obj =   3.750769195e+10 inf =   4.643e-01 (10894) 1
*150449: obj =   3.750740845e+10 inf =   4.676e-01 (10851) 1
*150570: obj =   3.750698172e+10 inf =   4.714e-01 (10810) 1
*150691: obj =   3.750664796e+10 inf =   4.752e-01 (10782) 1
*150811: obj =   3.750642009e+10 inf =   4.779e-01 (10756) 1
*150933: obj =   3.750624981e+10 inf =   4.809e-01 (10732) 1
*151054: obj =   3.750612889e+10 inf =   4.840e-01 (10680) 1
*151170: obj =   3.750565072e+10 inf =   4.867e-01 (10645) 2
*151290: obj =   3.750556023e+10 inf =   4.890e-01 (10610) 1
*151410: obj =   3.750525791e+10 inf =   4.919e-01 (10563) 1
*151529: obj =   3.750491933e+10 inf =   4.945e-01 (10528) 1
*151648: obj =   3.750460133e+10 inf =   4.973e-01 (10474) 1
*151767: obj =   3.750459427e+10 inf =   4.995e-01 (10436) 1
*151888: obj =   3.750403414e+10 inf =   5.027e-01 (10412) 1
*152009: obj =   3.750367854e+10 inf =   5.053e-01 (10352) 1
*152130: obj =   3.750319297e+10 inf =   5.091e-01 (10309) 1
*152249: obj =   3.750283923e+10 inf =   5.131e-01 (10269) 1
*152369: obj =   3.750251875e+10 inf =   5.167e-01 (10228) 1
*152489: obj =   3.750200434e+10 inf =   5.210e-01 (10189) 1
*152607: obj =   3.750143635e+10 inf =   5.258e-01 (10147) 1
*152721: obj =   3.750112418e+10 inf =   5.292e-01 (10106) 2
*152839: obj =   3.750082933e+10 inf =   5.327e-01 (10066) 1
*152958: obj =   3.750036551e+10 inf =   5.372e-01 (10037) 1
*153077: obj =   3.750006854e+10 inf =   5.404e-01 (9991) 1
*153195: obj =   3.749979710e+10 inf =   5.440e-01 (9970) 1
*153313: obj =   3.749922124e+10 inf =   5.486e-01 (9925) 1
*153431: obj =   3.749885265e+10 inf =   5.524e-01 (9888) 1
*153548: obj =   3.749854687e+10 inf =   5.556e-01 (9846) 1
*153664: obj =   3.749828031e+10 inf =   5.590e-01 (9803) 1
*153781: obj =   3.749789576e+10 inf =   5.628e-01 (9716) 1
*153900: obj =   3.749747574e+10 inf =   5.673e-01 (9724) 1
*154018: obj =   3.749712013e+10 inf =   5.711e-01 (9678) 1
*154133: obj =   3.749679674e+10 inf =   5.750e-01 (9654) 2
*154250: obj =   3.749661320e+10 inf =   5.776e-01 (9618) 1
*154367: obj =   3.749613832e+10 inf =   5.826e-01 (9605) 1
*154483: obj =   3.749574976e+10 inf =   5.868e-01 (9568) 1
*154599: obj =   3.749548033e+10 inf =   5.904e-01 (9496) 1
*154716: obj =   3.749505269e+10 inf =   5.956e-01 (9468) 1
*154833: obj =   3.749449266e+10 inf =   6.016e-01 (9461) 1
*154951: obj =   3.749414877e+10 inf =   6.061e-01 (9421) 1
*155068: obj =   3.749375365e+10 inf =   6.114e-01 (9412) 1
*155185: obj =   3.749351011e+10 inf =   6.156e-01 (9365) 1
*155302: obj =   3.749297354e+10 inf =   6.230e-01 (9330) 1
*155416: obj =   3.749262167e+10 inf =   6.286e-01 (9312) 2
*155532: obj =   3.749220172e+10 inf =   6.347e-01 (9254) 1
*155649: obj =   3.749178068e+10 inf =   6.411e-01 (9230) 1
*155766: obj =   3.749177939e+10 inf =   6.422e-01 (9205) 1
*155886: obj =   3.749162560e+10 inf =   6.451e-01 (9204) 1
*156004: obj =   3.749125949e+10 inf =   6.507e-01 (9204) 1
*156121: obj =   3.749098479e+10 inf =   6.553e-01 (9199) 1
*156237: obj =   3.749062955e+10 inf =   6.609e-01 (9148) 1
*156354: obj =   3.749017933e+10 inf =   6.678e-01 (9135) 1
*156466: obj =   3.748984822e+10 inf =   6.731e-01 (9101) 2
*156581: obj =   3.748946590e+10 inf =   6.793e-01 (9097) 1
*156697: obj =   3.748919622e+10 inf =   6.843e-01 (9108) 1
*156813: obj =   3.748899829e+10 inf =   6.882e-01 (9116) 1
*156931: obj =   3.748857511e+10 inf =   6.962e-01 (9073) 1
*157050: obj =   3.748822507e+10 inf =   7.039e-01 (9017) 1
*157171: obj =   3.748785970e+10 inf =   7.130e-01 (8953) 1
*157292: obj =   3.748770085e+10 inf =   7.171e-01 (8971) 1
*157407: obj =   3.748731980e+10 inf =   7.262e-01 (8959) 2
*157524: obj =   3.748690539e+10 inf =   7.353e-01 (8961) 1
*157640: obj =   3.748646712e+10 inf =   7.457e-01 (8946) 1
*157757: obj =   3.748606839e+10 inf =   7.557e-01 (8935) 1
*157876: obj =   3.748578887e+10 inf =   7.638e-01 (8939) 1
*157997: obj =   3.748551553e+10 inf =   7.731e-01 (8911) 1
*158118: obj =   3.748508789e+10 inf =   7.874e-01 (8888) 1
*158236: obj =   3.748487539e+10 inf =   7.950e-01 (8854) 2
*158358: obj =   3.748465048e+10 inf =   8.035e-01 (8827) 1
*158478: obj =   3.748425809e+10 inf =   8.167e-01 (8822) 1
*158599: obj =   3.748394728e+10 inf =   8.295e-01 (8768) 1
*158721: obj =   3.748353578e+10 inf =   8.494e-01 (8754) 1
*158844: obj =   3.748318257e+10 inf =   8.673e-01 (8735) 1
*158965: obj =   3.748308532e+10 inf =   8.723e-01 (8732) 2
*159091: obj =   3.748293549e+10 inf =   8.804e-01 (8738) 1
*159219: obj =   3.748290739e+10 inf =   8.826e-01 (8713) 1
*159346: obj =   3.748256598e+10 inf =   9.018e-01 (8690) 1
*159473: obj =   3.748220893e+10 inf =   9.237e-01 (8651) 1
*159596: obj =   3.748193601e+10 inf =   9.407e-01 (8656) 2
*159725: obj =   3.748175091e+10 inf =   9.520e-01 (8612) 1
*159854: obj =   3.748150164e+10 inf =   9.666e-01 (8609) 1
*159986: obj =   3.748113472e+10 inf =   9.891e-01 (8606) 1
*160108: obj =   3.748087291e+10 inf =   1.008e+00 (8608) 2
*160236: obj =   3.748064608e+10 inf =   1.026e+00 (8573) 1
*160370: obj =   3.748063828e+10 inf =   1.027e+00 (8548) 1
*160503: obj =   3.748043184e+10 inf =   1.045e+00 (8533) 1
*160630: obj =   3.748021993e+10 inf =   1.064e+00 (8502) 2
*160767: obj =   3.748002587e+10 inf =   1.082e+00 (8488) 1
*160907: obj =   3.747978066e+10 inf =   1.109e+00 (8453) 1
*161045: obj =   3.747969242e+10 inf =   1.118e+00 (8434) 2
*161183: obj =   3.747954321e+10 inf =   1.133e+00 (8404) 1
*161319: obj =   3.747931876e+10 inf =   1.163e+00 (8377) 1
*161467: obj =   3.747925185e+10 inf =   1.172e+00 (8341) 1
*161609: obj =   3.747917516e+10 inf =   1.184e+00 (8309) 2
*161757: obj =   3.747911076e+10 inf =   1.193e+00 (8290) 1
*161901: obj =   3.747900122e+10 inf =   1.210e+00 (8290) 2
*162060: obj =   3.747896051e+10 inf =   1.217e+00 (8276) 1
*162221: obj =   3.747891928e+10 inf =   1.223e+00 (8241) 1
*162380: obj =   3.747889212e+10 inf =   1.227e+00 (8197) 2
*162537: obj =   3.747884359e+10 inf =   1.231e+00 (8167) 1
*162691: obj =   3.747880899e+10 inf =   1.235e+00 (8133) 2
*162853: obj =   3.747875301e+10 inf =   1.238e+00 (8107) 1
*163011: obj =   3.747871511e+10 inf =   1.241e+00 (8092) 2
*163179: obj =   3.747869482e+10 inf =   1.243e+00 (8090) 1
*163338: obj =   3.747864959e+10 inf =   1.252e+00 (8066) 2
*163509: obj =   3.747864820e+10 inf =   1.253e+00 (8050) 1
*163669: obj =   3.739026054e+10 inf =   1.253e+00 (8135) 2
*163838: obj =   3.738989814e+10 inf =   1.254e+00 (8103) 1
*164005: obj =   3.738950247e+10 inf =   1.255e+00 (8081) 2
*164182: obj =   3.738901545e+10 inf =   1.256e+00 (8030) 1
*164339: obj =   3.738894587e+10 inf =   1.257e+00 (7990) 2
*164495: obj =   3.738892676e+10 inf =   1.256e+00 (7984) 1
*164649: obj =   3.738890457e+10 inf =   1.257e+00 (7954) 2
*164817: obj =   3.738880534e+10 inf =   1.257e+00 (7930) 1
*164983: obj =   3.738868474e+10 inf =   1.257e+00 (7906) 2
*165156: obj =   3.738864588e+10 inf =   1.257e+00 (7867) 1
*165331: obj =   3.738857852e+10 inf =   1.256e+00 (7819) 2
*165520: obj =   3.738831972e+10 inf =   1.256e+00 (7781) 1
*165711: obj =   3.738828000e+10 inf =   1.254e+00 (7749) 1
*165896: obj =   3.738823430e+10 inf =   1.253e+00 (7702) 2
*166073: obj =   3.738822020e+10 inf =   1.254e+00 (7687) 1
*166241: obj =   3.738820996e+10 inf =   1.254e+00 (7610) 2
*166423: obj =   3.738818415e+10 inf =   1.253e+00 (7549) 1
*166597: obj =   3.738816552e+10 inf =   1.253e+00 (7523) 1
*166762: obj =   3.738813471e+10 inf =   1.252e+00 (7498) 2
*166940: obj =   3.738812999e+10 inf =   1.251e+00 (7460) 1
*167119: obj =   3.738810938e+10 inf =   1.250e+00 (7428) 2
*167301: obj =   3.738809796e+10 inf =   1.247e+00 (7401) 1
*167481: obj =   3.738808492e+10 inf =   1.246e+00 (7383) 2
*167661: obj =   3.683993305e+10 inf =   1.245e+00 (10129) 1
*167839: obj =   3.683981140e+10 inf =   1.244e+00 (10156) 1
*168011: obj =   3.683922951e+10 inf =   1.243e+00 (10104) 2
*168179: obj =   3.683915101e+10 inf =   1.241e+00 (10068) 2
*168343: obj =   3.683872542e+10 inf =   1.241e+00 (10015) 1
*168497: obj =   3.683856798e+10 inf =   1.240e+00 (9979) 2
*168663: obj =   3.683844990e+10 inf =   1.240e+00 (9936) 1
*168834: obj =   3.683790054e+10 inf =   1.238e+00 (9843) 2
*169004: obj =   3.683779307e+10 inf =   1.237e+00 (9817) 2
*169184: obj =   3.683761508e+10 inf =   1.235e+00 (9754) 1
*169359: obj =   3.683741519e+10 inf =   1.234e+00 (9710) 2
*169530: obj =   3.683738331e+10 inf =   1.232e+00 (9679) 2
*169696: obj =   3.683732215e+10 inf =   1.229e+00 (9626) 1
*169860: obj =   3.683728789e+10 inf =   1.228e+00 (9615) 2
*170041: obj =   3.683716349e+10 inf =   1.227e+00 (9576) 2
*170217: obj =   3.683714205e+10 inf =   1.226e+00 (9528) 1
*170389: obj =   3.683701762e+10 inf =   1.223e+00 (9507) 2
*170572: obj =   3.683698513e+10 inf =   1.220e+00 (9449) 1
*170738: obj =   3.683688690e+10 inf =   1.214e+00 (9415) 2
*170911: obj =   3.683679930e+10 inf =   1.209e+00 (9364) 2
*171092: obj =   3.683675460e+10 inf =   1.207e+00 (9368) 1
*171262: obj =   3.683664735e+10 inf =   1.202e+00 (9326) 2
*171432: obj =   3.683660253e+10 inf =   1.200e+00 (9242) 2
*171615: obj =   3.683637556e+10 inf =   1.197e+00 (9193) 1
*171791: obj =   3.683607597e+10 inf =   1.193e+00 (9143) 2
*171969: obj =   3.683605161e+10 inf =   1.189e+00 (9130) 2
*172152: obj =   3.683593224e+10 inf =   1.184e+00 (9050) 1
*172329: obj =   3.683585504e+10 inf =   1.179e+00 (9054) 2
*172512: obj =   3.683567459e+10 inf =   1.177e+00 (8988) 1
*172680: obj =   3.683565044e+10 inf =   1.175e+00 (8935) 2
*172853: obj =   3.683559970e+10 inf =   1.175e+00 (8888) 2
*173035: obj =   3.683530764e+10 inf =   1.164e+00 (8856) 1
*173197: obj =   3.683524532e+10 inf =   1.162e+00 (8806) 2
*173368: obj =   3.683523214e+10 inf =   1.160e+00 (8667) 2
*173551: obj =   3.683497372e+10 inf =   1.158e+00 (8526) 1
*173728: obj =   3.683478120e+10 inf =   1.155e+00 (8354) 2
*173911: obj =   3.683453660e+10 inf =   1.153e+00 (8238) 1
*174086: obj =   3.664363712e+10 inf =   1.153e+00 (6632) 2
*174270: obj =   3.664356306e+10 inf =   1.150e+00 (6491) 1
*174456: obj =   3.626221743e+10 inf =   1.146e+00 (894) 1
*174627: obj =   3.558091808e+10 inf =   1.139e+00 (7764) 2
*174796: obj =   3.558072207e+10 inf =   1.136e+00 (7618) 1
*174970: obj =   3.558055873e+10 inf =   1.134e+00 (7530) 2
*175154: obj =   3.539003436e+10 inf =   1.130e+00 (5875) 1
*175342: obj =   3.538962793e+10 inf =   1.123e+00 (5783) 1
*175538: obj =   3.538915693e+10 inf =   1.117e+00 (5603)
*175725: obj =   3.538892754e+10 inf =   1.113e+00 (5469) 1
*175912: obj =   3.538884448e+10 inf =   1.112e+00 (5431) 1
*176100: obj =   3.538881882e+10 inf =   1.110e+00 (5298) 1
*176291: obj =   3.538875056e+10 inf =   1.108e+00 (5202) 1
*176484: obj =   3.538868462e+10 inf =   1.105e+00 (5116) 1
*176679: obj =   3.538865630e+10 inf =   1.102e+00 (5030) 1
*176869: obj =   3.538864085e+10 inf =   1.098e+00 (4907) 1
*177048: obj =   3.538863008e+10 inf =   1.094e+00 (4783) 1
*177232: obj =   3.538860708e+10 inf =   1.089e+00 (4679) 1
*177426: obj =   3.538859683e+10 inf =   1.086e+00 (4595) 1
*177620: obj =   3.538854149e+10 inf =   1.082e+00 (4484) 1
*177816: obj =   3.538853623e+10 inf =   1.077e+00 (4357)
*177992: obj =   3.538853403e+10 inf =   1.075e+00 (4324) 2
*178179: obj =   3.538851938e+10 inf =   1.068e+00 (4185) 1
*178374: obj =   3.538843849e+10 inf =   1.063e+00 (4131) 1
*178576: obj =   3.538839391e+10 inf =   1.058e+00 (4024)
*178779: obj =   3.538839126e+10 inf =   1.052e+00 (3929)
*178947: obj =   3.538838329e+10 inf =   1.048e+00 (3911) 2
*179115: obj =   3.538837209e+10 inf =   1.043e+00 (3879) 1
*179298: obj =   3.538835783e+10 inf =   1.040e+00 (3746) 1
*179492: obj =   3.538834243e+10 inf =   1.033e+00 (3710) 1
*179685: obj =   3.538834009e+10 inf =   1.027e+00 (3643) 1
*179857: obj =   3.538832893e+10 inf =   1.023e+00 (3589) 1
*180031: obj =   3.538832035e+10 inf =   1.019e+00 (3597) 1
*180203: obj =   3.538831645e+10 inf =   1.016e+00 (3536) 2
*180386: obj =   3.538829723e+10 inf =   1.014e+00 (3426) 1
*180581: obj =   3.538828020e+10 inf =   1.008e+00 (3369) 1
*180769: obj =   3.538826638e+10 inf =   1.002e+00 (3341)
*180943: obj =   3.538825574e+10 inf =   9.994e-01 (3298) 2
*181128: obj =   3.538824630e+10 inf =   9.974e-01 (3193) 1
*181303: obj =   3.538823330e+10 inf =   9.936e-01 (3145) 1
*181480: obj =   3.538821628e+10 inf =   9.877e-01 (3102) 1
*181642: obj =   3.538819016e+10 inf =   9.810e-01 (3124) 1
*181807: obj =   3.538817697e+10 inf =   9.744e-01 (3082) 1
*181975: obj =   3.538817052e+10 inf =   9.723e-01 (3084) 2
*182149: obj =   3.538815609e+10 inf =   9.693e-01 (2974) 1
*182350: obj =   3.538800532e+10 inf =   9.528e-01 (2896)
*182526: obj =   3.538799555e+10 inf =   9.492e-01 (2858) 2
*182714: obj =   3.538797762e+10 inf =   9.446e-01 (2817) 1
*182900: obj =   3.538797366e+10 inf =   9.393e-01 (2757)
*183064: obj =   3.538796125e+10 inf =   9.365e-01 (2706) 2
*183237: obj =   3.538795794e+10 inf =   9.338e-01 (2644) 1
*183421: obj =   3.538787254e+10 inf =   9.298e-01 (2587) 1
*183612: obj =   3.538786061e+10 inf =   9.231e-01 (2558) 1
*183778: obj =   3.538785155e+10 inf =   9.189e-01 (2533) 1
*183937: obj =   3.538783602e+10 inf =   9.137e-01 (2489) 1
*184104: obj =   3.538783130e+10 inf =   9.121e-01 (2481) 2
*184289: obj =   3.538779830e+10 inf =   9.053e-01 (2407) 1
*184480: obj =   3.538778236e+10 inf =   8.983e-01 (2371) 1
*184631: obj =   3.538776616e+10 inf =   8.925e-01 (2377) 1
*184787: obj =   3.538775000e+10 inf =   8.899e-01 (2314) 1
*184949: obj =   3.538774330e+10 inf =   8.854e-01 (2337) 1
*185122: obj =   3.538774107e+10 inf =   8.844e-01 (2299) 1
*185295: obj =   3.538770679e+10 inf =   8.832e-01 (2216) 2
*185494: obj =   3.538766364e+10 inf =   8.760e-01 (2206)
*185642: obj =   3.538765663e+10 inf =   8.741e-01 (2212) 2
*185803: obj =   3.538764270e+10 inf =   8.702e-01 (2129) 1
*185966: obj =   3.538762946e+10 inf =   8.681e-01 (2096) 1
*186134: obj =   3.538762174e+10 inf =   8.667e-01 (1983) 1
*186312: obj =   3.538758711e+10 inf =   8.610e-01 (1981) 2
*186511: obj =   3.538758401e+10 inf =   8.536e-01 (1951)
*186672: obj =   3.538758119e+10 inf =   8.487e-01 (1958) 1
*186825: obj =   3.538757246e+10 inf =   8.459e-01 (1857) 1
*186991: obj =   3.538756890e+10 inf =   8.453e-01 (1870) 2
*187161: obj =   3.538752606e+10 inf =   8.439e-01 (1840) 1
*187341: obj =   3.538745956e+10 inf =   8.420e-01 (1816) 1
*187505: obj =   3.538745238e+10 inf =   8.393e-01 (1789) 2
*187699: obj =   3.538742717e+10 inf =   8.324e-01 (1789)
*187860: obj =   3.538741278e+10 inf =   8.301e-01 (1769) 2
*188015: obj =   3.538740312e+10 inf =   8.277e-01 (1749) 1
*188178: obj =   3.538738772e+10 inf =   8.236e-01 (1734) 1
*188341: obj =   3.538736295e+10 inf =   8.220e-01 (1724) 2
*188515: obj =   3.538733997e+10 inf =   8.178e-01 (1660) 1
*188678: obj =   3.538733839e+10 inf =   8.136e-01 (1630) 1
*188851: obj =   3.538732884e+10 inf =   8.088e-01 (1564) 1
*188995: obj =   3.538731249e+10 inf =   8.015e-01 (1600) 1
*189156: obj =   3.538728262e+10 inf =   7.989e-01 (1466) 2
*189351: obj =   3.538724678e+10 inf =   7.908e-01 (1493)
*189499: obj =   3.538724068e+10 inf =   7.887e-01 (1457) 2
*189650: obj =   3.538722770e+10 inf =   7.838e-01 (1483) 1
*189793: obj =   3.538721737e+10 inf =   7.777e-01 (1444) 1
*189932: obj =   3.538719881e+10 inf =   7.716e-01 (1417) 1
*190077: obj =   3.538719228e+10 inf =   7.696e-01 (1430) 1
*190252: obj =   3.538706140e+10 inf =   7.615e-01 (1390) 2
*190413: obj =   3.538704809e+10 inf =   7.569e-01 (1396) 1
*190536: obj =   3.538702371e+10 inf =   7.557e-01 (1391) 1
*190687: obj =   3.538701584e+10 inf =   7.542e-01 (1371) 1
*190848: obj =   3.538701567e+10 inf =   7.532e-01 (1353) 1
*191003: obj =   3.538700876e+10 inf =   7.517e-01 (1330) 2
*191148: obj =   3.538699316e+10 inf =   7.485e-01 (1318) 1
*191333: obj =   3.538692957e+10 inf =   7.431e-01 (1298) 1
*191479: obj =   3.538692312e+10 inf =   7.409e-01 (1271) 1
*191640: obj =   3.538691919e+10 inf =   7.373e-01 (1258) 1
*191778: obj =   3.538689782e+10 inf =   7.359e-01 (1254) 1
*191909: obj =   3.538688281e+10 inf =   7.354e-01 (1281) 2
*192055: obj =   3.538687217e+10 inf =   7.340e-01 (1199) 1
*192220: obj =   3.538686220e+10 inf =   7.324e-01 (1166) 1
*192374: obj =   3.538682108e+10 inf =   7.278e-01 (1163) 2
*192542: obj =   3.538679614e+10 inf =   7.187e-01 (1148) 1
*192704: obj =   3.538677703e+10 inf =   7.131e-01 (1161) 1
*192841: obj =   3.538669880e+10 inf =   7.095e-01 (1146) 1
*192969: obj =   3.538666241e+10 inf =   7.055e-01 (1157) 1
*193093: obj =   3.538664954e+10 inf =   7.046e-01 (1200) 1
*193241: obj =   3.538662867e+10 inf =   7.038e-01 (1174) 1
*193403: obj =   3.538662270e+10 inf =   7.026e-01 (1141) 2
*193583: obj =   3.538653909e+10 inf =   6.977e-01 (1085) 1
*193704: obj =   3.538652558e+10 inf =   6.990e-01 (1054) 1
*193829: obj =   3.538652075e+10 inf =   6.990e-01 (1033) 1
*193975: obj =   3.538651908e+10 inf =   6.986e-01 (1061) 1
*194130: obj =   3.538651784e+10 inf =   6.982e-01 (1068) 1
*194289: obj =   3.538648859e+10 inf =   6.969e-01 (987) 2
*194466: obj =   3.538637130e+10 inf =   6.887e-01 (1063) 1
*194588: obj =   3.538633409e+10 inf =   6.896e-01 (1024) 1
*194711: obj =   3.538632849e+10 inf =   6.890e-01 (954) 1
*194840: obj =   3.538631242e+10 inf =   6.877e-01 (973) 1
*194992: obj =   3.538631047e+10 inf =   6.868e-01 (987) 2
*195136: obj =   3.538630344e+10 inf =   6.864e-01 (931) 1
*195301: obj =   3.538617438e+10 inf =   6.831e-01 (890) 1
*195431: obj =   3.538616271e+10 inf =   6.829e-01 (868) 1
*195552: obj =   3.538614373e+10 inf =   6.844e-01 (869) 1
*195682: obj =   3.538613827e+10 inf =   6.846e-01 (850) 1
*195832: obj =   3.538612049e+10 inf =   6.823e-01 (850) 2
*195961: obj =   3.538611347e+10 inf =   6.823e-01 (859) 1
*196116: obj =   3.538610095e+10 inf =   6.808e-01 (832) 1
*196286: obj =   3.538609955e+10 inf =   6.799e-01 (795) 1
*196437: obj =   3.538598068e+10 inf =   6.770e-01 (833) 2
*196568: obj =   3.538595757e+10 inf =   6.765e-01 (798) 1
*196692: obj =   3.538585885e+10 inf =   6.773e-01 (798) 1
*196820: obj =   3.538574624e+10 inf =   6.769e-01 (824) 1
*196945: obj =   3.538574269e+10 inf =   6.770e-01 (780) 1
*197085: obj =   3.538573958e+10 inf =   6.767e-01 (757) 1
*197231: obj =   3.538572981e+10 inf =   6.752e-01 (784) 1
*197361: obj =   3.538572822e+10 inf =   6.746e-01 (728) 2
*197538: obj =   3.538563301e+10 inf =   6.690e-01 (819) 1
*197666: obj =   3.538554524e+10 inf =   6.699e-01 (823) 1
*197785: obj =   3.538553539e+10 inf =   6.707e-01 (796) 1
*197912: obj =   3.538551417e+10 inf =   6.717e-01 (808) 1
*198069: obj =   3.538550922e+10 inf =   6.711e-01 (752) 1
*198231: obj =   3.538544460e+10 inf =   6.687e-01 (733) 2
*198355: obj =   3.538542695e+10 inf =   6.702e-01 (717) 1
*198485: obj =   3.538538257e+10 inf =   6.710e-01 (703) 1
*198602: obj =   3.538537592e+10 inf =   6.719e-01 (747) 1
*198729: obj =   3.538536936e+10 inf =   6.722e-01 (645) 1
*198856: obj =   3.538536355e+10 inf =   6.721e-01 (632) 1
*198996: obj =   3.538535982e+10 inf =   6.717e-01 (658) 1
*199124: obj =   3.538535508e+10 inf =   6.716e-01 (669) 2
*199269: obj =   3.538530505e+10 inf =   6.700e-01 (648) 1
*199434: obj =   3.538509128e+10 inf =   6.668e-01 (685) 1
*199551: obj =   3.538507310e+10 inf =   6.702e-01 (628) 1
*199670: obj =   3.538504884e+10 inf =   6.747e-01 (576) 1
*199798: obj =   3.538497657e+10 inf =   6.738e-01 (592) 1
*199941: obj =   3.538497394e+10 inf =   6.730e-01 (676) 1
*200081: obj =   3.538496915e+10 inf =   6.740e-01 (612) 2
*200225: obj =   3.538492116e+10 inf =   6.749e-01 (580) 1
*200371: obj =   3.538490655e+10 inf =   6.761e-01 (547) 1
*200507: obj =   3.538482092e+10 inf =   6.755e-01 (512) 1
*200629: obj =   3.538471065e+10 inf =   6.756e-01 (550) 1
*200771: obj =   3.538468371e+10 inf =   6.759e-01 (559) 1
*200890: obj =   3.538467168e+10 inf =   6.791e-01 (577) 2
*201014: obj =   3.538466095e+10 inf =   6.802e-01 (507) 1
*201144: obj =   3.538465572e+10 inf =   6.800e-01 (533) 1
*201283: obj =   3.538465289e+10 inf =   6.798e-01 (515) 1
*201438: obj =   3.538464573e+10 inf =   6.783e-01 (514) 2
*201595: obj =   3.538463284e+10 inf =   6.767e-01 (581) 1
*201752: obj =   3.538461523e+10 inf =   6.752e-01 (504) 1
*201895: obj =   3.431997946e+10 inf =   6.720e-01 (1930) 1
*202033: obj =   3.431996250e+10 inf =   6.693e-01 (1899) 2
*202193: obj =   3.431992974e+10 inf =   6.680e-01 (1880) 1
*202338: obj =   3.431992173e+10 inf =   6.663e-01 (1806) 2
*202498: obj =   3.431991273e+10 inf =   6.642e-01 (1776) 1
*202650: obj =   3.431990987e+10 inf =   6.634e-01 (1677) 2
*202825: obj =   3.431990850e+10 inf =   6.624e-01 (1514) 1
*202986: obj =   3.431990801e+10 inf =   6.624e-01 (1389) 2
*203184: obj =   3.431990341e+10 inf =   6.616e-01 (1267)
*203377: obj =   3.431989880e+10 inf =   6.608e-01 (1189) 1
*203564: obj =   3.431989523e+10 inf =   6.602e-01 (1033) 1
*203761: obj =   3.431989269e+10 inf =   6.592e-01 (864)
*203937: obj =   3.431989178e+10 inf =   6.584e-01 (757) 2
*204123: obj =   3.431989010e+10 inf =   6.574e-01 (641) 1
*204308: obj =   3.431784205e+10 inf =   6.565e-01 (564) 1
*204483: obj =   3.431645848e+10 inf =   6.557e-01 (463) 1
*204657: obj =   3.431645767e+10 inf =   6.546e-01 (333) 1
*204831: obj =   3.431645722e+10 inf =   6.532e-01 (216) 1
*205016: obj =   3.431645703e+10 inf =   6.525e-01 (109) 1
*205200: obj =   3.431645697e+10 inf =   6.518e-01 (11) 1
Removing LP perturbation [205207]...
*205207: obj =   3.501369145e+10 inf =   0.000e+00 (0)
OPTIMAL LP SOLUTION FOUND
Integer optimization begins...
Long-step dual simplex will be used
+205207: mip =     not found yet >=              -inf        (1; 0)
+205207: >>>>>   3.501369145e+10 >=   3.501369145e+10   0.0% (1; 0)
+205207: mip =   3.501369145e+10 >=     tree is empty   0.0% (0; 1)
INTEGER OPTIMAL SOLUTION FOUND
Time used:   7047.8 secs
Memory used: 1062.8 Mb (1114386603 bytes)
Writing MIP solution to 'input/sx-superuser.html/sx-superuser-a2q.txt.gz.210.lp.sol'...
Objective:  obj = 3.501369145e+10 (MINimum)
