Version 1.2 launched as -e 0.1 12 input/amazon0505.html/amazon0505.txt.gz 4


Execution time and memory used at after reading from file: 1.292954e+04 seconds, 174284800 bytes of memory usage, 170236 kB of memory peak and 03:35:31 elapsed time
Statistics on the network after reading from file
	Number of nodes: 410236
	Number of allocated nodes: 410624
	Number of edges: 3356824
	Maximum in degree: 2760 (node 593)
	Maximum out degree: 10 (node 0)

Execution time and memory used at after adding costs: 1.292966e+04 seconds, 174284800 bytes of memory usage, 170236 kB of memory peak and 03:35:31 elapsed time
Statistics on the network after adding costs
	Number of nodes: 410236
	Number of allocated nodes: 410624
	Number of edges: 3356824
	Maximum in degree: 2760 (node 593)
	Maximum out degree: 10 (node 0)

Execution time and memory used at before starting main computation: 1.299918e+04 seconds, 186855424 bytes of memory usage, 188180 kB of memory peak and 03:36:41 elapsed time
Statistics on the network before starting main computation
	Number of nodes: 410236
	Number of allocated nodes: 410624
	Number of edges: 3356824
	Maximum in degree: 2760 (node 593)
	Maximum out degree: 10 (node 0)
	source 0 (node 0) with out degree 10
	target 193 (node 593) with in degree 2760

Execution time and memory used at after iteration 1 (MF = 0.383394): 5.052847e+04 seconds, 3143639040 bytes of memory usage, 4403916 kB of memory peak and 14:02:13 elapsed time
Statistics on the network after iteration 1 (MF = 0.383394)
	Number of nodes: 410236
	Number of allocated nodes: 410624
	Number of edges: 3356824
	Maximum in degree: 2760 (node 593)
	Maximum out degree: 10 (node 0)
	source 0 (node 0) with out degree 10
	target 193 (node 593) with in degree 2760

Execution time and memory used at after iteration 2 (MF = 0.512996): 5.076039e+04 seconds, 3143639040 bytes of memory usage, 4403944 kB of memory peak and 14:06:05 elapsed time
Statistics on the network after iteration 2 (MF = 0.512996)
	Number of nodes: 410236
	Number of allocated nodes: 410624
	Number of edges: 3356824
	Maximum in degree: 2760 (node 593)
	Maximum out degree: 10 (node 0)
	source 0 (node 0) with out degree 10
	target 193 (node 593) with in degree 2760

Execution time and memory used at after iteration 3 (MF = 0.512996): 5.102151e+04 seconds, 3143639040 bytes of memory usage, 4403956 kB of memory peak and 14:10:26 elapsed time
Statistics on the network after iteration 3 (MF = 0.512996)
	Number of nodes: 410236
	Number of allocated nodes: 410624
	Number of edges: 3356824
	Maximum in degree: 2760 (node 593)
	Maximum out degree: 10 (node 0)
	source 0 (node 0) with out degree 10
	target 193 (node 593) with in degree 2760

Execution time and memory used at after iteration 4 (MF = 0.656679): 5.154291e+04 seconds, 3143639040 bytes of memory usage, 4581056 kB of memory peak and 14:19:07 elapsed time
Statistics on the network after iteration 4 (MF = 0.656679)
	Number of nodes: 410236
	Number of allocated nodes: 410624
	Number of edges: 3356824
	Maximum in degree: 2760 (node 593)
	Maximum out degree: 10 (node 0)
	source 0 (node 0) with out degree 10
	target 193 (node 593) with in degree 2760

Execution time and memory used at after iteration 5 (MF = 0.546570): 5.190915e+04 seconds, 3169853440 bytes of memory usage, 4805604 kB of memory peak and 14:25:14 elapsed time
Statistics on the network after iteration 5 (MF = 0.546570)
	Number of nodes: 410236
	Number of allocated nodes: 410624
	Number of edges: 3356824
	Maximum in degree: 2760 (node 593)
	Maximum out degree: 10 (node 0)
	source 0 (node 0) with out degree 10
	target 193 (node 593) with in degree 2760

Execution time and memory used at after iteration 6 (MF = 0.546570): 5.226767e+04 seconds, 3169853440 bytes of memory usage, 4805604 kB of memory peak and 14:31:12 elapsed time
Statistics on the network after iteration 6 (MF = 0.546570)
	Number of nodes: 410236
	Number of allocated nodes: 410624
	Number of edges: 3356824
	Maximum in degree: 2760 (node 593)
	Maximum out degree: 10 (node 0)
	source 0 (node 0) with out degree 10
	target 193 (node 593) with in degree 2760
