	Command being timed: "/usr/app/src/glpk-5.0/examples/glpsol --lp input/com-DBLP.html/com-dblp.ungraph.txt.gz.22.lp -o input/com-DBLP.html/com-dblp.ungraph.txt.gz.22.lp.sol"
	User time (seconds): 5988.51
	System time (seconds): 30.37
	Percent of CPU this job got: 99%
	Elapsed (wall clock) time (h:mm:ss or m:ss): 1:40:19
	Average shared text size (kbytes): 0
	Average unshared data size (kbytes): 0
	Average stack size (kbytes): 0
	Average total size (kbytes): 0
	Maximum resident set size (kbytes): 2737824
	Average resident set size (kbytes): 0
	Major (requiring I/O) page faults: 9
	Minor (reclaiming a frame) page faults: 8588025
	Voluntary context switches: 106
	Involuntary context switches: 10786
	Swaps: 0
	File system inputs: 2712
	File system outputs: 540008
	Socket messages sent: 0
	Socket messages received: 0
	Signals delivered: 0
	Page size (bytes): 4096
	Exit status: 0
