Version 1.2 launched as -e 0.1 12 input/gemsec-Deezer.html/HU_edges.csv.gz 8


Execution time and memory used at after reading from file: 4.028000e+01 seconds, 27484160 bytes of memory usage, 26876 kB of memory peak and 00:40 elapsed time
Statistics on the network after reading from file
	Number of nodes: 47540
	Number of allocated nodes: 48128
	Number of edges: 222888
	Maximum in degree: 87 (node 7471)
	Maximum out degree: 96 (node 40491)

Execution time and memory used at after adding costs: 4.029000e+01 seconds, 27484160 bytes of memory usage, 26876 kB of memory peak and 00:40 elapsed time
Statistics on the network after adding costs
	Number of nodes: 47540
	Number of allocated nodes: 48128
	Number of edges: 222888
	Maximum in degree: 87 (node 7471)
	Maximum out degree: 96 (node 40491)

Execution time and memory used at before starting main computation: 4.033000e+01 seconds, 28024832 bytes of memory usage, 28072 kB of memory peak and 00:40 elapsed time
Statistics on the network before starting main computation
	Number of nodes: 47540
	Number of allocated nodes: 48128
	Number of edges: 222888
	Maximum in degree: 87 (node 7471)
	Maximum out degree: 96 (node 40491)
	source 1857 (node 40491) with out degree 96
	target 19047 (node 7471) with in degree 87

Execution time and memory used at after iteration 1 (MF = 24.754098): 2.907800e+02 seconds, 234201088 bytes of memory usage, 280316 kB of memory peak and 04:51 elapsed time
Statistics on the network after iteration 1 (MF = 24.754098)
	Number of nodes: 47540
	Number of allocated nodes: 48128
	Number of edges: 222888
	Maximum in degree: 87 (node 7471)
	Maximum out degree: 96 (node 40491)
	source 1857 (node 40491) with out degree 96
	target 19047 (node 7471) with in degree 87

Execution time and memory used at after iteration 2 (MF = 20.224044): 2.924200e+02 seconds, 234201088 bytes of memory usage, 280412 kB of memory peak and 04:52 elapsed time
Statistics on the network after iteration 2 (MF = 20.224044)
	Number of nodes: 47540
	Number of allocated nodes: 48128
	Number of edges: 222888
	Maximum in degree: 87 (node 7471)
	Maximum out degree: 96 (node 40491)
	source 1857 (node 40491) with out degree 96
	target 19047 (node 7471) with in degree 87

Execution time and memory used at after iteration 3 (MF = 19.540984): 2.957600e+02 seconds, 234201088 bytes of memory usage, 290120 kB of memory peak and 04:56 elapsed time
Statistics on the network after iteration 3 (MF = 19.540984)
	Number of nodes: 47540
	Number of allocated nodes: 48128
	Number of edges: 222888
	Maximum in degree: 87 (node 7471)
	Maximum out degree: 96 (node 40491)
	source 1857 (node 40491) with out degree 96
	target 19047 (node 7471) with in degree 87

Execution time and memory used at after iteration 4 (MF = 20.027322): 3.064000e+02 seconds, 234201088 bytes of memory usage, 300808 kB of memory peak and 05:06 elapsed time
Statistics on the network after iteration 4 (MF = 20.027322)
	Number of nodes: 47540
	Number of allocated nodes: 48128
	Number of edges: 222888
	Maximum in degree: 87 (node 7471)
	Maximum out degree: 96 (node 40491)
	source 1857 (node 40491) with out degree 96
	target 19047 (node 7471) with in degree 87

Execution time and memory used at after iteration 5 (MF = 19.497268): 3.144300e+02 seconds, 234201088 bytes of memory usage, 300952 kB of memory peak and 05:14 elapsed time
Statistics on the network after iteration 5 (MF = 19.497268)
	Number of nodes: 47540
	Number of allocated nodes: 48128
	Number of edges: 222888
	Maximum in degree: 87 (node 7471)
	Maximum out degree: 96 (node 40491)
	source 1857 (node 40491) with out degree 96
	target 19047 (node 7471) with in degree 87

Execution time and memory used at after iteration 6 (MF = 20.655738): 3.381100e+02 seconds, 234201088 bytes of memory usage, 311636 kB of memory peak and 05:38 elapsed time
Statistics on the network after iteration 6 (MF = 20.655738)
	Number of nodes: 47540
	Number of allocated nodes: 48128
	Number of edges: 222888
	Maximum in degree: 87 (node 7471)
	Maximum out degree: 96 (node 40491)
	source 1857 (node 40491) with out degree 96
	target 19047 (node 7471) with in degree 87

Execution time and memory used at after iteration 7 (MF = 21.825137): 3.881300e+02 seconds, 234201088 bytes of memory usage, 364552 kB of memory peak and 06:28 elapsed time
Statistics on the network after iteration 7 (MF = 21.825137)
	Number of nodes: 47540
	Number of allocated nodes: 48128
	Number of edges: 222888
	Maximum in degree: 87 (node 7471)
	Maximum out degree: 96 (node 40491)
	source 1857 (node 40491) with out degree 96
	target 19047 (node 7471) with in degree 87

Execution time and memory used at after iteration 8 (MF = 21.650273): 4.843100e+02 seconds, 234201088 bytes of memory usage, 364552 kB of memory peak and 08:04 elapsed time
Statistics on the network after iteration 8 (MF = 21.650273)
	Number of nodes: 47540
	Number of allocated nodes: 48128
	Number of edges: 222888
	Maximum in degree: 87 (node 7471)
	Maximum out degree: 96 (node 40491)
	source 1857 (node 40491) with out degree 96
	target 19047 (node 7471) with in degree 87

Execution time and memory used at after iteration 9 (MF = 22.054645): 7.154800e+02 seconds, 234201088 bytes of memory usage, 365088 kB of memory peak and 11:55 elapsed time
Statistics on the network after iteration 9 (MF = 22.054645)
	Number of nodes: 47540
	Number of allocated nodes: 48128
	Number of edges: 222888
	Maximum in degree: 87 (node 7471)
	Maximum out degree: 96 (node 40491)
	source 1857 (node 40491) with out degree 96
	target 19047 (node 7471) with in degree 87

Execution time and memory used at after iteration 10 (MF = 21.573770): 8.672100e+02 seconds, 234201088 bytes of memory usage, 375672 kB of memory peak and 14:27 elapsed time
Statistics on the network after iteration 10 (MF = 21.573770)
	Number of nodes: 47540
	Number of allocated nodes: 48128
	Number of edges: 222888
	Maximum in degree: 87 (node 7471)
	Maximum out degree: 96 (node 40491)
	source 1857 (node 40491) with out degree 96
	target 19047 (node 7471) with in degree 87

Execution time and memory used at after iteration 11 (MF = 21.016393): 1.132900e+03 seconds, 234201088 bytes of memory usage, 418252 kB of memory peak and 18:53 elapsed time
Statistics on the network after iteration 11 (MF = 21.016393)
	Number of nodes: 47540
	Number of allocated nodes: 48128
	Number of edges: 222888
	Maximum in degree: 87 (node 7471)
	Maximum out degree: 96 (node 40491)
	source 1857 (node 40491) with out degree 96
	target 19047 (node 7471) with in degree 87

Execution time and memory used at after iteration 12 (MF = 21.901639): 1.378350e+03 seconds, 268951552 bytes of memory usage, 418376 kB of memory peak and 22:58 elapsed time
Statistics on the network after iteration 12 (MF = 21.901639)
	Number of nodes: 47540
	Number of allocated nodes: 48128
	Number of edges: 222888
	Maximum in degree: 87 (node 7471)
	Maximum out degree: 96 (node 40491)
	source 1857 (node 40491) with out degree 96
	target 19047 (node 7471) with in degree 87

Execution time and memory used at after iteration 13 (MF = 20.857923): 1.650840e+03 seconds, 234201088 bytes of memory usage, 418376 kB of memory peak and 27:31 elapsed time
Statistics on the network after iteration 13 (MF = 20.857923)
	Number of nodes: 47540
	Number of allocated nodes: 48128
	Number of edges: 222888
	Maximum in degree: 87 (node 7471)
	Maximum out degree: 96 (node 40491)
	source 1857 (node 40491) with out degree 96
	target 19047 (node 7471) with in degree 87

Execution time and memory used at after iteration 14 (MF = 22.803279): 1.973460e+03 seconds, 267055104 bytes of memory usage, 418376 kB of memory peak and 32:53 elapsed time
Statistics on the network after iteration 14 (MF = 22.803279)
	Number of nodes: 47540
	Number of allocated nodes: 48128
	Number of edges: 222888
	Maximum in degree: 87 (node 7471)
	Maximum out degree: 96 (node 40491)
	source 1857 (node 40491) with out degree 96
	target 19047 (node 7471) with in degree 87

Execution time and memory used at after iteration 15 (MF = 20.098361): 2.301500e+03 seconds, 266981376 bytes of memory usage, 418376 kB of memory peak and 38:21 elapsed time
Statistics on the network after iteration 15 (MF = 20.098361)
	Number of nodes: 47540
	Number of allocated nodes: 48128
	Number of edges: 222888
	Maximum in degree: 87 (node 7471)
	Maximum out degree: 96 (node 40491)
	source 1857 (node 40491) with out degree 96
	target 19047 (node 7471) with in degree 87

Execution time and memory used at after iteration 16 (MF = 22.224044): 2.920200e+03 seconds, 266981376 bytes of memory usage, 429712 kB of memory peak and 48:40 elapsed time
Statistics on the network after iteration 16 (MF = 22.224044)
	Number of nodes: 47540
	Number of allocated nodes: 48128
	Number of edges: 222888
	Maximum in degree: 87 (node 7471)
	Maximum out degree: 96 (node 40491)
	source 1857 (node 40491) with out degree 96
	target 19047 (node 7471) with in degree 87

Execution time and memory used at after iteration 17 (MF = 22.163934): 3.405070e+03 seconds, 266981376 bytes of memory usage, 440276 kB of memory peak and 56:45 elapsed time
Statistics on the network after iteration 17 (MF = 22.163934)
	Number of nodes: 47540
	Number of allocated nodes: 48128
	Number of edges: 222888
	Maximum in degree: 87 (node 7471)
	Maximum out degree: 96 (node 40491)
	source 1857 (node 40491) with out degree 96
	target 19047 (node 7471) with in degree 87

Execution time and memory used at after iteration 18 (MF = 20.978142): 4.014050e+03 seconds, 268541952 bytes of memory usage, 440276 kB of memory peak and 01:06:54 elapsed time
Statistics on the network after iteration 18 (MF = 20.978142)
	Number of nodes: 47540
	Number of allocated nodes: 48128
	Number of edges: 222888
	Maximum in degree: 87 (node 7471)
	Maximum out degree: 96 (node 40491)
	source 1857 (node 40491) with out degree 96
	target 19047 (node 7471) with in degree 87

Execution time and memory used at after iteration 19 (MF = 20.333333): 4.244240e+03 seconds, 268541952 bytes of memory usage, 440276 kB of memory peak and 01:10:44 elapsed time
Statistics on the network after iteration 19 (MF = 20.333333)
	Number of nodes: 47540
	Number of allocated nodes: 48128
	Number of edges: 222888
	Maximum in degree: 87 (node 7471)
	Maximum out degree: 96 (node 40491)
	source 1857 (node 40491) with out degree 96
	target 19047 (node 7471) with in degree 87

Execution time and memory used at after iteration 20 (MF = 22.530055): 4.595330e+03 seconds, 268541952 bytes of memory usage, 440276 kB of memory peak and 01:16:35 elapsed time
Statistics on the network after iteration 20 (MF = 22.530055)
	Number of nodes: 47540
	Number of allocated nodes: 48128
	Number of edges: 222888
	Maximum in degree: 87 (node 7471)
	Maximum out degree: 96 (node 40491)
	source 1857 (node 40491) with out degree 96
	target 19047 (node 7471) with in degree 87

Execution time and memory used at after iteration 21 (MF = 22.524590): 4.989760e+03 seconds, 386363392 bytes of memory usage, 461624 kB of memory peak and 01:23:10 elapsed time
Statistics on the network after iteration 21 (MF = 22.524590)
	Number of nodes: 47540
	Number of allocated nodes: 48128
	Number of edges: 222888
	Maximum in degree: 87 (node 7471)
	Maximum out degree: 96 (node 40491)
	source 1857 (node 40491) with out degree 96
	target 19047 (node 7471) with in degree 87

Execution time and memory used at after iteration 22 (MF = 21.262295): 5.699670e+03 seconds, 386363392 bytes of memory usage, 525340 kB of memory peak and 01:35:00 elapsed time
Statistics on the network after iteration 22 (MF = 21.262295)
	Number of nodes: 47540
	Number of allocated nodes: 48128
	Number of edges: 222888
	Maximum in degree: 87 (node 7471)
	Maximum out degree: 96 (node 40491)
	source 1857 (node 40491) with out degree 96
	target 19047 (node 7471) with in degree 87

Execution time and memory used at after iteration 23 (MF = 22.278689): 6.365940e+03 seconds, 268541952 bytes of memory usage, 525340 kB of memory peak and 01:46:06 elapsed time
Statistics on the network after iteration 23 (MF = 22.278689)
	Number of nodes: 47540
	Number of allocated nodes: 48128
	Number of edges: 222888
	Maximum in degree: 87 (node 7471)
	Maximum out degree: 96 (node 40491)
	source 1857 (node 40491) with out degree 96
	target 19047 (node 7471) with in degree 87

Execution time and memory used at after iteration 24 (MF = 22.568306): 7.258860e+03 seconds, 268541952 bytes of memory usage, 525340 kB of memory peak and 02:00:59 elapsed time
Statistics on the network after iteration 24 (MF = 22.568306)
	Number of nodes: 47540
	Number of allocated nodes: 48128
	Number of edges: 222888
	Maximum in degree: 87 (node 7471)
	Maximum out degree: 96 (node 40491)
	source 1857 (node 40491) with out degree 96
	target 19047 (node 7471) with in degree 87

Execution time and memory used at after iteration 25 (MF = 21.661202): 8.208350e+03 seconds, 268541952 bytes of memory usage, 525340 kB of memory peak and 02:16:49 elapsed time
Statistics on the network after iteration 25 (MF = 21.661202)
	Number of nodes: 47540
	Number of allocated nodes: 48128
	Number of edges: 222888
	Maximum in degree: 87 (node 7471)
	Maximum out degree: 96 (node 40491)
	source 1857 (node 40491) with out degree 96
	target 19047 (node 7471) with in degree 87

Execution time and memory used at after iteration 26 (MF = 22.284153): 9.326570e+03 seconds, 268541952 bytes of memory usage, 525340 kB of memory peak and 02:35:27 elapsed time
Statistics on the network after iteration 26 (MF = 22.284153)
	Number of nodes: 47540
	Number of allocated nodes: 48128
	Number of edges: 222888
	Maximum in degree: 87 (node 7471)
	Maximum out degree: 96 (node 40491)
	source 1857 (node 40491) with out degree 96
	target 19047 (node 7471) with in degree 87

Execution time and memory used at after iteration 27 (MF = 21.158470): 1.028542e+04 seconds, 268541952 bytes of memory usage, 525340 kB of memory peak and 02:51:26 elapsed time
Statistics on the network after iteration 27 (MF = 21.158470)
	Number of nodes: 47540
	Number of allocated nodes: 48128
	Number of edges: 222888
	Maximum in degree: 87 (node 7471)
	Maximum out degree: 96 (node 40491)
	source 1857 (node 40491) with out degree 96
	target 19047 (node 7471) with in degree 87

Execution time and memory used at after iteration 28 (MF = 21.497268): 1.131228e+04 seconds, 268541952 bytes of memory usage, 525340 kB of memory peak and 03:08:33 elapsed time
Statistics on the network after iteration 28 (MF = 21.497268)
	Number of nodes: 47540
	Number of allocated nodes: 48128
	Number of edges: 222888
	Maximum in degree: 87 (node 7471)
	Maximum out degree: 96 (node 40491)
	source 1857 (node 40491) with out degree 96
	target 19047 (node 7471) with in degree 87

Execution time and memory used at after iteration 29 (MF = 20.387978): 1.244793e+04 seconds, 268541952 bytes of memory usage, 525340 kB of memory peak and 03:27:29 elapsed time
Statistics on the network after iteration 29 (MF = 20.387978)
	Number of nodes: 47540
	Number of allocated nodes: 48128
	Number of edges: 222888
	Maximum in degree: 87 (node 7471)
	Maximum out degree: 96 (node 40491)
	source 1857 (node 40491) with out degree 96
	target 19047 (node 7471) with in degree 87

Execution time and memory used at after iteration 30 (MF = 22.672131): 1.371571e+04 seconds, 268541952 bytes of memory usage, 525340 kB of memory peak and 03:48:36 elapsed time
Statistics on the network after iteration 30 (MF = 22.672131)
	Number of nodes: 47540
	Number of allocated nodes: 48128
	Number of edges: 222888
	Maximum in degree: 87 (node 7471)
	Maximum out degree: 96 (node 40491)
	source 1857 (node 40491) with out degree 96
	target 19047 (node 7471) with in degree 87

Execution time and memory used at after iteration 31 (MF = 22.568306): 1.513914e+04 seconds, 279818240 bytes of memory usage, 525340 kB of memory peak and 04:12:20 elapsed time
Statistics on the network after iteration 31 (MF = 22.568306)
	Number of nodes: 47540
	Number of allocated nodes: 48128
	Number of edges: 222888
	Maximum in degree: 87 (node 7471)
	Maximum out degree: 96 (node 40491)
	source 1857 (node 40491) with out degree 96
	target 19047 (node 7471) with in degree 87

Execution time and memory used at after iteration 32 (MF = 22.923497): 1.659975e+04 seconds, 279818240 bytes of memory usage, 525340 kB of memory peak and 04:36:41 elapsed time
Statistics on the network after iteration 32 (MF = 22.923497)
	Number of nodes: 47540
	Number of allocated nodes: 48128
	Number of edges: 222888
	Maximum in degree: 87 (node 7471)
	Maximum out degree: 96 (node 40491)
	source 1857 (node 40491) with out degree 96
	target 19047 (node 7471) with in degree 87

Execution time and memory used at after iteration 33 (MF = 21.879781): 1.795788e+04 seconds, 279818240 bytes of memory usage, 525340 kB of memory peak and 04:59:19 elapsed time
Statistics on the network after iteration 33 (MF = 21.879781)
	Number of nodes: 47540
	Number of allocated nodes: 48128
	Number of edges: 222888
	Maximum in degree: 87 (node 7471)
	Maximum out degree: 96 (node 40491)
	source 1857 (node 40491) with out degree 96
	target 19047 (node 7471) with in degree 87

Execution time and memory used at after iteration 34 (MF = 22.491803): 1.933965e+04 seconds, 279818240 bytes of memory usage, 525340 kB of memory peak and 05:22:21 elapsed time
Statistics on the network after iteration 34 (MF = 22.491803)
	Number of nodes: 47540
	Number of allocated nodes: 48128
	Number of edges: 222888
	Maximum in degree: 87 (node 7471)
	Maximum out degree: 96 (node 40491)
	source 1857 (node 40491) with out degree 96
	target 19047 (node 7471) with in degree 87

Execution time and memory used at after iteration 35 (MF = 22.224044): 2.069168e+04 seconds, 279818240 bytes of memory usage, 525340 kB of memory peak and 05:44:53 elapsed time
Statistics on the network after iteration 35 (MF = 22.224044)
	Number of nodes: 47540
	Number of allocated nodes: 48128
	Number of edges: 222888
	Maximum in degree: 87 (node 7471)
	Maximum out degree: 96 (node 40491)
	source 1857 (node 40491) with out degree 96
	target 19047 (node 7471) with in degree 87

Execution time and memory used at after iteration 36 (MF = 22.486339): 2.222375e+04 seconds, 279818240 bytes of memory usage, 525340 kB of memory peak and 06:10:25 elapsed time
Statistics on the network after iteration 36 (MF = 22.486339)
	Number of nodes: 47540
	Number of allocated nodes: 48128
	Number of edges: 222888
	Maximum in degree: 87 (node 7471)
	Maximum out degree: 96 (node 40491)
	source 1857 (node 40491) with out degree 96
	target 19047 (node 7471) with in degree 87

Execution time and memory used at after iteration 37 (MF = 21.989071): 2.378293e+04 seconds, 279883776 bytes of memory usage, 525340 kB of memory peak and 06:36:24 elapsed time
Statistics on the network after iteration 37 (MF = 21.989071)
	Number of nodes: 47540
	Number of allocated nodes: 48128
	Number of edges: 222888
	Maximum in degree: 87 (node 7471)
	Maximum out degree: 96 (node 40491)
	source 1857 (node 40491) with out degree 96
	target 19047 (node 7471) with in degree 87

Execution time and memory used at after iteration 38 (MF = 22.606557): 2.530965e+04 seconds, 279982080 bytes of memory usage, 525340 kB of memory peak and 07:01:51 elapsed time
Statistics on the network after iteration 38 (MF = 22.606557)
	Number of nodes: 47540
	Number of allocated nodes: 48128
	Number of edges: 222888
	Maximum in degree: 87 (node 7471)
	Maximum out degree: 96 (node 40491)
	source 1857 (node 40491) with out degree 96
	target 19047 (node 7471) with in degree 87

Execution time and memory used at after iteration 39 (MF = 22.109290): 2.699836e+04 seconds, 291385344 bytes of memory usage, 525340 kB of memory peak and 07:30:00 elapsed time
Statistics on the network after iteration 39 (MF = 22.109290)
	Number of nodes: 47540
	Number of allocated nodes: 48128
	Number of edges: 222888
	Maximum in degree: 87 (node 7471)
	Maximum out degree: 96 (node 40491)
	source 1857 (node 40491) with out degree 96
	target 19047 (node 7471) with in degree 87

Execution time and memory used at after iteration 40 (MF = 20.775956): 2.889527e+04 seconds, 291385344 bytes of memory usage, 525340 kB of memory peak and 08:01:37 elapsed time
Statistics on the network after iteration 40 (MF = 20.775956)
	Number of nodes: 47540
	Number of allocated nodes: 48128
	Number of edges: 222888
	Maximum in degree: 87 (node 7471)
	Maximum out degree: 96 (node 40491)
	source 1857 (node 40491) with out degree 96
	target 19047 (node 7471) with in degree 87

Execution time and memory used at after iteration 41 (MF = 22.349727): 3.078642e+04 seconds, 291385344 bytes of memory usage, 525340 kB of memory peak and 08:33:08 elapsed time
Statistics on the network after iteration 41 (MF = 22.349727)
	Number of nodes: 47540
	Number of allocated nodes: 48128
	Number of edges: 222888
	Maximum in degree: 87 (node 7471)
	Maximum out degree: 96 (node 40491)
	source 1857 (node 40491) with out degree 96
	target 19047 (node 7471) with in degree 87

Execution time and memory used at after iteration 42 (MF = 21.950820): 3.279882e+04 seconds, 291385344 bytes of memory usage, 525340 kB of memory peak and 09:06:41 elapsed time
Statistics on the network after iteration 42 (MF = 21.950820)
	Number of nodes: 47540
	Number of allocated nodes: 48128
	Number of edges: 222888
	Maximum in degree: 87 (node 7471)
	Maximum out degree: 96 (node 40491)
	source 1857 (node 40491) with out degree 96
	target 19047 (node 7471) with in degree 87

Execution time and memory used at after iteration 43 (MF = 22.306011): 3.493944e+04 seconds, 302026752 bytes of memory usage, 525340 kB of memory peak and 09:42:22 elapsed time
Statistics on the network after iteration 43 (MF = 22.306011)
	Number of nodes: 47540
	Number of allocated nodes: 48128
	Number of edges: 222888
	Maximum in degree: 87 (node 7471)
	Maximum out degree: 96 (node 40491)
	source 1857 (node 40491) with out degree 96
	target 19047 (node 7471) with in degree 87

Execution time and memory used at after iteration 44 (MF = 21.830601): 3.734058e+04 seconds, 551907328 bytes of memory usage, 614172 kB of memory peak and 10:22:23 elapsed time
Statistics on the network after iteration 44 (MF = 21.830601)
	Number of nodes: 47540
	Number of allocated nodes: 48128
	Number of edges: 222888
	Maximum in degree: 87 (node 7471)
	Maximum out degree: 96 (node 40491)
	source 1857 (node 40491) with out degree 96
	target 19047 (node 7471) with in degree 87

Execution time and memory used at after iteration 45 (MF = 21.934426): 4.033727e+04 seconds, 551907328 bytes of memory usage, 614172 kB of memory peak and 11:12:20 elapsed time
Statistics on the network after iteration 45 (MF = 21.934426)
	Number of nodes: 47540
	Number of allocated nodes: 48128
	Number of edges: 222888
	Maximum in degree: 87 (node 7471)
	Maximum out degree: 96 (node 40491)
	source 1857 (node 40491) with out degree 96
	target 19047 (node 7471) with in degree 87

Execution time and memory used at after iteration 46 (MF = 22.000000): 4.337236e+04 seconds, 551907328 bytes of memory usage, 614172 kB of memory peak and 12:02:55 elapsed time
Statistics on the network after iteration 46 (MF = 22.000000)
	Number of nodes: 47540
	Number of allocated nodes: 48128
	Number of edges: 222888
	Maximum in degree: 87 (node 7471)
	Maximum out degree: 96 (node 40491)
	source 1857 (node 40491) with out degree 96
	target 19047 (node 7471) with in degree 87

Execution time and memory used at after iteration 47 (MF = 22.420765): 4.663842e+04 seconds, 551907328 bytes of memory usage, 614172 kB of memory peak and 12:57:21 elapsed time
Statistics on the network after iteration 47 (MF = 22.420765)
	Number of nodes: 47540
	Number of allocated nodes: 48128
	Number of edges: 222888
	Maximum in degree: 87 (node 7471)
	Maximum out degree: 96 (node 40491)
	source 1857 (node 40491) with out degree 96
	target 19047 (node 7471) with in degree 87

Execution time and memory used at after iteration 48 (MF = 21.497268): 4.945544e+04 seconds, 551907328 bytes of memory usage, 614172 kB of memory peak and 13:44:18 elapsed time
Statistics on the network after iteration 48 (MF = 21.497268)
	Number of nodes: 47540
	Number of allocated nodes: 48128
	Number of edges: 222888
	Maximum in degree: 87 (node 7471)
	Maximum out degree: 96 (node 40491)
	source 1857 (node 40491) with out degree 96
	target 19047 (node 7471) with in degree 87

Execution time and memory used at after iteration 49 (MF = 22.076503): 5.245596e+04 seconds, 551907328 bytes of memory usage, 614172 kB of memory peak and 14:34:19 elapsed time
Statistics on the network after iteration 49 (MF = 22.076503)
	Number of nodes: 47540
	Number of allocated nodes: 48128
	Number of edges: 222888
	Maximum in degree: 87 (node 7471)
	Maximum out degree: 96 (node 40491)
	source 1857 (node 40491) with out degree 96
	target 19047 (node 7471) with in degree 87

Execution time and memory used at after iteration 50 (MF = 21.710383): 5.553069e+04 seconds, 551907328 bytes of memory usage, 614172 kB of memory peak and 15:25:34 elapsed time
Statistics on the network after iteration 50 (MF = 21.710383)
	Number of nodes: 47540
	Number of allocated nodes: 48128
	Number of edges: 222888
	Maximum in degree: 87 (node 7471)
	Maximum out degree: 96 (node 40491)
	source 1857 (node 40491) with out degree 96
	target 19047 (node 7471) with in degree 87

Execution time and memory used at after iteration 51 (MF = 21.956284): 5.878545e+04 seconds, 551907328 bytes of memory usage, 614172 kB of memory peak and 16:19:49 elapsed time
Statistics on the network after iteration 51 (MF = 21.956284)
	Number of nodes: 47540
	Number of allocated nodes: 48128
	Number of edges: 222888
	Maximum in degree: 87 (node 7471)
	Maximum out degree: 96 (node 40491)
	source 1857 (node 40491) with out degree 96
	target 19047 (node 7471) with in degree 87

Execution time and memory used at after iteration 52 (MF = 20.693989): 6.138924e+04 seconds, 551907328 bytes of memory usage, 614172 kB of memory peak and 17:03:12 elapsed time
Statistics on the network after iteration 52 (MF = 20.693989)
	Number of nodes: 47540
	Number of allocated nodes: 48128
	Number of edges: 222888
	Maximum in degree: 87 (node 7471)
	Maximum out degree: 96 (node 40491)
	source 1857 (node 40491) with out degree 96
	target 19047 (node 7471) with in degree 87

Execution time and memory used at after iteration 53 (MF = 22.480874): 6.347171e+04 seconds, 551907328 bytes of memory usage, 614172 kB of memory peak and 17:37:55 elapsed time
Statistics on the network after iteration 53 (MF = 22.480874)
	Number of nodes: 47540
	Number of allocated nodes: 48128
	Number of edges: 222888
	Maximum in degree: 87 (node 7471)
	Maximum out degree: 96 (node 40491)
	source 1857 (node 40491) with out degree 96
	target 19047 (node 7471) with in degree 87

Execution time and memory used at after iteration 54 (MF = 21.595628): 6.647999e+04 seconds, 551907328 bytes of memory usage, 614172 kB of memory peak and 18:28:03 elapsed time
Statistics on the network after iteration 54 (MF = 21.595628)
	Number of nodes: 47540
	Number of allocated nodes: 48128
	Number of edges: 222888
	Maximum in degree: 87 (node 7471)
	Maximum out degree: 96 (node 40491)
	source 1857 (node 40491) with out degree 96
	target 19047 (node 7471) with in degree 87

Execution time and memory used at after iteration 55 (MF = 20.928962): 6.935064e+04 seconds, 551907328 bytes of memory usage, 614172 kB of memory peak and 19:15:54 elapsed time
Statistics on the network after iteration 55 (MF = 20.928962)
	Number of nodes: 47540
	Number of allocated nodes: 48128
	Number of edges: 222888
	Maximum in degree: 87 (node 7471)
	Maximum out degree: 96 (node 40491)
	source 1857 (node 40491) with out degree 96
	target 19047 (node 7471) with in degree 87

Execution time and memory used at after iteration 56 (MF = 21.393443): 7.417503e+04 seconds, 551907328 bytes of memory usage, 627120 kB of memory peak and 20:36:18 elapsed time
Statistics on the network after iteration 56 (MF = 21.393443)
	Number of nodes: 47540
	Number of allocated nodes: 48128
	Number of edges: 222888
	Maximum in degree: 87 (node 7471)
	Maximum out degree: 96 (node 40491)
	source 1857 (node 40491) with out degree 96
	target 19047 (node 7471) with in degree 87

Execution time and memory used at after iteration 57 (MF = 22.557377): 7.901819e+04 seconds, 551907328 bytes of memory usage, 627120 kB of memory peak and 21:57:02 elapsed time
Statistics on the network after iteration 57 (MF = 22.557377)
	Number of nodes: 47540
	Number of allocated nodes: 48128
	Number of edges: 222888
	Maximum in degree: 87 (node 7471)
	Maximum out degree: 96 (node 40491)
	source 1857 (node 40491) with out degree 96
	target 19047 (node 7471) with in degree 87

Execution time and memory used at after iteration 58 (MF = 22.448087): 8.397830e+04 seconds, 551907328 bytes of memory usage, 627120 kB of memory peak and 23:19:42 elapsed time
Statistics on the network after iteration 58 (MF = 22.448087)
	Number of nodes: 47540
	Number of allocated nodes: 48128
	Number of edges: 222888
	Maximum in degree: 87 (node 7471)
	Maximum out degree: 96 (node 40491)
	source 1857 (node 40491) with out degree 96
	target 19047 (node 7471) with in degree 87

Execution time and memory used at after iteration 59 (MF = 21.480874): 8.934702e+04 seconds, 551907328 bytes of memory usage, 627120 kB of memory peak and 1-00:49:11 elapsed time
Statistics on the network after iteration 59 (MF = 21.480874)
	Number of nodes: 47540
	Number of allocated nodes: 48128
	Number of edges: 222888
	Maximum in degree: 87 (node 7471)
	Maximum out degree: 96 (node 40491)
	source 1857 (node 40491) with out degree 96
	target 19047 (node 7471) with in degree 87

Execution time and memory used at after iteration 60 (MF = 22.393443): 9.460878e+04 seconds, 551907328 bytes of memory usage, 627120 kB of memory peak and 1-02:16:52 elapsed time
Statistics on the network after iteration 60 (MF = 22.393443)
	Number of nodes: 47540
	Number of allocated nodes: 48128
	Number of edges: 222888
	Maximum in degree: 87 (node 7471)
	Maximum out degree: 96 (node 40491)
	source 1857 (node 40491) with out degree 96
	target 19047 (node 7471) with in degree 87

Execution time and memory used at after iteration 61 (MF = 22.415301): 9.982246e+04 seconds, 551907328 bytes of memory usage, 627120 kB of memory peak and 1-03:43:46 elapsed time
Statistics on the network after iteration 61 (MF = 22.415301)
	Number of nodes: 47540
	Number of allocated nodes: 48128
	Number of edges: 222888
	Maximum in degree: 87 (node 7471)
	Maximum out degree: 96 (node 40491)
	source 1857 (node 40491) with out degree 96
	target 19047 (node 7471) with in degree 87

Execution time and memory used at after iteration 62 (MF = 21.797814): 1.049851e+05 seconds, 551907328 bytes of memory usage, 627120 kB of memory peak and 1-05:09:49 elapsed time
Statistics on the network after iteration 62 (MF = 21.797814)
	Number of nodes: 47540
	Number of allocated nodes: 48128
	Number of edges: 222888
	Maximum in degree: 87 (node 7471)
	Maximum out degree: 96 (node 40491)
	source 1857 (node 40491) with out degree 96
	target 19047 (node 7471) with in degree 87

Execution time and memory used at after iteration 63 (MF = 21.825137): 1.107119e+05 seconds, 551907328 bytes of memory usage, 628044 kB of memory peak and 1-06:45:15 elapsed time
Statistics on the network after iteration 63 (MF = 21.825137)
	Number of nodes: 47540
	Number of allocated nodes: 48128
	Number of edges: 222888
	Maximum in degree: 87 (node 7471)
	Maximum out degree: 96 (node 40491)
	source 1857 (node 40491) with out degree 96
	target 19047 (node 7471) with in degree 87

Execution time and memory used at after iteration 64 (MF = 22.704918): 1.168623e+05 seconds, 551907328 bytes of memory usage, 628628 kB of memory peak and 1-08:27:46 elapsed time
Statistics on the network after iteration 64 (MF = 22.704918)
	Number of nodes: 47540
	Number of allocated nodes: 48128
	Number of edges: 222888
	Maximum in degree: 87 (node 7471)
	Maximum out degree: 96 (node 40491)
	source 1857 (node 40491) with out degree 96
	target 19047 (node 7471) with in degree 87

Execution time and memory used at after iteration 65 (MF = 22.890710): 1.234771e+05 seconds, 551907328 bytes of memory usage, 639488 kB of memory peak and 1-10:18:01 elapsed time
Statistics on the network after iteration 65 (MF = 22.890710)
	Number of nodes: 47540
	Number of allocated nodes: 48128
	Number of edges: 222888
	Maximum in degree: 87 (node 7471)
	Maximum out degree: 96 (node 40491)
	source 1857 (node 40491) with out degree 96
	target 19047 (node 7471) with in degree 87

Execution time and memory used at after iteration 66 (MF = 22.568306): 1.302305e+05 seconds, 551907328 bytes of memory usage, 639624 kB of memory peak and 1-12:10:34 elapsed time
Statistics on the network after iteration 66 (MF = 22.568306)
	Number of nodes: 47540
	Number of allocated nodes: 48128
	Number of edges: 222888
	Maximum in degree: 87 (node 7471)
	Maximum out degree: 96 (node 40491)
	source 1857 (node 40491) with out degree 96
	target 19047 (node 7471) with in degree 87

Execution time and memory used at after iteration 67 (MF = 22.540984): 1.370191e+05 seconds, 551907328 bytes of memory usage, 660524 kB of memory peak and 1-14:03:43 elapsed time
Statistics on the network after iteration 67 (MF = 22.540984)
	Number of nodes: 47540
	Number of allocated nodes: 48128
	Number of edges: 222888
	Maximum in degree: 87 (node 7471)
	Maximum out degree: 96 (node 40491)
	source 1857 (node 40491) with out degree 96
	target 19047 (node 7471) with in degree 87

Execution time and memory used at after iteration 68 (MF = 22.841530): 1.440062e+05 seconds, 551907328 bytes of memory usage, 660524 kB of memory peak and 1-16:00:10 elapsed time
Statistics on the network after iteration 68 (MF = 22.841530)
	Number of nodes: 47540
	Number of allocated nodes: 48128
	Number of edges: 222888
	Maximum in degree: 87 (node 7471)
	Maximum out degree: 96 (node 40491)
	source 1857 (node 40491) with out degree 96
	target 19047 (node 7471) with in degree 87

Execution time and memory used at after iteration 69 (MF = 23.005464): 1.508890e+05 seconds, 551907328 bytes of memory usage, 660524 kB of memory peak and 1-17:54:53 elapsed time
Statistics on the network after iteration 69 (MF = 23.005464)
	Number of nodes: 47540
	Number of allocated nodes: 48128
	Number of edges: 222888
	Maximum in degree: 87 (node 7471)
	Maximum out degree: 96 (node 40491)
	source 1857 (node 40491) with out degree 96
	target 19047 (node 7471) with in degree 87

Execution time and memory used at after iteration 70 (MF = 22.218579): 1.579897e+05 seconds, 551907328 bytes of memory usage, 660524 kB of memory peak and 1-19:53:13 elapsed time
Statistics on the network after iteration 70 (MF = 22.218579)
	Number of nodes: 47540
	Number of allocated nodes: 48128
	Number of edges: 222888
	Maximum in degree: 87 (node 7471)
	Maximum out degree: 96 (node 40491)
	source 1857 (node 40491) with out degree 96
	target 19047 (node 7471) with in degree 87

Execution time and memory used at after iteration 71 (MF = 22.000000): 1.650233e+05 seconds, 551907328 bytes of memory usage, 660524 kB of memory peak and 1-21:50:27 elapsed time
Statistics on the network after iteration 71 (MF = 22.000000)
	Number of nodes: 47540
	Number of allocated nodes: 48128
	Number of edges: 222888
	Maximum in degree: 87 (node 7471)
	Maximum out degree: 96 (node 40491)
	source 1857 (node 40491) with out degree 96
	target 19047 (node 7471) with in degree 87

Execution time and memory used at after iteration 72 (MF = 22.907104): 1.721372e+05 seconds, 551907328 bytes of memory usage, 660524 kB of memory peak and 1-23:49:01 elapsed time
Statistics on the network after iteration 72 (MF = 22.907104)
	Number of nodes: 47540
	Number of allocated nodes: 48128
	Number of edges: 222888
	Maximum in degree: 87 (node 7471)
	Maximum out degree: 96 (node 40491)
	source 1857 (node 40491) with out degree 96
	target 19047 (node 7471) with in degree 87

Execution time and memory used at after iteration 73 (MF = 22.448087): 1.793630e+05 seconds, 551907328 bytes of memory usage, 749428 kB of memory peak and 2-01:49:27 elapsed time
Statistics on the network after iteration 73 (MF = 22.448087)
	Number of nodes: 47540
	Number of allocated nodes: 48128
	Number of edges: 222888
	Maximum in degree: 87 (node 7471)
	Maximum out degree: 96 (node 40491)
	source 1857 (node 40491) with out degree 96
	target 19047 (node 7471) with in degree 87

Execution time and memory used at after iteration 74 (MF = 22.683060): 1.867874e+05 seconds, 551907328 bytes of memory usage, 749524 kB of memory peak and 2-03:53:11 elapsed time
Statistics on the network after iteration 74 (MF = 22.683060)
	Number of nodes: 47540
	Number of allocated nodes: 48128
	Number of edges: 222888
	Maximum in degree: 87 (node 7471)
	Maximum out degree: 96 (node 40491)
	source 1857 (node 40491) with out degree 96
	target 19047 (node 7471) with in degree 87

Execution time and memory used at after iteration 75 (MF = 23.185792): 1.943641e+05 seconds, 551907328 bytes of memory usage, 749828 kB of memory peak and 2-05:59:28 elapsed time
Statistics on the network after iteration 75 (MF = 23.185792)
	Number of nodes: 47540
	Number of allocated nodes: 48128
	Number of edges: 222888
	Maximum in degree: 87 (node 7471)
	Maximum out degree: 96 (node 40491)
	source 1857 (node 40491) with out degree 96
	target 19047 (node 7471) with in degree 87

Execution time and memory used at after iteration 76 (MF = 22.628415): 2.021073e+05 seconds, 551907328 bytes of memory usage, 750088 kB of memory peak and 2-08:08:31 elapsed time
Statistics on the network after iteration 76 (MF = 22.628415)
	Number of nodes: 47540
	Number of allocated nodes: 48128
	Number of edges: 222888
	Maximum in degree: 87 (node 7471)
	Maximum out degree: 96 (node 40491)
	source 1857 (node 40491) with out degree 96
	target 19047 (node 7471) with in degree 87

Execution time and memory used at after iteration 77 (MF = 22.316940): 2.095600e+05 seconds, 551907328 bytes of memory usage, 750088 kB of memory peak and 2-10:12:44 elapsed time
Statistics on the network after iteration 77 (MF = 22.316940)
	Number of nodes: 47540
	Number of allocated nodes: 48128
	Number of edges: 222888
	Maximum in degree: 87 (node 7471)
	Maximum out degree: 96 (node 40491)
	source 1857 (node 40491) with out degree 96
	target 19047 (node 7471) with in degree 87

Execution time and memory used at after iteration 78 (MF = 22.486339): 2.174081e+05 seconds, 551907328 bytes of memory usage, 750088 kB of memory peak and 2-12:23:33 elapsed time
Statistics on the network after iteration 78 (MF = 22.486339)
	Number of nodes: 47540
	Number of allocated nodes: 48128
	Number of edges: 222888
	Maximum in degree: 87 (node 7471)
	Maximum out degree: 96 (node 40491)
	source 1857 (node 40491) with out degree 96
	target 19047 (node 7471) with in degree 87

Execution time and memory used at after iteration 79 (MF = 22.830601): 2.254105e+05 seconds, 551907328 bytes of memory usage, 750088 kB of memory peak and 2-14:36:55 elapsed time
Statistics on the network after iteration 79 (MF = 22.830601)
	Number of nodes: 47540
	Number of allocated nodes: 48128
	Number of edges: 222888
	Maximum in degree: 87 (node 7471)
	Maximum out degree: 96 (node 40491)
	source 1857 (node 40491) with out degree 96
	target 19047 (node 7471) with in degree 87

Execution time and memory used at after iteration 80 (MF = 21.994536): 2.336124e+05 seconds, 551907328 bytes of memory usage, 750088 kB of memory peak and 2-16:53:37 elapsed time
Statistics on the network after iteration 80 (MF = 21.994536)
	Number of nodes: 47540
	Number of allocated nodes: 48128
	Number of edges: 222888
	Maximum in degree: 87 (node 7471)
	Maximum out degree: 96 (node 40491)
	source 1857 (node 40491) with out degree 96
	target 19047 (node 7471) with in degree 87

Execution time and memory used at after iteration 81 (MF = 21.901639): 2.400163e+05 seconds, 551907328 bytes of memory usage, 750088 kB of memory peak and 2-18:40:21 elapsed time
Statistics on the network after iteration 81 (MF = 21.901639)
	Number of nodes: 47540
	Number of allocated nodes: 48128
	Number of edges: 222888
	Maximum in degree: 87 (node 7471)
	Maximum out degree: 96 (node 40491)
	source 1857 (node 40491) with out degree 96
	target 19047 (node 7471) with in degree 87

Execution time and memory used at after iteration 82 (MF = 20.579235): 2.464942e+05 seconds, 551907328 bytes of memory usage, 750088 kB of memory peak and 2-20:28:19 elapsed time
Statistics on the network after iteration 82 (MF = 20.579235)
	Number of nodes: 47540
	Number of allocated nodes: 48128
	Number of edges: 222888
	Maximum in degree: 87 (node 7471)
	Maximum out degree: 96 (node 40491)
	source 1857 (node 40491) with out degree 96
	target 19047 (node 7471) with in degree 87

Execution time and memory used at after iteration 83 (MF = 22.371585): 2.520466e+05 seconds, 551907328 bytes of memory usage, 750088 kB of memory peak and 2-22:00:52 elapsed time
Statistics on the network after iteration 83 (MF = 22.371585)
	Number of nodes: 47540
	Number of allocated nodes: 48128
	Number of edges: 222888
	Maximum in degree: 87 (node 7471)
	Maximum out degree: 96 (node 40491)
	source 1857 (node 40491) with out degree 96
	target 19047 (node 7471) with in degree 87

Execution time and memory used at after iteration 84 (MF = 22.491803): 2.589309e+05 seconds, 551907328 bytes of memory usage, 750088 kB of memory peak and 2-23:55:36 elapsed time
Statistics on the network after iteration 84 (MF = 22.491803)
	Number of nodes: 47540
	Number of allocated nodes: 48128
	Number of edges: 222888
	Maximum in degree: 87 (node 7471)
	Maximum out degree: 96 (node 40491)
	source 1857 (node 40491) with out degree 96
	target 19047 (node 7471) with in degree 87

Execution time and memory used at after iteration 85 (MF = 21.273224): 2.656824e+05 seconds, 551907328 bytes of memory usage, 750088 kB of memory peak and 3-01:48:08 elapsed time
Statistics on the network after iteration 85 (MF = 21.273224)
	Number of nodes: 47540
	Number of allocated nodes: 48128
	Number of edges: 222888
	Maximum in degree: 87 (node 7471)
	Maximum out degree: 96 (node 40491)
	source 1857 (node 40491) with out degree 96
	target 19047 (node 7471) with in degree 87

Execution time and memory used at after iteration 86 (MF = 22.349727): 2.723861e+05 seconds, 551907328 bytes of memory usage, 750088 kB of memory peak and 3-03:39:52 elapsed time
Statistics on the network after iteration 86 (MF = 22.349727)
	Number of nodes: 47540
	Number of allocated nodes: 48128
	Number of edges: 222888
	Maximum in degree: 87 (node 7471)
	Maximum out degree: 96 (node 40491)
	source 1857 (node 40491) with out degree 96
	target 19047 (node 7471) with in degree 87

Execution time and memory used at after iteration 87 (MF = 23.021858): 2.791392e+05 seconds, 551907328 bytes of memory usage, 750088 kB of memory peak and 3-05:32:25 elapsed time
Statistics on the network after iteration 87 (MF = 23.021858)
	Number of nodes: 47540
	Number of allocated nodes: 48128
	Number of edges: 222888
	Maximum in degree: 87 (node 7471)
	Maximum out degree: 96 (node 40491)
	source 1857 (node 40491) with out degree 96
	target 19047 (node 7471) with in degree 87

Execution time and memory used at after iteration 88 (MF = 22.551913): 2.860695e+05 seconds, 551907328 bytes of memory usage, 750088 kB of memory peak and 3-07:27:56 elapsed time
Statistics on the network after iteration 88 (MF = 22.551913)
	Number of nodes: 47540
	Number of allocated nodes: 48128
	Number of edges: 222888
	Maximum in degree: 87 (node 7471)
	Maximum out degree: 96 (node 40491)
	source 1857 (node 40491) with out degree 96
	target 19047 (node 7471) with in degree 87

Execution time and memory used at after iteration 89 (MF = 21.704918): 2.927494e+05 seconds, 551907328 bytes of memory usage, 750088 kB of memory peak and 3-09:19:16 elapsed time
Statistics on the network after iteration 89 (MF = 21.704918)
	Number of nodes: 47540
	Number of allocated nodes: 48128
	Number of edges: 222888
	Maximum in degree: 87 (node 7471)
	Maximum out degree: 96 (node 40491)
	source 1857 (node 40491) with out degree 96
	target 19047 (node 7471) with in degree 87

Execution time and memory used at after iteration 90 (MF = 22.814208): 2.996001e+05 seconds, 551907328 bytes of memory usage, 750088 kB of memory peak and 3-11:13:27 elapsed time
Statistics on the network after iteration 90 (MF = 22.814208)
	Number of nodes: 47540
	Number of allocated nodes: 48128
	Number of edges: 222888
	Maximum in degree: 87 (node 7471)
	Maximum out degree: 96 (node 40491)
	source 1857 (node 40491) with out degree 96
	target 19047 (node 7471) with in degree 87

Execution time and memory used at after iteration 91 (MF = 22.551913): 3.090792e+05 seconds, 551907328 bytes of memory usage, 750088 kB of memory peak and 3-13:51:26 elapsed time
Statistics on the network after iteration 91 (MF = 22.551913)
	Number of nodes: 47540
	Number of allocated nodes: 48128
	Number of edges: 222888
	Maximum in degree: 87 (node 7471)
	Maximum out degree: 96 (node 40491)
	source 1857 (node 40491) with out degree 96
	target 19047 (node 7471) with in degree 87

Execution time and memory used at after iteration 92 (MF = 22.218579): 3.188917e+05 seconds, 551907328 bytes of memory usage, 750088 kB of memory peak and 3-16:34:59 elapsed time
Statistics on the network after iteration 92 (MF = 22.218579)
	Number of nodes: 47540
	Number of allocated nodes: 48128
	Number of edges: 222888
	Maximum in degree: 87 (node 7471)
	Maximum out degree: 96 (node 40491)
	source 1857 (node 40491) with out degree 96
	target 19047 (node 7471) with in degree 87

Execution time and memory used at after iteration 93 (MF = 22.382514): 3.286354e+05 seconds, 551907328 bytes of memory usage, 750088 kB of memory peak and 3-19:17:23 elapsed time
Statistics on the network after iteration 93 (MF = 22.382514)
	Number of nodes: 47540
	Number of allocated nodes: 48128
	Number of edges: 222888
	Maximum in degree: 87 (node 7471)
	Maximum out degree: 96 (node 40491)
	source 1857 (node 40491) with out degree 96
	target 19047 (node 7471) with in degree 87

Execution time and memory used at after iteration 94 (MF = 22.437158): 3.384699e+05 seconds, 551907328 bytes of memory usage, 750088 kB of memory peak and 3-22:01:18 elapsed time
Statistics on the network after iteration 94 (MF = 22.437158)
	Number of nodes: 47540
	Number of allocated nodes: 48128
	Number of edges: 222888
	Maximum in degree: 87 (node 7471)
	Maximum out degree: 96 (node 40491)
	source 1857 (node 40491) with out degree 96
	target 19047 (node 7471) with in degree 87
