	Command being timed: "/usr/app/src/main 5 input/sx-askubuntu.html/sx-askubuntu-c2a.txt.gz 0"
	User time (seconds): 619.18
	System time (seconds): 0.10
	Percent of CPU this job got: 99%
	Elapsed (wall clock) time (h:mm:ss or m:ss): 10:19.30
	Average shared text size (kbytes): 0
	Average unshared data size (kbytes): 0
	Average stack size (kbytes): 0
	Average total size (kbytes): 0
	Maximum resident set size (kbytes): 22104
	Average resident set size (kbytes): 0
	Major (requiring I/O) page faults: 0
	Minor (reclaiming a frame) page faults: 39186
	Voluntary context switches: 114
	Involuntary context switches: 642
	Swaps: 0
	File system inputs: 0
	File system outputs: 68088
	Socket messages sent: 0
	Socket messages received: 0
	Signals delivered: 0
	Page size (bytes): 4096
	Exit status: 0
