GLPSOL--GLPK LP/MIP Solver 5.0
Parameter(s) specified in the command line:
 --lp input/sx-askubuntu.html/sx-askubuntu-c2a.txt.gz.864.lp.reach_chain_detours.lp
 -o input/sx-askubuntu.html/sx-askubuntu-c2a.txt.gz.864.lp.reach_chain_detours.lp.sol
Reading problem data from 'input/sx-askubuntu.html/sx-askubuntu-c2a.txt.gz.864.lp.reach_chain_detours.lp'...
63720 rows, 134934 columns, 318587 non-zeros
134934 integer variables, all of which are binary
198659 lines were read
GLPK Integer Optimizer 5.0
63720 rows, 134934 columns, 318587 non-zeros
134934 integer variables, all of which are binary
Preprocessing...
1 hidden packing inequaliti(es) were detected
63470 rows, 134684 columns, 316028 non-zeros
134684 integer variables, all of which are binary
Scaling...
 A: min|aij| =  1.000e+00  max|aij| =  1.000e+00  ratio =  1.000e+00
Problem data seem to be well scaled
Constructing initial basis...
Size of triangular part is 63470
Solving LP relaxation...
GLPK Simplex Optimizer 5.0
63470 rows, 134684 columns, 316028 non-zeros
      0: obj =   0.000000000e+00 inf =   8.720e+02 (872)
    872: obj =   1.181997659e+12 inf =   0.000e+00 (0)
Perturbing LP to avoid stalling [1071]...
*  2628: obj =   1.179083583e+12 inf =   0.000e+00 (1810) 7
*  3840: obj =   1.179083583e+12 inf =   0.000e+00 (1834) 11
*  4908: obj =   1.179083583e+12 inf =   0.000e+00 (1869) 10
*  5895: obj =   1.179083583e+12 inf =   0.000e+00 (1923) 10
*  6823: obj =   1.179083583e+12 inf =   0.000e+00 (1962) 8
*  7714: obj =   1.179083583e+12 inf =   0.000e+00 (1985) 8
*  8578: obj =   1.179083583e+12 inf =   0.000e+00 (2015) 8
*  9419: obj =   1.179083583e+12 inf =   0.000e+00 (2047) 8
* 10243: obj =   1.179083583e+12 inf =   0.000e+00 (2082) 8
* 11057: obj =   1.179083583e+12 inf =   0.000e+00 (2140) 7
* 11854: obj =   1.179083583e+12 inf =   0.000e+00 (2159) 8
* 12645: obj =   1.179083583e+12 inf =   0.000e+00 (2184) 7
* 13429: obj =   1.179083583e+12 inf =   0.000e+00 (2221) 7
* 14205: obj =   1.179083583e+12 inf =   0.000e+00 (2237) 8
* 14981: obj =   1.179083583e+12 inf =   0.000e+00 (2259) 7
* 15756: obj =   1.179083583e+12 inf =   0.000e+00 (2297) 7
* 16534: obj =   1.179083583e+12 inf =   0.000e+00 (2310) 7
* 17274: obj =   9.246998670e+11 inf =   1.746e-14 (7636) 8
* 17751: obj =   9.246998572e+11 inf =   5.740e-04 (7589) 4
* 18186: obj =   9.246997235e+11 inf =   7.700e-03 (7537) 5
* 18689: obj =   9.246996159e+11 inf =   1.254e-02 (7462) 5
* 19192: obj =   9.246995210e+11 inf =   1.673e-02 (7384) 4
* 19633: obj =   9.246994182e+11 inf =   1.976e-02 (7358) 5
* 20096: obj =   9.246991286e+11 inf =   3.315e-02 (7324) 4
* 20507: obj =   9.246990307e+11 inf =   3.666e-02 (7273) 5
* 20990: obj =   9.246989517e+11 inf =   3.854e-02 (7197) 4
* 21417: obj =   9.246987015e+11 inf =   4.783e-02 (7147) 5
* 21875: obj =   9.246986058e+11 inf =   5.125e-02 (7139) 4
* 22327: obj =   9.246984973e+11 inf =   5.301e-02 (7107) 5
* 22789: obj =   9.246984200e+11 inf =   5.471e-02 (7044) 4
* 23236: obj =   9.246983180e+11 inf =   5.611e-02 (6987) 5
* 23700: obj =   9.246980360e+11 inf =   5.912e-02 (6956) 4
* 24147: obj =   9.246978821e+11 inf =   6.249e-02 (6905) 5
* 24616: obj =   9.246978320e+11 inf =   6.270e-02 (6828) 4
* 25054: obj =   9.233268699e+11 inf =   6.521e-02 (6817) 4
* 25461: obj =   9.233266456e+11 inf =   7.019e-02 (6827) 5
* 25892: obj =   9.233265867e+11 inf =   7.227e-02 (6782) 4
* 26321: obj =   9.233263741e+11 inf =   7.916e-02 (6749) 4
* 26765: obj =   9.233263413e+11 inf =   7.944e-02 (6683) 4
* 27181: obj =   9.233262245e+11 inf =   8.114e-02 (6653) 5
* 27619: obj =   9.233261681e+11 inf =   8.175e-02 (6612) 4
* 28025: obj =   9.233259805e+11 inf =   8.574e-02 (6614) 4
* 28437: obj =   9.233257844e+11 inf =   8.762e-02 (6643) 4
* 28878: obj =   9.233257304e+11 inf =   8.736e-02 (6600) 4
* 29304: obj =   9.233255796e+11 inf =   8.929e-02 (6582) 5
* 29708: obj =   9.233252804e+11 inf =   9.256e-02 (6641) 4
* 30113: obj =   9.233250425e+11 inf =   9.911e-02 (6589) 4
* 30545: obj =   9.233249810e+11 inf =   9.945e-02 (6571) 4
* 30988: obj =   9.233248891e+11 inf =   9.670e-02 (6519) 4
* 31389: obj =   9.233247811e+11 inf =   9.688e-02 (6506) 4
* 31815: obj =   9.233246164e+11 inf =   9.786e-02 (6450) 4
* 32223: obj =   9.233244622e+11 inf =   9.997e-02 (6452) 4
* 32640: obj =   9.224451590e+11 inf =   9.891e-02 (6408) 5
* 33045: obj =   9.224449418e+11 inf =   9.903e-02 (6381) 4
* 33449: obj =   9.184806605e+11 inf =   1.007e-01 (6373) 4
* 33864: obj =   9.158319046e+11 inf =   1.000e-01 (6400) 4
* 34268: obj =   9.158317399e+11 inf =   1.011e-01 (6437) 4
* 34682: obj =   9.153059551e+11 inf =   9.908e-02 (6412) 4
* 35079: obj =   9.153057888e+11 inf =   9.630e-02 (6411) 4
* 35484: obj =   9.144300292e+11 inf =   9.568e-02 (6413) 4
* 35887: obj =   9.144298839e+11 inf =   9.528e-02 (6384) 4
* 36291: obj =   9.144298364e+11 inf =   9.632e-02 (6357) 4
* 36700: obj =   9.144297608e+11 inf =   9.415e-02 (6317) 4
* 37101: obj =   9.144295908e+11 inf =   9.319e-02 (6337) 4
* 37514: obj =   9.057869398e+11 inf =   9.262e-02 (6307) 4
* 37923: obj =   9.057868978e+11 inf =   9.124e-02 (6275) 4
* 38324: obj =   9.057866548e+11 inf =   8.840e-02 (6267) 4
* 38732: obj =   9.057865589e+11 inf =   8.743e-02 (6288) 4
* 39139: obj =   9.057864194e+11 inf =   9.002e-02 (6261) 4
* 39543: obj =   9.045167312e+11 inf =   9.646e-02 (6218) 4
* 39954: obj =   9.045166191e+11 inf =   9.428e-02 (6146) 4
* 40358: obj =   9.045165574e+11 inf =   9.180e-02 (6148) 4
* 40757: obj =   8.984269536e+11 inf =   8.756e-02 (6114) 4
* 41166: obj =   8.965608080e+11 inf =   8.343e-02 (6142) 4
* 41574: obj =   8.965606874e+11 inf =   7.970e-02 (6112) 4
* 41975: obj =   8.965605689e+11 inf =   7.535e-02 (6053) 4
* 42380: obj =   8.965604263e+11 inf =   7.774e-02 (6064) 4
* 42784: obj =   8.965603078e+11 inf =   8.132e-02 (6082) 4
* 43189: obj =   8.965602504e+11 inf =   8.062e-02 (6057) 4
* 43594: obj =   8.943145059e+11 inf =   8.015e-02 (6042) 4
* 44006: obj =   8.920432403e+11 inf =   7.850e-02 (6068) 4
* 44411: obj =   8.911630372e+11 inf =   7.621e-02 (6031) 4
* 44819: obj =   8.882298887e+11 inf =   7.442e-02 (6031) 4
* 45224: obj =   8.845940117e+11 inf =   7.222e-02 (5979) 4
* 45629: obj =   8.826643945e+11 inf =   7.238e-02 (5998) 4
* 46036: obj =   8.823477604e+11 inf =   7.052e-02 (6020) 4
* 46441: obj =   8.807480125e+11 inf =   6.832e-02 (5970) 4
* 46856: obj =   8.754046637e+11 inf =   6.586e-02 (5975) 4
* 47260: obj =   8.754045769e+11 inf =   6.422e-02 (5953) 4
* 47664: obj =   8.731815710e+11 inf =   6.461e-02 (5934) 4
* 48072: obj =   8.719571375e+11 inf =   6.164e-02 (5952) 4
* 48476: obj =   8.719570566e+11 inf =   6.135e-02 (5955) 4
* 48895: obj =   8.655855406e+11 inf =   6.091e-02 (6000) 4
* 49302: obj =   8.635606847e+11 inf =   5.824e-02 (5981) 4
* 49708: obj =   8.635606398e+11 inf =   5.520e-02 (5957) 4
* 50117: obj =   8.620890575e+11 inf =   5.343e-02 (5916) 4
* 50521: obj =   8.609438109e+11 inf =   5.192e-02 (5954) 4
* 50929: obj =   8.554270742e+11 inf =   5.203e-02 (5996) 4
* 51336: obj =   8.541579545e+11 inf =   5.171e-02 (5930) 4
* 51745: obj =   8.523870931e+11 inf =   5.140e-02 (5904) 4
* 52149: obj =   8.519310266e+11 inf =   5.044e-02 (5904) 4
* 52553: obj =   8.519309894e+11 inf =   4.903e-02 (5891) 4
* 52968: obj =   8.237249777e+11 inf =   4.802e-02 (5782) 4
* 53373: obj =   8.165127752e+11 inf =   4.902e-02 (5756) 4
* 53782: obj =   8.019309552e+11 inf =   4.891e-02 (5697) 4
* 54190: obj =   7.867979407e+11 inf =   4.872e-02 (5652) 4
* 54595: obj =   7.867979112e+11 inf =   4.943e-02 (5628) 4
* 55009: obj =   7.589077176e+11 inf =   4.991e-02 (5616) 4
* 55413: obj =   7.589076405e+11 inf =   5.083e-02 (5587) 4
* 55836: obj =   6.879921559e+11 inf =   5.118e-02 (5528) 4
* 56252: obj =   6.356549943e+11 inf =   5.329e-02 (5532) 4
* 56656: obj =   6.356549384e+11 inf =   5.601e-02 (5452) 4
* 57061: obj =   6.324455481e+11 inf =   5.623e-02 (5433) 4
* 57466: obj =   6.324454448e+11 inf =   6.111e-02 (5428) 4
* 57872: obj =   6.285927286e+11 inf =   6.238e-02 (5413) 4
* 58284: obj =   6.009335601e+11 inf =   6.227e-02 (5344) 4
* 58699: obj =   5.578023839e+11 inf =   6.313e-02 (5301) 3
* 59038: obj =   5.578023362e+11 inf =   6.555e-02 (5290) 4
* 59409: obj =   5.578023002e+11 inf =   6.734e-02 (5256) 4
* 59831: obj =   4.739282873e+11 inf =   6.758e-02 (5120) 3
* 60175: obj =   4.241845089e+11 inf =   6.924e-02 (5072) 4
* 60552: obj =   4.241844206e+11 inf =   7.358e-02 (5043) 4
* 60958: obj =   4.241843646e+11 inf =   7.666e-02 (5035) 4
* 61364: obj =   4.241843388e+11 inf =   7.880e-02 (5025) 4
* 61775: obj =   4.065222062e+11 inf =   8.041e-02 (4977) 4
* 62179: obj =   4.065221708e+11 inf =   8.122e-02 (5023) 4
* 62586: obj =   4.065220906e+11 inf =   8.210e-02 (4993) 4
* 62990: obj =   4.050057589e+11 inf =   8.219e-02 (4993) 4
* 63394: obj =   4.050056600e+11 inf =   8.268e-02 (4988) 4
* 63846: obj =   3.985807406e+11 inf =   8.278e-02 (5072) 4
* 64556: obj =   3.985757456e+11 inf =   7.372e-02 (5028) 6
* 65227: obj =   3.985741410e+11 inf =   6.043e-02 (4952) 7
* 65889: obj =   3.985726136e+11 inf =   4.705e-02 (4921) 6
* 66684: obj =   3.507305313e+11 inf =   5.982e-02 (4718) 7
* 67655: obj =   3.071208071e+11 inf =   6.268e-02 (7822) 10
* 68535: obj =   3.060071400e+11 inf =   6.058e-02 (4686) 8
* 69479: obj =   2.427105478e+11 inf =   6.250e-02 (6531) 8
* 70372: obj =   2.416116759e+11 inf =   6.169e-02 (4642) 9
* 71148: obj =   2.415314905e+11 inf =   6.454e-02 (4614) 7
* 71802: obj =   2.415312433e+11 inf =   6.693e-02 (4618) 6
* 72456: obj =   2.415311535e+11 inf =   6.782e-02 (4718) 6
* 73134: obj =   2.415309639e+11 inf =   7.323e-02 (4690) 6
* 73842: obj =   2.415308509e+11 inf =   7.688e-02 (4655) 6
* 74527: obj =   2.415307132e+11 inf =   8.316e-02 (4638) 7
* 75188: obj =   2.404951995e+11 inf =   9.059e-02 (4566) 6
* 75846: obj =   2.404947112e+11 inf =   7.661e-02 (4493) 6
* 76512: obj =   2.404943136e+11 inf =   7.514e-02 (4400) 7
* 77412: obj =   1.867669060e+11 inf =   8.451e-02 (5923) 8
* 78379: obj =   1.699085915e+11 inf =   8.652e-02 (5745) 8
* 79401: obj =   1.687838370e+11 inf =   8.586e-02 (4257) 10
* 80265: obj =   1.504863986e+11 inf =   8.921e-02 (5449) 8
* 81343: obj =   1.375647455e+11 inf =   8.961e-02 (5213) 10
* 82349: obj =   9.274234832e+10 inf =   8.928e-02 (3985) 9
* 83367: obj =   2.560461101e+10 inf =   8.827e-02 (4392) 9
* 84420: obj =   1.022324282e+10 inf =   8.614e-02 (4328) 9
* 85541: obj =   1.022309971e+10 inf =   8.130e-02 (4293) 10
* 86620: obj =   8.941465006e+09 inf =   7.583e-02 (3797) 10
* 87699: obj =   6.378325278e+09 inf =   7.268e-02 (3064) 10
* 88858: obj =   6.377707541e+09 inf =   6.930e-02 (2489) 10
* 90056: obj =   6.377508900e+09 inf =   6.723e-02 (1977) 9
* 91132: obj =   6.377384559e+09 inf =   6.531e-02 (1719) 8
* 92127: obj =   6.377267875e+09 inf =   6.631e-02 (1565) 8
* 92958: obj =   6.377093193e+09 inf =   7.117e-02 (1380) 7
* 93784: obj =   6.376811275e+09 inf =   7.798e-02 (1248) 7
* 94612: obj =   6.376500164e+09 inf =   8.669e-02 (1140) 7
* 95417: obj =   6.376208245e+09 inf =   9.108e-02 (1045) 8
* 96249: obj =   6.375645356e+09 inf =   9.064e-02 (992) 7
* 97065: obj =   6.375130014e+09 inf =   8.636e-02 (912) 7
* 97890: obj =   6.374580561e+09 inf =   8.248e-02 (864) 8
* 98737: obj =   6.374127105e+09 inf =   7.839e-02 (724) 8
* 99542: obj =   4.288796192e+09 inf =   7.292e-02 (63790) 7
Removing LP perturbation [99686]...
* 99686: obj =   0.000000000e+00 inf =   0.000e+00 (0) 2
OPTIMAL LP SOLUTION FOUND
Integer optimization begins...
Long-step dual simplex will be used
+ 99686: mip =     not found yet >=              -inf        (1; 0)
+ 99686: mip =     not found yet >=   0.000000000e+00        (2; 0)
Time used: 107.6 secs.  Memory used: 137.8 Mb.
Solution found by heuristic: 0
+ 99700: mip =   0.000000000e+00 >=     tree is empty   0.0% (0; 3)
INTEGER OPTIMAL SOLUTION FOUND
Time used:   985.5 secs
Memory used: 171.2 Mb (179465078 bytes)
Writing MIP solution to 'input/sx-askubuntu.html/sx-askubuntu-c2a.txt.gz.864.lp.reach_chain_detours.lp.sol'...
Objective:  obj = 0 (MINimum)
