GLPSOL--GLPK LP/MIP Solver 5.0
Parameter(s) specified in the command line:
 --lp input/p2p-Gnutella31.html/p2p-Gnutella31.txt.gz.6.lp -o input/p2p-Gnutella31.html/p2p-Gnutella31.txt.gz.6.lp.sol
Reading problem data from 'input/p2p-Gnutella31.html/p2p-Gnutella31.txt.gz.6.lp'...
147895 rows, 358370 columns, 739462 non-zeros
358370 integer variables, all of which are binary
506270 lines were read
GLPK Integer Optimizer 5.0
147895 rows, 358370 columns, 739462 non-zeros
358370 integer variables, all of which are binary
Preprocessing...
147874 rows, 358348 columns, 739238 non-zeros
358348 integer variables, all of which are binary
Scaling...
 A: min|aij| =  1.000e+00  max|aij| =  1.000e+00  ratio =  1.000e+00
Problem data seem to be well scaled
Constructing initial basis...
Size of triangular part is 147874
Solving LP relaxation...
GLPK Simplex Optimizer 5.0
147874 rows, 358348 columns, 739238 non-zeros
      0: obj =   0.000000000e+00 inf =   6.800e+01 (68)
     68: obj =   3.911644400e+01 inf =   0.000e+00 (0)
Perturbing LP to avoid stalling [275]...
*   801: obj =   3.379452600e+01 inf =   0.000e+00 (342) 2
*  1405: obj =   3.379452600e+01 inf =   0.000e+00 (494) 4
*  1975: obj =   3.379452600e+01 inf =   0.000e+00 (556) 4
*  2516: obj =   3.379452600e+01 inf =   0.000e+00 (634) 3
*  3026: obj =   3.379452600e+01 inf =   0.000e+00 (677) 4
*  3527: obj =   3.379452600e+01 inf =   0.000e+00 (755) 4
*  4008: obj =   3.379452600e+01 inf =   0.000e+00 (797) 3
*  4479: obj =   3.379452600e+01 inf =   0.000e+00 (896) 3
*  4930: obj =   3.379452600e+01 inf =   0.000e+00 (929) 4
*  5376: obj =   3.379452600e+01 inf =   0.000e+00 (1002) 3
*  5807: obj =   3.379452600e+01 inf =   0.000e+00 (1041) 3
*  6225: obj =   3.379452600e+01 inf =   0.000e+00 (1091) 4
*  6639: obj =   3.379452600e+01 inf =   0.000e+00 (1161) 3
*  7039: obj =   3.379452600e+01 inf =   0.000e+00 (1181) 3
*  7440: obj =   3.379452600e+01 inf =   0.000e+00 (1231) 3
*  7826: obj =   3.379452600e+01 inf =   0.000e+00 (1252) 3
*  8206: obj =   3.379452600e+01 inf =   0.000e+00 (1324) 3
*  8580: obj =   3.379452600e+01 inf =   0.000e+00 (1355) 4
*  8944: obj =   3.379452600e+01 inf =   0.000e+00 (1379) 3
*  9309: obj =   3.379452600e+01 inf =   0.000e+00 (1457) 3
*  9667: obj =   3.379452600e+01 inf =   0.000e+00 (1487) 3
* 10014: obj =   3.379452600e+01 inf =   0.000e+00 (1469) 3
* 10366: obj =   3.379452600e+01 inf =   0.000e+00 (1496) 3
* 10710: obj =   3.379452600e+01 inf =   0.000e+00 (1544) 3
* 11043: obj =   3.379452600e+01 inf =   0.000e+00 (1600) 3
* 11383: obj =   3.379452600e+01 inf =   0.000e+00 (1675) 3
* 11713: obj =   3.379452600e+01 inf =   0.000e+00 (1732) 3
* 12039: obj =   3.379452600e+01 inf =   0.000e+00 (1737) 2
* 12368: obj =   3.379452600e+01 inf =   0.000e+00 (1796) 3
* 12687: obj =   3.379452600e+01 inf =   0.000e+00 (1827) 3
* 12999: obj =   3.379452600e+01 inf =   0.000e+00 (1802) 3
* 13316: obj =   3.379452600e+01 inf =   0.000e+00 (1930) 3
* 13627: obj =   3.379452600e+01 inf =   0.000e+00 (1924) 3
* 13934: obj =   3.379452600e+01 inf =   0.000e+00 (1950) 2
* 14240: obj =   3.379452600e+01 inf =   0.000e+00 (1957) 3
* 14545: obj =   3.379452600e+01 inf =   0.000e+00 (1966) 3
* 14843: obj =   3.379452600e+01 inf =   0.000e+00 (1992) 3
* 15139: obj =   3.379452600e+01 inf =   0.000e+00 (2012) 3
* 15442: obj =   3.379452600e+01 inf =   0.000e+00 (2098) 2
* 15734: obj =   3.379452600e+01 inf =   0.000e+00 (2098) 3
* 16022: obj =   3.379452600e+01 inf =   0.000e+00 (2104) 3
* 16409: obj =   1.804109893e+01 inf =   3.414e-05 (4456) 3
* 16856: obj =   1.589040882e+01 inf =   3.707e-03 (1760) 4
* 17179: obj =   1.589040177e+01 inf =   8.091e-03 (1875) 3
* 17541: obj =   1.589039001e+01 inf =   1.072e-02 (1740) 4
* 17966: obj =   1.513694519e+01 inf =   1.768e-02 (1746) 4
* 18343: obj =   1.513692824e+01 inf =   3.046e-02 (1688) 4
* 18739: obj =   1.409582452e+01 inf =   2.855e-02 (1658) 4
* 19192: obj =   1.242458609e+01 inf =   2.098e-02 (1487) 4
* 19645: obj =   1.117800522e+01 inf =   2.236e-02 (1464) 4
* 20032: obj =   1.049307204e+01 inf =   2.169e-02 (1517) 4
* 20471: obj =   1.032867433e+01 inf =   2.146e-02 (1262) 5
* 20882: obj =   9.719080468e+00 inf =   2.279e-02 (1201) 3
* 21307: obj =   9.424555158e+00 inf =   2.256e-02 (1111) 5
* 21793: obj =   8.828661876e+00 inf =   2.209e-02 (1018) 4
* 22296: obj =   8.684823463e+00 inf =   2.015e-02 (744) 5
* 22778: obj =   8.527287868e+00 inf =   2.013e-02 (574) 5
* 23281: obj =   8.499890262e+00 inf =   1.927e-02 (411) 5
Removing LP perturbation [23800]...
* 23800: obj =   8.486305000e+00 inf =   0.000e+00 (0) 5
OPTIMAL LP SOLUTION FOUND
Integer optimization begins...
Long-step dual simplex will be used
+ 23800: mip =     not found yet >=              -inf        (1; 0)
+ 23800: >>>>>   8.486305000e+00 >=   8.486305000e+00   0.0% (1; 0)
+ 23800: mip =   8.486305000e+00 >=     tree is empty   0.0% (0; 1)
INTEGER OPTIMAL SOLUTION FOUND
Time used:   296.8 secs
Memory used: 403.8 Mb (423391634 bytes)
Writing MIP solution to 'input/p2p-Gnutella31.html/p2p-Gnutella31.txt.gz.6.lp.sol'...
Objective:  obj = 8.486305 (MINimum)
