Version 1.2 launched as -e 0.1 12 input/amazon0601.html/amazon0601.txt.gz 1


Execution time and memory used at after reading from file: 1.318866e+04 seconds, 174370816 bytes of memory usage, 170320 kB of memory peak and 03:39:50 elapsed time
Statistics on the network after reading from file
	Number of nodes: 403394
	Number of allocated nodes: 403456
	Number of edges: 3387388
	Maximum in degree: 2751 (node 1041)
	Maximum out degree: 10 (node 0)

Execution time and memory used at after adding costs: 1.318878e+04 seconds, 174370816 bytes of memory usage, 170320 kB of memory peak and 03:39:50 elapsed time
Statistics on the network after adding costs
	Number of nodes: 403394
	Number of allocated nodes: 403456
	Number of edges: 3387388
	Maximum in degree: 2751 (node 1041)
	Maximum out degree: 10 (node 0)

Execution time and memory used at before starting main computation: 1.325820e+04 seconds, 187076608 bytes of memory usage, 188368 kB of memory peak and 03:40:59 elapsed time
Statistics on the network before starting main computation
	Number of nodes: 403394
	Number of allocated nodes: 403456
	Number of edges: 3387388
	Maximum in degree: 2751 (node 1041)
	Maximum out degree: 10 (node 0)
	source 0 (node 0) with out degree 10
	target 194 (node 1041) with in degree 2751

Execution time and memory used at after iteration 1 (MF = 0.594712): 5.079439e+04 seconds, 3160866816 bytes of memory usage, 4445800 kB of memory peak and 14:06:38 elapsed time
Statistics on the network after iteration 1 (MF = 0.594712)
	Number of nodes: 403394
	Number of allocated nodes: 403456
	Number of edges: 3387388
	Maximum in degree: 2751 (node 1041)
	Maximum out degree: 10 (node 0)
	source 0 (node 0) with out degree 10
	target 194 (node 1041) with in degree 2751

Execution time and memory used at after iteration 2 (MF = 0.616806): 5.112675e+04 seconds, 3160866816 bytes of memory usage, 4445800 kB of memory peak and 14:12:10 elapsed time
Statistics on the network after iteration 2 (MF = 0.616806)
	Number of nodes: 403394
	Number of allocated nodes: 403456
	Number of edges: 3387388
	Maximum in degree: 2751 (node 1041)
	Maximum out degree: 10 (node 0)
	source 0 (node 0) with out degree 10
	target 194 (node 1041) with in degree 2751

Execution time and memory used at after iteration 3 (MF = 0.616806): 5.150741e+04 seconds, 3160866816 bytes of memory usage, 4445864 kB of memory peak and 14:18:31 elapsed time
Statistics on the network after iteration 3 (MF = 0.616806)
	Number of nodes: 403394
	Number of allocated nodes: 403456
	Number of edges: 3387388
	Maximum in degree: 2751 (node 1041)
	Maximum out degree: 10 (node 0)
	source 0 (node 0) with out degree 10
	target 194 (node 1041) with in degree 2751

Execution time and memory used at after iteration 4 (MF = 0.404564): 5.175588e+04 seconds, 3160866816 bytes of memory usage, 4445884 kB of memory peak and 14:22:39 elapsed time
Statistics on the network after iteration 4 (MF = 0.404564)
	Number of nodes: 403394
	Number of allocated nodes: 403456
	Number of edges: 3387388
	Maximum in degree: 2751 (node 1041)
	Maximum out degree: 10 (node 0)
	source 0 (node 0) with out degree 10
	target 194 (node 1041) with in degree 2751

Execution time and memory used at after iteration 5 (MF = 0.616806): 5.197653e+04 seconds, 3160866816 bytes of memory usage, 4445884 kB of memory peak and 14:26:20 elapsed time
Statistics on the network after iteration 5 (MF = 0.616806)
	Number of nodes: 403394
	Number of allocated nodes: 403456
	Number of edges: 3387388
	Maximum in degree: 2751 (node 1041)
	Maximum out degree: 10 (node 0)
	source 0 (node 0) with out degree 10
	target 194 (node 1041) with in degree 2751

Execution time and memory used at after iteration 6 (MF = 0.616806): 5.223304e+04 seconds, 3160866816 bytes of memory usage, 4445884 kB of memory peak and 14:30:36 elapsed time
Statistics on the network after iteration 6 (MF = 0.616806)
	Number of nodes: 403394
	Number of allocated nodes: 403456
	Number of edges: 3387388
	Maximum in degree: 2751 (node 1041)
	Maximum out degree: 10 (node 0)
	source 0 (node 0) with out degree 10
	target 194 (node 1041) with in degree 2751

Execution time and memory used at after iteration 7 (MF = 0.616806): 5.253063e+04 seconds, 3160866816 bytes of memory usage, 4445928 kB of memory peak and 14:35:34 elapsed time
Statistics on the network after iteration 7 (MF = 0.616806)
	Number of nodes: 403394
	Number of allocated nodes: 403456
	Number of edges: 3387388
	Maximum in degree: 2751 (node 1041)
	Maximum out degree: 10 (node 0)
	source 0 (node 0) with out degree 10
	target 194 (node 1041) with in degree 2751

Execution time and memory used at after iteration 8 (MF = 0.616806): 5.279713e+04 seconds, 3160866816 bytes of memory usage, 4445960 kB of memory peak and 14:40:00 elapsed time
Statistics on the network after iteration 8 (MF = 0.616806)
	Number of nodes: 403394
	Number of allocated nodes: 403456
	Number of edges: 3387388
	Maximum in degree: 2751 (node 1041)
	Maximum out degree: 10 (node 0)
	source 0 (node 0) with out degree 10
	target 194 (node 1041) with in degree 2751

Execution time and memory used at after iteration 9 (MF = 0.616806): 5.305838e+04 seconds, 3160866816 bytes of memory usage, 4445980 kB of memory peak and 14:44:22 elapsed time
Statistics on the network after iteration 9 (MF = 0.616806)
	Number of nodes: 403394
	Number of allocated nodes: 403456
	Number of edges: 3387388
	Maximum in degree: 2751 (node 1041)
	Maximum out degree: 10 (node 0)
	source 0 (node 0) with out degree 10
	target 194 (node 1041) with in degree 2751

Execution time and memory used at after iteration 10 (MF = 0.491851): 5.332609e+04 seconds, 3160866816 bytes of memory usage, 4445992 kB of memory peak and 14:48:49 elapsed time
Statistics on the network after iteration 10 (MF = 0.491851)
	Number of nodes: 403394
	Number of allocated nodes: 403456
	Number of edges: 3387388
	Maximum in degree: 2751 (node 1041)
	Maximum out degree: 10 (node 0)
	source 0 (node 0) with out degree 10
	target 194 (node 1041) with in degree 2751

Execution time and memory used at after iteration 11 (MF = 0.616806): 5.353823e+04 seconds, 3160866816 bytes of memory usage, 4446012 kB of memory peak and 14:52:21 elapsed time
Statistics on the network after iteration 11 (MF = 0.616806)
	Number of nodes: 403394
	Number of allocated nodes: 403456
	Number of edges: 3387388
	Maximum in degree: 2751 (node 1041)
	Maximum out degree: 10 (node 0)
	source 0 (node 0) with out degree 10
	target 194 (node 1041) with in degree 2751

Execution time and memory used at after iteration 12 (MF = 0.507063): 5.378663e+04 seconds, 3160866816 bytes of memory usage, 4446012 kB of memory peak and 14:56:30 elapsed time
Statistics on the network after iteration 12 (MF = 0.507063)
	Number of nodes: 403394
	Number of allocated nodes: 403456
	Number of edges: 3387388
	Maximum in degree: 2751 (node 1041)
	Maximum out degree: 10 (node 0)
	source 0 (node 0) with out degree 10
	target 194 (node 1041) with in degree 2751

Execution time and memory used at after iteration 13 (MF = 0.546903): 5.400939e+04 seconds, 3160866816 bytes of memory usage, 4446012 kB of memory peak and 15:00:13 elapsed time
Statistics on the network after iteration 13 (MF = 0.546903)
	Number of nodes: 403394
	Number of allocated nodes: 403456
	Number of edges: 3387388
	Maximum in degree: 2751 (node 1041)
	Maximum out degree: 10 (node 0)
	source 0 (node 0) with out degree 10
	target 194 (node 1041) with in degree 2751

Execution time and memory used at after iteration 14 (MF = 0.616806): 5.426111e+04 seconds, 3160866816 bytes of memory usage, 4446012 kB of memory peak and 15:04:24 elapsed time
Statistics on the network after iteration 14 (MF = 0.616806)
	Number of nodes: 403394
	Number of allocated nodes: 403456
	Number of edges: 3387388
	Maximum in degree: 2751 (node 1041)
	Maximum out degree: 10 (node 0)
	source 0 (node 0) with out degree 10
	target 194 (node 1041) with in degree 2751

Execution time and memory used at after iteration 15 (MF = 0.616806): 5.455907e+04 seconds, 3160866816 bytes of memory usage, 4446016 kB of memory peak and 15:09:22 elapsed time
Statistics on the network after iteration 15 (MF = 0.616806)
	Number of nodes: 403394
	Number of allocated nodes: 403456
	Number of edges: 3387388
	Maximum in degree: 2751 (node 1041)
	Maximum out degree: 10 (node 0)
	source 0 (node 0) with out degree 10
	target 194 (node 1041) with in degree 2751
GMF with memory efficient alternating algo is 0.404564

Execution time and memory used at after executing the alternating algorithm: 5.455909e+04 seconds, 3027136512 bytes of memory usage, 4446016 kB of memory peak and 15:09:22 elapsed time
Statistics on the network after executing the alternating algorithm
	Number of nodes: 403394
	Number of allocated nodes: 403456
	Number of edges: 3387388
	Maximum in degree: 2751 (node 1041)
	Maximum out degree: 10 (node 0)
	source 0 (node 0) with out degree 10
	target 194 (node 1041) with in degree 2751
