Version 1.2 launched as -e 0.1 12 input/ca-CondMat.html/ca-CondMat.txt.gz 80


Execution time and memory used at after reading from file: 7.610000e+00 seconds, 23289856 bytes of memory usage, 22780 kB of memory peak and 00:08 elapsed time
Statistics on the network after reading from file
	Number of nodes: 23133
	Number of allocated nodes: 23552
	Number of edges: 186878
	Maximum in degree: 279 (node 73647)
	Maximum out degree: 279 (node 73647)

Execution time and memory used at after adding costs: 7.620000e+00 seconds, 23289856 bytes of memory usage, 22780 kB of memory peak and 00:08 elapsed time
Statistics on the network after adding costs
	Number of nodes: 23133
	Number of allocated nodes: 23552
	Number of edges: 186878
	Maximum in degree: 279 (node 73647)
	Maximum out degree: 279 (node 73647)

Execution time and memory used at before starting main computation: 7.760000e+00 seconds, 23965696 bytes of memory usage, 23920 kB of memory peak and 00:08 elapsed time
Statistics on the network before starting main computation
	Number of nodes: 23133
	Number of allocated nodes: 23552
	Number of edges: 186878
	Maximum in degree: 279 (node 73647)
	Maximum out degree: 279 (node 73647)
	source 349 (node 73647) with out degree 279
	target 3073 (node 78667) with in degree 201

Execution time and memory used at after iteration 1 (MF = 158.451613): 9.007000e+01 seconds, 183214080 bytes of memory usage, 254308 kB of memory peak and 01:30 elapsed time
Statistics on the network after iteration 1 (MF = 158.451613)
	Number of nodes: 23133
	Number of allocated nodes: 23552
	Number of edges: 186878
	Maximum in degree: 279 (node 73647)
	Maximum out degree: 279 (node 73647)
	source 349 (node 73647) with out degree 279
	target 3073 (node 78667) with in degree 201

Execution time and memory used at after iteration 2 (MF = 153.240143): 1.266900e+02 seconds, 183214080 bytes of memory usage, 264044 kB of memory peak and 02:07 elapsed time
Statistics on the network after iteration 2 (MF = 153.240143)
	Number of nodes: 23133
	Number of allocated nodes: 23552
	Number of edges: 186878
	Maximum in degree: 279 (node 73647)
	Maximum out degree: 279 (node 73647)
	source 349 (node 73647) with out degree 279
	target 3073 (node 78667) with in degree 201

Execution time and memory used at after iteration 3 (MF = 127.706093): 1.911600e+02 seconds, 253087744 bytes of memory usage, 291172 kB of memory peak and 03:11 elapsed time
Statistics on the network after iteration 3 (MF = 127.706093)
	Number of nodes: 23133
	Number of allocated nodes: 23552
	Number of edges: 186878
	Maximum in degree: 279 (node 73647)
	Maximum out degree: 279 (node 73647)
	source 349 (node 73647) with out degree 279
	target 3073 (node 78667) with in degree 201

Execution time and memory used at after iteration 4 (MF = 123.297491): 7.115400e+02 seconds, 244920320 bytes of memory usage, 372316 kB of memory peak and 11:52 elapsed time
Statistics on the network after iteration 4 (MF = 123.297491)
	Number of nodes: 23133
	Number of allocated nodes: 23552
	Number of edges: 186878
	Maximum in degree: 279 (node 73647)
	Maximum out degree: 279 (node 73647)
	source 349 (node 73647) with out degree 279
	target 3073 (node 78667) with in degree 201

Execution time and memory used at after iteration 5 (MF = 115.322581): 9.623400e+02 seconds, 245444608 bytes of memory usage, 372316 kB of memory peak and 16:03 elapsed time
Statistics on the network after iteration 5 (MF = 115.322581)
	Number of nodes: 23133
	Number of allocated nodes: 23552
	Number of edges: 186878
	Maximum in degree: 279 (node 73647)
	Maximum out degree: 279 (node 73647)
	source 349 (node 73647) with out degree 279
	target 3073 (node 78667) with in degree 201
