Version 1.2 launched as -e 0.1 -i 12 input/soc-RedditHyperlinks.html/soc-redditHyperlinks-title.tsv.gz 26

Warning: node t:1930s replaced with t_1930s
Warning: node t:1930s replaced with t_1930s
Warning: node t:1930s replaced with t_1930s
Warning: node t:1930s replaced with t_1930s
Warning: node t:1930s replaced with t_1930s
Warning: node t:1930s replaced with t_1930s
Warning: node t:1930s replaced with t_1930s
Warning: node t:1930s replaced with t_1930s
Warning: node t:2112 replaced with t_2112
Warning: node t:1930s replaced with t_1930s

Execution time and memory used at after reading from file: 1.159000e+01 seconds, 28762112 bytes of memory usage, 28124 kB of memory peak and 00:12 elapsed time
Statistics on the network after reading from file
	Number of nodes: 54075
	Number of allocated nodes: 54272
	Number of edges: 234792
	Maximum in degree: 4164 (node askreddit)
	Maximum out degree: 3111 (node bestof)

Execution time and memory used at after adding costs: 1.161000e+01 seconds, 28762112 bytes of memory usage, 28124 kB of memory peak and 00:12 elapsed time
Statistics on the network after adding costs
	Number of nodes: 54075
	Number of allocated nodes: 54272
	Number of edges: 234792
	Maximum in degree: 4164 (node askreddit)
	Maximum out degree: 3111 (node bestof)

Execution time and memory used at before starting main computation: 1.237000e+01 seconds, 29167616 bytes of memory usage, 29212 kB of memory peak and 00:13 elapsed time
Statistics on the network before starting main computation
	Number of nodes: 54075
	Number of allocated nodes: 54272
	Number of edges: 234792
	Maximum in degree: 4164 (node askreddit)
	Maximum out degree: 3111 (node bestof)
	source 16 (node bestof) with out degree 3111
	target 16030 (node fivenightsatfreddys) with in degree 135

Execution time and memory used at after iteration 1 (MF = 5.073952): 7.004600e+02 seconds, 247115776 bytes of memory usage, 300580 kB of memory peak and 11:41 elapsed time
Statistics on the network after iteration 1 (MF = 5.073952)
	Number of nodes: 54075
	Number of allocated nodes: 54272
	Number of edges: 234792
	Maximum in degree: 4164 (node askreddit)
	Maximum out degree: 3111 (node bestof)
	source 16 (node bestof) with out degree 3111
	target 16030 (node fivenightsatfreddys) with in degree 135

Execution time and memory used at after iteration 2 (MF = 2.925361): 7.091800e+02 seconds, 247115776 bytes of memory usage, 300604 kB of memory peak and 11:50 elapsed time
Statistics on the network after iteration 2 (MF = 2.925361)
	Number of nodes: 54075
	Number of allocated nodes: 54272
	Number of edges: 234792
	Maximum in degree: 4164 (node askreddit)
	Maximum out degree: 3111 (node bestof)
	source 16 (node bestof) with out degree 3111
	target 16030 (node fivenightsatfreddys) with in degree 135

Execution time and memory used at after iteration 3 (MF = 4.405911): 7.201300e+02 seconds, 247115776 bytes of memory usage, 321820 kB of memory peak and 12:01 elapsed time
Statistics on the network after iteration 3 (MF = 4.405911)
	Number of nodes: 54075
	Number of allocated nodes: 54272
	Number of edges: 234792
	Maximum in degree: 4164 (node askreddit)
	Maximum out degree: 3111 (node bestof)
	source 16 (node bestof) with out degree 3111
	target 16030 (node fivenightsatfreddys) with in degree 135

Execution time and memory used at after iteration 4 (MF = 3.958351): 7.562300e+02 seconds, 247115776 bytes of memory usage, 421740 kB of memory peak and 12:37 elapsed time
Statistics on the network after iteration 4 (MF = 3.958351)
	Number of nodes: 54075
	Number of allocated nodes: 54272
	Number of edges: 234792
	Maximum in degree: 4164 (node askreddit)
	Maximum out degree: 3111 (node bestof)
	source 16 (node bestof) with out degree 3111
	target 16030 (node fivenightsatfreddys) with in degree 135

Execution time and memory used at after iteration 5 (MF = 4.050997): 1.342020e+03 seconds, 289652736 bytes of memory usage, 511620 kB of memory peak and 22:23 elapsed time
Statistics on the network after iteration 5 (MF = 4.050997)
	Number of nodes: 54075
	Number of allocated nodes: 54272
	Number of edges: 234792
	Maximum in degree: 4164 (node askreddit)
	Maximum out degree: 3111 (node bestof)
	source 16 (node bestof) with out degree 3111
	target 16030 (node fivenightsatfreddys) with in degree 135

Execution time and memory used at after iteration 6 (MF = 4.090034): 1.521680e+03 seconds, 287096832 bytes of memory usage, 511620 kB of memory peak and 25:22 elapsed time
Statistics on the network after iteration 6 (MF = 4.090034)
	Number of nodes: 54075
	Number of allocated nodes: 54272
	Number of edges: 234792
	Maximum in degree: 4164 (node askreddit)
	Maximum out degree: 3111 (node bestof)
	source 16 (node bestof) with out degree 3111
	target 16030 (node fivenightsatfreddys) with in degree 135

Execution time and memory used at after iteration 7 (MF = 3.778969): 1.699360e+03 seconds, 285663232 bytes of memory usage, 511620 kB of memory peak and 28:20 elapsed time
Statistics on the network after iteration 7 (MF = 3.778969)
	Number of nodes: 54075
	Number of allocated nodes: 54272
	Number of edges: 234792
	Maximum in degree: 4164 (node askreddit)
	Maximum out degree: 3111 (node bestof)
	source 16 (node bestof) with out degree 3111
	target 16030 (node fivenightsatfreddys) with in degree 135

Execution time and memory used at after iteration 8 (MF = 3.756701): 1.968930e+03 seconds, 285663232 bytes of memory usage, 511620 kB of memory peak and 32:50 elapsed time
Statistics on the network after iteration 8 (MF = 3.756701)
	Number of nodes: 54075
	Number of allocated nodes: 54272
	Number of edges: 234792
	Maximum in degree: 4164 (node askreddit)
	Maximum out degree: 3111 (node bestof)
	source 16 (node bestof) with out degree 3111
	target 16030 (node fivenightsatfreddys) with in degree 135

Execution time and memory used at after iteration 9 (MF = 3.854983): 2.096560e+03 seconds, 286556160 bytes of memory usage, 511620 kB of memory peak and 34:57 elapsed time
Statistics on the network after iteration 9 (MF = 3.854983)
	Number of nodes: 54075
	Number of allocated nodes: 54272
	Number of edges: 234792
	Maximum in degree: 4164 (node askreddit)
	Maximum out degree: 3111 (node bestof)
	source 16 (node bestof) with out degree 3111
	target 16030 (node fivenightsatfreddys) with in degree 135

Execution time and memory used at after iteration 10 (MF = 4.358625): 3.371830e+04 seconds, 284078080 bytes of memory usage, 511620 kB of memory peak and 09:22:05 elapsed time
Statistics on the network after iteration 10 (MF = 4.358625)
	Number of nodes: 54075
	Number of allocated nodes: 54272
	Number of edges: 234792
	Maximum in degree: 4164 (node askreddit)
	Maximum out degree: 3111 (node bestof)
	source 16 (node bestof) with out degree 3111
	target 16030 (node fivenightsatfreddys) with in degree 135

Execution time and memory used at after iteration 11 (MF = 3.193952): 3.380690e+04 seconds, 303239168 bytes of memory usage, 511620 kB of memory peak and 09:23:33 elapsed time
Statistics on the network after iteration 11 (MF = 3.193952)
	Number of nodes: 54075
	Number of allocated nodes: 54272
	Number of edges: 234792
	Maximum in degree: 4164 (node askreddit)
	Maximum out degree: 3111 (node bestof)
	source 16 (node bestof) with out degree 3111
	target 16030 (node fivenightsatfreddys) with in degree 135

Execution time and memory used at after iteration 12 (MF = 4.048385): 3.431364e+04 seconds, 285954048 bytes of memory usage, 511620 kB of memory peak and 09:32:00 elapsed time
Statistics on the network after iteration 12 (MF = 4.048385)
	Number of nodes: 54075
	Number of allocated nodes: 54272
	Number of edges: 234792
	Maximum in degree: 4164 (node askreddit)
	Maximum out degree: 3111 (node bestof)
	source 16 (node bestof) with out degree 3111
	target 16030 (node fivenightsatfreddys) with in degree 135

Execution time and memory used at after iteration 13 (MF = 3.865292): 3.456707e+04 seconds, 285954048 bytes of memory usage, 511620 kB of memory peak and 09:36:14 elapsed time
Statistics on the network after iteration 13 (MF = 3.865292)
	Number of nodes: 54075
	Number of allocated nodes: 54272
	Number of edges: 234792
	Maximum in degree: 4164 (node askreddit)
	Maximum out degree: 3111 (node bestof)
	source 16 (node bestof) with out degree 3111
	target 16030 (node fivenightsatfreddys) with in degree 135

Execution time and memory used at after iteration 14 (MF = 3.361787): 3.815468e+04 seconds, 308273152 bytes of memory usage, 538332 kB of memory peak and 10:36:02 elapsed time
Statistics on the network after iteration 14 (MF = 3.361787)
	Number of nodes: 54075
	Number of allocated nodes: 54272
	Number of edges: 234792
	Maximum in degree: 4164 (node askreddit)
	Maximum out degree: 3111 (node bestof)
	source 16 (node bestof) with out degree 3111
	target 16030 (node fivenightsatfreddys) with in degree 135

Execution time and memory used at after iteration 15 (MF = 4.385292): 4.400946e+04 seconds, 284078080 bytes of memory usage, 1374136 kB of memory peak and 12:13:38 elapsed time
Statistics on the network after iteration 15 (MF = 4.385292)
	Number of nodes: 54075
	Number of allocated nodes: 54272
	Number of edges: 234792
	Maximum in degree: 4164 (node askreddit)
	Maximum out degree: 3111 (node bestof)
	source 16 (node bestof) with out degree 3111
	target 16030 (node fivenightsatfreddys) with in degree 135

Execution time and memory used at after iteration 16 (MF = 3.769072): 4.443622e+04 seconds, 285954048 bytes of memory usage, 1374136 kB of memory peak and 12:20:44 elapsed time
Statistics on the network after iteration 16 (MF = 3.769072)
	Number of nodes: 54075
	Number of allocated nodes: 54272
	Number of edges: 234792
	Maximum in degree: 4164 (node askreddit)
	Maximum out degree: 3111 (node bestof)
	source 16 (node bestof) with out degree 3111
	target 16030 (node fivenightsatfreddys) with in degree 135

Execution time and memory used at after iteration 17 (MF = 4.406598): 4.483039e+04 seconds, 285954048 bytes of memory usage, 1374136 kB of memory peak and 12:27:19 elapsed time
Statistics on the network after iteration 17 (MF = 4.406598)
	Number of nodes: 54075
	Number of allocated nodes: 54272
	Number of edges: 234792
	Maximum in degree: 4164 (node askreddit)
	Maximum out degree: 3111 (node bestof)
	source 16 (node bestof) with out degree 3111
	target 16030 (node fivenightsatfreddys) with in degree 135

Execution time and memory used at after iteration 18 (MF = 4.026254): 5.011186e+04 seconds, 285954048 bytes of memory usage, 1374136 kB of memory peak and 13:55:21 elapsed time
Statistics on the network after iteration 18 (MF = 4.026254)
	Number of nodes: 54075
	Number of allocated nodes: 54272
	Number of edges: 234792
	Maximum in degree: 4164 (node askreddit)
	Maximum out degree: 3111 (node bestof)
	source 16 (node bestof) with out degree 3111
	target 16030 (node fivenightsatfreddys) with in degree 135

Execution time and memory used at after iteration 19 (MF = 3.892234): 8.190143e+04 seconds, 293441536 bytes of memory usage, 1374136 kB of memory peak and 22:45:15 elapsed time
Statistics on the network after iteration 19 (MF = 3.892234)
	Number of nodes: 54075
	Number of allocated nodes: 54272
	Number of edges: 234792
	Maximum in degree: 4164 (node askreddit)
	Maximum out degree: 3111 (node bestof)
	source 16 (node bestof) with out degree 3111
	target 16030 (node fivenightsatfreddys) with in degree 135

Execution time and memory used at after iteration 20 (MF = 4.377869): 8.561472e+04 seconds, 293441536 bytes of memory usage, 1374136 kB of memory peak and 23:47:09 elapsed time
Statistics on the network after iteration 20 (MF = 4.377869)
	Number of nodes: 54075
	Number of allocated nodes: 54272
	Number of edges: 234792
	Maximum in degree: 4164 (node askreddit)
	Maximum out degree: 3111 (node bestof)
	source 16 (node bestof) with out degree 3111
	target 16030 (node fivenightsatfreddys) with in degree 135

Execution time and memory used at after iteration 21 (MF = 3.741856): 8.644397e+04 seconds, 513327104 bytes of memory usage, 1374136 kB of memory peak and 1-00:00:58 elapsed time
Statistics on the network after iteration 21 (MF = 3.741856)
	Number of nodes: 54075
	Number of allocated nodes: 54272
	Number of edges: 234792
	Maximum in degree: 4164 (node askreddit)
	Maximum out degree: 3111 (node bestof)
	source 16 (node bestof) with out degree 3111
	target 16030 (node fivenightsatfreddys) with in degree 135

Execution time and memory used at after iteration 22 (MF = 3.936220): 9.555417e+04 seconds, 287830016 bytes of memory usage, 1374136 kB of memory peak and 1-02:32:50 elapsed time
Statistics on the network after iteration 22 (MF = 3.936220)
	Number of nodes: 54075
	Number of allocated nodes: 54272
	Number of edges: 234792
	Maximum in degree: 4164 (node askreddit)
	Maximum out degree: 3111 (node bestof)
	source 16 (node bestof) with out degree 3111
	target 16030 (node fivenightsatfreddys) with in degree 135

Execution time and memory used at after iteration 23 (MF = 3.727560): 1.004625e+05 seconds, 289705984 bytes of memory usage, 1374136 kB of memory peak and 1-03:54:38 elapsed time
Statistics on the network after iteration 23 (MF = 3.727560)
	Number of nodes: 54075
	Number of allocated nodes: 54272
	Number of edges: 234792
	Maximum in degree: 4164 (node askreddit)
	Maximum out degree: 3111 (node bestof)
	source 16 (node bestof) with out degree 3111
	target 16030 (node fivenightsatfreddys) with in degree 135

Execution time and memory used at after iteration 24 (MF = 4.115876): 1.134039e+05 seconds, 291581952 bytes of memory usage, 1374136 kB of memory peak and 1-07:30:22 elapsed time
Statistics on the network after iteration 24 (MF = 4.115876)
	Number of nodes: 54075
	Number of allocated nodes: 54272
	Number of edges: 234792
	Maximum in degree: 4164 (node askreddit)
	Maximum out degree: 3111 (node bestof)
	source 16 (node bestof) with out degree 3111
	target 16030 (node fivenightsatfreddys) with in degree 135

Execution time and memory used at after iteration 25 (MF = 3.577869): 1.459208e+05 seconds, 303284224 bytes of memory usage, 1374136 kB of memory peak and 1-16:32:24 elapsed time
Statistics on the network after iteration 25 (MF = 3.577869)
	Number of nodes: 54075
	Number of allocated nodes: 54272
	Number of edges: 234792
	Maximum in degree: 4164 (node askreddit)
	Maximum out degree: 3111 (node bestof)
	source 16 (node bestof) with out degree 3111
	target 16030 (node fivenightsatfreddys) with in degree 135

Execution time and memory used at after iteration 26 (MF = 4.310378): 1.836483e+05 seconds, 284078080 bytes of memory usage, 1374136 kB of memory peak and 2-03:01:16 elapsed time
Statistics on the network after iteration 26 (MF = 4.310378)
	Number of nodes: 54075
	Number of allocated nodes: 54272
	Number of edges: 234792
	Maximum in degree: 4164 (node askreddit)
	Maximum out degree: 3111 (node bestof)
	source 16 (node bestof) with out degree 3111
	target 16030 (node fivenightsatfreddys) with in degree 135

Execution time and memory used at after iteration 27 (MF = 4.364261): 2.212399e+05 seconds, 284078080 bytes of memory usage, 1374136 kB of memory peak and 2-13:27:53 elapsed time
Statistics on the network after iteration 27 (MF = 4.364261)
	Number of nodes: 54075
	Number of allocated nodes: 54272
	Number of edges: 234792
	Maximum in degree: 4164 (node askreddit)
	Maximum out degree: 3111 (node bestof)
	source 16 (node bestof) with out degree 3111
	target 16030 (node fivenightsatfreddys) with in degree 135

Execution time and memory used at after iteration 28 (MF = 3.930447): 2.256483e+05 seconds, 291581952 bytes of memory usage, 1374136 kB of memory peak and 2-14:41:23 elapsed time
Statistics on the network after iteration 28 (MF = 3.930447)
	Number of nodes: 54075
	Number of allocated nodes: 54272
	Number of edges: 234792
	Maximum in degree: 4164 (node askreddit)
	Maximum out degree: 3111 (node bestof)
	source 16 (node bestof) with out degree 3111
	target 16030 (node fivenightsatfreddys) with in degree 135

Execution time and memory used at after iteration 29 (MF = 3.759313): 2.329930e+05 seconds, 291581952 bytes of memory usage, 1374136 kB of memory peak and 2-16:43:49 elapsed time
Statistics on the network after iteration 29 (MF = 3.759313)
	Number of nodes: 54075
	Number of allocated nodes: 54272
	Number of edges: 234792
	Maximum in degree: 4164 (node askreddit)
	Maximum out degree: 3111 (node bestof)
	source 16 (node bestof) with out degree 3111
	target 16030 (node fivenightsatfreddys) with in degree 135

Execution time and memory used at after iteration 30 (MF = 4.127423): 2.570396e+05 seconds, 354684928 bytes of memory usage, 1374136 kB of memory peak and 2-23:24:39 elapsed time
Statistics on the network after iteration 30 (MF = 4.127423)
	Number of nodes: 54075
	Number of allocated nodes: 54272
	Number of edges: 234792
	Maximum in degree: 4164 (node askreddit)
	Maximum out degree: 3111 (node bestof)
	source 16 (node bestof) with out degree 3111
	target 16030 (node fivenightsatfreddys) with in degree 135

Execution time and memory used at after iteration 31 (MF = 3.970034): 2.733275e+05 seconds, 354684928 bytes of memory usage, 1374136 kB of memory peak and 3-03:56:08 elapsed time
Statistics on the network after iteration 31 (MF = 3.970034)
	Number of nodes: 54075
	Number of allocated nodes: 54272
	Number of edges: 234792
	Maximum in degree: 4164 (node askreddit)
	Maximum out degree: 3111 (node bestof)
	source 16 (node bestof) with out degree 3111
	target 16030 (node fivenightsatfreddys) with in degree 135

Execution time and memory used at after iteration 32 (MF = 3.688660): 2.765864e+05 seconds, 434094080 bytes of memory usage, 1374136 kB of memory peak and 3-04:50:27 elapsed time
Statistics on the network after iteration 32 (MF = 3.688660)
	Number of nodes: 54075
	Number of allocated nodes: 54272
	Number of edges: 234792
	Maximum in degree: 4164 (node askreddit)
	Maximum out degree: 3111 (node bestof)
	source 16 (node bestof) with out degree 3111
	target 16030 (node fivenightsatfreddys) with in degree 135

Execution time and memory used at after iteration 33 (MF = 3.797663): 3.269052e+05 seconds, 437137408 bytes of memory usage, 1374136 kB of memory peak and 3-18:49:09 elapsed time
Statistics on the network after iteration 33 (MF = 3.797663)
	Number of nodes: 54075
	Number of allocated nodes: 54272
	Number of edges: 234792
	Maximum in degree: 4164 (node askreddit)
	Maximum out degree: 3111 (node bestof)
	source 16 (node bestof) with out degree 3111
	target 16030 (node fivenightsatfreddys) with in degree 135
