Version 1.2 launched as -e 0.1 12 input/gemsec-Facebook.html/government_edges.csv.gz 164


Execution time and memory used at after reading from file: 1.570000e+00 seconds, 18030592 bytes of memory usage, 17644 kB of memory peak and 00:02 elapsed time
Statistics on the network after reading from file
	Number of nodes: 7059
	Number of allocated nodes: 7168
	Number of edges: 89430
	Maximum in degree: 626 (node 6615)
	Maximum out degree: 412 (node 2141)

Execution time and memory used at after adding costs: 1.570000e+00 seconds, 18030592 bytes of memory usage, 17644 kB of memory peak and 00:02 elapsed time
Statistics on the network after adding costs
	Number of nodes: 7059
	Number of allocated nodes: 7168
	Number of edges: 89430
	Maximum in degree: 626 (node 6615)
	Maximum out degree: 412 (node 2141)

Execution time and memory used at before starting main computation: 1.580000e+00 seconds, 18165760 bytes of memory usage, 18256 kB of memory peak and 00:02 elapsed time
Statistics on the network before starting main computation
	Number of nodes: 7059
	Number of allocated nodes: 7168
	Number of edges: 89430
	Maximum in degree: 626 (node 6615)
	Maximum out degree: 412 (node 2141)
	source 284 (node 2141) with out degree 412
	target 89 (node 6615) with in degree 626

Execution time and memory used at after iteration 1 (MF = 148.738921): 9.060000e+00 seconds, 96370688 bytes of memory usage, 115904 kB of memory peak and 00:09 elapsed time
Statistics on the network after iteration 1 (MF = 148.738921)
	Number of nodes: 7059
	Number of allocated nodes: 7168
	Number of edges: 89430
	Maximum in degree: 626 (node 6615)
	Maximum out degree: 412 (node 2141)
	source 284 (node 2141) with out degree 412
	target 89 (node 6615) with in degree 626

Execution time and memory used at after iteration 2 (MF = 83.085742): 1.093000e+01 seconds, 96370688 bytes of memory usage, 116120 kB of memory peak and 00:11 elapsed time
Statistics on the network after iteration 2 (MF = 83.085742)
	Number of nodes: 7059
	Number of allocated nodes: 7168
	Number of edges: 89430
	Maximum in degree: 626 (node 6615)
	Maximum out degree: 412 (node 2141)
	source 284 (node 2141) with out degree 412
	target 89 (node 6615) with in degree 626

Execution time and memory used at after iteration 3 (MF = 100.547206): 9.583000e+01 seconds, 153845760 bytes of memory usage, 158704 kB of memory peak and 01:36 elapsed time
Statistics on the network after iteration 3 (MF = 100.547206)
	Number of nodes: 7059
	Number of allocated nodes: 7168
	Number of edges: 89430
	Maximum in degree: 626 (node 6615)
	Maximum out degree: 412 (node 2141)
	source 284 (node 2141) with out degree 412
	target 89 (node 6615) with in degree 626
