Version 1.2 launched as -e 0.1 12 input/as-Skitter.html/as-skitter.txt.gz 2597


Execution time and memory used at after reading from file: 5.772390e+04 seconds, 586489856 bytes of memory usage, 572780 kB of memory peak and 16:02:08 elapsed time
Statistics on the network after reading from file
	Number of nodes: 1696415
	Number of allocated nodes: 1696768
	Number of edges: 11095298
	Maximum in degree: 3714 (node 149419)
	Maximum out degree: 35387 (node 7046)

Execution time and memory used at after adding costs: 5.772449e+04 seconds, 586489856 bytes of memory usage, 572780 kB of memory peak and 16:02:08 elapsed time
Statistics on the network after adding costs
	Number of nodes: 1696415
	Number of allocated nodes: 1696768
	Number of edges: 11095298
	Maximum in degree: 3714 (node 149419)
	Maximum out degree: 35387 (node 7046)

Execution time and memory used at before starting main computation: 5.829919e+04 seconds, 614199296 bytes of memory usage, 606948 kB of memory peak and 16:11:43 elapsed time
Statistics on the network before starting main computation
	Number of nodes: 1696415
	Number of allocated nodes: 1696768
	Number of edges: 11095298
	Maximum in degree: 3714 (node 149419)
	Maximum out degree: 35387 (node 7046)
	source 7046 (node 7046) with out degree 35387
	target 149419 (node 149419) with in degree 3714

Execution time and memory used at after iteration 1 (MF = 20.132529): 3.242905e+05 seconds, 10559692800 bytes of memory usage, 12911904 kB of memory peak and 3-18:05:26 elapsed time
Statistics on the network after iteration 1 (MF = 20.132529)
	Number of nodes: 1696415
	Number of allocated nodes: 1696768
	Number of edges: 11095298
	Maximum in degree: 3714 (node 149419)
	Maximum out degree: 35387 (node 7046)
	source 7046 (node 7046) with out degree 35387
	target 149419 (node 149419) with in degree 3714

Execution time and memory used at after iteration 2 (MF = 1.100918): 3.259638e+05 seconds, 10560045056 bytes of memory usage, 12912116 kB of memory peak and 3-18:33:19 elapsed time
Statistics on the network after iteration 2 (MF = 1.100918)
	Number of nodes: 1696415
	Number of allocated nodes: 1696768
	Number of edges: 11095298
	Maximum in degree: 3714 (node 149419)
	Maximum out degree: 35387 (node 7046)
	source 7046 (node 7046) with out degree 35387
	target 149419 (node 149419) with in degree 3714

Execution time and memory used at after iteration 3 (MF = 19.017442): 3.280789e+05 seconds, 10560987136 bytes of memory usage, 12912704 kB of memory peak and 3-19:08:34 elapsed time
Statistics on the network after iteration 3 (MF = 19.017442)
	Number of nodes: 1696415
	Number of allocated nodes: 1696768
	Number of edges: 11095298
	Maximum in degree: 3714 (node 149419)
	Maximum out degree: 35387 (node 7046)
	source 7046 (node 7046) with out degree 35387
	target 149419 (node 149419) with in degree 3714

Execution time and memory used at after iteration 4 (MF = 19.017442): 3.302265e+05 seconds, 10562002944 bytes of memory usage, 12913384 kB of memory peak and 3-19:44:22 elapsed time
Statistics on the network after iteration 4 (MF = 19.017442)
	Number of nodes: 1696415
	Number of allocated nodes: 1696768
	Number of edges: 11095298
	Maximum in degree: 3714 (node 149419)
	Maximum out degree: 35387 (node 7046)
	source 7046 (node 7046) with out degree 35387
	target 149419 (node 149419) with in degree 3714

Execution time and memory used at after iteration 5 (MF = 19.017442): 3.323481e+05 seconds, 10562871296 bytes of memory usage, 13304008 kB of memory peak and 3-20:19:44 elapsed time
Statistics on the network after iteration 5 (MF = 19.017442)
	Number of nodes: 1696415
	Number of allocated nodes: 1696768
	Number of edges: 11095298
	Maximum in degree: 3714 (node 149419)
	Maximum out degree: 35387 (node 7046)
	source 7046 (node 7046) with out degree 35387
	target 149419 (node 149419) with in degree 3714

Execution time and memory used at after iteration 6 (MF = 19.017442): 3.344672e+05 seconds, 10563805184 bytes of memory usage, 13304600 kB of memory peak and 3-20:55:03 elapsed time
Statistics on the network after iteration 6 (MF = 19.017442)
	Number of nodes: 1696415
	Number of allocated nodes: 1696768
	Number of edges: 11095298
	Maximum in degree: 3714 (node 149419)
	Maximum out degree: 35387 (node 7046)
	source 7046 (node 7046) with out degree 35387
	target 149419 (node 149419) with in degree 3714

Execution time and memory used at after iteration 7 (MF = 19.017442): 3.365798e+05 seconds, 10564837376 bytes of memory usage, 13305268 kB of memory peak and 3-21:30:16 elapsed time
Statistics on the network after iteration 7 (MF = 19.017442)
	Number of nodes: 1696415
	Number of allocated nodes: 1696768
	Number of edges: 11095298
	Maximum in degree: 3714 (node 149419)
	Maximum out degree: 35387 (node 7046)
	source 7046 (node 7046) with out degree 35387
	target 149419 (node 149419) with in degree 3714

Execution time and memory used at after iteration 8 (MF = 19.017442): 3.387061e+05 seconds, 10565697536 bytes of memory usage, 13522492 kB of memory peak and 3-22:05:42 elapsed time
Statistics on the network after iteration 8 (MF = 19.017442)
	Number of nodes: 1696415
	Number of allocated nodes: 1696768
	Number of edges: 11095298
	Maximum in degree: 3714 (node 149419)
	Maximum out degree: 35387 (node 7046)
	source 7046 (node 7046) with out degree 35387
	target 149419 (node 149419) with in degree 3714

Execution time and memory used at after iteration 9 (MF = 19.017442): 3.408336e+05 seconds, 10566606848 bytes of memory usage, 13523076 kB of memory peak and 3-22:41:10 elapsed time
Statistics on the network after iteration 9 (MF = 19.017442)
	Number of nodes: 1696415
	Number of allocated nodes: 1696768
	Number of edges: 11095298
	Maximum in degree: 3714 (node 149419)
	Maximum out degree: 35387 (node 7046)
	source 7046 (node 7046) with out degree 35387
	target 149419 (node 149419) with in degree 3714

Execution time and memory used at after iteration 10 (MF = 19.017442): 3.430143e+05 seconds, 10567684096 bytes of memory usage, 13523768 kB of memory peak and 3-23:17:31 elapsed time
Statistics on the network after iteration 10 (MF = 19.017442)
	Number of nodes: 1696415
	Number of allocated nodes: 1696768
	Number of edges: 11095298
	Maximum in degree: 3714 (node 149419)
	Maximum out degree: 35387 (node 7046)
	source 7046 (node 7046) with out degree 35387
	target 149419 (node 149419) with in degree 3714

Execution time and memory used at after iteration 11 (MF = 19.017442): 3.451713e+05 seconds, 10568642560 bytes of memory usage, 13524304 kB of memory peak and 3-23:53:28 elapsed time
Statistics on the network after iteration 11 (MF = 19.017442)
	Number of nodes: 1696415
	Number of allocated nodes: 1696768
	Number of edges: 11095298
	Maximum in degree: 3714 (node 149419)
	Maximum out degree: 35387 (node 7046)
	source 7046 (node 7046) with out degree 35387
	target 149419 (node 149419) with in degree 3714
