Version 1.2 launched as -e 0.1 12 input/ca-CondMat.html/ca-CondMat.txt.gz 60


Execution time and memory used at after reading from file: 6.890000e+00 seconds, 23285760 bytes of memory usage, 22776 kB of memory peak and 00:07 elapsed time
Statistics on the network after reading from file
	Number of nodes: 23133
	Number of allocated nodes: 23552
	Number of edges: 186878
	Maximum in degree: 279 (node 73647)
	Maximum out degree: 279 (node 73647)

Execution time and memory used at after adding costs: 6.890000e+00 seconds, 23285760 bytes of memory usage, 22776 kB of memory peak and 00:07 elapsed time
Statistics on the network after adding costs
	Number of nodes: 23133
	Number of allocated nodes: 23552
	Number of edges: 186878
	Maximum in degree: 279 (node 73647)
	Maximum out degree: 279 (node 73647)

Execution time and memory used at before starting main computation: 7.020000e+00 seconds, 23961600 bytes of memory usage, 23916 kB of memory peak and 00:07 elapsed time
Statistics on the network before starting main computation
	Number of nodes: 23133
	Number of allocated nodes: 23552
	Number of edges: 186878
	Maximum in degree: 279 (node 73647)
	Maximum out degree: 279 (node 73647)
	source 349 (node 73647) with out degree 279
	target 3073 (node 78667) with in degree 201

Execution time and memory used at after iteration 1 (MF = 158.451613): 7.824000e+01 seconds, 183201792 bytes of memory usage, 254320 kB of memory peak and 01:18 elapsed time
Statistics on the network after iteration 1 (MF = 158.451613)
	Number of nodes: 23133
	Number of allocated nodes: 23552
	Number of edges: 186878
	Maximum in degree: 279 (node 73647)
	Maximum out degree: 279 (node 73647)
	source 349 (node 73647) with out degree 279
	target 3073 (node 78667) with in degree 201

Execution time and memory used at after iteration 2 (MF = 153.240143): 1.096300e+02 seconds, 183201792 bytes of memory usage, 255096 kB of memory peak and 01:50 elapsed time
Statistics on the network after iteration 2 (MF = 153.240143)
	Number of nodes: 23133
	Number of allocated nodes: 23552
	Number of edges: 186878
	Maximum in degree: 279 (node 73647)
	Maximum out degree: 279 (node 73647)
	source 349 (node 73647) with out degree 279
	target 3073 (node 78667) with in degree 201

Execution time and memory used at after iteration 3 (MF = 152.050179): 1.795700e+02 seconds, 252858368 bytes of memory usage, 282336 kB of memory peak and 03:00 elapsed time
Statistics on the network after iteration 3 (MF = 152.050179)
	Number of nodes: 23133
	Number of allocated nodes: 23552
	Number of edges: 186878
	Maximum in degree: 279 (node 73647)
	Maximum out degree: 279 (node 73647)
	source 349 (node 73647) with out degree 279
	target 3073 (node 78667) with in degree 201
