	Command being timed: "/usr/app/src/glpk-5.0/examples/glpsol --lp input/wiki-Vote.html/wiki-Vote.txt.gz.180.lp -o input/wiki-Vote.html/wiki-Vote.txt.gz.180.lp.sol"
	User time (seconds): 8356.56
	System time (seconds): 0.85
	Percent of CPU this job got: 99%
	Elapsed (wall clock) time (h:mm:ss or m:ss): 2:19:17
	Average shared text size (kbytes): 0
	Average unshared data size (kbytes): 0
	Average stack size (kbytes): 0
	Average total size (kbytes): 0
	Maximum resident set size (kbytes): 259264
	Average resident set size (kbytes): 0
	Major (requiring I/O) page faults: 0
	Minor (reclaiming a frame) page faults: 418326
	Voluntary context switches: 414
	Involuntary context switches: 11660
	Swaps: 0
	File system inputs: 0
	File system outputs: 43280
	Socket messages sent: 0
	Socket messages received: 0
	Signals delivered: 0
	Page size (bytes): 4096
	Exit status: 0
