GLPSOL--GLPK LP/MIP Solver 5.0
Parameter(s) specified in the command line:
 --lp input/gemsec-Facebook.html/new_sites_edges.csv.gz.490.lp -o input/gemsec-Facebook.html/new_sites_edges.csv.gz.490.lp.sol
Reading problem data from 'input/gemsec-Facebook.html/new_sites_edges.csv.gz.490.lp'...
205968 rows, 439849 columns, 1029827 non-zeros
439849 integer variables, all of which are binary
645822 lines were read
GLPK Integer Optimizer 5.0
205968 rows, 439849 columns, 1029827 non-zeros
439849 integer variables, all of which are binary
Preprocessing...
205797 rows, 439678 columns, 1028067 non-zeros
439678 integer variables, all of which are binary
Scaling...
 A: min|aij| =  1.000e+00  max|aij| =  1.000e+00  ratio =  1.000e+00
Problem data seem to be well scaled
Constructing initial basis...
Size of triangular part is 205797
Solving LP relaxation...
GLPK Simplex Optimizer 5.0
205797 rows, 439678 columns, 1028067 non-zeros
      0: obj =   0.000000000e+00 inf =   5.850e+02 (585)
    585: obj =   3.444879820e+02 inf =   0.000e+00 (0)
Perturbing LP to avoid stalling [786]...
*  1216: obj =   3.349121970e+02 inf =   0.000e+00 (1183)
*  1728: obj =   3.349121970e+02 inf =   0.000e+00 (1199) 4
*  2207: obj =   3.349121970e+02 inf =   0.000e+00 (1198) 4
*  2662: obj =   3.349121970e+02 inf =   0.000e+00 (1219) 4
*  3101: obj =   3.349121970e+02 inf =   0.000e+00 (1223) 4
*  3527: obj =   3.349121970e+02 inf =   0.000e+00 (1238) 4
*  3942: obj =   3.349121970e+02 inf =   0.000e+00 (1272) 4
*  4346: obj =   3.349121970e+02 inf =   0.000e+00 (1272) 4
*  4746: obj =   3.349121970e+02 inf =   0.000e+00 (1299) 3
*  5151: obj =   3.034460589e+02 inf =   4.284e-06 (3342) 4
*  5558: obj =   2.882420183e+02 inf =   6.139e-05 (3676) 4
*  5973: obj =   2.882420097e+02 inf =   3.138e-04 (3704) 3
*  6366: obj =   2.882419926e+02 inf =   6.867e-04 (3739) 3
*  6747: obj =   2.882419695e+02 inf =   1.227e-03 (3786) 3
*  7127: obj =   2.882419487e+02 inf =   1.484e-03 (3860) 3
*  7496: obj =   2.882419376e+02 inf =   1.493e-03 (3935) 3
*  7857: obj =   2.882418974e+02 inf =   1.738e-03 (3998) 3
*  8214: obj =   2.855014539e+02 inf =   1.514e-03 (4020) 3
*  8550: obj =   2.855014265e+02 inf =   1.519e-03 (4145) 3
*  8890: obj =   2.855014005e+02 inf =   1.062e-03 (4186) 3
*  9233: obj =   2.855013108e+02 inf =   8.099e-04 (4230) 3
*  9577: obj =   2.429563785e+02 inf =   8.704e-04 (5075) 3
*  9922: obj =   2.429562822e+02 inf =   1.119e-03 (4977) 4
* 10267: obj =   2.429561991e+02 inf =   1.279e-03 (4868) 3
* 10611: obj =   2.429561039e+02 inf =   1.440e-03 (4780) 3
* 10950: obj =   2.429560317e+02 inf =   1.057e-03 (4692) 4
* 11304: obj =   2.333312031e+02 inf =   9.285e-04 (4119) 3
* 11682: obj =   2.333311923e+02 inf =   1.177e-03 (4140) 3
* 12045: obj =   2.333311795e+02 inf =   1.641e-03 (4174) 3
* 12395: obj =   2.333311786e+02 inf =   1.628e-03 (4270) 2
* 12731: obj =   2.333311690e+02 inf =   2.062e-03 (4350) 3
* 13060: obj =   2.333311436e+02 inf =   3.187e-03 (4446) 3
* 13391: obj =   2.333311180e+02 inf =   4.018e-03 (4555) 2
* 13703: obj =   2.333310971e+02 inf =   5.049e-03 (4637) 3
* 14024: obj =   2.333310854e+02 inf =   5.208e-03 (4711) 2
* 14325: obj =   2.333310201e+02 inf =   7.998e-03 (4799) 3
* 14618: obj =   2.333309537e+02 inf =   1.068e-02 (4885) 3
* 14920: obj =   2.333309353e+02 inf =   1.103e-02 (4973) 2
* 15216: obj =   2.333309097e+02 inf =   1.162e-02 (5100) 3
* 15507: obj =   2.333308749e+02 inf =   1.247e-02 (5199) 2
* 15795: obj =   2.333308460e+02 inf =   1.307e-02 (5296) 2
* 16078: obj =   2.333308229e+02 inf =   1.321e-02 (5378) 3
* 16358: obj =   2.333307746e+02 inf =   1.439e-02 (5451) 2
* 16638: obj =   2.333307551e+02 inf =   1.423e-02 (5550) 3
* 16918: obj =   2.333307119e+02 inf =   1.473e-02 (5613) 2
* 17193: obj =   2.333307018e+02 inf =   1.409e-02 (5693) 2
* 17466: obj =   2.333306960e+02 inf =   1.333e-02 (5772) 3
* 17734: obj =   2.333306118e+02 inf =   1.526e-02 (5823) 2
* 18003: obj =   2.333305411e+02 inf =   1.634e-02 (5850) 2
* 18268: obj =   2.333305173e+02 inf =   1.544e-02 (5945) 3
* 18530: obj =   2.333304836e+02 inf =   1.461e-02 (6014) 2
* 18791: obj =   2.333304286e+02 inf =   1.462e-02 (6081) 2
* 19052: obj =   2.333303921e+02 inf =   1.420e-02 (6135) 2
* 19306: obj =   2.333303102e+02 inf =   1.409e-02 (6190) 3
* 19562: obj =   2.333302860e+02 inf =   1.312e-02 (6261) 2
* 19820: obj =   2.333302417e+02 inf =   1.204e-02 (6286) 2
* 20074: obj =   2.333302048e+02 inf =   1.127e-02 (6290) 3
* 20333: obj =   2.333299068e+02 inf =   1.110e-02 (6307) 2
* 20594: obj =   1.888850323e+02 inf =   1.105e-02 (8285) 2
* 20857: obj =   1.888847960e+02 inf =   1.155e-02 (8275) 3
* 21123: obj =   1.888846432e+02 inf =   1.198e-02 (8229) 2
* 21375: obj =   1.888845762e+02 inf =   1.246e-02 (8224) 3
* 21625: obj =   1.888845572e+02 inf =   1.262e-02 (8229) 2
* 21888: obj =   1.888844715e+02 inf =   1.281e-02 (8196) 2
* 22145: obj =   1.888843802e+02 inf =   1.289e-02 (8123) 3
* 22405: obj =   1.888842869e+02 inf =   1.299e-02 (8101) 2
* 22647: obj =   1.888842223e+02 inf =   1.376e-02 (8158) 2
* 22902: obj =   1.888841607e+02 inf =   1.354e-02 (8163) 3
* 23152: obj =   1.888841250e+02 inf =   1.325e-02 (8159) 2
* 23395: obj =   1.888840698e+02 inf =   1.341e-02 (8198) 2
* 23652: obj =   1.888839094e+02 inf =   1.315e-02 (8141) 2
* 23892: obj =   1.779031425e+02 inf =   1.346e-02 (8052) 3
* 24134: obj =   1.779030880e+02 inf =   1.309e-02 (8056) 2
* 24363: obj =   1.779030414e+02 inf =   1.345e-02 (8105) 2
* 24606: obj =   1.779028620e+02 inf =   1.324e-02 (8044) 2
* 24849: obj =   1.779027428e+02 inf =   1.309e-02 (8072) 3
* 25098: obj =   1.435163729e+02 inf =   1.257e-02 (8007) 2
* 25350: obj =   1.435159851e+02 inf =   1.264e-02 (7996) 2
* 25599: obj =   1.435156288e+02 inf =   1.276e-02 (8035) 3
* 25865: obj =   1.435151993e+02 inf =   1.399e-02 (7934) 2
* 26155: obj =   1.435150251e+02 inf =   1.583e-02 (7837) 3
* 26460: obj =   1.435149886e+02 inf =   1.578e-02 (7834) 3
* 26770: obj =   1.435149414e+02 inf =   1.619e-02 (7705) 3
* 27090: obj =   1.435149275e+02 inf =   1.585e-02 (7696) 3
* 27420: obj =   1.435149037e+02 inf =   1.587e-02 (7542) 3
* 27727: obj =   1.435148630e+02 inf =   1.543e-02 (7486) 3
* 28029: obj =   1.395484583e+02 inf =   1.512e-02 (8002) 2
* 28294: obj =   1.395484246e+02 inf =   1.539e-02 (8065) 3
* 28558: obj =   1.395483856e+02 inf =   1.511e-02 (8113) 2
* 28836: obj =   1.395483404e+02 inf =   1.451e-02 (8140) 2
* 29103: obj =   1.395483071e+02 inf =   1.396e-02 (8178) 3
* 29391: obj =   1.365250453e+02 inf =   1.424e-02 (8503) 2
* 29657: obj =   1.365249695e+02 inf =   1.416e-02 (8441) 3
* 29944: obj =   1.365248215e+02 inf =   1.393e-02 (8378) 2
* 30228: obj =   1.365246666e+02 inf =   1.375e-02 (8353) 3
* 30511: obj =   1.365243556e+02 inf =   1.333e-02 (8295) 3
* 30782: obj =   1.228463442e+02 inf =   1.331e-02 (208086) 2
* 31042: obj =   1.228461190e+02 inf =   1.390e-02 (208072) 2
* 31299: obj =   1.228459910e+02 inf =   1.447e-02 (208070) 3
* 31563: obj =   1.228459247e+02 inf =   1.444e-02 (208062) 2
* 31830: obj =   1.228458393e+02 inf =   1.421e-02 (208042) 3
* 32105: obj =   1.228457299e+02 inf =   1.451e-02 (208040) 2
* 32378: obj =   1.228456565e+02 inf =   1.553e-02 (208027) 3
* 32660: obj =   1.228456015e+02 inf =   1.708e-02 (208051) 3
* 32954: obj =   1.228455634e+02 inf =   1.686e-02 (208047) 3
* 33263: obj =   1.193427213e+02 inf =   1.673e-02 (8808) 2
* 33550: obj =   1.193427046e+02 inf =   1.678e-02 (8794) 3
* 33845: obj =   1.193426646e+02 inf =   1.672e-02 (8751) 3
* 34142: obj =   1.193426382e+02 inf =   1.662e-02 (8699) 3
* 34447: obj =   1.186443997e+02 inf =   1.641e-02 (8422) 2
* 34744: obj =   1.120162970e+02 inf =   1.642e-02 (8791) 3
* 35056: obj =   1.101703105e+02 inf =   1.654e-02 (8430) 2
* 35359: obj =   1.101702931e+02 inf =   1.696e-02 (8449) 3
* 35660: obj =   1.101702917e+02 inf =   1.706e-02 (8521) 2
* 35955: obj =   1.101702852e+02 inf =   1.738e-02 (8589) 3
* 36245: obj =   1.101702790e+02 inf =   1.764e-02 (8660) 2
* 36524: obj =   1.101702783e+02 inf =   1.761e-02 (8721) 2
* 36795: obj =   1.101702621e+02 inf =   1.817e-02 (8775) 3
* 37066: obj =   1.101702452e+02 inf =   1.861e-02 (8824) 2
* 37331: obj =   1.101702438e+02 inf =   1.846e-02 (8915) 2
* 37593: obj =   1.101702333e+02 inf =   1.859e-02 (8999) 2
* 37853: obj =   1.101702136e+02 inf =   1.878e-02 (9055) 2
* 38107: obj =   1.101701950e+02 inf =   1.883e-02 (9135) 3
* 38361: obj =   1.101701805e+02 inf =   1.859e-02 (9205) 2
* 38616: obj =   1.101701775e+02 inf =   1.821e-02 (9258) 2
* 38870: obj =   1.101701507e+02 inf =   1.789e-02 (9253) 3
* 39124: obj =   1.059140833e+02 inf =   1.757e-02 (10869) 2
* 39332: obj =   1.059139725e+02 inf =   1.761e-02 (10832) 2
* 39582: obj =   1.059138967e+02 inf =   1.755e-02 (10795) 2
* 39835: obj =   1.009069193e+02 inf =   1.752e-02 (10430) 2
* 40077: obj =   1.009068479e+02 inf =   1.730e-02 (10367) 3
* 40328: obj =   1.009067725e+02 inf =   1.717e-02 (10324) 2
* 40571: obj =   1.009067342e+02 inf =   1.697e-02 (10240) 2
* 40821: obj =   9.075060609e+01 inf =   1.674e-02 (11546) 2
* 41074: obj =   9.075038069e+01 inf =   1.689e-02 (11423) 3
* 41332: obj =   9.075026739e+01 inf =   1.736e-02 (11338) 2
* 41577: obj =   9.075016132e+01 inf =   1.869e-02 (11260) 2
* 41820: obj =   9.075006200e+01 inf =   1.988e-02 (11212) 3
* 42081: obj =   9.074993187e+01 inf =   2.143e-02 (11080) 2
* 42336: obj =   9.074984932e+01 inf =   2.217e-02 (10984) 2
* 42589: obj =   9.074974968e+01 inf =   2.282e-02 (10878) 2
* 42837: obj =   9.074963977e+01 inf =   2.412e-02 (10764) 3
* 43095: obj =   9.074955294e+01 inf =   2.466e-02 (10689) 2
* 43361: obj =   9.074949865e+01 inf =   2.460e-02 (10562) 2
* 43606: obj =   9.074932041e+01 inf =   2.696e-02 (10431) 3
* 43854: obj =   9.074928515e+01 inf =   2.707e-02 (10358) 2
* 44105: obj =   9.074920762e+01 inf =   2.730e-02 (10277) 2
* 44338: obj =   9.074908077e+01 inf =   2.898e-02 (10180) 2
* 44578: obj =   9.074901811e+01 inf =   2.925e-02 (10103) 2
* 44815: obj =   9.074895438e+01 inf =   2.946e-02 (10076) 3
* 45063: obj =   9.074891497e+01 inf =   2.905e-02 (9977) 2
* 45293: obj =   9.074883865e+01 inf =   2.937e-02 (9924) 2
* 45553: obj =   9.074879785e+01 inf =   2.851e-02 (9834) 2
* 45799: obj =   9.074872171e+01 inf =   2.848e-02 (9781) 3
* 46053: obj =   8.339403115e+01 inf =   2.818e-02 (9251) 2
* 46307: obj =   8.339394707e+01 inf =   2.786e-02 (9182) 2
* 46553: obj =   8.339385313e+01 inf =   2.789e-02 (9140) 3
* 46799: obj =   8.339377802e+01 inf =   2.804e-02 (9050) 2
* 47046: obj =   8.339373527e+01 inf =   2.799e-02 (9011) 2
* 47275: obj =   8.339362182e+01 inf =   2.734e-02 (8873) 3
* 47524: obj =   8.339357695e+01 inf =   2.712e-02 (8819) 2
* 47765: obj =   8.339352672e+01 inf =   2.683e-02 (8758) 2
* 48015: obj =   8.339345912e+01 inf =   2.639e-02 (8717) 2
* 48261: obj =   8.339340627e+01 inf =   2.602e-02 (8672) 3
* 48507: obj =   8.339332873e+01 inf =   2.585e-02 (8619) 2
* 48758: obj =   8.339328764e+01 inf =   2.661e-02 (8555) 3
* 49024: obj =   8.339324555e+01 inf =   2.843e-02 (8521) 2
* 49292: obj =   8.339321720e+01 inf =   2.956e-02 (8446) 3
* 49592: obj =   7.981362079e+01 inf =   3.011e-02 (8462) 2
* 49893: obj =   7.856716265e+01 inf =   3.020e-02 (8678) 3
* 50160: obj =   7.856714119e+01 inf =   2.925e-02 (8668) 2
* 50422: obj =   7.856711562e+01 inf =   2.846e-02 (8639) 3
* 50689: obj =   7.856708982e+01 inf =   2.784e-02 (8555) 2
* 50963: obj =   7.856706869e+01 inf =   2.710e-02 (8505) 3
* 51233: obj =   7.856704700e+01 inf =   2.650e-02 (8453) 2
* 51503: obj =   7.856701788e+01 inf =   2.580e-02 (8387) 3
* 51794: obj =   7.595380247e+01 inf =   2.624e-02 (8365) 2
* 52084: obj =   7.595378181e+01 inf =   2.684e-02 (8331) 3
* 52363: obj =   7.595374843e+01 inf =   2.680e-02 (8232) 3
* 52670: obj =   7.347491413e+01 inf =   2.702e-02 (8189) 3
* 52955: obj =   7.338533464e+01 inf =   2.734e-02 (8208) 2
* 53243: obj =   7.338532099e+01 inf =   2.785e-02 (8221) 3
* 53528: obj =   7.338530974e+01 inf =   2.795e-02 (8242) 2
* 53807: obj =   7.338529928e+01 inf =   2.792e-02 (8319) 3
* 54087: obj =   7.338528258e+01 inf =   2.845e-02 (8358) 2
* 54365: obj =   7.338526029e+01 inf =   2.828e-02 (8383) 3
* 54640: obj =   6.445083714e+01 inf =   2.788e-02 (9898) 2
* 54900: obj =   6.445076553e+01 inf =   2.673e-02 (9897) 2
* 55132: obj =   6.445065808e+01 inf =   2.689e-02 (9814) 3
* 55361: obj =   6.445058417e+01 inf =   2.754e-02 (9750) 2
* 55588: obj =   6.445048901e+01 inf =   2.879e-02 (9685) 2
* 55819: obj =   6.445044339e+01 inf =   2.911e-02 (9626) 2
* 56051: obj =   6.445041007e+01 inf =   2.906e-02 (9643) 2
* 56274: obj =   6.445029560e+01 inf =   2.959e-02 (9598) 2
* 56501: obj =   6.445024188e+01 inf =   2.968e-02 (9543) 2
* 56722: obj =   6.445016866e+01 inf =   2.981e-02 (9466) 2
* 56946: obj =   6.445012184e+01 inf =   2.947e-02 (9428) 2
* 57166: obj =   6.445007382e+01 inf =   2.910e-02 (9426) 3
* 57390: obj =   6.444999121e+01 inf =   2.872e-02 (9372) 2
* 57618: obj =   6.444981771e+01 inf =   2.800e-02 (9342) 2
* 57862: obj =   6.275486639e+01 inf =   2.781e-02 (8830) 2
* 58092: obj =   6.275482173e+01 inf =   2.795e-02 (8784) 2
* 58321: obj =   6.275477615e+01 inf =   2.838e-02 (8697) 2
* 58552: obj =   6.275473364e+01 inf =   2.921e-02 (8623) 3
* 58793: obj =   6.275469034e+01 inf =   3.070e-02 (8513) 2
* 59047: obj =   6.275466660e+01 inf =   3.085e-02 (8469) 2
* 59301: obj =   6.041958824e+01 inf =   3.142e-02 (8520) 3
* 59569: obj =   6.041954483e+01 inf =   3.161e-02 (8463) 2
* 59820: obj =   6.041935821e+01 inf =   3.222e-02 (8388) 3
* 60059: obj =   6.041931595e+01 inf =   3.238e-02 (8321) 2
* 60310: obj =   6.041928377e+01 inf =   3.260e-02 (8277) 2
* 60562: obj =   6.041925432e+01 inf =   3.235e-02 (8281) 3
* 60817: obj =   6.041923525e+01 inf =   3.218e-02 (8237) 2
* 61058: obj =   6.041918708e+01 inf =   3.098e-02 (8188) 3
* 61316: obj =   6.041917862e+01 inf =   3.093e-02 (8180) 2
* 61571: obj =   6.041912928e+01 inf =   2.931e-02 (8105) 2
* 61830: obj =   6.041909864e+01 inf =   2.950e-02 (7999) 3
* 62101: obj =   6.041905949e+01 inf =   3.155e-02 (7902) 2
* 62420: obj =   6.041903728e+01 inf =   3.145e-02 (8032) 3
* 62714: obj =   6.041903009e+01 inf =   3.143e-02 (8068) 2
* 62994: obj =   5.046025059e+01 inf =   3.128e-02 (8914) 3
* 63269: obj =   5.046023495e+01 inf =   3.089e-02 (8904) 2
* 63525: obj =   5.046020917e+01 inf =   3.019e-02 (8888) 3
* 63779: obj =   5.046017363e+01 inf =   2.988e-02 (8862) 2
* 64013: obj =   5.046012505e+01 inf =   2.975e-02 (8790) 2
* 64246: obj =   5.046009769e+01 inf =   2.970e-02 (8729) 3
* 64488: obj =   5.046007957e+01 inf =   2.946e-02 (8648) 2
* 64744: obj =   5.046007177e+01 inf =   2.893e-02 (8671) 2
* 64986: obj =   5.046004840e+01 inf =   2.843e-02 (8635) 3
* 65214: obj =   5.046000912e+01 inf =   2.830e-02 (8635) 2
* 65467: obj =   5.014465310e+01 inf =   2.828e-02 (8238) 2
* 65741: obj =   5.014464768e+01 inf =   2.842e-02 (8257) 2
* 65997: obj =   5.014462919e+01 inf =   2.823e-02 (8221) 3
* 66255: obj =   4.998012965e+01 inf =   2.821e-02 (8279) 2
* 66491: obj =   4.998010307e+01 inf =   2.855e-02 (8192) 2
* 66722: obj =   4.998006646e+01 inf =   3.012e-02 (8145) 3
* 66969: obj =   4.998002039e+01 inf =   3.408e-02 (8036) 2
* 67240: obj =   4.998000777e+01 inf =   3.508e-02 (7995) 2
* 67520: obj =   4.997999945e+01 inf =   3.507e-02 (8082) 3
* 67815: obj =   4.603362390e+01 inf =   3.502e-02 (8105) 2
* 68083: obj =   4.603360293e+01 inf =   3.559e-02 (8064) 3
* 68358: obj =   4.337935074e+01 inf =   3.553e-02 (210330) 3
* 68624: obj =   4.337929810e+01 inf =   3.459e-02 (210334) 2
* 68877: obj =   4.337897423e+01 inf =   3.602e-02 (210329) 2
* 69123: obj =   4.337851786e+01 inf =   4.245e-02 (210357) 3
* 69403: obj =   4.337839516e+01 inf =   4.392e-02 (210409) 3
* 69678: obj =   4.337816493e+01 inf =   4.767e-02 (210432) 2
* 69959: obj =   4.337779575e+01 inf =   5.431e-02 (210490) 3
* 70222: obj =   4.337756115e+01 inf =   5.835e-02 (210449) 3
* 70465: obj =   4.337698831e+01 inf =   6.914e-02 (210427) 2
* 70694: obj =   4.337632508e+01 inf =   8.167e-02 (210416) 2
* 70925: obj =   4.337597935e+01 inf =   8.776e-02 (210432) 2
* 71152: obj =   4.337566442e+01 inf =   9.226e-02 (210466) 3
* 71388: obj =   4.337518170e+01 inf =   9.826e-02 (210491) 2
* 71611: obj =   4.337436731e+01 inf =   1.088e-01 (210476) 2
* 71838: obj =   4.337392797e+01 inf =   1.140e-01 (210485) 2
* 72067: obj =   4.337322872e+01 inf =   1.211e-01 (210500) 2
* 72290: obj =   4.337277119e+01 inf =   1.249e-01 (210514) 3
* 72520: obj =   4.337238963e+01 inf =   1.272e-01 (210540) 2
* 72754: obj =   4.337161305e+01 inf =   1.319e-01 (210579) 2
* 72992: obj =   4.337134655e+01 inf =   1.323e-01 (210602) 2
* 73227: obj =   4.337061540e+01 inf =   1.355e-01 (210615) 3
* 73468: obj =   4.337033607e+01 inf =   1.351e-01 (210653) 2
* 73712: obj =   4.337026976e+01 inf =   1.336e-01 (210692) 2
* 73954: obj =   4.336902550e+01 inf =   1.369e-01 (210722) 3
* 74202: obj =   4.336819737e+01 inf =   1.382e-01 (210753) 2
* 74450: obj =   4.336710954e+01 inf =   1.396e-01 (210812) 2
* 74694: obj =   4.336649794e+01 inf =   1.388e-01 (210837) 3
* 74950: obj =   4.336560665e+01 inf =   1.387e-01 (210895) 2
* 75198: obj =   4.336499926e+01 inf =   1.378e-01 (210937) 3
* 75456: obj =   4.336431140e+01 inf =   1.362e-01 (210953) 2
* 75708: obj =   4.336409932e+01 inf =   1.342e-01 (210998) 3
* 75970: obj =   4.336327110e+01 inf =   1.323e-01 (211046) 2
* 76222: obj =   4.336178877e+01 inf =   1.319e-01 (211049) 3
* 76483: obj =   4.336135255e+01 inf =   1.293e-01 (211099) 2
* 76743: obj =   4.335185853e+01 inf =   1.268e-01 (211113) 3
* 76993: obj =   4.087085367e+01 inf =   1.276e-01 (208203) 2
* 77233: obj =   4.087083105e+01 inf =   1.289e-01 (208184) 2
* 77464: obj =   4.087076926e+01 inf =   1.334e-01 (208170) 2
* 77698: obj =   4.087073030e+01 inf =   1.351e-01 (208166) 2
* 77941: obj =   4.087068725e+01 inf =   1.363e-01 (208149) 3
* 78203: obj =   4.087065126e+01 inf =   1.377e-01 (208168) 2
* 78462: obj =   4.087062726e+01 inf =   1.382e-01 (208178) 3
* 78721: obj =   4.087061314e+01 inf =   1.378e-01 (208174) 2
* 78986: obj =   4.087059502e+01 inf =   1.376e-01 (208161) 2
* 79243: obj =   4.087057182e+01 inf =   1.370e-01 (208192) 3
* 79506: obj =   4.087054380e+01 inf =   1.368e-01 (208186) 2
* 79767: obj =   4.087051034e+01 inf =   1.370e-01 (208171) 3
* 80035: obj =   4.084673145e+01 inf =   1.367e-01 (208072) 2
* 80297: obj =   4.084671495e+01 inf =   1.364e-01 (208062) 3
* 80566: obj =   4.084669304e+01 inf =   1.360e-01 (208057) 2
* 80830: obj =   4.084667660e+01 inf =   1.356e-01 (208049) 3
* 81103: obj =   4.084664988e+01 inf =   1.343e-01 (208053) 2
* 81363: obj =   4.084662447e+01 inf =   1.332e-01 (208042) 3
* 81633: obj =   4.084660411e+01 inf =   1.327e-01 (208046) 2
* 81900: obj =   4.084657811e+01 inf =   1.319e-01 (208029) 3
* 82172: obj =   4.084654233e+01 inf =   1.307e-01 (208020) 2
* 82435: obj =   4.084650229e+01 inf =   1.305e-01 (208024) 3
* 82699: obj =   4.084646232e+01 inf =   1.316e-01 (208036) 2
* 82962: obj =   4.084641278e+01 inf =   1.332e-01 (208027) 3
* 83235: obj =   4.084639051e+01 inf =   1.329e-01 (208005) 2
* 83507: obj =   3.924561089e+01 inf =   1.330e-01 (207997) 3
* 83804: obj =   3.868211533e+01 inf =   1.336e-01 (20943) 2
* 84104: obj =   3.867972438e+01 inf =   1.349e-01 (20788) 2
* 84384: obj =   3.867690006e+01 inf =   1.347e-01 (20564) 3
* 84664: obj =   3.867498259e+01 inf =   1.349e-01 (20394) 3
* 84933: obj =   3.867266819e+01 inf =   1.339e-01 (20235) 3
* 85195: obj =   3.867037249e+01 inf =   1.317e-01 (20035) 2
* 85452: obj =   3.866741022e+01 inf =   1.297e-01 (19817) 3
* 85702: obj =   3.866417390e+01 inf =   1.282e-01 (19543) 2
* 85953: obj =   3.866077494e+01 inf =   1.278e-01 (19281) 3
* 86235: obj =   3.865910708e+01 inf =   1.290e-01 (19080) 2
* 86516: obj =   3.865868423e+01 inf =   1.284e-01 (18903) 3
* 86749: obj =   3.865848159e+01 inf =   1.279e-01 (12235) 2
* 86979: obj =   3.865846284e+01 inf =   1.262e-01 (12851) 3
* 87205: obj =   3.865844159e+01 inf =   1.245e-01 (208359) 2
* 87416: obj =   3.865841608e+01 inf =   1.236e-01 (208359) 2
* 87640: obj =   3.865837808e+01 inf =   1.229e-01 (12224) 2
* 87856: obj =   3.865836567e+01 inf =   1.225e-01 (12186) 2
* 88080: obj =   3.865834337e+01 inf =   1.225e-01 (12171) 2
* 88295: obj =   3.865831928e+01 inf =   1.229e-01 (12173) 2
* 88509: obj =   3.865830256e+01 inf =   1.233e-01 (12167) 2
* 88725: obj =   3.865827242e+01 inf =   1.247e-01 (12702) 2
* 88942: obj =   3.865823185e+01 inf =   1.270e-01 (12689) 2
* 89157: obj =   3.865818697e+01 inf =   1.297e-01 (12625) 2
* 89370: obj =   3.865813364e+01 inf =   1.335e-01 (12616) 2
* 89575: obj =   3.865811109e+01 inf =   1.346e-01 (12101) 2
* 89777: obj =   3.865810378e+01 inf =   1.347e-01 (12077) 2
* 89977: obj =   3.865808309e+01 inf =   1.355e-01 (12006) 2
* 90173: obj =   3.865807352e+01 inf =   1.357e-01 (11979) 2
* 90372: obj =   3.865803850e+01 inf =   1.382e-01 (12574) 2
* 90577: obj =   3.865802259e+01 inf =   1.391e-01 (12582) 1
* 90781: obj =   3.865800503e+01 inf =   1.399e-01 (11892) 2
* 90974: obj =   3.865798557e+01 inf =   1.411e-01 (11854) 2
* 91164: obj =   3.865796011e+01 inf =   1.431e-01 (11965) 2
* 91351: obj =   3.865792141e+01 inf =   1.460e-01 (12724) 2
* 91537: obj =   3.865789343e+01 inf =   1.479e-01 (12166) 2
* 91732: obj =   3.865787985e+01 inf =   1.486e-01 (11894) 1
* 91917: obj =   3.865784133e+01 inf =   1.520e-01 (12712) 2
* 92104: obj =   3.865782088e+01 inf =   1.534e-01 (12778) 2
* 92298: obj =   3.865778381e+01 inf =   1.556e-01 (11877) 2
* 92490: obj =   3.865775232e+01 inf =   1.572e-01 (12691) 2
* 92683: obj =   3.865772691e+01 inf =   1.577e-01 (12665) 2
* 92879: obj =   3.865770424e+01 inf =   1.584e-01 (12637) 2
* 93078: obj =   3.865767578e+01 inf =   1.593e-01 (12615) 1
* 93278: obj =   3.865764468e+01 inf =   1.598e-01 (12560) 2
* 93482: obj =   3.865763567e+01 inf =   1.583e-01 (11701) 2
* 93681: obj =   3.865761757e+01 inf =   1.585e-01 (12575) 2
* 93877: obj =   3.865759734e+01 inf =   1.587e-01 (11551) 2
* 94075: obj =   3.865759354e+01 inf =   1.574e-01 (11560) 2
* 94263: obj =   3.865756792e+01 inf =   1.575e-01 (208106) 2
* 94457: obj =   3.865753947e+01 inf =   1.577e-01 (208111) 2
* 94660: obj =   3.865752293e+01 inf =   1.571e-01 (208115) 2
* 94861: obj =   3.865750826e+01 inf =   1.562e-01 (208200) 1
* 95060: obj =   3.865749519e+01 inf =   1.553e-01 (208180) 2
* 95254: obj =   3.865747804e+01 inf =   1.546e-01 (11415) 2
* 95447: obj =   3.865747380e+01 inf =   1.531e-01 (11426) 2
* 95653: obj =   3.865746882e+01 inf =   1.523e-01 (11321) 2
* 95850: obj =   3.865746596e+01 inf =   1.517e-01 (11356) 2
* 96048: obj =   3.865745165e+01 inf =   1.509e-01 (208094) 2
* 96249: obj =   3.865744358e+01 inf =   1.504e-01 (12223) 2
* 96463: obj =   3.865742431e+01 inf =   1.488e-01 (12174) 1
* 96669: obj =   3.865740146e+01 inf =   1.476e-01 (11212) 2
* 96872: obj =   3.865739651e+01 inf =   1.466e-01 (11319) 2
* 97081: obj =   3.865739261e+01 inf =   1.453e-01 (11752) 2
* 97291: obj =   3.865738059e+01 inf =   1.444e-01 (11149) 2
* 97497: obj =   3.865737008e+01 inf =   1.432e-01 (208465) 2
* 97710: obj =   3.865735224e+01 inf =   1.424e-01 (11706) 2
* 97916: obj =   3.865734927e+01 inf =   1.413e-01 (11176) 2
* 98124: obj =   3.865734605e+01 inf =   1.405e-01 (11256) 2
* 98331: obj =   3.865733966e+01 inf =   1.391e-01 (208206) 2
* 98532: obj =   3.865732051e+01 inf =   1.382e-01 (208189) 2
* 98736: obj =   3.865730369e+01 inf =   1.377e-01 (11010) 1
* 98934: obj =   3.865730033e+01 inf =   1.369e-01 (11134) 2
* 99124: obj =   3.865728305e+01 inf =   1.359e-01 (208640) 2
* 99305: obj =   3.865724271e+01 inf =   1.349e-01 (10987) 2
* 99490: obj =   3.865721300e+01 inf =   1.341e-01 (10968) 2
* 99681: obj =   3.865719937e+01 inf =   1.337e-01 (209634) 2
* 99876: obj =   3.865719346e+01 inf =   1.327e-01 (209029) 1
*100065: obj =   3.865717721e+01 inf =   1.315e-01 (208784) 2
*100249: obj =   3.865716193e+01 inf =   1.301e-01 (11368) 2
*100455: obj =   3.865714920e+01 inf =   1.293e-01 (208041) 2
*100658: obj =   3.865712576e+01 inf =   1.287e-01 (14048) 2
*100869: obj =   3.865711733e+01 inf =   1.281e-01 (10802) 2
*101089: obj =   3.865710336e+01 inf =   1.273e-01 (210550) 2
*101300: obj =   3.865709319e+01 inf =   1.256e-01 (11202) 2
*101518: obj =   3.865707571e+01 inf =   1.245e-01 (11152) 2
*101716: obj =   3.865706430e+01 inf =   1.238e-01 (10704) 2
*101906: obj =   3.865706266e+01 inf =   1.232e-01 (208023) 2
*102120: obj =   3.865705172e+01 inf =   1.224e-01 (10772) 1
*102328: obj =   3.865704208e+01 inf =   1.216e-01 (11486) 2
*102547: obj =   3.865702726e+01 inf =   1.196e-01 (11324) 2
*102764: obj =   3.865702040e+01 inf =   1.182e-01 (10585) 2
*102958: obj =   3.865701899e+01 inf =   1.177e-01 (10827) 2
*103141: obj =   3.865701615e+01 inf =   1.172e-01 (10554) 2
*103352: obj =   3.865700955e+01 inf =   1.164e-01 (208893) 2
*103554: obj =   3.865700234e+01 inf =   1.153e-01 (12021) 2
*103742: obj =   3.865698347e+01 inf =   1.134e-01 (10726) 2
*103933: obj =   3.865697867e+01 inf =   1.128e-01 (10915) 1
*104114: obj =   3.865697274e+01 inf =   1.118e-01 (10657) 2
*104288: obj =   3.865695869e+01 inf =   1.103e-01 (10954) 2
*104469: obj =   3.865695381e+01 inf =   1.096e-01 (10921) 2
*104653: obj =   3.865694103e+01 inf =   1.085e-01 (10936) 2
*104840: obj =   3.865691903e+01 inf =   1.073e-01 (10574) 1
*105024: obj =   3.865689943e+01 inf =   1.066e-01 (10550) 2
*105198: obj =   3.865689336e+01 inf =   1.062e-01 (10658) 2
*105369: obj =   3.865688284e+01 inf =   1.056e-01 (10411) 2
*105543: obj =   3.865687877e+01 inf =   1.051e-01 (10320) 1
*105715: obj =   3.865686847e+01 inf =   1.047e-01 (10592) 2
*105891: obj =   3.865685847e+01 inf =   1.042e-01 (10454) 2
*106071: obj =   3.865684710e+01 inf =   1.036e-01 (10523) 1
*106252: obj =   3.865683420e+01 inf =   1.029e-01 (10506) 2
*106428: obj =   3.865681856e+01 inf =   1.023e-01 (10584) 2
*106599: obj =   3.865681173e+01 inf =   1.019e-01 (10484) 2
*106778: obj =   3.865679844e+01 inf =   1.009e-01 (10619) 1
*106951: obj =   3.865678410e+01 inf =   1.001e-01 (10693) 2
*107120: obj =   3.865677620e+01 inf =   9.949e-02 (10171) 2
*107268: obj =   3.865676672e+01 inf =   9.895e-02 (10688) 1
*107375: obj =   3.865675449e+01 inf =   9.866e-02 (10661) 1
*107481: obj =   3.791556569e+01 inf =   9.860e-02 (10031) 1
*107580: obj =   3.791555988e+01 inf =   9.858e-02 (10028) 1
*107794: obj =   3.791550403e+01 inf =   9.848e-02 (16362) 2
*108013: obj =   3.791523924e+01 inf =   9.863e-02 (16294) 2
*108238: obj =   3.791495641e+01 inf =   9.857e-02 (16215) 2
*108434: obj =   3.791444535e+01 inf =   9.838e-02 (16148) 2
*108631: obj =   3.791390206e+01 inf =   9.805e-02 (16100) 2
*108854: obj =   3.791321705e+01 inf =   9.808e-02 (16018) 2
*109073: obj =   3.791297125e+01 inf =   9.809e-02 (15944) 2
*109297: obj =   3.791249726e+01 inf =   9.821e-02 (15821) 2
*109480: obj =   3.791210832e+01 inf =   9.838e-02 (15760) 2
*109706: obj =   3.791176420e+01 inf =   9.882e-02 (15713) 2
*109930: obj =   3.791104651e+01 inf =   9.901e-02 (15639) 2
*110157: obj =   3.791044973e+01 inf =   9.974e-02 (15597) 2
*110386: obj =   3.790989441e+01 inf =   1.008e-01 (15478) 2
*110606: obj =   3.790910320e+01 inf =   1.030e-01 (15336) 3
*110845: obj =   3.790865520e+01 inf =   1.045e-01 (15258) 2
*111083: obj =   3.790803216e+01 inf =   1.064e-01 (15219) 2
*111306: obj =   3.790751145e+01 inf =   1.086e-01 (15149) 2
*111520: obj =   3.790723864e+01 inf =   1.101e-01 (15057) 2
*111757: obj =   3.790710586e+01 inf =   1.105e-01 (14968) 3
*112006: obj =   3.790668752e+01 inf =   1.120e-01 (14878) 2
*112253: obj =   3.790642302e+01 inf =   1.130e-01 (14801) 2
*112510: obj =   3.790603617e+01 inf =   1.138e-01 (14735) 3
*112760: obj =   3.790558370e+01 inf =   1.143e-01 (14738) 2
*112996: obj =   3.790487687e+01 inf =   1.175e-01 (14706) 2
*113217: obj =   3.790425149e+01 inf =   1.217e-01 (14664) 2
*113430: obj =   3.790365378e+01 inf =   1.266e-01 (14634) 2
*113637: obj =   3.790325712e+01 inf =   1.300e-01 (14551) 2
*113845: obj =   3.790244956e+01 inf =   1.388e-01 (14487) 2
*114055: obj =   3.790215267e+01 inf =   1.420e-01 (14428) 2
*114263: obj =   3.790189100e+01 inf =   1.444e-01 (14380) 2
*114469: obj =   3.790137366e+01 inf =   1.494e-01 (14360) 2
*114671: obj =   3.790059868e+01 inf =   1.586e-01 (14271) 2
*114873: obj =   3.790013986e+01 inf =   1.646e-01 (14257) 2
*115073: obj =   3.789974957e+01 inf =   1.690e-01 (14207) 2
*115270: obj =   3.789925263e+01 inf =   1.754e-01 (14138) 2
*115466: obj =   3.789899844e+01 inf =   1.773e-01 (14124) 2
*115661: obj =   3.789852855e+01 inf =   1.828e-01 (14087) 2
*115862: obj =   3.789832077e+01 inf =   1.839e-01 (14039) 2
*116061: obj =   3.789783940e+01 inf =   1.895e-01 (14000) 1
*116257: obj =   3.789744103e+01 inf =   1.937e-01 (13950) 2
*116453: obj =   3.789718430e+01 inf =   1.950e-01 (13884) 2
*116647: obj =   3.789692568e+01 inf =   1.965e-01 (13855) 2
*116841: obj =   3.789660863e+01 inf =   1.989e-01 (13827) 2
*117036: obj =   3.789649017e+01 inf =   1.986e-01 (13792) 2
*117234: obj =   3.789628488e+01 inf =   1.990e-01 (13722) 1
*117427: obj =   3.789606391e+01 inf =   1.993e-01 (13631) 2
*117619: obj =   3.789593335e+01 inf =   1.992e-01 (13583) 2
*117813: obj =   3.789571820e+01 inf =   1.994e-01 (13521) 2
*118007: obj =   3.789535886e+01 inf =   2.014e-01 (13501) 2
*118203: obj =   3.789520808e+01 inf =   2.010e-01 (13417) 2
*118400: obj =   3.789482551e+01 inf =   2.030e-01 (13378) 1
*118591: obj =   3.789465035e+01 inf =   2.022e-01 (13334) 2
*118784: obj =   3.789456637e+01 inf =   2.005e-01 (13266) 2
*118978: obj =   3.789435698e+01 inf =   2.009e-01 (13242) 2
*119174: obj =   3.789423692e+01 inf =   1.999e-01 (13190) 2
*119372: obj =   3.789397347e+01 inf =   1.996e-01 (13124) 1
*119564: obj =   3.789365295e+01 inf =   1.999e-01 (13092) 2
*119758: obj =   3.789361173e+01 inf =   1.974e-01 (13017) 2
*119954: obj =   3.789341095e+01 inf =   1.962e-01 (12957) 2
*120150: obj =   3.789321813e+01 inf =   1.954e-01 (12863) 2
*120346: obj =   3.789294942e+01 inf =   1.950e-01 (12830) 2
*120545: obj =   3.789271914e+01 inf =   1.946e-01 (12805) 2
*120743: obj =   3.789262078e+01 inf =   1.929e-01 (12760) 1
*120939: obj =   3.789242122e+01 inf =   1.918e-01 (12710) 2
*121134: obj =   3.789222438e+01 inf =   1.904e-01 (12659) 2
*121330: obj =   3.789212539e+01 inf =   1.891e-01 (12618) 2
*121523: obj =   3.789197173e+01 inf =   1.871e-01 (12570) 2
*121714: obj =   3.789166266e+01 inf =   1.865e-01 (12514) 2
*121913: obj =   3.789145079e+01 inf =   1.855e-01 (12510) 1
*122048: obj =   3.789144416e+01 inf =   1.831e-01 (12491) 2
*122233: obj =   3.789131680e+01 inf =   1.814e-01 (12391) 1
*122398: obj =   3.789121201e+01 inf =   1.796e-01 (12328) 2
*122591: obj =   3.789090461e+01 inf =   1.788e-01 (12292) 2
*122789: obj =   3.789068147e+01 inf =   1.784e-01 (12270) 2
*122984: obj =   3.789058270e+01 inf =   1.774e-01 (12211) 2
*123180: obj =   3.789021273e+01 inf =   1.771e-01 (12157) 2
*123378: obj =   3.789000916e+01 inf =   1.769e-01 (12138) 1
*123570: obj =   3.788996056e+01 inf =   1.738e-01 (12085) 2
*123763: obj =   3.788989472e+01 inf =   1.704e-01 (12032) 2
*123921: obj =   3.788976226e+01 inf =   1.691e-01 (11977) 2
*124119: obj =   3.788959332e+01 inf =   1.678e-01 (11924) 1
*124313: obj =   3.788947158e+01 inf =   1.664e-01 (11898) 2
*124509: obj =   3.788928799e+01 inf =   1.649e-01 (11821) 2
*124707: obj =   3.788911800e+01 inf =   1.643e-01 (11789) 2
*124904: obj =   3.788894759e+01 inf =   1.628e-01 (11763) 2
*125098: obj =   3.788878785e+01 inf =   1.623e-01 (11734) 2
*125291: obj =   3.788859237e+01 inf =   1.617e-01 (11709) 2
*125491: obj =   3.788833462e+01 inf =   1.616e-01 (11672) 2
*125683: obj =   3.788802915e+01 inf =   1.615e-01 (11646) 2
*125886: obj =   3.788783787e+01 inf =   1.615e-01 (11544) 1
*126058: obj =   3.788778447e+01 inf =   1.601e-01 (11509) 2
*126224: obj =   3.788767948e+01 inf =   1.586e-01 (11482) 2
*126421: obj =   3.788757217e+01 inf =   1.567e-01 (11440) 2
*126622: obj =   3.788745440e+01 inf =   1.551e-01 (11365) 2
*126824: obj =   3.788733178e+01 inf =   1.541e-01 (11330) 1
*127022: obj =   3.788718461e+01 inf =   1.531e-01 (11297) 2
*127221: obj =   3.788700567e+01 inf =   1.522e-01 (11277) 2
*127420: obj =   3.788697049e+01 inf =   1.497e-01 (11254) 2
*127614: obj =   3.788680357e+01 inf =   1.480e-01 (11220) 2
*127814: obj =   3.788664649e+01 inf =   1.471e-01 (11228) 2
*128010: obj =   3.788648605e+01 inf =   1.463e-01 (11217) 2
*128208: obj =   3.788632366e+01 inf =   1.440e-01 (11206) 2
*128414: obj =   3.788617563e+01 inf =   1.432e-01 (11097) 2
*128610: obj =   3.788602576e+01 inf =   1.417e-01 (11076) 2
*128809: obj =   3.788583217e+01 inf =   1.410e-01 (11040) 1
*129009: obj =   3.788573542e+01 inf =   1.388e-01 (10963) 2
*129209: obj =   3.788562755e+01 inf =   1.369e-01 (10907) 2
*129446: obj =   3.788549747e+01 inf =   1.357e-01 (10837) 3
*129659: obj =   3.788541722e+01 inf =   1.331e-01 (10803) 2
*129868: obj =   3.788521566e+01 inf =   1.317e-01 (10793) 2
*130077: obj =   3.788508114e+01 inf =   1.314e-01 (10761) 2
*130289: obj =   3.788502139e+01 inf =   1.289e-01 (10672) 2
*130501: obj =   3.788481755e+01 inf =   1.278e-01 (10638) 2
*130705: obj =   3.788469300e+01 inf =   1.266e-01 (10613) 2
*130905: obj =   3.788451939e+01 inf =   1.251e-01 (10593) 2
*131124: obj =   3.788447012e+01 inf =   1.232e-01 (10546) 2
*131336: obj =   3.788429974e+01 inf =   1.219e-01 (10550) 2
*131552: obj =   3.788406446e+01 inf =   1.211e-01 (10480) 2
*131758: obj =   3.788382142e+01 inf =   1.202e-01 (10396) 2
*131965: obj =   3.788375014e+01 inf =   1.195e-01 (10405) 2
*132180: obj =   3.788374382e+01 inf =   1.171e-01 (10341) 2
*132388: obj =   3.788361264e+01 inf =   1.144e-01 (10298) 2
*132589: obj =   3.788338799e+01 inf =   1.138e-01 (10248) 2
*132783: obj =   3.788318393e+01 inf =   1.133e-01 (10196) 2
*132987: obj =   3.788311232e+01 inf =   1.128e-01 (10213) 2
*133195: obj =   3.788299581e+01 inf =   1.102e-01 (10158) 2
*133417: obj =   3.788293712e+01 inf =   1.084e-01 (10104) 2
*133646: obj =   3.788290081e+01 inf =   1.033e-01 (10071) 2
*133871: obj =   3.788281045e+01 inf =   1.000e-01 (10035) 2
*134079: obj =   3.788263128e+01 inf =   9.922e-02 (9964) 2
*134290: obj =   3.788258964e+01 inf =   9.727e-02 (9982) 2
*134486: obj =   3.788252719e+01 inf =   9.555e-02 (9945) 2
*134696: obj =   3.788231758e+01 inf =   9.433e-02 (9934) 2
*134907: obj =   3.788217997e+01 inf =   9.370e-02 (9934) 2
*135116: obj =   3.788204244e+01 inf =   9.234e-02 (9886) 3
*135314: obj =   3.788202854e+01 inf =   9.005e-02 (9880) 1
*135530: obj =   3.788187998e+01 inf =   8.785e-02 (9820) 3
*135730: obj =   3.788177706e+01 inf =   8.561e-02 (9742) 1
*135937: obj =   3.788164511e+01 inf =   8.331e-02 (9738) 2
*136144: obj =   3.788150217e+01 inf =   8.273e-02 (9711) 2
*136352: obj =   3.788133751e+01 inf =   8.192e-02 (9686) 3
*136556: obj =   3.788124947e+01 inf =   7.947e-02 (9671) 1
*136736: obj =   3.788114088e+01 inf =   7.697e-02 (9598) 2
*136950: obj =   3.788097215e+01 inf =   7.560e-02 (9573) 2
*137161: obj =   3.788069435e+01 inf =   7.425e-02 (9548) 2
*137356: obj =   3.788054700e+01 inf =   7.345e-02 (9556) 2
*137560: obj =   3.788045329e+01 inf =   7.163e-02 (9467) 2
*137777: obj =   3.788017605e+01 inf =   7.006e-02 (9476) 2
*137983: obj =   3.788003942e+01 inf =   6.905e-02 (9462) 2
*138198: obj =   3.787979980e+01 inf =   6.747e-02 (9403) 3
*138428: obj =   3.787949804e+01 inf =   6.649e-02 (9398) 2
*138638: obj =   3.787929267e+01 inf =   6.518e-02 (9400) 2
*138847: obj =   3.787916169e+01 inf =   6.433e-02 (9380) 2
*139059: obj =   3.787891322e+01 inf =   6.349e-02 (9319) 2
*139278: obj =   3.787843732e+01 inf =   6.188e-02 (9237) 2
*139489: obj =   3.787799243e+01 inf =   6.092e-02 (9194) 2
*139694: obj =   3.787768719e+01 inf =   5.939e-02 (9178) 2
*139909: obj =   3.787607902e+01 inf =   5.860e-02 (9122) 2
*140103: obj =   3.744820409e+01 inf =   5.888e-02 (10119) 2
*140286: obj =   3.744810978e+01 inf =   5.952e-02 (10067) 2
*140471: obj =   3.744807766e+01 inf =   6.039e-02 (10056) 1
*140651: obj =   3.744795827e+01 inf =   6.060e-02 (10054) 2
*140833: obj =   3.744786142e+01 inf =   6.092e-02 (9960) 2
*141018: obj =   3.744778575e+01 inf =   6.144e-02 (9946) 2
*141203: obj =   3.744760139e+01 inf =   6.127e-02 (9873) 2
*141392: obj =   3.744754760e+01 inf =   6.300e-02 (9905) 1
*141577: obj =   3.744744922e+01 inf =   6.368e-02 (9904) 2
*141763: obj =   3.744736958e+01 inf =   6.374e-02 (9823) 2
*141951: obj =   3.744725187e+01 inf =   6.363e-02 (9791) 2
*142121: obj =   3.744716809e+01 inf =   6.412e-02 (9758) 1
*142236: obj =   3.744712311e+01 inf =   6.470e-02 (9721) 1
*142365: obj =   3.744703697e+01 inf =   6.515e-02 (9733) 2
*142554: obj =   3.744692160e+01 inf =   6.660e-02 (9709) 2
*142746: obj =   3.744681033e+01 inf =   6.692e-02 (9642) 1
*142935: obj =   3.744671941e+01 inf =   6.722e-02 (9625) 2
*143119: obj =   3.744662560e+01 inf =   6.731e-02 (9585) 2
*143303: obj =   3.744651251e+01 inf =   6.753e-02 (9506) 2
*143487: obj =   3.744639821e+01 inf =   6.805e-02 (9523) 2
*143675: obj =   3.744626911e+01 inf =   6.802e-02 (9494) 1
*143861: obj =   3.744615433e+01 inf =   6.743e-02 (9499) 2
*144048: obj =   3.744605162e+01 inf =   6.695e-02 (9461) 2
*144233: obj =   3.744593112e+01 inf =   6.662e-02 (9414) 2
*144419: obj =   3.744590618e+01 inf =   6.712e-02 (9378) 2
*144610: obj =   3.744581388e+01 inf =   6.616e-02 (9337) 1
*144795: obj =   3.744575463e+01 inf =   6.584e-02 (9283) 2
*144985: obj =   3.744567936e+01 inf =   6.574e-02 (9261) 2
*145170: obj =   3.744562590e+01 inf =   6.543e-02 (9224) 2
*145354: obj =   3.744557809e+01 inf =   6.542e-02 (9228) 2
*145500: obj =   3.744549732e+01 inf =   6.448e-02 (9206) 1
*145691: obj =   3.744544104e+01 inf =   6.452e-02 (9155) 2
*145886: obj =   3.744534136e+01 inf =   6.353e-02 (9061) 2
*146084: obj =   3.744530792e+01 inf =   6.380e-02 (9022) 2
*146278: obj =   3.744521413e+01 inf =   6.304e-02 (9011) 2
*146468: obj =   3.744516795e+01 inf =   6.313e-02 (8959) 2
*146673: obj =   3.744515253e+01 inf =   6.337e-02 (8892) 1
*146876: obj =   3.744506655e+01 inf =   6.311e-02 (8900) 2
*147080: obj =   3.744500232e+01 inf =   6.281e-02 (8858) 2
*147285: obj =   3.744493300e+01 inf =   6.251e-02 (8826) 2
*147475: obj =   3.744483586e+01 inf =   6.157e-02 (8749) 2
*147667: obj =   3.744478069e+01 inf =   6.165e-02 (8690) 2
*147877: obj =   3.744473418e+01 inf =   6.208e-02 (8691) 2
*148086: obj =   3.744469526e+01 inf =   6.234e-02 (8629) 2
*148295: obj =   3.744463436e+01 inf =   6.248e-02 (8622) 2
*148489: obj =   3.744459301e+01 inf =   6.203e-02 (8580) 2
*148685: obj =   3.744454335e+01 inf =   6.164e-02 (8488) 2
*148888: obj =   3.744450984e+01 inf =   6.138e-02 (8472) 2
*149085: obj =   3.744447696e+01 inf =   6.129e-02 (8439) 2
*149282: obj =   3.744443527e+01 inf =   6.081e-02 (8355) 2
*149499: obj =   3.744439875e+01 inf =   6.099e-02 (8410) 2
*149713: obj =   3.744435533e+01 inf =   6.082e-02 (8333) 2
*149930: obj =   3.744431269e+01 inf =   6.061e-02 (8337) 2
*150147: obj =   3.744425989e+01 inf =   6.001e-02 (8291) 2
*150355: obj =   3.744421787e+01 inf =   5.941e-02 (8244) 2
*150554: obj =   3.744419978e+01 inf =   5.931e-02 (8158) 2
*150756: obj =   3.744417477e+01 inf =   5.873e-02 (8120) 2
*150972: obj =   3.744412780e+01 inf =   5.832e-02 (8077) 2
*151186: obj =   3.744410289e+01 inf =   5.807e-02 (8087) 2
*151353: obj =   3.744397188e+01 inf =   5.776e-02 (8017) 2
*151482: obj =   3.744395292e+01 inf =   5.732e-02 (7952) 1
*151658: obj =   3.729103387e+01 inf =   5.733e-02 (12973) 2
*151869: obj =   3.729069756e+01 inf =   5.680e-02 (12952) 2
*152062: obj =   3.729061322e+01 inf =   5.656e-02 (12917) 2
*152258: obj =   3.729054854e+01 inf =   5.644e-02 (12875) 1
*152452: obj =   3.729040295e+01 inf =   5.586e-02 (12848) 2
*152649: obj =   3.729027386e+01 inf =   5.558e-02 (12793) 2
*152849: obj =   3.729019561e+01 inf =   5.557e-02 (12755) 2
*153054: obj =   3.729012508e+01 inf =   5.616e-02 (12712) 2
*153260: obj =   3.729009138e+01 inf =   5.701e-02 (12650) 2
*153460: obj =   3.729002107e+01 inf =   5.673e-02 (12625) 2
*153666: obj =   3.728994616e+01 inf =   5.715e-02 (12578) 2
*153873: obj =   3.728989297e+01 inf =   5.735e-02 (12513) 2
*154080: obj =   3.728981430e+01 inf =   5.743e-02 (12456) 2
*154285: obj =   3.728975401e+01 inf =   5.782e-02 (12381) 2
*154485: obj =   3.728971504e+01 inf =   5.782e-02 (12332) 2
*154689: obj =   3.728963582e+01 inf =   5.760e-02 (12286) 2
*154894: obj =   3.728957040e+01 inf =   5.745e-02 (12270) 2
*155100: obj =   3.728954060e+01 inf =   5.771e-02 (12216) 2
*155305: obj =   3.728944213e+01 inf =   5.712e-02 (12176) 2
*155510: obj =   3.728936188e+01 inf =   5.647e-02 (12125) 2
*155718: obj =   3.728929305e+01 inf =   5.652e-02 (12075) 2
*155937: obj =   3.728926506e+01 inf =   5.666e-02 (12070) 2
*156152: obj =   3.728920769e+01 inf =   5.663e-02 (11990) 2
*156359: obj =   3.728913091e+01 inf =   5.659e-02 (11938) 2
*156565: obj =   3.728909333e+01 inf =   5.696e-02 (11877) 2
*156777: obj =   3.728905283e+01 inf =   5.726e-02 (11849) 2
*156993: obj =   3.728900747e+01 inf =   5.749e-02 (11862) 2
*157219: obj =   3.728896691e+01 inf =   5.784e-02 (11827) 2
*157434: obj =   3.728892859e+01 inf =   5.756e-02 (11814) 2
*157645: obj =   3.728888144e+01 inf =   5.736e-02 (11739) 2
*157867: obj =   3.728884101e+01 inf =   5.766e-02 (11711) 2
*158086: obj =   3.728877327e+01 inf =   5.716e-02 (11660) 2
*158300: obj =   3.728871316e+01 inf =   5.700e-02 (11613) 2
*158512: obj =   3.728866354e+01 inf =   5.686e-02 (11607) 2
*158724: obj =   3.728861480e+01 inf =   5.695e-02 (11590) 2
*158940: obj =   3.728859810e+01 inf =   5.723e-02 (11558) 2
*159116: obj =   3.728856139e+01 inf =   5.718e-02 (11512) 2
*159339: obj =   3.728852386e+01 inf =   5.709e-02 (11412) 2
*159559: obj =   3.728849396e+01 inf =   5.731e-02 (11390) 2
*159800: obj =   3.728847288e+01 inf =   5.747e-02 (11335) 2
*160020: obj =   3.728844372e+01 inf =   5.723e-02 (11288) 2
*160236: obj =   3.728839830e+01 inf =   5.649e-02 (11253) 3
*160453: obj =   3.728835027e+01 inf =   5.652e-02 (11200) 2
*160671: obj =   3.728832600e+01 inf =   5.665e-02 (11171) 2
*160940: obj =   3.298883605e+01 inf =   5.584e-02 (9992) 2
*161173: obj =   3.298879256e+01 inf =   5.604e-02 (9977) 2
*161383: obj =   3.298876089e+01 inf =   5.626e-02 (9948) 2
*161591: obj =   3.298871820e+01 inf =   5.659e-02 (9954) 2
*161798: obj =   3.298865763e+01 inf =   5.770e-02 (9914) 2
*162009: obj =   3.298860417e+01 inf =   5.905e-02 (9858) 2
*162215: obj =   3.298856740e+01 inf =   5.956e-02 (9805) 2
*162427: obj =   3.298852345e+01 inf =   6.050e-02 (9792) 1
*162631: obj =   3.298846735e+01 inf =   6.214e-02 (9759) 2
*162837: obj =   3.298842974e+01 inf =   6.282e-02 (9735) 2
*163047: obj =   3.298839817e+01 inf =   6.304e-02 (9666) 2
*163291: obj =   3.242873026e+01 inf =   6.230e-02 (210443) 2
*163537: obj =   3.242863651e+01 inf =   6.216e-02 (210441) 3
*163775: obj =   3.242854206e+01 inf =   6.192e-02 (210399) 2
*163974: obj =   3.242771292e+01 inf =   6.109e-02 (210407) 2
*164173: obj =   3.242673844e+01 inf =   6.059e-02 (210426) 2
*164370: obj =   3.242615356e+01 inf =   6.061e-02 (210446) 2
*164566: obj =   3.242472476e+01 inf =   6.078e-02 (210464) 2
*164767: obj =   3.242309412e+01 inf =   6.159e-02 (210485) 1
*164966: obj =   3.242098870e+01 inf =   6.355e-02 (210507) 2
*165166: obj =   3.241960677e+01 inf =   6.517e-02 (210553) 2
*165368: obj =   3.241856445e+01 inf =   6.638e-02 (210580) 2
*165573: obj =   3.241679585e+01 inf =   6.896e-02 (210581) 2
*165782: obj =   3.241551023e+01 inf =   7.156e-02 (210595) 2
*166003: obj =   3.241421706e+01 inf =   7.364e-02 (210607) 2
*166219: obj =   3.241231106e+01 inf =   7.700e-02 (210620) 3
*166430: obj =   3.241090619e+01 inf =   7.993e-02 (210634) 2
*166645: obj =   3.240895799e+01 inf =   8.458e-02 (210650) 2
*166861: obj =   3.240811144e+01 inf =   8.682e-02 (210675) 2
*167085: obj =   3.240756958e+01 inf =   8.736e-02 (210701) 2
*167315: obj =   3.240580125e+01 inf =   9.028e-02 (210711) 2
*167544: obj =   3.240411995e+01 inf =   9.392e-02 (210725) 3
*167767: obj =   3.240279991e+01 inf =   9.652e-02 (210725) 2
*168014: obj =   3.240194683e+01 inf =   9.788e-02 (210740) 2
*168254: obj =   3.240082983e+01 inf =   9.890e-02 (210747) 2
*168502: obj =   3.239946328e+01 inf =   1.010e-01 (210759) 3
*168758: obj =   3.239882725e+01 inf =   1.016e-01 (210783) 2
*169007: obj =   3.239867035e+01 inf =   1.006e-01 (210799) 3
*169185: obj =   3.239800572e+01 inf =   1.010e-01 (210818) 1
*169364: obj =   3.239766105e+01 inf =   1.007e-01 (210826) 2
*169609: obj =   3.239726218e+01 inf =   1.004e-01 (210840) 2
*169857: obj =   3.239615652e+01 inf =   1.021e-01 (210807) 3
*170083: obj =   3.239455021e+01 inf =   1.054e-01 (210791) 2
*170289: obj =   3.239162480e+01 inf =   1.122e-01 (210775) 2
*170495: obj =   3.238895986e+01 inf =   1.190e-01 (210781) 1
*170697: obj =   3.238760466e+01 inf =   1.221e-01 (210788) 2
*170899: obj =   3.238680008e+01 inf =   1.235e-01 (210800) 2
*171099: obj =   3.238537215e+01 inf =   1.264e-01 (210800) 2
*171298: obj =   3.238303454e+01 inf =   1.315e-01 (210831) 2
*171493: obj =   3.238050680e+01 inf =   1.372e-01 (210811) 2
*171687: obj =   3.237761665e+01 inf =   1.437e-01 (210839) 2
*171892: obj =   3.237739068e+01 inf =   1.432e-01 (210834) 2
*172094: obj =   3.237339848e+01 inf =   1.516e-01 (210820) 1
*172291: obj =   3.237260328e+01 inf =   1.522e-01 (210854) 2
*172485: obj =   3.236862220e+01 inf =   1.602e-01 (210872) 2
*172680: obj =   3.236746222e+01 inf =   1.614e-01 (210881) 2
*172877: obj =   3.236569302e+01 inf =   1.641e-01 (210869) 2
*173075: obj =   3.236440225e+01 inf =   1.649e-01 (210887) 2
*173278: obj =   3.236424758e+01 inf =   1.634e-01 (210906) 1
*173474: obj =   3.236122497e+01 inf =   1.677e-01 (210908) 2
*173669: obj =   3.235917146e+01 inf =   1.702e-01 (210925) 2
*173864: obj =   3.235763346e+01 inf =   1.706e-01 (210962) 2
*174059: obj =   3.235433504e+01 inf =   1.753e-01 (210982) 2
*174253: obj =   3.235109771e+01 inf =   1.790e-01 (210995) 2
*174451: obj =   3.235022300e+01 inf =   1.780e-01 (211011) 1
*174645: obj =   3.234897873e+01 inf =   1.771e-01 (210999) 2
*174841: obj =   3.234651806e+01 inf =   1.786e-01 (210982) 2
*175037: obj =   3.234577743e+01 inf =   1.776e-01 (210998) 2
*175234: obj =   3.234420430e+01 inf =   1.774e-01 (211008) 2
*175428: obj =   3.234003322e+01 inf =   1.813e-01 (211023) 2
*175626: obj =   3.233827954e+01 inf =   1.807e-01 (211014) 2
*175826: obj =   3.233689345e+01 inf =   1.798e-01 (211022) 1
*176023: obj =   3.233645050e+01 inf =   1.775e-01 (211053) 2
*176218: obj =   3.233232520e+01 inf =   1.803e-01 (211065) 2
*176414: obj =   3.233020596e+01 inf =   1.796e-01 (211077) 2
*176607: obj =   3.232687951e+01 inf =   1.813e-01 (211103) 2
*176806: obj =   3.232452000e+01 inf =   1.805e-01 (211145) 1
*177002: obj =   3.232266409e+01 inf =   1.795e-01 (211140) 2
*177198: obj =   3.231801490e+01 inf =   1.809e-01 (211158) 2
*177391: obj =   3.231563682e+01 inf =   1.806e-01 (211165) 2
*177583: obj =   3.231418309e+01 inf =   1.777e-01 (211182) 2
*177774: obj =   3.231212331e+01 inf =   1.759e-01 (211188) 2
*177972: obj =   3.230837260e+01 inf =   1.762e-01 (211186) 1
*178164: obj =   3.230628781e+01 inf =   1.739e-01 (211209) 2
*178303: obj =   3.230372096e+01 inf =   1.732e-01 (211219) 2
*178498: obj =   3.230238502e+01 inf =   1.697e-01 (211235) 1
*178687: obj =   3.230076672e+01 inf =   1.665e-01 (211246) 2
*178878: obj =   3.230072896e+01 inf =   1.627e-01 (211271) 2
*179069: obj =   3.229728542e+01 inf =   1.606e-01 (211283) 2
*179260: obj =   3.229660569e+01 inf =   1.561e-01 (211297) 2
*179460: obj =   3.229279449e+01 inf =   1.531e-01 (211302) 1
*179649: obj =   3.229107581e+01 inf =   1.502e-01 (211324) 2
*179837: obj =   3.229106473e+01 inf =   1.455e-01 (211350) 2
*180032: obj =   3.228486974e+01 inf =   1.442e-01 (211341) 2
*180222: obj =   3.228447885e+01 inf =   1.393e-01 (211353) 2
*180419: obj =   3.228205997e+01 inf =   1.361e-01 (211364) 1
*180609: obj =   3.228170160e+01 inf =   1.320e-01 (211404) 2
*180798: obj =   3.227930332e+01 inf =   1.273e-01 (211426) 2
*180989: obj =   3.227762557e+01 inf =   1.223e-01 (211436) 2
*181185: obj =   3.227653957e+01 inf =   1.172e-01 (211443) 1
*181377: obj =   3.227024933e+01 inf =   1.147e-01 (211472) 2
*181571: obj =   3.226197467e+01 inf =   1.122e-01 (211478) 2
*181762: obj =   3.224883750e+01 inf =   1.096e-01 (211473) 2
*181955: obj =   3.222997754e+01 inf =   1.069e-01 (211483) 2
*182121: obj =   3.219891538e+01 inf =   1.051e-01 (211499) 1
*182311: obj =   3.210157140e+01 inf =   1.036e-01 (211502) 2
*182472: obj =   3.123977989e+01 inf =   1.034e-01 (208046) 2
*182649: obj =   3.123973058e+01 inf =   1.028e-01 (208054) 1
*182807: obj =   3.123970881e+01 inf =   1.019e-01 (208075) 2
*182990: obj =   3.123967142e+01 inf =   1.013e-01 (208076) 2
*183171: obj =   3.123961806e+01 inf =   1.010e-01 (208102) 1
*183336: obj =   3.123958324e+01 inf =   1.007e-01 (208109) 2
*183520: obj =   3.123954211e+01 inf =   1.005e-01 (208105) 1
*183688: obj =   3.123953036e+01 inf =   1.010e-01 (208120) 2
*183851: obj =   3.123949468e+01 inf =   1.005e-01 (208132) 2
*184030: obj =   3.123945163e+01 inf =   1.000e-01 (208134) 1
*184195: obj =   3.123940699e+01 inf =   9.981e-02 (208132) 2
*184376: obj =   3.123934678e+01 inf =   9.940e-02 (208130) 1
*184537: obj =   3.123927960e+01 inf =   9.909e-02 (208128) 2
*184697: obj =   3.123916159e+01 inf =   9.877e-02 (208133) 2
*184880: obj =   3.123902279e+01 inf =   9.835e-02 (208114) 1
*185043: obj =   3.123667496e+01 inf =   9.837e-02 (208004) 2
*185222: obj =   3.123652887e+01 inf =   9.875e-02 (207998) 1
*185388: obj =   3.123645519e+01 inf =   9.877e-02 (207994) 2
*185567: obj =   3.123637519e+01 inf =   9.907e-02 (207980) 1
*185733: obj =   3.123632867e+01 inf =   9.923e-02 (207967) 2
*185919: obj =   3.123626511e+01 inf =   9.975e-02 (207966) 1
*186094: obj =   3.123622175e+01 inf =   1.001e-01 (208004) 2
*186210: obj =   3.123620902e+01 inf =   1.002e-01 (208025) 1
*186347: obj =   3.123619266e+01 inf =   1.005e-01 (208007) 1
*186517: obj =   3.123616272e+01 inf =   1.004e-01 (208007) 2
*186702: obj =   3.123613862e+01 inf =   1.004e-01 (208004) 1
*186873: obj =   3.123611082e+01 inf =   1.003e-01 (208008) 2
*187047: obj =   3.123608985e+01 inf =   1.005e-01 (208014) 2
*187234: obj =   3.123606106e+01 inf =   1.003e-01 (208024) 1
*187406: obj =   3.123603738e+01 inf =   1.000e-01 (208044) 2
*187594: obj =   3.123601555e+01 inf =   1.004e-01 (208026) 1
*187766: obj =   3.123599609e+01 inf =   1.001e-01 (208020) 2
*187941: obj =   3.123597327e+01 inf =   9.955e-02 (208037) 2
*188116: obj =   3.123594504e+01 inf =   9.957e-02 (208028) 1
*188282: obj =   3.123592888e+01 inf =   9.999e-02 (208031) 2
*188469: obj =   3.123589887e+01 inf =   9.970e-02 (208008) 1
*188642: obj =   3.123587703e+01 inf =   9.960e-02 (208024) 2
*188816: obj =   3.123584569e+01 inf =   9.922e-02 (207990) 2
*189005: obj =   3.123581847e+01 inf =   9.889e-02 (208030) 1
*189179: obj =   3.123579303e+01 inf =   9.868e-02 (208011) 2
*189353: obj =   3.123577407e+01 inf =   9.866e-02 (208007) 2
*189539: obj =   3.123574821e+01 inf =   9.809e-02 (208016) 1
*189710: obj =   3.123572091e+01 inf =   9.754e-02 (207985) 2
*189883: obj =   3.123569298e+01 inf =   9.679e-02 (207992) 2
*190074: obj =   3.123566401e+01 inf =   9.625e-02 (207985) 1
*190250: obj =   3.123563017e+01 inf =   9.553e-02 (207982) 2
*190424: obj =   3.123560567e+01 inf =   9.467e-02 (207977) 2
*190614: obj =   3.123557327e+01 inf =   9.399e-02 (207971) 1
*190787: obj =   3.123552761e+01 inf =   9.323e-02 (207976) 2
*190964: obj =   3.123549913e+01 inf =   9.314e-02 (207972) 2
*191155: obj =   3.123545989e+01 inf =   9.233e-02 (207956) 1
*191330: obj =   3.123540947e+01 inf =   9.116e-02 (207947) 2
*191522: obj =   3.122660969e+01 inf =   9.047e-02 (12602) 2
*191737: obj =   3.122636865e+01 inf =   9.024e-02 (12603) 2
*191945: obj =   3.122475003e+01 inf =   9.243e-02 (12579) 2
*192154: obj =   3.122420908e+01 inf =   9.469e-02 (12550) 2
*192366: obj =   3.122390801e+01 inf =   9.686e-02 (12512) 1
*192571: obj =   3.122371626e+01 inf =   9.848e-02 (12466) 2
*192774: obj =   3.122358810e+01 inf =   1.005e-01 (12440) 2
*192979: obj =   3.122347661e+01 inf =   1.023e-01 (12400) 2
*193185: obj =   3.122333702e+01 inf =   1.044e-01 (12389) 2
*193396: obj =   3.122323292e+01 inf =   1.059e-01 (12396) 1
*193600: obj =   3.122315214e+01 inf =   1.072e-01 (12377) 2
*193809: obj =   3.122308317e+01 inf =   1.092e-01 (12342) 2
*194016: obj =   3.122298677e+01 inf =   1.112e-01 (12329) 2
*194226: obj =   3.122292876e+01 inf =   1.120e-01 (12306) 2
*194430: obj =   3.122286406e+01 inf =   1.136e-01 (12282) 2
*194638: obj =   3.122279263e+01 inf =   1.150e-01 (12256) 1
*194839: obj =   3.122271727e+01 inf =   1.158e-01 (12213) 2
*195042: obj =   3.122262319e+01 inf =   1.159e-01 (12209) 2
*195244: obj =   3.122257453e+01 inf =   1.168e-01 (12160) 2
*195446: obj =   3.122246764e+01 inf =   1.164e-01 (12127) 2
*195646: obj =   3.122239730e+01 inf =   1.168e-01 (12098) 2
*195848: obj =   3.122234101e+01 inf =   1.176e-01 (12079) 2
*196055: obj =   3.122224241e+01 inf =   1.175e-01 (12007) 1
*196256: obj =   3.122215044e+01 inf =   1.176e-01 (12001) 2
*196457: obj =   3.122206892e+01 inf =   1.178e-01 (11958) 2
*196670: obj =   3.122203767e+01 inf =   1.193e-01 (11909) 2
*196874: obj =   3.122198610e+01 inf =   1.195e-01 (11925) 2
*197077: obj =   3.122190607e+01 inf =   1.197e-01 (11920) 2
*197275: obj =   3.122184502e+01 inf =   1.197e-01 (11893) 2
*197479: obj =   3.122177703e+01 inf =   1.202e-01 (11848) 2
*197680: obj =   3.122169952e+01 inf =   1.205e-01 (11818) 2
*197882: obj =   3.122158706e+01 inf =   1.203e-01 (11752) 2
*198093: obj =   3.122153805e+01 inf =   1.217e-01 (11710) 2
*198300: obj =   3.122146628e+01 inf =   1.229e-01 (11701) 2
*198508: obj =   3.122138186e+01 inf =   1.248e-01 (11687) 1
*198715: obj =   3.122134736e+01 inf =   1.261e-01 (11626) 2
*198922: obj =   3.122128347e+01 inf =   1.277e-01 (11617) 2
*199129: obj =   3.122123941e+01 inf =   1.292e-01 (11565) 2
*199340: obj =   3.122116392e+01 inf =   1.327e-01 (11521) 2
*199546: obj =   3.122111956e+01 inf =   1.349e-01 (11472) 2
*199757: obj =   3.122108817e+01 inf =   1.371e-01 (11440) 2
*199977: obj =   3.122106716e+01 inf =   1.389e-01 (11401) 2
*200201: obj =   3.122103728e+01 inf =   1.406e-01 (11351) 2
*200422: obj =   3.122101352e+01 inf =   1.420e-01 (11298) 2
*200652: obj =   3.121858426e+01 inf =   1.443e-01 (11227) 2
*200875: obj =   3.121856120e+01 inf =   1.463e-01 (11200) 2
*201116: obj =   3.062510669e+01 inf =   1.481e-01 (27351) 3
*201381: obj =   3.062508933e+01 inf =   1.481e-01 (27386) 2
*201624: obj =   3.062505498e+01 inf =   1.491e-01 (27368) 2
*201862: obj =   3.061730164e+01 inf =   1.497e-01 (27318) 2
*202098: obj =   3.061567763e+01 inf =   1.497e-01 (27217) 2
*202331: obj =   3.061466537e+01 inf =   1.511e-01 (11370) 3
*202547: obj =   3.061464754e+01 inf =   1.522e-01 (11364) 1
*202746: obj =   3.061462463e+01 inf =   1.544e-01 (11342) 2
*202952: obj =   3.061460650e+01 inf =   1.563e-01 (11359) 2
*203146: obj =   3.061458720e+01 inf =   1.572e-01 (11495) 2
*203335: obj =   3.061455333e+01 inf =   1.601e-01 (11501) 2
*203524: obj =   3.061452585e+01 inf =   1.627e-01 (11433) 2
*203722: obj =   3.061450163e+01 inf =   1.649e-01 (11435) 1
*203913: obj =   3.061447785e+01 inf =   1.673e-01 (11366) 2
*204101: obj =   3.061446065e+01 inf =   1.686e-01 (11406) 2
*204300: obj =   3.061444278e+01 inf =   1.703e-01 (11356) 2
*204499: obj =   3.061441093e+01 inf =   1.734e-01 (11370) 1
*204678: obj =   3.061436817e+01 inf =   1.777e-01 (11511) 2
*204867: obj =   3.061433651e+01 inf =   1.807e-01 (11467) 2
*205061: obj =   3.061431575e+01 inf =   1.817e-01 (11448) 2
*205263: obj =   3.061427364e+01 inf =   1.855e-01 (11428) 1
*205457: obj =   3.061425365e+01 inf =   1.868e-01 (11379) 2
*205642: obj =   3.061421476e+01 inf =   1.900e-01 (11343) 2
*205839: obj =   3.061419269e+01 inf =   1.911e-01 (11328) 2
*206041: obj =   3.061415074e+01 inf =   1.945e-01 (11291) 1
*206235: obj =   3.061408832e+01 inf =   2.004e-01 (11283) 2
*206429: obj =   3.061405491e+01 inf =   2.032e-01 (11281) 2
*206620: obj =   3.061401003e+01 inf =   2.072e-01 (11267) 2
*206817: obj =   3.061396603e+01 inf =   2.103e-01 (11236) 1
*207013: obj =   3.061393566e+01 inf =   2.119e-01 (11220) 2
*207207: obj =   3.061388062e+01 inf =   2.173e-01 (11199) 2
*207402: obj =   3.061385643e+01 inf =   2.184e-01 (11172) 2
*207601: obj =   3.061384057e+01 inf =   2.187e-01 (11175) 1
*207793: obj =   3.061379917e+01 inf =   2.220e-01 (11131) 2
*207997: obj =   3.061377486e+01 inf =   2.226e-01 (11129) 2
*208200: obj =   3.061375089e+01 inf =   2.239e-01 (11120) 2
*208407: obj =   3.061372677e+01 inf =   2.237e-01 (11096) 1
*208605: obj =   3.061371455e+01 inf =   2.232e-01 (11072) 2
*208801: obj =   3.061364255e+01 inf =   2.294e-01 (11050) 2
*209002: obj =   3.061362528e+01 inf =   2.294e-01 (11027) 2
*209215: obj =   3.061360400e+01 inf =   2.294e-01 (11028) 1
*209417: obj =   3.061357294e+01 inf =   2.306e-01 (11050) 2
*209616: obj =   3.061353292e+01 inf =   2.334e-01 (11015) 2
*209818: obj =   3.061351807e+01 inf =   2.324e-01 (10975) 2
*210022: obj =   3.061348746e+01 inf =   2.334e-01 (10970) 2
*210225: obj =   3.061345196e+01 inf =   2.351e-01 (10955) 2
*210431: obj =   3.061341610e+01 inf =   2.372e-01 (10953) 1
*210634: obj =   3.061339418e+01 inf =   2.372e-01 (10928) 2
*210837: obj =   3.061336443e+01 inf =   2.371e-01 (10919) 2
*211041: obj =   3.061333585e+01 inf =   2.375e-01 (10913) 2
*211249: obj =   3.061331665e+01 inf =   2.364e-01 (10880) 2
*211461: obj =   3.061331301e+01 inf =   2.339e-01 (10850) 1
*211664: obj =   3.061329366e+01 inf =   2.330e-01 (10831) 2
*211868: obj =   3.061328119e+01 inf =   2.311e-01 (10794) 2
*212076: obj =   3.061326565e+01 inf =   2.290e-01 (10786) 2
*212284: obj =   3.061323231e+01 inf =   2.299e-01 (10761) 1
*212484: obj =   3.061319079e+01 inf =   2.315e-01 (10756) 2
*212687: obj =   3.061317714e+01 inf =   2.306e-01 (10720) 2
*212894: obj =   3.061316668e+01 inf =   2.278e-01 (10721) 2
*213102: obj =   3.061313305e+01 inf =   2.276e-01 (10655) 2
*213310: obj =   3.061311210e+01 inf =   2.272e-01 (10656) 2
*213520: obj =   3.061310116e+01 inf =   2.244e-01 (10589) 2
*213732: obj =   3.061308475e+01 inf =   2.230e-01 (10576) 1
*213941: obj =   3.061305685e+01 inf =   2.222e-01 (10556) 2
*214151: obj =   3.061304767e+01 inf =   2.193e-01 (10523) 2
*214360: obj =   3.061303266e+01 inf =   2.180e-01 (10498) 2
*214566: obj =   3.061300682e+01 inf =   2.175e-01 (10474) 2
*214775: obj =   3.061297938e+01 inf =   2.169e-01 (10456) 2
*214985: obj =   3.061296257e+01 inf =   2.144e-01 (10451) 2
*215193: obj =   3.061294092e+01 inf =   2.138e-01 (10425) 2
*215408: obj =   3.061292032e+01 inf =   2.122e-01 (10427) 1
*215614: obj =   3.061291064e+01 inf =   2.101e-01 (10448) 2
*215822: obj =   3.061289413e+01 inf =   2.075e-01 (10417) 2
*216036: obj =   3.061287565e+01 inf =   2.069e-01 (10391) 2
*216250: obj =   3.061286106e+01 inf =   2.045e-01 (10364) 2
*216458: obj =   3.061282683e+01 inf =   2.048e-01 (10365) 2
*216662: obj =   3.061279881e+01 inf =   2.053e-01 (10349) 2
*216866: obj =   3.061278192e+01 inf =   2.049e-01 (10358) 2
*217081: obj =   3.061275831e+01 inf =   2.034e-01 (10387) 1
*217289: obj =   3.061274584e+01 inf =   2.016e-01 (10363) 2
*217494: obj =   3.061272963e+01 inf =   1.985e-01 (10308) 2
*217696: obj =   3.061270229e+01 inf =   1.975e-01 (10333) 2
*217898: obj =   3.061267987e+01 inf =   1.971e-01 (10279) 2
*218106: obj =   3.061266463e+01 inf =   1.946e-01 (10218) 2
*218316: obj =   3.061265989e+01 inf =   1.906e-01 (10181) 1
*218522: obj =   3.061262242e+01 inf =   1.883e-01 (10170) 2
*218723: obj =   3.061261572e+01 inf =   1.861e-01 (10190) 2
*218929: obj =   3.061260271e+01 inf =   1.826e-01 (10172) 2
*219136: obj =   3.061257148e+01 inf =   1.820e-01 (10119) 2
*219342: obj =   3.061255098e+01 inf =   1.786e-01 (10120) 2
*219546: obj =   3.061252487e+01 inf =   1.778e-01 (10063) 2
*219749: obj =   3.061217758e+01 inf =   1.763e-01 (10319) 1
*219954: obj =   3.061215219e+01 inf =   1.752e-01 (10283) 2
*220161: obj =   3.061211924e+01 inf =   1.729e-01 (10276) 2
*220369: obj =   3.061209851e+01 inf =   1.710e-01 (10250) 2
*220580: obj =   3.061207084e+01 inf =   1.690e-01 (10211) 2
*220790: obj =   3.061205158e+01 inf =   1.675e-01 (10199) 2
*221008: obj =   3.061204688e+01 inf =   1.665e-01 (10188) 2
*221217: obj =   3.061203250e+01 inf =   1.641e-01 (10155) 2
*221431: obj =   3.061200717e+01 inf =   1.620e-01 (10143) 2
*221642: obj =   3.061197196e+01 inf =   1.611e-01 (10106) 2
*221854: obj =   3.061196683e+01 inf =   1.592e-01 (10106) 2
*222075: obj =   3.061195430e+01 inf =   1.567e-01 (10030) 1
*222284: obj =   3.061192891e+01 inf =   1.559e-01 (10039) 2
*222491: obj =   3.061190570e+01 inf =   1.553e-01 (9983) 2
*222701: obj =   3.061188667e+01 inf =   1.541e-01 (9929) 2
*222926: obj =   3.061186667e+01 inf =   1.544e-01 (9947) 2
*223142: obj =   3.061184093e+01 inf =   1.540e-01 (9883) 2
*223368: obj =   3.061181019e+01 inf =   1.540e-01 (9827) 2
*223586: obj =   3.061178529e+01 inf =   1.541e-01 (9773) 2
*223800: obj =   3.061175161e+01 inf =   1.539e-01 (9773) 2
*224023: obj =   3.061173129e+01 inf =   1.537e-01 (9787) 2
*224236: obj =   3.061169018e+01 inf =   1.527e-01 (9716) 2
*224445: obj =   3.061164409e+01 inf =   1.521e-01 (9673) 2
*224656: obj =   3.061162634e+01 inf =   1.528e-01 (9694) 2
*224876: obj =   3.061161382e+01 inf =   1.517e-01 (9633) 2
*225093: obj =   3.061159226e+01 inf =   1.505e-01 (9628) 2
*225297: obj =   3.061158252e+01 inf =   1.508e-01 (9610) 2
*225504: obj =   3.061155401e+01 inf =   1.501e-01 (9590) 2
*225724: obj =   3.061152976e+01 inf =   1.483e-01 (9518) 2
*225932: obj =   3.061150012e+01 inf =   1.475e-01 (9451) 2
*226145: obj =   3.061148319e+01 inf =   1.475e-01 (9419) 2
*226353: obj =   3.061145377e+01 inf =   1.465e-01 (9367) 2
*226565: obj =   3.061143367e+01 inf =   1.462e-01 (9375) 2
*226774: obj =   3.061142080e+01 inf =   1.474e-01 (9338) 2
*226989: obj =   3.061140558e+01 inf =   1.472e-01 (9303) 2
*227203: obj =   3.061137263e+01 inf =   1.461e-01 (9265) 2
*227413: obj =   3.061134068e+01 inf =   1.450e-01 (9206) 2
*227625: obj =   3.061131127e+01 inf =   1.449e-01 (9143) 2
*227841: obj =   3.061127333e+01 inf =   1.432e-01 (9076) 2
*228061: obj =   3.061125623e+01 inf =   1.434e-01 (9048) 2
*228281: obj =   3.061123875e+01 inf =   1.425e-01 (9023) 1
*228494: obj =   3.061120964e+01 inf =   1.414e-01 (8947) 2
*228708: obj =   3.061118768e+01 inf =   1.402e-01 (8916) 2
*228929: obj =   2.946709007e+01 inf =   1.401e-01 (8889) 2
*229156: obj =   2.807369758e+01 inf =   1.395e-01 (9109) 2
*229421: obj =   1.919244716e+01 inf =   1.391e-01 (9053) 1
*229683: obj =   1.804517715e+01 inf =   1.389e-01 (19565) 2
*229919: obj =   1.804170670e+01 inf =   1.381e-01 (19585) 2
*230138: obj =   1.803951240e+01 inf =   1.381e-01 (19524) 3
*230342: obj =   1.803838141e+01 inf =   1.371e-01 (19469) 2
*230545: obj =   1.803720102e+01 inf =   1.364e-01 (19408) 2
*230748: obj =   1.803647900e+01 inf =   1.358e-01 (19352) 2
*230951: obj =   1.803579678e+01 inf =   1.349e-01 (19325) 2
*231161: obj =   1.803498072e+01 inf =   1.344e-01 (19258) 2
*231366: obj =   1.803424824e+01 inf =   1.339e-01 (19172) 2
*231570: obj =   1.803323657e+01 inf =   1.330e-01 (19128) 2
*231771: obj =   1.803191706e+01 inf =   1.315e-01 (19066) 2
*231979: obj =   1.803104969e+01 inf =   1.303e-01 (18962) 2
*232187: obj =   1.803045932e+01 inf =   1.298e-01 (18909) 2
*232399: obj =   1.802976011e+01 inf =   1.289e-01 (18775) 2
*232615: obj =   1.802909535e+01 inf =   1.287e-01 (18688) 2
*232825: obj =   1.802900419e+01 inf =   1.275e-01 (18618) 2
*233042: obj =   1.802840376e+01 inf =   1.256e-01 (18590) 2
*233249: obj =   1.802759311e+01 inf =   1.238e-01 (18514) 2
*233461: obj =   1.802690202e+01 inf =   1.226e-01 (18454) 2
*233668: obj =   1.802623461e+01 inf =   1.217e-01 (18386) 2
*233875: obj =   1.802563742e+01 inf =   1.209e-01 (18298) 2
*234089: obj =   1.802487863e+01 inf =   1.196e-01 (18225) 2
*234300: obj =   1.802428790e+01 inf =   1.188e-01 (18146) 3
*234509: obj =   1.802351948e+01 inf =   1.179e-01 (18095) 2
*234721: obj =   1.802277746e+01 inf =   1.180e-01 (17969) 2
*234968: obj =   1.802225114e+01 inf =   1.174e-01 (17896) 2
*235219: obj =   1.802195638e+01 inf =   1.169e-01 (17768) 3
*235444: obj =   1.802137496e+01 inf =   1.171e-01 (17664) 2
*235650: obj =   1.802043369e+01 inf =   1.179e-01 (17612) 2
*235851: obj =   1.801982327e+01 inf =   1.184e-01 (17527) 2
*236058: obj =   1.801876512e+01 inf =   1.196e-01 (17484) 2
*236255: obj =   1.801735750e+01 inf =   1.222e-01 (17411) 2
*236449: obj =   1.801625878e+01 inf =   1.244e-01 (17348) 2
*236642: obj =   1.801496089e+01 inf =   1.273e-01 (17285) 1
*236830: obj =   1.801360475e+01 inf =   1.308e-01 (17221) 2
*237022: obj =   1.801279124e+01 inf =   1.328e-01 (17184) 2
*237213: obj =   1.801202376e+01 inf =   1.343e-01 (17086) 2
*237401: obj =   1.801115464e+01 inf =   1.359e-01 (16999) 2
*237590: obj =   1.801012947e+01 inf =   1.386e-01 (16978) 2
*237781: obj =   1.800931284e+01 inf =   1.402e-01 (16910) 1
*237967: obj =   1.800864348e+01 inf =   1.415e-01 (16822) 2
*238155: obj =   1.800797130e+01 inf =   1.427e-01 (16724) 2
*238342: obj =   1.800667260e+01 inf =   1.458e-01 (16645) 2
*238528: obj =   1.800653716e+01 inf =   1.454e-01 (16598) 2
*238717: obj =   1.800484125e+01 inf =   1.506e-01 (16550) 2
*238903: obj =   1.800393022e+01 inf =   1.537e-01 (16533) 1
*239089: obj =   1.800314003e+01 inf =   1.557e-01 (16484) 2
*239273: obj =   1.800208698e+01 inf =   1.587e-01 (16443) 2
*239456: obj =   1.800180409e+01 inf =   1.577e-01 (16348) 2
*239640: obj =   1.800080027e+01 inf =   1.601e-01 (16287) 2
*239826: obj =   1.800023173e+01 inf =   1.603e-01 (16203) 1
*240011: obj =   1.799900854e+01 inf =   1.633e-01 (16123) 2
*240193: obj =   1.799829660e+01 inf =   1.640e-01 (16095) 2
*240376: obj =   1.799704079e+01 inf =   1.677e-01 (16010) 2
*240557: obj =   1.799660430e+01 inf =   1.672e-01 (15921) 2
*240743: obj =   1.799592584e+01 inf =   1.680e-01 (15918) 1
*240924: obj =   1.799516903e+01 inf =   1.690e-01 (15873) 2
*241108: obj =   1.799436952e+01 inf =   1.702e-01 (15775) 2
*241291: obj =   1.799332376e+01 inf =   1.726e-01 (15674) 2
*241478: obj =   1.799277131e+01 inf =   1.725e-01 (15605) 2
*241664: obj =   1.799192572e+01 inf =   1.737e-01 (15559) 1
*241845: obj =   1.799109168e+01 inf =   1.749e-01 (15518) 2
*242029: obj =   1.799046666e+01 inf =   1.754e-01 (15494) 2
*242212: obj =   1.798976104e+01 inf =   1.758e-01 (15434) 2
*242393: obj =   1.798922114e+01 inf =   1.758e-01 (15357) 2
*242578: obj =   1.798892018e+01 inf =   1.746e-01 (15291) 1
*242758: obj =   1.798799896e+01 inf =   1.766e-01 (15238) 2
*242938: obj =   1.798757593e+01 inf =   1.754e-01 (15213) 2
*243119: obj =   1.798718094e+01 inf =   1.746e-01 (15118) 2
*243305: obj =   1.798640571e+01 inf =   1.751e-01 (15082) 1
*243485: obj =   1.798571792e+01 inf =   1.761e-01 (14996) 2
*243665: obj =   1.798492531e+01 inf =   1.772e-01 (14919) 2
*243844: obj =   1.798421375e+01 inf =   1.781e-01 (14839) 2
*244027: obj =   1.798356299e+01 inf =   1.795e-01 (14811) 2
*244213: obj =   1.798299204e+01 inf =   1.806e-01 (14769) 1
*244395: obj =   1.798276880e+01 inf =   1.781e-01 (14699) 2
*244579: obj =   1.798242619e+01 inf =   1.766e-01 (14625) 2
*244761: obj =   1.798196177e+01 inf =   1.764e-01 (14558) 2
*244945: obj =   1.798119351e+01 inf =   1.774e-01 (14515) 2
*245132: obj =   1.798053689e+01 inf =   1.775e-01 (14492) 1
*245313: obj =   1.797999168e+01 inf =   1.782e-01 (14397) 2
*245493: obj =   1.797995091e+01 inf =   1.749e-01 (14353) 2
*245672: obj =   1.797966185e+01 inf =   1.730e-01 (14264) 2
*245852: obj =   1.797913445e+01 inf =   1.729e-01 (14193) 2
*246041: obj =   1.797831397e+01 inf =   1.745e-01 (14170) 1
*246223: obj =   1.797764471e+01 inf =   1.753e-01 (14076) 2
*246405: obj =   1.797720302e+01 inf =   1.739e-01 (14045) 2
*246585: obj =   1.797661859e+01 inf =   1.746e-01 (13982) 2
*246763: obj =   1.797564012e+01 inf =   1.762e-01 (13933) 2
*246946: obj =   1.797499013e+01 inf =   1.770e-01 (13919) 1
*247127: obj =   1.797490014e+01 inf =   1.744e-01 (13897) 2
*247308: obj =   1.797470459e+01 inf =   1.720e-01 (13855) 2
*247488: obj =   1.797397175e+01 inf =   1.724e-01 (13775) 2
*247670: obj =   1.797373217e+01 inf =   1.698e-01 (13694) 1
*247849: obj =   1.797310569e+01 inf =   1.698e-01 (13661) 2
*248033: obj =   1.797244451e+01 inf =   1.693e-01 (13624) 2
*248216: obj =   1.797162245e+01 inf =   1.704e-01 (13588) 2
*248395: obj =   1.797118367e+01 inf =   1.697e-01 (13567) 2
*248578: obj =   1.797062177e+01 inf =   1.683e-01 (13464) 1
*248755: obj =   1.797017606e+01 inf =   1.676e-01 (13407) 2
*248932: obj =   1.796990739e+01 inf =   1.652e-01 (13354) 2
*249110: obj =   1.796972340e+01 inf =   1.621e-01 (13299) 2
*249295: obj =   1.796907567e+01 inf =   1.617e-01 (13222) 1
*249479: obj =   1.796872187e+01 inf =   1.612e-01 (13188) 2
*249655: obj =   1.796844976e+01 inf =   1.592e-01 (13142) 2
*249832: obj =   1.796795854e+01 inf =   1.571e-01 (13062) 2
*250017: obj =   1.796756108e+01 inf =   1.567e-01 (13003) 1
*250196: obj =   1.796732828e+01 inf =   1.546e-01 (12947) 2
*250376: obj =   1.796655598e+01 inf =   1.548e-01 (12875) 2
*250553: obj =   1.796623051e+01 inf =   1.524e-01 (12786) 2
*250732: obj =   1.796612187e+01 inf =   1.495e-01 (12724) 2
*250917: obj =   1.796569840e+01 inf =   1.484e-01 (12691) 1
*251098: obj =   1.796532270e+01 inf =   1.482e-01 (12700) 2
*251277: obj =   1.796508498e+01 inf =   1.458e-01 (12607) 2
*251455: obj =   1.796487526e+01 inf =   1.437e-01 (12541) 2
*251637: obj =   1.796441342e+01 inf =   1.431e-01 (12513) 1
*251813: obj =   1.796420876e+01 inf =   1.384e-01 (12468) 2
*251994: obj =   1.796372123e+01 inf =   1.381e-01 (12455) 2
*252175: obj =   1.796325654e+01 inf =   1.380e-01 (12456) 2
*252352: obj =   1.796305679e+01 inf =   1.356e-01 (12406) 2
*252498: obj =   1.796295255e+01 inf =   1.320e-01 (12394) 1
*252620: obj =   1.796270579e+01 inf =   1.303e-01 (12363) 1
*252746: obj =   1.796243739e+01 inf =   1.302e-01 (12316) 1
*252870: obj =   1.796204424e+01 inf =   1.299e-01 (12294) 2
*253021: obj =   1.796168278e+01 inf =   1.297e-01 (12344) 1
*253200: obj =   1.796150380e+01 inf =   1.281e-01 (12312) 2
*253380: obj =   1.796113205e+01 inf =   1.273e-01 (12284) 2
*253561: obj =   1.796093629e+01 inf =   1.239e-01 (12234) 1
*253740: obj =   1.796076146e+01 inf =   1.198e-01 (12148) 2
*253920: obj =   1.796036905e+01 inf =   1.196e-01 (12098) 2
*254104: obj =   1.795987809e+01 inf =   1.193e-01 (12074) 2
*254284: obj =   1.795960778e+01 inf =   1.181e-01 (12067) 2
*254466: obj =   1.795952133e+01 inf =   1.127e-01 (11988) 1
*254643: obj =   1.795930225e+01 inf =   1.092e-01 (11929) 2
*254823: obj =   1.795895150e+01 inf =   1.088e-01 (11906) 2
*255006: obj =   1.795863983e+01 inf =   1.082e-01 (11880) 2
*255191: obj =   1.795823026e+01 inf =   1.081e-01 (11869) 2
*255376: obj =   1.795806814e+01 inf =   1.076e-01 (11818) 1
*255559: obj =   1.795782595e+01 inf =   1.030e-01 (11733) 2
*255742: obj =   1.795725093e+01 inf =   1.010e-01 (11678) 2
*255926: obj =   1.795675157e+01 inf =   1.006e-01 (11621) 2
*256110: obj =   1.795647247e+01 inf =   1.001e-01 (11577) 2
*256298: obj =   1.795618035e+01 inf =   9.794e-02 (11551) 1
*256479: obj =   1.795581911e+01 inf =   9.774e-02 (11482) 2
*256657: obj =   1.795549874e+01 inf =   9.681e-02 (11416) 2
*256838: obj =   1.795521063e+01 inf =   9.306e-02 (11357) 2
*257023: obj =   1.795460302e+01 inf =   9.289e-02 (11295) 2
*257210: obj =   1.795438742e+01 inf =   9.233e-02 (11275) 1
*257389: obj =   1.795410097e+01 inf =   8.737e-02 (11176) 2
*257569: obj =   1.795390827e+01 inf =   8.569e-02 (11143) 2
*257750: obj =   1.795344552e+01 inf =   8.541e-02 (11127) 2
*257930: obj =   1.795325592e+01 inf =   7.882e-02 (11023) 2
*258116: obj =   1.795294957e+01 inf =   7.787e-02 (11003) 1
*258296: obj =   1.795275675e+01 inf =   7.236e-02 (10924) 2
*258476: obj =   1.795236227e+01 inf =   7.121e-02 (10867) 2
*258654: obj =   1.795209288e+01 inf =   7.090e-02 (10825) 2
*258836: obj =   1.795181206e+01 inf =   6.875e-02 (10784) 1
*259019: obj =   1.795142592e+01 inf =   6.783e-02 (10797) 2
*259201: obj =   1.795118182e+01 inf =   6.713e-02 (10732) 2
*259383: obj =   1.795085013e+01 inf =   6.654e-02 (10651) 2
*259562: obj =   1.795056744e+01 inf =   6.311e-02 (10587) 2
*259744: obj =   1.795021382e+01 inf =   6.258e-02 (10528) 1
*259922: obj =   1.794972651e+01 inf =   6.119e-02 (10489) 2
*260102: obj =   1.794955420e+01 inf =   6.095e-02 (10466) 2
*260282: obj =   1.794923167e+01 inf =   5.930e-02 (10439) 2
*260460: obj =   1.794884445e+01 inf =   5.852e-02 (10427) 2
*260643: obj =   1.794854532e+01 inf =   5.663e-02 (10363) 1
*260822: obj =   1.794826485e+01 inf =   5.560e-02 (10341) 2
*261006: obj =   1.794794976e+01 inf =   5.449e-02 (10328) 2
*261186: obj =   1.794764841e+01 inf =   5.424e-02 (10266) 2
*261365: obj =   1.794747129e+01 inf =   5.321e-02 (10234) 1
*261544: obj =   1.794707823e+01 inf =   5.229e-02 (10150) 2
*261725: obj =   1.794683258e+01 inf =   5.133e-02 (10116) 2
*261901: obj =   1.794660965e+01 inf =   5.064e-02 (10099) 2
*262083: obj =   1.794639386e+01 inf =   4.982e-02 (10096) 2
*262267: obj =   1.794605522e+01 inf =   4.941e-02 (10058) 1
*262445: obj =   1.794571923e+01 inf =   4.858e-02 (10033) 2
*262622: obj =   1.794544140e+01 inf =   4.816e-02 (9985) 2
*262798: obj =   1.794517648e+01 inf =   4.720e-02 (9908) 2
*262984: obj =   1.794481092e+01 inf =   4.619e-02 (9868) 1
*263166: obj =   1.794440134e+01 inf =   4.545e-02 (9834) 2
*263344: obj =   1.794400597e+01 inf =   4.412e-02 (9810) 2
*263523: obj =   1.794362358e+01 inf =   4.345e-02 (9739) 2
*263702: obj =   1.794343251e+01 inf =   4.298e-02 (9730) 2
*263884: obj =   1.794285815e+01 inf =   4.208e-02 (9661) 1
*264065: obj =   1.794254837e+01 inf =   4.156e-02 (9606) 2
*264250: obj =   1.794231885e+01 inf =   4.110e-02 (9626) 2
*264450: obj =   1.794215209e+01 inf =   3.921e-02 (9583) 2
*264659: obj =   1.794177610e+01 inf =   3.825e-02 (9529) 2
*264854: obj =   1.794131347e+01 inf =   3.805e-02 (9479) 2
*265048: obj =   1.794090987e+01 inf =   3.694e-02 (9454) 2
*265241: obj =   1.794038788e+01 inf =   3.648e-02 (9431) 2
*265434: obj =   1.793996454e+01 inf =   3.592e-02 (9418) 2
*265626: obj =   1.793939482e+01 inf =   3.595e-02 (9343) 2
*265825: obj =   1.793885030e+01 inf =   3.582e-02 (9228) 2
*266027: obj =   1.793840559e+01 inf =   3.453e-02 (9249) 1
*266218: obj =   1.793798485e+01 inf =   3.358e-02 (9206) 2
*266417: obj =   1.793737537e+01 inf =   3.297e-02 (9150) 2
*266610: obj =   1.793690364e+01 inf =   3.207e-02 (9129) 2
*266788: obj =   1.793665612e+01 inf =   3.198e-02 (9065) 2
*266972: obj =   1.793622625e+01 inf =   3.170e-02 (9052) 2
*267157: obj =   1.793581674e+01 inf =   3.147e-02 (8995) 2
*267343: obj =   1.793532602e+01 inf =   3.071e-02 (8964) 2
*267547: obj =   1.793469190e+01 inf =   3.008e-02 (8965) 2
*267743: obj =   1.793427914e+01 inf =   2.974e-02 (9025) 1
*267938: obj =   1.793383804e+01 inf =   2.919e-02 (8935) 2
*268129: obj =   1.793342554e+01 inf =   2.847e-02 (8887) 2
*268315: obj =   1.793296638e+01 inf =   2.803e-02 (8865) 2
*268496: obj =   1.793255462e+01 inf =   2.814e-02 (8818) 2
*268684: obj =   1.793185200e+01 inf =   2.764e-02 (8746) 2
*268886: obj =   1.793094707e+01 inf =   2.678e-02 (8687) 2
*269077: obj =   1.793044600e+01 inf =   2.594e-02 (8812) 2
*269264: obj =   1.792984532e+01 inf =   2.514e-02 (8758) 2
*269457: obj =   1.792868323e+01 inf =   2.460e-02 (8698) 1
*269669: obj =   1.765542918e+01 inf =   2.421e-02 (9468) 3
*269870: obj =   1.765532797e+01 inf =   2.376e-02 (9535) 1
*270066: obj =   1.765522477e+01 inf =   2.350e-02 (9475) 2
*270250: obj =   1.765510189e+01 inf =   2.325e-02 (9380) 2
*270436: obj =   1.765489247e+01 inf =   2.342e-02 (9342) 2
*270619: obj =   1.765467953e+01 inf =   2.374e-02 (9276) 2
*270800: obj =   1.765448658e+01 inf =   2.358e-02 (9215) 2
*270988: obj =   1.765439410e+01 inf =   2.288e-02 (9191) 1
*271172: obj =   1.765421538e+01 inf =   2.276e-02 (9102) 2
*271355: obj =   1.765399374e+01 inf =   2.284e-02 (9045) 2
*271539: obj =   1.765378129e+01 inf =   2.258e-02 (9037) 2
*271728: obj =   1.765360261e+01 inf =   2.291e-02 (8954) 2
*271915: obj =   1.765343182e+01 inf =   2.262e-02 (8897) 2
*272106: obj =   1.765331376e+01 inf =   2.239e-02 (8816) 1
*272290: obj =   1.759749713e+01 inf =   2.212e-02 (10277) 2
*272475: obj =   1.759737716e+01 inf =   2.202e-02 (10182) 2
*272659: obj =   1.759703508e+01 inf =   2.212e-02 (10092) 2
*272848: obj =   1.759692211e+01 inf =   2.258e-02 (10033) 2
*273041: obj =   1.759678449e+01 inf =   2.240e-02 (9965) 2
*273235: obj =   1.759664440e+01 inf =   2.222e-02 (9866) 1
*273424: obj =   1.759650945e+01 inf =   2.263e-02 (9733) 2
*273611: obj =   1.759639012e+01 inf =   2.321e-02 (9650) 2
*273795: obj =   1.759625636e+01 inf =   2.319e-02 (9632) 2
*273975: obj =   1.759615652e+01 inf =   2.326e-02 (9575) 2
*274157: obj =   1.759601401e+01 inf =   2.276e-02 (9509) 1
*274335: obj =   1.759590427e+01 inf =   2.340e-02 (9486) 2
*274515: obj =   1.759576752e+01 inf =   2.398e-02 (9428) 2
*274695: obj =   1.759561267e+01 inf =   2.416e-02 (9374) 2
*274878: obj =   1.759544461e+01 inf =   2.408e-02 (9250) 1
*275061: obj =   1.759532662e+01 inf =   2.410e-02 (9219) 2
*275241: obj =   1.759521854e+01 inf =   2.443e-02 (9137) 2
*275421: obj =   1.759512230e+01 inf =   2.531e-02 (9060) 2
*275606: obj =   1.759497826e+01 inf =   2.562e-02 (9012) 1
*275790: obj =   1.759481033e+01 inf =   2.661e-02 (8988) 2
*275974: obj =   1.759470099e+01 inf =   2.604e-02 (8967) 2
*276155: obj =   1.759460769e+01 inf =   2.616e-02 (8912) 2
*276337: obj =   1.759447266e+01 inf =   2.685e-02 (8852) 2
*276528: obj =   1.759431364e+01 inf =   2.717e-02 (8835) 1
*276714: obj =   1.759419861e+01 inf =   2.683e-02 (8814) 2
*276899: obj =   1.759410490e+01 inf =   2.727e-02 (8771) 2
*277082: obj =   1.759402747e+01 inf =   2.712e-02 (8665) 2
*277266: obj =   1.759392879e+01 inf =   2.735e-02 (8621) 2
*277452: obj =   1.759381686e+01 inf =   2.750e-02 (8568) 2
*277637: obj =   1.759375524e+01 inf =   2.798e-02 (8521) 1
*277822: obj =   1.759365493e+01 inf =   2.831e-02 (8452) 2
*278010: obj =   1.759358376e+01 inf =   2.884e-02 (8441) 2
*278193: obj =   1.759351724e+01 inf =   2.957e-02 (8420) 2
*278383: obj =   1.759340647e+01 inf =   3.032e-02 (8361) 1
*278572: obj =   1.759330932e+01 inf =   3.051e-02 (8381) 2
*278761: obj =   1.759315109e+01 inf =   3.102e-02 (8325) 2
*278949: obj =   1.759308539e+01 inf =   3.039e-02 (8243) 2
*279141: obj =   1.759302840e+01 inf =   2.957e-02 (8203) 2
*279334: obj =   1.759289627e+01 inf =   2.949e-02 (8188) 2
*279528: obj =   1.759278300e+01 inf =   2.954e-02 (8111) 1
*279705: obj =   1.754248077e+01 inf =   3.004e-02 (208136) 2
*279880: obj =   1.754238856e+01 inf =   3.079e-02 (208143) 2
*280064: obj =   1.754228221e+01 inf =   3.100e-02 (208136) 2
*280247: obj =   1.754218003e+01 inf =   3.123e-02 (208168) 1
*280423: obj =   1.754207512e+01 inf =   3.183e-02 (208184) 2
*280601: obj =   1.754183223e+01 inf =   3.199e-02 (208184) 2
*280784: obj =   1.754165115e+01 inf =   3.240e-02 (208169) 1
*280961: obj =   1.754160591e+01 inf =   3.255e-02 (208169) 2
*281139: obj =   1.754149959e+01 inf =   3.308e-02 (208164) 2
*281318: obj =   1.754144324e+01 inf =   3.427e-02 (208174) 2
*281508: obj =   1.754132577e+01 inf =   3.468e-02 (208161) 1
*281689: obj =   1.754120087e+01 inf =   3.439e-02 (208142) 2
*281871: obj =   1.754108886e+01 inf =   3.502e-02 (208140) 2
*282057: obj =   1.754099022e+01 inf =   3.583e-02 (208170) 2
*282246: obj =   1.754092721e+01 inf =   3.673e-02 (208165) 2
*282432: obj =   1.754082290e+01 inf =   3.708e-02 (208165) 1
*282612: obj =   1.754074171e+01 inf =   3.732e-02 (208160) 2
*282795: obj =   1.754065991e+01 inf =   3.775e-02 (208165) 2
*282983: obj =   1.754053854e+01 inf =   3.776e-02 (208172) 2
*283174: obj =   1.754044639e+01 inf =   3.764e-02 (208150) 1
*283358: obj =   1.754037610e+01 inf =   3.844e-02 (208141) 2
*283543: obj =   1.754027410e+01 inf =   3.877e-02 (208137) 2
*283722: obj =   1.754019913e+01 inf =   3.882e-02 (208141) 2
*283906: obj =   1.754011564e+01 inf =   3.956e-02 (208147) 1
*284087: obj =   1.754005060e+01 inf =   3.967e-02 (208140) 2
*284271: obj =   1.753997881e+01 inf =   3.978e-02 (208107) 2
*284453: obj =   1.753992004e+01 inf =   4.030e-02 (208112) 2
*284640: obj =   1.753982597e+01 inf =   4.139e-02 (208099) 1
*284824: obj =   1.753972493e+01 inf =   4.158e-02 (208082) 2
*285007: obj =   1.753966672e+01 inf =   4.171e-02 (208072) 2
*285192: obj =   1.753959375e+01 inf =   4.153e-02 (208077) 2
*285381: obj =   1.753953175e+01 inf =   4.160e-02 (208077) 1
*285563: obj =   1.753945363e+01 inf =   4.175e-02 (208073) 2
*285746: obj =   1.753940376e+01 inf =   4.207e-02 (208098) 2
*285928: obj =   1.753935781e+01 inf =   4.252e-02 (208112) 2
*286117: obj =   1.753930158e+01 inf =   4.202e-02 (208108) 1
*286302: obj =   1.753925540e+01 inf =   4.209e-02 (208102) 2
*286488: obj =   1.753919948e+01 inf =   4.182e-02 (208103) 2
*286675: obj =   1.753911927e+01 inf =   4.157e-02 (208088) 2
*286864: obj =   1.753906930e+01 inf =   4.236e-02 (208093) 2
*287055: obj =   1.753900680e+01 inf =   4.189e-02 (208075) 1
*287244: obj =   1.753895437e+01 inf =   4.218e-02 (208094) 2
*287430: obj =   1.753889167e+01 inf =   4.179e-02 (208082) 2
*287617: obj =   1.753882152e+01 inf =   4.194e-02 (208069) 2
*287809: obj =   1.753875633e+01 inf =   4.241e-02 (208051) 1
*287997: obj =   1.753871035e+01 inf =   4.271e-02 (208059) 2
*288184: obj =   1.753864565e+01 inf =   4.317e-02 (208070) 2
*288373: obj =   1.753860064e+01 inf =   4.392e-02 (208062) 2
*288561: obj =   1.753855702e+01 inf =   4.425e-02 (208073) 2
*288752: obj =   1.753850707e+01 inf =   4.425e-02 (208080) 1
*288940: obj =   1.753846797e+01 inf =   4.436e-02 (208056) 2
*289130: obj =   1.753843552e+01 inf =   4.426e-02 (208045) 2
*289319: obj =   1.753840498e+01 inf =   4.558e-02 (208038) 2
*289508: obj =   1.753835973e+01 inf =   4.610e-02 (208022) 2
*289701: obj =   1.753831644e+01 inf =   4.621e-02 (208025) 1
*289892: obj =   1.753827752e+01 inf =   4.665e-02 (208005) 2
*290084: obj =   1.753823794e+01 inf =   4.665e-02 (208038) 2
*290272: obj =   1.753820250e+01 inf =   4.683e-02 (208025) 2
*290461: obj =   1.753814876e+01 inf =   4.680e-02 (208018) 2
*290652: obj =   1.753812785e+01 inf =   4.714e-02 (208004) 1
*290836: obj =   1.753809470e+01 inf =   4.752e-02 (207998) 2
*291025: obj =   1.753805369e+01 inf =   4.742e-02 (207991) 2
*291215: obj =   1.753801300e+01 inf =   4.720e-02 (208034) 2
*291411: obj =   1.753797966e+01 inf =   4.710e-02 (208016) 1
*291601: obj =   1.753793547e+01 inf =   4.686e-02 (208011) 2
*291791: obj =   1.753788796e+01 inf =   4.695e-02 (207996) 2
*291982: obj =   1.753784398e+01 inf =   4.622e-02 (208000) 2
*292177: obj =   1.753781950e+01 inf =   4.641e-02 (208016) 2
*292371: obj =   1.753778480e+01 inf =   4.694e-02 (208001) 2
*292566: obj =   1.753775018e+01 inf =   4.658e-02 (207980) 1
*292755: obj =   1.753771677e+01 inf =   4.663e-02 (207976) 2
*292961: obj =   1.753756849e+01 inf =   4.575e-02 (207960) 2
*293159: obj =   1.753753227e+01 inf =   4.439e-02 (207942) 2
*293359: obj =   1.753727834e+01 inf =   4.417e-02 (207933) 2
*293585: obj =   1.076436149e+01 inf =   4.389e-02 (10897) 1
*293799: obj =   9.146912045e+00 inf =   4.327e-02 (10841) 2
*293997: obj =   9.146872838e+00 inf =   4.316e-02 (10820) 2
*294194: obj =   9.146833277e+00 inf =   4.294e-02 (10765) 1
*294382: obj =   9.146801149e+00 inf =   4.305e-02 (10784) 2
*294570: obj =   9.146775443e+00 inf =   4.285e-02 (10759) 2
*294762: obj =   9.146725893e+00 inf =   4.334e-02 (10750) 1
*294948: obj =   9.146680911e+00 inf =   4.411e-02 (10758) 2
*295135: obj =   9.146611954e+00 inf =   4.548e-02 (10711) 2
*295325: obj =   9.146571284e+00 inf =   4.593e-02 (10687) 1
*295513: obj =   9.146541194e+00 inf =   4.594e-02 (10639) 2
*295698: obj =   9.146515322e+00 inf =   4.571e-02 (10601) 2
*295887: obj =   9.146487264e+00 inf =   4.539e-02 (10546) 1
*296074: obj =   9.146443317e+00 inf =   4.530e-02 (10529) 2
*296259: obj =   9.146393092e+00 inf =   4.638e-02 (10499) 2
*296443: obj =   9.146355123e+00 inf =   4.628e-02 (10439) 2
*296630: obj =   9.146337416e+00 inf =   4.535e-02 (10433) 1
*296812: obj =   9.146337416e+00 inf =   4.342e-02 (10398) 2
*296999: obj =   9.146294777e+00 inf =   4.338e-02 (10403) 1
*297181: obj =   9.146242347e+00 inf =   4.404e-02 (10344) 2
*297361: obj =   9.146196948e+00 inf =   4.455e-02 (10295) 2
*297547: obj =   9.146155661e+00 inf =   4.461e-02 (10216) 1
*297728: obj =   9.146122266e+00 inf =   4.451e-02 (10176) 2
*297912: obj =   9.146118674e+00 inf =   4.241e-02 (10150) 2
*298101: obj =   9.146057911e+00 inf =   4.275e-02 (10102) 1
*298282: obj =   9.146022278e+00 inf =   4.310e-02 (10042) 2
*298464: obj =   9.145980948e+00 inf =   4.355e-02 (9942) 2
*298652: obj =   9.145954809e+00 inf =   4.251e-02 (9909) 1
*298834: obj =   9.145916589e+00 inf =   4.226e-02 (9896) 2
*299016: obj =   9.145885077e+00 inf =   4.173e-02 (9824) 2
*299205: obj =   9.145858745e+00 inf =   4.060e-02 (9773) 1
*299387: obj =   9.145838619e+00 inf =   3.991e-02 (9744) 2
*299569: obj =   9.145815647e+00 inf =   3.799e-02 (9688) 2
*299756: obj =   9.145770091e+00 inf =   3.817e-02 (9660) 1
*299935: obj =   9.145728935e+00 inf =   3.851e-02 (9591) 2
*300118: obj =   9.145714712e+00 inf =   3.812e-02 (9619) 2
*300305: obj =   9.145665624e+00 inf =   3.852e-02 (9547) 1
*300486: obj =   9.145634814e+00 inf =   3.823e-02 (9522) 2
*300665: obj =   9.145610135e+00 inf =   3.779e-02 (9456) 2
*300851: obj =   9.145594442e+00 inf =   3.603e-02 (9406) 1
*301033: obj =   9.145567283e+00 inf =   3.503e-02 (9382) 2
*301216: obj =   9.145538536e+00 inf =   3.315e-02 (9329) 2
*301402: obj =   9.145486595e+00 inf =   3.321e-02 (9282) 1
*301581: obj =   9.145458991e+00 inf =   3.319e-02 (9223) 2
*301762: obj =   9.145431955e+00 inf =   3.205e-02 (9161) 2
*301950: obj =   9.145412243e+00 inf =   3.160e-02 (9170) 1
*302133: obj =   9.145388165e+00 inf =   2.960e-02 (9158) 2
*302316: obj =   9.145362680e+00 inf =   2.986e-02 (9118) 2
*302503: obj =   9.145328918e+00 inf =   2.982e-02 (9075) 1
*302681: obj =   9.145308789e+00 inf =   2.961e-02 (9047) 2
*302861: obj =   9.145303927e+00 inf =   2.632e-02 (8960) 2
*303048: obj =   9.145272925e+00 inf =   2.595e-02 (8984) 1
*303228: obj =   9.145248131e+00 inf =   2.545e-02 (8914) 2
*303408: obj =   9.145227173e+00 inf =   2.442e-02 (8861) 2
*303592: obj =   9.145191236e+00 inf =   2.346e-02 (8806) 1
*303773: obj =   9.145150909e+00 inf =   2.293e-02 (8803) 2
*303956: obj =   9.145129313e+00 inf =   2.188e-02 (8733) 2
*304144: obj =   9.145101929e+00 inf =   2.118e-02 (8667) 1
*304324: obj =   9.145084370e+00 inf =   2.061e-02 (8621) 2
*304504: obj =   9.145051981e+00 inf =   2.044e-02 (8633) 2
*304685: obj =   9.145018471e+00 inf =   2.018e-02 (8586) 1
*304863: obj =   9.144992424e+00 inf =   2.008e-02 (8559) 2
*305047: obj =   9.144966246e+00 inf =   1.949e-02 (8528) 2
*305234: obj =   9.144933359e+00 inf =   1.893e-02 (8531) 1
*305412: obj =   9.144903128e+00 inf =   1.835e-02 (8381) 2
*305597: obj =   9.144864717e+00 inf =   1.832e-02 (8297) 2
*305776: obj =   9.144831993e+00 inf =   1.799e-02 (8293) 1
*305952: obj =   9.144803296e+00 inf =   1.787e-02 (8353) 2
*306134: obj =   9.144771306e+00 inf =   1.739e-02 (8256) 2
*306318: obj =   9.144740535e+00 inf =   1.739e-02 (8222) 1
*306503: obj =   9.144704762e+00 inf =   1.719e-02 (8125) 2
*306680: obj =   9.144651654e+00 inf =   1.691e-02 (8084) 2
*306865: obj =   9.144539435e+00 inf =   1.634e-02 (7982) 1
*307044: obj =   9.144489523e+00 inf =   1.576e-02 (8045) 2
*307225: obj =   9.144403433e+00 inf =   1.555e-02 (7956) 2
*307414: obj =   9.144291781e+00 inf =   1.479e-02 (7986) 1
*307598: obj =   9.144206389e+00 inf =   1.432e-02 (7983) 2
*307778: obj =   9.143933834e+00 inf =   1.370e-02 (7927) 2
*307962: obj =   8.441190270e+00 inf =   1.314e-02 (8291) 1
*308131: obj =   8.440500440e+00 inf =   1.355e-02 (8236) 2
*308298: obj =   8.440410380e+00 inf =   1.324e-02 (8215) 2
*308473: obj =   8.440272635e+00 inf =   1.400e-02 (8155) 1
*308640: obj =   8.440197226e+00 inf =   1.390e-02 (8154) 2
*308813: obj =   8.440059916e+00 inf =   1.411e-02 (8145) 2
*308990: obj =   8.439971224e+00 inf =   1.364e-02 (8057) 1
*309159: obj =   8.439925673e+00 inf =   1.277e-02 (8001) 2
*309328: obj =   8.439854503e+00 inf =   1.235e-02 (7988) 2
*309503: obj =   8.439762668e+00 inf =   1.229e-02 (7978) 1
*309669: obj =   8.439682879e+00 inf =   1.233e-02 (7962) 2
*309837: obj =   8.439610591e+00 inf =   1.218e-02 (7932) 2
*310013: obj =   8.439480142e+00 inf =   1.166e-02 (7907) 1
*310181: obj =   8.439379914e+00 inf =   1.156e-02 (7913) 2
*310348: obj =   7.422652821e+00 inf =   1.193e-02 (9117) 2
*310516: obj =   7.422529982e+00 inf =   1.190e-02 (9077) 1
*310676: obj =   7.422418047e+00 inf =   1.216e-02 (9031) 2
*310849: obj =   7.421905126e+00 inf =   1.219e-02 (9029) 1
*311011: obj =   7.421740251e+00 inf =   1.111e-02 (9051) 2
*311174: obj =   7.421610839e+00 inf =   1.108e-02 (8903) 2
*311345: obj =   7.421315545e+00 inf =   1.100e-02 (8855) 1
*311506: obj =   7.421170036e+00 inf =   1.115e-02 (8847) 2
*311670: obj =   7.421049986e+00 inf =   1.141e-02 (8763) 2
*311841: obj =   7.420847549e+00 inf =   1.148e-02 (8747) 1
*312002: obj =   7.420752661e+00 inf =   1.142e-02 (8714) 2
*312172: obj =   7.420678838e+00 inf =   1.141e-02 (8627) 1
*312335: obj =   7.420580959e+00 inf =   1.130e-02 (8586) 2
*312497: obj =   7.420503312e+00 inf =   1.095e-02 (8520) 2
*312664: obj =   7.420426691e+00 inf =   1.100e-02 (8492) 1
*312824: obj =   7.420358797e+00 inf =   1.101e-02 (8418) 2
*312989: obj =   7.420288328e+00 inf =   1.071e-02 (8416) 2
*313160: obj =   7.420208770e+00 inf =   1.069e-02 (8376) 1
*313321: obj =   7.420116580e+00 inf =   1.074e-02 (8263) 2
*313490: obj =   7.420020081e+00 inf =   1.068e-02 (8217) 1
*313650: obj =   7.419948278e+00 inf =   1.091e-02 (8176) 2
*313810: obj =   7.419874659e+00 inf =   1.070e-02 (8124) 2
*313979: obj =   7.419805940e+00 inf =   1.095e-02 (8048) 1
*314142: obj =   7.419767318e+00 inf =   1.051e-02 (8008) 2
*314307: obj =   7.419709256e+00 inf =   1.064e-02 (8005) 2
*314478: obj =   7.419650467e+00 inf =   1.068e-02 (7979) 1
*314641: obj =   7.419562327e+00 inf =   1.050e-02 (7890) 2
*314810: obj =   7.419487662e+00 inf =   1.007e-02 (7841) 1
*314971: obj =   7.419430745e+00 inf =   1.023e-02 (7783) 2
*315133: obj =   7.419369786e+00 inf =   9.980e-03 (7723) 2
*315301: obj =   7.419313017e+00 inf =   9.753e-03 (7664) 1
*315462: obj =   7.419254907e+00 inf =   9.772e-03 (7624) 2
*315623: obj =   7.419216296e+00 inf =   9.738e-03 (7504) 2
*315790: obj =   7.419161249e+00 inf =   9.917e-03 (7432) 1
*315950: obj =   7.419121236e+00 inf =   9.767e-03 (7411) 2
*316121: obj =   7.419078042e+00 inf =   9.212e-03 (7335) 1
*316286: obj =   7.418998139e+00 inf =   8.923e-03 (7348) 2
*316448: obj =   7.418942474e+00 inf =   8.695e-03 (7329) 2
*316616: obj =   7.418887777e+00 inf =   8.637e-03 (7259) 1
*316778: obj =   7.418821361e+00 inf =   8.808e-03 (7233) 2
*316944: obj =   7.418765374e+00 inf =   8.882e-03 (7209) 2
*317116: obj =   7.418654410e+00 inf =   8.424e-03 (7175) 1
*317280: obj =   7.418570813e+00 inf =   8.078e-03 (7122) 2
*317451: obj =   7.418296562e+00 inf =   7.900e-03 (7071) 1
*317617: obj =   3.414491353e+00 inf =   7.878e-03 (7178) 2
*317783: obj =   3.413422947e+00 inf =   8.584e-03 (7097) 2
*317958: obj =   2.959186697e+00 inf =   8.815e-03 (6946) 1
*318131: obj =   2.959132537e+00 inf =   8.825e-03 (6895) 2
*318303: obj =   2.959072674e+00 inf =   9.093e-03 (6819) 2
*318479: obj =   2.959042000e+00 inf =   9.309e-03 (6808) 1
*318655: obj =   2.959003444e+00 inf =   9.313e-03 (6735) 2
*318829: obj =   2.958949364e+00 inf =   9.255e-03 (6628) 2
*319011: obj =   2.958911217e+00 inf =   9.073e-03 (6595) 1
*319186: obj =   2.958882714e+00 inf =   9.106e-03 (6521) 2
*319364: obj =   2.958842979e+00 inf =   8.869e-03 (6446) 2
*319547: obj =   2.958818225e+00 inf =   8.882e-03 (6426) 1
*319722: obj =   2.958784655e+00 inf =   8.756e-03 (6375) 2
*319897: obj =   2.756067619e+00 inf =   8.856e-03 (6379) 2
*320074: obj =   2.756030005e+00 inf =   8.713e-03 (6307) 2
*320255: obj =   2.755987531e+00 inf =   8.730e-03 (6221) 1
*320432: obj =   2.755935845e+00 inf =   8.535e-03 (6194) 2
*320609: obj =   2.654274341e+00 inf =   8.485e-03 (6140) 2
*320794: obj =   7.457642056e-01 inf =   8.533e-03 (6681) 1
*320972: obj =   7.454063004e-01 inf =   8.581e-03 (6614) 2
*321150: obj =   7.450563155e-01 inf =   9.678e-03 (6622) 2
*321331: obj =   7.449839836e-01 inf =   1.032e-02 (6556) 1
*321509: obj =   7.449129579e-01 inf =   1.058e-02 (6539) 2
*321687: obj =   7.448150457e-01 inf =   1.180e-02 (6533) 2
*321862: obj =   7.447524205e-01 inf =   1.215e-02 (6511) 2
*322045: obj =   7.447089588e-01 inf =   1.254e-02 (6440) 1
*322223: obj =   7.446737813e-01 inf =   1.355e-02 (6428) 2
*322398: obj =   7.446535520e-01 inf =   1.373e-02 (6388) 2
*322582: obj =   7.446236749e-01 inf =   1.424e-02 (6287) 1
*322762: obj =   7.445936031e-01 inf =   1.483e-02 (6317) 2
*322938: obj =   7.445791971e-01 inf =   1.512e-02 (6259) 2
*323124: obj =   7.445610979e-01 inf =   1.552e-02 (6263) 1
*323264: obj =   7.445502877e-01 inf =   1.588e-02 (6266) 2
*323411: obj =   7.445318845e-01 inf =   1.601e-02 (6254) 1
*323556: obj =   7.445208344e-01 inf =   1.602e-02 (6174) 2
*323708: obj =   7.445023146e-01 inf =   1.634e-02 (6185) 1
*323864: obj =   7.444722246e-01 inf =   1.681e-02 (6169) 2
*324050: obj =   7.444595275e-01 inf =   1.695e-02 (6170) 1
*324230: obj =   7.444485804e-01 inf =   1.692e-02 (6132) 2
*324412: obj =   7.444375691e-01 inf =   1.748e-02 (6091) 2
*324594: obj =   7.444245952e-01 inf =   1.824e-02 (6056) 2
*324781: obj =   7.444155200e-01 inf =   1.874e-02 (6063) 1
*324965: obj =   7.444066634e-01 inf =   1.882e-02 (6027) 2
*325147: obj =   7.444004280e-01 inf =   1.855e-02 (5959) 2
*325330: obj =   7.443916917e-01 inf =   1.843e-02 (5959) 2
*325517: obj =   7.443832211e-01 inf =   1.851e-02 (5881) 1
*325709: obj =   7.443723404e-01 inf =   1.831e-02 (5801) 2
*325891: obj =   7.443610693e-01 inf =   1.899e-02 (5775) 2
*326077: obj =   7.443513053e-01 inf =   1.882e-02 (5773) 2
*326269: obj =   7.443420242e-01 inf =   1.889e-02 (5755) 2
*326458: obj =   7.443363725e-01 inf =   1.896e-02 (5779) 1
*326646: obj =   7.443137941e-01 inf =   1.945e-02 (5667) 2
*326833: obj =   7.206615832e-01 inf =   1.933e-02 (5586) 2
*327024: obj =   7.206552861e-01 inf =   1.938e-02 (5582) 2
*327217: obj =   7.206485936e-01 inf =   1.930e-02 (5548) 1
*327411: obj =   7.206402389e-01 inf =   1.968e-02 (5527) 2
*327604: obj =   7.206309929e-01 inf =   1.955e-02 (5509) 2
*327798: obj =   7.206205633e-01 inf =   1.940e-02 (5480) 2
*327997: obj =   7.206020982e-01 inf =   1.948e-02 (5378) 2
*328191: obj =   7.205959973e-01 inf =   1.924e-02 (5308) 2
*328395: obj =   7.205847210e-01 inf =   1.922e-02 (5287) 1
*328586: obj =   7.205799689e-01 inf =   1.919e-02 (5304) 2
*328778: obj =   7.205740790e-01 inf =   1.935e-02 (5233) 2
*328983: obj =   6.973052776e-01 inf =   1.809e-02 (5048) 2
*329182: obj =   6.973033769e-01 inf =   1.724e-02 (5053) 1
*329374: obj =   6.973002021e-01 inf =   1.646e-02 (5043) 2
*329562: obj =   6.972978429e-01 inf =   1.570e-02 (4986) 2
*329750: obj =   6.972932795e-01 inf =   1.476e-02 (4893) 2
*329942: obj =   6.972908299e-01 inf =   1.415e-02 (4857) 1
*330133: obj =   6.972871169e-01 inf =   1.327e-02 (4861) 2
*330323: obj =   6.972836980e-01 inf =   1.263e-02 (4855) 2
*330512: obj =   6.972809425e-01 inf =   1.223e-02 (4876) 1
*330697: obj =   6.972784563e-01 inf =   1.172e-02 (4860) 2
*330883: obj =   6.972739648e-01 inf =   1.114e-02 (4810) 2
*331076: obj =   6.287565867e-01 inf =   1.107e-02 (4820) 1
*331264: obj =   6.287517087e-01 inf =   1.091e-02 (4762) 2
*331454: obj =   6.287327680e-01 inf =   1.061e-02 (4693) 2
*331647: obj =   4.735003631e-01 inf =   1.060e-02 (4678) 2
*331856: obj =   3.047228348e-01 inf =   1.078e-02 (4422) 2
*332067: obj =   2.011193939e-01 inf =   1.015e-02 (4252) 2
*332257: obj =   2.011181490e-01 inf =   9.374e-03 (4204) 1
*332449: obj =   2.011153334e-01 inf =   9.053e-03 (4288) 2
*332637: obj =   2.011126557e-01 inf =   8.811e-03 (4231) 2
*332850: obj =   1.281109591e-01 inf =   8.725e-03 (3969) 2
*333065: obj =   4.131170490e-02 inf =   8.487e-03 (3683) 2
*333262: obj =   1.230242068e-02 inf =   8.220e-03 (3675) 1
*333442: obj =   1.230146297e-02 inf =   9.122e-03 (3656) 2
*333628: obj =   1.229169281e-02 inf =   9.571e-03 (3579) 2
Removing LP perturbation [333726]...
*333726: obj =   0.000000000e+00 inf =   0.000e+00 (0) 1
OPTIMAL LP SOLUTION FOUND
Integer optimization begins...
Long-step dual simplex will be used
+333726: mip =     not found yet >=              -inf        (1; 0)
Solution found by heuristic: 0
+333726: mip =   0.000000000e+00 >=     tree is empty   0.0% (0; 1)
INTEGER OPTIMAL SOLUTION FOUND
Time used:   7987.8 secs
Memory used: 540.3 Mb (566555728 bytes)
Writing MIP solution to 'input/gemsec-Facebook.html/new_sites_edges.csv.gz.490.lp.sol'...
Objective:  obj = 0 (MINimum)
