Launched as 5 input/wiki-talk-temporal.html/wiki-talk-temporal.txt.gz 0


Execution time and memory used at after reading from file: 1.319246e+04 seconds, 260468736 bytes of memory usage, 254400 kB of memory peak and 03:39:53 elapsed time
Statistics on the network after reading from file
	Number of nodes: 1140149
	Number of allocated nodes: 1140736
	Number of edges: 3130742
	Maximum in degree: 3315 (node 37)
	Maximum out degree: 141883 (node 1034)

Execution time and memory used at before starting main computation: 1.320937e+04 seconds, 264118272 bytes of memory usage, 262900 kB of memory peak and 03:40:10 elapsed time
Statistics on the network before starting main computation
	Number of nodes: 1140149
	Number of allocated nodes: 1140736
	Number of edges: 3130742
	Maximum in degree: 3315 (node 37)
	Maximum out degree: 141883 (node 1034)
	source 1034 (node 1034) with out degree 141883
	target 37 (node 37) with in degree 3315

Execution time and memory used at after creating milp without reductions: 1.321655e+04 seconds, 264118272 bytes of memory usage, 262900 kB of memory peak and 03:40:17 elapsed time
Statistics on the network after creating milp without reductions
	Number of nodes: 1140149
	Number of allocated nodes: 1140736
	Number of edges: 3130742
	Maximum in degree: 3315 (node 37)
	Maximum out degree: 141883 (node 1034)
	source 1034 (node 1034) with out degree 141883
	target 37 (node 37) with in degree 3315

Execution time and memory used at after reachability and chains reduction: 2.442461e+05 seconds, 264187904 bytes of memory usage, 308492 kB of memory peak and 2-19:50:51 elapsed time
Statistics on the network after reachability and chains reduction
	Number of nodes: 141200
	Number of allocated nodes: 1140736
	Number of edges: 1475983
	Maximum in degree: 3029 (node 37)
	Maximum out degree: 19370 (node 1034)
	source 1034 (node 1034) with out degree 19370
	target 37 (node 37) with in degree 3029
