	Command being timed: "/usr/app/src/main -e 0.1 12 input/email-Eu-core-temporal.html/email-Eu-core-temporal-Dept4.txt.gz 2"
	User time (seconds): 2752.83
	System time (seconds): 29.22
	Percent of CPU this job got: 100%
	Elapsed (wall clock) time (h:mm:ss or m:ss): 46:10.07
	Average shared text size (kbytes): 0
	Average unshared data size (kbytes): 0
	Average stack size (kbytes): 0
	Average total size (kbytes): 0
	Maximum resident set size (kbytes): 25320
	Average resident set size (kbytes): 0
	Major (requiring I/O) page faults: 0
	Minor (reclaiming a frame) page faults: 3772769
	Voluntary context switches: 20024
	Involuntary context switches: 13036
	Swaps: 0
	File system inputs: 0
	File system outputs: 1904
	Socket messages sent: 0
	Socket messages received: 0
	Signals delivered: 0
	Page size (bytes): 4096
	Exit status: 0
