Version 1.2 launched as -e 0.1 12 input/sx-askubuntu.html/sx-askubuntu-a2q.txt.gz 116


Execution time and memory used at after reading from file: 5.780000e+01 seconds, 39792640 bytes of memory usage, 38896 kB of memory peak and 00:58 elapsed time
Statistics on the network after reading from file
	Number of nodes: 137517
	Number of allocated nodes: 138240
	Number of edges: 247253
	Maximum in degree: 589 (node 7035)
	Maximum out degree: 2047 (node 15811)

Execution time and memory used at before starting main computation: 5.787000e+01 seconds, 40062976 bytes of memory usage, 40180 kB of memory peak and 00:58 elapsed time
Statistics on the network before starting main computation
	Number of nodes: 137517
	Number of allocated nodes: 138240
	Number of edges: 247253
	Maximum in degree: 589 (node 7035)
	Maximum out degree: 2047 (node 15811)
	source 4729 (node 15811) with out degree 2047
	target 2236 (node 7035) with in degree 589

Execution time and memory used at after iteration 1 (MF = 436589651295.000000): 2.328260e+03 seconds, 286474240 bytes of memory usage, 329584 kB of memory peak and 38:48 elapsed time
Statistics on the network after iteration 1 (MF = 436589651295.000000)
	Number of nodes: 137517
	Number of allocated nodes: 138240
	Number of edges: 247253
	Maximum in degree: 589 (node 7035)
	Maximum out degree: 2047 (node 15811)
	source 4729 (node 15811) with out degree 2047
	target 2236 (node 7035) with in degree 589

Execution time and memory used at after iteration 2 (MF = 419336369963.000000): 2.350810e+03 seconds, 286474240 bytes of memory usage, 352108 kB of memory peak and 39:11 elapsed time
Statistics on the network after iteration 2 (MF = 419336369963.000000)
	Number of nodes: 137517
	Number of allocated nodes: 138240
	Number of edges: 247253
	Maximum in degree: 589 (node 7035)
	Maximum out degree: 2047 (node 15811)
	source 4729 (node 15811) with out degree 2047
	target 2236 (node 7035) with in degree 589
