Version 1.2 launched as -e 0.1 12 input/sx-superuser.html/sx-superuser-c2a.txt.gz 1065


Execution time and memory used at after reading from file: 9.036000e+01 seconds, 35872768 bytes of memory usage, 35068 kB of memory peak and 01:31 elapsed time
Statistics on the network after reading from file
	Number of nodes: 101052
	Number of allocated nodes: 101376
	Number of edges: 269448
	Maximum in degree: 2512 (node 8672)
	Maximum out degree: 2135 (node 83283)

Execution time and memory used at before starting main computation: 9.046000e+01 seconds, 36278272 bytes of memory usage, 36340 kB of memory peak and 01:31 elapsed time
Statistics on the network before starting main computation
	Number of nodes: 101052
	Number of allocated nodes: 101376
	Number of edges: 269448
	Maximum in degree: 2512 (node 8672)
	Maximum out degree: 2135 (node 83283)
	source 19650 (node 83283) with out degree 2135
	target 2233 (node 8672) with in degree 2512

Execution time and memory used at after iteration 1 (MF = 1601150492184.000000): 1.722990e+03 seconds, 289587200 bytes of memory usage, 344544 kB of memory peak and 28:43 elapsed time
Statistics on the network after iteration 1 (MF = 1601150492184.000000)
	Number of nodes: 101052
	Number of allocated nodes: 101376
	Number of edges: 269448
	Maximum in degree: 2512 (node 8672)
	Maximum out degree: 2135 (node 83283)
	source 19650 (node 83283) with out degree 2135
	target 2233 (node 8672) with in degree 2512

Execution time and memory used at after iteration 2 (MF = 985949188632.000000): 1.747500e+03 seconds, 289587200 bytes of memory usage, 345328 kB of memory peak and 29:08 elapsed time
Statistics on the network after iteration 2 (MF = 985949188632.000000)
	Number of nodes: 101052
	Number of allocated nodes: 101376
	Number of edges: 269448
	Maximum in degree: 2512 (node 8672)
	Maximum out degree: 2135 (node 83283)
	source 19650 (node 83283) with out degree 2135
	target 2233 (node 8672) with in degree 2512

Execution time and memory used at after iteration 3 (MF = 998368795978.000000): 1.173537e+04 seconds, 481669120 bytes of memory usage, 476804 kB of memory peak and 03:15:36 elapsed time
Statistics on the network after iteration 3 (MF = 998368795978.000000)
	Number of nodes: 101052
	Number of allocated nodes: 101376
	Number of edges: 269448
	Maximum in degree: 2512 (node 8672)
	Maximum out degree: 2135 (node 83283)
	source 19650 (node 83283) with out degree 2135
	target 2233 (node 8672) with in degree 2512
