GLPSOL--GLPK LP/MIP Solver 5.0
Parameter(s) specified in the command line:
 --lp input/ca-GrQc.html/ca-GrQc.txt.gz.20.lp -o input/ca-GrQc.html/ca-GrQc.txt.gz.20.lp.sol
Reading problem data from 'input/ca-GrQc.html/ca-GrQc.txt.gz.20.lp'...
28971 rows, 63177 columns, 144842 non-zeros
63177 integer variables, all of which are binary
92153 lines were read
GLPK Integer Optimizer 5.0
28971 rows, 63177 columns, 144842 non-zeros
63177 integer variables, all of which are binary
Preprocessing...
28829 rows, 63035 columns, 144140 non-zeros
63035 integer variables, all of which are binary
Scaling...
 A: min|aij| =  1.000e+00  max|aij| =  1.000e+00  ratio =  1.000e+00
Problem data seem to be well scaled
Constructing initial basis...
Size of triangular part is 28829
Solving LP relaxation...
GLPK Simplex Optimizer 5.0
28829 rows, 63035 columns, 144140 non-zeros
      0: obj =   0.000000000e+00 inf =   5.900e+01 (59)
     59: obj =   6.472839900e+01 inf =   0.000e+00 (0)
Perturbing LP to avoid stalling [434]...
*  3003: obj =   1.998765400e+01 inf =   0.000e+00 (617) 26
*  5330: obj =   1.998765400e+01 inf =   0.000e+00 (851) 21
*  8031: obj =   1.090123400e+01 inf =   0.000e+00 (182) 25
Removing LP perturbation [8225]...
*  8225: obj =   1.085185200e+01 inf =   0.000e+00 (0) 2
OPTIMAL LP SOLUTION FOUND
Integer optimization begins...
Long-step dual simplex will be used
+  8225: mip =     not found yet >=              -inf        (1; 0)
+  8225: >>>>>   1.085185200e+01 >=   1.085185200e+01   0.0% (1; 0)
+  8225: mip =   1.085185200e+01 >=     tree is empty   0.0% (0; 1)
INTEGER OPTIMAL SOLUTION FOUND
Time used:   15.6 secs
Memory used: 76.0 Mb (79703917 bytes)
Writing MIP solution to 'input/ca-GrQc.html/ca-GrQc.txt.gz.20.lp.sol'...
Objective:  obj = 10.851852 (MINimum)
