GLPSOL--GLPK LP/MIP Solver 5.0
Parameter(s) specified in the command line:
 --lp input/sx-mathoverflow.html/sx-mathoverflow-a2q.txt.gz.144.lp.reach_chain_detours.lp
 -o input/sx-mathoverflow.html/sx-mathoverflow-a2q.txt.gz.144.lp.reach_chain_detours.lp.sol
Reading problem data from 'input/sx-mathoverflow.html/sx-mathoverflow-a2q.txt.gz.144.lp.reach_chain_detours.lp'...
42789 rows, 88704 columns, 213932 non-zeros
88704 integer variables, all of which are binary
131498 lines were read
GLPK Integer Optimizer 5.0
42789 rows, 88704 columns, 213932 non-zeros
88704 integer variables, all of which are binary
Preprocessing...
42601 rows, 88516 columns, 212396 non-zeros
88516 integer variables, all of which are binary
Scaling...
 A: min|aij| =  1.000e+00  max|aij| =  1.000e+00  ratio =  1.000e+00
Problem data seem to be well scaled
Constructing initial basis...
Size of triangular part is 42601
Solving LP relaxation...
GLPK Simplex Optimizer 5.0
42601 rows, 88516 columns, 212396 non-zeros
      0: obj =   0.000000000e+00 inf =   3.880e+02 (388)
    388: obj =   5.008755912e+11 inf =   0.000e+00 (0)
Perturbing LP to avoid stalling [587]...
*  2268: obj =   4.994318508e+11 inf =   0.000e+00 (851) 13
*  3611: obj =   4.994318508e+11 inf =   0.000e+00 (886) 13
*  4895: obj =   4.994318508e+11 inf =   0.000e+00 (922) 12
*  6178: obj =   4.994318508e+11 inf =   0.000e+00 (950) 12
*  7273: obj =   4.497237096e+11 inf =   5.137e-04 (3000) 11
*  8284: obj =   4.497235373e+11 inf =   8.661e-03 (2898) 10
*  9293: obj =   4.497233251e+11 inf =   1.346e-02 (2846) 9
* 10256: obj =   4.497231271e+11 inf =   1.757e-02 (2779) 10
* 11236: obj =   4.497229171e+11 inf =   2.248e-02 (2713) 10
* 12184: obj =   4.495057777e+11 inf =   2.739e-02 (2640) 9
* 13155: obj =   4.488061276e+11 inf =   2.873e-02 (2621) 10
* 14123: obj =   4.481483992e+11 inf =   2.504e-02 (2604) 9
* 15077: obj =   4.452499354e+11 inf =   2.466e-02 (2547) 9
* 15977: obj =   4.451129813e+11 inf =   2.602e-02 (2512) 9
* 16928: obj =   4.422427257e+11 inf =   2.163e-02 (2527) 10
* 17825: obj =   4.195210428e+11 inf =   2.339e-02 (2418) 8
* 18879: obj =   3.121885884e+11 inf =   2.086e-02 (4088) 11
* 19809: obj =   3.121855843e+11 inf =   2.244e-02 (2346) 9
* 20775: obj =   3.121850043e+11 inf =   3.075e-02 (2245) 9
* 22298: obj =   3.121846658e+11 inf =   3.600e-02 (2052) 14
* 23781: obj =   3.108940637e+11 inf =   3.478e-02 (3388) 14
* 25094: obj =   3.102379687e+11 inf =   3.281e-02 (1713) 13
* 26504: obj =   3.082607818e+11 inf =   3.013e-02 (3064) 11
* 28042: obj =   3.082600313e+11 inf =   2.604e-02 (2662) 14
* 29381: obj =   3.082597147e+11 inf =   2.804e-02 (2412) 11
* 30813: obj =   3.082591352e+11 inf =   2.493e-02 (2117) 13
* 32312: obj =   3.082293686e+11 inf =   2.051e-02 (1280) 13
Removing LP perturbation [33998]...
* 33998: obj =   3.082326040e+11 inf =   0.000e+00 (0) 5
OPTIMAL LP SOLUTION FOUND
Integer optimization begins...
Long-step dual simplex will be used
+ 33998: mip =     not found yet >=              -inf        (1; 0)
+ 33998: >>>>>   3.082326040e+11 >=   3.082326040e+11   0.0% (1; 0)
+ 33998: mip =   3.082326040e+11 >=     tree is empty   0.0% (0; 1)
INTEGER OPTIMAL SOLUTION FOUND
Time used:   139.7 secs
Memory used: 108.1 Mb (113379662 bytes)
Writing MIP solution to 'input/sx-mathoverflow.html/sx-mathoverflow-a2q.txt.gz.144.lp.reach_chain_detours.lp.sol'...
Objective:  obj = 3.08232604e+11 (MINimum)
