GLPSOL--GLPK LP/MIP Solver 5.0
Parameter(s) specified in the command line:
 --lp input/sx-mathoverflow.html/sx-mathoverflow-a2q.txt.gz.144.lp -o input/sx-mathoverflow.html/sx-mathoverflow-a2q.txt.gz.144.lp.sol
Reading problem data from 'input/sx-mathoverflow.html/sx-mathoverflow-a2q.txt.gz.144.lp'...
88714 rows, 199016 columns, 443557 non-zeros
199016 integer variables, all of which are binary
287735 lines were read
GLPK Integer Optimizer 5.0
88714 rows, 199016 columns, 443557 non-zeros
199016 integer variables, all of which are binary
Preprocessing...
87944 rows, 198213 columns, 438897 non-zeros
198213 integer variables, all of which are binary
Scaling...
 A: min|aij| =  1.000e+00  max|aij| =  1.000e+00  ratio =  1.000e+00
Problem data seem to be well scaled
Constructing initial basis...
Size of triangular part is 87944
Solving LP relaxation...
GLPK Simplex Optimizer 5.0
87944 rows, 198213 columns, 438897 non-zeros
      0: obj =   0.000000000e+00 inf =   4.850e+02 (485)
    485: obj =   6.268694711e+11 inf =   0.000e+00 (0)
Perturbing LP to avoid stalling [684]...
*  1651: obj =   6.239693904e+11 inf =   0.000e+00 (1006) 6
*  2506: obj =   6.239693904e+11 inf =   0.000e+00 (1031) 8
*  3276: obj =   6.239693904e+11 inf =   0.000e+00 (1051) 7
*  3993: obj =   6.239693904e+11 inf =   0.000e+00 (1083) 7
*  4676: obj =   6.239693904e+11 inf =   0.000e+00 (1112) 6
*  5332: obj =   6.239693904e+11 inf =   0.000e+00 (1133) 6
*  5966: obj =   6.239693904e+11 inf =   0.000e+00 (1152) 6
*  6581: obj =   6.239693904e+11 inf =   0.000e+00 (1185) 6
*  7182: obj =   6.239693904e+11 inf =   0.000e+00 (1202) 6
*  7772: obj =   6.239693904e+11 inf =   0.000e+00 (1216) 6
*  8350: obj =   6.239693904e+11 inf =   0.000e+00 (1205) 5
*  8922: obj =   6.239693904e+11 inf =   0.000e+00 (1229) 6
*  9483: obj =   6.239693904e+11 inf =   0.000e+00 (1218) 5
* 10043: obj =   6.239693904e+11 inf =   0.000e+00 (1235) 5
* 10590: obj =   6.239693904e+11 inf =   0.000e+00 (1265) 6
* 11140: obj =   6.239693904e+11 inf =   0.000e+00 (1256) 5
* 11688: obj =   6.239693904e+11 inf =   0.000e+00 (1292) 5
* 12163: obj =   6.047920345e+11 inf =   5.482e-16 (6380) 5
* 12568: obj =   6.047920345e+11 inf =   0.000e+00 (6354) 4
* 13023: obj =   6.047920345e+11 inf =   0.000e+00 (6298) 5
* 13446: obj =   6.047920345e+11 inf =   0.000e+00 (6282) 4
* 13889: obj =   6.047920345e+11 inf =   0.000e+00 (6250) 4
* 14320: obj =   6.047920345e+11 inf =   0.000e+00 (6238) 4
* 14731: obj =   6.047920345e+11 inf =   1.624e-15 (6227) 4
* 15099: obj =   6.047920345e+11 inf =   0.000e+00 (6188) 4
* 15551: obj =   6.047920235e+11 inf =   4.759e-04 (6152) 5
* 15956: obj =   6.047919796e+11 inf =   2.013e-03 (6112) 4
* 16362: obj =   6.047919218e+11 inf =   4.709e-03 (6099) 4
* 16801: obj =   6.047918472e+11 inf =   6.935e-03 (6070) 4
* 17170: obj =   6.047918023e+11 inf =   7.976e-03 (6042) 4
* 17530: obj =   6.047917581e+11 inf =   8.843e-03 (6005) 3
* 17899: obj =   6.047916776e+11 inf =   1.063e-02 (5978) 4
* 18337: obj =   6.047916081e+11 inf =   1.141e-02 (5944) 4
* 18775: obj =   6.047915475e+11 inf =   1.169e-02 (5906) 4
* 19190: obj =   6.047915016e+11 inf =   1.145e-02 (5893) 5
* 19521: obj =   6.047914623e+11 inf =   1.129e-02 (5885) 3
* 19944: obj =   6.047913939e+11 inf =   1.184e-02 (5893) 4
* 20303: obj =   6.046452311e+11 inf =   1.304e-02 (5878) 4
* 20705: obj =   6.046451652e+11 inf =   1.449e-02 (5862) 3
* 21117: obj =   6.046451045e+11 inf =   1.530e-02 (5874) 5
* 21523: obj =   6.046449237e+11 inf =   1.726e-02 (5866) 4
* 21948: obj =   6.046447949e+11 inf =   1.757e-02 (5842) 4
* 22368: obj =   6.046446775e+11 inf =   1.788e-02 (5822) 4
* 22780: obj =   6.046445998e+11 inf =   1.631e-02 (5795) 4
* 23159: obj =   6.046445010e+11 inf =   1.463e-02 (5803) 4
* 23563: obj =   5.997011426e+11 inf =   1.202e-02 (5750) 4
* 24087: obj =   5.942617841e+11 inf =   1.194e-02 (5756) 5
* 24603: obj =   5.942611750e+11 inf =   1.138e-02 (5719) 4
* 25144: obj =   5.942602430e+11 inf =   1.069e-02 (5669) 5
* 25713: obj =   5.942595019e+11 inf =   1.593e-02 (5580) 6
* 26422: obj =   5.942592225e+11 inf =   2.180e-02 (5528) 7
* 27158: obj =   5.889801216e+11 inf =   3.126e-02 (5522) 6
* 27929: obj =   5.889795353e+11 inf =   3.428e-02 (5465) 7
* 28740: obj =   5.864089514e+11 inf =   3.638e-02 (5378) 7
* 29566: obj =   5.634440882e+11 inf =   3.852e-02 (5287) 8
* 30387: obj =   4.606424206e+11 inf =   3.314e-02 (5237) 6
* 31077: obj =   4.313838687e+11 inf =   3.323e-02 (5302) 6
* 31672: obj =   4.313836240e+11 inf =   3.254e-02 (5320) 6
* 32262: obj =   4.313833663e+11 inf =   3.417e-02 (5314) 5
* 32841: obj =   4.313831132e+11 inf =   3.530e-02 (5325) 5
* 33414: obj =   4.313829183e+11 inf =   3.577e-02 (5321) 5
* 33983: obj =   4.313827249e+11 inf =   3.603e-02 (5338) 5
* 34548: obj =   4.313825951e+11 inf =   3.546e-02 (5339) 5
* 35118: obj =   4.313824422e+11 inf =   3.404e-02 (5368) 6
* 35672: obj =   4.313823114e+11 inf =   3.144e-02 (5354) 4
* 36252: obj =   4.313821901e+11 inf =   2.880e-02 (5364) 6
* 36857: obj =   4.313820074e+11 inf =   2.574e-02 (5328) 5
* 37402: obj =   4.313586793e+11 inf =   2.231e-02 (5317) 5
* 37916: obj =   4.312012587e+11 inf =   2.265e-02 (5356) 5
* 38470: obj =   4.312004503e+11 inf =   2.307e-02 (5321) 5
* 39011: obj =   4.311998123e+11 inf =   2.463e-02 (5271) 5
* 39592: obj =   4.311990526e+11 inf =   3.042e-02 (5260) 5
* 40200: obj =   4.311985091e+11 inf =   4.640e-02 (5174) 6
* 40891: obj =   4.311982594e+11 inf =   5.365e-02 (5109) 6
* 41537: obj =   4.311030395e+11 inf =   6.560e-02 (5063) 6
* 42259: obj =   4.308728551e+11 inf =   8.494e-02 (5057) 7
* 43073: obj =   4.138523391e+11 inf =   8.396e-02 (12626) 7
* 43853: obj =   4.127125854e+11 inf =   7.459e-02 (5038) 7
* 44631: obj =   4.059766975e+11 inf =   7.452e-02 (12681) 7
* 45401: obj =   3.473369194e+11 inf =   7.882e-02 (9340) 6
* 46187: obj =   3.473350922e+11 inf =   8.388e-02 (9099) 7
* 46945: obj =   3.462807122e+11 inf =   7.387e-02 (4973) 7
* 47724: obj =   3.356602055e+11 inf =   7.210e-02 (8891) 7
* 48447: obj =   3.356591510e+11 inf =   8.468e-02 (8745) 8
* 49271: obj =   3.347932101e+11 inf =   8.451e-02 (5055) 8
* 50111: obj =   3.278001956e+11 inf =   7.885e-02 (8331) 6
* 50923: obj =   3.265081518e+11 inf =   7.808e-02 (7919) 8
* 51734: obj =   3.212974797e+11 inf =   7.622e-02 (7385) 7
* 52580: obj =   3.160907184e+11 inf =   7.407e-02 (6952) 7
* 53414: obj =   3.121640011e+11 inf =   7.197e-02 (6471) 5
* 54229: obj =   3.095298700e+11 inf =   6.933e-02 (6133) 5
* 55056: obj =   3.095297167e+11 inf =   6.711e-02 (5647) 6
* 55924: obj =   3.095295890e+11 inf =   6.229e-02 (5008) 5
* 56768: obj =   3.095294878e+11 inf =   6.119e-02 (4733) 5
* 57564: obj =   3.095293552e+11 inf =   5.761e-02 (4448) 6
* 58305: obj =   3.095291960e+11 inf =   5.615e-02 (4167) 5
* 58996: obj =   3.095290270e+11 inf =   5.407e-02 (3949) 6
* 59631: obj =   3.095287694e+11 inf =   6.117e-02 (3813) 5
* 60260: obj =   3.095283715e+11 inf =   7.075e-02 (3641) 5
* 60830: obj =   3.095279313e+11 inf =   7.757e-02 (3580) 5
* 61485: obj =   3.095275176e+11 inf =   7.957e-02 (3429) 6
* 62076: obj =   3.095271398e+11 inf =   8.203e-02 (3300) 5
* 62632: obj =   3.095264506e+11 inf =   8.575e-02 (3206) 5
* 63232: obj =   3.095261294e+11 inf =   8.535e-02 (3093) 5
* 63776: obj =   3.095253942e+11 inf =   8.759e-02 (3044) 5
* 64359: obj =   3.095246736e+11 inf =   8.585e-02 (2876) 5
* 64919: obj =   3.095241944e+11 inf =   8.309e-02 (2852) 5
* 65466: obj =   3.095232857e+11 inf =   8.152e-02 (2761) 5
* 66010: obj =   3.095228361e+11 inf =   7.879e-02 (2673) 5
* 66525: obj =   3.095221393e+11 inf =   7.568e-02 (2710) 5
* 67040: obj =   3.095219527e+11 inf =   7.211e-02 (2699) 5
* 67542: obj =   3.095216088e+11 inf =   6.720e-02 (2615) 4
* 68072: obj =   3.095207831e+11 inf =   6.390e-02 (2583) 5
* 68646: obj =   3.082596856e+11 inf =   6.117e-02 (2519) 5
* 69286: obj =   3.082596114e+11 inf =   5.759e-02 (2330) 7
* 70128: obj =   3.082296027e+11 inf =   5.647e-02 (1569) 3
* 71010: obj =   3.082115169e+11 inf =   5.485e-02 (700) 2
Removing LP perturbation [71691]...
* 71691: obj =   3.082326040e+11 inf =   0.000e+00 (0) 2
OPTIMAL LP SOLUTION FOUND
Integer optimization begins...
Long-step dual simplex will be used
+ 71691: mip =     not found yet >=              -inf        (1; 0)
+ 71691: >>>>>   3.082326040e+11 >=   3.082326040e+11   0.0% (1; 0)
+ 71691: mip =   3.082326040e+11 >=     tree is empty   0.0% (0; 1)
INTEGER OPTIMAL SOLUTION FOUND
Time used:   593.5 secs
Memory used: 231.3 Mb (242545155 bytes)
Writing MIP solution to 'input/sx-mathoverflow.html/sx-mathoverflow-a2q.txt.gz.144.lp.sol'...
Objective:  obj = 3.08232604e+11 (MINimum)
