	Command being timed: "/usr/app/src/glpk-5.0/examples/glpsol --lp input/Oregon-2.html/oregon2_010512.txt.gz.23.lp -o input/Oregon-2.html/oregon2_010512.txt.gz.23.lp.sol"
	User time (seconds): 456.14
	System time (seconds): 1.60
	Percent of CPU this job got: 99%
	Elapsed (wall clock) time (h:mm:ss or m:ss): 7:38.05
	Average shared text size (kbytes): 0
	Average unshared data size (kbytes): 0
	Average stack size (kbytes): 0
	Average total size (kbytes): 0
	Maximum resident set size (kbytes): 99808
	Average resident set size (kbytes): 0
	Major (requiring I/O) page faults: 3
	Minor (reclaiming a frame) page faults: 764202
	Voluntary context switches: 39
	Involuntary context switches: 1538
	Swaps: 0
	File system inputs: 680
	File system outputs: 14304
	Socket messages sent: 0
	Socket messages received: 0
	Signals delivered: 0
	Page size (bytes): 4096
	Exit status: 0
