GLPSOL--GLPK LP/MIP Solver 5.0
Parameter(s) specified in the command line:
 --lp input/email-Eu-core.html/email-Eu-core.txt.gz.34.lp -o input/email-Eu-core.html/email-Eu-core.txt.gz.34.lp.sol
Reading problem data from 'input/email-Eu-core.html/email-Eu-core.txt.gz.34.lp'...
24932 rows, 50844 columns, 124647 non-zeros
50844 integer variables, all of which are binary
75781 lines were read
GLPK Integer Optimizer 5.0
24932 rows, 50844 columns, 124647 non-zeros
50844 integer variables, all of which are binary
Preprocessing...
24530 rows, 50442 columns, 122534 non-zeros
50442 integer variables, all of which are binary
Scaling...
 A: min|aij| =  1.000e+00  max|aij| =  1.000e+00  ratio =  1.000e+00
Problem data seem to be well scaled
Constructing initial basis...
Size of triangular part is 24530
Solving LP relaxation...
GLPK Simplex Optimizer 5.0
24530 rows, 50442 columns, 122534 non-zeros
      0: obj =   0.000000000e+00 inf =   1.780e+02 (178)
    178: obj =   1.562426440e+02 inf =   0.000e+00 (0)
Perturbing LP to avoid stalling [380]...
*  3136: obj =   1.190496109e+02 inf =   6.464e-04 (2315) 28
*  6375: obj =   1.190490496e+02 inf =   1.341e-02 (1956) 32
* 10021: obj =   1.190486853e+02 inf =   1.098e-02 (951) 27
Removing LP perturbation [12329]...
* 12329: obj =   1.190496290e+02 inf =   0.000e+00 (0) 19
OPTIMAL LP SOLUTION FOUND
Integer optimization begins...
Long-step dual simplex will be used
+ 12329: mip =     not found yet >=              -inf        (1; 0)
+ 12329: >>>>>   1.190496290e+02 >=   1.190496290e+02   0.0% (1; 0)
+ 12329: mip =   1.190496290e+02 >=     tree is empty   0.0% (0; 1)
INTEGER OPTIMAL SOLUTION FOUND
Time used:   17.9 secs
Memory used: 61.9 Mb (64874080 bytes)
Writing MIP solution to 'input/email-Eu-core.html/email-Eu-core.txt.gz.34.lp.sol'...
Objective:  obj = 119.049629 (MINimum)
