Version 1.2 launched as -e 0.1 -i 12 input/soc-sign-bitcoin-otc.html/soc-sign-bitcoinotc.csv.gz 41


Execution time and memory used at after reading from file: 2.500000e-01 seconds, 16109568 bytes of memory usage, 15768 kB of memory peak and 00:00 elapsed time
Statistics on the network after reading from file
	Number of nodes: 5881
	Number of allocated nodes: 6144
	Number of edges: 35592
	Maximum in degree: 535 (node 35)
	Maximum out degree: 763 (node 35)

Execution time and memory used at after adding costs: 2.500000e-01 seconds, 16109568 bytes of memory usage, 15768 kB of memory peak and 00:00 elapsed time
Statistics on the network after adding costs
	Number of nodes: 5881
	Number of allocated nodes: 6144
	Number of edges: 35592
	Maximum in degree: 535 (node 35)
	Maximum out degree: 763 (node 35)

Execution time and memory used at before starting main computation: 2.900000e-01 seconds, 16244736 bytes of memory usage, 16380 kB of memory peak and 00:00 elapsed time
Statistics on the network before starting main computation
	Number of nodes: 5881
	Number of allocated nodes: 6144
	Number of edges: 35592
	Maximum in degree: 535 (node 35)
	Maximum out degree: 763 (node 35)
	source 23 (node 35) with out degree 763
	target 2571 (node 2642) with in degree 412

Execution time and memory used at after iteration 1 (MF = 199.191834): 5.440000e+00 seconds, 47816704 bytes of memory usage, 58720 kB of memory peak and 00:06 elapsed time
Statistics on the network after iteration 1 (MF = 199.191834)
	Number of nodes: 5881
	Number of allocated nodes: 6144
	Number of edges: 35592
	Maximum in degree: 535 (node 35)
	Maximum out degree: 763 (node 35)
	source 23 (node 35) with out degree 763
	target 2571 (node 2642) with in degree 412

Execution time and memory used at after iteration 2 (MF = 197.630971): 7.750000e+00 seconds, 47816704 bytes of memory usage, 58968 kB of memory peak and 00:08 elapsed time
Statistics on the network after iteration 2 (MF = 197.630971)
	Number of nodes: 5881
	Number of allocated nodes: 6144
	Number of edges: 35592
	Maximum in degree: 535 (node 35)
	Maximum out degree: 763 (node 35)
	source 23 (node 35) with out degree 763
	target 2571 (node 2642) with in degree 412

Execution time and memory used at after iteration 3 (MF = 197.778891): 1.139000e+01 seconds, 48021504 bytes of memory usage, 59240 kB of memory peak and 00:12 elapsed time
Statistics on the network after iteration 3 (MF = 197.778891)
	Number of nodes: 5881
	Number of allocated nodes: 6144
	Number of edges: 35592
	Maximum in degree: 535 (node 35)
	Maximum out degree: 763 (node 35)
	source 23 (node 35) with out degree 763
	target 2571 (node 2642) with in degree 412

Execution time and memory used at after iteration 4 (MF = 199.825886): 8.703600e+03 seconds, 67035136 bytes of memory usage, 169700 kB of memory peak and 02:25:04 elapsed time
Statistics on the network after iteration 4 (MF = 199.825886)
	Number of nodes: 5881
	Number of allocated nodes: 6144
	Number of edges: 35592
	Maximum in degree: 535 (node 35)
	Maximum out degree: 763 (node 35)
	source 23 (node 35) with out degree 763
	target 2571 (node 2642) with in degree 412
