GLPSOL--GLPK LP/MIP Solver 5.0
Parameter(s) specified in the command line:
 --lp input/sx-askubuntu.html/sx-askubuntu-a2q.txt.gz.580.lp.reach_chain_detours.lp
 -o input/sx-askubuntu.html/sx-askubuntu-a2q.txt.gz.580.lp.reach_chain_detours.lp.sol
Reading problem data from 'input/sx-askubuntu.html/sx-askubuntu-a2q.txt.gz.580.lp.reach_chain_detours.lp'...
37374 rows, 80233 columns, 186857 non-zeros
80233 integer variables, all of which are binary
117612 lines were read
GLPK Integer Optimizer 5.0
37374 rows, 80233 columns, 186857 non-zeros
80233 integer variables, all of which are binary
Preprocessing...
1 hidden packing inequaliti(es) were detected
37369 rows, 80228 columns, 186026 non-zeros
80228 integer variables, all of which are binary
Scaling...
 A: min|aij| =  1.000e+00  max|aij| =  1.000e+00  ratio =  1.000e+00
Problem data seem to be well scaled
Constructing initial basis...
Size of triangular part is 37369
Solving LP relaxation...
GLPK Simplex Optimizer 5.0
37369 rows, 80228 columns, 186026 non-zeros
      0: obj =   0.000000000e+00 inf =   3.280e+02 (328)
    328: obj =   4.398077911e+11 inf =   0.000e+00 (0)
Perturbing LP to avoid stalling [527]...
*  2844: obj =   4.368942701e+11 inf =   0.000e+00 (733) 19
*  4641: obj =   4.368942701e+11 inf =   0.000e+00 (784) 17
*  6082: obj =   3.450351161e+11 inf =   0.000e+00 (2707) 13
*  7311: obj =   3.450351161e+11 inf =   0.000e+00 (2895) 10
*  8477: obj =   3.450351161e+11 inf =   0.000e+00 (3079) 9
*  9527: obj =   2.757134399e+11 inf =   1.905e-05 (3147) 10
* 10539: obj =   2.757133126e+11 inf =   6.329e-03 (3015) 10
* 11534: obj =   2.757131109e+11 inf =   1.501e-02 (2951) 10
* 12546: obj =   2.748808313e+11 inf =   1.956e-02 (2837) 10
* 13547: obj =   2.748805898e+11 inf =   2.393e-02 (2784) 10
* 14571: obj =   2.663207197e+11 inf =   2.412e-02 (2718) 10
* 15584: obj =   2.645531054e+11 inf =   2.035e-02 (2613) 10
* 16601: obj =   2.619335545e+11 inf =   1.786e-02 (2601) 10
* 17643: obj =   2.516673132e+11 inf =   1.241e-02 (2564) 10
* 18643: obj =   2.358612005e+11 inf =   1.167e-02 (2478) 9
* 19631: obj =   2.231375002e+11 inf =   1.008e-02 (2440) 10
* 20617: obj =   1.811369349e+11 inf =   9.249e-03 (2302) 9
* 21579: obj =   1.022529238e+11 inf =   8.994e-03 (2138) 9
Removing LP perturbation [22050]...
* 22050: obj =   0.000000000e+00 inf =   0.000e+00 (0) 5
OPTIMAL LP SOLUTION FOUND
Integer optimization begins...
Long-step dual simplex will be used
+ 22050: mip =     not found yet >=              -inf        (1; 0)
Solution found by heuristic: 0
+ 22050: mip =   0.000000000e+00 >=     tree is empty   0.0% (0; 1)
INTEGER OPTIMAL SOLUTION FOUND
Time used:   93.7 secs
Memory used: 96.6 Mb (101245982 bytes)
Writing MIP solution to 'input/sx-askubuntu.html/sx-askubuntu-a2q.txt.gz.580.lp.reach_chain_detours.lp.sol'...
Objective:  obj = 0 (MINimum)
