GLPSOL--GLPK LP/MIP Solver 5.0
Parameter(s) specified in the command line:
 --lp input/sx-askubuntu.html/sx-askubuntu-a2q.txt.gz.580.lp -o input/sx-askubuntu.html/sx-askubuntu-a2q.txt.gz.580.lp.sol
Reading problem data from 'input/sx-askubuntu.html/sx-askubuntu-a2q.txt.gz.580.lp'...
247256 rows, 628541 columns, 1236267 non-zeros
628541 integer variables, all of which are binary
875802 lines were read
GLPK Integer Optimizer 5.0
247256 rows, 628541 columns, 1236267 non-zeros
628541 integer variables, all of which are binary
Preprocessing...
1 hidden packing inequaliti(es) were detected
246531 rows, 627724 columns, 1230737 non-zeros
627724 integer variables, all of which are binary
Scaling...
 A: min|aij| =  1.000e+00  max|aij| =  1.000e+00  ratio =  1.000e+00
Problem data seem to be well scaled
Constructing initial basis...
Size of triangular part is 246531
Solving LP relaxation...
GLPK Simplex Optimizer 5.0
246531 rows, 627724 columns, 1230737 non-zeros
      0: obj =   0.000000000e+00 inf =   5.890e+02 (589)
    345: obj =   4.588605459e+11 inf =   2.440e+02 (244)
    589: obj =   7.956470956e+11 inf =   0.000e+00 (0)
Perturbing LP to avoid stalling [788]...
*  1066: obj =   7.956470956e+11 inf =   0.000e+00 (1066)
*  1491: obj =   7.927335747e+11 inf =   0.000e+00 (1192) 2
*  1877: obj =   7.927335747e+11 inf =   0.000e+00 (1199) 4
*  2255: obj =   7.927335747e+11 inf =   0.000e+00 (1211) 3
*  2619: obj =   7.927335747e+11 inf =   0.000e+00 (1217) 4
*  2980: obj =   7.927335747e+11 inf =   0.000e+00 (1226) 3
*  3327: obj =   7.927335747e+11 inf =   0.000e+00 (1235) 4
*  3670: obj =   7.927335747e+11 inf =   0.000e+00 (1259) 3
*  4006: obj =   7.927335747e+11 inf =   0.000e+00 (1270) 3
*  4334: obj =   7.927335747e+11 inf =   0.000e+00 (1282) 3
*  4655: obj =   7.927335747e+11 inf =   0.000e+00 (1288) 3
*  4972: obj =   7.927335747e+11 inf =   0.000e+00 (1282) 3
*  5284: obj =   7.927335747e+11 inf =   0.000e+00 (1295) 3
*  5590: obj =   7.927335747e+11 inf =   0.000e+00 (1300) 3
*  5895: obj =   7.927335747e+11 inf =   0.000e+00 (1326) 3
*  6196: obj =   7.927335747e+11 inf =   0.000e+00 (1319) 3
*  6494: obj =   7.927335747e+11 inf =   0.000e+00 (1304) 3
*  6792: obj =   7.927335747e+11 inf =   0.000e+00 (1329) 2
*  7084: obj =   7.927335747e+11 inf =   0.000e+00 (1342) 3
*  7371: obj =   7.927335747e+11 inf =   0.000e+00 (1345) 3
*  7651: obj =   7.927335747e+11 inf =   0.000e+00 (1357) 3
*  7935: obj =   7.927335747e+11 inf =   0.000e+00 (1362) 2
*  8217: obj =   7.336850618e+11 inf =   0.000e+00 (5079) 3
*  8505: obj =   7.336850618e+11 inf =   0.000e+00 (5076) 3
*  8794: obj =   7.132948933e+11 inf =   0.000e+00 (5037) 3
*  9095: obj =   6.473698486e+11 inf =   0.000e+00 (4983) 3
*  9387: obj =   6.473317568e+11 inf =   0.000e+00 (4941) 2
*  9665: obj =   6.473317568e+11 inf =   3.469e-18 (4943) 3
*  9960: obj =   6.473317568e+11 inf =   3.469e-18 (4952) 2
* 10268: obj =   6.453901088e+11 inf =   0.000e+00 (4917) 3
* 10711: obj =   3.881557728e+11 inf =   0.000e+00 (4749) 2
* 11002: obj =   3.855222003e+11 inf =   0.000e+00 (4734) 2
* 11324: obj =   3.817635938e+11 inf =   3.261e-05 (4719) 3
* 11649: obj =   3.817635917e+11 inf =   6.531e-05 (4702) 3
* 11971: obj =   3.530551525e+11 inf =   1.179e-03 (4641) 2
* 12243: obj =   3.530551121e+11 inf =   4.244e-03 (4673) 3
* 12524: obj =   3.530550966e+11 inf =   5.314e-03 (4675) 2
* 12821: obj =   3.530550393e+11 inf =   7.774e-03 (4672) 3
* 13108: obj =   3.530550059e+11 inf =   9.679e-03 (4679) 2
* 13392: obj =   3.530549538e+11 inf =   1.202e-02 (4673) 3
* 13695: obj =   3.530549378e+11 inf =   1.209e-02 (4687) 2
* 13978: obj =   3.530548899e+11 inf =   1.452e-02 (4724) 2
* 14262: obj =   3.530548306e+11 inf =   1.674e-02 (4727) 3
* 14536: obj =   3.530547804e+11 inf =   1.930e-02 (4764) 2
* 14823: obj =   3.530547395e+11 inf =   2.043e-02 (4800) 3
* 15097: obj =   3.530546689e+11 inf =   2.364e-02 (4800) 2
* 15367: obj =   3.530546391e+11 inf =   2.399e-02 (4829) 2
* 15638: obj =   3.530545994e+11 inf =   2.538e-02 (4850) 3
* 15891: obj =   3.530545140e+11 inf =   3.092e-02 (4838) 2
* 16147: obj =   3.530544823e+11 inf =   3.251e-02 (4860) 2
* 16401: obj =   3.530544449e+11 inf =   3.413e-02 (4877) 2
* 16641: obj =   3.530543687e+11 inf =   3.843e-02 (4889) 3
* 16902: obj =   3.530542929e+11 inf =   4.253e-02 (4891) 2
* 17148: obj =   3.530541736e+11 inf =   4.718e-02 (4918) 2
* 17426: obj =   3.502788429e+11 inf =   4.788e-02 (4927) 3
* 17711: obj =   3.467479638e+11 inf =   4.747e-02 (4892) 2
* 17965: obj =   3.467478728e+11 inf =   4.181e-02 (4876) 3
* 18216: obj =   3.467477119e+11 inf =   3.714e-02 (4812) 2
* 18469: obj =   3.467476441e+11 inf =   3.607e-02 (4768) 2
* 18718: obj =   3.444916455e+11 inf =   3.613e-02 (4723) 3
* 19000: obj =   3.424324764e+11 inf =   4.007e-02 (4702) 2
* 19292: obj =   3.402805893e+11 inf =   4.066e-02 (4649) 3
* 19601: obj =   3.355723943e+11 inf =   4.032e-02 (4659) 3
* 19904: obj =   3.355723044e+11 inf =   4.132e-02 (4622) 2
* 20206: obj =   3.256812821e+11 inf =   4.160e-02 (4601) 3
* 20532: obj =   2.929006001e+11 inf =   3.953e-02 (4496) 2
* 20861: obj =   2.527394104e+11 inf =   3.772e-02 (4416) 2
* 21123: obj =   2.527393319e+11 inf =   3.971e-02 (4427) 3
* 21367: obj =   2.527392812e+11 inf =   4.055e-02 (4442) 2
* 21610: obj =   2.527392665e+11 inf =   4.055e-02 (4438) 2
* 21855: obj =   2.527392014e+11 inf =   4.230e-02 (4443) 2
* 22096: obj =   2.527391255e+11 inf =   4.445e-02 (4447) 2
* 22331: obj =   2.527390437e+11 inf =   4.830e-02 (4455) 3
* 22568: obj =   2.527390084e+11 inf =   4.982e-02 (4513) 2
* 22803: obj =   2.527389983e+11 inf =   4.976e-02 (4508) 2
* 23041: obj =   2.527388956e+11 inf =   5.588e-02 (4521) 2
* 23279: obj =   2.527388207e+11 inf =   6.010e-02 (4559) 2
* 23513: obj =   2.527388023e+11 inf =   6.070e-02 (4561) 2
* 23746: obj =   2.527387810e+11 inf =   6.146e-02 (4581) 2
* 23980: obj =   2.527387441e+11 inf =   6.326e-02 (4586) 2
* 24212: obj =   2.527387282e+11 inf =   6.350e-02 (4598) 2
* 24446: obj =   2.527386755e+11 inf =   6.594e-02 (4614) 2
* 24679: obj =   2.527386141e+11 inf =   6.773e-02 (4633) 2
* 24905: obj =   2.527385781e+11 inf =   6.961e-02 (4652) 3
* 25135: obj =   2.527385765e+11 inf =   6.857e-02 (4682) 2
* 25370: obj =   2.527385292e+11 inf =   7.020e-02 (4687) 2
* 25597: obj =   2.527384811e+11 inf =   7.258e-02 (4723) 2
* 25824: obj =   2.527384465e+11 inf =   7.373e-02 (4736) 2
* 26052: obj =   2.527383981e+11 inf =   7.536e-02 (4749) 2
* 26281: obj =   2.527383758e+11 inf =   7.492e-02 (4757) 2
* 26526: obj =   2.527383579e+11 inf =   7.442e-02 (4768) 2
* 26749: obj =   2.527383480e+11 inf =   7.372e-02 (4800) 2
* 26977: obj =   2.527382900e+11 inf =   7.610e-02 (4798) 2
* 27204: obj =   2.527382570e+11 inf =   7.690e-02 (4815) 2
* 27447: obj =   2.527382206e+11 inf =   7.717e-02 (4836) 2
* 27685: obj =   2.527381906e+11 inf =   7.634e-02 (4828) 3
* 27918: obj =   2.527381499e+11 inf =   7.707e-02 (4837) 2
* 28146: obj =   2.527381445e+11 inf =   7.581e-02 (4860) 2
* 28385: obj =   2.527380790e+11 inf =   7.806e-02 (4863) 2
* 28619: obj =   2.527380659e+11 inf =   7.700e-02 (4887) 2
* 28859: obj =   2.527380126e+11 inf =   7.815e-02 (4876) 2
* 29087: obj =   2.527379679e+11 inf =   7.874e-02 (4897) 2
* 29321: obj =   2.527379413e+11 inf =   7.829e-02 (4900) 2
* 29550: obj =   2.527378787e+11 inf =   7.957e-02 (4926) 2
* 29827: obj =   2.527378497e+11 inf =   7.849e-02 (4933) 3
* 30069: obj =   2.527377683e+11 inf =   8.043e-02 (4925) 2
* 30296: obj =   2.527377258e+11 inf =   8.071e-02 (4932) 2
* 30520: obj =   2.527376988e+11 inf =   7.977e-02 (4926) 2
* 30734: obj =   2.527376762e+11 inf =   7.854e-02 (4959) 2
* 30959: obj =   2.527376134e+11 inf =   7.955e-02 (4950) 2
* 31175: obj =   2.527375531e+11 inf =   8.011e-02 (4970) 2
* 31443: obj =   2.527373615e+11 inf =   7.853e-02 (4967) 2
* 31664: obj =   2.527372932e+11 inf =   7.870e-02 (4997) 2
* 31883: obj =   2.523449790e+11 inf =   7.699e-02 (4993) 2
* 32099: obj =   2.523449382e+11 inf =   7.665e-02 (5015) 2
* 32313: obj =   2.523448201e+11 inf =   7.528e-02 (5027) 3
* 32533: obj =   2.523447237e+11 inf =   7.556e-02 (4988) 2
* 32751: obj =   2.523445701e+11 inf =   7.527e-02 (4951) 2
* 32971: obj =   2.523444019e+11 inf =   7.663e-02 (4936) 2
* 33192: obj =   2.523442662e+11 inf =   8.010e-02 (4872) 2
* 33411: obj =   2.523441264e+11 inf =   8.717e-02 (4873) 2
* 33629: obj =   2.523439630e+11 inf =   1.007e-01 (4848) 2
* 33847: obj =   2.523438629e+11 inf =   1.117e-01 (4809) 2
* 34069: obj =   2.523437173e+11 inf =   1.307e-01 (4783) 2
* 34295: obj =   2.523436136e+11 inf =   1.503e-01 (4739) 2
* 34564: obj =   2.445300069e+11 inf =   1.617e-01 (4769) 3
* 34861: obj =   1.807608780e+11 inf =   1.632e-01 (8400) 2
* 35130: obj =   1.807555459e+11 inf =   1.690e-01 (8339) 3
* 35403: obj =   1.807533351e+11 inf =   1.695e-01 (8240) 2
* 35664: obj =   1.807508340e+11 inf =   1.715e-01 (8180) 3
* 35945: obj =   1.807465965e+11 inf =   1.714e-01 (8126) 2
* 36215: obj =   1.807450527e+11 inf =   1.729e-01 (8062) 3
* 36478: obj =   1.807439749e+11 inf =   1.716e-01 (4822) 3
* 36720: obj =   1.807438809e+11 inf =   1.688e-01 (4792) 2
* 36951: obj =   1.807437599e+11 inf =   1.666e-01 (4759) 2
* 37168: obj =   1.807436889e+11 inf =   1.653e-01 (4711) 2
* 37385: obj =   1.807436084e+11 inf =   1.620e-01 (4677) 3
* 37615: obj =   1.807435070e+11 inf =   1.631e-01 (4658) 2
* 37850: obj =   1.754236457e+11 inf =   1.623e-01 (1073) 2
* 38100: obj =   1.754234735e+11 inf =   1.568e-01 (1014) 2
* 38335: obj =   1.754232415e+11 inf =   1.506e-01 (1026) 2
* 38556: obj =   1.754230412e+11 inf =   1.432e-01 (968) 3
* 38779: obj =   1.754229261e+11 inf =   1.392e-01 (945) 2
* 39001: obj =   1.754226952e+11 inf =   1.320e-01 (989) 2
* 39221: obj =   1.754226152e+11 inf =   1.295e-01 (998) 2
* 39440: obj =   1.754225101e+11 inf =   1.267e-01 (1013) 2
* 39655: obj =   1.754224327e+11 inf =   1.241e-01 (955) 2
* 39869: obj =   1.754223059e+11 inf =   1.201e-01 (953) 2
* 40087: obj =   1.754220914e+11 inf =   1.147e-01 (946) 2
* 40302: obj =   1.754220467e+11 inf =   1.129e-01 (966) 2
* 40514: obj =   1.754219020e+11 inf =   1.091e-01 (962) 2
* 40725: obj =   1.754217601e+11 inf =   1.054e-01 (960) 2
* 40938: obj =   1.754216292e+11 inf =   1.021e-01 (950) 2
* 41151: obj =   1.754214697e+11 inf =   9.913e-02 (935) 2
* 41361: obj =   1.754214213e+11 inf =   9.680e-02 (948) 2
* 41570: obj =   1.754213325e+11 inf =   9.405e-02 (914) 2
* 41789: obj =   1.754211017e+11 inf =   9.137e-02 (875) 2
* 42002: obj =   1.754209681e+11 inf =   8.913e-02 (916) 2
* 42212: obj =   1.754209175e+11 inf =   8.674e-02 (910) 2
* 42420: obj =   1.754208791e+11 inf =   8.463e-02 (904) 2
* 42632: obj =   1.754208477e+11 inf =   8.257e-02 (886) 1
* 42841: obj =   1.754207948e+11 inf =   8.056e-02 (882) 2
* 43051: obj =   1.754206491e+11 inf =   7.788e-02 (891) 2
* 43259: obj =   1.754206110e+11 inf =   7.553e-02 (892) 2
* 43469: obj =   1.754203660e+11 inf =   7.271e-02 (893) 2
* 43676: obj =   1.754203144e+11 inf =   7.063e-02 (876) 2
* 43887: obj =   1.754201288e+11 inf =   6.848e-02 (877) 2
* 44099: obj =   1.754198813e+11 inf =   6.626e-02 (877) 2
* 44307: obj =   1.754197441e+11 inf =   6.379e-02 (890) 2
* 44515: obj =   1.754196765e+11 inf =   6.143e-02 (893) 2
* 44722: obj =   1.754196145e+11 inf =   5.891e-02 (876) 2
* 44936: obj =   1.754193723e+11 inf =   5.777e-02 (876) 2
* 45147: obj =   1.754192631e+11 inf =   5.589e-02 (867) 2
* 45357: obj =   1.754191549e+11 inf =   5.373e-02 (874) 2
* 45564: obj =   1.754191376e+11 inf =   5.047e-02 (886) 2
* 45774: obj =   1.754189912e+11 inf =   4.838e-02 (887) 2
* 45986: obj =   1.754187872e+11 inf =   4.600e-02 (906) 2
* 46196: obj =   1.754187171e+11 inf =   4.312e-02 (891) 2
* 46407: obj =   1.754186311e+11 inf =   4.008e-02 (881) 2
* 46629: obj =   1.754184910e+11 inf =   3.951e-02 (891) 2
* 46840: obj =   1.754184359e+11 inf =   3.590e-02 (871) 2
* 47057: obj =   1.754172158e+11 inf =   3.320e-02 (872) 2
* 47258: obj =   1.749464921e+11 inf =   3.238e-02 (8137) 2
* 47478: obj =   1.749462490e+11 inf =   3.229e-02 (8138) 2
* 47693: obj =   1.749460685e+11 inf =   3.200e-02 (8114) 2
* 47906: obj =   1.749420107e+11 inf =   3.254e-02 (8079) 2
* 48119: obj =   1.749400243e+11 inf =   3.391e-02 (8038) 2
* 48331: obj =   1.749390928e+11 inf =   3.532e-02 (7981) 2
* 48543: obj =   1.749385716e+11 inf =   3.700e-02 (7915) 2
* 48753: obj =   1.749380844e+11 inf =   3.869e-02 (7840) 2
* 48968: obj =   1.749376229e+11 inf =   4.044e-02 (7755) 2
* 49181: obj =   1.749370877e+11 inf =   4.263e-02 (7711) 1
* 49388: obj =   1.749367389e+11 inf =   4.510e-02 (7658) 2
* 49595: obj =   1.749360545e+11 inf =   5.033e-02 (7596) 2
* 49800: obj =   1.749354945e+11 inf =   5.553e-02 (7551) 2
* 50007: obj =   1.749350320e+11 inf =   6.076e-02 (7509) 2
* 50213: obj =   1.749344658e+11 inf =   7.009e-02 (7466) 2
* 50418: obj =   1.749337150e+11 inf =   8.669e-02 (7396) 2
* 50621: obj =   1.749328879e+11 inf =   1.146e-01 (7348) 2
* 50824: obj =   1.749322929e+11 inf =   1.423e-01 (7295) 2
* 51043: obj =   1.749316759e+11 inf =   1.746e-01 (7235) 2
* 51271: obj =   1.749313462e+11 inf =   1.951e-01 (7148) 2
* 51499: obj =   1.749310233e+11 inf =   2.237e-01 (7102) 3
* 51741: obj =   1.749307981e+11 inf =   2.520e-01 (7049) 2
* 52008: obj =   1.749307213e+11 inf =   2.590e-01 (6983) 3
* 52287: obj =   1.749307096e+11 inf =   2.606e-01 (6936) 2
* 52560: obj =   1.749306868e+11 inf =   2.613e-01 (6875) 3
* 52829: obj =   1.749306631e+11 inf =   2.627e-01 (6826) 2
* 53098: obj =   1.748967844e+11 inf =   2.631e-01 (6748) 2
* 53356: obj =   1.748967294e+11 inf =   2.633e-01 (6679) 3
* 53624: obj =   1.748162985e+11 inf =   2.634e-01 (6643) 2
* 53906: obj =   1.641393481e+11 inf =   2.640e-01 (6676) 3
* 54190: obj =   1.641389521e+11 inf =   2.657e-01 (6601) 2
* 54469: obj =   1.641386520e+11 inf =   2.663e-01 (6518) 3
* 54752: obj =   1.641384984e+11 inf =   2.662e-01 (6453) 3
* 55041: obj =   1.641383576e+11 inf =   2.660e-01 (6406) 2
* 55336: obj =   1.155881519e+11 inf =   2.597e-01 (490) 2
* 55617: obj =   8.242117946e+10 inf =   2.595e-01 (9356) 3
* 55880: obj =   8.242075551e+10 inf =   2.591e-01 (9286) 2
* 56170: obj =   8.115375369e+10 inf =   2.571e-01 (380) 3
* 56460: obj =   8.115371835e+10 inf =   2.554e-01 (402) 2
* 56744: obj =   5.605628872e+10 inf =   2.546e-01 (8762) 3
* 57020: obj =   5.605536389e+10 inf =   2.556e-01 (8692) 3
* 57304: obj =   5.488060844e+10 inf =   2.568e-01 (6104) 2
* 57605: obj =   2.535140598e+09 inf =   2.561e-01 (7371) 3
* 57892: obj =  -8.487802008e+05 inf =   2.554e-01 (112) 2
* 58152: obj =  -8.799212402e+05 inf =   2.528e-01 (137) 2
* 58393: obj =  -9.322885698e+05 inf =   2.512e-01 (159) 3
* 58631: obj =  -9.832536242e+05 inf =   2.486e-01 (172) 2
* 58861: obj =  -1.025955263e+06 inf =   2.462e-01 (179) 2
* 59091: obj =  -1.082817664e+06 inf =   2.428e-01 (175) 2
* 59318: obj =  -1.120357094e+06 inf =   2.397e-01 (183) 2
* 59545: obj =  -1.167084799e+06 inf =   2.358e-01 (181) 2
* 59769: obj =  -1.190799292e+06 inf =   2.335e-01 (181) 2
* 59995: obj =  -1.254330960e+06 inf =   2.280e-01 (177) 2
* 60222: obj =  -1.277471607e+06 inf =   2.256e-01 (184) 2
* 60448: obj =  -1.351852611e+06 inf =   2.211e-01 (183) 2
* 60675: obj =  -1.367649504e+06 inf =   2.197e-01 (183) 2
* 60902: obj =  -1.399030312e+06 inf =   2.169e-01 (176) 2
* 61130: obj =  -1.434039117e+06 inf =   2.138e-01 (191) 2
* 61357: obj =  -1.479947037e+06 inf =   2.099e-01 (182) 2
* 61584: obj =  -1.519629325e+06 inf =   2.075e-01 (181) 2
* 61810: obj =  -1.553464743e+06 inf =   2.053e-01 (184) 2
* 62031: obj =  -1.580069389e+06 inf =   2.034e-01 (181) 3
* 62260: obj =  -1.595261106e+06 inf =   2.015e-01 (191) 2
* 62487: obj =  -1.666952479e+06 inf =   1.960e-01 (191) 2
* 62713: obj =  -1.722570168e+06 inf =   1.918e-01 (180) 2
* 62937: obj =  -1.775817975e+06 inf =   1.873e-01 (184) 2
* 63163: obj =  -1.818117320e+06 inf =   1.837e-01 (194) 2
* 63387: obj =  -1.855795877e+06 inf =   1.810e-01 (190) 2
* 63612: obj =  -1.889437202e+06 inf =   1.786e-01 (182) 2
* 63837: obj =  -1.930791666e+06 inf =   1.755e-01 (187) 2
* 64064: obj =  -1.968717253e+06 inf =   1.722e-01 (180) 2
* 64291: obj =  -2.006901581e+06 inf =   1.687e-01 (195) 2
* 64515: obj =  -2.043111195e+06 inf =   1.655e-01 (180) 2
* 64757: obj =  -2.075600583e+06 inf =   1.629e-01 (146) 2
Removing LP perturbation [65023]...
* 65023: obj =   0.000000000e+00 inf =   0.000e+00 (0) 2
OPTIMAL LP SOLUTION FOUND
Integer optimization begins...
Long-step dual simplex will be used
+ 65023: mip =     not found yet >=              -inf        (1; 0)
# 65348: obj =  -6.386879168e-01 inf =   0.000e+00 (4847) 4 38%
# 65502: obj =  -7.190861132e-01 inf =   0.000e+00 (2084) 1 100%
# 65658: obj =  -1.826033486e+00 inf =   0.000e+00 (1001) 1 100%
# 65741: obj =   0.000000000e+00 inf =   0.000e+00 (0) 1 100%
+ 65741: mip =     not found yet >=   0.000000000e+00        (3; 0)
# 66117: obj =  -9.944098337e-01 inf =   0.000e+00 (118) 3 46%
# 66290: obj =  -3.667063820e+00 inf =   0.000e+00 (196) 2 100%
# 66438: obj =   0.000000000e+00 inf =   0.000e+00 (0) 1 100%
+ 66438: mip =     not found yet >=   0.000000000e+00        (4; 0)
+ 66809: mip =     not found yet >=   0.000000000e+00        (5; 0)
Time used: 67.0 secs.  Memory used: 583.8 Mb.
# 67180: obj =  -1.960533442e+00 inf =   0.000e+00 (2664) 3 46%
# 67352: obj =  -3.196696419e+00 inf =   0.000e+00 (716) 2 100%
# 67524: obj =  -4.600861776e+00 inf =   0.000e+00 (3223) 1 100%
# 67692: obj =  -6.960770419e+00 inf =   0.000e+00 (1809) 2 100%
# 67751: obj =   0.000000000e+00 inf =   0.000e+00 (0) 1 100%
+ 67751: mip =     not found yet >=   0.000000000e+00        (6; 0)
# 68120: obj =  -2.441932248e+00 inf =   0.000e+00 (1820) 3 45%
# 68140: obj =   0.000000000e+00 inf =   0.000e+00 (0) 100%
+ 68140: mip =     not found yet >=   0.000000000e+00        (7; 0)
+ 68462: mip =     not found yet >=   0.000000000e+00        (8; 0)
+ 68631: mip =     not found yet >=   0.000000000e+00        (9; 0)
Time used: 135.9 secs.  Memory used: 583.9 Mb.
# 69002: obj =  -7.069874532e-01 inf =   0.000e+00 (2561) 2 45%
# 69061: obj =   0.000000000e+00 inf =   0.000e+00 (0) 1 100%
+ 69061: mip =     not found yet >=   0.000000000e+00        (10; 0)
# 69421: obj =  -7.414616889e-01 inf =   0.000e+00 (11354) 3 44%
# 69589: obj =  -1.626448196e+00 inf =   0.000e+00 (1990) 2 100%
# 69758: obj =  -2.179762509e+00 inf =   0.000e+00 (6034) 1 100%
# 69924: obj =  -3.156214552e+00 inf =   0.000e+00 (3566) 2 100%
# 70090: obj =  -4.439214173e+00 inf =   0.000e+00 (1853) 1 100%
# 70252: obj =  -4.991177541e+00 inf =   0.000e+00 (719) 2 100%
# 70418: obj =  -5.982277191e+00 inf =   0.000e+00 (10498) 1 100%
# 70579: obj =  -7.254841329e+00 inf =   0.000e+00 (1684) 2 100%
# 70743: obj =  -8.841482925e+00 inf =   0.000e+00 (798) 1 100%
# 70884: obj =   0.000000000e+00 inf =   0.000e+00 (0) 2 100%
+ 70884: mip =     not found yet >=   0.000000000e+00        (11; 0)
Time used: 215.9 secs.  Memory used: 583.9 Mb.
# 71252: obj =  -5.870134587e-01 inf =   0.000e+00 (2362) 3 45%
# 71305: obj =   0.000000000e+00 inf =   0.000e+00 (0) 100%
+ 71305: mip =     not found yet >=   0.000000000e+00        (12; 0)
+ 71518: mip =     not found yet >=   0.000000000e+00        (13; 0)
+ 71519: mip =     not found yet >=   0.000000000e+00        (14; 0)
+ 71520: mip =     not found yet >=   0.000000000e+00        (15; 0)
+ 71703: mip =     not found yet >=   0.000000000e+00        (16; 0)
Time used: 281.8 secs.  Memory used: 584.0 Mb.
+ 71705: mip =     not found yet >=   0.000000000e+00        (17; 0)
+ 71706: mip =     not found yet >=   0.000000000e+00        (18; 0)
# 72070: obj =  -8.479997012e-01 inf =   0.000e+00 (6961) 3 44%
# 72233: obj =  -1.939685244e+00 inf =   0.000e+00 (273) 2 100%
# 72330: obj =   0.000000000e+00 inf =   0.000e+00 (0) 1 100%
+ 72330: mip =     not found yet >=   0.000000000e+00        (19; 0)
# 72696: obj =  -1.118898672e+00 inf =   0.000e+00 (7874) 3 44%
# 72861: obj =  -2.844038500e+00 inf =   0.000e+00 (3890) 2 100%
# 72946: obj =   0.000000000e+00 inf =   0.000e+00 (0) 100%
+ 72946: mip =     not found yet >=   0.000000000e+00        (20; 0)
Time used: 346.3 secs.  Memory used: 584.0 Mb.
# 73305: obj =  -1.455882148e+00 inf =   0.000e+00 (314) 3 44%
# 73470: obj =  -3.082378870e+00 inf =   0.000e+00 (507) 2 100%
# 73592: obj =   0.000000000e+00 inf =   0.000e+00 (0) 1 100%
+ 73592: mip =     not found yet >=   0.000000000e+00        (21; 0)
# 73951: obj =  -6.757525138e-01 inf =   0.000e+00 (4436) 3 44%
# 74120: obj =  -1.388369438e+00 inf =   0.000e+00 (15290) 1 100%
# 74164: obj =   0.000000000e+00 inf =   0.000e+00 (0) 1 100%
+ 74164: mip =     not found yet >=   0.000000000e+00        (22; 0)
# 74524: obj =  -6.244246964e-01 inf =   0.000e+00 (9327) 3 44%
# 74692: obj =  -1.709082067e+00 inf =   0.000e+00 (4189) 2 100%
# 74739: obj =   0.000000000e+00 inf =   0.000e+00 (0) 100%
+ 74739: mip =     not found yet >=   0.000000000e+00        (23; 0)
Time used: 412.0 secs.  Memory used: 584.0 Mb.
# 75099: obj =  -1.097141296e+00 inf =   0.000e+00 (4356) 2 42%
# 75152: obj =   0.000000000e+00 inf =   0.000e+00 (0) 1 100%
+ 75152: mip =     not found yet >=   0.000000000e+00        (24; 0)
+ 75404: mip =     not found yet >=   0.000000000e+00        (25; 0)
# 75759: obj =  -8.935651975e-01 inf =   0.000e+00 (2235) 3 43%
# 75928: obj =  -1.374993809e+00 inf =   0.000e+00 (971) 1 100%
# 76089: obj =  -2.327244990e+00 inf =   0.000e+00 (931) 2 100%
# 76251: obj =  -3.793177789e+00 inf =   0.000e+00 (4992) 1 100%
# 76412: obj =  -6.142920844e+00 inf =   0.000e+00 (649) 2 100%
# 76533: obj =   0.000000000e+00 inf =   0.000e+00 (0) 1 100%
+ 76533: mip =     not found yet >=   0.000000000e+00        (26; 0)
Time used: 477.0 secs.  Memory used: 584.1 Mb.
# 76893: obj =  -7.316582503e-01 inf =   0.000e+00 (2667) 3 43%
# 77061: obj =  -2.333570515e+00 inf =   0.000e+00 (565) 1 100%
# 77225: obj =  -4.667994297e+00 inf =   0.000e+00 (1048) 2 100%
# 77309: obj =   0.000000000e+00 inf =   0.000e+00 (0) 1 100%
+ 77309: mip =     not found yet >=   0.000000000e+00        (27; 0)
# 77669: obj =  -1.021123036e+00 inf =   0.000e+00 (710) 3 43%
# 77792: obj =   0.000000000e+00 inf =   0.000e+00 (0) 1 100%
+ 77792: mip =     not found yet >=   0.000000000e+00        (28; 0)
# 78151: obj =  -1.710871676e+00 inf =   0.000e+00 (5511) 3 44%
# 78313: obj =  -3.456002611e+00 inf =   0.000e+00 (583) 2 100%
# 78479: obj =  -5.381372403e+00 inf =   0.000e+00 (1060) 1 100%
# 78604: obj =   0.000000000e+00 inf =   0.000e+00 (0) 1 100%
+ 78604: mip =     not found yet >=   0.000000000e+00        (29; 0)
Time used: 547.2 secs.  Memory used: 584.2 Mb.
# 78966: obj =  -1.744235999e+00 inf =   0.000e+00 (1711) 3 44%
# 79127: obj =  -3.053308259e+00 inf =   0.000e+00 (1320) 2 100%
# 79292: obj =  -4.482523147e+00 inf =   0.000e+00 (554) 1 100%
# 79453: obj =  -6.739531931e+00 inf =   0.000e+00 (133) 2 100%
# 79604: obj =   0.000000000e+00 inf =   0.000e+00 (0) 1 100%
+ 79604: mip =     not found yet >=   0.000000000e+00        (30; 0)
# 79972: obj =  -2.858979007e+00 inf =   0.000e+00 (1280) 3 41%
# 80014: obj =   0.000000000e+00 inf =   0.000e+00 (0) 100%
+ 80014: mip =     not found yet >=   0.000000000e+00        (31; 0)
# 80384: obj =  -3.608675924e+00 inf =   0.000e+00 (36) 3 45%
# 80427: obj =   0.000000000e+00 inf =   0.000e+00 (0) 100%
+ 80427: mip =     not found yet >=   0.000000000e+00        (32; 0)
# 80786: obj =  -2.410417799e+00 inf =   0.000e+00 (3430) 3 41%
# 80870: obj =   0.000000000e+00 inf =   0.000e+00 (0) 100%
+ 80870: mip =     not found yet >=   0.000000000e+00        (33; 0)
Time used: 620.9 secs.  Memory used: 584.2 Mb.
# 81221: obj =  -1.851227292e+00 inf =   0.000e+00 (3421) 3 42%
# 81390: obj =  -4.264345496e+00 inf =   0.000e+00 (1631) 1 100%
# 81472: obj =   0.000000000e+00 inf =   0.000e+00 (0) 1 100%
+ 81472: mip =     not found yet >=   0.000000000e+00        (34; 0)
# 81843: obj =  -2.593026929e+00 inf =   0.000e+00 (91) 3 44%
# 81856: obj =   0.000000000e+00 inf =   0.000e+00 (0) 100%
+ 81856: mip =     not found yet >=   0.000000000e+00        (35; 0)
+ 82118: mip =     not found yet >=   0.000000000e+00        (36; 0)
# 82489: obj =  -1.406914607e+00 inf =   0.000e+00 (330) 2 38%
# 82657: obj =  -5.090752549e+00 inf =   0.000e+00 (1458) 2 100%
# 82663: obj =   0.000000000e+00 inf =   0.000e+00 (0) 100%
+ 82663: mip =     not found yet >=   0.000000000e+00        (37; 0)
# 83029: obj =  -2.992904753e+00 inf =   0.000e+00 (606) 3 43%
# 83062: obj =   0.000000000e+00 inf =   0.000e+00 (0) 100%
+ 83062: mip =     not found yet >=   0.000000000e+00        (38; 0)
Time used: 691.1 secs.  Memory used: 584.3 Mb.
# 83415: obj =  -7.053900664e-01 inf =   0.000e+00 (6075) 3 42%
# 83578: obj =  -2.994407859e+00 inf =   0.000e+00 (123) 1 100%
# 83646: obj =   0.000000000e+00 inf =   0.000e+00 (0) 1 100%
+ 83646: mip =     not found yet >=   0.000000000e+00        (39; 0)
# 84007: obj =  -7.823856498e-01 inf =   0.000e+00 (1676) 2 43%
# 84169: obj =  -2.551350685e+00 inf =   0.000e+00 (251) 2 100%
# 84210: obj =   0.000000000e+00 inf =   0.000e+00 (0) 100%
+ 84210: mip =     not found yet >=   0.000000000e+00        (40; 0)
# 84565: obj =  -2.322349055e+00 inf =   0.000e+00 (312) 3 35%
# 84732: obj =  -5.824454420e+00 inf =   0.000e+00 (2425) 1 100%
# 84736: obj =   0.000000000e+00 inf =   0.000e+00 (0) 100%
+ 84736: mip =     not found yet >=   0.000000000e+00        (41; 0)
+ 84990: mip =     not found yet >=   0.000000000e+00        (42; 0)
Time used: 752.8 secs.  Memory used: 584.3 Mb.
+ 85133: mip =     not found yet >=   0.000000000e+00        (43; 0)
# 85495: obj =  -2.487308136e+00 inf =   0.000e+00 (1855) 3 43%
# 85622: obj =   0.000000000e+00 inf =   0.000e+00 (0) 1 100%
+ 85622: mip =     not found yet >=   0.000000000e+00        (44; 0)
# 85986: obj =  -2.655247942e+00 inf =   0.000e+00 (1714) 3 45%
# 86152: obj =  -5.851294101e+00 inf =   0.000e+00 (1714) 2 100%
# 86194: obj =   0.000000000e+00 inf =   0.000e+00 (0) 100%
+ 86194: mip =     not found yet >=   0.000000000e+00        (45; 0)
+ 86443: mip =     not found yet >=   0.000000000e+00        (46; 0)
+ 86579: mip =     not found yet >=   0.000000000e+00        (47; 0)
+ 86857: mip =     not found yet >=   0.000000000e+00        (48; 0)
Time used: 813.1 secs.  Memory used: 584.4 Mb.
# 87223: obj =  -3.338792025e+00 inf =   0.000e+00 (9) 3 45%
# 87230: obj =   0.000000000e+00 inf =   0.000e+00 (0) 100%
+ 87230: mip =     not found yet >=   0.000000000e+00        (49; 0)
# 87594: obj =  -1.446931601e+00 inf =   0.000e+00 (462) 3 43%
# 87759: obj =  -4.648040193e+00 inf =   0.000e+00 (9833) 1 100%
# 87794: obj =   0.000000000e+00 inf =   0.000e+00 (0) 1 100%
+ 87794: mip =     not found yet >=   0.000000000e+00        (50; 0)
+ 88096: mip =     not found yet >=   0.000000000e+00        (51; 0)
# 88457: obj =  -1.472875547e+00 inf =   0.000e+00 (573) 3 42%
# 88583: obj =   0.000000000e+00 inf =   0.000e+00 (0) 1 100%
+ 88583: mip =     not found yet >=   0.000000000e+00        (52; 0)
+ 88587: mip =     not found yet >=   0.000000000e+00        (55; 0)
Time used: 874.0 secs.  Memory used: 584.4 Mb.
+ 88879: mip =     not found yet >=   0.000000000e+00        (57; 0)
+ 89207: mip =     not found yet >=   0.000000000e+00        (58; 0)
+ 89534: mip =     not found yet >=   0.000000000e+00        (59; 0)
+ 89782: mip =     not found yet >=   0.000000000e+00        (60; 0)
+ 90116: mip =     not found yet >=   0.000000000e+00        (61; 0)
# 90470: obj =  -1.591501849e+00 inf =   0.000e+00 (953) 3 42%
# 90582: obj =   0.000000000e+00 inf =   0.000e+00 (0) 1 100%
+ 90582: mip =     not found yet >=   0.000000000e+00        (62; 0)
Time used: 939.2 secs.  Memory used: 584.5 Mb.
# 90948: obj =  -1.627525931e+00 inf =   0.000e+00 (15276) 2 38%
# 90999: obj =   0.000000000e+00 inf =   0.000e+00 (0) 1 100%
+ 90999: mip =     not found yet >=   0.000000000e+00        (63; 0)
+ 91312: mip =     not found yet >=   0.000000000e+00        (64; 0)
+ 91601: mip =     not found yet >=   0.000000000e+00        (65; 0)
+ 91863: mip =     not found yet >=   0.000000000e+00        (66; 0)
+ 92128: mip =     not found yet >=   0.000000000e+00        (67; 0)
+ 92484: mip =     not found yet >=   0.000000000e+00        (69; 0)
Time used: 999.7 secs.  Memory used: 584.6 Mb.
+ 92811: mip =     not found yet >=   0.000000000e+00        (70; 0)
# 93163: obj =  -1.463907006e+00 inf =   0.000e+00 (37910) 3 40%
# 93327: obj =  -5.071597059e+00 inf =   0.000e+00 (90) 1 100%
# 93362: obj =   0.000000000e+00 inf =   0.000e+00 (0) 1 100%
+ 93362: mip =     not found yet >=   0.000000000e+00        (71; 0)
+ 93670: mip =     not found yet >=   0.000000000e+00        (72; 0)
# 94025: obj =  -3.753556292e+00 inf =   0.000e+00 (122) 3 41%
# 94041: obj =   0.000000000e+00 inf =   0.000e+00 (0) 100%
+ 94041: mip =     not found yet >=   0.000000000e+00        (73; 0)
# 94398: obj =  -4.570690951e+00 inf =   0.000e+00 (367) 3 42%
# 94407: obj =   0.000000000e+00 inf =   0.000e+00 (0) 100%
+ 94407: mip =     not found yet >=   0.000000000e+00        (74; 0)
Time used: 1061.8 secs.  Memory used: 584.6 Mb.
+ 94742: mip =     not found yet >=   0.000000000e+00        (75; 0)
# 95098: obj =  -2.376278757e+00 inf =   0.000e+00 (4876) 3 41%
# 95248: obj =   0.000000000e+00 inf =   0.000e+00 (0) 1 100%
+ 95248: mip =     not found yet >=   0.000000000e+00        (76; 0)
+ 95602: mip =     not found yet >=   0.000000000e+00        (77; 0)
+ 95859: mip =     not found yet >=   0.000000000e+00        (78; 0)
+ 96297: mip =     not found yet >=   0.000000000e+00        (81; 0)
Time used: 1122.9 secs.  Memory used: 584.7 Mb.
# 96499: obj =  -7.135192918e-01 inf =   0.000e+00 (9077) 2 0%
# 96641: obj =  -7.772729937e-01 inf =   0.000e+00 (9824) 1 100%
# 96780: obj =  -8.089734305e-01 inf =   0.000e+00 (10052) 1 100%
# 96905: obj =  -8.293217729e-01 inf =   0.000e+00 (9991) 2 100%
# 97045: obj =  -8.534771368e-01 inf =   0.000e+00 (10023) 1 100%
# 97185: obj =  -8.798058563e-01 inf =   0.000e+00 (10323) 1 100%
# 97314: obj =  -9.007301062e-01 inf =   0.000e+00 (9855) 2 100%
# 97453: obj =  -1.000415572e+00 inf =   0.000e+00 (8554) 1 100%
# 97591: obj =  -1.100952170e+00 inf =   0.000e+00 (8461) 1 100%
# 97715: obj =  -1.205306179e+00 inf =   0.000e+00 (8291) 2 100%
# 97850: obj =  -1.308550375e+00 inf =   0.000e+00 (8168) 1 100%
# 97985: obj =  -1.429012582e+00 inf =   0.000e+00 (8234) 1 100%
# 98118: obj =  -1.588561095e+00 inf =   0.000e+00 (8037) 2 100%
# 98256: obj =  -1.689452789e+00 inf =   0.000e+00 (7844) 1 100%
# 98394: obj =  -1.705414113e+00 inf =   0.000e+00 (7848) 1 100%
# 98522: obj =  -1.748132092e+00 inf =   0.000e+00 (7793) 2 100%
# 98660: obj =  -1.761841726e+00 inf =   0.000e+00 (7684) 1 100%
# 98796: obj =  -1.803811171e+00 inf =   0.000e+00 (7552) 1 100%
# 98926: obj =  -1.842832520e+00 inf =   0.000e+00 (7366) 2 100%
# 99062: obj =  -1.864099549e+00 inf =   0.000e+00 (7245) 1 100%
# 99197: obj =  -1.873295661e+00 inf =   0.000e+00 (7131) 1 100%
# 99330: obj =  -1.904001573e+00 inf =   0.000e+00 (7166) 2 100%
# 99466: obj =  -2.002047434e+00 inf =   0.000e+00 (6970) 1 100%
# 99601: obj =  -2.033353982e+00 inf =   0.000e+00 (6817) 1 100%
# 99735: obj =  -2.063762142e+00 inf =   0.000e+00 (6714) 2 100%
# 99869: obj =  -2.067865755e+00 inf =   0.000e+00 (6588) 1 100%
#100002: obj =  -2.122356680e+00 inf =   0.000e+00 (6560) 1 100%
#100133: obj =  -2.135395308e+00 inf =   0.000e+00 (6445) 1 100%
#100249: obj =  -2.133764571e+00 inf =   0.000e+00 (6333) 2 100%
#100381: obj =  -2.192895929e+00 inf =   0.000e+00 (6175) 1 100%
#100513: obj =  -2.240157305e+00 inf =   0.000e+00 (6025) 1 100%
#100643: obj =  -2.323250541e+00 inf =   0.000e+00 (5908) 1 100%
#100757: obj =  -2.331260889e+00 inf =   0.000e+00 (5796) 2 100%
#100886: obj =  -2.363164024e+00 inf =   0.000e+00 (5677) 1 100%
#101014: obj =  -2.407590024e+00 inf =   0.000e+00 (5561) 1 100%
#101142: obj =  -2.411839388e+00 inf =   0.000e+00 (5519) 1 100%
#101253: obj =  -2.467209636e+00 inf =   0.000e+00 (5499) 2 100%
#101381: obj =  -2.474463887e+00 inf =   0.000e+00 (5442) 1 100%
#101508: obj =  -2.504062822e+00 inf =   0.000e+00 (5308) 1 100%
#101635: obj =  -2.579682125e+00 inf =   0.000e+00 (5196) 1 100%
#101755: obj =  -2.680694051e+00 inf =   0.000e+00 (5073) 2 100%
#101881: obj =  -2.666458475e+00 inf =   0.000e+00 (4945) 1 100%
#102007: obj =  -2.658266922e+00 inf =   0.000e+00 (4851) 1 100%
#102132: obj =  -2.660750554e+00 inf =   0.000e+00 (4777) 1 100%
#102256: obj =  -2.667942826e+00 inf =   0.000e+00 (4658) 1 100%
#102363: obj =  -2.692939577e+00 inf =   0.000e+00 (4558) 2 100%
#102488: obj =  -2.744751972e+00 inf =   0.000e+00 (4415) 1 100%
#102611: obj =  -2.809328446e+00 inf =   0.000e+00 (4294) 1 100%
#102734: obj =  -2.816547724e+00 inf =   0.000e+00 (4180) 1 100%
#102857: obj =  -2.827641146e+00 inf =   0.000e+00 (4054) 1 100%
#102967: obj =  -2.813334581e+00 inf =   0.000e+00 (3951) 2 100%
#103088: obj =  -2.803927253e+00 inf =   0.000e+00 (3826) 1 100%
#103208: obj =  -2.797776596e+00 inf =   0.000e+00 (3734) 1 100%
#103329: obj =  -2.808839590e+00 inf =   0.000e+00 (3603) 1 100%
#103450: obj =  -2.808168466e+00 inf =   0.000e+00 (3536) 1 100%
#103570: obj =  -2.813526370e+00 inf =   0.000e+00 (3475) 1 100%
#103674: obj =  -2.823141518e+00 inf =   0.000e+00 (3419) 2 100%
#103792: obj =  -2.817084259e+00 inf =   0.000e+00 (3300) 1 100%
#103909: obj =  -2.795331652e+00 inf =   0.000e+00 (3234) 1 100%
#104026: obj =  -2.775283059e+00 inf =   0.000e+00 (3116) 1 100%
#104143: obj =  -2.764244686e+00 inf =   0.000e+00 (3002) 1 100%
#104259: obj =  -2.746235710e+00 inf =   0.000e+00 (3198) 1 100%
#104377: obj =  -2.739791308e+00 inf =   0.000e+00 (3039) 1 100%
#104482: obj =  -2.729940013e+00 inf =   0.000e+00 (2941) 2 100%
#104599: obj =  -2.713718855e+00 inf =   0.000e+00 (2823) 1 100%
#104715: obj =  -2.697895305e+00 inf =   0.000e+00 (2708) 1 100%
#104830: obj =  -2.691148357e+00 inf =   0.000e+00 (2611) 1 100%
#104944: obj =  -2.671560897e+00 inf =   0.000e+00 (2497) 1 100%
#105058: obj =  -2.656528773e+00 inf =   0.000e+00 (2382) 1 100%
#105172: obj =  -2.642971220e+00 inf =   0.000e+00 (2344) 1 100%
#105285: obj =  -2.636992170e+00 inf =   0.000e+00 (2231) 1 100%
#105391: obj =  -2.630633497e+00 inf =   0.000e+00 (2176) 2 100%
#105503: obj =  -2.620607660e+00 inf =   0.000e+00 (2065) 1 100%
#105615: obj =  -2.611140159e+00 inf =   0.000e+00 (1954) 1 100%
#105727: obj =  -2.598836337e+00 inf =   0.000e+00 (1843) 1 100%
#105839: obj =  -2.587552355e+00 inf =   0.000e+00 (1732) 1 100%
#105955: obj =  -2.578815950e+00 inf =   0.000e+00 (1667) 1 100%
#106072: obj =  -2.588799788e+00 inf =   0.000e+00 (1596) 1 100%
#106189: obj =  -2.587546435e+00 inf =   0.000e+00 (1726) 1 100%
#106300: obj =  -2.590826427e+00 inf =   0.000e+00 (1778) 2 100%
#106417: obj =  -2.580728725e+00 inf =   0.000e+00 (1657) 1 100%
#106532: obj =  -2.585436189e+00 inf =   0.000e+00 (1542) 1 100%
#106647: obj =  -2.581429405e+00 inf =   0.000e+00 (1439) 1 100%
#106760: obj =  -2.577769277e+00 inf =   0.000e+00 (1326) 1 100%
#106871: obj =  -2.567143633e+00 inf =   0.000e+00 (1215) 1 100%
#106986: obj =  -2.566227435e+00 inf =   0.000e+00 (1111) 1 100%
#107101: obj =  -2.568247865e+00 inf =   0.000e+00 (1078) 1 100%
#107209: obj =  -2.571164567e+00 inf =   0.000e+00 (1019) 2 100%
#107325: obj =  -2.577220769e+00 inf =   0.000e+00 (979) 1 100%
#107439: obj =  -2.586330933e+00 inf =   0.000e+00 (866) 1 100%
#107552: obj =  -2.591122272e+00 inf =   0.000e+00 (757) 1 100%
#107668: obj =  -2.589671066e+00 inf =   0.000e+00 (737) 1 100%
#107784: obj =  -2.583758748e+00 inf =   0.000e+00 (792) 1 100%
#107900: obj =  -2.591571255e+00 inf =   0.000e+00 (693) 1 100%
#108015: obj =  -2.603335094e+00 inf =   0.000e+00 (627) 1 100%
#108118: obj =  -2.625385924e+00 inf =   0.000e+00 (581) 2 100%
#108234: obj =  -2.638158661e+00 inf =   0.000e+00 (504) 1 100%
#108349: obj =  -2.658668519e+00 inf =   0.000e+00 (398) 1 100%
#108464: obj =  -2.735205905e+00 inf =   0.000e+00 (284) 1 100%
#108578: obj =  -2.770530574e+00 inf =   0.000e+00 (219) 1 100%
#108690: obj =  -2.782616013e+00 inf =   0.000e+00 (107) 1 100%
#108797: obj =   0.000000000e+00 inf =   0.000e+00 (0) 1 100%
Solution found by heuristic: 0
+108797: mip =   0.000000000e+00 >=     tree is empty   0.0% (0; 161)
INTEGER OPTIMAL SOLUTION FOUND
Time used:   2943.3 secs
Memory used: 726.0 Mb (761300656 bytes)
Writing MIP solution to 'input/sx-askubuntu.html/sx-askubuntu-a2q.txt.gz.580.lp.sol'...
Objective:  obj = 0 (MINimum)
