Version 1.2 launched as -e 0.1 12 input/sx-superuser.html/sx-superuser.txt.gz 251


Execution time and memory used at after reading from file: 1.288760e+03 seconds, 66465792 bytes of memory usage, 64944 kB of memory peak and 21:29 elapsed time
Statistics on the network after reading from file
	Number of nodes: 194085
	Number of allocated nodes: 194560
	Number of edges: 854377
	Maximum in degree: 2512 (node 8672)
	Maximum out degree: 14254 (node 83283)

Execution time and memory used at before starting main computation: 1.291610e+03 seconds, 69304320 bytes of memory usage, 68956 kB of memory peak and 21:32 elapsed time
Statistics on the network before starting main computation
	Number of nodes: 194085
	Number of allocated nodes: 194560
	Number of edges: 854377
	Maximum in degree: 2512 (node 8672)
	Maximum out degree: 14254 (node 83283)
	source 38708 (node 83283) with out degree 14254
	target 3012 (node 8672) with in degree 2512

Execution time and memory used at after iteration 1 (MF = 3142869428150.000000): 1.360358e+04 seconds, 888033280 bytes of memory usage, 1043360 kB of memory peak and 03:46:45 elapsed time
Statistics on the network after iteration 1 (MF = 3142869428150.000000)
	Number of nodes: 194085
	Number of allocated nodes: 194560
	Number of edges: 854377
	Maximum in degree: 2512 (node 8672)
	Maximum out degree: 14254 (node 83283)
	source 38708 (node 83283) with out degree 14254
	target 3012 (node 8672) with in degree 2512
