GLPSOL--GLPK LP/MIP Solver 5.0
Parameter(s) specified in the command line:
 --lp input/email-Eu-core-temporal.html/email-Eu-core-temporal-Dept3.txt.gz.36.lp
 -o input/email-Eu-core-temporal.html/email-Eu-core-temporal-Dept3.txt.gz.36.lp.sol
Reading problem data from 'input/email-Eu-core-temporal.html/email-Eu-core-temporal-Dept3.txt.gz.36.lp'...
1509 rows, 3101 columns, 7532 non-zeros
3101 integer variables, all of which are binary
4615 lines were read
GLPK Integer Optimizer 5.0
1509 rows, 3101 columns, 7532 non-zeros
3101 integer variables, all of which are binary
Preprocessing...
1 hidden packing inequaliti(es) were detected
1418 rows, 3010 columns, 7072 non-zeros
3010 integer variables, all of which are binary
Scaling...
 A: min|aij| =  1.000e+00  max|aij| =  1.000e+00  ratio =  1.000e+00
Problem data seem to be well scaled
Constructing initial basis...
Size of triangular part is 1418
Solving LP relaxation...
GLPK Simplex Optimizer 5.0
1418 rows, 3010 columns, 7072 non-zeros
      0: obj =   0.000000000e+00 inf =   4.600e+01 (46)
     46: obj =   6.660963240e+08 inf =   0.000e+00 (0)
Perturbing LP to avoid stalling [250]...
Removing LP perturbation [814]...
*   814: obj =   6.843201000e+06 inf =   0.000e+00 (0) 6
OPTIMAL LP SOLUTION FOUND
Integer optimization begins...
Long-step dual simplex will be used
+   814: mip =     not found yet >=              -inf        (1; 0)
+   814: >>>>>   6.843201000e+06 >=   6.843201000e+06   0.0% (1; 0)
+   814: mip =   6.843201000e+06 >=     tree is empty   0.0% (0; 1)
INTEGER OPTIMAL SOLUTION FOUND
Time used:   0.1 secs
Memory used: 3.8 Mb (4034136 bytes)
Writing MIP solution to 'input/email-Eu-core-temporal.html/email-Eu-core-temporal-Dept3.txt.gz.36.lp.sol'...
Objective:  obj = 6843201 (MINimum)
