Launched as 5 input/sx-mathoverflow.html/sx-mathoverflow-a2q.txt.gz 0


Execution time and memory used at after reading from file: 2.610000e+00 seconds, 19972096 bytes of memory usage, 19540 kB of memory peak and 00:03 elapsed time
Statistics on the network after reading from file
	Number of nodes: 21688
	Number of allocated nodes: 22528
	Number of edges: 88711
	Maximum in degree: 485 (node 290)
	Maximum out degree: 1101 (node 11142)

Execution time and memory used at before starting main computation: 2.630000e+00 seconds, 20107264 bytes of memory usage, 20152 kB of memory peak and 00:03 elapsed time
Statistics on the network before starting main computation
	Number of nodes: 21688
	Number of allocated nodes: 22528
	Number of edges: 88711
	Maximum in degree: 485 (node 290)
	Maximum out degree: 1101 (node 11142)
	source 4901 (node 11142) with out degree 1101
	target 76 (node 290) with in degree 485

Execution time and memory used at after creating milp without reductions: 2.780000e+00 seconds, 20107264 bytes of memory usage, 20152 kB of memory peak and 00:03 elapsed time
Statistics on the network after creating milp without reductions
	Number of nodes: 21688
	Number of allocated nodes: 22528
	Number of edges: 88711
	Maximum in degree: 485 (node 290)
	Maximum out degree: 1101 (node 11142)
	source 4901 (node 11142) with out degree 1101
	target 76 (node 290) with in degree 485

Execution time and memory used at after reachability and chains reduction: 2.302000e+01 seconds, 20463616 bytes of memory usage, 21120 kB of memory peak and 00:23 elapsed time
Statistics on the network after reachability and chains reduction
	Number of nodes: 3228
	Number of allocated nodes: 22528
	Number of edges: 42790
	Maximum in degree: 388 (node 290)
	Maximum out degree: 425 (node 297)
	source 4901 (node 11142) with out degree 402
	target 76 (node 290) with in degree 388

Execution time and memory used at after detours elimination: 6.837000e+01 seconds, 20111360 bytes of memory usage, 21120 kB of memory peak and 01:09 elapsed time
Statistics on the network after detours elimination
	Number of nodes: 3226
	Number of allocated nodes: 22528
	Number of edges: 42786
	Maximum in degree: 388 (node 290)
	Maximum out degree: 425 (node 297)
	source 4901 (node 11142) with out degree 402
	target 76 (node 290) with in degree 388

Execution time and memory used at after creating milp with detours elimination (all transformations): 6.844000e+01 seconds, 20111360 bytes of memory usage, 21120 kB of memory peak and 01:09 elapsed time
Statistics on the network after creating milp with detours elimination (all transformations)
	Number of nodes: 3226
	Number of allocated nodes: 22528
	Number of edges: 42786
	Maximum in degree: 388 (node 290)
	Maximum out degree: 425 (node 297)
	source 4901 (node 11142) with out degree 402
	target 76 (node 290) with in degree 388
