GLPSOL--GLPK LP/MIP Solver 5.0
Parameter(s) specified in the command line:
 --lp input/p2p-Gnutella24.html/p2p-Gnutella24.txt.gz.9.lp -o input/p2p-Gnutella24.html/p2p-Gnutella24.txt.gz.9.lp.sol
Reading problem data from 'input/p2p-Gnutella24.html/p2p-Gnutella24.txt.gz.9.lp'...
65372 rows, 157256 columns, 326847 non-zeros
157256 integer variables, all of which are binary
222633 lines were read
GLPK Integer Optimizer 5.0
65372 rows, 157256 columns, 326847 non-zeros
157256 integer variables, all of which are binary
Preprocessing...
65361 rows, 157243 columns, 326698 non-zeros
157243 integer variables, all of which are binary
Scaling...
 A: min|aij| =  1.000e+00  max|aij| =  1.000e+00  ratio =  1.000e+00
Problem data seem to be well scaled
Constructing initial basis...
Size of triangular part is 65361
Solving LP relaxation...
GLPK Simplex Optimizer 5.0
65361 rows, 157243 columns, 326698 non-zeros
      0: obj =   0.000000000e+00 inf =   3.200e+01 (32)
     32: obj =   3.665896000e+00 inf =   0.000e+00 (0)
Perturbing LP to avoid stalling [242]...
*  1395: obj =   2.345618000e+00 inf =   0.000e+00 (324) 6
*  2486: obj =   2.345618000e+00 inf =   0.000e+00 (544) 8
*  3447: obj =   2.345618000e+00 inf =   0.000e+00 (541) 7
*  4314: obj =   2.345618000e+00 inf =   0.000e+00 (574) 7
*  5115: obj =   2.345618000e+00 inf =   0.000e+00 (613) 7
*  5870: obj =   2.345618000e+00 inf =   0.000e+00 (632) 7
*  6597: obj =   2.345618000e+00 inf =   0.000e+00 (638) 6
*  7289: obj =   2.345618000e+00 inf =   0.000e+00 (638) 7
*  8129: obj =   1.907831000e+00 inf =   0.000e+00 (561) 8
Removing LP perturbation [8939]...
*  8939: obj =   1.850229000e+00 inf =   0.000e+00 (0) 8
OPTIMAL LP SOLUTION FOUND
Integer optimization begins...
Long-step dual simplex will be used
+  8939: mip =     not found yet >=              -inf        (1; 0)
+  8939: >>>>>   1.850229000e+00 >=   1.850229000e+00   0.0% (1; 0)
+  8939: mip =   1.850229000e+00 >=     tree is empty   0.0% (0; 1)
INTEGER OPTIMAL SOLUTION FOUND
Time used:   50.0 secs
Memory used: 178.6 Mb (187231821 bytes)
Writing MIP solution to 'input/p2p-Gnutella24.html/p2p-Gnutella24.txt.gz.9.lp.sol'...
Objective:  obj = 1.850229 (MINimum)
