Version 1.2 launched as -e 0.1 -i 12 input/soc-sign-Slashdot090221.html/soc-sign-Slashdot090221.txt.gz 126


Execution time and memory used at after reading from file: 6.446000e+01 seconds, 42475520 bytes of memory usage, 41516 kB of memory peak and 01:05 elapsed time
Statistics on the network after reading from file
	Number of nodes: 82140
	Number of allocated nodes: 82944
	Number of edges: 549202
	Maximum in degree: 2543 (node 80)
	Maximum out degree: 428 (node 8895)

Execution time and memory used at after adding costs: 6.448000e+01 seconds, 42475520 bytes of memory usage, 41516 kB of memory peak and 01:05 elapsed time
Statistics on the network after adding costs
	Number of nodes: 82140
	Number of allocated nodes: 82944
	Number of edges: 549202
	Maximum in degree: 2543 (node 80)
	Maximum out degree: 428 (node 8895)

Execution time and memory used at before starting main computation: 6.509000e+01 seconds, 43286528 bytes of memory usage, 43112 kB of memory peak and 01:06 elapsed time
Statistics on the network before starting main computation
	Number of nodes: 82140
	Number of allocated nodes: 82944
	Number of edges: 549202
	Maximum in degree: 2543 (node 80)
	Maximum out degree: 428 (node 8895)
	source 4735 (node 8895) with out degree 428
	target 132 (node 80) with in degree 2543

Execution time and memory used at after iteration 1 (MF = 46.146415): 9.213500e+02 seconds, 524140544 bytes of memory usage, 655196 kB of memory peak and 15:22 elapsed time
Statistics on the network after iteration 1 (MF = 46.146415)
	Number of nodes: 82140
	Number of allocated nodes: 82944
	Number of edges: 549202
	Maximum in degree: 2543 (node 80)
	Maximum out degree: 428 (node 8895)
	source 4735 (node 8895) with out degree 428
	target 132 (node 80) with in degree 2543

Execution time and memory used at after iteration 2 (MF = 34.606866): 1.110080e+03 seconds, 828739584 bytes of memory usage, 913200 kB of memory peak and 18:31 elapsed time
Statistics on the network after iteration 2 (MF = 34.606866)
	Number of nodes: 82140
	Number of allocated nodes: 82944
	Number of edges: 549202
	Maximum in degree: 2543 (node 80)
	Maximum out degree: 428 (node 8895)
	source 4735 (node 8895) with out degree 428
	target 132 (node 80) with in degree 2543

Execution time and memory used at after iteration 3 (MF = 37.370246): 1.278220e+03 seconds, 831868928 bytes of memory usage, 965520 kB of memory peak and 21:19 elapsed time
Statistics on the network after iteration 3 (MF = 37.370246)
	Number of nodes: 82140
	Number of allocated nodes: 82944
	Number of edges: 549202
	Maximum in degree: 2543 (node 80)
	Maximum out degree: 428 (node 8895)
	source 4735 (node 8895) with out degree 428
	target 132 (node 80) with in degree 2543
