	Command being timed: "/usr/app/src/glpk-5.0/examples/glpsol --lp input/soc-sign-bitcoin-alpha.html/soc-sign-bitcoinalpha.csv.gz.100.lp.reach_chain_detours.lp -o input/soc-sign-bitcoin-alpha.html/soc-sign-bitcoinalpha.csv.gz.100.lp.reach_chain_detours.lp.sol"
	User time (seconds): 83.75
	System time (seconds): 0.25
	Percent of CPU this job got: 100%
	Elapsed (wall clock) time (h:mm:ss or m:ss): 1:24.01
	Average shared text size (kbytes): 0
	Average unshared data size (kbytes): 0
	Average stack size (kbytes): 0
	Average total size (kbytes): 0
	Maximum resident set size (kbytes): 55124
	Average resident set size (kbytes): 0
	Major (requiring I/O) page faults: 0
	Minor (reclaiming a frame) page faults: 17524
	Voluntary context switches: 30
	Involuntary context switches: 48
	Swaps: 0
	File system inputs: 0
	File system outputs: 8472
	Socket messages sent: 0
	Socket messages received: 0
	Signals delivered: 0
	Page size (bytes): 4096
	Exit status: 0
