Version 1.2 launched as -e 0.1 12 input/gemsec-Deezer.html/HR_edges.csv.gz 138


Execution time and memory used at after reading from file: 1.315500e+02 seconds, 37208064 bytes of memory usage, 36372 kB of memory peak and 02:11 elapsed time
Statistics on the network after reading from file
	Number of nodes: 54575
	Number of allocated nodes: 55296
	Number of edges: 498203
	Maximum in degree: 352 (node 43244)
	Maximum out degree: 240 (node 53296)

Execution time and memory used at after adding costs: 1.315700e+02 seconds, 37208064 bytes of memory usage, 36372 kB of memory peak and 02:11 elapsed time
Statistics on the network after adding costs
	Number of nodes: 54575
	Number of allocated nodes: 55296
	Number of edges: 498203
	Maximum in degree: 352 (node 43244)
	Maximum out degree: 240 (node 53296)

Execution time and memory used at before starting main computation: 1.318800e+02 seconds, 38289408 bytes of memory usage, 38124 kB of memory peak and 02:12 elapsed time
Statistics on the network before starting main computation
	Number of nodes: 54575
	Number of allocated nodes: 55296
	Number of edges: 498203
	Maximum in degree: 352 (node 43244)
	Maximum out degree: 240 (node 53296)
	source 2148 (node 53296) with out degree 240
	target 793 (node 43244) with in degree 352

Execution time and memory used at after iteration 1 (MF = 80.537162): 7.739800e+02 seconds, 478269440 bytes of memory usage, 593352 kB of memory peak and 12:54 elapsed time
Statistics on the network after iteration 1 (MF = 80.537162)
	Number of nodes: 54575
	Number of allocated nodes: 55296
	Number of edges: 498203
	Maximum in degree: 352 (node 43244)
	Maximum out degree: 240 (node 53296)
	source 2148 (node 53296) with out degree 240
	target 793 (node 43244) with in degree 352

Execution time and memory used at after iteration 2 (MF = 39.418919): 7.937000e+02 seconds, 478269440 bytes of memory usage, 593632 kB of memory peak and 13:13 elapsed time
Statistics on the network after iteration 2 (MF = 39.418919)
	Number of nodes: 54575
	Number of allocated nodes: 55296
	Number of edges: 498203
	Maximum in degree: 352 (node 43244)
	Maximum out degree: 240 (node 53296)
	source 2148 (node 53296) with out degree 240
	target 793 (node 43244) with in degree 352

Execution time and memory used at after iteration 3 (MF = 44.000000): 1.844320e+03 seconds, 775467008 bytes of memory usage, 805104 kB of memory peak and 30:44 elapsed time
Statistics on the network after iteration 3 (MF = 44.000000)
	Number of nodes: 54575
	Number of allocated nodes: 55296
	Number of edges: 498203
	Maximum in degree: 352 (node 43244)
	Maximum out degree: 240 (node 53296)
	source 2148 (node 53296) with out degree 240
	target 793 (node 43244) with in degree 352

Execution time and memory used at after iteration 4 (MF = 36.572635): 1.938048e+05 seconds, 755544064 bytes of memory usage, 1769792 kB of memory peak and 2-05:50:16 elapsed time
Statistics on the network after iteration 4 (MF = 36.572635)
	Number of nodes: 54575
	Number of allocated nodes: 55296
	Number of edges: 498203
	Maximum in degree: 352 (node 43244)
	Maximum out degree: 240 (node 53296)
	source 2148 (node 53296) with out degree 240
	target 793 (node 43244) with in degree 352

Execution time and memory used at after iteration 5 (MF = 41.903716): 1.998807e+05 seconds, 755544064 bytes of memory usage, 1769792 kB of memory peak and 2-07:31:32 elapsed time
Statistics on the network after iteration 5 (MF = 41.903716)
	Number of nodes: 54575
	Number of allocated nodes: 55296
	Number of edges: 498203
	Maximum in degree: 352 (node 43244)
	Maximum out degree: 240 (node 53296)
	source 2148 (node 53296) with out degree 240
	target 793 (node 43244) with in degree 352
