GLPSOL--GLPK LP/MIP Solver 5.0
Parameter(s) specified in the command line:
 --lp input/gemsec-Facebook.html/public_figure_edges.csv.gz.75.lp.reach_chain_detours.lp
 -o input/gemsec-Facebook.html/public_figure_edges.csv.gz.75.lp.reach_chain_detours.lp.sol
Reading problem data from 'input/gemsec-Facebook.html/public_figure_edges.csv.gz.75.lp.reach_chain_detours.lp'...
19734 rows, 41766 columns, 98657 non-zeros
41766 integer variables, all of which are binary
61505 lines were read
GLPK Integer Optimizer 5.0
19734 rows, 41766 columns, 98657 non-zeros
41766 integer variables, all of which are binary
Preprocessing...
19732 rows, 41764 columns, 98284 non-zeros
41764 integer variables, all of which are binary
Scaling...
 A: min|aij| =  1.000e+00  max|aij| =  1.000e+00  ratio =  1.000e+00
Problem data seem to be well scaled
Constructing initial basis...
Size of triangular part is 19732
Solving LP relaxation...
GLPK Simplex Optimizer 5.0
19732 rows, 41764 columns, 98284 non-zeros
      0: obj =   0.000000000e+00 inf =   1.690e+02 (169)
    169: obj =   1.147893700e+02 inf =   0.000e+00 (0)
Perturbing LP to avoid stalling [374]...
*  3794: obj =   8.766528896e+01 inf =   4.441e-16 (1194) 31
*  7311: obj =   1.235543298e+01 inf =   3.049e-04 (1028) 32
* 11133: obj =   7.931254863e-01 inf =   7.644e-04 (209) 34
Removing LP perturbation [11447]...
* 11447: obj =   6.944980000e-01 inf =   0.000e+00 (0) 3
OPTIMAL LP SOLUTION FOUND
Integer optimization begins...
Long-step dual simplex will be used
+ 11447: mip =     not found yet >=              -inf        (1; 0)
+ 11447: >>>>>   6.944980000e-01 >=   6.944980000e-01   0.0% (1; 0)
+ 11447: mip =   6.944980000e-01 >=     tree is empty   0.0% (0; 1)
INTEGER OPTIMAL SOLUTION FOUND
Time used:   15.6 secs
Memory used: 50.6 Mb (53043314 bytes)
Writing MIP solution to 'input/gemsec-Facebook.html/public_figure_edges.csv.gz.75.lp.reach_chain_detours.lp.sol'...
Objective:  obj = 0.694498 (MINimum)
