Version 1.2 launched as -e 0.1 12 input/soc-Slashdot0902.html/soc-Slashdot0902.txt.gz 1410


Execution time and memory used at after reading from file: 7.536000e+01 seconds, 52723712 bytes of memory usage, 51524 kB of memory peak and 01:15 elapsed time
Statistics on the network after reading from file
	Number of nodes: 82168
	Number of allocated nodes: 82944
	Number of edges: 870161
	Maximum in degree: 2552 (node 2494)
	Maximum out degree: 2510 (node 2494)

Execution time and memory used at after adding costs: 7.538000e+01 seconds, 52723712 bytes of memory usage, 51524 kB of memory peak and 01:15 elapsed time
Statistics on the network after adding costs
	Number of nodes: 82168
	Number of allocated nodes: 82944
	Number of edges: 870161
	Maximum in degree: 2552 (node 2494)
	Maximum out degree: 2510 (node 2494)

Execution time and memory used at before starting main computation: 7.840000e+01 seconds, 54886400 bytes of memory usage, 54440 kB of memory peak and 01:18 elapsed time
Statistics on the network before starting main computation
	Number of nodes: 82168
	Number of allocated nodes: 82944
	Number of edges: 870161
	Maximum in degree: 2552 (node 2494)
	Maximum out degree: 2510 (node 2494)
	source 515 (node 2494) with out degree 2510
	target 369 (node 398) with in degree 2354

Execution time and memory used at after iteration 1 (MF = 1600.344923): 1.870680e+03 seconds, 850653184 bytes of memory usage, 1112708 kB of memory peak and 31:11 elapsed time
Statistics on the network after iteration 1 (MF = 1600.344923)
	Number of nodes: 82168
	Number of allocated nodes: 82944
	Number of edges: 870161
	Maximum in degree: 2552 (node 2494)
	Maximum out degree: 2510 (node 2494)
	source 515 (node 2494) with out degree 2510
	target 369 (node 398) with in degree 2354

Execution time and memory used at after iteration 2 (MF = 523.919004): 2.344270e+03 seconds, 850653184 bytes of memory usage, 1115992 kB of memory peak and 39:04 elapsed time
Statistics on the network after iteration 2 (MF = 523.919004)
	Number of nodes: 82168
	Number of allocated nodes: 82944
	Number of edges: 870161
	Maximum in degree: 2552 (node 2494)
	Maximum out degree: 2510 (node 2494)
	source 515 (node 2494) with out degree 2510
	target 369 (node 398) with in degree 2354

Execution time and memory used at after iteration 3 (MF = 1117.574674): 4.072120e+03 seconds, 1269084160 bytes of memory usage, 1322880 kB of memory peak and 01:07:52 elapsed time
Statistics on the network after iteration 3 (MF = 1117.574674)
	Number of nodes: 82168
	Number of allocated nodes: 82944
	Number of edges: 870161
	Maximum in degree: 2552 (node 2494)
	Maximum out degree: 2510 (node 2494)
	source 515 (node 2494) with out degree 2510
	target 369 (node 398) with in degree 2354

Execution time and memory used at after iteration 4 (MF = 1033.666140): 3.091959e+04 seconds, 1664090112 bytes of memory usage, 1812328 kB of memory peak and 08:35:21 elapsed time
Statistics on the network after iteration 4 (MF = 1033.666140)
	Number of nodes: 82168
	Number of allocated nodes: 82944
	Number of edges: 870161
	Maximum in degree: 2552 (node 2494)
	Maximum out degree: 2510 (node 2494)
	source 515 (node 2494) with out degree 2510
	target 369 (node 398) with in degree 2354
