Version 1.2 launched as -e 0.1 12 input/sx-superuser.html/sx-superuser-c2a.txt.gz 2130


Execution time and memory used at after reading from file: 9.632000e+01 seconds, 35876864 bytes of memory usage, 35072 kB of memory peak and 01:36 elapsed time
Statistics on the network after reading from file
	Number of nodes: 101052
	Number of allocated nodes: 101376
	Number of edges: 269448
	Maximum in degree: 2512 (node 8672)
	Maximum out degree: 2135 (node 83283)

Execution time and memory used at before starting main computation: 9.642000e+01 seconds, 36282368 bytes of memory usage, 36344 kB of memory peak and 01:36 elapsed time
Statistics on the network before starting main computation
	Number of nodes: 101052
	Number of allocated nodes: 101376
	Number of edges: 269448
	Maximum in degree: 2512 (node 8672)
	Maximum out degree: 2135 (node 83283)
	source 19650 (node 83283) with out degree 2135
	target 2233 (node 8672) with in degree 2512

Execution time and memory used at after iteration 1 (MF = 1598410751066.000000): 1.860170e+03 seconds, 289685504 bytes of memory usage, 344580 kB of memory peak and 31:00 elapsed time
Statistics on the network after iteration 1 (MF = 1598410751066.000000)
	Number of nodes: 101052
	Number of allocated nodes: 101376
	Number of edges: 269448
	Maximum in degree: 2512 (node 8672)
	Maximum out degree: 2135 (node 83283)
	source 19650 (node 83283) with out degree 2135
	target 2233 (node 8672) with in degree 2512

Execution time and memory used at after iteration 2 (MF = 527995767644.000000): 1.887610e+03 seconds, 289685504 bytes of memory usage, 345236 kB of memory peak and 31:28 elapsed time
Statistics on the network after iteration 2 (MF = 527995767644.000000)
	Number of nodes: 101052
	Number of allocated nodes: 101376
	Number of edges: 269448
	Maximum in degree: 2512 (node 8672)
	Maximum out degree: 2135 (node 83283)
	source 19650 (node 83283) with out degree 2135
	target 2233 (node 8672) with in degree 2512
