	Command being timed: "/usr/app/src/glpk-5.0/examples/glpsol --lp input/com-Amazon.html/com-amazon.ungraph.txt.gz.160.lp -o input/com-Amazon.html/com-amazon.ungraph.txt.gz.160.lp.sol"
	User time (seconds): 91.24
	System time (seconds): 2.69
	Percent of CPU this job got: 99%
	Elapsed (wall clock) time (h:mm:ss or m:ss): 1:33.94
	Average shared text size (kbytes): 0
	Average unshared data size (kbytes): 0
	Average stack size (kbytes): 0
	Average total size (kbytes): 0
	Maximum resident set size (kbytes): 2447284
	Average resident set size (kbytes): 0
	Major (requiring I/O) page faults: 0
	Minor (reclaiming a frame) page faults: 1049815
	Voluntary context switches: 35
	Involuntary context switches: 222
	Swaps: 0
	File system inputs: 0
	File system outputs: 484624
	Socket messages sent: 0
	Socket messages received: 0
	Signals delivered: 0
	Page size (bytes): 4096
	Exit status: 0
