GLPSOL--GLPK LP/MIP Solver 5.0
Parameter(s) specified in the command line:
 --lp input/p2p-Gnutella30.html/p2p-Gnutella30.txt.gz.32.lp -o input/p2p-Gnutella30.html/p2p-Gnutella30.txt.gz.32.lp.sol
Reading problem data from 'input/p2p-Gnutella30.html/p2p-Gnutella30.txt.gz.32.lp'...
88331 rows, 213338 columns, 441642 non-zeros
213338 integer variables, all of which are binary
301674 lines were read
GLPK Integer Optimizer 5.0
88331 rows, 213338 columns, 441642 non-zeros
213338 integer variables, all of which are binary
Preprocessing...
88323 rows, 213327 columns, 441520 non-zeros
213327 integer variables, all of which are binary
Scaling...
 A: min|aij| =  1.000e+00  max|aij| =  1.000e+00  ratio =  1.000e+00
Problem data seem to be well scaled
Constructing initial basis...
Size of triangular part is 88323
Solving LP relaxation...
GLPK Simplex Optimizer 5.0
88323 rows, 213327 columns, 441520 non-zeros
      0: obj =   0.000000000e+00 inf =   4.200e+01 (42)
     42: obj =   2.323148200e+01 inf =   0.000e+00 (0)
Perturbing LP to avoid stalling [273]...
*  1125: obj =   5.305557000e+00 inf =   0.000e+00 (358) 5
*  2021: obj =   5.305557000e+00 inf =   0.000e+00 (442) 5
*  2827: obj =   5.305557000e+00 inf =   0.000e+00 (576) 6
*  3348: obj =   5.305557000e+00 inf =   0.000e+00 (650) 4
*  3950: obj =   5.305557000e+00 inf =   0.000e+00 (704) 4
*  4617: obj =   5.305557000e+00 inf =   0.000e+00 (757) 5
*  5257: obj =   5.305557000e+00 inf =   0.000e+00 (804) 5
*  5827: obj =   5.305557000e+00 inf =   0.000e+00 (830) 5
*  6419: obj =   5.305557000e+00 inf =   0.000e+00 (905) 5
*  6987: obj =   5.305557000e+00 inf =   0.000e+00 (937) 5
*  7551: obj =   5.305557000e+00 inf =   0.000e+00 (1027) 5
*  8040: obj =   5.305557000e+00 inf =   0.000e+00 (89143) 4
*  8573: obj =   5.305557000e+00 inf =   0.000e+00 (89171) 5
*  9069: obj =   5.305557000e+00 inf =   0.000e+00 (89190) 4
*  9592: obj =   5.305557000e+00 inf =   0.000e+00 (1294) 4
* 10095: obj =   5.305557000e+00 inf =   0.000e+00 (2231) 5
* 10611: obj =   5.305557000e+00 inf =   0.000e+00 (88998) 5
* 11133: obj =   5.305557000e+00 inf =   0.000e+00 (89001) 5
* 11651: obj =   5.305557000e+00 inf =   0.000e+00 (89088) 5
* 12069: obj =   5.305557000e+00 inf =   0.000e+00 (89264) 4
* 12547: obj =   5.305557000e+00 inf =   0.000e+00 (89388) 5
* 13022: obj =   5.305557000e+00 inf =   0.000e+00 (89474) 5
* 13483: obj =   5.305557000e+00 inf =   0.000e+00 (89531) 4
* 13898: obj =   5.305557000e+00 inf =   0.000e+00 (89609) 4
* 14303: obj =   5.305557000e+00 inf =   0.000e+00 (89652) 4
* 14727: obj =   5.305557000e+00 inf =   0.000e+00 (89730) 5
* 15166: obj =   5.305557000e+00 inf =   0.000e+00 (89808) 4
* 15600: obj =   5.305557000e+00 inf =   0.000e+00 (89946) 4
* 16017: obj =   5.305557000e+00 inf =   0.000e+00 (89982) 4
* 16426: obj =   5.305557000e+00 inf =   0.000e+00 (90076) 5
* 16830: obj =   5.305557000e+00 inf =   0.000e+00 (90151) 4
* 17234: obj =   5.305557000e+00 inf =   0.000e+00 (90208) 4
* 17638: obj =   5.305557000e+00 inf =   0.000e+00 (90317) 4
* 18033: obj =   5.305557000e+00 inf =   0.000e+00 (90484) 3
* 18466: obj =   8.841163204e-01 inf =   2.853e-04 (6603) 5
* 18866: obj =   8.840921016e-01 inf =   3.507e-03 (6423) 3
* 19156: obj =   8.840508656e-01 inf =   7.352e-03 (6349) 3
* 19517: obj =   8.839885369e-01 inf =   1.150e-02 (6253) 4
* 19880: obj =   8.838922525e-01 inf =   1.843e-02 (6185) 4
* 20267: obj =   8.838191936e-01 inf =   2.364e-02 (6096) 3
* 20646: obj =   8.837624250e-01 inf =   2.794e-02 (6008) 4
* 21020: obj =   8.836934390e-01 inf =   3.347e-02 (5890) 4
* 21400: obj =   8.836354517e-01 inf =   3.831e-02 (5732) 4
* 21719: obj =   8.835726101e-01 inf =   4.419e-02 (5602) 3
* 22095: obj =   8.835065987e-01 inf =   5.046e-02 (5546) 3
* 22472: obj =   8.834377694e-01 inf =   5.730e-02 (5337) 4
* 22817: obj =   8.833590102e-01 inf =   6.702e-02 (5212) 4
* 23213: obj =   8.833112146e-01 inf =   7.230e-02 (5094) 4
* 23615: obj =   8.832418792e-01 inf =   8.182e-02 (4992) 3
* 23989: obj =   8.831859861e-01 inf =   8.997e-02 (4866) 4
* 24361: obj =   8.831452169e-01 inf =   9.593e-02 (4789) 4
* 24729: obj =   8.831101918e-01 inf =   1.020e-01 (4671) 3
* 25045: obj =   8.830785450e-01 inf =   1.073e-01 (4541) 4
* 25437: obj =   8.830407502e-01 inf =   1.151e-01 (4478) 3
* 25794: obj =   8.830059279e-01 inf =   1.223e-01 (4429) 4
* 26157: obj =   8.829699734e-01 inf =   1.288e-01 (4378) 4
* 26507: obj =   8.829398542e-01 inf =   1.343e-01 (4351) 3
* 26861: obj =   8.829138061e-01 inf =   1.380e-01 (4326) 4
* 27171: obj =   8.828807371e-01 inf =   1.432e-01 (4281) 3
* 27555: obj =   8.828565939e-01 inf =   1.452e-01 (4208) 3
* 27850: obj =   8.828323372e-01 inf =   1.482e-01 (4168) 3
* 28166: obj =   8.827847050e-01 inf =   1.555e-01 (4116) 3
* 28509: obj =   8.827621243e-01 inf =   1.583e-01 (4079) 4
* 28881: obj =   8.827212679e-01 inf =   1.637e-01 (3986) 4
* 29280: obj =   8.827017979e-01 inf =   1.617e-01 (4017) 4
* 29679: obj =   8.826212663e-01 inf =   1.655e-01 (4043) 3
* 30050: obj =   8.825636329e-01 inf =   1.677e-01 (3990) 4
* 30429: obj =   8.825211499e-01 inf =   1.692e-01 (4016) 4
* 30804: obj =   8.824753135e-01 inf =   1.716e-01 (3910) 4
* 31163: obj =   8.824477895e-01 inf =   1.708e-01 (3874) 3
* 31504: obj =   8.824147580e-01 inf =   1.710e-01 (3876) 4
* 31888: obj =   8.823972087e-01 inf =   1.665e-01 (3695) 3
* 32269: obj =   8.823818602e-01 inf =   1.637e-01 (3777) 4
* 32650: obj =   8.823414861e-01 inf =   1.622e-01 (3829) 4
* 33024: obj =   8.822603224e-01 inf =   1.635e-01 (3777) 4
* 33424: obj =   8.821944701e-01 inf =   1.652e-01 (3744) 4
* 33785: obj =   8.821628912e-01 inf =   1.654e-01 (3745) 3
* 34079: obj =   8.821335822e-01 inf =   1.659e-01 (3627) 3
* 34452: obj =   8.820969698e-01 inf =   1.662e-01 (3649) 4
* 34838: obj =   8.820626300e-01 inf =   1.667e-01 (3765) 3
* 35217: obj =   8.820300987e-01 inf =   1.678e-01 (3702) 4
* 35604: obj =   8.819852651e-01 inf =   1.671e-01 (3613) 4
* 35991: obj =   8.819503669e-01 inf =   1.680e-01 (3584) 4
* 36379: obj =   8.819268328e-01 inf =   1.674e-01 (3585) 4
* 36761: obj =   8.819097702e-01 inf =   1.659e-01 (3527) 4
* 37105: obj =   8.818757547e-01 inf =   1.655e-01 (3470) 3
* 37470: obj =   8.818588988e-01 inf =   1.657e-01 (3536) 4
* 37797: obj =   8.818562458e-01 inf =   1.611e-01 (3431) 3
Removing LP perturbation [38095]...
* 38095: obj =   0.000000000e+00 inf =   0.000e+00 (0) 3
OPTIMAL LP SOLUTION FOUND
Integer optimization begins...
Long-step dual simplex will be used
+ 38095: mip =     not found yet >=              -inf        (1; 0)
Solution found by heuristic: 0
+ 38095: mip =   0.000000000e+00 >=     tree is empty   0.0% (0; 1)
INTEGER OPTIMAL SOLUTION FOUND
Time used:   446.7 secs
Memory used: 243.9 Mb (255773993 bytes)
Writing MIP solution to 'input/p2p-Gnutella30.html/p2p-Gnutella30.txt.gz.32.lp.sol'...
Objective:  obj = 0 (MINimum)
