Version 1.2 launched as -e 0.1 12 input/soc-Epinions1.html/soc-Epinions1.txt.gz 900


Execution time and memory used at after reading from file: 2.790000e+01 seconds, 40263680 bytes of memory usage, 39356 kB of memory peak and 00:27 elapsed time
Statistics on the network after reading from file
	Number of nodes: 75879
	Number of allocated nodes: 76800
	Number of edges: 508837
	Maximum in degree: 3035 (node 18)
	Maximum out degree: 1801 (node 645)

Execution time and memory used at after adding costs: 2.791000e+01 seconds, 40263680 bytes of memory usage, 39356 kB of memory peak and 00:28 elapsed time
Statistics on the network after adding costs
	Number of nodes: 75879
	Number of allocated nodes: 76800
	Number of edges: 508837
	Maximum in degree: 3035 (node 18)
	Maximum out degree: 1801 (node 645)

Execution time and memory used at before starting main computation: 2.841000e+01 seconds, 41345024 bytes of memory usage, 41192 kB of memory peak and 00:28 elapsed time
Statistics on the network before starting main computation
	Number of nodes: 75879
	Number of allocated nodes: 76800
	Number of edges: 508837
	Maximum in degree: 3035 (node 18)
	Maximum out degree: 1801 (node 645)
	source 363 (node 645) with out degree 1801
	target 14 (node 18) with in degree 3035

Execution time and memory used at after iteration 1 (MF = 739.580438): 7.854500e+02 seconds, 536195072 bytes of memory usage, 637248 kB of memory peak and 13:05 elapsed time
Statistics on the network after iteration 1 (MF = 739.580438)
	Number of nodes: 75879
	Number of allocated nodes: 76800
	Number of edges: 508837
	Maximum in degree: 3035 (node 18)
	Maximum out degree: 1801 (node 645)
	source 363 (node 645) with out degree 1801
	target 14 (node 18) with in degree 3035

Execution time and memory used at after iteration 2 (MF = 724.959884): 1.447690e+03 seconds, 577028096 bytes of memory usage, 711676 kB of memory peak and 24:07 elapsed time
Statistics on the network after iteration 2 (MF = 724.959884)
	Number of nodes: 75879
	Number of allocated nodes: 76800
	Number of edges: 508837
	Maximum in degree: 3035 (node 18)
	Maximum out degree: 1801 (node 645)
	source 363 (node 645) with out degree 1801
	target 14 (node 18) with in degree 3035

Execution time and memory used at after iteration 3 (MF = 349.691687): 1.568960e+03 seconds, 577028096 bytes of memory usage, 711676 kB of memory peak and 26:09 elapsed time
Statistics on the network after iteration 3 (MF = 349.691687)
	Number of nodes: 75879
	Number of allocated nodes: 76800
	Number of edges: 508837
	Maximum in degree: 3035 (node 18)
	Maximum out degree: 1801 (node 645)
	source 363 (node 645) with out degree 1801
	target 14 (node 18) with in degree 3035

Execution time and memory used at after iteration 4 (MF = 523.984078): 9.329304e+04 seconds, 619171840 bytes of memory usage, 887280 kB of memory peak and 1-01:54:58 elapsed time
Statistics on the network after iteration 4 (MF = 523.984078)
	Number of nodes: 75879
	Number of allocated nodes: 76800
	Number of edges: 508837
	Maximum in degree: 3035 (node 18)
	Maximum out degree: 1801 (node 645)
	source 363 (node 645) with out degree 1801
	target 14 (node 18) with in degree 3035
