Version 1.2 launched as -e 0.1 12 input/web-BerkStan.html/web-BerkStan.txt.gz 24


Execution time and memory used at after reading from file: 4.347200e+03 seconds, 345186304 bytes of memory usage, 337132 kB of memory peak and 01:12:28 elapsed time
Statistics on the network after reading from file
	Number of nodes: 685230
	Number of allocated nodes: 686080
	Number of edges: 7600595
	Maximum in degree: 84208 (node 438238)
	Maximum out degree: 249 (node 292640)

Execution time and memory used at after adding costs: 4.347380e+03 seconds, 345186304 bytes of memory usage, 337132 kB of memory peak and 01:12:28 elapsed time
Statistics on the network after adding costs
	Number of nodes: 685230
	Number of allocated nodes: 686080
	Number of edges: 7600595
	Maximum in degree: 84208 (node 438238)
	Maximum out degree: 249 (node 292640)

Execution time and memory used at before starting main computation: 4.397790e+03 seconds, 360730624 bytes of memory usage, 355472 kB of memory peak and 01:13:19 elapsed time
Statistics on the network before starting main computation
	Number of nodes: 685230
	Number of allocated nodes: 686080
	Number of edges: 7600595
	Maximum in degree: 84208 (node 438238)
	Maximum out degree: 249 (node 292640)
	source 288962 (node 292640) with out degree 249
	target 9 (node 438238) with in degree 84208

Execution time and memory used at after iteration 1 (MF = 0.010869): 9.624779e+04 seconds, 6920105984 bytes of memory usage, 9031192 kB of memory peak and 1-02:44:17 elapsed time
Statistics on the network after iteration 1 (MF = 0.010869)
	Number of nodes: 685230
	Number of allocated nodes: 686080
	Number of edges: 7600595
	Maximum in degree: 84208 (node 438238)
	Maximum out degree: 249 (node 292640)
	source 288962 (node 292640) with out degree 249
	target 9 (node 438238) with in degree 84208

Execution time and memory used at after iteration 2 (MF = 0.004772): 1.182445e+05 seconds, 6920105984 bytes of memory usage, 9509268 kB of memory peak and 1-08:50:56 elapsed time
Statistics on the network after iteration 2 (MF = 0.004772)
	Number of nodes: 685230
	Number of allocated nodes: 686080
	Number of edges: 7600595
	Maximum in degree: 84208 (node 438238)
	Maximum out degree: 249 (node 292640)
	source 288962 (node 292640) with out degree 249
	target 9 (node 438238) with in degree 84208

Execution time and memory used at after iteration 3 (MF = 0.010076): 1.415353e+05 seconds, 6920105984 bytes of memory usage, 10948800 kB of memory peak and 1-15:19:09 elapsed time
Statistics on the network after iteration 3 (MF = 0.010076)
	Number of nodes: 685230
	Number of allocated nodes: 686080
	Number of edges: 7600595
	Maximum in degree: 84208 (node 438238)
	Maximum out degree: 249 (node 292640)
	source 288962 (node 292640) with out degree 249
	target 9 (node 438238) with in degree 84208
