	Command being timed: "/usr/app/src/glpk-5.0/examples/glpsol --lp input/cit-HepTh.html/cit-HepTh.txt.gz.560.lp -o input/cit-HepTh.html/cit-HepTh.txt.gz.560.lp.sol"
	User time (seconds): 93416.66
	System time (seconds): 283.25
	Percent of CPU this job got: 99%
	Elapsed (wall clock) time (h:mm:ss or m:ss): 26:01:56
	Average shared text size (kbytes): 0
	Average unshared data size (kbytes): 0
	Average stack size (kbytes): 0
	Average total size (kbytes): 0
	Maximum resident set size (kbytes): 880272
	Average resident set size (kbytes): 0
	Major (requiring I/O) page faults: 0
	Minor (reclaiming a frame) page faults: 647925
	Voluntary context switches: 9964
	Involuntary context switches: 229023
	Swaps: 0
	File system inputs: 0
	File system outputs: 278688
	Socket messages sent: 0
	Socket messages received: 0
	Signals delivered: 0
	Page size (bytes): 4096
	Exit status: 0
