Version 1.2 launched as -e 0.1 -i 12 input/soc-sign-bitcoin-otc.html/soc-sign-bitcoinotc.csv.gz 82


Execution time and memory used at after reading from file: 2.500000e-01 seconds, 16113664 bytes of memory usage, 15772 kB of memory peak and 00:00 elapsed time
Statistics on the network after reading from file
	Number of nodes: 5881
	Number of allocated nodes: 6144
	Number of edges: 35592
	Maximum in degree: 535 (node 35)
	Maximum out degree: 763 (node 35)

Execution time and memory used at after adding costs: 2.500000e-01 seconds, 16113664 bytes of memory usage, 15772 kB of memory peak and 00:00 elapsed time
Statistics on the network after adding costs
	Number of nodes: 5881
	Number of allocated nodes: 6144
	Number of edges: 35592
	Maximum in degree: 535 (node 35)
	Maximum out degree: 763 (node 35)

Execution time and memory used at before starting main computation: 2.900000e-01 seconds, 16248832 bytes of memory usage, 16384 kB of memory peak and 00:00 elapsed time
Statistics on the network before starting main computation
	Number of nodes: 5881
	Number of allocated nodes: 6144
	Number of edges: 35592
	Maximum in degree: 535 (node 35)
	Maximum out degree: 763 (node 35)
	source 23 (node 35) with out degree 763
	target 2571 (node 2642) with in degree 412

Execution time and memory used at after iteration 1 (MF = 199.191834): 5.520000e+00 seconds, 47820800 bytes of memory usage, 58700 kB of memory peak and 00:05 elapsed time
Statistics on the network after iteration 1 (MF = 199.191834)
	Number of nodes: 5881
	Number of allocated nodes: 6144
	Number of edges: 35592
	Maximum in degree: 535 (node 35)
	Maximum out degree: 763 (node 35)
	source 23 (node 35) with out degree 763
	target 2571 (node 2642) with in degree 412

Execution time and memory used at after iteration 2 (MF = 163.919877): 7.590000e+00 seconds, 47820800 bytes of memory usage, 58956 kB of memory peak and 00:07 elapsed time
Statistics on the network after iteration 2 (MF = 163.919877)
	Number of nodes: 5881
	Number of allocated nodes: 6144
	Number of edges: 35592
	Maximum in degree: 535 (node 35)
	Maximum out degree: 763 (node 35)
	source 23 (node 35) with out degree 763
	target 2571 (node 2642) with in degree 412

Execution time and memory used at after iteration 3 (MF = 171.079353): 2.039569e+05 seconds, 135475200 bytes of memory usage, 743316 kB of memory peak and 2-08:39:41 elapsed time
Statistics on the network after iteration 3 (MF = 171.079353)
	Number of nodes: 5881
	Number of allocated nodes: 6144
	Number of edges: 35592
	Maximum in degree: 535 (node 35)
	Maximum out degree: 763 (node 35)
	source 23 (node 35) with out degree 763
	target 2571 (node 2642) with in degree 412
