GLPSOL--GLPK LP/MIP Solver 5.0
Parameter(s) specified in the command line:
 --lp input/web-flickr.html/flickrEdges.txt.gz.1450.lp -o input/web-flickr.html/flickrEdges.txt.gz.1450.lp.sol
Reading problem data from 'input/web-flickr.html/flickrEdges.txt.gz.1450.lp'...
2316951 rows, 4739834 columns, 11584742 non-zeros
4739834 integer variables, all of which are binary
7056790 lines were read
GLPK Integer Optimizer 5.0
2316951 rows, 4739834 columns, 11584742 non-zeros
4739834 integer variables, all of which are binary
Preprocessing...
2315764 rows, 4738647 columns, 11574142 non-zeros
4738647 integer variables, all of which are binary
Scaling...
 A: min|aij| =  1.000e+00  max|aij| =  1.000e+00  ratio =  1.000e+00
Problem data seem to be well scaled
Constructing initial basis...
Size of triangular part is 2315764
Solving LP relaxation...
GLPK Simplex Optimizer 5.0
2315764 rows, 4738647 columns, 11574142 non-zeros
      0: obj =   0.000000000e+00 inf =   1.459e+03 (1459)
     50: obj =   1.720399600e+01 inf =   1.409e+03 (1409)
    101: obj =   3.455019000e+01 inf =   1.358e+03 (1358)
    152: obj =   5.207050600e+01 inf =   1.307e+03 (1307)
    203: obj =   6.951332100e+01 inf =   1.256e+03 (1256)
    254: obj =   8.652356300e+01 inf =   1.205e+03 (1205)
    305: obj =   1.041456210e+02 inf =   1.154e+03 (1154)
    356: obj =   1.217676770e+02 inf =   1.103e+03 (1103)
    407: obj =   1.386010670e+02 inf =   1.052e+03 (1052)
    458: obj =   1.557104920e+02 inf =   1.001e+03 (1001)
    504: obj =   1.704052690e+02 inf =   9.550e+02 (955)
    554: obj =   1.866751600e+02 inf =   9.050e+02 (905)
    605: obj =   2.034535830e+02 inf =   8.540e+02 (854)
    655: obj =   2.197523200e+02 inf =   8.040e+02 (804)
    705: obj =   2.357147630e+02 inf =   7.540e+02 (754)
    755: obj =   2.517646150e+02 inf =   7.040e+02 (704)
    806: obj =   2.679633160e+02 inf =   6.530e+02 (653)
    857: obj =   2.839950710e+02 inf =   6.020e+02 (602)
    908: obj =   3.000799100e+02 inf =   5.510e+02 (551)
    958: obj =   3.157135750e+02 inf =   5.010e+02 (501)
   1009: obj =   3.316736290e+02 inf =   4.500e+02 (450)
   1060: obj =   3.473766020e+02 inf =   3.990e+02 (399)
   1111: obj =   3.627038460e+02 inf =   3.480e+02 (348)
   1160: obj =   3.774581970e+02 inf =   2.990e+02 (299)
   1211: obj =   3.928965720e+02 inf =   2.480e+02 (248)
   1262: obj =   4.083484340e+02 inf =   1.970e+02 (197)
   1313: obj =   4.236053490e+02 inf =   1.460e+02 (146)
   1364: obj =   4.388470710e+02 inf =   9.500e+01 (95)
   1415: obj =   4.539279890e+02 inf =   4.400e+01 (44)
   1459: obj =   4.668590280e+02 inf =   0.000e+00 (0)
*  1510: obj =   4.668590280e+02 inf =   0.000e+00 (1510)
*  1562: obj =   4.668590280e+02 inf =   0.000e+00 (1562)
*  1614: obj =   4.668590280e+02 inf =   0.000e+00 (1614)
Perturbing LP to avoid stalling [1659]...
*  1666: obj =   4.663404210e+02 inf =   0.000e+00 (1665)
*  1717: obj =   4.658373480e+02 inf =   0.000e+00 (1715)
*  1768: obj =   4.653484440e+02 inf =   0.000e+00 (1765)
*  1819: obj =   4.653484440e+02 inf =   0.000e+00 (1813)
*  1870: obj =   4.653484440e+02 inf =   0.000e+00 (1864)
*  1921: obj =   4.644184340e+02 inf =   0.000e+00 (1902)
*  1968: obj =   4.644184340e+02 inf =   0.000e+00 (1907)
*  2014: obj =   4.644184340e+02 inf =   0.000e+00 (1906)
*  2055: obj =   4.644184340e+02 inf =   0.000e+00 (1909) 1
*  2101: obj =   4.644184340e+02 inf =   0.000e+00 (1911)
*  2144: obj =   4.644184340e+02 inf =   0.000e+00 (1912) 1
*  2188: obj =   4.644184340e+02 inf =   0.000e+00 (1918)
*  2233: obj =   4.644184340e+02 inf =   0.000e+00 (1916)
*  2273: obj =   4.644184340e+02 inf =   0.000e+00 (1920) 1
*  2317: obj =   4.644184340e+02 inf =   0.000e+00 (1920)
*  2361: obj =   4.644184340e+02 inf =   0.000e+00 (1923)
*  2400: obj =   4.644184340e+02 inf =   0.000e+00 (1925) 1
*  2443: obj =   4.644184340e+02 inf =   0.000e+00 (1931)
*  2486: obj =   4.644184340e+02 inf =   0.000e+00 (1939) 1
*  2529: obj =   4.644184340e+02 inf =   0.000e+00 (1941)
*  2572: obj =   4.644184340e+02 inf =   0.000e+00 (1944)
*  2611: obj =   4.644184340e+02 inf =   0.000e+00 (1954) 1
*  2652: obj =   4.644184340e+02 inf =   0.000e+00 (1952)
*  2692: obj =   4.644184340e+02 inf =   0.000e+00 (1951) 1
*  2735: obj =   4.644184340e+02 inf =   0.000e+00 (1954)
*  2777: obj =   4.644184340e+02 inf =   0.000e+00 (1952)
*  2815: obj =   4.644184340e+02 inf =   0.000e+00 (1954) 1
*  2857: obj =   4.644184340e+02 inf =   0.000e+00 (1954)
*  2899: obj =   4.644184340e+02 inf =   0.000e+00 (1953)
*  2937: obj =   4.644184340e+02 inf =   0.000e+00 (1961) 1
*  2979: obj =   4.644184340e+02 inf =   0.000e+00 (1952)
*  3015: obj =   4.644184340e+02 inf =   0.000e+00 (1957) 1
*  3056: obj =   4.644184340e+02 inf =   0.000e+00 (1960)
*  3097: obj =   4.644184340e+02 inf =   0.000e+00 (1957)
*  3135: obj =   4.644184340e+02 inf =   0.000e+00 (1962) 1
*  3176: obj =   4.644184340e+02 inf =   0.000e+00 (1971)
*  3217: obj =   4.644184340e+02 inf =   0.000e+00 (1964)
*  3254: obj =   4.644184340e+02 inf =   0.000e+00 (1967) 1
*  3295: obj =   4.644184340e+02 inf =   0.000e+00 (1968)
*  3336: obj =   4.644184340e+02 inf =   0.000e+00 (1968)
*  3373: obj =   4.644184340e+02 inf =   0.000e+00 (1968) 1
*  3414: obj =   4.644184340e+02 inf =   0.000e+00 (1969)
*  3451: obj =   4.644184340e+02 inf =   0.000e+00 (1970) 1
*  3492: obj =   4.644184340e+02 inf =   0.000e+00 (1970)
*  3531: obj =   4.644184340e+02 inf =   0.000e+00 (1973)
*  3567: obj =   4.644184340e+02 inf =   0.000e+00 (1971) 1
*  3607: obj =   4.644184340e+02 inf =   0.000e+00 (1970)
*  3647: obj =   4.644184340e+02 inf =   0.000e+00 (1971)
*  3683: obj =   4.644184340e+02 inf =   0.000e+00 (1971) 1
*  3723: obj =   4.644184340e+02 inf =   0.000e+00 (1971)
*  3760: obj =   4.644184340e+02 inf =   0.000e+00 (1975) 1
*  3800: obj =   4.644184340e+02 inf =   0.000e+00 (1975)
*  3840: obj =   4.644184340e+02 inf =   0.000e+00 (1969)
*  3876: obj =   4.644184340e+02 inf =   0.000e+00 (1972) 1
*  3916: obj =   4.644184340e+02 inf =   0.000e+00 (1973)
*  3956: obj =   4.644184340e+02 inf =   0.000e+00 (1972)
*  3992: obj =   4.644184340e+02 inf =   0.000e+00 (1974) 1
*  4032: obj =   4.644184340e+02 inf =   0.000e+00 (1980)
*  4072: obj =   4.644184340e+02 inf =   0.000e+00 (1988)
*  4107: obj =   4.644184340e+02 inf =   0.000e+00 (1977) 1
*  4147: obj =   4.644184340e+02 inf =   0.000e+00 (1976)
*  4184: obj =   4.644184340e+02 inf =   0.000e+00 (1977) 1
*  4223: obj =   4.644184340e+02 inf =   0.000e+00 (1976)
*  4262: obj =   4.644184340e+02 inf =   0.000e+00 (1977)
*  4297: obj =   4.644184340e+02 inf =   0.000e+00 (1979) 1
*  4336: obj =   4.644184340e+02 inf =   0.000e+00 (1977)
*  4375: obj =   4.644184340e+02 inf =   0.000e+00 (1989)
*  4410: obj =   4.644184340e+02 inf =   0.000e+00 (1991) 1
*  4448: obj =   4.644184340e+02 inf =   0.000e+00 (2000)
*  4487: obj =   4.644184340e+02 inf =   0.000e+00 (2003)
*  4522: obj =   4.644184340e+02 inf =   0.000e+00 (2001) 1
*  4561: obj =   4.644184340e+02 inf =   0.000e+00 (2007)
*  4600: obj =   4.644184340e+02 inf =   0.000e+00 (2009)
*  4635: obj =   4.644184340e+02 inf =   0.000e+00 (2006) 1
*  4674: obj =   4.644184340e+02 inf =   0.000e+00 (2009)
*  4709: obj =   4.644184340e+02 inf =   0.000e+00 (2008) 1
*  4747: obj =   4.644184340e+02 inf =   0.000e+00 (2017)
*  4784: obj =   4.644184340e+02 inf =   0.000e+00 (2016)
*  4818: obj =   4.644184340e+02 inf =   0.000e+00 (2025) 1
*  4856: obj =   4.644184340e+02 inf =   0.000e+00 (2022)
*  4894: obj =   4.644184340e+02 inf =   0.000e+00 (2023)
*  4928: obj =   4.644184340e+02 inf =   0.000e+00 (2033) 1
*  4966: obj =   4.644184340e+02 inf =   0.000e+00 (2029)
*  5004: obj =   4.644184340e+02 inf =   0.000e+00 (2040)
*  5038: obj =   4.644184340e+02 inf =   0.000e+00 (2035) 1
*  5076: obj =   4.644184340e+02 inf =   0.000e+00 (2034)
*  5114: obj =   4.644184340e+02 inf =   0.000e+00 (2032)
*  5148: obj =   4.644184340e+02 inf =   0.000e+00 (2032) 1
*  5186: obj =   4.644184340e+02 inf =   0.000e+00 (2044)
*  5224: obj =   4.644184340e+02 inf =   0.000e+00 (2040)
*  5258: obj =   4.644184340e+02 inf =   0.000e+00 (2034) 1
*  5296: obj =   4.644184340e+02 inf =   0.000e+00 (2041)
*  5333: obj =   4.644184340e+02 inf =   0.000e+00 (2044)
*  5366: obj =   4.644184340e+02 inf =   0.000e+00 (2035) 1
*  5403: obj =   4.644184340e+02 inf =   0.000e+00 (2034)
*  5436: obj =   4.644184340e+02 inf =   0.000e+00 (2031) 1
*  5473: obj =   4.644184340e+02 inf =   0.000e+00 (2039)
*  5509: obj =   4.644184340e+02 inf =   0.000e+00 (2036)
*  5542: obj =   4.644184340e+02 inf =   0.000e+00 (2038) 1
*  5579: obj =   4.644184340e+02 inf =   0.000e+00 (2037)
*  5616: obj =   4.644184340e+02 inf =   0.000e+00 (2043)
*  5648: obj =   4.644184340e+02 inf =   0.000e+00 (2039) 1
*  5684: obj =   4.644184340e+02 inf =   0.000e+00 (2041)
*  5720: obj =   4.644184340e+02 inf =   0.000e+00 (2042)
*  5751: obj =   4.644184340e+02 inf =   0.000e+00 (2045) 1
*  5787: obj =   4.644184340e+02 inf =   0.000e+00 (2039)
*  5824: obj =   4.644184340e+02 inf =   0.000e+00 (2044)
*  5856: obj =   4.644184340e+02 inf =   0.000e+00 (2045) 1
*  5892: obj =   4.644184340e+02 inf =   0.000e+00 (2047)
*  5929: obj =   4.644184340e+02 inf =   0.000e+00 (2056)
*  5962: obj =   4.644184340e+02 inf =   0.000e+00 (2051) 1
*  5998: obj =   4.644184340e+02 inf =   0.000e+00 (2061)
*  6034: obj =   4.644184340e+02 inf =   0.000e+00 (2057)
*  6066: obj =   4.644184340e+02 inf =   0.000e+00 (2054) 1
*  6102: obj =   4.644184340e+02 inf =   0.000e+00 (2062)
*  6138: obj =   4.644184340e+02 inf =   0.000e+00 (2056)
*  6168: obj =   4.644184340e+02 inf =   0.000e+00 (2063) 1
*  6204: obj =   4.644184340e+02 inf =   0.000e+00 (2061)
*  6240: obj =   4.644184340e+02 inf =   0.000e+00 (2062)
*  6272: obj =   4.644184340e+02 inf =   0.000e+00 (2055) 1
*  6308: obj =   4.644184340e+02 inf =   0.000e+00 (2059)
*  6344: obj =   4.644184340e+02 inf =   0.000e+00 (2063)
*  6376: obj =   4.644184340e+02 inf =   0.000e+00 (2073) 1
*  6411: obj =   4.644184340e+02 inf =   0.000e+00 (2069)
*  6447: obj =   4.644184340e+02 inf =   0.000e+00 (2081)
*  6479: obj =   4.644184340e+02 inf =   0.000e+00 (2068) 1
*  6515: obj =   4.644184340e+02 inf =   0.000e+00 (2069)
*  6551: obj =   4.644184340e+02 inf =   0.000e+00 (2075)
*  6583: obj =   4.644184340e+02 inf =   0.000e+00 (2072) 1
*  6619: obj =   4.644184340e+02 inf =   0.000e+00 (2073)
*  6650: obj =   4.644184340e+02 inf =   0.000e+00 (2085)
*  6683: obj =   4.644184340e+02 inf =   0.000e+00 (2076) 1
*  6719: obj =   4.644184340e+02 inf =   0.000e+00 (2074)
*  6755: obj =   4.644184340e+02 inf =   0.000e+00 (2073)
*  6787: obj =   4.644184340e+02 inf =   0.000e+00 (2079) 1
*  6823: obj =   4.644184340e+02 inf =   0.000e+00 (2081)
*  6859: obj =   4.644184340e+02 inf =   0.000e+00 (2075)
*  6892: obj =   4.644184340e+02 inf =   0.000e+00 (2080) 1
*  6927: obj =   4.644184340e+02 inf =   0.000e+00 (2076)
*  6962: obj =   4.644184340e+02 inf =   0.000e+00 (2079)
*  6997: obj =   4.644184340e+02 inf =   0.000e+00 (2082) 1
*  7032: obj =   4.644184340e+02 inf =   0.000e+00 (2095)
*  7067: obj =   4.644184340e+02 inf =   0.000e+00 (2091)
*  7100: obj =   4.644184340e+02 inf =   0.000e+00 (2096) 1
*  7135: obj =   4.644184340e+02 inf =   0.000e+00 (2098)
*  7170: obj =   4.644184340e+02 inf =   0.000e+00 (2101)
*  7205: obj =   4.644184340e+02 inf =   0.000e+00 (2103)
*  7236: obj =   4.644184340e+02 inf =   0.000e+00 (2101) 1
*  7271: obj =   4.644184340e+02 inf =   0.000e+00 (2100)
*  7306: obj =   4.644184340e+02 inf =   0.000e+00 (2101)
*  7337: obj =   4.644184340e+02 inf =   0.000e+00 (2107) 1
*  7372: obj =   4.644184340e+02 inf =   0.000e+00 (2101)
*  7407: obj =   4.644184340e+02 inf =   0.000e+00 (2102)
*  7438: obj =   4.644184340e+02 inf =   0.000e+00 (2107) 1
*  7473: obj =   4.644184340e+02 inf =   0.000e+00 (2107)
*  7508: obj =   4.644184340e+02 inf =   0.000e+00 (2119)
*  7539: obj =   4.644184340e+02 inf =   0.000e+00 (2125) 1
*  7574: obj =   4.644184340e+02 inf =   0.000e+00 (2123)
*  7609: obj =   4.644184340e+02 inf =   0.000e+00 (2128)
*  7638: obj =   4.644184340e+02 inf =   0.000e+00 (2125) 1
*  7672: obj =   4.644184340e+02 inf =   0.000e+00 (2155)
*  7706: obj =   4.644184340e+02 inf =   0.000e+00 (2142)
*  7736: obj =   4.644184340e+02 inf =   0.000e+00 (2142) 1
*  7770: obj =   4.644184340e+02 inf =   0.000e+00 (2144)
*  7804: obj =   4.644184340e+02 inf =   0.000e+00 (2151)
*  7834: obj =   4.644184340e+02 inf =   0.000e+00 (2153) 1
*  7868: obj =   4.644184340e+02 inf =   0.000e+00 (2152)
*  7903: obj =   4.644184340e+02 inf =   0.000e+00 (2148)
*  7934: obj =   4.644184340e+02 inf =   0.000e+00 (2162) 1
*  7968: obj =   4.644184340e+02 inf =   0.000e+00 (2155)
*  8002: obj =   4.644184340e+02 inf =   0.000e+00 (2155)
*  8036: obj =   4.644184340e+02 inf =   0.000e+00 (2151) 1
*  8070: obj =   4.644184340e+02 inf =   0.000e+00 (2159)
*  8104: obj =   4.644184340e+02 inf =   0.000e+00 (2154)
*  8135: obj =   4.644184340e+02 inf =   0.000e+00 (2160)
*  8165: obj =   4.644184340e+02 inf =   0.000e+00 (2153) 1
*  8199: obj =   4.644184340e+02 inf =   0.000e+00 (2154)
*  8233: obj =   4.644184340e+02 inf =   0.000e+00 (2153)
*  8263: obj =   4.644184340e+02 inf =   0.000e+00 (2167) 1
*  8297: obj =   4.644184340e+02 inf =   0.000e+00 (2162)
*  8331: obj =   4.644184340e+02 inf =   0.000e+00 (2157)
*  8361: obj =   4.644184340e+02 inf =   0.000e+00 (2169) 1
*  8395: obj =   4.644184340e+02 inf =   0.000e+00 (2162)
*  8428: obj =   4.644184340e+02 inf =   0.000e+00 (2167)
*  8458: obj =   4.644184340e+02 inf =   0.000e+00 (2164) 1
*  8492: obj =   4.644184340e+02 inf =   0.000e+00 (2168)
*  8524: obj =   4.644184340e+02 inf =   0.000e+00 (2165)
*  8558: obj =   4.644184340e+02 inf =   0.000e+00 (2165)
*  8588: obj =   4.644184340e+02 inf =   0.000e+00 (2166) 1
*  8622: obj =   4.644184340e+02 inf =   0.000e+00 (2161)
*  8655: obj =   4.644184340e+02 inf =   0.000e+00 (2169)
*  8685: obj =   4.644184340e+02 inf =   0.000e+00 (2164) 1
*  8719: obj =   4.644184340e+02 inf =   0.000e+00 (2173)
*  8753: obj =   4.644184340e+02 inf =   0.000e+00 (2164)
*  8783: obj =   4.644184340e+02 inf =   0.000e+00 (2162) 1
*  8817: obj =   4.644184340e+02 inf =   0.000e+00 (2171)
*  8851: obj =   4.644184340e+02 inf =   0.000e+00 (2180)
*  8881: obj =   4.644184340e+02 inf =   0.000e+00 (2166) 1
*  8915: obj =   4.644184340e+02 inf =   0.000e+00 (2170)
*  8948: obj =   4.644184340e+02 inf =   0.000e+00 (2169)
*  8978: obj =   4.644184340e+02 inf =   0.000e+00 (2169) 1
*  9011: obj =   4.644184340e+02 inf =   0.000e+00 (2169)
*  9044: obj =   4.644184340e+02 inf =   0.000e+00 (2169)
*  9074: obj =   4.644184340e+02 inf =   0.000e+00 (2168) 1
*  9107: obj =   4.644184340e+02 inf =   0.000e+00 (2174)
*  9140: obj =   4.644184340e+02 inf =   0.000e+00 (2167)
*  9172: obj =   4.644184340e+02 inf =   0.000e+00 (2166) 1
*  9205: obj =   4.644184340e+02 inf =   0.000e+00 (2171)
*  9238: obj =   4.644184340e+02 inf =   0.000e+00 (2169)
*  9272: obj =   4.644184340e+02 inf =   0.000e+00 (2165)
*  9301: obj =   4.644184340e+02 inf =   0.000e+00 (2169) 1
*  9334: obj =   4.644184340e+02 inf =   0.000e+00 (2166)
*  9367: obj =   4.644184340e+02 inf =   0.000e+00 (2172)
*  9396: obj =   4.644184340e+02 inf =   0.000e+00 (2164) 1
*  9429: obj =   4.644184340e+02 inf =   0.000e+00 (2167)
*  9462: obj =   4.644184340e+02 inf =   0.000e+00 (2170)
*  9491: obj =   4.644184340e+02 inf =   0.000e+00 (2174) 1
*  9524: obj =   4.644184340e+02 inf =   0.000e+00 (2171)
*  9557: obj =   4.644184340e+02 inf =   0.000e+00 (2175)
*  9587: obj =   4.644184340e+02 inf =   0.000e+00 (2175) 1
*  9620: obj =   4.644184340e+02 inf =   0.000e+00 (2178)
*  9653: obj =   4.644184340e+02 inf =   0.000e+00 (2177)
*  9686: obj =   4.644184340e+02 inf =   0.000e+00 (2179)
*  9715: obj =   4.644184340e+02 inf =   0.000e+00 (2181) 1
*  9748: obj =   4.644184340e+02 inf =   0.000e+00 (2176)
*  9781: obj =   4.644184340e+02 inf =   0.000e+00 (2181)
*  9810: obj =   4.644184340e+02 inf =   0.000e+00 (2182) 1
*  9843: obj =   4.644184340e+02 inf =   0.000e+00 (2183)
*  9876: obj =   4.644184340e+02 inf =   0.000e+00 (2185)
*  9905: obj =   4.644184340e+02 inf =   0.000e+00 (2189) 1
*  9938: obj =   4.644184340e+02 inf =   0.000e+00 (2192)
*  9971: obj =   4.644184340e+02 inf =   0.000e+00 (2185)
* 10002: obj =   4.644184340e+02 inf =   0.000e+00 (2189) 1
* 10035: obj =   4.644184340e+02 inf =   0.000e+00 (2193)
* 10067: obj =   4.644184340e+02 inf =   0.000e+00 (2193)
* 10100: obj =   4.644184340e+02 inf =   0.000e+00 (2187)
* 10129: obj =   4.644184340e+02 inf =   0.000e+00 (2193) 1
* 10162: obj =   4.644184340e+02 inf =   0.000e+00 (2186)
* 10195: obj =   4.644184340e+02 inf =   0.000e+00 (2191)
* 10224: obj =   4.644184340e+02 inf =   0.000e+00 (2189) 1
* 10256: obj =   4.644184340e+02 inf =   0.000e+00 (2199)
* 10288: obj =   4.644184340e+02 inf =   0.000e+00 (2192)
* 10317: obj =   4.644184340e+02 inf =   0.000e+00 (2194) 1
* 10350: obj =   4.644184340e+02 inf =   0.000e+00 (2202)
* 10382: obj =   4.644184340e+02 inf =   0.000e+00 (2192)
* 10414: obj =   4.644184340e+02 inf =   0.000e+00 (2193)
* 10441: obj =   4.644184340e+02 inf =   0.000e+00 (2202) 1
* 10473: obj =   4.644184340e+02 inf =   0.000e+00 (2191)
* 10505: obj =   4.644184340e+02 inf =   0.000e+00 (2196)
* 10534: obj =   4.644184340e+02 inf =   0.000e+00 (2199) 1
* 10566: obj =   4.644184340e+02 inf =   0.000e+00 (2198)
* 10599: obj =   4.644184340e+02 inf =   0.000e+00 (2197)
* 10628: obj =   4.644184340e+02 inf =   0.000e+00 (2191) 1
* 10661: obj =   4.644184340e+02 inf =   0.000e+00 (2198)
* 10694: obj =   4.644184340e+02 inf =   0.000e+00 (2194)
* 10727: obj =   4.644184340e+02 inf =   0.000e+00 (2200)
* 10756: obj =   4.644184340e+02 inf =   0.000e+00 (2198) 1
* 10788: obj =   4.644184340e+02 inf =   0.000e+00 (2201)
* 10820: obj =   4.644184340e+02 inf =   0.000e+00 (2206)
* 10848: obj =   4.644184340e+02 inf =   0.000e+00 (2196) 1
* 10880: obj =   4.644184340e+02 inf =   0.000e+00 (2203)
* 10912: obj =   4.644184340e+02 inf =   0.000e+00 (2197)
* 10940: obj =   4.644184340e+02 inf =   0.000e+00 (2198) 1
* 10972: obj =   4.644184340e+02 inf =   0.000e+00 (2202)
* 11004: obj =   4.644184340e+02 inf =   0.000e+00 (2201)
* 11036: obj =   4.644184340e+02 inf =   0.000e+00 (2209) 1
* 11068: obj =   4.644184340e+02 inf =   0.000e+00 (2212)
* 11101: obj =   4.644184340e+02 inf =   0.000e+00 (2211)
* 11133: obj =   4.644184340e+02 inf =   0.000e+00 (2210)
* 11161: obj =   4.644184340e+02 inf =   0.000e+00 (2211) 1
* 11191: obj =   4.644184340e+02 inf =   0.000e+00 (2209)
* 11223: obj =   4.644184340e+02 inf =   0.000e+00 (2214)
* 11251: obj =   4.644184340e+02 inf =   0.000e+00 (2206) 1
* 11283: obj =   4.644184340e+02 inf =   0.000e+00 (2207)
* 11315: obj =   4.644184340e+02 inf =   0.000e+00 (2210)
* 11345: obj =   4.644184340e+02 inf =   0.000e+00 (2213) 1
* 11377: obj =   4.644184340e+02 inf =   0.000e+00 (2210)
* 11409: obj =   4.644184340e+02 inf =   0.000e+00 (2214)
* 11441: obj =   4.644184340e+02 inf =   0.000e+00 (2210)
* 11469: obj =   4.644184340e+02 inf =   0.000e+00 (2214) 1
* 11498: obj =   4.644184340e+02 inf =   0.000e+00 (2214)
* 11530: obj =   4.644184340e+02 inf =   0.000e+00 (2212)
* 11558: obj =   4.644184340e+02 inf =   0.000e+00 (2214) 1
* 11590: obj =   4.644184340e+02 inf =   0.000e+00 (2214)
* 11622: obj =   4.644184340e+02 inf =   0.000e+00 (2232)
* 11652: obj =   4.644184340e+02 inf =   0.000e+00 (2220)
* 11680: obj =   4.644184340e+02 inf =   0.000e+00 (2231) 1
* 11712: obj =   4.644184340e+02 inf =   0.000e+00 (2218)
* 11744: obj =   4.644184340e+02 inf =   0.000e+00 (2222)
* 11772: obj =   4.644184340e+02 inf =   0.000e+00 (2223) 1
* 11804: obj =   4.644184340e+02 inf =   0.000e+00 (2226)
* 11836: obj =   4.644184340e+02 inf =   0.000e+00 (2215)
* 11864: obj =   4.644184340e+02 inf =   0.000e+00 (2224) 1
* 11896: obj =   4.644184340e+02 inf =   0.000e+00 (2215)
* 11928: obj =   4.644184340e+02 inf =   0.000e+00 (2216)
* 11960: obj =   4.644184340e+02 inf =   0.000e+00 (2226)
* 11988: obj =   4.644184340e+02 inf =   0.000e+00 (2219) 1
* 12020: obj =   4.644184340e+02 inf =   0.000e+00 (2220)
* 12052: obj =   4.644184340e+02 inf =   0.000e+00 (2222)
* 12080: obj =   4.644184340e+02 inf =   0.000e+00 (2222) 1
* 12110: obj =   4.644184340e+02 inf =   0.000e+00 (2222)
* 12142: obj =   4.644184340e+02 inf =   0.000e+00 (2218)
* 12170: obj =   4.644184340e+02 inf =   0.000e+00 (2222) 1
* 12202: obj =   4.644184340e+02 inf =   0.000e+00 (2221)
* 12231: obj =   4.644184340e+02 inf =   0.000e+00 (2230)
* 12263: obj =   4.644184340e+02 inf =   0.000e+00 (2226)
* 12291: obj =   4.644184340e+02 inf =   0.000e+00 (2223) 1
* 12323: obj =   4.644184340e+02 inf =   0.000e+00 (2217)
* 12355: obj =   4.644184340e+02 inf =   0.000e+00 (2219)
* 12383: obj =   4.644184340e+02 inf =   0.000e+00 (2217) 1
* 12415: obj =   4.644184340e+02 inf =   0.000e+00 (2221)
* 12447: obj =   4.644184340e+02 inf =   0.000e+00 (2221)
* 12478: obj =   4.644184340e+02 inf =   0.000e+00 (2225) 1
* 12510: obj =   4.644184340e+02 inf =   0.000e+00 (2222)
* 12540: obj =   4.644184340e+02 inf =   0.000e+00 (2221)
* 12572: obj =   4.644184340e+02 inf =   0.000e+00 (2223)
* 12600: obj =   4.644184340e+02 inf =   0.000e+00 (2225) 1
* 12632: obj =   4.644184340e+02 inf =   0.000e+00 (2222)
* 12664: obj =   4.644184340e+02 inf =   0.000e+00 (2226)
* 12692: obj =   4.644184340e+02 inf =   0.000e+00 (2225) 1
* 12724: obj =   4.644184340e+02 inf =   0.000e+00 (2221)
* 12756: obj =   4.644184340e+02 inf =   0.000e+00 (2230)
* 12784: obj =   4.644184340e+02 inf =   0.000e+00 (2225) 1
* 12816: obj =   4.644184340e+02 inf =   0.000e+00 (2228)
* 12847: obj =   4.644184340e+02 inf =   0.000e+00 (2232)
* 12879: obj =   4.644184340e+02 inf =   0.000e+00 (2231)
* 12907: obj =   4.644184340e+02 inf =   0.000e+00 (2242) 1
* 12939: obj =   4.644184340e+02 inf =   0.000e+00 (2227)
* 12971: obj =   4.644184340e+02 inf =   0.000e+00 (2227)
* 12999: obj =   4.644184340e+02 inf =   0.000e+00 (2232) 1
* 13031: obj =   4.644184340e+02 inf =   0.000e+00 (2232)
* 13062: obj =   4.644184340e+02 inf =   0.000e+00 (2238)
* 13092: obj =   4.644184340e+02 inf =   0.000e+00 (2230) 1
* 13123: obj =   4.644184340e+02 inf =   0.000e+00 (2239)
* 13154: obj =   4.644184340e+02 inf =   0.000e+00 (2232)
* 13185: obj =   4.644184340e+02 inf =   0.000e+00 (2234)
* 13212: obj =   4.644184340e+02 inf =   0.000e+00 (2237) 1
* 13243: obj =   4.644184340e+02 inf =   0.000e+00 (2236)
* 13274: obj =   4.644184340e+02 inf =   0.000e+00 (2234)
* 13302: obj =   4.644184340e+02 inf =   0.000e+00 (2233) 1
* 13334: obj =   4.644184340e+02 inf =   0.000e+00 (2240)
* 13366: obj =   4.644184340e+02 inf =   0.000e+00 (2235)
* 13397: obj =   4.644184340e+02 inf =   0.000e+00 (2236)
* 13425: obj =   4.644184340e+02 inf =   0.000e+00 (2232) 1
* 13456: obj =   4.644184340e+02 inf =   0.000e+00 (2238)
* 13488: obj =   4.644184340e+02 inf =   0.000e+00 (2239)
* 13516: obj =   4.644184340e+02 inf =   0.000e+00 (2237) 1
* 13548: obj =   4.644184340e+02 inf =   0.000e+00 (2233)
* 13579: obj =   4.644184340e+02 inf =   0.000e+00 (2253)
* 13606: obj =   4.644184340e+02 inf =   0.000e+00 (2241) 1
* 13637: obj =   4.644184340e+02 inf =   0.000e+00 (2241)
* 13669: obj =   4.644184340e+02 inf =   0.000e+00 (2239)
* 13700: obj =   4.644184340e+02 inf =   0.000e+00 (2241)
* 13726: obj =   4.644184340e+02 inf =   0.000e+00 (2245) 1
* 13757: obj =   4.644184340e+02 inf =   0.000e+00 (2238)
* 13788: obj =   4.644184340e+02 inf =   0.000e+00 (2234)
* 13815: obj =   4.644184340e+02 inf =   0.000e+00 (2235) 1
* 13846: obj =   4.644184340e+02 inf =   0.000e+00 (2239)
* 13877: obj =   4.644184340e+02 inf =   0.000e+00 (2233)
* 13909: obj =   4.644184340e+02 inf =   0.000e+00 (2234)
* 13936: obj =   4.644184340e+02 inf =   0.000e+00 (2240) 1
* 13967: obj =   4.644184340e+02 inf =   0.000e+00 (2248)
* 13998: obj =   4.644184340e+02 inf =   0.000e+00 (2244)
* 14026: obj =   4.644184340e+02 inf =   0.000e+00 (2238) 1
* 14057: obj =   4.644184340e+02 inf =   0.000e+00 (2245)
* 14089: obj =   4.644184340e+02 inf =   0.000e+00 (2233)
* 14116: obj =   4.644184340e+02 inf =   0.000e+00 (2241) 1
* 14148: obj =   4.644184340e+02 inf =   0.000e+00 (2239)
* 14179: obj =   4.644184340e+02 inf =   0.000e+00 (2233)
* 14210: obj =   4.644184340e+02 inf =   0.000e+00 (2235)
* 14237: obj =   4.644184340e+02 inf =   0.000e+00 (2246) 1
* 14268: obj =   4.644184340e+02 inf =   0.000e+00 (2237)
* 14299: obj =   4.644184340e+02 inf =   0.000e+00 (2241)
* 14326: obj =   4.644184340e+02 inf =   0.000e+00 (2234) 1
* 14357: obj =   4.644184340e+02 inf =   0.000e+00 (2243)
* 14388: obj =   4.644184340e+02 inf =   0.000e+00 (2239)
* 14419: obj =   4.644184340e+02 inf =   0.000e+00 (2236)
* 14446: obj =   4.644184340e+02 inf =   0.000e+00 (2244) 1
* 14477: obj =   4.644184340e+02 inf =   0.000e+00 (2241)
* 14509: obj =   4.644184340e+02 inf =   0.000e+00 (2232)
* 14536: obj =   4.644184340e+02 inf =   0.000e+00 (2242) 1
* 14567: obj =   4.644184340e+02 inf =   0.000e+00 (2240)
* 14598: obj =   4.644184340e+02 inf =   0.000e+00 (2248)
* 14628: obj =   4.644184340e+02 inf =   0.000e+00 (2248) 1
* 14659: obj =   4.644184340e+02 inf =   0.000e+00 (2251)
* 14690: obj =   4.644184340e+02 inf =   0.000e+00 (2243)
* 14721: obj =   4.644184340e+02 inf =   0.000e+00 (2244)
* 14748: obj =   4.644184340e+02 inf =   0.000e+00 (2248) 1
* 14779: obj =   4.644184340e+02 inf =   0.000e+00 (2257)
* 14810: obj =   4.644184340e+02 inf =   0.000e+00 (2250)
* 14837: obj =   4.644184340e+02 inf =   0.000e+00 (2266) 1
* 14868: obj =   4.644184340e+02 inf =   0.000e+00 (2250)
* 14899: obj =   4.644184340e+02 inf =   0.000e+00 (2257)
* 14930: obj =   4.644184340e+02 inf =   0.000e+00 (2246)
* 14957: obj =   4.644184340e+02 inf =   0.000e+00 (2246) 1
* 14988: obj =   4.644184340e+02 inf =   0.000e+00 (2257)
* 15019: obj =   4.644184340e+02 inf =   0.000e+00 (2247)
* 15046: obj =   4.644184340e+02 inf =   0.000e+00 (2246) 1
* 15077: obj =   4.644184340e+02 inf =   0.000e+00 (2244)
* 15108: obj =   4.644184340e+02 inf =   0.000e+00 (2248)
* 15138: obj =   4.644184340e+02 inf =   0.000e+00 (2254) 1
* 15169: obj =   4.644184340e+02 inf =   0.000e+00 (2250)
* 15200: obj =   4.644184340e+02 inf =   0.000e+00 (2250)
* 15231: obj =   4.644184340e+02 inf =   0.000e+00 (2247)
* 15258: obj =   4.644184340e+02 inf =   0.000e+00 (2255) 1
* 15289: obj =   4.644184340e+02 inf =   0.000e+00 (2244)
* 15320: obj =   4.644184340e+02 inf =   0.000e+00 (2250)
* 15347: obj =   4.644184340e+02 inf =   0.000e+00 (2249) 1
* 15378: obj =   4.644184340e+02 inf =   0.000e+00 (2258)
* 15409: obj =   4.644184340e+02 inf =   0.000e+00 (2257)
* 15440: obj =   4.644184340e+02 inf =   0.000e+00 (2251)
* 15467: obj =   4.644184340e+02 inf =   0.000e+00 (2257) 1
* 15498: obj =   4.644184340e+02 inf =   0.000e+00 (2254)
* 15529: obj =   4.644184340e+02 inf =   0.000e+00 (2253)
* 15556: obj =   4.644184340e+02 inf =   0.000e+00 (2250) 1
* 15587: obj =   4.644184340e+02 inf =   0.000e+00 (2265)
* 15618: obj =   4.644184340e+02 inf =   0.000e+00 (2260)
* 15646: obj =   4.644184340e+02 inf =   0.000e+00 (2265) 1
* 15677: obj =   4.644184340e+02 inf =   0.000e+00 (2257)
* 15708: obj =   4.644184340e+02 inf =   0.000e+00 (2259)
* 15739: obj =   4.644184340e+02 inf =   0.000e+00 (2264)
* 15766: obj =   4.644184340e+02 inf =   0.000e+00 (2260) 1
* 15797: obj =   4.644184340e+02 inf =   0.000e+00 (2268)
* 15828: obj =   4.644184340e+02 inf =   0.000e+00 (2261)
* 15855: obj =   4.644184340e+02 inf =   0.000e+00 (2272) 1
* 15886: obj =   4.644184340e+02 inf =   0.000e+00 (2275)
* 15917: obj =   4.644184340e+02 inf =   0.000e+00 (2272)
* 15948: obj =   4.644184340e+02 inf =   0.000e+00 (2264)
* 15975: obj =   4.644184340e+02 inf =   0.000e+00 (2259) 1
* 16006: obj =   4.644184340e+02 inf =   0.000e+00 (2260)
* 16037: obj =   4.644184340e+02 inf =   0.000e+00 (2275)
* 16064: obj =   4.644184340e+02 inf =   0.000e+00 (2266) 1
* 16094: obj =   4.644184340e+02 inf =   0.000e+00 (2260)
* 16124: obj =   4.644184340e+02 inf =   0.000e+00 (2267)
* 16154: obj =   4.644184340e+02 inf =   0.000e+00 (2266)
* 16180: obj =   4.644184340e+02 inf =   0.000e+00 (2274) 1
* 16210: obj =   4.644184340e+02 inf =   0.000e+00 (2270)
* 16241: obj =   4.644184340e+02 inf =   0.000e+00 (2260)
* 16268: obj =   4.644184340e+02 inf =   0.000e+00 (2274) 1
* 16299: obj =   4.644184340e+02 inf =   0.000e+00 (2265)
* 16329: obj =   4.644184340e+02 inf =   0.000e+00 (2265)
* 16358: obj =   4.644184340e+02 inf =   0.000e+00 (2263) 1
* 16387: obj =   4.644184340e+02 inf =   0.000e+00 (2260)
* 16416: obj =   4.644184340e+02 inf =   0.000e+00 (2285)
* 16446: obj =   4.644184340e+02 inf =   0.000e+00 (2257)
* 16472: obj =   4.644184340e+02 inf =   0.000e+00 (2280) 1
* 16503: obj =   4.644184340e+02 inf =   0.000e+00 (2259)
* 16534: obj =   4.644184340e+02 inf =   0.000e+00 (2266)
* 16561: obj =   4.644184340e+02 inf =   0.000e+00 (2276) 1
* 16591: obj =   4.644184340e+02 inf =   0.000e+00 (2272)
* 16621: obj =   4.644184340e+02 inf =   0.000e+00 (2265)
* 16652: obj =   4.644184340e+02 inf =   0.000e+00 (2261)
* 16679: obj =   4.644184340e+02 inf =   0.000e+00 (2258) 1
* 16710: obj =   4.644184340e+02 inf =   0.000e+00 (2261)
* 16741: obj =   4.644184340e+02 inf =   0.000e+00 (2264)
* 16768: obj =   4.644184340e+02 inf =   0.000e+00 (2261) 1
* 16799: obj =   4.644184340e+02 inf =   0.000e+00 (2264)
* 16830: obj =   4.644184340e+02 inf =   0.000e+00 (2270)
* 16861: obj =   4.644184340e+02 inf =   0.000e+00 (2262)
* 16888: obj =   4.644184340e+02 inf =   0.000e+00 (2270) 1
* 16919: obj =   4.644184340e+02 inf =   0.000e+00 (2257)
* 16950: obj =   4.644184340e+02 inf =   0.000e+00 (2259)
* 16977: obj =   4.644184340e+02 inf =   0.000e+00 (2259) 1
* 17008: obj =   4.644184340e+02 inf =   0.000e+00 (2266)
* 17039: obj =   4.644184340e+02 inf =   0.000e+00 (2263)
* 17070: obj =   4.644184340e+02 inf =   0.000e+00 (2261) 1
* 17100: obj =   4.644184340e+02 inf =   0.000e+00 (2269)
* 17131: obj =   4.644184340e+02 inf =   0.000e+00 (2260)
* 17162: obj =   4.644184340e+02 inf =   0.000e+00 (2264)
* 17189: obj =   4.644184340e+02 inf =   0.000e+00 (2269) 1
* 17220: obj =   4.644184340e+02 inf =   0.000e+00 (2268)
* 17251: obj =   4.644184340e+02 inf =   0.000e+00 (2259)
* 17278: obj =   4.644184340e+02 inf =   0.000e+00 (2259) 1
* 17309: obj =   4.644184340e+02 inf =   0.000e+00 (2268)
* 17340: obj =   4.644184340e+02 inf =   0.000e+00 (2259)
* 17371: obj =   4.644184340e+02 inf =   0.000e+00 (2259)
* 17398: obj =   4.644184340e+02 inf =   0.000e+00 (2262) 1
* 17429: obj =   4.644184340e+02 inf =   0.000e+00 (2260)
* 17460: obj =   4.644184340e+02 inf =   0.000e+00 (2266)
* 17487: obj =   4.644184340e+02 inf =   0.000e+00 (2259) 1
* 17518: obj =   4.644184340e+02 inf =   0.000e+00 (2265)
* 17549: obj =   4.644184340e+02 inf =   0.000e+00 (2259)
* 17580: obj =   4.644184340e+02 inf =   0.000e+00 (2261)
* 17607: obj =   4.644184340e+02 inf =   0.000e+00 (2270) 1
* 17638: obj =   4.644184340e+02 inf =   0.000e+00 (2260)
* 17667: obj =   4.644184340e+02 inf =   0.000e+00 (2262)
* 17693: obj =   4.644184340e+02 inf =   0.000e+00 (2259) 1
* 17723: obj =   4.644184340e+02 inf =   0.000e+00 (2263)
* 17754: obj =   4.644184340e+02 inf =   0.000e+00 (2265)
* 17783: obj =   4.644184340e+02 inf =   0.000e+00 (2261) 1
* 17814: obj =   4.644184340e+02 inf =   0.000e+00 (2266)
* 17845: obj =   4.644184340e+02 inf =   0.000e+00 (2274)
* 17875: obj =   4.644184340e+02 inf =   0.000e+00 (2274)
* 17902: obj =   4.644184340e+02 inf =   0.000e+00 (2270) 1
* 17933: obj =   4.644184340e+02 inf =   0.000e+00 (2272)
* 17963: obj =   4.644184340e+02 inf =   0.000e+00 (2270)
* 17990: obj =   4.644184340e+02 inf =   0.000e+00 (2274) 1
* 18020: obj =   4.644184340e+02 inf =   0.000e+00 (2273)
* 18051: obj =   4.644184340e+02 inf =   0.000e+00 (2268)
* 18082: obj =   4.644184340e+02 inf =   0.000e+00 (2273)
* 18109: obj =   4.644184340e+02 inf =   0.000e+00 (2269) 1
* 18139: obj =   4.644184340e+02 inf =   0.000e+00 (2282)
* 18169: obj =   4.644184340e+02 inf =   0.000e+00 (2266)
* 18196: obj =   4.644184340e+02 inf =   0.000e+00 (2271) 1
* 18227: obj =   4.644184340e+02 inf =   0.000e+00 (2269)
* 18257: obj =   4.644184340e+02 inf =   0.000e+00 (2266)
* 18288: obj =   4.644184340e+02 inf =   0.000e+00 (2269)
* 18315: obj =   4.644184340e+02 inf =   0.000e+00 (2278) 1
* 18345: obj =   4.644184340e+02 inf =   0.000e+00 (2287)
* 18375: obj =   4.644184340e+02 inf =   0.000e+00 (2283)
* 18402: obj =   4.644184340e+02 inf =   0.000e+00 (2270) 1
* 18432: obj =   4.644184340e+02 inf =   0.000e+00 (2271)
* 18462: obj =   4.644184340e+02 inf =   0.000e+00 (2274)
* 18493: obj =   4.644184340e+02 inf =   0.000e+00 (2275)
* 18520: obj =   4.644184340e+02 inf =   0.000e+00 (2269) 1
* 18550: obj =   4.644184340e+02 inf =   0.000e+00 (2270)
* 18581: obj =   4.644184340e+02 inf =   0.000e+00 (2274)
* 18608: obj =   4.644184340e+02 inf =   0.000e+00 (2281) 1
* 18638: obj =   4.644184340e+02 inf =   0.000e+00 (2271)
* 18669: obj =   4.644184340e+02 inf =   0.000e+00 (2274)
* 18699: obj =   4.644184340e+02 inf =   0.000e+00 (2273) 1
* 18730: obj =   4.644184340e+02 inf =   0.000e+00 (2279)
* 18761: obj =   4.644184340e+02 inf =   0.000e+00 (2273)
* 18792: obj =   4.644184340e+02 inf =   0.000e+00 (2275)
* 18819: obj =   4.644184340e+02 inf =   0.000e+00 (2266) 1
* 18849: obj =   4.644184340e+02 inf =   0.000e+00 (2266)
* 18879: obj =   4.644184340e+02 inf =   0.000e+00 (2288)
* 18906: obj =   4.644184340e+02 inf =   0.000e+00 (2283) 1
* 18937: obj =   4.644184340e+02 inf =   0.000e+00 (2276)
* 18968: obj =   4.644184340e+02 inf =   0.000e+00 (2273)
* 18999: obj =   4.644184340e+02 inf =   0.000e+00 (2283)
* 19024: obj =   4.644184340e+02 inf =   0.000e+00 (2292) 1
* 19054: obj =   4.644184340e+02 inf =   0.000e+00 (2276)
* 19084: obj =   4.644184340e+02 inf =   0.000e+00 (2271)
* 19111: obj =   4.644184340e+02 inf =   0.000e+00 (2271) 1
* 19142: obj =   4.644184340e+02 inf =   0.000e+00 (2268)
* 19172: obj =   4.644184340e+02 inf =   0.000e+00 (2268)
* 19202: obj =   4.644184340e+02 inf =   0.000e+00 (2277)
* 19228: obj =   4.644184340e+02 inf =   0.000e+00 (2273) 1
* 19258: obj =   4.644184340e+02 inf =   0.000e+00 (2271)
* 19289: obj =   4.644184340e+02 inf =   0.000e+00 (2273)
* 19315: obj =   4.644184340e+02 inf =   0.000e+00 (2269) 1
* 19345: obj =   4.644184340e+02 inf =   0.000e+00 (2279)
* 19375: obj =   4.644184340e+02 inf =   0.000e+00 (2271)
* 19405: obj =   4.644184340e+02 inf =   0.000e+00 (2280)
* 19431: obj =   4.644184340e+02 inf =   0.000e+00 (2289) 1
* 19461: obj =   4.644184340e+02 inf =   0.000e+00 (2287)
* 19492: obj =   4.644184340e+02 inf =   0.000e+00 (2268)
* 19519: obj =   4.644184340e+02 inf =   0.000e+00 (2275) 1
* 19550: obj =   4.644184340e+02 inf =   0.000e+00 (2278)
* 19581: obj =   4.644184340e+02 inf =   0.000e+00 (2293)
* 19612: obj =   4.644184340e+02 inf =   0.000e+00 (2281)
* 19636: obj =   4.644184340e+02 inf =   0.000e+00 (2275) 1
* 19666: obj =   4.644184340e+02 inf =   0.000e+00 (2276)
* 19697: obj =   4.644184340e+02 inf =   0.000e+00 (2291)
* 19724: obj =   4.644184340e+02 inf =   0.000e+00 (2279) 1
* 19755: obj =   4.644184340e+02 inf =   0.000e+00 (2272)
* 19786: obj =   4.644184340e+02 inf =   0.000e+00 (2278)
* 19817: obj =   4.644184340e+02 inf =   0.000e+00 (2281)
* 19844: obj =   4.644184340e+02 inf =   0.000e+00 (2279) 1
* 19875: obj =   4.644184340e+02 inf =   0.000e+00 (2294)
* 19905: obj =   4.644184340e+02 inf =   0.000e+00 (2279)
* 19932: obj =   4.644184340e+02 inf =   0.000e+00 (2281) 1
* 19962: obj =   4.644184340e+02 inf =   0.000e+00 (2283)
* 19992: obj =   4.644184340e+02 inf =   0.000e+00 (2279)
* 20022: obj =   4.644184340e+02 inf =   0.000e+00 (2284)
* 20048: obj =   4.644184340e+02 inf =   0.000e+00 (2277) 1
* 20079: obj =   4.644184340e+02 inf =   0.000e+00 (2279)
* 20109: obj =   4.644184340e+02 inf =   0.000e+00 (2282)
* 20135: obj =   4.644184340e+02 inf =   0.000e+00 (2297) 1
* 20165: obj =   4.644184340e+02 inf =   0.000e+00 (2283)
* 20195: obj =   4.644184340e+02 inf =   0.000e+00 (2284)
* 20224: obj =   4.644184340e+02 inf =   0.000e+00 (2311)
* 20250: obj =   4.644184340e+02 inf =   0.000e+00 (2282) 1
* 20283: obj =   3.348830940e+02 inf =   0.000e+00 (2284)
* 20319: obj =   3.348830940e+02 inf =   0.000e+00 (2292)
* 20351: obj =   3.348830940e+02 inf =   0.000e+00 (2305) 1
* 20389: obj =   3.348830940e+02 inf =   0.000e+00 (2332)
* 20427: obj =   3.348830940e+02 inf =   0.000e+00 (2325) 1
* 20467: obj =   3.348830940e+02 inf =   0.000e+00 (2328)
* 20506: obj =   3.348830940e+02 inf =   0.000e+00 (2337)
* 20538: obj =   3.348830940e+02 inf =   0.000e+00 (2357) 1
* 20579: obj =   3.348830940e+02 inf =   0.000e+00 (2368)
* 20618: obj =   3.348830940e+02 inf =   0.000e+00 (2364)
* 20652: obj =   3.348830940e+02 inf =   0.000e+00 (2376) 1
* 20692: obj =   3.348830940e+02 inf =   0.000e+00 (2374)
* 20731: obj =   3.348830940e+02 inf =   0.000e+00 (2362) 1
* 20769: obj =   3.348830940e+02 inf =   0.000e+00 (2365)
* 20808: obj =   3.348830940e+02 inf =   0.000e+00 (2371)
* 20842: obj =   3.348830940e+02 inf =   0.000e+00 (2369) 1
* 20880: obj =   3.348830940e+02 inf =   0.000e+00 (2375)
* 20918: obj =   3.348830940e+02 inf =   0.000e+00 (2377)
* 20951: obj =   3.348830940e+02 inf =   0.000e+00 (2383) 1
* 20990: obj =   3.348830940e+02 inf =   0.000e+00 (2386)
* 21029: obj =   3.348830940e+02 inf =   0.000e+00 (2391)
* 21062: obj =   3.348830940e+02 inf =   0.000e+00 (2390) 1
* 21101: obj =   3.348830940e+02 inf =   0.000e+00 (2390)
* 21138: obj =   3.348830940e+02 inf =   0.000e+00 (2393) 1
* 21177: obj =   3.348830940e+02 inf =   0.000e+00 (2390)
* 21216: obj =   3.348830940e+02 inf =   0.000e+00 (2384)
* 21250: obj =   3.348830940e+02 inf =   0.000e+00 (2380) 1
* 21283: obj =   3.348830940e+02 inf =   0.000e+00 (2386)
* 21321: obj =   3.348830940e+02 inf =   0.000e+00 (2380)
* 21354: obj =   3.348830940e+02 inf =   0.000e+00 (2367) 1
* 21392: obj =   3.348830940e+02 inf =   0.000e+00 (2369)
* 21431: obj =   3.348830940e+02 inf =   0.000e+00 (2346)
* 21465: obj =   3.348830940e+02 inf =   0.000e+00 (2342) 1
* 21504: obj =   3.348830940e+02 inf =   0.000e+00 (2350)
* 21542: obj =   3.348830940e+02 inf =   0.000e+00 (2363) 1
* 21581: obj =   3.348830940e+02 inf =   0.000e+00 (2365)
* 21620: obj =   3.348830940e+02 inf =   0.000e+00 (2368)
* 21654: obj =   3.348830940e+02 inf =   0.000e+00 (2372) 1
* 21693: obj =   3.348830940e+02 inf =   0.000e+00 (2374)
* 21732: obj =   3.348830940e+02 inf =   0.000e+00 (2389)
* 21767: obj =   3.348830940e+02 inf =   0.000e+00 (2392) 1
* 21807: obj =   3.348830940e+02 inf =   0.000e+00 (2379)
* 21845: obj =   3.348830940e+02 inf =   0.000e+00 (2378) 1
* 21885: obj =   3.348830940e+02 inf =   0.000e+00 (2396)
* 21925: obj =   3.348830940e+02 inf =   0.000e+00 (2383)
* 21960: obj =   3.348830940e+02 inf =   0.000e+00 (2380) 1
* 22000: obj =   3.348830940e+02 inf =   0.000e+00 (2386)
* 22040: obj =   3.348830940e+02 inf =   0.000e+00 (2391)
* 22075: obj =   3.348830940e+02 inf =   0.000e+00 (2386) 1
* 22115: obj =   3.348830940e+02 inf =   0.000e+00 (2380)
* 22150: obj =   3.348830940e+02 inf =   0.000e+00 (2385) 1
* 22191: obj =   3.348830940e+02 inf =   0.000e+00 (2382)
* 22231: obj =   3.348830940e+02 inf =   0.000e+00 (2384)
* 22266: obj =   3.348830940e+02 inf =   0.000e+00 (2381) 1
* 22306: obj =   3.348830940e+02 inf =   0.000e+00 (2382)
* 22347: obj =   3.348830940e+02 inf =   0.000e+00 (2381)
* 22382: obj =   3.348830940e+02 inf =   0.000e+00 (2379) 1
* 22422: obj =   3.348830940e+02 inf =   0.000e+00 (2381)
* 22457: obj =   3.348830940e+02 inf =   0.000e+00 (2387) 1
* 22496: obj =   3.348830940e+02 inf =   0.000e+00 (2399)
* 22536: obj =   3.348830940e+02 inf =   0.000e+00 (2383)
* 22571: obj =   3.348830940e+02 inf =   0.000e+00 (2394) 1
* 22612: obj =   3.348830940e+02 inf =   0.000e+00 (2398)
* 22653: obj =   3.348830940e+02 inf =   0.000e+00 (2387)
* 22689: obj =   3.348830940e+02 inf =   0.000e+00 (2398) 1
* 22731: obj =   3.348830940e+02 inf =   0.000e+00 (2381)
* 22767: obj =   3.348830940e+02 inf =   0.000e+00 (2389) 1
* 22809: obj =   3.348830940e+02 inf =   0.000e+00 (2386)
* 22851: obj =   3.348830940e+02 inf =   0.000e+00 (2382)
* 22887: obj =   3.348830940e+02 inf =   0.000e+00 (2380) 1
* 22929: obj =   3.348830940e+02 inf =   0.000e+00 (2370)
* 22965: obj =   3.348830940e+02 inf =   0.000e+00 (2377) 1
* 23006: obj =   3.348830940e+02 inf =   0.000e+00 (2364)
* 23047: obj =   3.348830940e+02 inf =   0.000e+00 (2368)
* 23083: obj =   3.348830940e+02 inf =   0.000e+00 (2370) 1
* 23124: obj =   3.348830940e+02 inf =   0.000e+00 (2370)
* 23160: obj =   3.348830940e+02 inf =   0.000e+00 (2368) 1
* 23201: obj =   3.348830940e+02 inf =   0.000e+00 (2373)
* 23242: obj =   3.348830940e+02 inf =   0.000e+00 (2386)
* 23278: obj =   3.348830940e+02 inf =   0.000e+00 (2382) 1
* 23319: obj =   3.348830940e+02 inf =   0.000e+00 (2373)
* 23360: obj =   3.348830940e+02 inf =   0.000e+00 (2361)
* 23396: obj =   3.348830940e+02 inf =   0.000e+00 (2357) 1
* 23438: obj =   3.348830940e+02 inf =   0.000e+00 (2356)
* 23474: obj =   3.348830940e+02 inf =   0.000e+00 (2355) 1
* 23516: obj =   3.348830940e+02 inf =   0.000e+00 (2361)
* 23558: obj =   3.348830940e+02 inf =   0.000e+00 (2363)
* 23594: obj =   3.348830940e+02 inf =   0.000e+00 (2388) 1
* 23636: obj =   3.348830940e+02 inf =   0.000e+00 (2381)
* 23672: obj =   3.348830940e+02 inf =   0.000e+00 (2373) 1
* 23714: obj =   3.348830940e+02 inf =   0.000e+00 (2374)
* 23756: obj =   3.348830940e+02 inf =   0.000e+00 (2367)
* 23792: obj =   3.348830940e+02 inf =   0.000e+00 (2365) 1
* 23834: obj =   3.348830940e+02 inf =   0.000e+00 (2364)
* 23870: obj =   3.348830940e+02 inf =   0.000e+00 (2359) 1
* 23912: obj =   3.348830940e+02 inf =   0.000e+00 (2365)
* 23953: obj =   3.348830940e+02 inf =   0.000e+00 (2356)
* 23990: obj =   3.348830940e+02 inf =   0.000e+00 (2351) 1
* 24033: obj =   3.348830940e+02 inf =   0.000e+00 (2366)
* 24071: obj =   3.348830940e+02 inf =   0.000e+00 (2345) 1
* 24114: obj =   3.348830940e+02 inf =   0.000e+00 (2341)
* 24157: obj =   3.348830940e+02 inf =   0.000e+00 (2341)
* 24194: obj =   3.348830940e+02 inf =   0.000e+00 (2343) 1
* 24235: obj =   3.348830940e+02 inf =   0.000e+00 (2348)
* 24273: obj =   3.348830940e+02 inf =   0.000e+00 (2349) 1
* 24315: obj =   3.348830940e+02 inf =   0.000e+00 (2340)
* 24358: obj =   3.348830940e+02 inf =   0.000e+00 (2342)
* 24395: obj =   3.348830940e+02 inf =   0.000e+00 (2342) 1
* 24437: obj =   3.348830940e+02 inf =   0.000e+00 (2345)
* 24475: obj =   3.348830940e+02 inf =   0.000e+00 (2337) 1
* 24518: obj =   3.348830940e+02 inf =   0.000e+00 (2353)
* 24556: obj =   3.348830940e+02 inf =   0.000e+00 (2351)
* 24592: obj =   3.348830940e+02 inf =   0.000e+00 (2347) 1
* 24634: obj =   3.348830940e+02 inf =   0.000e+00 (2342)
* 24677: obj =   3.348830940e+02 inf =   0.000e+00 (2340) 1
* 24720: obj =   3.348830940e+02 inf =   0.000e+00 (2330)
* 24762: obj =   3.348830940e+02 inf =   0.000e+00 (2320)
* 24798: obj =   3.348830940e+02 inf =   0.000e+00 (2322) 1
* 24841: obj =   3.348830940e+02 inf =   0.000e+00 (2322)
* 24879: obj =   3.348830940e+02 inf =   0.000e+00 (2324) 1
* 24923: obj =   3.348830940e+02 inf =   0.000e+00 (2309)
* 24967: obj =   3.348830940e+02 inf =   0.000e+00 (2304)
* 25004: obj =   3.348830940e+02 inf =   0.000e+00 (2307) 1
* 25046: obj =   3.348830940e+02 inf =   0.000e+00 (2303)
* 25084: obj =   3.348830940e+02 inf =   0.000e+00 (2308) 1
* 25128: obj =   3.348830940e+02 inf =   0.000e+00 (2300)
* 25172: obj =   3.348830940e+02 inf =   0.000e+00 (2299)
* 25210: obj =   3.348830940e+02 inf =   0.000e+00 (2294) 1
* 25255: obj =   3.348830940e+02 inf =   0.000e+00 (2303)
* 25293: obj =   3.348830940e+02 inf =   0.000e+00 (2293) 1
* 25337: obj =   3.348830940e+02 inf =   0.000e+00 (2292)
* 25381: obj =   3.348830940e+02 inf =   0.000e+00 (2295)
* 25418: obj =   3.348830940e+02 inf =   0.000e+00 (2289) 1
* 25461: obj =   3.348830940e+02 inf =   0.000e+00 (2289)
* 25498: obj =   3.348830940e+02 inf =   0.000e+00 (2296) 1
* 25543: obj =   3.348830940e+02 inf =   0.000e+00 (2292)
* 25587: obj =   3.348830940e+02 inf =   0.000e+00 (2311) 1
* 25632: obj =   3.348830940e+02 inf =   0.000e+00 (2319)
* 25677: obj =   3.348830940e+02 inf =   0.000e+00 (2305)
* 25715: obj =   3.348830940e+02 inf =   0.000e+00 (2284) 1
* 25760: obj =   3.348830940e+02 inf =   0.000e+00 (2276)
* 25800: obj =   3.348830940e+02 inf =   0.000e+00 (2291) 1
* 25846: obj =   3.348830940e+02 inf =   0.000e+00 (2288)
* 25885: obj =   3.348830940e+02 inf =   0.000e+00 (2291)
* 25924: obj =   3.348830940e+02 inf =   0.000e+00 (2278) 1
* 25969: obj =   3.348830940e+02 inf =   0.000e+00 (2264)
* 26005: obj =   3.348830940e+02 inf =   0.000e+00 (2270) 1
* 26050: obj =   3.348830940e+02 inf =   0.000e+00 (2262)
* 26094: obj =   3.348830940e+02 inf =   0.000e+00 (2264)
* 26134: obj =   3.344423290e+02 inf =   0.000e+00 (2257) 1
* 26180: obj =   3.335855520e+02 inf =   0.000e+00 (2255)
* 26227: obj =   3.323451980e+02 inf =   0.000e+00 (2227)
* 26269: obj =   3.307251920e+02 inf =   0.000e+00 (2215) 1
* 26314: obj =   3.307251920e+02 inf =   0.000e+00 (2159)
* 26359: obj =   3.303358100e+02 inf =   0.000e+00 (2158)
* 26397: obj =   3.303358100e+02 inf =   0.000e+00 (2156) 1
* 26440: obj =   3.303358100e+02 inf =   0.000e+00 (2160)
* 26482: obj =   3.303358100e+02 inf =   0.000e+00 (2163)
* 26518: obj =   3.303358100e+02 inf =   0.000e+00 (2165) 1
* 26561: obj =   3.303358100e+02 inf =   0.000e+00 (2162)
* 26600: obj =   3.303358100e+02 inf =   0.000e+00 (2177) 1
* 26643: obj =   3.303358100e+02 inf =   0.000e+00 (2186)
* 26685: obj =   3.303358100e+02 inf =   0.000e+00 (2191)
* 26722: obj =   3.303358100e+02 inf =   0.000e+00 (2192) 1
* 26763: obj =   3.303358100e+02 inf =   0.000e+00 (2189)
* 26806: obj =   3.303358100e+02 inf =   0.000e+00 (2178)
* 26843: obj =   3.303358100e+02 inf =   0.000e+00 (2186) 1
* 26886: obj =   3.303358100e+02 inf =   0.000e+00 (2204)
* 26925: obj =   3.303358100e+02 inf =   0.000e+00 (2206) 1
* 26967: obj =   3.303358100e+02 inf =   0.000e+00 (2214)
* 27009: obj =   3.303358100e+02 inf =   0.000e+00 (2224)
* 27045: obj =   3.303358100e+02 inf =   0.000e+00 (2211) 1
* 27085: obj =   3.303358100e+02 inf =   0.000e+00 (2216)
* 27126: obj =   3.303358100e+02 inf =   0.000e+00 (2215)
* 27160: obj =   3.303358100e+02 inf =   0.000e+00 (2215) 1
* 27202: obj =   3.303358100e+02 inf =   0.000e+00 (2224)
* 27239: obj =   3.303358100e+02 inf =   0.000e+00 (2242)
* 27274: obj =   3.303358100e+02 inf =   0.000e+00 (2237) 1
* 27314: obj =   3.303358100e+02 inf =   0.000e+00 (2241)
* 27353: obj =   3.303358100e+02 inf =   0.000e+00 (2237)
* 27387: obj =   3.303358100e+02 inf =   0.000e+00 (2249) 1
* 27424: obj =   3.303358100e+02 inf =   0.000e+00 (2241)
* 27462: obj =   3.303358100e+02 inf =   0.000e+00 (2243)
* 27496: obj =   3.303358100e+02 inf =   0.000e+00 (2248) 1
* 27536: obj =   3.303358100e+02 inf =   0.000e+00 (2246)
* 27575: obj =   3.303358100e+02 inf =   0.000e+00 (2253)
* 27609: obj =   3.303358100e+02 inf =   0.000e+00 (2266) 1
* 27648: obj =   3.303358100e+02 inf =   0.000e+00 (2257)
* 27686: obj =   3.303358100e+02 inf =   0.000e+00 (2258)
* 27718: obj =   3.303358100e+02 inf =   0.000e+00 (2258) 1
* 27756: obj =   3.303358100e+02 inf =   0.000e+00 (2258)
* 27796: obj =   3.303358100e+02 inf =   0.000e+00 (2244)
* 27829: obj =   3.303358100e+02 inf =   0.000e+00 (2243) 1
* 27866: obj =   3.303358100e+02 inf =   0.000e+00 (2245)
* 27905: obj =   3.303358100e+02 inf =   0.000e+00 (2245)
* 27938: obj =   3.303358100e+02 inf =   0.000e+00 (2235) 1
* 27976: obj =   3.303358100e+02 inf =   0.000e+00 (2232)
* 28013: obj =   3.303358100e+02 inf =   0.000e+00 (2236)
* 28045: obj =   3.303358100e+02 inf =   0.000e+00 (2237) 1
* 28082: obj =   3.303358100e+02 inf =   0.000e+00 (2234)
* 28121: obj =   3.303358100e+02 inf =   0.000e+00 (2246)
* 28156: obj =   3.303358100e+02 inf =   0.000e+00 (2226) 1
* 28196: obj =   3.303358100e+02 inf =   0.000e+00 (2227)
* 28235: obj =   3.303358100e+02 inf =   0.000e+00 (2233)
* 28269: obj =   3.303358100e+02 inf =   0.000e+00 (2240) 1
* 28311: obj =   3.303358100e+02 inf =   0.000e+00 (2254)
* 28350: obj =   3.303358100e+02 inf =   0.000e+00 (2226) 1
* 28395: obj =   3.211352300e+02 inf =   0.000e+00 (2215)
* 28438: obj =   3.211352300e+02 inf =   0.000e+00 (2213)
* 28476: obj =   3.211352300e+02 inf =   0.000e+00 (2211) 1
* 28513: obj =   3.211352300e+02 inf =   0.000e+00 (2217)
* 28550: obj =   3.211352300e+02 inf =   0.000e+00 (2215) 1
* 28593: obj =   3.211352300e+02 inf =   0.000e+00 (2234)
* 28634: obj =   3.211352300e+02 inf =   0.000e+00 (2239)
* 28673: obj =   3.211352300e+02 inf =   0.000e+00 (2207) 1
* 28711: obj =   3.211352300e+02 inf =   0.000e+00 (2219)
* 28749: obj =   3.211352300e+02 inf =   0.000e+00 (2261) 1
* 28793: obj =   3.211352300e+02 inf =   0.000e+00 (2265)
* 28837: obj =   3.211352300e+02 inf =   0.000e+00 (2246)
* 28875: obj =   3.211352300e+02 inf =   0.000e+00 (2253) 1
* 28915: obj =   3.211352300e+02 inf =   0.000e+00 (2253)
* 28953: obj =   3.211352300e+02 inf =   0.000e+00 (2254)
* 28986: obj =   3.211352300e+02 inf =   0.000e+00 (2254) 1
* 29024: obj =   3.211352300e+02 inf =   0.000e+00 (2252)
* 29063: obj =   3.211352300e+02 inf =   0.000e+00 (2252)
* 29096: obj =   3.211352300e+02 inf =   0.000e+00 (2252) 1
* 29135: obj =   3.211352300e+02 inf =   0.000e+00 (2254)
* 29173: obj =   3.211352300e+02 inf =   0.000e+00 (2254)
* 29206: obj =   3.211352300e+02 inf =   0.000e+00 (2256) 1
* 29244: obj =   3.211352300e+02 inf =   0.000e+00 (2265)
* 29282: obj =   3.211352300e+02 inf =   0.000e+00 (2254)
* 29314: obj =   3.211352300e+02 inf =   0.000e+00 (2260) 1
* 29352: obj =   3.211352300e+02 inf =   0.000e+00 (2254)
* 29389: obj =   3.211352300e+02 inf =   0.000e+00 (2252)
* 29420: obj =   3.211352300e+02 inf =   0.000e+00 (2256) 1
* 29457: obj =   3.211352300e+02 inf =   0.000e+00 (2256)
* 29494: obj =   3.211352300e+02 inf =   0.000e+00 (2254)
* 29526: obj =   3.211352300e+02 inf =   0.000e+00 (2256) 1
* 29564: obj =   3.211352300e+02 inf =   0.000e+00 (2269)
* 29602: obj =   3.211352300e+02 inf =   0.000e+00 (2267)
* 29636: obj =   3.211352300e+02 inf =   0.000e+00 (2269) 1
* 29673: obj =   3.211352300e+02 inf =   0.000e+00 (2277)
* 29710: obj =   3.211352300e+02 inf =   0.000e+00 (2276)
* 29748: obj =   3.211352300e+02 inf =   0.000e+00 (2278)
* 29783: obj =   3.211352300e+02 inf =   0.000e+00 (2280) 1
* 29820: obj =   3.211352300e+02 inf =   0.000e+00 (2288)
* 29857: obj =   3.211352300e+02 inf =   0.000e+00 (2283) 1
* 29894: obj =   3.211352300e+02 inf =   0.000e+00 (2286)
* 29932: obj =   3.211352300e+02 inf =   0.000e+00 (2284)
* 29970: obj =   3.211352300e+02 inf =   0.000e+00 (2282) 1
* 30015: obj =   3.211352300e+02 inf =   0.000e+00 (2234)
* 30055: obj =   3.211352300e+02 inf =   0.000e+00 (2245)
* 30087: obj =   3.211352300e+02 inf =   0.000e+00 (2250) 1
* 30125: obj =   3.211352300e+02 inf =   0.000e+00 (2248)
* 30162: obj =   3.211352300e+02 inf =   0.000e+00 (2255)
* 30194: obj =   3.211352300e+02 inf =   0.000e+00 (2274) 1
* 30230: obj =   3.211352300e+02 inf =   0.000e+00 (2271)
* 30266: obj =   3.211352300e+02 inf =   0.000e+00 (2274)
* 30297: obj =   3.211352300e+02 inf =   0.000e+00 (2274) 1
* 30334: obj =   3.211352300e+02 inf =   0.000e+00 (2273)
* 30373: obj =   3.211352300e+02 inf =   0.000e+00 (2256)
* 30405: obj =   3.211352300e+02 inf =   0.000e+00 (2250) 1
* 30442: obj =   3.211352300e+02 inf =   0.000e+00 (2258)
* 30483: obj =   3.211352300e+02 inf =   0.000e+00 (2235)
* 30518: obj =   3.211352300e+02 inf =   0.000e+00 (2235) 1
* 30555: obj =   3.211352300e+02 inf =   0.000e+00 (2240)
* 30593: obj =   3.211352300e+02 inf =   0.000e+00 (2254)
* 30625: obj =   3.211352300e+02 inf =   0.000e+00 (2259) 1
* 30662: obj =   3.211352300e+02 inf =   0.000e+00 (2255)
* 30699: obj =   3.211352300e+02 inf =   0.000e+00 (2228) 1
* 30735: obj =   3.211352300e+02 inf =   0.000e+00 (2227)
* 30771: obj =   3.211352300e+02 inf =   0.000e+00 (2225)
* 30807: obj =   3.211352300e+02 inf =   0.000e+00 (2239) 1
* 30844: obj =   3.211352300e+02 inf =   0.000e+00 (2242)
* 30881: obj =   3.211352300e+02 inf =   0.000e+00 (2255)
* 30913: obj =   3.211352300e+02 inf =   0.000e+00 (2240) 1
* 30957: obj =   3.211352300e+02 inf =   0.000e+00 (2239)
* 31002: obj =   3.211352300e+02 inf =   0.000e+00 (2230)
* 31036: obj =   3.130143680e+02 inf =   0.000e+00 (2248) 1
* 31075: obj =   3.130143680e+02 inf =   0.000e+00 (2244)
* 31114: obj =   3.130143680e+02 inf =   0.000e+00 (2233) 1
* 31154: obj =   3.130143680e+02 inf =   0.000e+00 (2228)
* 31196: obj =   3.130143680e+02 inf =   0.000e+00 (2243)
* 31234: obj =   3.130143680e+02 inf =   0.000e+00 (2261) 1
* 31277: obj =   3.130143680e+02 inf =   0.000e+00 (2251)
* 31317: obj =   3.130143680e+02 inf =   0.000e+00 (2258) 1
* 31360: obj =   3.130143680e+02 inf =   0.000e+00 (2249)
* 31404: obj =   3.130143680e+02 inf =   0.000e+00 (2243)
* 31439: obj =   3.130143680e+02 inf =   0.000e+00 (2230) 1
* 31481: obj =   3.130143680e+02 inf =   0.000e+00 (2234)
* 31520: obj =   3.130143680e+02 inf =   0.000e+00 (2229) 1
* 31565: obj =   3.130143680e+02 inf =   0.000e+00 (2254)
* 31610: obj =   3.130143680e+02 inf =   0.000e+00 (2258)
* 31649: obj =   3.130143680e+02 inf =   0.000e+00 (2268) 1
* 31694: obj =   3.130143680e+02 inf =   0.000e+00 (2251)
* 31733: obj =   3.130143680e+02 inf =   0.000e+00 (2244) 1
* 31778: obj =   3.130143680e+02 inf =   0.000e+00 (2245)
* 31821: obj =   3.130143680e+02 inf =   0.000e+00 (2254)
* 31859: obj =   3.130143680e+02 inf =   0.000e+00 (2238) 1
* 31904: obj =   3.130143680e+02 inf =   0.000e+00 (2240)
* 31943: obj =   3.130143680e+02 inf =   0.000e+00 (2237) 1
* 31988: obj =   3.130143680e+02 inf =   0.000e+00 (2250)
* 32032: obj =   3.130143680e+02 inf =   0.000e+00 (2220)
* 32069: obj =   3.130143680e+02 inf =   0.000e+00 (2174) 1
* 32114: obj =   3.122629170e+02 inf =   0.000e+00 (2091)
* 32158: obj =   3.118926540e+02 inf =   0.000e+00 (2021)
* 32202: obj =   3.118926540e+02 inf =   0.000e+00 (1949)
* 32246: obj =   3.118926540e+02 inf =   0.000e+00 (1856)
* 32290: obj =   3.115355360e+02 inf =   0.000e+00 (1796) 1
* 32334: obj =   3.111825140e+02 inf =   0.000e+00 (1722)
* 32379: obj =   3.101345460e+02 inf =   0.000e+00 (1648)
* 32422: obj =   3.101345460e+02 inf =   0.000e+00 (1543)
* 32465: obj =   3.097944980e+02 inf =   0.000e+00 (1445)
* 32509: obj =   3.091205480e+02 inf =   0.000e+00 (1358)
* 32546: obj =   3.091205480e+02 inf =   0.000e+00 (1362) 1
* 32588: obj =   3.091205480e+02 inf =   0.000e+00 (1373)
* 32629: obj =   3.091205480e+02 inf =   0.000e+00 (1369)
* 32664: obj =   3.091205480e+02 inf =   0.000e+00 (1368) 1
* 32705: obj =   3.091205480e+02 inf =   0.000e+00 (1375)
* 32748: obj =   3.091205480e+02 inf =   0.000e+00 (1305)
* 32793: obj =   3.084561580e+02 inf =   0.000e+00 (1212)
* 32831: obj =   3.081261820e+02 inf =   0.000e+00 (1133) 1
* 32912: obj =   2.893134430e+02 inf =   0.000e+00 (1060)
* 32990: obj =   2.725003670e+02 inf =   0.000e+00 (1023)
* 33032: obj =   2.725003670e+02 inf =   0.000e+00 (1020)
* 33067: obj =   2.725003670e+02 inf =   0.000e+00 (1018) 1
* 33108: obj =   2.725003670e+02 inf =   0.000e+00 (1018)
* 33148: obj =   2.725003670e+02 inf =   0.000e+00 (1021)
* 33183: obj =   2.725003670e+02 inf =   0.000e+00 (1033) 1
* 33223: obj =   2.725003670e+02 inf =   0.000e+00 (1023)
* 33263: obj =   2.725003670e+02 inf =   0.000e+00 (1024)
* 33297: obj =   2.725003670e+02 inf =   0.000e+00 (1025) 1
* 33337: obj =   2.725003670e+02 inf =   0.000e+00 (1031)
* 33377: obj =   2.725003670e+02 inf =   0.000e+00 (1030)
* 33411: obj =   2.725003670e+02 inf =   0.000e+00 (1037) 1
* 33451: obj =   2.725003670e+02 inf =   0.000e+00 (1024)
* 33490: obj =   2.725003670e+02 inf =   0.000e+00 (1019)
* 33524: obj =   2.725003670e+02 inf =   0.000e+00 (1023) 1
* 33563: obj =   2.725003670e+02 inf =   0.000e+00 (1032)
* 33602: obj =   2.725003670e+02 inf =   0.000e+00 (1038)
* 33637: obj =   2.725003670e+02 inf =   0.000e+00 (1027) 1
* 33676: obj =   2.725003670e+02 inf =   0.000e+00 (1054)
* 33715: obj =   2.725003670e+02 inf =   0.000e+00 (1038)
* 33748: obj =   2.725003670e+02 inf =   0.000e+00 (1014) 1
* 33789: obj =   2.725003670e+02 inf =   0.000e+00 (1058)
* 33828: obj =   2.725003670e+02 inf =   0.000e+00 (1043) 1
* 33867: obj =   2.725003670e+02 inf =   0.000e+00 (1035)
* 33906: obj =   2.725003670e+02 inf =   0.000e+00 (1043)
* 33939: obj =   2.725003670e+02 inf =   0.000e+00 (1051) 1
* 33977: obj =   2.725003670e+02 inf =   0.000e+00 (1037)
* 34017: obj =   2.725003670e+02 inf =   0.000e+00 (1079)
* 34050: obj =   2.725003670e+02 inf =   0.000e+00 (1077) 1
* 34089: obj =   2.725003670e+02 inf =   0.000e+00 (1068)
* 34127: obj =   2.725003670e+02 inf =   0.000e+00 (1076)
* 34160: obj =   2.725003670e+02 inf =   0.000e+00 (1099) 1
* 34198: obj =   2.725003670e+02 inf =   0.000e+00 (1058)
* 34236: obj =   2.725003670e+02 inf =   0.000e+00 (1065)
* 34269: obj =   2.725003670e+02 inf =   0.000e+00 (1069) 1
* 34307: obj =   2.725003670e+02 inf =   0.000e+00 (1072)
* 34345: obj =   2.725003670e+02 inf =   0.000e+00 (1058)
* 34378: obj =   2.725003670e+02 inf =   0.000e+00 (1054) 1
* 34416: obj =   2.725003670e+02 inf =   0.000e+00 (1051)
* 34452: obj =   2.725003670e+02 inf =   0.000e+00 (1049)
* 34484: obj =   2.725003670e+02 inf =   0.000e+00 (1049) 1
* 34521: obj =   2.725003670e+02 inf =   0.000e+00 (1056)
* 34560: obj =   2.725003670e+02 inf =   0.000e+00 (1085)
* 34592: obj =   2.725003670e+02 inf =   0.000e+00 (1092) 1
* 34630: obj =   2.725003670e+02 inf =   0.000e+00 (1083)
* 34668: obj =   2.725003670e+02 inf =   0.000e+00 (1087)
* 34697: obj =   2.725003670e+02 inf =   0.000e+00 (1075) 1
* 34734: obj =   2.725003670e+02 inf =   0.000e+00 (1063)
* 34771: obj =   2.725003670e+02 inf =   0.000e+00 (1062)
* 34803: obj =   2.725003670e+02 inf =   0.000e+00 (1060) 1
* 34840: obj =   2.725003670e+02 inf =   0.000e+00 (1061)
* 34878: obj =   2.725003670e+02 inf =   0.000e+00 (1040)
* 34912: obj =   2.725003670e+02 inf =   0.000e+00 (1034) 1
* 34949: obj =   2.725003670e+02 inf =   0.000e+00 (1037)
* 34987: obj =   2.725003670e+02 inf =   0.000e+00 (1039)
* 35018: obj =   2.725003670e+02 inf =   0.000e+00 (1054) 1
* 35055: obj =   2.725003670e+02 inf =   0.000e+00 (1039)
* 35092: obj =   2.725003670e+02 inf =   0.000e+00 (1047)
* 35121: obj =   2.725003670e+02 inf =   0.000e+00 (1049) 1
* 35160: obj =   2.725003670e+02 inf =   0.000e+00 (1066)
* 35197: obj =   2.725003670e+02 inf =   0.000e+00 (1056)
* 35234: obj =   2.708771170e+02 inf =   0.000e+00 (1075) 1
* 35309: obj =   2.551847300e+02 inf =   0.000e+00 (1034)
* 35401: obj =   2.324312350e+02 inf =   0.000e+00 (978)
* 35478: obj =   2.160266590e+02 inf =   0.000e+00 (967)
* 35544: obj =   2.051686880e+02 inf =   0.000e+00 (950)
* 35582: obj =   2.051686880e+02 inf =   0.000e+00 (948) 1
* 35620: obj =   2.051686880e+02 inf =   0.000e+00 (948)
* 35656: obj =   2.051686880e+02 inf =   0.000e+00 (948)
* 35693: obj =   2.051686880e+02 inf =   0.000e+00 (966) 1
* 35730: obj =   2.051686880e+02 inf =   0.000e+00 (957)
* 35766: obj =   2.051686880e+02 inf =   0.000e+00 (959)
* 35802: obj =   2.051686880e+02 inf =   0.000e+00 (964)
* 35833: obj =   2.051686880e+02 inf =   0.000e+00 (964) 1
* 35869: obj =   2.051686880e+02 inf =   0.000e+00 (962)
* 35905: obj =   2.051686880e+02 inf =   0.000e+00 (960)
* 35936: obj =   2.051686880e+02 inf =   0.000e+00 (939) 1
* 35972: obj =   2.051686880e+02 inf =   0.000e+00 (935)
* 36008: obj =   2.051686880e+02 inf =   0.000e+00 (938)
* 36039: obj =   2.027364570e+02 inf =   0.000e+00 (946) 1
* 36076: obj =   2.027364570e+02 inf =   0.000e+00 (940)
* 36112: obj =   2.027364570e+02 inf =   0.000e+00 (945)
* 36144: obj =   2.027364570e+02 inf =   0.000e+00 (938) 1
* 36182: obj =   1.966133750e+02 inf =   0.000e+00 (893)
* 36221: obj =   1.966133750e+02 inf =   0.000e+00 (894) 1
* 36262: obj =   1.966133750e+02 inf =   0.000e+00 (893)
* 36303: obj =   1.966133750e+02 inf =   0.000e+00 (898)
* 36338: obj =   1.966133750e+02 inf =   0.000e+00 (890) 1
* 36379: obj =   1.966133750e+02 inf =   0.000e+00 (890)
* 36421: obj =   1.966133750e+02 inf =   0.000e+00 (892)
* 36457: obj =   1.966133750e+02 inf =   0.000e+00 (878) 1
* 36511: obj =   1.919908070e+02 inf =   0.000e+00 (836)
* 36557: obj =   1.907746920e+02 inf =   0.000e+00 (781)
* 36597: obj =   1.898685810e+02 inf =   0.000e+00 (766) 1
* 36637: obj =   1.898685810e+02 inf =   0.000e+00 (763)
* 36678: obj =   1.898685810e+02 inf =   0.000e+00 (762)
* 36712: obj =   1.898685810e+02 inf =   0.000e+00 (767) 1
* 36752: obj =   1.898685810e+02 inf =   0.000e+00 (766)
* 36800: obj =   1.865607940e+02 inf =   0.000e+00 (704)
* 36894: obj =   1.632101630e+02 inf =   0.000e+00 (642)
* 36996: obj =   1.364317370e+02 inf =   0.000e+00 (561)
* 37091: obj =   1.130357010e+02 inf =   0.000e+00 (505)
* 37186: obj =   8.970333300e+01 inf =   0.000e+00 (442)
* 37282: obj =   6.612820900e+01 inf =   0.000e+00 (391)
* 37352: obj =   5.436139300e+01 inf =   0.000e+00 (351)
* 37388: obj =   5.436139300e+01 inf =   0.000e+00 (344) 1
* 37428: obj =   5.436139300e+01 inf =   0.000e+00 (348)
* 37468: obj =   5.436139300e+01 inf =   0.000e+00 (347) 1
* 37509: obj =   5.436139300e+01 inf =   0.000e+00 (346)
* 37550: obj =   5.436139300e+01 inf =   0.000e+00 (353)
* 37588: obj =   5.436139300e+01 inf =   0.000e+00 (353) 1
* 37627: obj =   5.436139300e+01 inf =   0.000e+00 (354)
* 37666: obj =   5.436139300e+01 inf =   0.000e+00 (359)
* 37700: obj =   5.436139300e+01 inf =   0.000e+00 (348) 1
* 37738: obj =   5.436139300e+01 inf =   0.000e+00 (344)
* 37779: obj =   4.546381400e+01 inf =   0.000e+00 (330)
* 37815: obj =   4.546381400e+01 inf =   0.000e+00 (331) 1
* 37858: obj =   4.546381400e+01 inf =   0.000e+00 (326)
* 37901: obj =   4.546381400e+01 inf =   0.000e+00 (322) 1
* 37945: obj =   4.546381400e+01 inf =   0.000e+00 (317)
* 38001: obj =   3.979566700e+01 inf =   0.000e+00 (310)
* 38056: obj =   3.477074300e+01 inf =   0.000e+00 (298)
* 38104: obj =   3.211761800e+01 inf =   0.000e+00 (280)
* 38143: obj =   3.123421100e+01 inf =   0.000e+00 (280) 1
* 38185: obj =   3.123421100e+01 inf =   0.000e+00 (276)
* 38226: obj =   3.123421100e+01 inf =   0.000e+00 (280)
* 38258: obj =   3.123421100e+01 inf =   0.000e+00 (275) 1
* 38298: obj =   3.123421100e+01 inf =   0.000e+00 (272)
* 38334: obj =   3.123421100e+01 inf =   0.000e+00 (277) 1
* 38373: obj =   3.123421100e+01 inf =   0.000e+00 (274)
* 38413: obj =   3.123421100e+01 inf =   0.000e+00 (290)
* 38447: obj =   3.123421100e+01 inf =   0.000e+00 (291) 1
* 38487: obj =   3.123421100e+01 inf =   0.000e+00 (296)
* 38527: obj =   3.123421100e+01 inf =   0.000e+00 (284)
* 38562: obj =   3.123421100e+01 inf =   0.000e+00 (261) 1
* 38613: obj =   2.711744800e+01 inf =   0.000e+00 (200)
* 38704: obj =   5.727381000e+00 inf =   0.000e+00 (152)
* 38745: obj =   5.727381000e+00 inf =   0.000e+00 (158)
* 38778: obj =   5.727381000e+00 inf =   0.000e+00 (161) 1
* 38818: obj =   5.727381000e+00 inf =   0.000e+00 (161)
* 38857: obj =   5.727381000e+00 inf =   0.000e+00 (163) 1
* 38895: obj =   5.727381000e+00 inf =   0.000e+00 (146)
* 38949: obj =   2.895190000e-01 inf =   0.000e+00 (105)
* 38983: obj =   0.000000000e+00 inf =   0.000e+00 (81) 1
* 39025: obj =   0.000000000e+00 inf =   0.000e+00 (28)
Removing LP perturbation [39037]...
* 39037: obj =   0.000000000e+00 inf =   0.000e+00 (0)
OPTIMAL LP SOLUTION FOUND
Integer optimization begins...
Long-step dual simplex will be used
+ 39037: mip =     not found yet >=              -inf        (1; 0)
+ 39037: >>>>>   0.000000000e+00 >=   0.000000000e+00   0.0% (1; 0)
+ 39037: mip =   0.000000000e+00 >=     tree is empty   0.0% (0; 1)
INTEGER OPTIMAL SOLUTION FOUND
Time used:   5486.2 secs
Memory used: 5925.2 Mb (6213060237 bytes)
Writing MIP solution to 'input/web-flickr.html/flickrEdges.txt.gz.1450.lp.sol'...
Objective:  obj = 0 (MINimum)
