	Command being timed: "/usr/app/src/glpk-5.0/examples/glpsol --lp input/sx-superuser.html/sx-superuser-c2a.txt.gz.1917.lp -o input/sx-superuser.html/sx-superuser-c2a.txt.gz.1917.lp.sol"
	User time (seconds): 44992.08
	System time (seconds): 80.32
	Percent of CPU this job got: 99%
	Elapsed (wall clock) time (h:mm:ss or m:ss): 12:31:17
	Average shared text size (kbytes): 0
	Average unshared data size (kbytes): 0
	Average stack size (kbytes): 0
	Average total size (kbytes): 0
	Maximum resident set size (kbytes): 712204
	Average resident set size (kbytes): 0
	Major (requiring I/O) page faults: 0
	Minor (reclaiming a frame) page faults: 1187880
	Voluntary context switches: 848
	Involuntary context switches: 80460
	Swaps: 0
	File system inputs: 0
	File system outputs: 145912
	Socket messages sent: 0
	Socket messages received: 0
	Signals delivered: 0
	Page size (bytes): 4096
	Exit status: 0
