Version 1.2 launched as -e 0.1 12 input/p2p-Gnutella31.html/p2p-Gnutella31.txt.gz 24


Execution time and memory used at after reading from file: 1.324000e+01 seconds, 27095040 bytes of memory usage, 26496 kB of memory peak and 00:13 elapsed time
Statistics on the network after reading from file
	Number of nodes: 62586
	Number of allocated nodes: 63488
	Number of edges: 147892
	Maximum in degree: 68 (node 164)
	Maximum out degree: 78 (node 5319)

Execution time and memory used at after adding costs: 1.325000e+01 seconds, 27095040 bytes of memory usage, 26496 kB of memory peak and 00:13 elapsed time
Statistics on the network after adding costs
	Number of nodes: 62586
	Number of allocated nodes: 63488
	Number of edges: 147892
	Maximum in degree: 68 (node 164)
	Maximum out degree: 78 (node 5319)

Execution time and memory used at before starting main computation: 1.334000e+01 seconds, 27500544 bytes of memory usage, 27620 kB of memory peak and 00:13 elapsed time
Statistics on the network before starting main computation
	Number of nodes: 62586
	Number of allocated nodes: 63488
	Number of edges: 147892
	Maximum in degree: 68 (node 164)
	Maximum out degree: 78 (node 5319)
	source 9787 (node 5319) with out degree 78
	target 584 (node 164) with in degree 68

Execution time and memory used at after iteration 1 (MF = 13.123288): 2.736600e+02 seconds, 170258432 bytes of memory usage, 197060 kB of memory peak and 04:33 elapsed time
Statistics on the network after iteration 1 (MF = 13.123288)
	Number of nodes: 62586
	Number of allocated nodes: 63488
	Number of edges: 147892
	Maximum in degree: 68 (node 164)
	Maximum out degree: 78 (node 5319)
	source 9787 (node 5319) with out degree 78
	target 584 (node 164) with in degree 68

Execution time and memory used at after iteration 2 (MF = 4.335616): 2.782300e+02 seconds, 170258432 bytes of memory usage, 197128 kB of memory peak and 04:38 elapsed time
Statistics on the network after iteration 2 (MF = 4.335616)
	Number of nodes: 62586
	Number of allocated nodes: 63488
	Number of edges: 147892
	Maximum in degree: 68 (node 164)
	Maximum out degree: 78 (node 5319)
	source 9787 (node 5319) with out degree 78
	target 584 (node 164) with in degree 68

Execution time and memory used at after iteration 3 (MF = 9.541096): 2.862600e+02 seconds, 170258432 bytes of memory usage, 210576 kB of memory peak and 04:46 elapsed time
Statistics on the network after iteration 3 (MF = 9.541096)
	Number of nodes: 62586
	Number of allocated nodes: 63488
	Number of edges: 147892
	Maximum in degree: 68 (node 164)
	Maximum out degree: 78 (node 5319)
	source 9787 (node 5319) with out degree 78
	target 584 (node 164) with in degree 68

Execution time and memory used at after iteration 4 (MF = 9.815068): 3.099500e+02 seconds, 229945344 bytes of memory usage, 238772 kB of memory peak and 05:10 elapsed time
Statistics on the network after iteration 4 (MF = 9.815068)
	Number of nodes: 62586
	Number of allocated nodes: 63488
	Number of edges: 147892
	Maximum in degree: 68 (node 164)
	Maximum out degree: 78 (node 5319)
	source 9787 (node 5319) with out degree 78
	target 584 (node 164) with in degree 68

Execution time and memory used at after iteration 5 (MF = 8.664384): 2.009120e+03 seconds, 224030720 bytes of memory usage, 238772 kB of memory peak and 33:29 elapsed time
Statistics on the network after iteration 5 (MF = 8.664384)
	Number of nodes: 62586
	Number of allocated nodes: 63488
	Number of edges: 147892
	Maximum in degree: 68 (node 164)
	Maximum out degree: 78 (node 5319)
	source 9787 (node 5319) with out degree 78
	target 584 (node 164) with in degree 68

Execution time and memory used at after iteration 6 (MF = 7.965753): 2.625310e+03 seconds, 224030720 bytes of memory usage, 380876 kB of memory peak and 43:45 elapsed time
Statistics on the network after iteration 6 (MF = 7.965753)
	Number of nodes: 62586
	Number of allocated nodes: 63488
	Number of edges: 147892
	Maximum in degree: 68 (node 164)
	Maximum out degree: 78 (node 5319)
	source 9787 (node 5319) with out degree 78
	target 584 (node 164) with in degree 68

Execution time and memory used at after iteration 7 (MF = 7.273973): 2.642930e+03 seconds, 224030720 bytes of memory usage, 380876 kB of memory peak and 44:03 elapsed time
Statistics on the network after iteration 7 (MF = 7.273973)
	Number of nodes: 62586
	Number of allocated nodes: 63488
	Number of edges: 147892
	Maximum in degree: 68 (node 164)
	Maximum out degree: 78 (node 5319)
	source 9787 (node 5319) with out degree 78
	target 584 (node 164) with in degree 68

Execution time and memory used at after iteration 8 (MF = 6.520548): 1.546904e+04 seconds, 215642112 bytes of memory usage, 380876 kB of memory peak and 04:17:49 elapsed time
Statistics on the network after iteration 8 (MF = 6.520548)
	Number of nodes: 62586
	Number of allocated nodes: 63488
	Number of edges: 147892
	Maximum in degree: 68 (node 164)
	Maximum out degree: 78 (node 5319)
	source 9787 (node 5319) with out degree 78
	target 584 (node 164) with in degree 68

Execution time and memory used at after iteration 9 (MF = 8.931507): 1.573262e+04 seconds, 224649216 bytes of memory usage, 380876 kB of memory peak and 04:22:13 elapsed time
Statistics on the network after iteration 9 (MF = 8.931507)
	Number of nodes: 62586
	Number of allocated nodes: 63488
	Number of edges: 147892
	Maximum in degree: 68 (node 164)
	Maximum out degree: 78 (node 5319)
	source 9787 (node 5319) with out degree 78
	target 584 (node 164) with in degree 68

Execution time and memory used at after iteration 10 (MF = 7.349315): 1.597335e+04 seconds, 221061120 bytes of memory usage, 380876 kB of memory peak and 04:26:13 elapsed time
Statistics on the network after iteration 10 (MF = 7.349315)
	Number of nodes: 62586
	Number of allocated nodes: 63488
	Number of edges: 147892
	Maximum in degree: 68 (node 164)
	Maximum out degree: 78 (node 5319)
	source 9787 (node 5319) with out degree 78
	target 584 (node 164) with in degree 68

Execution time and memory used at after iteration 11 (MF = 7.458904): 1.609290e+04 seconds, 218509312 bytes of memory usage, 380876 kB of memory peak and 04:28:13 elapsed time
Statistics on the network after iteration 11 (MF = 7.458904)
	Number of nodes: 62586
	Number of allocated nodes: 63488
	Number of edges: 147892
	Maximum in degree: 68 (node 164)
	Maximum out degree: 78 (node 5319)
	source 9787 (node 5319) with out degree 78
	target 584 (node 164) with in degree 68

Execution time and memory used at after iteration 12 (MF = 5.034247): 1.615392e+04 seconds, 215642112 bytes of memory usage, 380876 kB of memory peak and 04:29:14 elapsed time
Statistics on the network after iteration 12 (MF = 5.034247)
	Number of nodes: 62586
	Number of allocated nodes: 63488
	Number of edges: 147892
	Maximum in degree: 68 (node 164)
	Maximum out degree: 78 (node 5319)
	source 9787 (node 5319) with out degree 78
	target 584 (node 164) with in degree 68

Execution time and memory used at after iteration 13 (MF = 6.863014): 1.628500e+04 seconds, 215642112 bytes of memory usage, 380876 kB of memory peak and 04:31:25 elapsed time
Statistics on the network after iteration 13 (MF = 6.863014)
	Number of nodes: 62586
	Number of allocated nodes: 63488
	Number of edges: 147892
	Maximum in degree: 68 (node 164)
	Maximum out degree: 78 (node 5319)
	source 9787 (node 5319) with out degree 78
	target 584 (node 164) with in degree 68

Execution time and memory used at after iteration 14 (MF = 7.554795): 1.657819e+04 seconds, 215642112 bytes of memory usage, 408620 kB of memory peak and 04:36:18 elapsed time
Statistics on the network after iteration 14 (MF = 7.554795)
	Number of nodes: 62586
	Number of allocated nodes: 63488
	Number of edges: 147892
	Maximum in degree: 68 (node 164)
	Maximum out degree: 78 (node 5319)
	source 9787 (node 5319) with out degree 78
	target 584 (node 164) with in degree 68

Execution time and memory used at after iteration 15 (MF = 6.636986): 1.715107e+04 seconds, 215642112 bytes of memory usage, 500524 kB of memory peak and 04:45:51 elapsed time
Statistics on the network after iteration 15 (MF = 6.636986)
	Number of nodes: 62586
	Number of allocated nodes: 63488
	Number of edges: 147892
	Maximum in degree: 68 (node 164)
	Maximum out degree: 78 (node 5319)
	source 9787 (node 5319) with out degree 78
	target 584 (node 164) with in degree 68

Execution time and memory used at after iteration 16 (MF = 7.068493): 1.758092e+04 seconds, 219574272 bytes of memory usage, 500524 kB of memory peak and 04:53:01 elapsed time
Statistics on the network after iteration 16 (MF = 7.068493)
	Number of nodes: 62586
	Number of allocated nodes: 63488
	Number of edges: 147892
	Maximum in degree: 68 (node 164)
	Maximum out degree: 78 (node 5319)
	source 9787 (node 5319) with out degree 78
	target 584 (node 164) with in degree 68

Execution time and memory used at after iteration 17 (MF = 5.534247): 1.789076e+04 seconds, 215642112 bytes of memory usage, 500524 kB of memory peak and 04:58:11 elapsed time
Statistics on the network after iteration 17 (MF = 5.534247)
	Number of nodes: 62586
	Number of allocated nodes: 63488
	Number of edges: 147892
	Maximum in degree: 68 (node 164)
	Maximum out degree: 78 (node 5319)
	source 9787 (node 5319) with out degree 78
	target 584 (node 164) with in degree 68

Execution time and memory used at after iteration 18 (MF = 5.589041): 1.833716e+04 seconds, 215642112 bytes of memory usage, 500524 kB of memory peak and 05:05:37 elapsed time
Statistics on the network after iteration 18 (MF = 5.589041)
	Number of nodes: 62586
	Number of allocated nodes: 63488
	Number of edges: 147892
	Maximum in degree: 68 (node 164)
	Maximum out degree: 78 (node 5319)
	source 9787 (node 5319) with out degree 78
	target 584 (node 164) with in degree 68

Execution time and memory used at after iteration 19 (MF = 6.616438): 1.916586e+04 seconds, 215642112 bytes of memory usage, 500524 kB of memory peak and 05:19:26 elapsed time
Statistics on the network after iteration 19 (MF = 6.616438)
	Number of nodes: 62586
	Number of allocated nodes: 63488
	Number of edges: 147892
	Maximum in degree: 68 (node 164)
	Maximum out degree: 78 (node 5319)
	source 9787 (node 5319) with out degree 78
	target 584 (node 164) with in degree 68

Execution time and memory used at after iteration 20 (MF = 5.178082): 1.941769e+04 seconds, 218771456 bytes of memory usage, 500524 kB of memory peak and 05:23:38 elapsed time
Statistics on the network after iteration 20 (MF = 5.178082)
	Number of nodes: 62586
	Number of allocated nodes: 63488
	Number of edges: 147892
	Maximum in degree: 68 (node 164)
	Maximum out degree: 78 (node 5319)
	source 9787 (node 5319) with out degree 78
	target 584 (node 164) with in degree 68

Execution time and memory used at after iteration 21 (MF = 7.547945): 2.077471e+04 seconds, 215642112 bytes of memory usage, 629728 kB of memory peak and 05:46:15 elapsed time
Statistics on the network after iteration 21 (MF = 7.547945)
	Number of nodes: 62586
	Number of allocated nodes: 63488
	Number of edges: 147892
	Maximum in degree: 68 (node 164)
	Maximum out degree: 78 (node 5319)
	source 9787 (node 5319) with out degree 78
	target 584 (node 164) with in degree 68

Execution time and memory used at after iteration 22 (MF = 7.479452): 2.229185e+04 seconds, 215642112 bytes of memory usage, 629728 kB of memory peak and 06:11:32 elapsed time
Statistics on the network after iteration 22 (MF = 7.479452)
	Number of nodes: 62586
	Number of allocated nodes: 63488
	Number of edges: 147892
	Maximum in degree: 68 (node 164)
	Maximum out degree: 78 (node 5319)
	source 9787 (node 5319) with out degree 78
	target 584 (node 164) with in degree 68

Execution time and memory used at after iteration 23 (MF = 7.390411): 2.409965e+04 seconds, 215642112 bytes of memory usage, 629728 kB of memory peak and 06:41:40 elapsed time
Statistics on the network after iteration 23 (MF = 7.390411)
	Number of nodes: 62586
	Number of allocated nodes: 63488
	Number of edges: 147892
	Maximum in degree: 68 (node 164)
	Maximum out degree: 78 (node 5319)
	source 9787 (node 5319) with out degree 78
	target 584 (node 164) with in degree 68

Execution time and memory used at after iteration 24 (MF = 6.897260): 2.543881e+04 seconds, 215642112 bytes of memory usage, 629728 kB of memory peak and 07:03:59 elapsed time
Statistics on the network after iteration 24 (MF = 6.897260)
	Number of nodes: 62586
	Number of allocated nodes: 63488
	Number of edges: 147892
	Maximum in degree: 68 (node 164)
	Maximum out degree: 78 (node 5319)
	source 9787 (node 5319) with out degree 78
	target 584 (node 164) with in degree 68

Execution time and memory used at after iteration 25 (MF = 6.198630): 2.675882e+04 seconds, 261660672 bytes of memory usage, 629728 kB of memory peak and 07:25:59 elapsed time
Statistics on the network after iteration 25 (MF = 6.198630)
	Number of nodes: 62586
	Number of allocated nodes: 63488
	Number of edges: 147892
	Maximum in degree: 68 (node 164)
	Maximum out degree: 78 (node 5319)
	source 9787 (node 5319) with out degree 78
	target 584 (node 164) with in degree 68

Execution time and memory used at after iteration 26 (MF = 5.910959): 2.940981e+04 seconds, 261660672 bytes of memory usage, 678072 kB of memory peak and 08:10:10 elapsed time
Statistics on the network after iteration 26 (MF = 5.910959)
	Number of nodes: 62586
	Number of allocated nodes: 63488
	Number of edges: 147892
	Maximum in degree: 68 (node 164)
	Maximum out degree: 78 (node 5319)
	source 9787 (node 5319) with out degree 78
	target 584 (node 164) with in degree 68

Execution time and memory used at after iteration 27 (MF = 6.287671): 3.062384e+04 seconds, 261660672 bytes of memory usage, 678072 kB of memory peak and 08:30:24 elapsed time
Statistics on the network after iteration 27 (MF = 6.287671)
	Number of nodes: 62586
	Number of allocated nodes: 63488
	Number of edges: 147892
	Maximum in degree: 68 (node 164)
	Maximum out degree: 78 (node 5319)
	source 9787 (node 5319) with out degree 78
	target 584 (node 164) with in degree 68

Execution time and memory used at after iteration 28 (MF = 5.431507): 3.843214e+04 seconds, 262135808 bytes of memory usage, 678072 kB of memory peak and 10:40:33 elapsed time
Statistics on the network after iteration 28 (MF = 5.431507)
	Number of nodes: 62586
	Number of allocated nodes: 63488
	Number of edges: 147892
	Maximum in degree: 68 (node 164)
	Maximum out degree: 78 (node 5319)
	source 9787 (node 5319) with out degree 78
	target 584 (node 164) with in degree 68

Execution time and memory used at after iteration 29 (MF = 7.390411): 4.741617e+04 seconds, 267857920 bytes of memory usage, 678072 kB of memory peak and 13:10:17 elapsed time
Statistics on the network after iteration 29 (MF = 7.390411)
	Number of nodes: 62586
	Number of allocated nodes: 63488
	Number of edges: 147892
	Maximum in degree: 68 (node 164)
	Maximum out degree: 78 (node 5319)
	source 9787 (node 5319) with out degree 78
	target 584 (node 164) with in degree 68

Execution time and memory used at after iteration 30 (MF = 5.664384): 5.253433e+04 seconds, 261660672 bytes of memory usage, 678072 kB of memory peak and 14:35:35 elapsed time
Statistics on the network after iteration 30 (MF = 5.664384)
	Number of nodes: 62586
	Number of allocated nodes: 63488
	Number of edges: 147892
	Maximum in degree: 68 (node 164)
	Maximum out degree: 78 (node 5319)
	source 9787 (node 5319) with out degree 78
	target 584 (node 164) with in degree 68

Execution time and memory used at after iteration 31 (MF = 6.328767): 5.783667e+04 seconds, 261660672 bytes of memory usage, 702152 kB of memory peak and 16:03:58 elapsed time
Statistics on the network after iteration 31 (MF = 6.328767)
	Number of nodes: 62586
	Number of allocated nodes: 63488
	Number of edges: 147892
	Maximum in degree: 68 (node 164)
	Maximum out degree: 78 (node 5319)
	source 9787 (node 5319) with out degree 78
	target 584 (node 164) with in degree 68

Execution time and memory used at after iteration 32 (MF = 7.075342): 6.892690e+04 seconds, 340410368 bytes of memory usage, 1109892 kB of memory peak and 19:08:48 elapsed time
Statistics on the network after iteration 32 (MF = 7.075342)
	Number of nodes: 62586
	Number of allocated nodes: 63488
	Number of edges: 147892
	Maximum in degree: 68 (node 164)
	Maximum out degree: 78 (node 5319)
	source 9787 (node 5319) with out degree 78
	target 584 (node 164) with in degree 68

Execution time and memory used at after iteration 33 (MF = 8.054795): 8.003133e+04 seconds, 340410368 bytes of memory usage, 1109892 kB of memory peak and 22:13:52 elapsed time
Statistics on the network after iteration 33 (MF = 8.054795)
	Number of nodes: 62586
	Number of allocated nodes: 63488
	Number of edges: 147892
	Maximum in degree: 68 (node 164)
	Maximum out degree: 78 (node 5319)
	source 9787 (node 5319) with out degree 78
	target 584 (node 164) with in degree 68

Execution time and memory used at after iteration 34 (MF = 6.315068): 9.158329e+04 seconds, 369311744 bytes of memory usage, 1109892 kB of memory peak and 1-01:26:24 elapsed time
Statistics on the network after iteration 34 (MF = 6.315068)
	Number of nodes: 62586
	Number of allocated nodes: 63488
	Number of edges: 147892
	Maximum in degree: 68 (node 164)
	Maximum out degree: 78 (node 5319)
	source 9787 (node 5319) with out degree 78
	target 584 (node 164) with in degree 68

Execution time and memory used at after iteration 35 (MF = 7.897260): 1.075322e+05 seconds, 470638592 bytes of memory usage, 1109892 kB of memory peak and 1-05:52:13 elapsed time
Statistics on the network after iteration 35 (MF = 7.897260)
	Number of nodes: 62586
	Number of allocated nodes: 63488
	Number of edges: 147892
	Maximum in degree: 68 (node 164)
	Maximum out degree: 78 (node 5319)
	source 9787 (node 5319) with out degree 78
	target 584 (node 164) with in degree 68

Execution time and memory used at after iteration 36 (MF = 7.349315): 1.218276e+05 seconds, 470638592 bytes of memory usage, 1109892 kB of memory peak and 1-09:50:28 elapsed time
Statistics on the network after iteration 36 (MF = 7.349315)
	Number of nodes: 62586
	Number of allocated nodes: 63488
	Number of edges: 147892
	Maximum in degree: 68 (node 164)
	Maximum out degree: 78 (node 5319)
	source 9787 (node 5319) with out degree 78
	target 584 (node 164) with in degree 68

Execution time and memory used at after iteration 37 (MF = 5.445205): 1.419454e+05 seconds, 475594752 bytes of memory usage, 1109892 kB of memory peak and 1-15:25:46 elapsed time
Statistics on the network after iteration 37 (MF = 5.445205)
	Number of nodes: 62586
	Number of allocated nodes: 63488
	Number of edges: 147892
	Maximum in degree: 68 (node 164)
	Maximum out degree: 78 (node 5319)
	source 9787 (node 5319) with out degree 78
	target 584 (node 164) with in degree 68

Execution time and memory used at after iteration 38 (MF = 5.780822): 1.458208e+05 seconds, 475594752 bytes of memory usage, 1109892 kB of memory peak and 1-16:30:21 elapsed time
Statistics on the network after iteration 38 (MF = 5.780822)
	Number of nodes: 62586
	Number of allocated nodes: 63488
	Number of edges: 147892
	Maximum in degree: 68 (node 164)
	Maximum out degree: 78 (node 5319)
	source 9787 (node 5319) with out degree 78
	target 584 (node 164) with in degree 68

Execution time and memory used at after iteration 39 (MF = 4.993151): 1.476670e+05 seconds, 470638592 bytes of memory usage, 1109892 kB of memory peak and 1-17:01:07 elapsed time
Statistics on the network after iteration 39 (MF = 4.993151)
	Number of nodes: 62586
	Number of allocated nodes: 63488
	Number of edges: 147892
	Maximum in degree: 68 (node 164)
	Maximum out degree: 78 (node 5319)
	source 9787 (node 5319) with out degree 78
	target 584 (node 164) with in degree 68

Execution time and memory used at after iteration 40 (MF = 4.732877): 1.482445e+05 seconds, 470638592 bytes of memory usage, 1109892 kB of memory peak and 1-17:10:45 elapsed time
Statistics on the network after iteration 40 (MF = 4.732877)
	Number of nodes: 62586
	Number of allocated nodes: 63488
	Number of edges: 147892
	Maximum in degree: 68 (node 164)
	Maximum out degree: 78 (node 5319)
	source 9787 (node 5319) with out degree 78
	target 584 (node 164) with in degree 68

Execution time and memory used at after iteration 41 (MF = 5.123288): 1.498615e+05 seconds, 470638592 bytes of memory usage, 1109892 kB of memory peak and 1-17:37:42 elapsed time
Statistics on the network after iteration 41 (MF = 5.123288)
	Number of nodes: 62586
	Number of allocated nodes: 63488
	Number of edges: 147892
	Maximum in degree: 68 (node 164)
	Maximum out degree: 78 (node 5319)
	source 9787 (node 5319) with out degree 78
	target 584 (node 164) with in degree 68

Execution time and memory used at after iteration 42 (MF = 6.500000): 1.517559e+05 seconds, 470638592 bytes of memory usage, 1542144 kB of memory peak and 1-18:09:16 elapsed time
Statistics on the network after iteration 42 (MF = 6.500000)
	Number of nodes: 62586
	Number of allocated nodes: 63488
	Number of edges: 147892
	Maximum in degree: 68 (node 164)
	Maximum out degree: 78 (node 5319)
	source 9787 (node 5319) with out degree 78
	target 584 (node 164) with in degree 68

Execution time and memory used at after iteration 43 (MF = 5.424658): 1.553887e+05 seconds, 470638592 bytes of memory usage, 1542144 kB of memory peak and 1-19:09:49 elapsed time
Statistics on the network after iteration 43 (MF = 5.424658)
	Number of nodes: 62586
	Number of allocated nodes: 63488
	Number of edges: 147892
	Maximum in degree: 68 (node 164)
	Maximum out degree: 78 (node 5319)
	source 9787 (node 5319) with out degree 78
	target 584 (node 164) with in degree 68

Execution time and memory used at after iteration 44 (MF = 4.657534): 1.702150e+05 seconds, 471597056 bytes of memory usage, 1542144 kB of memory peak and 1-23:16:55 elapsed time
Statistics on the network after iteration 44 (MF = 4.657534)
	Number of nodes: 62586
	Number of allocated nodes: 63488
	Number of edges: 147892
	Maximum in degree: 68 (node 164)
	Maximum out degree: 78 (node 5319)
	source 9787 (node 5319) with out degree 78
	target 584 (node 164) with in degree 68

Execution time and memory used at after iteration 45 (MF = 4.883562): 1.748549e+05 seconds, 470638592 bytes of memory usage, 1561400 kB of memory peak and 2-00:34:16 elapsed time
Statistics on the network after iteration 45 (MF = 4.883562)
	Number of nodes: 62586
	Number of allocated nodes: 63488
	Number of edges: 147892
	Maximum in degree: 68 (node 164)
	Maximum out degree: 78 (node 5319)
	source 9787 (node 5319) with out degree 78
	target 584 (node 164) with in degree 68

Execution time and memory used at after iteration 46 (MF = 3.691781): 1.756481e+05 seconds, 470638592 bytes of memory usage, 1561400 kB of memory peak and 2-00:47:29 elapsed time
Statistics on the network after iteration 46 (MF = 3.691781)
	Number of nodes: 62586
	Number of allocated nodes: 63488
	Number of edges: 147892
	Maximum in degree: 68 (node 164)
	Maximum out degree: 78 (node 5319)
	source 9787 (node 5319) with out degree 78
	target 584 (node 164) with in degree 68

Execution time and memory used at after iteration 47 (MF = 5.890411): 1.900074e+05 seconds, 474501120 bytes of memory usage, 1561400 kB of memory peak and 2-04:46:49 elapsed time
Statistics on the network after iteration 47 (MF = 5.890411)
	Number of nodes: 62586
	Number of allocated nodes: 63488
	Number of edges: 147892
	Maximum in degree: 68 (node 164)
	Maximum out degree: 78 (node 5319)
	source 9787 (node 5319) with out degree 78
	target 584 (node 164) with in degree 68

Execution time and memory used at after iteration 48 (MF = 6.116438): 1.913129e+05 seconds, 470638592 bytes of memory usage, 1561400 kB of memory peak and 2-05:08:34 elapsed time
Statistics on the network after iteration 48 (MF = 6.116438)
	Number of nodes: 62586
	Number of allocated nodes: 63488
	Number of edges: 147892
	Maximum in degree: 68 (node 164)
	Maximum out degree: 78 (node 5319)
	source 9787 (node 5319) with out degree 78
	target 584 (node 164) with in degree 68

Execution time and memory used at after iteration 49 (MF = 3.815068): 1.946080e+05 seconds, 628547584 bytes of memory usage, 1561400 kB of memory peak and 2-06:03:29 elapsed time
Statistics on the network after iteration 49 (MF = 3.815068)
	Number of nodes: 62586
	Number of allocated nodes: 63488
	Number of edges: 147892
	Maximum in degree: 68 (node 164)
	Maximum out degree: 78 (node 5319)
	source 9787 (node 5319) with out degree 78
	target 584 (node 164) with in degree 68

Execution time and memory used at after iteration 50 (MF = 7.130137): 1.976311e+05 seconds, 628547584 bytes of memory usage, 1561400 kB of memory peak and 2-06:53:53 elapsed time
Statistics on the network after iteration 50 (MF = 7.130137)
	Number of nodes: 62586
	Number of allocated nodes: 63488
	Number of edges: 147892
	Maximum in degree: 68 (node 164)
	Maximum out degree: 78 (node 5319)
	source 9787 (node 5319) with out degree 78
	target 584 (node 164) with in degree 68

Execution time and memory used at after iteration 51 (MF = 7.150685): 2.005262e+05 seconds, 628547584 bytes of memory usage, 1561400 kB of memory peak and 2-07:42:08 elapsed time
Statistics on the network after iteration 51 (MF = 7.150685)
	Number of nodes: 62586
	Number of allocated nodes: 63488
	Number of edges: 147892
	Maximum in degree: 68 (node 164)
	Maximum out degree: 78 (node 5319)
	source 9787 (node 5319) with out degree 78
	target 584 (node 164) with in degree 68

Execution time and memory used at after iteration 52 (MF = 6.335616): 2.028322e+05 seconds, 628547584 bytes of memory usage, 1561400 kB of memory peak and 2-08:20:34 elapsed time
Statistics on the network after iteration 52 (MF = 6.335616)
	Number of nodes: 62586
	Number of allocated nodes: 63488
	Number of edges: 147892
	Maximum in degree: 68 (node 164)
	Maximum out degree: 78 (node 5319)
	source 9787 (node 5319) with out degree 78
	target 584 (node 164) with in degree 68

Execution time and memory used at after iteration 53 (MF = 5.876712): 2.052616e+05 seconds, 628547584 bytes of memory usage, 1952908 kB of memory peak and 2-09:01:03 elapsed time
Statistics on the network after iteration 53 (MF = 5.876712)
	Number of nodes: 62586
	Number of allocated nodes: 63488
	Number of edges: 147892
	Maximum in degree: 68 (node 164)
	Maximum out degree: 78 (node 5319)
	source 9787 (node 5319) with out degree 78
	target 584 (node 164) with in degree 68

Execution time and memory used at after iteration 54 (MF = 6.431507): 2.148935e+05 seconds, 628547584 bytes of memory usage, 1952908 kB of memory peak and 2-11:41:36 elapsed time
Statistics on the network after iteration 54 (MF = 6.431507)
	Number of nodes: 62586
	Number of allocated nodes: 63488
	Number of edges: 147892
	Maximum in degree: 68 (node 164)
	Maximum out degree: 78 (node 5319)
	source 9787 (node 5319) with out degree 78
	target 584 (node 164) with in degree 68

Execution time and memory used at after iteration 55 (MF = 7.164384): 2.272795e+05 seconds, 628547584 bytes of memory usage, 1952908 kB of memory peak and 2-15:08:03 elapsed time
Statistics on the network after iteration 55 (MF = 7.164384)
	Number of nodes: 62586
	Number of allocated nodes: 63488
	Number of edges: 147892
	Maximum in degree: 68 (node 164)
	Maximum out degree: 78 (node 5319)
	source 9787 (node 5319) with out degree 78
	target 584 (node 164) with in degree 68

Execution time and memory used at after iteration 56 (MF = 6.445205): 2.382228e+05 seconds, 628547584 bytes of memory usage, 1998372 kB of memory peak and 2-18:10:27 elapsed time
Statistics on the network after iteration 56 (MF = 6.445205)
	Number of nodes: 62586
	Number of allocated nodes: 63488
	Number of edges: 147892
	Maximum in degree: 68 (node 164)
	Maximum out degree: 78 (node 5319)
	source 9787 (node 5319) with out degree 78
	target 584 (node 164) with in degree 68

Execution time and memory used at after iteration 57 (MF = 6.821918): 2.500549e+05 seconds, 628547584 bytes of memory usage, 2100208 kB of memory peak and 2-21:27:41 elapsed time
Statistics on the network after iteration 57 (MF = 6.821918)
	Number of nodes: 62586
	Number of allocated nodes: 63488
	Number of edges: 147892
	Maximum in degree: 68 (node 164)
	Maximum out degree: 78 (node 5319)
	source 9787 (node 5319) with out degree 78
	target 584 (node 164) with in degree 68

Execution time and memory used at after iteration 58 (MF = 6.616438): 2.612181e+05 seconds, 628547584 bytes of memory usage, 2100208 kB of memory peak and 3-00:33:45 elapsed time
Statistics on the network after iteration 58 (MF = 6.616438)
	Number of nodes: 62586
	Number of allocated nodes: 63488
	Number of edges: 147892
	Maximum in degree: 68 (node 164)
	Maximum out degree: 78 (node 5319)
	source 9787 (node 5319) with out degree 78
	target 584 (node 164) with in degree 68

Execution time and memory used at after iteration 59 (MF = 6.198630): 2.728383e+05 seconds, 628547584 bytes of memory usage, 4171696 kB of memory peak and 3-03:47:27 elapsed time
Statistics on the network after iteration 59 (MF = 6.198630)
	Number of nodes: 62586
	Number of allocated nodes: 63488
	Number of edges: 147892
	Maximum in degree: 68 (node 164)
	Maximum out degree: 78 (node 5319)
	source 9787 (node 5319) with out degree 78
	target 584 (node 164) with in degree 68

Execution time and memory used at after iteration 60 (MF = 7.157534): 2.860986e+05 seconds, 628547584 bytes of memory usage, 4171696 kB of memory peak and 3-07:28:28 elapsed time
Statistics on the network after iteration 60 (MF = 7.157534)
	Number of nodes: 62586
	Number of allocated nodes: 63488
	Number of edges: 147892
	Maximum in degree: 68 (node 164)
	Maximum out degree: 78 (node 5319)
	source 9787 (node 5319) with out degree 78
	target 584 (node 164) with in degree 68

Execution time and memory used at after iteration 61 (MF = 5.917808): 3.045542e+05 seconds, 628547584 bytes of memory usage, 4171696 kB of memory peak and 3-12:36:04 elapsed time
Statistics on the network after iteration 61 (MF = 5.917808)
	Number of nodes: 62586
	Number of allocated nodes: 63488
	Number of edges: 147892
	Maximum in degree: 68 (node 164)
	Maximum out degree: 78 (node 5319)
	source 9787 (node 5319) with out degree 78
	target 584 (node 164) with in degree 68

Execution time and memory used at after iteration 62 (MF = 6.363014): 3.212841e+05 seconds, 665329664 bytes of memory usage, 4171696 kB of memory peak and 3-17:14:55 elapsed time
Statistics on the network after iteration 62 (MF = 6.363014)
	Number of nodes: 62586
	Number of allocated nodes: 63488
	Number of edges: 147892
	Maximum in degree: 68 (node 164)
	Maximum out degree: 78 (node 5319)
	source 9787 (node 5319) with out degree 78
	target 584 (node 164) with in degree 68

Execution time and memory used at after iteration 63 (MF = 5.006849): 3.275813e+05 seconds, 665329664 bytes of memory usage, 4171696 kB of memory peak and 3-18:59:52 elapsed time
Statistics on the network after iteration 63 (MF = 5.006849)
	Number of nodes: 62586
	Number of allocated nodes: 63488
	Number of edges: 147892
	Maximum in degree: 68 (node 164)
	Maximum out degree: 78 (node 5319)
	source 9787 (node 5319) with out degree 78
	target 584 (node 164) with in degree 68

Execution time and memory used at after iteration 64 (MF = 5.650685): 3.434421e+05 seconds, 671281152 bytes of memory usage, 4171696 kB of memory peak and 3-23:24:13 elapsed time
Statistics on the network after iteration 64 (MF = 5.650685)
	Number of nodes: 62586
	Number of allocated nodes: 63488
	Number of edges: 147892
	Maximum in degree: 68 (node 164)
	Maximum out degree: 78 (node 5319)
	source 9787 (node 5319) with out degree 78
	target 584 (node 164) with in degree 68
