Version 1.2 launched as -e 0.1 12 input/ca-HepPh.html/ca-HepPh.txt.gz 78


Execution time and memory used at after reading from file: 5.510000e+00 seconds, 23375872 bytes of memory usage, 22864 kB of memory peak and 00:06 elapsed time
Statistics on the network after reading from file
	Number of nodes: 12008
	Number of allocated nodes: 12288
	Number of edges: 236978
	Maximum in degree: 491 (node 71788)
	Maximum out degree: 491 (node 71788)

Execution time and memory used at after adding costs: 5.510000e+00 seconds, 23375872 bytes of memory usage, 22864 kB of memory peak and 00:06 elapsed time
Statistics on the network after adding costs
	Number of nodes: 12008
	Number of allocated nodes: 12288
	Number of edges: 236978
	Maximum in degree: 491 (node 71788)
	Maximum out degree: 491 (node 71788)

Execution time and memory used at before starting main computation: 5.600000e+00 seconds, 23781376 bytes of memory usage, 23740 kB of memory peak and 00:06 elapsed time
Statistics on the network before starting main computation
	Number of nodes: 12008
	Number of allocated nodes: 12288
	Number of edges: 236978
	Maximum in degree: 491 (node 71788)
	Maximum out degree: 491 (node 71788)
	source 363 (node 71788) with out degree 491
	target 1369 (node 66068) with in degree 266

Execution time and memory used at after iteration 1 (MF = 211.615071): 3.853000e+01 seconds, 222449664 bytes of memory usage, 310408 kB of memory peak and 00:39 elapsed time
Statistics on the network after iteration 1 (MF = 211.615071)
	Number of nodes: 12008
	Number of allocated nodes: 12288
	Number of edges: 236978
	Maximum in degree: 491 (node 71788)
	Maximum out degree: 491 (node 71788)
	source 363 (node 71788) with out degree 491
	target 1369 (node 66068) with in degree 266

Execution time and memory used at after iteration 2 (MF = 208.637475): 6.204000e+01 seconds, 222449664 bytes of memory usage, 310500 kB of memory peak and 01:02 elapsed time
Statistics on the network after iteration 2 (MF = 208.637475)
	Number of nodes: 12008
	Number of allocated nodes: 12288
	Number of edges: 236978
	Maximum in degree: 491 (node 71788)
	Maximum out degree: 491 (node 71788)
	source 363 (node 71788) with out degree 491
	target 1369 (node 66068) with in degree 266

Execution time and memory used at after iteration 3 (MF = 175.234216): 7.224300e+03 seconds, 305451008 bytes of memory usage, 360032 kB of memory peak and 02:00:25 elapsed time
Statistics on the network after iteration 3 (MF = 175.234216)
	Number of nodes: 12008
	Number of allocated nodes: 12288
	Number of edges: 236978
	Maximum in degree: 491 (node 71788)
	Maximum out degree: 491 (node 71788)
	source 363 (node 71788) with out degree 491
	target 1369 (node 66068) with in degree 266

Execution time and memory used at after iteration 4 (MF = 195.376782): 7.287010e+03 seconds, 315576320 bytes of memory usage, 360032 kB of memory peak and 02:01:27 elapsed time
Statistics on the network after iteration 4 (MF = 195.376782)
	Number of nodes: 12008
	Number of allocated nodes: 12288
	Number of edges: 236978
	Maximum in degree: 491 (node 71788)
	Maximum out degree: 491 (node 71788)
	source 363 (node 71788) with out degree 491
	target 1369 (node 66068) with in degree 266

Execution time and memory used at after iteration 5 (MF = 195.568228): 6.915748e+04 seconds, 305451008 bytes of memory usage, 2806628 kB of memory peak and 19:12:40 elapsed time
Statistics on the network after iteration 5 (MF = 195.568228)
	Number of nodes: 12008
	Number of allocated nodes: 12288
	Number of edges: 236978
	Maximum in degree: 491 (node 71788)
	Maximum out degree: 491 (node 71788)
	source 363 (node 71788) with out degree 491
	target 1369 (node 66068) with in degree 266

Execution time and memory used at after iteration 6 (MF = 202.012220): 2.326881e+05 seconds, 311132160 bytes of memory usage, 3888124 kB of memory peak and 2-16:38:19 elapsed time
Statistics on the network after iteration 6 (MF = 202.012220)
	Number of nodes: 12008
	Number of allocated nodes: 12288
	Number of edges: 236978
	Maximum in degree: 491 (node 71788)
	Maximum out degree: 491 (node 71788)
	source 363 (node 71788) with out degree 491
	target 1369 (node 66068) with in degree 266
