GLPSOL--GLPK LP/MIP Solver 5.0
Parameter(s) specified in the command line:
 --lp input/p2p-Gnutella08.html/p2p-Gnutella08.txt.gz.4.lp -o input/p2p-Gnutella08.html/p2p-Gnutella08.txt.gz.4.lp.sol
Reading problem data from 'input/p2p-Gnutella08.html/p2p-Gnutella08.txt.gz.4.lp'...
20780 rows, 47855 columns, 103887 non-zeros
47855 integer variables, all of which are binary
68640 lines were read
GLPK Integer Optimizer 5.0
20780 rows, 47855 columns, 103887 non-zeros
47855 integer variables, all of which are binary
Preprocessing...
20767 rows, 47842 columns, 103706 non-zeros
47842 integer variables, all of which are binary
Scaling...
 A: min|aij| =  1.000e+00  max|aij| =  1.000e+00  ratio =  1.000e+00
Problem data seem to be well scaled
Constructing initial basis...
Size of triangular part is 20767
Solving LP relaxation...
GLPK Simplex Optimizer 5.0
20767 rows, 47842 columns, 103706 non-zeros
      0: obj =   0.000000000e+00 inf =   8.700e+01 (87)
     87: obj =   7.120143800e+01 inf =   0.000e+00 (0)
Perturbing LP to avoid stalling [290]...
*  3220: obj =   9.992807027e+00 inf =   2.088e-04 (521) 25
Removing LP perturbation [4026]...
*  4026: obj =   9.194246000e+00 inf =   0.000e+00 (0) 7
OPTIMAL LP SOLUTION FOUND
Integer optimization begins...
Long-step dual simplex will be used
+  4026: mip =     not found yet >=              -inf        (1; 0)
+  4026: >>>>>   9.194246000e+00 >=   9.194246000e+00   0.0% (1; 0)
+  4026: mip =   9.194246000e+00 >=     tree is empty   0.0% (0; 1)
INTEGER OPTIMAL SOLUTION FOUND
Time used:   6.4 secs
Memory used: 55.2 Mb (57858388 bytes)
Writing MIP solution to 'input/p2p-Gnutella08.html/p2p-Gnutella08.txt.gz.4.lp.sol'...
Objective:  obj = 9.194246 (MINimum)
