Version 1.2 launched as -e 0.1 12 input/ca-CondMat.html/ca-CondMat.txt.gz 20


Execution time and memory used at after reading from file: 6.940000e+00 seconds, 23285760 bytes of memory usage, 22776 kB of memory peak and 00:07 elapsed time
Statistics on the network after reading from file
	Number of nodes: 23133
	Number of allocated nodes: 23552
	Number of edges: 186878
	Maximum in degree: 279 (node 73647)
	Maximum out degree: 279 (node 73647)

Execution time and memory used at after adding costs: 6.940000e+00 seconds, 23285760 bytes of memory usage, 22776 kB of memory peak and 00:07 elapsed time
Statistics on the network after adding costs
	Number of nodes: 23133
	Number of allocated nodes: 23552
	Number of edges: 186878
	Maximum in degree: 279 (node 73647)
	Maximum out degree: 279 (node 73647)

Execution time and memory used at before starting main computation: 7.070000e+00 seconds, 23961600 bytes of memory usage, 23916 kB of memory peak and 00:07 elapsed time
Statistics on the network before starting main computation
	Number of nodes: 23133
	Number of allocated nodes: 23552
	Number of edges: 186878
	Maximum in degree: 279 (node 73647)
	Maximum out degree: 279 (node 73647)
	source 349 (node 73647) with out degree 279
	target 3073 (node 78667) with in degree 201

Execution time and memory used at after iteration 1 (MF = 158.451613): 7.923000e+01 seconds, 183201792 bytes of memory usage, 254348 kB of memory peak and 01:20 elapsed time
Statistics on the network after iteration 1 (MF = 158.451613)
	Number of nodes: 23133
	Number of allocated nodes: 23552
	Number of edges: 186878
	Maximum in degree: 279 (node 73647)
	Maximum out degree: 279 (node 73647)
	source 349 (node 73647) with out degree 279
	target 3073 (node 78667) with in degree 201

Execution time and memory used at after iteration 2 (MF = 154.390681): 9.840000e+01 seconds, 183201792 bytes of memory usage, 254584 kB of memory peak and 01:39 elapsed time
Statistics on the network after iteration 2 (MF = 154.390681)
	Number of nodes: 23133
	Number of allocated nodes: 23552
	Number of edges: 186878
	Maximum in degree: 279 (node 73647)
	Maximum out degree: 279 (node 73647)
	source 349 (node 73647) with out degree 279
	target 3073 (node 78667) with in degree 201

Execution time and memory used at after iteration 3 (MF = 158.451613): 1.205700e+02 seconds, 183201792 bytes of memory usage, 254852 kB of memory peak and 02:01 elapsed time
Statistics on the network after iteration 3 (MF = 158.451613)
	Number of nodes: 23133
	Number of allocated nodes: 23552
	Number of edges: 186878
	Maximum in degree: 279 (node 73647)
	Maximum out degree: 279 (node 73647)
	source 349 (node 73647) with out degree 279
	target 3073 (node 78667) with in degree 201

Execution time and memory used at after iteration 4 (MF = 157.301075): 1.587600e+02 seconds, 243933184 bytes of memory usage, 256560 kB of memory peak and 02:39 elapsed time
Statistics on the network after iteration 4 (MF = 157.301075)
	Number of nodes: 23133
	Number of allocated nodes: 23552
	Number of edges: 186878
	Maximum in degree: 279 (node 73647)
	Maximum out degree: 279 (node 73647)
	source 349 (node 73647) with out degree 279
	target 3073 (node 78667) with in degree 201

Execution time and memory used at after iteration 5 (MF = 158.451613): 2.225100e+02 seconds, 244985856 bytes of memory usage, 283440 kB of memory peak and 03:43 elapsed time
Statistics on the network after iteration 5 (MF = 158.451613)
	Number of nodes: 23133
	Number of allocated nodes: 23552
	Number of edges: 186878
	Maximum in degree: 279 (node 73647)
	Maximum out degree: 279 (node 73647)
	source 349 (node 73647) with out degree 279
	target 3073 (node 78667) with in degree 201

Execution time and memory used at after iteration 6 (MF = 157.369176): 8.177800e+04 seconds, 236208128 bytes of memory usage, 520992 kB of memory peak and 22:43:01 elapsed time
Statistics on the network after iteration 6 (MF = 157.369176)
	Number of nodes: 23133
	Number of allocated nodes: 23552
	Number of edges: 186878
	Maximum in degree: 279 (node 73647)
	Maximum out degree: 279 (node 73647)
	source 349 (node 73647) with out degree 279
	target 3073 (node 78667) with in degree 201

Execution time and memory used at after iteration 7 (MF = 155.236559): 1.990808e+05 seconds, 246534144 bytes of memory usage, 890652 kB of memory peak and 2-07:18:10 elapsed time
Statistics on the network after iteration 7 (MF = 155.236559)
	Number of nodes: 23133
	Number of allocated nodes: 23552
	Number of edges: 186878
	Maximum in degree: 279 (node 73647)
	Maximum out degree: 279 (node 73647)
	source 349 (node 73647) with out degree 279
	target 3073 (node 78667) with in degree 201
