Version 1.2 launched as -e 0.1 12 input/web-Google.html/web-Google.txt.gz 180


Execution time and memory used at after reading from file: 3.051365e+04 seconds, 289828864 bytes of memory usage, 283072 kB of memory peak and 08:28:36 elapsed time
Statistics on the network after reading from file
	Number of nodes: 875713
	Number of allocated nodes: 876544
	Number of edges: 5105039
	Maximum in degree: 6326 (node 537039)
	Maximum out degree: 456 (node 506742)

Execution time and memory used at after adding costs: 3.051384e+04 seconds, 289828864 bytes of memory usage, 283072 kB of memory peak and 08:28:36 elapsed time
Statistics on the network after adding costs
	Number of nodes: 875713
	Number of allocated nodes: 876544
	Number of edges: 5105039
	Maximum in degree: 6326 (node 537039)
	Maximum out degree: 456 (node 506742)

Execution time and memory used at before starting main computation: 3.058686e+04 seconds, 305508352 bytes of memory usage, 302800 kB of memory peak and 08:29:49 elapsed time
Statistics on the network before starting main computation
	Number of nodes: 875713
	Number of allocated nodes: 876544
	Number of edges: 5105039
	Maximum in degree: 6326 (node 537039)
	Maximum out degree: 456 (node 506742)
	source 89860 (node 506742) with out degree 456
	target 3178 (node 537039) with in degree 6326

Execution time and memory used at after iteration 1 (MF = 2.277942): 1.499000e+05 seconds, 4833517568 bytes of memory usage, 6033804 kB of memory peak and 1-17:38:33 elapsed time
Statistics on the network after iteration 1 (MF = 2.277942)
	Number of nodes: 875713
	Number of allocated nodes: 876544
	Number of edges: 5105039
	Maximum in degree: 6326 (node 537039)
	Maximum out degree: 456 (node 506742)
	source 89860 (node 506742) with out degree 456
	target 3178 (node 537039) with in degree 6326

Execution time and memory used at after iteration 2 (MF = 1.064435): 1.554085e+05 seconds, 5643067392 bytes of memory usage, 6919700 kB of memory peak and 1-19:10:22 elapsed time
Statistics on the network after iteration 2 (MF = 1.064435)
	Number of nodes: 875713
	Number of allocated nodes: 876544
	Number of edges: 5105039
	Maximum in degree: 6326 (node 537039)
	Maximum out degree: 456 (node 506742)
	source 89860 (node 506742) with out degree 456
	target 3178 (node 537039) with in degree 6326

Execution time and memory used at after iteration 3 (MF = 1.398555): 1.601328e+05 seconds, 5636345856 bytes of memory usage, 8370296 kB of memory peak and 1-20:29:06 elapsed time
Statistics on the network after iteration 3 (MF = 1.398555)
	Number of nodes: 875713
	Number of allocated nodes: 876544
	Number of edges: 5105039
	Maximum in degree: 6326 (node 537039)
	Maximum out degree: 456 (node 506742)
	source 89860 (node 506742) with out degree 456
	target 3178 (node 537039) with in degree 6326
