GLPSOL--GLPK LP/MIP Solver 5.0
Parameter(s) specified in the command line:
 --lp input/Oregon-2.html/oregon2_010421.txt.gz.46.lp.reach_chain_detours.lp
 -o input/Oregon-2.html/oregon2_010421.txt.gz.46.lp.reach_chain_detours.lp.sol
Reading problem data from 'input/Oregon-2.html/oregon2_010421.txt.gz.46.lp.reach_chain_detours.lp'...
2674 rows, 5725 columns, 13357 non-zeros
5725 integer variables, all of which are binary
8404 lines were read
GLPK Integer Optimizer 5.0
2674 rows, 5725 columns, 13357 non-zeros
5725 integer variables, all of which are binary
Preprocessing...
1 hidden packing inequaliti(es) were detected
2672 rows, 5723 columns, 13024 non-zeros
5723 integer variables, all of which are binary
Scaling...
 A: min|aij| =  1.000e+00  max|aij| =  1.000e+00  ratio =  1.000e+00
Problem data seem to be well scaled
Constructing initial basis...
Size of triangular part is 2672
Solving LP relaxation...
GLPK Simplex Optimizer 5.0
2672 rows, 5723 columns, 13024 non-zeros
      0: obj =   0.000000000e+00 inf =   1.980e+02 (198)
    198: obj =   5.259783300e+01 inf =   0.000e+00 (0)
Perturbing LP to avoid stalling [401]...
Removing LP perturbation [2300]...
*  2300: obj =   1.196481300e+01 inf =   0.000e+00 (0) 16
OPTIMAL LP SOLUTION FOUND
Integer optimization begins...
Long-step dual simplex will be used
+  2300: mip =     not found yet >=              -inf        (1; 0)
+  2300: >>>>>   1.196481300e+01 >=   1.196481300e+01   0.0% (1; 0)
+  2300: mip =   1.196481300e+01 >=     tree is empty   0.0% (0; 1)
INTEGER OPTIMAL SOLUTION FOUND
Time used:   0.4 secs
Memory used: 6.9 Mb (7213521 bytes)
Writing MIP solution to 'input/Oregon-2.html/oregon2_010421.txt.gz.46.lp.reach_chain_detours.lp.sol'...
Objective:  obj = 11.964813 (MINimum)
