Launched as 5 input/cit-HepTh.html/cit-HepTh.txt.gz 0


Execution time and memory used at after reading from file: 6.258000e+01 seconds, 29171712 bytes of memory usage, 28524 kB of memory peak and 01:03 elapsed time
Statistics on the network after reading from file
	Number of nodes: 27770
	Number of allocated nodes: 28672
	Number of edges: 352768
	Maximum in degree: 2414 (node 9711200)
	Maximum out degree: 562 (node 9905111)

Execution time and memory used at after adding costs: 6.262000e+01 seconds, 29171712 bytes of memory usage, 28524 kB of memory peak and 01:03 elapsed time
Statistics on the network after adding costs
	Number of nodes: 27770
	Number of allocated nodes: 28672
	Number of edges: 352768
	Maximum in degree: 2414 (node 9711200)
	Maximum out degree: 562 (node 9905111)

Execution time and memory used at before starting main computation: 6.301000e+01 seconds, 29581312 bytes of memory usage, 29404 kB of memory peak and 01:04 elapsed time
Statistics on the network before starting main computation
	Number of nodes: 27770
	Number of allocated nodes: 28672
	Number of edges: 352768
	Maximum in degree: 2414 (node 9711200)
	Maximum out degree: 562 (node 9905111)
	source 811 (node 9905111) with out degree 562
	target 559 (node 9711200) with in degree 2414

Execution time and memory used at after creating milp without reductions: 6.402000e+01 seconds, 29581312 bytes of memory usage, 29404 kB of memory peak and 01:05 elapsed time
Statistics on the network after creating milp without reductions
	Number of nodes: 27770
	Number of allocated nodes: 28672
	Number of edges: 352768
	Maximum in degree: 2414 (node 9711200)
	Maximum out degree: 562 (node 9905111)
	source 811 (node 9905111) with out degree 562
	target 559 (node 9711200) with in degree 2414

Execution time and memory used at after reachability and chains reduction: 1.623200e+02 seconds, 29704192 bytes of memory usage, 32972 kB of memory peak and 02:43 elapsed time
Statistics on the network after reachability and chains reduction
	Number of nodes: 7463
	Number of allocated nodes: 28672
	Number of edges: 116222
	Maximum in degree: 1807 (node 9711200)
	Maximum out degree: 464 (node 9905111)
	source 811 (node 9905111) with out degree 464
	target 559 (node 9711200) with in degree 1807

Execution time and memory used at after detours elimination: 2.505700e+02 seconds, 30781440 bytes of memory usage, 32972 kB of memory peak and 04:12 elapsed time
Statistics on the network after detours elimination
	Number of nodes: 7462
	Number of allocated nodes: 28672
	Number of edges: 116220
	Maximum in degree: 1807 (node 9711200)
	Maximum out degree: 464 (node 9905111)
	source 811 (node 9905111) with out degree 464
	target 559 (node 9711200) with in degree 1807

Execution time and memory used at after creating milp with detours elimination (all transformations): 2.507400e+02 seconds, 30781440 bytes of memory usage, 32972 kB of memory peak and 04:12 elapsed time
Statistics on the network after creating milp with detours elimination (all transformations)
	Number of nodes: 7462
	Number of allocated nodes: 28672
	Number of edges: 116220
	Maximum in degree: 1807 (node 9711200)
	Maximum out degree: 464 (node 9905111)
	source 811 (node 9905111) with out degree 464
	target 559 (node 9711200) with in degree 1807
