	Command being timed: "/usr/app/src/glpk-5.0/examples/glpsol --lp input/email-EuAll.html/email-EuAll.txt.gz.644.lp -o input/email-EuAll.html/email-EuAll.txt.gz.644.lp.sol"
	User time (seconds): 543.06
	System time (seconds): 1.95
	Percent of CPU this job got: 99%
	Elapsed (wall clock) time (h:mm:ss or m:ss): 9:05.08
	Average shared text size (kbytes): 0
	Average unshared data size (kbytes): 0
	Average stack size (kbytes): 0
	Average total size (kbytes): 0
	Maximum resident set size (kbytes): 1162904
	Average resident set size (kbytes): 0
	Major (requiring I/O) page faults: 0
	Minor (reclaiming a frame) page faults: 372908
	Voluntary context switches: 100
	Involuntary context switches: 908
	Swaps: 0
	File system inputs: 0
	File system outputs: 206664
	Socket messages sent: 0
	Socket messages received: 0
	Signals delivered: 0
	Page size (bytes): 4096
	Exit status: 0
