Version 1.2 launched as -e 0.1 12 input/sx-superuser.html/sx-superuser-c2a.txt.gz 1704


Execution time and memory used at after reading from file: 9.136000e+01 seconds, 35872768 bytes of memory usage, 35068 kB of memory peak and 01:31 elapsed time
Statistics on the network after reading from file
	Number of nodes: 101052
	Number of allocated nodes: 101376
	Number of edges: 269448
	Maximum in degree: 2512 (node 8672)
	Maximum out degree: 2135 (node 83283)

Execution time and memory used at before starting main computation: 9.146000e+01 seconds, 36278272 bytes of memory usage, 36340 kB of memory peak and 01:31 elapsed time
Statistics on the network before starting main computation
	Number of nodes: 101052
	Number of allocated nodes: 101376
	Number of edges: 269448
	Maximum in degree: 2512 (node 8672)
	Maximum out degree: 2135 (node 83283)
	source 19650 (node 83283) with out degree 2135
	target 2233 (node 8672) with in degree 2512

Execution time and memory used at after iteration 1 (MF = 1598410751066.000000): 1.717500e+03 seconds, 289665024 bytes of memory usage, 344560 kB of memory peak and 28:37 elapsed time
Statistics on the network after iteration 1 (MF = 1598410751066.000000)
	Number of nodes: 101052
	Number of allocated nodes: 101376
	Number of edges: 269448
	Maximum in degree: 2512 (node 8672)
	Maximum out degree: 2135 (node 83283)
	source 19650 (node 83283) with out degree 2135
	target 2233 (node 8672) with in degree 2512

Execution time and memory used at after iteration 2 (MF = 690456419522.000000): 1.746190e+03 seconds, 289665024 bytes of memory usage, 345252 kB of memory peak and 29:06 elapsed time
Statistics on the network after iteration 2 (MF = 690456419522.000000)
	Number of nodes: 101052
	Number of allocated nodes: 101376
	Number of edges: 269448
	Maximum in degree: 2512 (node 8672)
	Maximum out degree: 2135 (node 83283)
	source 19650 (node 83283) with out degree 2135
	target 2233 (node 8672) with in degree 2512
