GLPSOL--GLPK LP/MIP Solver 5.0
Parameter(s) specified in the command line:
 --lp input/higgs-twitter.html/higgs-mention_network.edgelist.gz.144.lp -o
 input/higgs-twitter.html/higgs-mention_network.edgelist.gz.144.lp.sol
Reading problem data from 'input/higgs-twitter.html/higgs-mention_network.edgelist.gz.144.lp'...
145468 rows, 406614 columns, 727327 non-zeros
406614 integer variables, all of which are binary
552087 lines were read
GLPK Integer Optimizer 5.0
145468 rows, 406614 columns, 727327 non-zeros
406614 integer variables, all of which are binary
Preprocessing...
1 hidden packing inequaliti(es) were detected
145437 rows, 406583 columns, 715089 non-zeros
406583 integer variables, all of which are binary
Scaling...
 A: min|aij| =  1.000e+00  max|aij| =  1.000e+00  ratio =  1.000e+00
Problem data seem to be well scaled
Constructing initial basis...
Size of triangular part is 145437
Solving LP relaxation...
GLPK Simplex Optimizer 5.0
145437 rows, 406583 columns, 715089 non-zeros
      0: obj =   0.000000000e+00 inf =   1.195e+04 (11952)
    482: obj =   1.176000000e+03 inf =   1.147e+04 (11470)
   1146: obj =   2.301000000e+03 inf =   1.081e+04 (10806)
   1741: obj =   3.228000000e+03 inf =   1.021e+04 (10211)
   2296: obj =   4.111000000e+03 inf =   9.656e+03 (9656)
   2942: obj =   5.016000000e+03 inf =   9.010e+03 (9010)
   3615: obj =   5.909000000e+03 inf =   8.337e+03 (8337)
   4297: obj =   6.774000000e+03 inf =   7.655e+03 (7655)
   4991: obj =   7.665000000e+03 inf =   6.961e+03 (6961)
   5676: obj =   8.510000000e+03 inf =   6.276e+03 (6276)
   6388: obj =   9.350000000e+03 inf =   5.564e+03 (5564)
   7095: obj =   1.020400000e+04 inf =   4.857e+03 (4857)
   7734: obj =   1.094800000e+04 inf =   4.218e+03 (4218)
   8462: obj =   1.180300000e+04 inf =   3.490e+03 (3490)
   9000: obj =   1.242000000e+04 inf =   2.952e+03 (2952)
   9705: obj =   1.322700000e+04 inf =   2.247e+03 (2247)
  10348: obj =   1.392100000e+04 inf =   1.604e+03 (1604)
  11030: obj =   1.467700000e+04 inf =   9.220e+02 (922)
  11774: obj =   1.549000000e+04 inf =   1.780e+02 (178)
  11952: obj =   1.568200000e+04 inf =   0.000e+00 (0)
Perturbing LP to avoid stalling [12160]...
* 12584: obj =   1.521800000e+04 inf =   0.000e+00 (11966) 5
* 13197: obj =   1.521800000e+04 inf =   0.000e+00 (11963) 6
* 13783: obj =   1.506000000e+04 inf =   0.000e+00 (11968) 5
* 14374: obj =   1.495400000e+04 inf =   0.000e+00 (11991) 6
* 14978: obj =   1.464800000e+04 inf =   0.000e+00 (12018) 5
* 15639: obj =   1.418300000e+04 inf =   0.000e+00 (11968) 4
* 16258: obj =   1.407300000e+04 inf =   0.000e+00 (17172) 3
* 16802: obj =   1.396800000e+04 inf =   0.000e+00 (16989) 4
* 17327: obj =   1.368600000e+04 inf =   0.000e+00 (157327) 4
* 17940: obj =   1.358700000e+04 inf =   0.000e+00 (12618) 2
* 18471: obj =   1.356800000e+04 inf =   0.000e+00 (12698) 4
* 18865: obj =   1.356800000e+04 inf =   0.000e+00 (12664) 4
* 19336: obj =   1.356800000e+04 inf =   0.000e+00 (12662) 5
* 19808: obj =   1.356800000e+04 inf =   0.000e+00 (12625) 4
* 20267: obj =   1.356800000e+04 inf =   0.000e+00 (12623) 4
* 20723: obj =   1.356800000e+04 inf =   0.000e+00 (12612) 5
* 21191: obj =   1.356800000e+04 inf =   0.000e+00 (12612) 4
* 21651: obj =   1.356800000e+04 inf =   0.000e+00 (12585) 5
* 22088: obj =   1.356800000e+04 inf =   0.000e+00 (12584) 4
* 22551: obj =   1.356800000e+04 inf =   0.000e+00 (12570) 5
* 22953: obj =   1.356800000e+04 inf =   0.000e+00 (12569) 4
* 23407: obj =   1.356800000e+04 inf =   0.000e+00 (12559) 4
* 23853: obj =   1.356800000e+04 inf =   0.000e+00 (12532) 4
* 24265: obj =   1.356800000e+04 inf =   0.000e+00 (12538) 4
* 24665: obj =   1.356800000e+04 inf =   0.000e+00 (12528) 4
* 25075: obj =   1.356800000e+04 inf =   0.000e+00 (12527) 5
* 25477: obj =   1.356800000e+04 inf =   0.000e+00 (12526) 3
* 25886: obj =   1.356022221e+04 inf =   2.172e-05 (19710) 4
* 26386: obj =   1.352219997e+04 inf =   3.176e-05 (26820) 3
* 26994: obj =   1.294319997e+04 inf =   3.065e-05 (26539) 1
* 27534: obj =   1.293199993e+04 inf =   3.117e-05 (26269) 3
* 28042: obj =   1.284799993e+04 inf =   3.019e-05 (25675) 4
* 28574: obj =   1.273400000e+04 inf =   2.889e-05 (12766) 4
* 29115: obj =   1.269399995e+04 inf =   2.800e-05 (24401) 4
* 29598: obj =   1.267099999e+04 inf =   1.332e-04 (157288) 3
* 29961: obj =   1.267099996e+04 inf =   8.276e-04 (157270) 3
* 30301: obj =   1.267099990e+04 inf =   1.954e-03 (157239) 4
* 30637: obj =   1.267099980e+04 inf =   3.384e-03 (18369) 3
* 31027: obj =   1.267099975e+04 inf =   3.767e-03 (18340) 3
* 31440: obj =   1.267099970e+04 inf =   4.102e-03 (18216) 4
* 31964: obj =   1.267099888e+04 inf =   3.330e-03 (24195) 4
* 32472: obj =   1.265233191e+04 inf =   2.380e-03 (23977) 5
* 33024: obj =   1.262399743e+04 inf =   2.122e-03 (23622) 2
* 33574: obj =   1.262099739e+04 inf =   2.074e-03 (23255) 3
* 34101: obj =   1.260899737e+04 inf =   2.054e-03 (22737) 3
* 34636: obj =   1.259999736e+04 inf =   2.051e-03 (22267) 3
* 35198: obj =   1.259099736e+04 inf =   2.003e-03 (21553) 1
* 35700: obj =   1.257399734e+04 inf =   2.185e-03 (21168) 3
* 36251: obj =   1.257099734e+04 inf =   2.122e-03 (20346) 1
* 36771: obj =   1.255299733e+04 inf =   2.058e-03 (20033) 4
* 37321: obj =   1.255299732e+04 inf =   2.389e-03 (19105) 1
* 37860: obj =   1.253499731e+04 inf =   2.343e-03 (18467) 2
* 38388: obj =   1.253499730e+04 inf =   2.296e-03 (17606) 1
* 38932: obj =   1.251999729e+04 inf =   2.220e-03 (16943) 3
* 39394: obj =   1.250399729e+04 inf =   2.268e-03 (16343) 1
* 39920: obj =   1.248999728e+04 inf =   2.260e-03 (15860) 2
* 40422: obj =   1.248699723e+04 inf =   5.077e-03 (15290) 2
* 40961: obj =   1.247199994e+04 inf =   4.856e-03 (12799) 3
* 41409: obj =   1.246799984e+04 inf =   1.282e-02 (12878) 4
* 41760: obj =   1.246799941e+04 inf =   3.407e-02 (14120) 4
* 42094: obj =   1.246799914e+04 inf =   4.553e-02 (14063) 3
* 42383: obj =   1.246799903e+04 inf =   4.919e-02 (14012) 3
* 42705: obj =   1.246799889e+04 inf =   5.377e-02 (14018) 3
* 43032: obj =   1.246799866e+04 inf =   6.247e-02 (13974) 3
* 43343: obj =   1.246799859e+04 inf =   6.517e-02 (14029) 3
* 43666: obj =   1.246799831e+04 inf =   7.681e-02 (14020) 3
* 43981: obj =   1.246799825e+04 inf =   7.814e-02 (14004) 3
* 44308: obj =   1.246799794e+04 inf =   8.867e-02 (14067) 3
* 44635: obj =   1.246799786e+04 inf =   8.993e-02 (14093) 3
* 44965: obj =   1.246799757e+04 inf =   9.856e-02 (14088) 4
* 45291: obj =   1.246799740e+04 inf =   1.022e-01 (14092) 3
* 45599: obj =   1.246799735e+04 inf =   1.014e-01 (14108) 2
* 45922: obj =   1.246799718e+04 inf =   1.054e-01 (14073) 4
* 46259: obj =   1.246799700e+04 inf =   1.075e-01 (14020) 3
* 46619: obj =   1.246799695e+04 inf =   1.056e-01 (14007) 3
* 47006: obj =   1.246799688e+04 inf =   1.035e-01 (14004) 4
* 47338: obj =   1.246799681e+04 inf =   1.023e-01 (14000) 3
* 47734: obj =   1.246799658e+04 inf =   1.004e-01 (16270) 4
* 48127: obj =   1.246799560e+04 inf =   9.216e-02 (16112) 4
* 48513: obj =   1.246799459e+04 inf =   8.282e-02 (16070) 3
* 48943: obj =   1.246799399e+04 inf =   7.637e-02 (15886) 4
* 49373: obj =   1.246798181e+04 inf =   6.783e-02 (16492) 4
* 49816: obj =   1.246797978e+04 inf =   6.404e-02 (16416) 4
* 50286: obj =   1.246797845e+04 inf =   6.369e-02 (16307) 5
* 50758: obj =   1.246797710e+04 inf =   6.154e-02 (16170) 4
* 51259: obj =   1.245499953e+04 inf =   6.092e-02 (13063) 4
* 51692: obj =   1.245499933e+04 inf =   6.072e-02 (13010) 4
* 52057: obj =   1.245499903e+04 inf =   6.028e-02 (12976) 4
* 52374: obj =   1.245499849e+04 inf =   6.183e-02 (12951) 3
* 52732: obj =   1.245499786e+04 inf =   6.926e-02 (12902) 3
* 53069: obj =   1.245499746e+04 inf =   7.639e-02 (12855) 4
* 53417: obj =   1.245499716e+04 inf =   8.063e-02 (12784) 3
* 53761: obj =   1.245499683e+04 inf =   8.491e-02 (12733) 3
* 54126: obj =   1.245499667e+04 inf =   8.596e-02 (12703) 4
* 54494: obj =   1.245499646e+04 inf =   8.736e-02 (12697) 3
* 54863: obj =   1.245499614e+04 inf =   8.963e-02 (12683) 4
* 55194: obj =   1.245499562e+04 inf =   9.450e-02 (12627) 3
* 55506: obj =   1.245499520e+04 inf =   9.709e-02 (12602) 3
* 55871: obj =   1.245499469e+04 inf =   9.927e-02 (12565) 3
* 56212: obj =   1.245499448e+04 inf =   9.797e-02 (12539) 4
* 56540: obj =   1.245499428e+04 inf =   9.695e-02 (12544) 3
* 56912: obj =   1.245499384e+04 inf =   9.746e-02 (12517) 3
* 57274: obj =   1.245499366e+04 inf =   9.540e-02 (12509) 4
* 57655: obj =   1.245499317e+04 inf =   9.485e-02 (12529) 4
* 58020: obj =   1.245499273e+04 inf =   9.346e-02 (12498) 3
* 58379: obj =   1.245499270e+04 inf =   8.835e-02 (12476) 3
* 58721: obj =   1.245499260e+04 inf =   8.413e-02 (12523) 4
* 59022: obj =   1.245499252e+04 inf =   8.053e-02 (12465) 3
* 59383: obj =   1.245499167e+04 inf =   7.776e-02 (12440) 3
* 59747: obj =   1.245489463e+04 inf =   7.534e-02 (17946) 3
* 60083: obj =   1.245483991e+04 inf =   7.345e-02 (17805) 4
* 60454: obj =   1.245483754e+04 inf =   7.294e-02 (17606) 3
* 60828: obj =   1.245483672e+04 inf =   7.353e-02 (17422) 3
* 61199: obj =   1.245483611e+04 inf =   7.250e-02 (17250) 4
* 61569: obj =   1.245483566e+04 inf =   7.327e-02 (17067) 3
* 61920: obj =   1.245483534e+04 inf =   7.392e-02 (16842) 3
* 62278: obj =   1.245483493e+04 inf =   6.955e-02 (16667) 4
* 62651: obj =   1.245483475e+04 inf =   6.961e-02 (16471) 3
* 63020: obj =   1.245466860e+04 inf =   6.888e-02 (16311) 4
* 63426: obj =   1.245466676e+04 inf =   6.765e-02 (16111) 3
* 63814: obj =   1.245466538e+04 inf =   6.832e-02 (15942) 4
* 64110: obj =   1.245466488e+04 inf =   6.678e-02 (15877) 3
* 64498: obj =   1.245466455e+04 inf =   6.730e-02 (15660) 3
* 64877: obj =   1.245427802e+04 inf =   6.662e-02 (15544) 4
* 65304: obj =   1.245427733e+04 inf =   6.581e-02 (15290) 4
* 65628: obj =   1.245427673e+04 inf =   6.142e-02 (15147) 3
* 66011: obj =   1.245427632e+04 inf =   5.819e-02 (15027) 3
* 66475: obj =   1.245427588e+04 inf =   5.544e-02 (14829) 4
* 66994: obj =   1.242698977e+04 inf =   5.406e-02 (14868) 3
* 67508: obj =   1.238698938e+04 inf =   5.423e-02 (15137) 3
* 68004: obj =   1.237198658e+04 inf =   5.275e-02 (14791) 3
* 68488: obj =   1.235731334e+04 inf =   5.182e-02 (18485) 3
* 68929: obj =   1.235364620e+04 inf =   4.953e-02 (18305) 3
* 69441: obj =   1.231797598e+04 inf =   4.824e-02 (17227) 2
* 69960: obj =   1.229690341e+04 inf =   4.646e-02 (18299) 3
* 70420: obj =   1.228799658e+04 inf =   4.643e-02 (13769) 1
* 70811: obj =   1.228799585e+04 inf =   5.548e-02 (13784) 3
* 71182: obj =   1.228799507e+04 inf =   6.245e-02 (13745) 4
* 71541: obj =   1.228799469e+04 inf =   6.424e-02 (13715) 3
* 71905: obj =   1.228799384e+04 inf =   6.842e-02 (13699) 4
* 72265: obj =   1.228799323e+04 inf =   6.991e-02 (13659) 4
* 72626: obj =   1.228799211e+04 inf =   7.353e-02 (13628) 3
* 72971: obj =   1.228799154e+04 inf =   7.497e-02 (16322) 3
* 73270: obj =   1.228799115e+04 inf =   7.815e-02 (16221) 3
* 73596: obj =   1.228799047e+04 inf =   7.654e-02 (16170) 3
* 73914: obj =   1.228799024e+04 inf =   7.498e-02 (16217) 4
* 74257: obj =   1.228799014e+04 inf =   7.231e-02 (16228) 3
* 74583: obj =   1.228798955e+04 inf =   6.880e-02 (16089) 3
* 74907: obj =   1.228798890e+04 inf =   6.514e-02 (15961) 3
* 75275: obj =   1.228798836e+04 inf =   6.319e-02 (15774) 3
* 75631: obj =   1.228798784e+04 inf =   6.069e-02 (15622) 4
* 76036: obj =   1.228798714e+04 inf =   5.670e-02 (18566) 3
* 76456: obj =   1.228798444e+04 inf =   5.128e-02 (18287) 4
* 76825: obj =   1.228798292e+04 inf =   5.063e-02 (18062) 4
* 77218: obj =   1.228798166e+04 inf =   4.910e-02 (17825) 3
* 77644: obj =   1.228798062e+04 inf =   4.662e-02 (17519) 4
* 78089: obj =   1.228496799e+04 inf =   4.533e-02 (16611) 4
* 78588: obj =   1.196695876e+04 inf =   4.295e-02 (16706) 3
* 79106: obj =   1.142799745e+04 inf =   4.261e-02 (13539) 2
* 79827: obj =   1.057299767e+04 inf =   4.063e-02 (13130) 1
* 80333: obj =   1.045165134e+04 inf =   3.945e-02 (15987) 4
* 80855: obj =   1.038999804e+04 inf =   3.802e-02 (13030) 2
* 81329: obj =   1.035698807e+04 inf =   3.694e-02 (12914) 4
* 81778: obj =   1.033598788e+04 inf =   3.745e-02 (12937) 2
* 82142: obj =   1.033598784e+04 inf =   5.138e-02 (12898) 3
* 82571: obj =   1.031898776e+04 inf =   5.614e-02 (12834) 4
* 83023: obj =   1.030599770e+04 inf =   5.569e-02 (13168) 2
* 83476: obj =   1.029349275e+04 inf =   4.878e-02 (13883) 4
* 83920: obj =   1.028799777e+04 inf =   5.111e-02 (13163) 4
* 84290: obj =   1.028799757e+04 inf =   6.961e-02 (13177) 3
* 84634: obj =   1.028799749e+04 inf =   7.477e-02 (13147) 4
* 84999: obj =   1.028799716e+04 inf =   8.941e-02 (13134) 3
* 85341: obj =   1.028799704e+04 inf =   9.360e-02 (13107) 4
* 85686: obj =   1.028799677e+04 inf =   1.029e-01 (13050) 3
* 86024: obj =   1.028799670e+04 inf =   1.034e-01 (13041) 3
* 86361: obj =   1.028799632e+04 inf =   1.138e-01 (13026) 4
* 86680: obj =   1.028799626e+04 inf =   1.130e-01 (12977) 3
* 87027: obj =   1.028799625e+04 inf =   1.108e-01 (12972) 3
* 87366: obj =   1.028799590e+04 inf =   1.168e-01 (12972) 3
* 87706: obj =   1.028799583e+04 inf =   1.152e-01 (12941) 4
* 88037: obj =   1.028799583e+04 inf =   1.124e-01 (12944) 3
* 88348: obj =   1.028799558e+04 inf =   1.142e-01 (16260) 3
* 88639: obj =   1.028799542e+04 inf =   1.117e-01 (16223) 3
* 88908: obj =   1.028799525e+04 inf =   1.092e-01 (16218) 3
* 89239: obj =   1.028799430e+04 inf =   1.079e-01 (15300) 3
* 89559: obj =   1.028799023e+04 inf =   9.897e-02 (15162) 3
* 89903: obj =   1.028798543e+04 inf =   8.807e-02 (14995) 3
* 90246: obj =   1.028798156e+04 inf =   7.579e-02 (14846) 3
* 90643: obj =   1.028797869e+04 inf =   6.394e-02 (14710) 4
* 91093: obj =   1.028797835e+04 inf =   6.265e-02 (14515) 4
* 91513: obj =   1.028797825e+04 inf =   6.140e-02 (14311) 4
* 91984: obj =   1.028797817e+04 inf =   6.118e-02 (14059) 4
* 92472: obj =   1.028397809e+04 inf =   6.056e-02 (13881) 3
* 92964: obj =   1.026968943e+04 inf =   6.001e-02 (16887) 2
* 93398: obj =   1.026440363e+04 inf =   5.955e-02 (16460) 3
* 93853: obj =   1.026440357e+04 inf =   5.885e-02 (15818)
* 94231: obj =   1.026326069e+04 inf =   5.835e-02 (15546) 3
* 94636: obj =   1.026211785e+04 inf =   6.231e-02 (15400) 3
* 95101: obj =   1.026211783e+04 inf =   6.463e-02 (14923) 2
* 95484: obj =   1.026211779e+04 inf =   7.833e-02 (14853) 4
* 95894: obj =   1.025811771e+04 inf =   7.980e-02 (14744) 3
* 96353: obj =   1.025311778e+04 inf =   7.277e-02 (14608) 4
* 96716: obj =   1.025311775e+04 inf =   7.515e-02 (14594) 3
* 97111: obj =   1.025111776e+04 inf =   7.390e-02 (14563) 4
* 97445: obj =   1.025111769e+04 inf =   9.391e-02 (14509) 3
* 97723: obj =   1.025111766e+04 inf =   1.037e-01 (14511) 3
* 98058: obj =   1.025111763e+04 inf =   1.115e-01 (14483) 3
* 98399: obj =   1.025111763e+04 inf =   1.118e-01 (14498) 3
* 98746: obj =   1.025111760e+04 inf =   1.165e-01 (14478) 3
* 99146: obj =   1.024499706e+04 inf =   1.229e-01 (13514) 4
* 99447: obj =   1.024499681e+04 inf =   1.437e-01 (13510) 3
* 99759: obj =   1.024499672e+04 inf =   1.472e-01 (13509) 3
*100080: obj =   1.024499632e+04 inf =   1.680e-01 (13519) 3
*100389: obj =   1.024499575e+04 inf =   1.989e-01 (13466) 3
*100695: obj =   1.024499534e+04 inf =   2.192e-01 (13477) 3
*100953: obj =   1.024499517e+04 inf =   2.247e-01 (13455) 3
*101273: obj =   1.024499496e+04 inf =   2.308e-01 (13442) 3
*101591: obj =   1.024499459e+04 inf =   2.399e-01 (13402) 3
*101908: obj =   1.024499457e+04 inf =   2.363e-01 (13385) 3
*102228: obj =   1.024499446e+04 inf =   2.372e-01 (13362) 3
*102522: obj =   1.024499430e+04 inf =   2.386e-01 (13355) 3
*102842: obj =   1.024499394e+04 inf =   2.447e-01 (13337) 3
*103159: obj =   1.024499369e+04 inf =   2.459e-01 (13291) 3
*103442: obj =   1.024499336e+04 inf =   2.495e-01 (13255) 3
*103744: obj =   1.024499325e+04 inf =   2.495e-01 (16850) 3
*104013: obj =   1.024499317e+04 inf =   2.449e-01 (16844) 3
*104288: obj =   1.024499303e+04 inf =   2.404e-01 (16823) 2
*104576: obj =   1.024499290e+04 inf =   2.373e-01 (16812) 3
*104843: obj =   1.024499269e+04 inf =   2.326e-01 (16801) 3
*105138: obj =   1.024499263e+04 inf =   2.269e-01 (16796) 3
*105417: obj =   1.024499253e+04 inf =   2.214e-01 (16759) 2
*105686: obj =   1.024499240e+04 inf =   2.160e-01 (16688) 3
*106024: obj =   1.024499198e+04 inf =   2.161e-01 (20281) 3
*106349: obj =   1.024498761e+04 inf =   2.053e-01 (20025) 3
*106658: obj =   1.024498113e+04 inf =   1.893e-01 (19708) 3
*106940: obj =   1.024497536e+04 inf =   1.746e-01 (19409) 3
*107243: obj =   1.024497288e+04 inf =   1.704e-01 (19126) 3
*107458: obj =   1.024497089e+04 inf =   1.663e-01 (18910) 2
*107769: obj =   1.024496652e+04 inf =   1.540e-01 (18718) 2
*108065: obj =   1.024495978e+04 inf =   1.268e-01 (18592) 3
*108385: obj =   1.024495572e+04 inf =   1.113e-01 (18448) 3
*108715: obj =   1.024495245e+04 inf =   9.978e-02 (18365) 4
*109090: obj =   1.024495026e+04 inf =   9.493e-02 (18140) 3
*109527: obj =   1.024495015e+04 inf =   9.535e-02 (17857) 4
*109974: obj =   1.024495007e+04 inf =   9.557e-02 (17615) 4
*110407: obj =   1.024494992e+04 inf =   9.531e-02 (17445) 4
*110851: obj =   1.024494979e+04 inf =   9.511e-02 (17239) 3
*111296: obj =   1.024494972e+04 inf =   9.508e-02 (16970) 4
*111776: obj =   1.024067061e+04 inf =   9.459e-02 (16474) 2
*112261: obj =   1.024067053e+04 inf =   9.264e-02 (16005) 2
*112664: obj =   1.023828263e+04 inf =   8.970e-02 (15558) 2
*113074: obj =   1.023828259e+04 inf =   8.735e-02 (15132) 2
*113439: obj =   1.023828254e+04 inf =   9.451e-02 (15102) 3
*113796: obj =   1.023828247e+04 inf =   1.061e-01 (15082) 4
*114143: obj =   1.023828243e+04 inf =   1.115e-01 (15018) 3
*114558: obj =   1.023828238e+04 inf =   1.093e-01 (14815) 3
*114929: obj =   1.023299752e+04 inf =   1.065e-01 (13769) 1
*115340: obj =   1.023061548e+04 inf =   1.061e-01 (14196) 3
*115665: obj =   1.023061537e+04 inf =   1.165e-01 (14155) 3
*115984: obj =   1.023061531e+04 inf =   1.218e-01 (14146) 3
*116306: obj =   1.023061523e+04 inf =   1.324e-01 (14131) 3
*116622: obj =   1.023061516e+04 inf =   1.403e-01 (14132) 3
*116950: obj =   1.023061512e+04 inf =   1.422e-01 (14125) 3
*117283: obj =   1.023061502e+04 inf =   1.508e-01 (14069) 3
*117610: obj =   1.023061502e+04 inf =   1.496e-01 (14069) 4
*117949: obj =   1.023061498e+04 inf =   1.516e-01 (14067) 3
*118267: obj =   1.023061493e+04 inf =   1.572e-01 (14089) 3
*118609: obj =   1.023061486e+04 inf =   1.623e-01 (14065) 3
*118905: obj =   1.023061479e+04 inf =   1.708e-01 (14083) 3
*119190: obj =   1.023061475e+04 inf =   1.763e-01 (14069) 3
*119505: obj =   1.023061469e+04 inf =   1.852e-01 (14062) 3
*119833: obj =   1.023061464e+04 inf =   1.872e-01 (14047) 3
*120152: obj =   1.023061456e+04 inf =   1.872e-01 (14044) 3
*120459: obj =   1.023061454e+04 inf =   1.877e-01 (14061) 3
*120782: obj =   1.023061453e+04 inf =   1.848e-01 (14053) 3
*121145: obj =   1.022861457e+04 inf =   1.809e-01 (14020) 3
*121474: obj =   1.022861447e+04 inf =   1.928e-01 (13975) 4
*121774: obj =   1.022861447e+04 inf =   1.905e-01 (13991) 2
*122047: obj =   1.022861442e+04 inf =   1.878e-01 (13982) 3
*122370: obj =   1.022861427e+04 inf =   1.931e-01 (13978) 3
*122666: obj =   1.022403270e+04 inf =   2.010e-01 (156342) 3
*122955: obj =   1.022403261e+04 inf =   2.040e-01 (156324) 3
*123231: obj =   1.022403242e+04 inf =   2.072e-01 (156332) 2
*123491: obj =   1.022403183e+04 inf =   2.169e-01 (156346) 3
*123763: obj =   1.022403075e+04 inf =   2.263e-01 (156364) 3
*124035: obj =   1.022403075e+04 inf =   2.234e-01 (156373) 2
*124308: obj =   1.022403020e+04 inf =   2.240e-01 (156376) 3
*124596: obj =   1.022402960e+04 inf =   2.226e-01 (156396) 3
*124881: obj =   1.022402949e+04 inf =   2.194e-01 (156415) 3
*125180: obj =   1.022402839e+04 inf =   2.221e-01 (156430) 3
*125475: obj =   1.022402799e+04 inf =   2.206e-01 (156442) 2
*125759: obj =   1.022402682e+04 inf =   2.214e-01 (156453) 3
*126039: obj =   1.022402682e+04 inf =   2.178e-01 (156469) 3
*126331: obj =   1.022402494e+04 inf =   2.186e-01 (156478) 3
*126605: obj =   1.022402210e+04 inf =   2.222e-01 (156487) 2
*126868: obj =   1.022401735e+04 inf =   2.299e-01 (156513) 3
*127144: obj =   1.022401457e+04 inf =   2.330e-01 (156527) 3
*127422: obj =   1.022401402e+04 inf =   2.306e-01 (156531) 2
*127707: obj =   1.022400913e+04 inf =   2.362e-01 (156548) 3
*127969: obj =   1.022400799e+04 inf =   2.335e-01 (156557) 3
*128240: obj =   1.022400772e+04 inf =   2.286e-01 (156563) 3
*128531: obj =   1.022400670e+04 inf =   2.244e-01 (156574) 2
*128812: obj =   1.022400404e+04 inf =   2.232e-01 (156582) 3
*129090: obj =   1.022400095e+04 inf =   2.210e-01 (156578) 3
*129383: obj =   1.022399952e+04 inf =   2.170e-01 (156596) 3
*129664: obj =   1.022399870e+04 inf =   2.131e-01 (156610) 2
*129945: obj =   1.022399446e+04 inf =   2.129e-01 (156627) 3
*130226: obj =   1.022399140e+04 inf =   2.102e-01 (156629) 3
*130475: obj =   1.022399092e+04 inf =   2.049e-01 (156649) 2
*130726: obj =   1.022399092e+04 inf =   1.989e-01 (156653) 3
*131002: obj =   1.022399092e+04 inf =   1.923e-01 (156652) 3
*131285: obj =   1.022398756e+04 inf =   1.878e-01 (156671) 2
*131572: obj =   1.022398652e+04 inf =   1.812e-01 (156679) 3
*131858: obj =   1.022398649e+04 inf =   1.740e-01 (156686) 3
*132137: obj =   1.022398612e+04 inf =   1.688e-01 (156680) 3
*132393: obj =   1.022398237e+04 inf =   1.647e-01 (156688) 2
*132629: obj =   1.022398237e+04 inf =   1.584e-01 (156688) 2
*132903: obj =   1.022398044e+04 inf =   1.518e-01 (156690) 3
*133169: obj =   1.022398042e+04 inf =   1.449e-01 (156695) 3
*133451: obj =   1.022397858e+04 inf =   1.381e-01 (156693) 3
*133742: obj =   1.022397858e+04 inf =   1.304e-01 (156707) 2
*134020: obj =   1.022397852e+04 inf =   1.230e-01 (156712) 3
*134296: obj =   1.022397633e+04 inf =   1.156e-01 (156716) 3
*134584: obj =   1.022396366e+04 inf =   1.113e-01 (156722) 3
*134877: obj =   1.022392603e+04 inf =   1.074e-01 (156745) 2
*135164: obj =   1.022387820e+04 inf =   1.030e-01 (156762) 3
*135447: obj =   1.022297099e+04 inf =   9.961e-02 (24434) 3
*135703: obj =   1.022297046e+04 inf =   9.948e-02 (24374) 2
*135940: obj =   1.022297018e+04 inf =   9.928e-02 (24320) 3
*136169: obj =   1.022296980e+04 inf =   9.911e-02 (24230) 2
*136430: obj =   1.022296864e+04 inf =   9.845e-02 (24148) 2
*136711: obj =   1.022291364e+04 inf =   9.847e-02 (24064) 3
*137015: obj =   1.022290985e+04 inf =   1.021e-01 (23836) 3
*137310: obj =   1.022290269e+04 inf =   1.063e-01 (23666) 3
*137612: obj =   1.022289951e+04 inf =   1.100e-01 (23503) 2
*137814: obj =   1.022289821e+04 inf =   1.126e-01 (23359) 2
*138051: obj =   1.022289707e+04 inf =   1.167e-01 (23202) 2
*138342: obj =   1.022289645e+04 inf =   1.227e-01 (22996) 3
*138632: obj =   1.022289605e+04 inf =   1.293e-01 (22764) 3
*138915: obj =   1.022289605e+04 inf =   1.357e-01 (22495) 3
*139200: obj =   1.022289605e+04 inf =   1.419e-01 (22228) 2
*139491: obj =   1.022289580e+04 inf =   1.463e-01 (21994) 3
*139779: obj =   1.022289579e+04 inf =   1.522e-01 (21712) 3
*140068: obj =   1.022289554e+04 inf =   1.566e-01 (21480) 3
*140358: obj =   1.022289506e+04 inf =   1.587e-01 (21255) 2
*140642: obj =   1.022289442e+04 inf =   1.599e-01 (21052) 3
*140930: obj =   1.022289429e+04 inf =   1.630e-01 (20818) 3
*141212: obj =   1.022289387e+04 inf =   1.648e-01 (20605) 2
*141487: obj =   1.022289386e+04 inf =   1.691e-01 (20372) 3
*141759: obj =   1.022289368e+04 inf =   1.720e-01 (20153) 2
*142042: obj =   1.022289332e+04 inf =   1.721e-01 (19952) 3
*142341: obj =   1.022289309e+04 inf =   1.744e-01 (19705) 3
*142632: obj =   1.022289297e+04 inf =   1.773e-01 (19484) 3
*142908: obj =   1.022289269e+04 inf =   1.752e-01 (19321) 2
*143165: obj =   1.022289233e+04 inf =   1.714e-01 (19214) 3
*143442: obj =   1.022289206e+04 inf =   1.709e-01 (19036) 3
*143741: obj =   1.022289192e+04 inf =   1.717e-01 (18883) 2
*144030: obj =   1.022289176e+04 inf =   1.725e-01 (18782) 3
*144329: obj =   1.022289167e+04 inf =   1.750e-01 (18578) 3
*144610: obj =   1.022289146e+04 inf =   1.716e-01 (18547) 3
*144898: obj =   1.022289121e+04 inf =   1.690e-01 (18530) 2
*145172: obj =   1.022289110e+04 inf =   1.698e-01 (18516) 3
*145450: obj =   1.022289064e+04 inf =   1.700e-01 (18483) 3
*145731: obj =   1.022287520e+04 inf =   1.678e-01 (18439) 3
*145998: obj =   1.022287510e+04 inf =   1.665e-01 (18361) 2
*146293: obj =   1.022285509e+04 inf =   1.688e-01 (18128) 3
*146595: obj =   1.022285443e+04 inf =   1.723e-01 (17915) 2
*146854: obj =   1.022285422e+04 inf =   1.737e-01 (17774) 3
*147129: obj =   1.022285401e+04 inf =   1.730e-01 (17668) 2
*147445: obj =   1.022285385e+04 inf =   1.738e-01 (17517) 3
*147705: obj =   1.022285372e+04 inf =   1.704e-01 (17420) 3
*147990: obj =   1.022285351e+04 inf =   1.647e-01 (17370) 3
*148324: obj =   1.022285344e+04 inf =   1.680e-01 (17120) 3
*148696: obj =   1.022271028e+04 inf =   1.701e-01 (16873) 3
*149016: obj =   1.022270932e+04 inf =   1.706e-01 (16669) 3
*149366: obj =   1.022270738e+04 inf =   1.733e-01 (16481) 3
*149718: obj =   1.022270631e+04 inf =   1.761e-01 (16313) 3
*150052: obj =   1.022270561e+04 inf =   1.774e-01 (16213) 4
*150386: obj =   1.022270509e+04 inf =   1.784e-01 (16089) 3
*150733: obj =   1.022270457e+04 inf =   1.784e-01 (15935) 3
*151067: obj =   1.022270417e+04 inf =   1.786e-01 (15828) 3
*151407: obj =   1.022270390e+04 inf =   1.774e-01 (15715) 3
*151766: obj =   1.022270366e+04 inf =   1.775e-01 (15567) 4
*152084: obj =   1.022270341e+04 inf =   1.747e-01 (15474) 3
*152419: obj =   1.022270315e+04 inf =   1.685e-01 (15365) 3
*152780: obj =   1.022270290e+04 inf =   1.608e-01 (15264) 3
*153123: obj =   1.022270278e+04 inf =   1.565e-01 (15232) 4
*153498: obj =   1.022255753e+04 inf =   1.549e-01 (15067) 3
*153885: obj =   1.021995606e+04 inf =   1.537e-01 (14937) 4
*154279: obj =   1.021995581e+04 inf =   1.529e-01 (14822) 3
*154658: obj =   1.021995569e+04 inf =   1.509e-01 (14691) 3
*155067: obj =   1.021986017e+04 inf =   1.490e-01 (15548) 4
*155432: obj =   1.021985965e+04 inf =   1.450e-01 (15478) 3
*155796: obj =   1.021985894e+04 inf =   1.406e-01 (15312) 4
*156147: obj =   1.021985861e+04 inf =   1.411e-01 (15219) 4
*156505: obj =   1.021985818e+04 inf =   1.334e-01 (15142) 3
*156862: obj =   1.021985767e+04 inf =   1.204e-01 (15019) 4
*157264: obj =   1.021873979e+04 inf =   1.194e-01 (14570) 3
*157650: obj =   1.021873976e+04 inf =   1.195e-01 (14504) 4
*158004: obj =   1.021873975e+04 inf =   1.196e-01 (14475) 3
*158365: obj =   1.021873969e+04 inf =   1.207e-01 (14446) 4
*158769: obj =   1.021485666e+04 inf =   1.192e-01 (14513) 3
*159178: obj =   1.021485576e+04 inf =   1.181e-01 (13818) 2
*159560: obj =   1.021485549e+04 inf =   1.156e-01 (13763) 3
*159973: obj =   1.021485505e+04 inf =   1.143e-01 (13610) 4
*160350: obj =   1.021299520e+04 inf =   1.154e-01 (13464) 4
*160667: obj =   1.021299507e+04 inf =   1.189e-01 (13448) 3
*160987: obj =   1.021299501e+04 inf =   1.208e-01 (13409) 3
*161308: obj =   1.021299492e+04 inf =   1.235e-01 (13376) 3
*161591: obj =   1.021299476e+04 inf =   1.297e-01 (13366) 3
*161905: obj =   1.021299464e+04 inf =   1.337e-01 (13330) 3
*162225: obj =   1.021299449e+04 inf =   1.360e-01 (13291) 3
*162505: obj =   1.021299432e+04 inf =   1.397e-01 (13278) 3
*162820: obj =   1.021299424e+04 inf =   1.397e-01 (13259) 3
*163155: obj =   1.021299419e+04 inf =   1.376e-01 (13271) 3
*163500: obj =   1.021299412e+04 inf =   1.362e-01 (13233) 4
*163846: obj =   1.021299401e+04 inf =   1.349e-01 (13217) 3
*164181: obj =   1.021299394e+04 inf =   1.326e-01 (13205) 3
*164511: obj =   1.021299385e+04 inf =   1.311e-01 (13171) 4
*164845: obj =   1.021299374e+04 inf =   1.296e-01 (13188) 3
*165170: obj =   1.021299360e+04 inf =   1.269e-01 (13165) 3
*165510: obj =   1.021299305e+04 inf =   1.245e-01 (13130) 4
*165848: obj =   1.021299244e+04 inf =   1.224e-01 (13089) 3
*166173: obj =   1.021299117e+04 inf =   1.183e-01 (13079) 3
*166476: obj =   1.021298676e+04 inf =   1.167e-01 (17363) 3
*166850: obj =   1.021298654e+04 inf =   1.151e-01 (17111) 3
*167217: obj =   1.021297731e+04 inf =   1.120e-01 (16910) 4
*167519: obj =   1.021296898e+04 inf =   1.139e-01 (16733) 2
*167851: obj =   1.021296689e+04 inf =   1.147e-01 (16559) 3
*168184: obj =   1.021296515e+04 inf =   1.167e-01 (16392) 3
*168532: obj =   1.021296369e+04 inf =   1.173e-01 (16155) 3
*168875: obj =   1.021296281e+04 inf =   1.180e-01 (15963) 3
*169213: obj =   1.021296206e+04 inf =   1.193e-01 (15769) 3
*169555: obj =   1.021296118e+04 inf =   1.171e-01 (15643) 3
*169868: obj =   1.021295973e+04 inf =   1.101e-01 (15532) 3
*170173: obj =   1.021295877e+04 inf =   1.081e-01 (15397) 3
*170565: obj =   1.021295829e+04 inf =   1.099e-01 (15249) 4
*170967: obj =   1.021295159e+04 inf =   1.113e-01 (15157) 3
*171385: obj =   1.021284935e+04 inf =   1.151e-01 (16468) 4
*171785: obj =   1.021284907e+04 inf =   1.164e-01 (16228) 4
*172201: obj =   1.021284870e+04 inf =   1.164e-01 (15940) 4
*172627: obj =   1.021284839e+04 inf =   1.165e-01 (15621) 4
*173046: obj =   1.021284789e+04 inf =   1.157e-01 (14951) 3
*173480: obj =   1.021284766e+04 inf =   1.147e-01 (14520) 3
*173956: obj =   1.021284745e+04 inf =   1.139e-01 (13692) 2
*174348: obj =   1.021099536e+04 inf =   1.137e-01 (13392) 2
*174676: obj =   1.021099523e+04 inf =   1.190e-01 (13395) 3
*174989: obj =   1.021099516e+04 inf =   1.214e-01 (13362) 4
*175328: obj =   1.021099499e+04 inf =   1.242e-01 (13355) 3
*175665: obj =   1.021099484e+04 inf =   1.269e-01 (13334) 3
*175991: obj =   1.021099471e+04 inf =   1.290e-01 (13314) 3
*176320: obj =   1.021099464e+04 inf =   1.285e-01 (13280) 4
*176637: obj =   1.021099454e+04 inf =   1.291e-01 (13256) 3
*176964: obj =   1.021099440e+04 inf =   1.288e-01 (13225) 3
*177301: obj =   1.021099432e+04 inf =   1.278e-01 (13222) 3
*177624: obj =   1.021099415e+04 inf =   1.265e-01 (13206) 3
*177958: obj =   1.021099370e+04 inf =   1.264e-01 (13209) 4
*178289: obj =   1.021099262e+04 inf =   1.233e-01 (13145) 3
*178586: obj =   1.021099107e+04 inf =   1.207e-01 (13116) 3
*178874: obj =   1.021098479e+04 inf =   1.176e-01 (16383) 3
*179114: obj =   1.021098137e+04 inf =   1.149e-01 (16237) 2
*179424: obj =   1.021096854e+04 inf =   1.149e-01 (16052) 3
*179737: obj =   1.021096731e+04 inf =   1.136e-01 (15869) 2
*180005: obj =   1.021096559e+04 inf =   1.103e-01 (15697) 3
*180343: obj =   1.021096423e+04 inf =   1.080e-01 (15499) 3
*180682: obj =   1.021096350e+04 inf =   1.081e-01 (15328) 3
*181026: obj =   1.021096303e+04 inf =   1.084e-01 (15155) 3
*181375: obj =   1.021096236e+04 inf =   1.072e-01 (15024) 3
*181734: obj =   1.021089802e+04 inf =   1.093e-01 (17274) 3
*182159: obj =   1.021089691e+04 inf =   1.110e-01 (16801) 3
*182584: obj =   1.020856340e+04 inf =   1.117e-01 (16511) 3
*183012: obj =   1.020784720e+04 inf =   1.115e-01 (14712) 1
*183387: obj =   1.020784702e+04 inf =   1.113e-01 (14266) 2
*183815: obj =   1.020784684e+04 inf =   1.108e-01 (13653) 1
*184197: obj =   1.020484689e+04 inf =   1.129e-01 (13564) 4
*184542: obj =   1.020484678e+04 inf =   1.124e-01 (13540) 3
*184879: obj =   1.020484674e+04 inf =   1.137e-01 (13515) 3
*185220: obj =   1.020484673e+04 inf =   1.137e-01 (13511) 3
*185614: obj =   1.020299527e+04 inf =   1.122e-01 (13295) 4
*185929: obj =   1.020299521e+04 inf =   1.179e-01 (13250) 3
*186155: obj =   1.020299520e+04 inf =   1.184e-01 (13231) 2
*186418: obj =   1.020299510e+04 inf =   1.285e-01 (13241) 3
*186708: obj =   1.020299496e+04 inf =   1.359e-01 (13237) 3
*186994: obj =   1.020299477e+04 inf =   1.419e-01 (13225) 2
*187302: obj =   1.020299464e+04 inf =   1.443e-01 (13215) 3
*187608: obj =   1.020299456e+04 inf =   1.452e-01 (13192) 3
*187930: obj =   1.020299453e+04 inf =   1.440e-01 (13190) 4
*188210: obj =   1.020299446e+04 inf =   1.445e-01 (13175) 2
*188493: obj =   1.020299426e+04 inf =   1.460e-01 (13150) 3
*188810: obj =   1.020299412e+04 inf =   1.450e-01 (13139) 3
*189047: obj =   1.020299404e+04 inf =   1.441e-01 (13127) 3
*189351: obj =   1.020299396e+04 inf =   1.428e-01 (13126) 3
*189618: obj =   1.020299394e+04 inf =   1.402e-01 (13143) 2
*189902: obj =   1.020299394e+04 inf =   1.369e-01 (13133) 3
*190189: obj =   1.020299394e+04 inf =   1.337e-01 (13115) 3
*190479: obj =   1.020299358e+04 inf =   1.327e-01 (13082) 3
*190744: obj =   1.020299319e+04 inf =   1.306e-01 (13071) 2
*191041: obj =   1.020299244e+04 inf =   1.278e-01 (13063) 3
*191356: obj =   1.020299006e+04 inf =   1.246e-01 (13053) 3
*191697: obj =   1.020298655e+04 inf =   1.232e-01 (16936) 4
*192062: obj =   1.020298247e+04 inf =   1.221e-01 (16748) 3
*192404: obj =   1.020294780e+04 inf =   1.244e-01 (16620) 3
*192743: obj =   1.020294058e+04 inf =   1.266e-01 (16409) 3
*193081: obj =   1.020293670e+04 inf =   1.287e-01 (16196) 3
*193403: obj =   1.020293492e+04 inf =   1.282e-01 (16017) 3
*193727: obj =   1.020293333e+04 inf =   1.289e-01 (15846) 3
*194069: obj =   1.020293199e+04 inf =   1.302e-01 (15603) 3
*194406: obj =   1.020293052e+04 inf =   1.285e-01 (15432) 3
*194626: obj =   1.020292967e+04 inf =   1.284e-01 (15304) 2
*194836: obj =   1.020292879e+04 inf =   1.257e-01 (15209) 2
*195138: obj =   1.020292747e+04 inf =   1.186e-01 (15131) 3
*195463: obj =   1.020292598e+04 inf =   1.129e-01 (15083) 3
*195847: obj =   1.020292552e+04 inf =   1.147e-01 (14960) 3
*196242: obj =   1.020292532e+04 inf =   1.160e-01 (14777) 4
*196579: obj =   1.020292523e+04 inf =   1.165e-01 (14635) 2
*196948: obj =   1.020290192e+04 inf =   1.170e-01 (16801) 3
*197372: obj =   1.020290162e+04 inf =   1.168e-01 (16255) 2
*197757: obj =   1.020290148e+04 inf =   1.164e-01 (15666) 1
*198220: obj =   1.020290138e+04 inf =   1.140e-01 (14941) 1
*198570: obj =   1.020290136e+04 inf =   1.157e-01 (14906) 4
*198913: obj =   1.020290136e+04 inf =   1.155e-01 (14888) 3
*199250: obj =   1.020290133e+04 inf =   1.176e-01 (14888) 3
*199643: obj =   1.020290117e+04 inf =   1.155e-01 (14692) 3
*200037: obj =   1.019950102e+04 inf =   1.129e-01 (14499) 3
*200406: obj =   1.019950098e+04 inf =   1.110e-01 (14451) 3
*200786: obj =   1.018910127e+04 inf =   1.096e-01 (14338) 3
*201138: obj =   1.018783824e+04 inf =   1.092e-01 (12922) 2
*201407: obj =   1.018783816e+04 inf =   1.135e-01 (12901) 3
*201732: obj =   1.018220690e+04 inf =   1.141e-01 (13453) 3
*202047: obj =   1.018220685e+04 inf =   1.160e-01 (13438) 3
*202352: obj =   1.018220682e+04 inf =   1.162e-01 (13460) 3
*202614: obj =   1.018128554e+04 inf =   1.202e-01 (14050) 3
*202890: obj =   1.018128552e+04 inf =   1.224e-01 (14022) 2
*203214: obj =   1.018128549e+04 inf =   1.213e-01 (14021) 3
*203576: obj =   1.018128545e+04 inf =   1.198e-01 (14000) 4
*203929: obj =   1.017445207e+04 inf =   1.207e-01 (13260) 3
*204245: obj =   1.017445200e+04 inf =   1.240e-01 (13232) 3
*204587: obj =   1.017396959e+04 inf =   1.225e-01 (13178) 3
*204917: obj =   1.017396958e+04 inf =   1.217e-01 (13188) 3
*205285: obj =   1.015099646e+04 inf =   1.199e-01 (13551) 3
*205589: obj =   1.015099638e+04 inf =   1.219e-01 (13533) 3
*205857: obj =   1.015099625e+04 inf =   1.261e-01 (13503) 3
*206168: obj =   1.015099612e+04 inf =   1.265e-01 (13480) 3
*206437: obj =   1.015099597e+04 inf =   1.320e-01 (13458) 3
*206727: obj =   1.015099575e+04 inf =   1.360e-01 (13397) 3
*207028: obj =   1.015099551e+04 inf =   1.396e-01 (13378) 3
*207327: obj =   1.015099541e+04 inf =   1.393e-01 (13363) 2
*207645: obj =   1.015099529e+04 inf =   1.383e-01 (13335) 4
*207971: obj =   1.015099521e+04 inf =   1.360e-01 (13356) 3
*208303: obj =   1.015099501e+04 inf =   1.335e-01 (13321) 3
*208630: obj =   1.015099465e+04 inf =   1.323e-01 (13288) 3
*208953: obj =   1.015099404e+04 inf =   1.300e-01 (13245) 4
*209269: obj =   1.015098302e+04 inf =   1.282e-01 (15868) 3
*209609: obj =   1.015097226e+04 inf =   1.284e-01 (15754) 3
*209958: obj =   1.015097163e+04 inf =   1.244e-01 (15523) 3
*210286: obj =   1.015096931e+04 inf =   1.208e-01 (15342) 3
*210585: obj =   1.015096801e+04 inf =   1.229e-01 (15179) 2
*210845: obj =   1.015096766e+04 inf =   1.238e-01 (15042) 3
*211107: obj =   1.015096735e+04 inf =   1.251e-01 (14924) 2
*211408: obj =   1.015096703e+04 inf =   1.247e-01 (14760) 3
*211701: obj =   1.015096677e+04 inf =   1.206e-01 (14621) 2
*212023: obj =   1.015096656e+04 inf =   1.203e-01 (14465) 4
*212311: obj =   1.015096639e+04 inf =   1.181e-01 (14363) 2
*212633: obj =   1.015096627e+04 inf =   1.157e-01 (14296) 3
*212980: obj =   1.015083967e+04 inf =   1.130e-01 (14677) 3
*213300: obj =   1.015083923e+04 inf =   1.098e-01 (14604) 4
*213647: obj =   1.015083788e+04 inf =   1.031e-01 (14421) 3
*214054: obj =   1.015083760e+04 inf =   1.043e-01 (14217) 4
*214440: obj =   1.015083752e+04 inf =   1.049e-01 (14127) 4
*214826: obj =   1.015083739e+04 inf =   1.049e-01 (13957) 3
*215203: obj =   1.015083725e+04 inf =   1.050e-01 (13903) 4
*215584: obj =   1.015083716e+04 inf =   1.048e-01 (13800) 4
*215968: obj =   1.015083701e+04 inf =   1.051e-01 (13635) 4
*216365: obj =   1.014883680e+04 inf =   1.047e-01 (13284) 3
*216760: obj =   1.014791651e+04 inf =   1.043e-01 (12344) 3
*217130: obj =   1.013191646e+04 inf =   1.036e-01 (12321) 3
*217507: obj =   1.013191642e+04 inf =   1.027e-01 (12277) 4
*217956: obj =   1.012699613e+04 inf =   1.009e-01 (13575) 1
*218262: obj =   1.012699609e+04 inf =   1.024e-01 (13595) 3
*218581: obj =   1.012699603e+04 inf =   1.050e-01 (13590) 3
*218857: obj =   1.012699572e+04 inf =   1.234e-01 (13586) 3
*219161: obj =   1.012699562e+04 inf =   1.253e-01 (13554) 3
*219480: obj =   1.012699542e+04 inf =   1.279e-01 (13575) 3
*219807: obj =   1.012699538e+04 inf =   1.272e-01 (13537) 3
*220119: obj =   1.012699526e+04 inf =   1.300e-01 (13469) 3
*220404: obj =   1.012699509e+04 inf =   1.329e-01 (13453) 3
*220636: obj =   1.012699505e+04 inf =   1.320e-01 (13425) 2
*220872: obj =   1.012699488e+04 inf =   1.308e-01 (13394) 3
*221079: obj =   1.012699453e+04 inf =   1.297e-01 (13355) 2
*221383: obj =   1.012699383e+04 inf =   1.280e-01 (13386) 3
*221705: obj =   1.012697883e+04 inf =   1.262e-01 (15739) 3
*221993: obj =   1.012697881e+04 inf =   1.266e-01 (15550) 3
*222299: obj =   1.012697872e+04 inf =   1.201e-01 (15366) 2
*222596: obj =   1.012697780e+04 inf =   1.153e-01 (15218) 3
*222893: obj =   1.012696267e+04 inf =   1.141e-01 (14988) 3
*223221: obj =   1.012696245e+04 inf =   1.106e-01 (14854) 3
*223542: obj =   1.012695736e+04 inf =   1.096e-01 (14715) 3
*223858: obj =   1.012695676e+04 inf =   1.105e-01 (14523) 2
*224191: obj =   1.012695641e+04 inf =   1.107e-01 (14311) 3
*224517: obj =   1.012695619e+04 inf =   1.058e-01 (14169) 3
*224823: obj =   1.012695609e+04 inf =   1.048e-01 (14024) 3
*225126: obj =   1.012694306e+04 inf =   1.031e-01 (14010) 3
*225355: obj =   1.012694299e+04 inf =   1.010e-01 (13954) 2
*225629: obj =   1.012694283e+04 inf =   9.855e-02 (13883) 3
*226003: obj =   1.012683755e+04 inf =   9.923e-02 (13896) 3
*226399: obj =   1.012683714e+04 inf =   9.877e-02 (13595) 3
*226783: obj =   1.012683673e+04 inf =   9.761e-02 (13366) 4
*227215: obj =   1.012683660e+04 inf =   9.744e-02 (12931) 3
*227590: obj =   1.012683654e+04 inf =   9.717e-02 (12845) 4
*227965: obj =   1.012499586e+04 inf =   9.631e-02 (13437) 3
*228349: obj =   1.012299580e+04 inf =   9.625e-02 (13438) 3
*228682: obj =   1.012299569e+04 inf =   9.982e-02 (13417) 3
*228992: obj =   1.012299554e+04 inf =   1.044e-01 (13411) 3
*229298: obj =   1.012299537e+04 inf =   1.075e-01 (13400) 3
*229563: obj =   1.012299528e+04 inf =   1.085e-01 (13386) 3
*229889: obj =   1.012299523e+04 inf =   1.086e-01 (13377) 3
*230212: obj =   1.012299517e+04 inf =   1.084e-01 (13349) 3
*230525: obj =   1.012299495e+04 inf =   1.117e-01 (13326) 3
*230857: obj =   1.012299470e+04 inf =   1.098e-01 (13327) 3
*231159: obj =   1.012299444e+04 inf =   1.123e-01 (13330) 3
*231485: obj =   1.012299381e+04 inf =   1.108e-01 (13291) 4
*231793: obj =   1.012297794e+04 inf =   1.097e-01 (15548) 3
*232093: obj =   1.012293749e+04 inf =   1.074e-01 (15411) 3
*232408: obj =   1.012293200e+04 inf =   1.065e-01 (15246) 2
*232737: obj =   1.012293009e+04 inf =   1.068e-01 (15041) 3
*233065: obj =   1.012292875e+04 inf =   1.065e-01 (14846) 3
*233356: obj =   1.012292767e+04 inf =   1.050e-01 (14715) 3
*233670: obj =   1.012292688e+04 inf =   9.993e-02 (14583) 3
*233974: obj =   1.012292580e+04 inf =   9.290e-02 (14465) 3
*234310: obj =   1.012292522e+04 inf =   9.331e-02 (14402) 3
*234689: obj =   1.012292501e+04 inf =   9.359e-02 (14244) 3
*235066: obj =   1.012283415e+04 inf =   9.417e-02 (14268) 3
*235455: obj =   1.012283382e+04 inf =   9.437e-02 (13913) 4
*235854: obj =   1.012099590e+04 inf =   9.438e-02 (13321) 4
*236262: obj =   1.012083364e+04 inf =   9.379e-02 (13306) 2
*236694: obj =   1.012083358e+04 inf =   9.338e-02 (12753) 3
*237046: obj =   1.012083354e+04 inf =   9.346e-02 (12703) 3
*237407: obj =   1.011880650e+04 inf =   9.423e-02 (13294) 4
*237761: obj =   1.011880646e+04 inf =   9.449e-02 (13284) 3
*238088: obj =   1.011880643e+04 inf =   9.590e-02 (13282) 3
*238410: obj =   1.011880637e+04 inf =   1.002e-01 (13232) 3
*238764: obj =   1.011871151e+04 inf =   1.019e-01 (13629) 3
*239126: obj =   1.011199625e+04 inf =   1.018e-01 (13518) 3
*239411: obj =   1.011199617e+04 inf =   1.044e-01 (13513) 3
*239721: obj =   1.011199606e+04 inf =   1.065e-01 (13519) 3
*240037: obj =   1.011199596e+04 inf =   1.060e-01 (13457) 3
*240338: obj =   1.011199575e+04 inf =   1.080e-01 (13443) 3
*240664: obj =   1.011199561e+04 inf =   1.088e-01 (13426) 3
*240980: obj =   1.011199551e+04 inf =   1.085e-01 (13397) 3
*241311: obj =   1.011199508e+04 inf =   1.082e-01 (13375) 3
*241643: obj =   1.011199455e+04 inf =   1.066e-01 (13357) 4
*241975: obj =   1.011197375e+04 inf =   1.044e-01 (15043) 3
*242288: obj =   1.011197371e+04 inf =   1.051e-01 (14924) 3
*242570: obj =   1.011193717e+04 inf =   1.047e-01 (14774) 3
*242916: obj =   1.011193671e+04 inf =   1.056e-01 (14657) 3
*243253: obj =   1.011193521e+04 inf =   1.064e-01 (14523) 3
*243591: obj =   1.011193252e+04 inf =   1.048e-01 (14351) 3
*243915: obj =   1.011193178e+04 inf =   9.705e-02 (14226) 3
*244253: obj =   1.011193151e+04 inf =   9.717e-02 (14080) 3
*244595: obj =   1.011193127e+04 inf =   9.628e-02 (14010) 3
*244926: obj =   1.011193110e+04 inf =   9.472e-02 (13939) 3
*245264: obj =   1.011193094e+04 inf =   9.382e-02 (13841) 3
*245597: obj =   1.011193076e+04 inf =   9.142e-02 (13792) 3
*245965: obj =   1.011183348e+04 inf =   9.175e-02 (13358) 3
*246311: obj =   1.011183326e+04 inf =   9.120e-02 (12789) 1
*246601: obj =   1.011183320e+04 inf =   9.081e-02 (12748) 3
*246944: obj =   1.011183314e+04 inf =   9.055e-02 (12712) 3
*247220: obj =   1.011183306e+04 inf =   9.130e-02 (12688) 3
*247540: obj =   1.011183296e+04 inf =   9.103e-02 (12623) 3
*247791: obj =   1.011183295e+04 inf =   8.983e-02 (12615) 3
*248098: obj =   1.011183292e+04 inf =   8.890e-02 (12582) 3
*248405: obj =   1.011183286e+04 inf =   9.052e-02 (12571) 3
*248725: obj =   1.011183281e+04 inf =   8.985e-02 (12529) 3
*249028: obj =   1.011183279e+04 inf =   8.922e-02 (12519) 3
*249327: obj =   1.011183278e+04 inf =   8.835e-02 (12510) 3
*249655: obj =   1.011183274e+04 inf =   8.757e-02 (12483) 3
*249944: obj =   1.011183266e+04 inf =   8.835e-02 (12410) 3
*250212: obj =   1.011183264e+04 inf =   8.834e-02 (12400) 2
*250558: obj =   1.011183262e+04 inf =   8.710e-02 (12402) 4
*250872: obj =   1.011183257e+04 inf =   8.861e-02 (12414) 3
*251162: obj =   1.011183255e+04 inf =   8.864e-02 (12420) 2
*251466: obj =   1.011183252e+04 inf =   8.850e-02 (12375) 3
*251736: obj =   1.011183252e+04 inf =   8.789e-02 (12375) 3
*252002: obj =   1.011183251e+04 inf =   8.732e-02 (12341) 3
*252301: obj =   1.010999561e+04 inf =   8.618e-02 (13613) 2
*252595: obj =   1.010999545e+04 inf =   8.922e-02 (13581) 3
*252874: obj =   1.010999528e+04 inf =   9.220e-02 (13551) 3
*253165: obj =   1.010999521e+04 inf =   9.123e-02 (13542) 3
*253468: obj =   1.010999506e+04 inf =   9.080e-02 (13501) 3
*253764: obj =   1.010999486e+04 inf =   9.142e-02 (13492) 3
*254057: obj =   1.010999470e+04 inf =   9.084e-02 (13471) 3
*254363: obj =   1.010999438e+04 inf =   8.972e-02 (13475) 3
*254670: obj =   1.010999395e+04 inf =   8.800e-02 (13422) 3
*254951: obj =   1.010999319e+04 inf =   8.617e-02 (13385) 2
*255238: obj =   1.010997395e+04 inf =   8.445e-02 (15398) 3
*255533: obj =   1.010997383e+04 inf =   8.535e-02 (15292) 3
*255814: obj =   1.010997375e+04 inf =   8.633e-02 (15150) 3
*256100: obj =   1.010997206e+04 inf =   8.726e-02 (14961) 2
*256419: obj =   1.010993207e+04 inf =   8.828e-02 (14800) 3
*256720: obj =   1.010993084e+04 inf =   8.896e-02 (14617) 3
*257029: obj =   1.010993009e+04 inf =   9.026e-02 (14468) 3
*257345: obj =   1.010992961e+04 inf =   9.015e-02 (14359) 3
*257661: obj =   1.010992922e+04 inf =   8.883e-02 (14206) 3
*257969: obj =   1.010992889e+04 inf =   8.702e-02 (14121) 2
*258271: obj =   1.010992882e+04 inf =   8.807e-02 (14023) 3
*258517: obj =   1.010992873e+04 inf =   8.827e-02 (13927) 3
*258822: obj =   1.010992857e+04 inf =   8.534e-02 (13867) 2
*259126: obj =   1.010992843e+04 inf =   8.371e-02 (13811) 3
*259430: obj =   1.010992834e+04 inf =   8.294e-02 (13758) 3
*259707: obj =   1.010992825e+04 inf =   8.091e-02 (13723) 3
*260027: obj =   1.010992818e+04 inf =   8.070e-02 (13711) 3
*260406: obj =   1.010783063e+04 inf =   8.091e-02 (13242) 3
*260806: obj =   1.010783031e+04 inf =   8.126e-02 (12849) 3
*261161: obj =   1.010783025e+04 inf =   8.025e-02 (12699) 3
*261511: obj =   1.010783022e+04 inf =   7.977e-02 (12583) 3
*261866: obj =   1.010783011e+04 inf =   7.813e-02 (12412) 3
*262145: obj =   1.010783005e+04 inf =   7.938e-02 (12407) 3
*262424: obj =   1.010783001e+04 inf =   7.935e-02 (12397) 2
*262698: obj =   1.010782995e+04 inf =   7.971e-02 (12360) 3
*262963: obj =   1.010782989e+04 inf =   8.021e-02 (12355) 3
*263235: obj =   1.010782987e+04 inf =   7.918e-02 (12363) 2
*263533: obj =   1.010782984e+04 inf =   7.822e-02 (12382) 3
*263836: obj =   1.010782983e+04 inf =   7.613e-02 (12383) 3
*264143: obj =   1.010782983e+04 inf =   7.354e-02 (12369) 3
*264414: obj =   1.010782977e+04 inf =   7.258e-02 (12322) 3
*264709: obj =   1.010782971e+04 inf =   7.227e-02 (12295) 3
*264984: obj =   1.010782968e+04 inf =   7.143e-02 (12286) 2
*265214: obj =   1.010782967e+04 inf =   6.988e-02 (12267) 3
*265508: obj =   1.010782960e+04 inf =   6.823e-02 (12251) 2
*265767: obj =   1.010782957e+04 inf =   6.640e-02 (12270) 3
*266045: obj =   1.010399582e+04 inf =   6.513e-02 (13601) 3
*266336: obj =   1.010399579e+04 inf =   6.402e-02 (13645) 2
*266635: obj =   1.010399566e+04 inf =   6.352e-02 (13610) 3
*266905: obj =   1.010399556e+04 inf =   6.345e-02 (13606) 3
*267190: obj =   1.010399533e+04 inf =   6.236e-02 (13586) 3
*267489: obj =   1.010399483e+04 inf =   6.113e-02 (13553) 3
*267783: obj =   1.010399390e+04 inf =   5.949e-02 (13511) 3
*268075: obj =   1.010396013e+04 inf =   5.848e-02 (14680) 3
*268307: obj =   1.010395993e+04 inf =   5.874e-02 (14607) 2
*268581: obj =   1.010395968e+04 inf =   5.928e-02 (14484) 2
*268891: obj =   1.010383800e+04 inf =   5.992e-02 (14257) 3
*269262: obj =   1.010383682e+04 inf =   6.003e-02 (14092) 4
*269560: obj =   1.010383258e+04 inf =   6.137e-02 (13825) 3
*269857: obj =   1.010383140e+04 inf =   6.245e-02 (13595) 3
*270159: obj =   1.010383096e+04 inf =   6.418e-02 (13399) 3
*270426: obj =   1.010383056e+04 inf =   6.412e-02 (13239) 2
*270729: obj =   1.010383024e+04 inf =   6.442e-02 (13124) 3
*271042: obj =   1.010199574e+04 inf =   6.388e-02 (13647) 3
*271329: obj =   1.010199559e+04 inf =   6.223e-02 (13686) 3
*271631: obj =   1.010199531e+04 inf =   6.142e-02 (13600) 3
*271900: obj =   1.010199492e+04 inf =   6.004e-02 (13579) 3
*272172: obj =   1.010199426e+04 inf =   5.898e-02 (13556) 2
*272468: obj =   1.010143724e+04 inf =   5.928e-02 (14396) 3
*272777: obj =   1.009983650e+04 inf =   6.025e-02 (14095) 3
*273138: obj =   1.009583561e+04 inf =   6.103e-02 (13927) 3
*273460: obj =   1.009583181e+04 inf =   6.165e-02 (13722) 3
*273775: obj =   1.009583103e+04 inf =   6.293e-02 (13449) 3
*274096: obj =   1.009583073e+04 inf =   6.372e-02 (13252) 4
*274388: obj =   1.009583063e+04 inf =   6.439e-02 (13094) 2
*274685: obj =   1.009583055e+04 inf =   6.582e-02 (13018) 3
*274967: obj =   1.009107886e+04 inf =   6.410e-02 (156414) 3
*275281: obj =   1.009074806e+04 inf =   6.144e-02 (13676) 3
*275603: obj =   1.009074792e+04 inf =   6.254e-02 (13573) 3
*275955: obj =   1.008799650e+04 inf =   6.219e-02 (13728) 3
*276259: obj =   1.008799626e+04 inf =   6.095e-02 (13711) 3
*276557: obj =   1.008799609e+04 inf =   6.067e-02 (13708) 3
*276856: obj =   1.008799591e+04 inf =   5.989e-02 (13668) 3
*277142: obj =   1.008799557e+04 inf =   5.916e-02 (13632) 2
*277434: obj =   1.008736333e+04 inf =   5.886e-02 (14344) 3
*277798: obj =   1.008193095e+04 inf =   5.918e-02 (14015) 2
*278140: obj =   1.008183693e+04 inf =   5.924e-02 (13670) 3
*278476: obj =   1.007991391e+04 inf =   5.938e-02 (12029) 3
*278827: obj =   1.007375902e+04 inf =   6.002e-02 (14081) 2
*279250: obj =   1.007261607e+04 inf =   5.986e-02 (13326) 1
*279561: obj =   1.007261584e+04 inf =   5.893e-02 (13249) 3
*279870: obj =   1.006346910e+04 inf =   5.869e-02 (13222) 2
*280179: obj =   1.002699823e+04 inf =   5.805e-02 (13347) 2
*280512: obj =   1.002699784e+04 inf =   5.797e-02 (13301) 3
*280830: obj =   1.002699764e+04 inf =   5.792e-02 (13260) 4
*281163: obj =   1.002699743e+04 inf =   5.744e-02 (13200) 3
*281506: obj =   1.002699694e+04 inf =   5.743e-02 (13188) 3
*281837: obj =   1.002695565e+04 inf =   5.663e-02 (13710) 3
*282145: obj =   1.002695556e+04 inf =   5.627e-02 (13599) 3
*282476: obj =   1.002695551e+04 inf =   5.623e-02 (13375) 3
*282854: obj =   1.002683471e+04 inf =   5.629e-02 (13346) 1
*283217: obj =   1.002683448e+04 inf =   5.598e-02 (13211) 4
*283578: obj =   1.002494335e+04 inf =   5.604e-02 (12631) 1
*283920: obj =   1.002494332e+04 inf =   5.595e-02 (12425) 1
*284271: obj =   9.987092031e+03 inf =   5.596e-02 (12486) 2
*284630: obj =   9.978866043e+03 inf =   5.559e-02 (12959) 4
*285023: obj =   9.970415579e+03 inf =   5.544e-02 (12492) 1
*285379: obj =   9.933998715e+03 inf =   5.304e-02 (12302) 3
*285693: obj =   9.933998366e+03 inf =   5.395e-02 (12280) 3
*285986: obj =   9.933998108e+03 inf =   5.418e-02 (12266) 3
*286309: obj =   9.933997835e+03 inf =   5.410e-02 (12206) 3
*286644: obj =   9.933997576e+03 inf =   5.422e-02 (12156) 3
*286964: obj =   9.933997335e+03 inf =   5.408e-02 (12097) 4
*287322: obj =   9.933997203e+03 inf =   5.390e-02 (12088) 3
*287690: obj =   9.933997119e+03 inf =   5.418e-02 (12071) 4
*288021: obj =   9.933997107e+03 inf =   5.432e-02 (12065) 3
*288393: obj =   9.933966217e+03 inf =   5.370e-02 (13250) 3
*288725: obj =   9.933965966e+03 inf =   5.279e-02 (13216) 3
*289050: obj =   9.933965819e+03 inf =   5.261e-02 (13137) 3
*289363: obj =   9.933965632e+03 inf =   5.274e-02 (13000) 3
*289681: obj =   9.933965515e+03 inf =   5.279e-02 (12875) 3
*290024: obj =   9.933965444e+03 inf =   5.266e-02 (12797) 3
*290376: obj =   9.933965382e+03 inf =   5.255e-02 (12711) 3
*290747: obj =   9.902965487e+03 inf =   5.246e-02 (12694) 3
*291055: obj =   9.902965437e+03 inf =   5.271e-02 (12707) 3
*291393: obj =   9.886965453e+03 inf =   5.279e-02 (12676) 2
*291767: obj =   9.865965451e+03 inf =   5.278e-02 (12680) 3
*292136: obj =   9.829965514e+03 inf =   5.280e-02 (12740) 3
*292516: obj =   9.809965504e+03 inf =   5.271e-02 (12766) 3
*292895: obj =   9.803878212e+03 inf =   5.197e-02 (14082) 3
*293267: obj =   9.803878048e+03 inf =   5.176e-02 (13663) 2
*293572: obj =   9.803877894e+03 inf =   5.177e-02 (13381) 2
*293891: obj =   9.803877678e+03 inf =   5.152e-02 (13224) 2
*294243: obj =   9.803877521e+03 inf =   5.112e-02 (13047) 4
*294590: obj =   9.800038031e+03 inf =   5.107e-02 (157042) 3
*294927: obj =   9.800037742e+03 inf =   5.120e-02 (157084) 3
*295272: obj =   9.751937727e+03 inf =   5.094e-02 (12605) 2
*295696: obj =   9.673937831e+03 inf =   5.057e-02 (12714) 2
*296130: obj =   9.579758445e+03 inf =   5.031e-02 (14603) 2
*296483: obj =   9.576997831e+03 inf =   5.010e-02 (12855) 2
*296814: obj =   9.576997690e+03 inf =   5.065e-02 (12848) 3
*297156: obj =   9.576997588e+03 inf =   5.078e-02 (12819) 4
*297486: obj =   9.576997536e+03 inf =   5.092e-02 (12799) 3
*297808: obj =   9.576997511e+03 inf =   5.081e-02 (12772) 3
*298148: obj =   9.576997492e+03 inf =   5.064e-02 (12778) 3
*298498: obj =   9.576938127e+03 inf =   5.048e-02 (13973) 4
*298872: obj =   9.576937990e+03 inf =   5.013e-02 (13892) 3
*299241: obj =   9.574937977e+03 inf =   5.038e-02 (13746) 3
*299626: obj =   9.552937958e+03 inf =   5.015e-02 (13735) 3
*300068: obj =   9.442938092e+03 inf =   5.008e-02 (13933) 1
*300488: obj =   9.383898352e+03 inf =   5.030e-02 (14692) 2
*300859: obj =   9.376938230e+03 inf =   5.004e-02 (14037) 3
*301261: obj =   9.376838690e+03 inf =   4.961e-02 (14228) 2
*301648: obj =   9.376838593e+03 inf =   4.887e-02 (13670) 2
*301977: obj =   9.376838371e+03 inf =   4.885e-02 (13517) 3
*302333: obj =   9.374078830e+03 inf =   4.856e-02 (156594) 3
*302669: obj =   9.374078550e+03 inf =   4.841e-02 (156596) 4
*302988: obj =   9.374077836e+03 inf =   4.882e-02 (156613) 3
*303307: obj =   9.374077763e+03 inf =   4.856e-02 (156623) 3
*303595: obj =   9.374076908e+03 inf =   4.948e-02 (156627) 3
*303879: obj =   9.374076828e+03 inf =   4.902e-02 (156630) 2
*304139: obj =   9.374076815e+03 inf =   4.872e-02 (156633) 3
*304415: obj =   9.374076511e+03 inf =   4.830e-02 (156635) 3
*304692: obj =   9.374075699e+03 inf =   4.781e-02 (156637) 3
*304969: obj =   9.374075585e+03 inf =   4.726e-02 (156648) 2
*305286: obj =   9.374075583e+03 inf =   4.655e-02 (156647) 3
*305588: obj =   9.374075583e+03 inf =   4.586e-02 (156641) 3
*305886: obj =   9.374073089e+03 inf =   4.434e-02 (156633) 3
*306188: obj =   9.374066189e+03 inf =   4.142e-02 (156634) 3
*306487: obj =   9.374056133e+03 inf =   3.760e-02 (156631) 3
*306784: obj =   9.373995256e+03 inf =   3.095e-02 (18084) 3
*307107: obj =   9.373991937e+03 inf =   3.255e-02 (17920) 3
*307432: obj =   9.373991526e+03 inf =   3.335e-02 (17784) 3
*307779: obj =   9.373990771e+03 inf =   3.919e-02 (17451) 4
*308132: obj =   9.373988623e+03 inf =   3.828e-02 (17155) 3
*308437: obj =   9.373988004e+03 inf =   3.797e-02 (16914) 3
*308777: obj =   9.373987252e+03 inf =   3.682e-02 (16646) 3
*309096: obj =   9.373986985e+03 inf =   3.673e-02 (16404) 3
*309452: obj =   9.373986828e+03 inf =   3.638e-02 (16136) 3
*309805: obj =   9.373986774e+03 inf =   3.689e-02 (15909) 3
*310137: obj =   9.373959717e+03 inf =   3.550e-02 (15475) 4
*310496: obj =   9.373958564e+03 inf =   3.604e-02 (15365) 3
*310845: obj =   9.373957755e+03 inf =   3.616e-02 (15224) 3
*311212: obj =   9.373957611e+03 inf =   3.693e-02 (15066) 3
*311615: obj =   9.357957539e+03 inf =   3.676e-02 (15019) 3
*312064: obj =   9.274957590e+03 inf =   3.678e-02 (15100) 1
*312494: obj =   9.173957601e+03 inf =   3.643e-02 (15297) 2
*312865: obj =   9.162957577e+03 inf =   3.528e-02 (15286) 3
*313220: obj =   9.160957565e+03 inf =   3.435e-02 (15236) 3
*313663: obj =   9.055957608e+03 inf =   3.364e-02 (15396) 2
*314027: obj =   9.052957329e+03 inf =   3.230e-02 (15365) 3
*314375: obj =   9.052930054e+03 inf =   3.137e-02 (16042) 3
*314771: obj =   8.992919048e+03 inf =   3.117e-02 (15834) 1
*315113: obj =   8.992918747e+03 inf =   3.086e-02 (15555) 3
*315465: obj =   8.992846069e+03 inf =   3.099e-02 (16991) 2
*315808: obj =   8.990330673e+03 inf =   3.124e-02 (16753) 3
*316137: obj =   8.990330262e+03 inf =   3.151e-02 (16584) 2
*316484: obj =   8.990329938e+03 inf =   3.145e-02 (16435) 4
*316865: obj =   8.985329902e+03 inf =   3.156e-02 (16118) 2
*317242: obj =   8.985329843e+03 inf =   3.162e-02 (15769) 2
*317660: obj =   8.981699877e+03 inf =   3.147e-02 (15022)
*318034: obj =   8.981699794e+03 inf =   3.150e-02 (14790) 3
*318454: obj =   8.978922040e+03 inf =   3.110e-02 (14054)
*318794: obj =   8.978922037e+03 inf =   3.083e-02 (14048) 3
*319122: obj =   8.978922011e+03 inf =   3.133e-02 (14060) 4
*319443: obj =   8.978922006e+03 inf =   3.113e-02 (14026) 3
*319782: obj =   8.978921825e+03 inf =   3.071e-02 (14026) 3
*320019: obj =   8.972727792e+03 inf =   3.097e-02 (14511) 2
*320281: obj =   8.964818827e+03 inf =   3.070e-02 (13930) 3
*320581: obj =   8.964818687e+03 inf =   3.021e-02 (13924) 3
*320918: obj =   8.951846022e+03 inf =   2.999e-02 (14637) 2
*321243: obj =   8.950195476e+03 inf =   2.980e-02 (14262) 3
*321561: obj =   8.950195436e+03 inf =   2.935e-02 (14264) 3
*321884: obj =   8.950195201e+03 inf =   2.868e-02 (14287) 4
*322204: obj =   8.950194779e+03 inf =   2.816e-02 (14286) 3
*322521: obj =   8.929063285e+03 inf =   2.680e-02 (157098) 3
*322826: obj =   8.929062316e+03 inf =   2.686e-02 (157093) 3
*323087: obj =   8.929062316e+03 inf =   2.651e-02 (157113) 2
*323367: obj =   8.929061229e+03 inf =   2.621e-02 (157114) 3
*323667: obj =   8.929059382e+03 inf =   2.594e-02 (157117) 3
*323971: obj =   8.929049079e+03 inf =   2.542e-02 (157158) 3
*324279: obj =   8.869939482e+03 inf =   2.397e-02 (16620) 3
*324560: obj =   8.869938324e+03 inf =   2.426e-02 (16625) 3
*324839: obj =   8.869936768e+03 inf =   2.464e-02 (16558) 2
*325146: obj =   8.869936056e+03 inf =   2.542e-02 (16510) 3
*325455: obj =   8.869935300e+03 inf =   2.572e-02 (16430) 3
*325768: obj =   8.869935004e+03 inf =   2.589e-02 (16405) 3
*326091: obj =   8.869934747e+03 inf =   2.554e-02 (16364) 3
*326420: obj =   8.869934555e+03 inf =   2.521e-02 (16311) 3
*326753: obj =   8.869934315e+03 inf =   2.390e-02 (16290) 4
*327081: obj =   8.868685523e+03 inf =   2.356e-02 (16087) 3
*327428: obj =   8.868681677e+03 inf =   2.399e-02 (15770) 3
*327765: obj =   8.868680751e+03 inf =   2.458e-02 (15610) 3
*328108: obj =   8.865709482e+03 inf =   2.453e-02 (15099) 3
*328490: obj =   8.865707857e+03 inf =   2.471e-02 (14852) 3
*328823: obj =   8.865707339e+03 inf =   2.415e-02 (14718) 3
*329145: obj =   8.865706900e+03 inf =   2.472e-02 (14477) 3
*329471: obj =   8.865706693e+03 inf =   2.488e-02 (14246) 3
*329810: obj =   8.865706645e+03 inf =   2.496e-02 (14048) 3
*330167: obj =   8.865706640e+03 inf =   2.449e-02 (13944) 3
*330520: obj =   8.865706576e+03 inf =   2.415e-02 (13865) 3
*330871: obj =   8.865706552e+03 inf =   2.402e-02 (13801) 3
*331212: obj =   8.861106577e+03 inf =   2.370e-02 (13766) 3
*331543: obj =   8.859178185e+03 inf =   2.347e-02 (15196) 3
*331888: obj =   8.856794848e+03 inf =   2.323e-02 (15419) 2
*332169: obj =   8.856794502e+03 inf =   2.330e-02 (15341) 3
*332457: obj =   8.856794177e+03 inf =   2.338e-02 (15264) 2
*332771: obj =   8.856793964e+03 inf =   2.327e-02 (15171) 3
*333085: obj =   8.856793825e+03 inf =   2.280e-02 (15112) 3
*333444: obj =   8.853619699e+03 inf =   2.276e-02 (14643) 1
*333787: obj =   8.832905444e+03 inf =   2.255e-02 (14309) 1
*334086: obj =   8.832905283e+03 inf =   2.260e-02 (14259) 3
*334395: obj =   8.822867845e+03 inf =   2.249e-02 (12027) 3
*334689: obj =   8.822867337e+03 inf =   2.221e-02 (12023) 3
*334982: obj =   8.822867090e+03 inf =   2.229e-02 (11952) 3
*335252: obj =   8.822866943e+03 inf =   2.227e-02 (11916) 2
*335602: obj =   8.818001396e+03 inf =   2.205e-02 (14976) 3
*335934: obj =   8.818000908e+03 inf =   2.182e-02 (14948) 3
*336261: obj =   8.818000461e+03 inf =   2.308e-02 (14893) 4
*336644: obj =   8.818000352e+03 inf =   2.291e-02 (14780) 3
*337012: obj =   8.818000226e+03 inf =   2.294e-02 (14711) 4
*337345: obj =   8.818000075e+03 inf =   2.296e-02 (14634) 3
*337709: obj =   8.817999961e+03 inf =   2.299e-02 (14600) 4
*338091: obj =   8.817999847e+03 inf =   2.262e-02 (14506) 3
*338467: obj =   8.817999773e+03 inf =   2.248e-02 (14434) 4
*338779: obj =   8.817999707e+03 inf =   2.224e-02 (14352) 3
*339143: obj =   8.817987679e+03 inf =   2.206e-02 (15598) 3
*339487: obj =   8.817987545e+03 inf =   2.236e-02 (15507) 4
*339849: obj =   8.817987455e+03 inf =   2.293e-02 (15444) 3
*340212: obj =   8.817870777e+03 inf =   2.291e-02 (14984) 3
*340555: obj =   8.817870506e+03 inf =   2.309e-02 (14893) 3
*340883: obj =   8.817869051e+03 inf =   2.297e-02 (14711) 4
*341192: obj =   8.817867566e+03 inf =   2.343e-02 (14525) 2
*341496: obj =   8.817866485e+03 inf =   2.413e-02 (14315) 3
*341784: obj =   8.817865496e+03 inf =   2.490e-02 (14124) 3
*342089: obj =   8.817864861e+03 inf =   2.487e-02 (13929) 3
*342398: obj =   8.817864298e+03 inf =   2.511e-02 (13769) 3
*342719: obj =   8.817864003e+03 inf =   2.493e-02 (13569) 3
*343028: obj =   8.817863856e+03 inf =   2.445e-02 (13434) 3
*343387: obj =   8.817863743e+03 inf =   2.451e-02 (13246) 4
*343743: obj =   8.817863609e+03 inf =   2.452e-02 (13078) 3
*344088: obj =   8.817863576e+03 inf =   2.456e-02 (13017) 4
*344452: obj =   8.816001326e+03 inf =   2.456e-02 (14633) 3
*344759: obj =   8.816001205e+03 inf =   2.430e-02 (14707) 3
*345036: obj =   8.816000853e+03 inf =   2.480e-02 (14684) 3
*345342: obj =   8.816000506e+03 inf =   2.536e-02 (14635) 3
*345679: obj =   8.816000329e+03 inf =   2.606e-02 (14603) 3
*346013: obj =   8.816000041e+03 inf =   2.608e-02 (14559) 4
*346379: obj =   8.815999768e+03 inf =   2.644e-02 (14522) 3
*346749: obj =   8.815999701e+03 inf =   2.589e-02 (14413) 4
*347125: obj =   8.815999621e+03 inf =   2.485e-02 (14327) 3
*347475: obj =   8.815999506e+03 inf =   2.413e-02 (14283) 4
*347804: obj =   8.815999408e+03 inf =   2.393e-02 (14196) 3
*348164: obj =   8.815999298e+03 inf =   2.343e-02 (14097) 3
*348511: obj =   8.815942507e+03 inf =   2.280e-02 (11876) 4
*348853: obj =   8.815938275e+03 inf =   2.313e-02 (11852) 3
*349178: obj =   8.815936591e+03 inf =   2.277e-02 (11811) 3
*349487: obj =   8.815934867e+03 inf =   2.345e-02 (11758) 3
*349824: obj =   8.815934083e+03 inf =   2.412e-02 (11645) 3
*350144: obj =   8.815933650e+03 inf =   2.449e-02 (11572) 3
*350465: obj =   8.815933227e+03 inf =   2.479e-02 (11508) 2
*350789: obj =   8.815932649e+03 inf =   2.559e-02 (11459) 3
*351126: obj =   8.815932208e+03 inf =   2.613e-02 (11389) 4
*351458: obj =   8.815932012e+03 inf =   2.584e-02 (11295) 3
*351817: obj =   8.815931931e+03 inf =   2.562e-02 (11219) 3
*352171: obj =   8.815931818e+03 inf =   2.561e-02 (11159) 3
*352547: obj =   8.815931736e+03 inf =   2.590e-02 (11017) 3
*352915: obj =   8.794931780e+03 inf =   2.553e-02 (10875) 2
*353335: obj =   8.715931967e+03 inf =   2.558e-02 (10803) 2
*353760: obj =   8.605932263e+03 inf =   2.593e-02 (10726) 1
*354170: obj =   8.550932328e+03 inf =   2.593e-02 (10640) 2
*354611: obj =   8.442932632e+03 inf =   2.579e-02 (10603) 1
*355004: obj =   8.379932720e+03 inf =   2.570e-02 (10569) 2
*355417: obj =   8.281932943e+03 inf =   2.560e-02 (10508)
*355853: obj =   8.180933183e+03 inf =   2.560e-02 (10478) 1
*356215: obj =   8.122933299e+03 inf =   2.543e-02 (10400) 2
*356643: obj =   8.040910576e+03 inf =   2.515e-02 (13311) 1
*357063: obj =   8.040864567e+03 inf =   2.501e-02 (12652)
*357379: obj =   8.040864416e+03 inf =   2.491e-02 (12544) 3
*357748: obj =   8.038864360e+03 inf =   2.461e-02 (12256) 3
*358118: obj =   8.035002549e+03 inf =   2.434e-02 (16528) 3
*358438: obj =   8.035001707e+03 inf =   2.506e-02 (16481) 3
*358774: obj =   8.034823863e+03 inf =   2.438e-02 (14126) 3
*359094: obj =   8.034823602e+03 inf =   2.370e-02 (13946) 3
*359388: obj =   8.034823368e+03 inf =   2.450e-02 (13777) 3
*359748: obj =   8.027621675e+03 inf =   2.384e-02 (14448) 2
*360105: obj =   8.009002923e+03 inf =   2.362e-02 (16628) 3
*360415: obj =   8.009002118e+03 inf =   2.437e-02 (16565) 3
*360757: obj =   8.009001665e+03 inf =   2.506e-02 (16475) 3
*361138: obj =   8.009001254e+03 inf =   2.565e-02 (16413) 4
*361518: obj =   7.998361082e+03 inf =   2.522e-02 (16709) 3
*361896: obj =   7.996867015e+03 inf =   2.498e-02 (12455) 3
*362270: obj =   7.994631945e+03 inf =   2.462e-02 (14721) 3
*362652: obj =   7.984001371e+03 inf =   2.421e-02 (16362) 3
*363027: obj =   7.984001361e+03 inf =   2.397e-02 (16365) 3
*363400: obj =   7.983933999e+03 inf =   2.420e-02 (9567) 4
*363763: obj =   7.983841701e+03 inf =   2.325e-02 (13880) 3
*364137: obj =   7.958222813e+03 inf =   2.256e-02 (11773) 2
*364443: obj =   7.956866963e+03 inf =   2.212e-02 (11611) 3
*364764: obj =   7.953380452e+03 inf =   2.190e-02 (13195) 3
*365094: obj =   7.945002341e+03 inf =   2.205e-02 (16462) 3
*365420: obj =   7.945001487e+03 inf =   2.316e-02 (16421) 3
*365809: obj =   7.945001289e+03 inf =   2.326e-02 (16394) 4
*366189: obj =   7.945001043e+03 inf =   2.293e-02 (16305) 3
*366559: obj =   7.944966648e+03 inf =   2.273e-02 (16520) 4
*366974: obj =   7.897966681e+03 inf =   2.275e-02 (16507) 1
*367354: obj =   7.868935045e+03 inf =   2.290e-02 (9702) 3
*367708: obj =   7.868934685e+03 inf =   2.320e-02 (9637) 3
*368155: obj =   7.791934882e+03 inf =   2.306e-02 (9578) 1
*368540: obj =   7.777934900e+03 inf =   2.306e-02 (9513) 3
*369001: obj =   7.689935153e+03 inf =   2.306e-02 (9485)
*369415: obj =   7.648935230e+03 inf =   2.300e-02 (9391) 2
*369877: obj =   7.576935359e+03 inf =   2.295e-02 (9366)
*370339: obj =   7.507935467e+03 inf =   2.296e-02 (9319)
*370738: obj =   7.487001927e+03 inf =   2.281e-02 (17937) 2
*371102: obj =   7.481002148e+03 inf =   2.225e-02 (17933) 4
*371468: obj =   7.481002015e+03 inf =   2.199e-02 (17934) 3
*371817: obj =   7.478943240e+03 inf =   2.205e-02 (17718) 4
*372282: obj =   7.405941963e+03 inf =   2.204e-02 (18079)
*372713: obj =   7.366940512e+03 inf =   2.203e-02 (18353) 1
*373167: obj =   7.316937545e+03 inf =   2.204e-02 (18742)
*373552: obj =   7.306542496e+03 inf =   2.179e-02 (14383) 3
*373933: obj =   7.296229058e+03 inf =   2.123e-02 (11575) 2
*374276: obj =   7.260453090e+03 inf =   2.074e-02 (13035) 3
*374602: obj =   7.258002823e+03 inf =   2.173e-02 (19101) 3
*374998: obj =   7.258002665e+03 inf =   2.190e-02 (19082) 3
*375340: obj =   7.258002469e+03 inf =   2.188e-02 (19023) 4
*375714: obj =   7.258002281e+03 inf =   2.171e-02 (18959) 3
*376098: obj =   7.258002116e+03 inf =   2.148e-02 (18887) 4
*376471: obj =   7.258002038e+03 inf =   2.141e-02 (18876) 4
*376845: obj =   7.258001938e+03 inf =   2.077e-02 (18873) 3
*377208: obj =   7.257994970e+03 inf =   2.042e-02 (19843) 4
*377587: obj =   7.257905585e+03 inf =   2.065e-02 (13981) 3
*377961: obj =   7.257905092e+03 inf =   2.068e-02 (13857) 3
*378287: obj =   7.257904535e+03 inf =   2.096e-02 (13692) 3
*378634: obj =   7.257904231e+03 inf =   2.121e-02 (13478) 3
*379004: obj =   7.257904135e+03 inf =   2.074e-02 (13265) 3
*379353: obj =   7.257903876e+03 inf =   2.073e-02 (13074) 3
*379719: obj =   7.257903801e+03 inf =   2.063e-02 (12951) 3
*380092: obj =   7.257903736e+03 inf =   2.044e-02 (12727) 3
*380474: obj =   7.257903699e+03 inf =   2.028e-02 (12462) 3
*380879: obj =   7.257903587e+03 inf =   2.004e-02 (11965) 2
*381305: obj =   7.255002716e+03 inf =   1.992e-02 (19301) 1
*381683: obj =   7.255002526e+03 inf =   2.066e-02 (19267) 4
*382058: obj =   7.255002404e+03 inf =   2.076e-02 (19203) 3
*382419: obj =   7.255002324e+03 inf =   2.093e-02 (19160) 4
*382789: obj =   7.255002169e+03 inf =   2.057e-02 (19104) 3
*383148: obj =   7.255002115e+03 inf =   1.980e-02 (19077) 4
*383459: obj =   7.255001342e+03 inf =   1.905e-02 (19046) 3
*383826: obj =   7.254820239e+03 inf =   1.944e-02 (15141) 3
*384192: obj =   7.254808665e+03 inf =   1.952e-02 (14896) 3
*384529: obj =   7.254807840e+03 inf =   1.945e-02 (14763) 4
*384833: obj =   7.254805887e+03 inf =   2.117e-02 (14614) 2
*385095: obj =   7.254804882e+03 inf =   2.210e-02 (14512) 3
*385377: obj =   7.254803781e+03 inf =   2.319e-02 (14301) 2
*385644: obj =   7.254803022e+03 inf =   2.383e-02 (14174) 3
*385863: obj =   7.254802478e+03 inf =   2.429e-02 (14057) 1
*386134: obj =   7.254801726e+03 inf =   2.454e-02 (13896) 3
*386429: obj =   7.254800914e+03 inf =   2.534e-02 (13757) 3
*386739: obj =   7.254800432e+03 inf =   2.567e-02 (13639) 2
*387068: obj =   7.254800229e+03 inf =   2.529e-02 (13476) 3
*387408: obj =   7.254800016e+03 inf =   2.497e-02 (13407) 4
*387735: obj =   7.254799789e+03 inf =   2.455e-02 (13296) 3
*388051: obj =   7.254799417e+03 inf =   2.351e-02 (13242) 3
*388381: obj =   7.254799235e+03 inf =   2.282e-02 (13141) 3
*388718: obj =   7.254799078e+03 inf =   2.198e-02 (13060) 3
*389080: obj =   7.253867961e+03 inf =   2.147e-02 (11298) 2
*389361: obj =   7.253867844e+03 inf =   2.088e-02 (11274) 3
*389667: obj =   7.253867684e+03 inf =   2.042e-02 (11169) 3
*390053: obj =   7.252005209e+03 inf =   2.030e-02 (19761) 2
*390425: obj =   7.252004870e+03 inf =   1.994e-02 (19803) 4
*390788: obj =   7.252004569e+03 inf =   2.039e-02 (19771) 3
*391117: obj =   7.252004152e+03 inf =   2.027e-02 (19699) 3
*391486: obj =   7.252003808e+03 inf =   2.009e-02 (19616) 4
*391834: obj =   7.251985360e+03 inf =   2.000e-02 (19981) 3
*392187: obj =   7.251985109e+03 inf =   2.002e-02 (19866) 3
*392552: obj =   7.251870247e+03 inf =   1.975e-02 (12028) 3
*392882: obj =   7.251869445e+03 inf =   2.014e-02 (11865) 3
*393206: obj =   7.251869117e+03 inf =   2.025e-02 (11703) 4
*393519: obj =   7.251868792e+03 inf =   2.044e-02 (11559) 3
*393842: obj =   7.251868623e+03 inf =   2.062e-02 (11384) 3
*394224: obj =   7.251868527e+03 inf =   1.995e-02 (11163) 3
*394564: obj =   7.250004274e+03 inf =   1.968e-02 (19569) 3
*394900: obj =   7.250003826e+03 inf =   2.049e-02 (19536) 4
*395270: obj =   7.250003673e+03 inf =   2.101e-02 (19508) 3
*395620: obj =   7.250003342e+03 inf =   2.096e-02 (19447) 4
*395987: obj =   7.249984881e+03 inf =   2.088e-02 (19757) 3
*396348: obj =   7.249984793e+03 inf =   2.061e-02 (19651) 3
*396707: obj =   7.248953289e+03 inf =   2.057e-02 (19298) 3
*397087: obj =   7.237953338e+03 inf =   2.037e-02 (19356) 2
*397516: obj =   7.207953447e+03 inf =   2.005e-02 (19641) 1
*397923: obj =   7.197953451e+03 inf =   1.980e-02 (19725) 2
*398369: obj =   7.181953520e+03 inf =   1.980e-02 (20153)
*398781: obj =   7.173953453e+03 inf =   1.971e-02 (20393) 1
*399157: obj =   7.169953266e+03 inf =   1.955e-02 (20241) 2
*399523: obj =   7.166953036e+03 inf =   1.941e-02 (20083) 2
*399848: obj =   7.164952910e+03 inf =   1.984e-02 (19994) 3
*400183: obj =   7.161952656e+03 inf =   2.046e-02 (19861) 2
*400520: obj =   7.155952397e+03 inf =   2.125e-02 (19648) 3
*400855: obj =   7.154952198e+03 inf =   2.149e-02 (19525) 3
*401177: obj =   7.146951930e+03 inf =   2.193e-02 (19386) 2
*401489: obj =   7.139951660e+03 inf =   2.252e-02 (19256) 3
*401847: obj =   7.132951243e+03 inf =   2.244e-02 (19064) 2
*402169: obj =   7.131950799e+03 inf =   2.208e-02 (18960) 3
*402517: obj =   7.119967013e+03 inf =   2.196e-02 (18853) 2
*402889: obj =   7.056966795e+03 inf =   2.205e-02 (18677) 3
*403434: obj =   6.701966622e+03 inf =   2.196e-02 (18360) 1
*404007: obj =   6.300966436e+03 inf =   2.214e-02 (18011) 1
*404352: obj =   6.255966413e+03 inf =   2.231e-02 (17877) 2
*404723: obj =   6.191966304e+03 inf =   2.254e-02 (17749) 3
*405175: obj =   5.972966178e+03 inf =   2.273e-02 (17517) 2
*405565: obj =   5.792966052e+03 inf =   2.265e-02 (17310) 1
*405934: obj =   5.663965971e+03 inf =   2.261e-02 (17164) 2
*406344: obj =   5.527965914e+03 inf =   2.231e-02 (17002) 3
*406925: obj =   5.114965670e+03 inf =   2.230e-02 (16626) 1
*407265: obj =   5.085965647e+03 inf =   2.050e-02 (16536) 2
*407679: obj =   4.949965555e+03 inf =   1.987e-02 (16329) 3
*408109: obj =   4.697965540e+03 inf =   1.992e-02 (16059) 1
*408688: obj =   4.249965300e+03 inf =   1.994e-02 (15597) 1
*409236: obj =   3.866965034e+03 inf =   1.973e-02 (15170) 1
*409685: obj =   3.626964855e+03 inf =   1.963e-02 (14862) 2
*410031: obj =   3.618998676e+03 inf =   1.873e-02 (14915) 3
*410544: obj =   3.349998513e+03 inf =   1.812e-02 (14599) 2
*410974: obj =   3.160998424e+03 inf =   1.776e-02 (14317) 2
*411677: obj =   2.555998175e+03 inf =   1.766e-02 (13658) 1
*412173: obj =   2.280997950e+03 inf =   1.759e-02 (13369) 2
*412500: obj =   2.280997840e+03 inf =   1.763e-02 (13358) 3
*412793: obj =   2.280997753e+03 inf =   1.739e-02 (13270) 3
*413116: obj =   2.278964389e+03 inf =   1.771e-02 (13590) 3
*413363: obj =   2.278964331e+03 inf =   1.797e-02 (13516) 2
*413656: obj =   2.278964278e+03 inf =   1.783e-02 (13422) 2
*413993: obj =   2.256930988e+03 inf =   1.798e-02 (3162) 3
*414620: obj =   1.752930786e+03 inf =   1.778e-02 (2648) 1
*414938: obj =   1.752930648e+03 inf =   1.723e-02 (2583) 3
*415293: obj =   1.708064176e+03 inf =   1.710e-02 (12983) 3
*416016: obj =   1.021063955e+03 inf =   1.708e-02 (12289)
*416479: obj =   7.849973130e+02 inf =   1.669e-02 (11605) 2
*417086: obj =   3.309972342e+02 inf =   1.671e-02 (11147) 2
*417420: obj =   3.309971324e+02 inf =   1.683e-02 (11129) 3
*417737: obj =   3.309970107e+02 inf =   1.699e-02 (11102) 3
*418027: obj =   3.309968520e+02 inf =   1.656e-02 (11073) 3
*418334: obj =   3.284406581e+02 inf =   1.663e-02 (11701) 2
*418757: obj =   6.961772928e+01 inf =   1.670e-02 (11358) 2
*419054: obj =   6.766480194e+01 inf =   1.658e-02 (11145) 2
*419366: obj =   6.493271728e+01 inf =   1.682e-02 (1271) 2
*419686: obj =   6.493211422e+01 inf =   1.662e-02 (1223) 3
*419999: obj =   6.493172233e+01 inf =   1.649e-02 (1147) 3
*420310: obj =   6.493136520e+01 inf =   1.656e-02 (1084) 3
*420623: obj =   6.399687892e+01 inf =   1.626e-02 (10579) 3
*420883: obj =   6.399678567e+01 inf =   1.579e-02 (10498) 3
*421174: obj =   6.399665638e+01 inf =   1.553e-02 (10431) 2
*421473: obj =   6.399638134e+01 inf =   1.520e-02 (10378) 3
*421806: obj =   5.493356125e+01 inf =   1.525e-02 (1129) 3
*422150: obj =   5.493299426e+01 inf =   1.525e-02 (1091) 3
*422425: obj =   5.493190381e+01 inf =   1.556e-02 (1007) 3
*422707: obj =   5.493148076e+01 inf =   1.565e-02 (946) 3
*423040: obj =   5.493124265e+01 inf =   1.578e-02 (855) 3
*423394: obj =   5.430824244e+01 inf =   1.586e-02 (10843) 4
*423746: obj =   4.930819411e+01 inf =   1.560e-02 (10721) 3
*424127: obj =   4.793120442e+01 inf =   1.557e-02 (771) 1
*424415: obj =   4.699655162e+01 inf =   1.526e-02 (10032) 3
*424686: obj =   4.699641107e+01 inf =   1.507e-02 (9969) 3
*424951: obj =   4.699555496e+01 inf =   1.495e-02 (9864) 2
*425238: obj =   4.693345137e+01 inf =   1.501e-02 (993) 2
*425516: obj =   4.693174713e+01 inf =   1.522e-02 (954) 3
*425819: obj =   4.693141630e+01 inf =   1.554e-02 (824) 3
*426115: obj =   4.506176268e+01 inf =   1.520e-02 (147740) 3
*426437: obj =   4.493134002e+01 inf =   1.542e-02 (700) 3
*426813: obj =   4.199666002e+01 inf =   1.517e-02 (9937) 3
*427215: obj =   3.793132708e+01 inf =   1.515e-02 (549) 1
*427576: obj =   3.599663167e+01 inf =   1.508e-02 (9548) 4
*427977: obj =   3.299664274e+01 inf =   1.505e-02 (9252)
*428368: obj =   3.299655203e+01 inf =   1.492e-02 (8936) 2
*428667: obj =   3.299643034e+01 inf =   1.469e-02 (8884) 3
*428966: obj =   3.198904891e+01 inf =   1.458e-02 (9121) 2
*429276: obj =   3.193238820e+01 inf =   1.473e-02 (658) 3
*429559: obj =   3.193155442e+01 inf =   1.493e-02 (540) 3
*429888: obj =   3.193136164e+01 inf =   1.513e-02 (427) 3
*430267: obj =   2.799654914e+01 inf =   1.491e-02 (8909) 3
*430562: obj =   2.799642396e+01 inf =   1.465e-02 (8808) 3
*430868: obj =   2.793466330e+01 inf =   1.463e-02 (582) 3
*431117: obj =   2.793448899e+01 inf =   1.488e-02 (556) 2
*431402: obj =   2.793194701e+01 inf =   1.496e-02 (518) 3
*431721: obj =   2.793163138e+01 inf =   1.492e-02 (458) 3
*432078: obj =   2.699649400e+01 inf =   1.490e-02 (8959) 4
*432432: obj =   2.699642894e+01 inf =   1.457e-02 (8685) 2
*432766: obj =   2.699611379e+01 inf =   1.454e-02 (8497) 3
*433064: obj =   2.593468771e+01 inf =   1.451e-02 (590)
*433388: obj =   2.593187807e+01 inf =   1.467e-02 (541) 4
*433726: obj =   2.593163354e+01 inf =   1.489e-02 (425) 3
*434103: obj =   2.499643496e+01 inf =   1.485e-02 (8257) 2
*434450: obj =   2.499632306e+01 inf =   1.457e-02 (8038) 3
*434760: obj =   2.499611226e+01 inf =   1.440e-02 (7941) 3
*435061: obj =   2.498728546e+01 inf =   1.440e-02 (7923)
*435353: obj =   2.497328479e+01 inf =   1.456e-02 (7694) 2
*435647: obj =   2.486730749e+01 inf =   1.487e-02 (5635) 3
*435969: obj =   2.099626098e+01 inf =   1.497e-02 (7240) 2
*436356: obj =   1.998197606e+01 inf =   1.500e-02 (7001)
*436729: obj =   1.998195576e+01 inf =   1.500e-02 (6607)
*437103: obj =   1.899624273e+01 inf =   1.504e-02 (6239) 2
*437457: obj =   1.897781980e+01 inf =   1.500e-02 (5990)
*437814: obj =   1.897781700e+01 inf =   1.500e-02 (5612) 1
*438186: obj =   1.897780593e+01 inf =   1.500e-02 (5226)
*438565: obj =   1.799621691e+01 inf =   1.496e-02 (4847) 1
*438956: obj =   1.799620134e+01 inf =   1.497e-02 (4434)
*439351: obj =   1.597780828e+01 inf =   1.487e-02 (4171) 1
*439736: obj =   1.499617672e+01 inf =   1.489e-02 (3786)
*440151: obj =   1.499617672e+01 inf =   1.489e-02 (3362)
*440527: obj =   1.498009686e+01 inf =   1.489e-02 (3015) 1
*440853: obj =   1.498009542e+01 inf =   1.489e-02 (2684)
*441225: obj =   1.498009542e+01 inf =   1.489e-02 (2308)
*441606: obj =   1.498009219e+01 inf =   1.489e-02 (1908)
*441988: obj =   1.498009072e+01 inf =   1.489e-02 (1521)
*442371: obj =   1.498009039e+01 inf =   1.487e-02 (1170)
*442767: obj =   1.399622300e+01 inf =   1.490e-02 (790) 1
*443176: obj =   1.193172080e+01 inf =   1.492e-02 (280)
*443538: obj =   9.964046944e+00 inf =   1.501e-02 (326) 3
*443912: obj =   1.931879228e+00 inf =   1.505e-02 (109) 2
Removing LP perturbation [444131]...
*444131: obj =   0.000000000e+00 inf =   1.110e-16 (0) 3
OPTIMAL LP SOLUTION FOUND
Integer optimization begins...
Long-step dual simplex will be used
+444131: mip =     not found yet >=              -inf        (1; 0)
+444131: >>>>>   0.000000000e+00 >=   0.000000000e+00   0.0% (1; 0)
+444131: mip =   0.000000000e+00 >=     tree is empty   0.0% (0; 1)
INTEGER OPTIMAL SOLUTION FOUND
Time used:   6317.1 secs
Memory used: 425.0 Mb (445684193 bytes)
Writing MIP solution to 'input/higgs-twitter.html/higgs-mention_network.edgelist.gz.144.lp.sol'...
Objective:  obj = 0 (MINimum)
