Version 1.2 launched as -e 0.1 12 input/soc-Slashdot0902.html/soc-Slashdot0902.txt.gz 705


Execution time and memory used at after reading from file: 7.516000e+01 seconds, 52723712 bytes of memory usage, 51524 kB of memory peak and 01:15 elapsed time
Statistics on the network after reading from file
	Number of nodes: 82168
	Number of allocated nodes: 82944
	Number of edges: 870161
	Maximum in degree: 2552 (node 2494)
	Maximum out degree: 2510 (node 2494)

Execution time and memory used at after adding costs: 7.518000e+01 seconds, 52723712 bytes of memory usage, 51524 kB of memory peak and 01:15 elapsed time
Statistics on the network after adding costs
	Number of nodes: 82168
	Number of allocated nodes: 82944
	Number of edges: 870161
	Maximum in degree: 2552 (node 2494)
	Maximum out degree: 2510 (node 2494)

Execution time and memory used at before starting main computation: 7.813000e+01 seconds, 54886400 bytes of memory usage, 54440 kB of memory peak and 01:18 elapsed time
Statistics on the network before starting main computation
	Number of nodes: 82168
	Number of allocated nodes: 82944
	Number of edges: 870161
	Maximum in degree: 2552 (node 2494)
	Maximum out degree: 2510 (node 2494)
	source 515 (node 2494) with out degree 2510
	target 369 (node 398) with in degree 2354

Execution time and memory used at after iteration 1 (MF = 1607.198933): 1.797750e+03 seconds, 850579456 bytes of memory usage, 1113424 kB of memory peak and 29:57 elapsed time
Statistics on the network after iteration 1 (MF = 1607.198933)
	Number of nodes: 82168
	Number of allocated nodes: 82944
	Number of edges: 870161
	Maximum in degree: 2552 (node 2494)
	Maximum out degree: 2510 (node 2494)
	source 515 (node 2494) with out degree 2510
	target 369 (node 398) with in degree 2354

Execution time and memory used at after iteration 2 (MF = 1180.209601): 2.476130e+03 seconds, 850579456 bytes of memory usage, 1116200 kB of memory peak and 41:16 elapsed time
Statistics on the network after iteration 2 (MF = 1180.209601)
	Number of nodes: 82168
	Number of allocated nodes: 82944
	Number of edges: 870161
	Maximum in degree: 2552 (node 2494)
	Maximum out degree: 2510 (node 2494)
	source 515 (node 2494) with out degree 2510
	target 369 (node 398) with in degree 2354

Execution time and memory used at after iteration 3 (MF = 1167.124457): 7.190387e+04 seconds, 2699108352 bytes of memory usage, 2717668 kB of memory peak and 19:58:28 elapsed time
Statistics on the network after iteration 3 (MF = 1167.124457)
	Number of nodes: 82168
	Number of allocated nodes: 82944
	Number of edges: 870161
	Maximum in degree: 2552 (node 2494)
	Maximum out degree: 2510 (node 2494)
	source 515 (node 2494) with out degree 2510
	target 369 (node 398) with in degree 2354
