	Command being timed: "/usr/app/src/main 5 input/sx-mathoverflow.html/sx-mathoverflow-c2a.txt.gz 0"
	User time (seconds): 119.59
	System time (seconds): 0.04
	Percent of CPU this job got: 100%
	Elapsed (wall clock) time (h:mm:ss or m:ss): 1:59.62
	Average shared text size (kbytes): 0
	Average unshared data size (kbytes): 0
	Average stack size (kbytes): 0
	Average total size (kbytes): 0
	Maximum resident set size (kbytes): 9188
	Average resident set size (kbytes): 0
	Major (requiring I/O) page faults: 0
	Minor (reclaiming a frame) page faults: 9162
	Voluntary context switches: 103
	Involuntary context switches: 368
	Swaps: 0
	File system inputs: 0
	File system outputs: 35544
	Socket messages sent: 0
	Socket messages received: 0
	Signals delivered: 0
	Page size (bytes): 4096
	Exit status: 0
