GLPSOL--GLPK LP/MIP Solver 5.0
Parameter(s) specified in the command line:
 --lp input/sx-superuser.html/sx-superuser-c2q.txt.gz.11.lp -o input/sx-superuser.html/sx-superuser-c2q.txt.gz.11.lp.sol
Reading problem data from 'input/sx-superuser.html/sx-superuser-c2q.txt.gz.11.lp'...
238338 rows, 569260 columns, 1191677 non-zeros
569260 integer variables, all of which are binary
807603 lines were read
GLPK Integer Optimizer 5.0
238338 rows, 569260 columns, 1191677 non-zeros
569260 integer variables, all of which are binary
Preprocessing...
238307 rows, 569226 columns, 1179059 non-zeros
569226 integer variables, all of which are binary
Scaling...
 A: min|aij| =  1.000e+00  max|aij| =  1.000e+00  ratio =  1.000e+00
Problem data seem to be well scaled
Constructing initial basis...
Size of triangular part is 238307
Solving LP relaxation...
GLPK Simplex Optimizer 5.0
238307 rows, 569226 columns, 1179059 non-zeros
      0: obj =   0.000000000e+00 inf =   1.150e+02 (115)
    115: obj =   1.529639013e+11 inf =   0.000e+00 (0)
Perturbing LP to avoid stalling [327]...
*   589: obj =   1.344244721e+11 inf =   0.000e+00 (167) 2
*   986: obj =   1.344244721e+11 inf =   0.000e+00 (194) 3
*  1358: obj =   1.344244721e+11 inf =   0.000e+00 (244) 3
*  1710: obj =   1.344244721e+11 inf =   0.000e+00 (298) 3
*  2041: obj =   1.344244721e+11 inf =   0.000e+00 (313) 3
*  2365: obj =   1.344244721e+11 inf =   0.000e+00 (531) 3
*  2626: obj =   1.344244721e+11 inf =   0.000e+00 (543) 2
*  2930: obj =   1.344244721e+11 inf =   0.000e+00 (585) 2
*  3229: obj =   1.344244721e+11 inf =   0.000e+00 (587) 3
*  3527: obj =   1.344244721e+11 inf =   0.000e+00 (571) 3
*  3821: obj =   1.344244721e+11 inf =   0.000e+00 (567) 3
*  4115: obj =   1.344244721e+11 inf =   0.000e+00 (563) 2
*  4406: obj =   1.344244721e+11 inf =   0.000e+00 (591) 3
*  4692: obj =   1.344244721e+11 inf =   0.000e+00 (605) 3
*  4972: obj =   1.344244721e+11 inf =   0.000e+00 (614) 3
*  5254: obj =   1.344244721e+11 inf =   0.000e+00 (607) 2
*  5530: obj =   1.344244721e+11 inf =   0.000e+00 (614) 3
*  5802: obj =   1.344244721e+11 inf =   0.000e+00 (598) 3
*  6075: obj =   1.344244721e+11 inf =   0.000e+00 (606) 2
*  6345: obj =   1.344244721e+11 inf =   0.000e+00 (621) 3
*  6616: obj =   1.344244721e+11 inf =   0.000e+00 (617) 2
*  6880: obj =   1.344244721e+11 inf =   0.000e+00 (619) 3
*  7144: obj =   1.344244721e+11 inf =   0.000e+00 (620) 2
*  7406: obj =   1.344244721e+11 inf =   0.000e+00 (629) 3
*  7666: obj =   1.344244721e+11 inf =   0.000e+00 (618) 3
*  7925: obj =   1.344244721e+11 inf =   0.000e+00 (615) 2
*  8183: obj =   1.344244721e+11 inf =   0.000e+00 (646) 2
*  8439: obj =   1.344244721e+11 inf =   0.000e+00 (639) 3
*  8692: obj =   1.344244721e+11 inf =   0.000e+00 (646) 3
*  8949: obj =   1.343789520e+11 inf =   0.000e+00 (3514) 2
*  9205: obj =   1.343789520e+11 inf =   0.000e+00 (3503) 3
*  9472: obj =   1.343789520e+11 inf =   0.000e+00 (3491) 2
*  9728: obj =   1.343789520e+11 inf =   0.000e+00 (3500) 3
*  9988: obj =   1.343789520e+11 inf =   0.000e+00 (3499) 2
* 10240: obj =   1.343789520e+11 inf =   3.524e-18 (3527) 3
* 10498: obj =   1.343789511e+11 inf =   1.174e-05 (3511) 2
* 10747: obj =   1.343789386e+11 inf =   1.300e-04 (3512) 3
* 11000: obj =   1.343789122e+11 inf =   2.626e-04 (3518) 2
* 11320: obj =   1.342274736e+11 inf =   2.562e-02 (3476) 3
* 11634: obj =   1.342274509e+11 inf =   3.379e-02 (3419) 3
* 11988: obj =   1.342274506e+11 inf =   3.376e-02 (3354) 3
* 12365: obj =   1.337711658e+11 inf =   3.427e-02 (3457) 4
* 12766: obj =   1.337711556e+11 inf =   3.432e-02 (3339) 3
* 13149: obj =   1.337711385e+11 inf =   3.335e-02 (3257) 3
* 13540: obj =   1.337711311e+11 inf =   3.167e-02 (3207) 3
* 13901: obj =   9.217018646e+10 inf =   2.919e-02 (7821) 2
* 14238: obj =   9.217014593e+10 inf =   2.525e-02 (7737) 4
* 14606: obj =   9.217011342e+10 inf =   2.419e-02 (7620) 3
* 14971: obj =   9.217008559e+10 inf =   2.296e-02 (7309) 4
* 15339: obj =   9.217005967e+10 inf =   2.142e-02 (7006) 3
* 15703: obj =   9.076239658e+10 inf =   1.927e-02 (6604) 3
* 16067: obj =   8.796854206e+10 inf =   1.870e-02 (6232) 2
* 16410: obj =   8.657980923e+10 inf =   1.668e-02 (1290) 4
* 16766: obj =   8.657866239e+10 inf =   1.475e-02 (5963) 2
* 17110: obj =   8.657864360e+10 inf =   1.368e-02 (5887) 2
* 17451: obj =   8.657862525e+10 inf =   1.279e-02 (5661) 3
* 17796: obj =   8.519036500e+10 inf =   1.530e-02 (1370) 2
* 18155: obj =   8.518917976e+10 inf =   1.532e-02 (5163) 1
* 18493: obj =   8.518916403e+10 inf =   1.452e-02 (4960) 4
* 18840: obj =   8.518910664e+10 inf =   1.601e-02 (4691) 2
* 19159: obj =   8.518903909e+10 inf =   1.640e-02 (4441) 2
* 19484: obj =   8.518900854e+10 inf =   1.688e-02 (4273) 3
* 19817: obj =   8.518891768e+10 inf =   1.828e-02 (4081) 3
* 20140: obj =   8.518878166e+10 inf =   2.050e-02 (3836) 2
* 20466: obj =   8.518871797e+10 inf =   2.044e-02 (3670) 3
* 20787: obj =   8.518856619e+10 inf =   2.140e-02 (3565) 2
* 21090: obj =   8.518840856e+10 inf =   2.473e-02 (3436) 2
* 21383: obj =   8.518835531e+10 inf =   2.779e-02 (3322) 3
* 21706: obj =   8.518815675e+10 inf =   2.975e-02 (3250) 2
* 21991: obj =   8.518801416e+10 inf =   3.068e-02 (3153) 3
* 22289: obj =   8.518789990e+10 inf =   3.199e-02 (3031) 2
* 22626: obj =   8.518758905e+10 inf =   3.063e-02 (2941) 3
* 22892: obj =   8.518745348e+10 inf =   3.375e-02 (2849) 2
* 23174: obj =   8.385993831e+10 inf =   3.550e-02 (2750) 3
* 23485: obj =   8.385989883e+10 inf =   3.382e-02 (2623) 3
* 23789: obj =   8.385986357e+10 inf =   3.123e-02 (2450) 3
* 24161: obj =   8.385980844e+10 inf =   3.080e-02 (2161) 2
* 24520: obj =   8.385976394e+10 inf =   3.075e-02 (1866) 2
* 24901: obj =   8.385972501e+10 inf =   3.021e-02 (1541) 1
* 25262: obj =   8.385970078e+10 inf =   2.910e-02 (1201) 3
* 25647: obj =   8.385967104e+10 inf =   2.788e-02 (879) 1
* 26034: obj =   8.385964658e+10 inf =   2.678e-02 (501) 1
* 26410: obj =   8.385964008e+10 inf =   2.581e-02 (170) 2
Removing LP perturbation [26628]...
* 26628: obj =   8.386296377e+10 inf =   0.000e+00 (0) 1
OPTIMAL LP SOLUTION FOUND
Integer optimization begins...
Long-step dual simplex will be used
+ 26628: mip =     not found yet >=              -inf        (1; 0)
+ 26628: >>>>>   8.386296376e+10 >=   8.386296376e+10   0.0% (1; 0)
+ 26628: mip =   8.386296376e+10 >=     tree is empty   0.0% (0; 1)
INTEGER OPTIMAL SOLUTION FOUND
Time used:   422.0 secs
Memory used: 652.0 Mb (683657220 bytes)
Writing MIP solution to 'input/sx-superuser.html/sx-superuser-c2q.txt.gz.11.lp.sol'...
Objective:  obj = 8.386296376e+10 (MINimum)
