Version 1.2 launched as -e 0.1 12 input/CollegeMsg.html/CollegeMsg.txt.gz 117


Execution time and memory used at after reading from file: 1.600000e-01 seconds, 15228928 bytes of memory usage, 14908 kB of memory peak and 00:01 elapsed time
Statistics on the network after reading from file
	Number of nodes: 1899
	Number of allocated nodes: 2048
	Number of edges: 20296
	Maximum in degree: 137 (node 32)
	Maximum out degree: 237 (node 9)

Execution time and memory used at before starting main computation: 1.700000e-01 seconds, 15228928 bytes of memory usage, 15388 kB of memory peak and 00:01 elapsed time
Statistics on the network before starting main computation
	Number of nodes: 1899
	Number of allocated nodes: 2048
	Number of edges: 20296
	Maximum in degree: 137 (node 32)
	Maximum out degree: 237 (node 9)
	source 8 (node 9) with out degree 237
	target 31 (node 32) with in degree 137

Execution time and memory used at after iteration 1 (MF = 146540269881.000000): 1.060000e+00 seconds, 33996800 bytes of memory usage, 38572 kB of memory peak and 00:02 elapsed time
Statistics on the network after iteration 1 (MF = 146540269881.000000)
	Number of nodes: 1899
	Number of allocated nodes: 2048
	Number of edges: 20296
	Maximum in degree: 137 (node 32)
	Maximum out degree: 237 (node 9)
	source 8 (node 9) with out degree 237
	target 31 (node 32) with in degree 137

Execution time and memory used at after iteration 2 (MF = 105160626915.000000): 1.380000e+00 seconds, 33996800 bytes of memory usage, 38628 kB of memory peak and 00:02 elapsed time
Statistics on the network after iteration 2 (MF = 105160626915.000000)
	Number of nodes: 1899
	Number of allocated nodes: 2048
	Number of edges: 20296
	Maximum in degree: 137 (node 32)
	Maximum out degree: 237 (node 9)
	source 8 (node 9) with out degree 237
	target 31 (node 32) with in degree 137

Execution time and memory used at after iteration 3 (MF = 91219863603.000000): 6.810000e+00 seconds, 36483072 bytes of memory usage, 38756 kB of memory peak and 00:07 elapsed time
Statistics on the network after iteration 3 (MF = 91219863603.000000)
	Number of nodes: 1899
	Number of allocated nodes: 2048
	Number of edges: 20296
	Maximum in degree: 137 (node 32)
	Maximum out degree: 237 (node 9)
	source 8 (node 9) with out degree 237
	target 31 (node 32) with in degree 137
