GLPSOL--GLPK LP/MIP Solver 5.0
Parameter(s) specified in the command line:
 --lp input/p2p-Gnutella25.html/p2p-Gnutella25.txt.gz.27.lp -o input/p2p-Gnutella25.html/p2p-Gnutella25.txt.gz.27.lp.sol
Reading problem data from 'input/p2p-Gnutella25.html/p2p-Gnutella25.txt.gz.27.lp'...
54708 rows, 132097 columns, 273527 non-zeros
132097 integer variables, all of which are binary
186810 lines were read
GLPK Integer Optimizer 5.0
54708 rows, 132097 columns, 273527 non-zeros
132097 integer variables, all of which are binary
Preprocessing...
54699 rows, 132086 columns, 273397 non-zeros
132086 integer variables, all of which are binary
Scaling...
 A: min|aij| =  1.000e+00  max|aij| =  1.000e+00  ratio =  1.000e+00
Problem data seem to be well scaled
Constructing initial basis...
Size of triangular part is 54699
Solving LP relaxation...
GLPK Simplex Optimizer 5.0
54699 rows, 132086 columns, 273397 non-zeros
      0: obj =   0.000000000e+00 inf =   3.600e+01 (36)
     36: obj =   1.914000000e+01 inf =   0.000e+00 (0)
Perturbing LP to avoid stalling [262]...
*  1680: obj =   4.440000000e+00 inf =   0.000e+00 (421) 8
*  2881: obj =   4.440000000e+00 inf =   0.000e+00 (490) 9
*  3913: obj =   4.440000000e+00 inf =   0.000e+00 (54995) 7
*  4872: obj =   4.440000000e+00 inf =   0.000e+00 (1468) 8
*  5765: obj =   4.440000000e+00 inf =   0.000e+00 (1507) 8
*  6632: obj =   4.440000000e+00 inf =   0.000e+00 (1372) 7
*  7485: obj =   4.440000000e+00 inf =   0.000e+00 (2064) 8
*  8355: obj =   4.440000000e+00 inf =   0.000e+00 (2005) 9
*  9213: obj =   4.440000000e+00 inf =   0.000e+00 (1952) 8
* 10055: obj =   4.440000000e+00 inf =   0.000e+00 (1928) 9
* 10907: obj =   4.440000000e+00 inf =   0.000e+00 (2082) 8
* 11746: obj =   4.440000000e+00 inf =   0.000e+00 (1952) 8
* 12584: obj =   4.440000000e+00 inf =   0.000e+00 (2011) 9
* 13434: obj =   2.880000000e+00 inf =   0.000e+00 (1932) 8
* 14273: obj =   2.879997995e+00 inf =   2.157e-04 (1782) 8
* 15118: obj =   2.561934176e+00 inf =   6.692e-03 (1747) 9
* 15977: obj =   1.777058156e+00 inf =   6.982e-03 (1479) 8
* 16840: obj =   1.349883798e+00 inf =   1.083e-02 (2972) 9
* 17701: obj =   1.349840882e+00 inf =   1.017e-02 (1566) 8
* 18539: obj =   1.349825638e+00 inf =   8.703e-03 (1342) 8
* 19410: obj =   6.998120085e-01 inf =   8.090e-03 (1035) 9
* 20528: obj =   6.997900581e-01 inf =   8.078e-03 (1274) 10
Removing LP perturbation [21777]...
* 21777: obj =   7.000000000e-01 inf =   0.000e+00 (0) 11
OPTIMAL LP SOLUTION FOUND
Integer optimization begins...
Long-step dual simplex will be used
+ 21777: mip =     not found yet >=              -inf        (1; 0)
+ 21777: >>>>>   7.000000000e-01 >=   7.000000000e-01   0.0% (1; 0)
+ 21777: mip =   7.000000000e-01 >=     tree is empty   0.0% (0; 1)
INTEGER OPTIMAL SOLUTION FOUND
Time used:   115.3 secs
Memory used: 150.8 Mb (158166496 bytes)
Writing MIP solution to 'input/p2p-Gnutella25.html/p2p-Gnutella25.txt.gz.27.lp.sol'...
Objective:  obj = 0.7 (MINimum)
