	Command being timed: "/usr/app/src/main 5 input/ca-GrQc.html/ca-GrQc.txt.gz 0"
	User time (seconds): 40.40
	System time (seconds): 0.04
	Percent of CPU this job got: 100%
	Elapsed (wall clock) time (h:mm:ss or m:ss): 0:40.43
	Average shared text size (kbytes): 0
	Average unshared data size (kbytes): 0
	Average stack size (kbytes): 0
	Average total size (kbytes): 0
	Maximum resident set size (kbytes): 5788
	Average resident set size (kbytes): 0
	Major (requiring I/O) page faults: 0
	Minor (reclaiming a frame) page faults: 10948
	Voluntary context switches: 127
	Involuntary context switches: 113
	Swaps: 0
	File system inputs: 0
	File system outputs: 13832
	Socket messages sent: 0
	Socket messages received: 0
	Signals delivered: 0
	Page size (bytes): 4096
	Exit status: 0
