GLPSOL--GLPK LP/MIP Solver 5.0
Parameter(s) specified in the command line:
 --lp input/p2p-Gnutella30.html/p2p-Gnutella30.txt.gz.8.lp -o input/p2p-Gnutella30.html/p2p-Gnutella30.txt.gz.8.lp.sol
Reading problem data from 'input/p2p-Gnutella30.html/p2p-Gnutella30.txt.gz.8.lp'...
88331 rows, 213338 columns, 441642 non-zeros
213338 integer variables, all of which are binary
301674 lines were read
GLPK Integer Optimizer 5.0
88331 rows, 213338 columns, 441642 non-zeros
213338 integer variables, all of which are binary
Preprocessing...
88323 rows, 213327 columns, 441520 non-zeros
213327 integer variables, all of which are binary
Scaling...
 A: min|aij| =  1.000e+00  max|aij| =  1.000e+00  ratio =  1.000e+00
Problem data seem to be well scaled
Constructing initial basis...
Size of triangular part is 88323
Solving LP relaxation...
GLPK Simplex Optimizer 5.0
88323 rows, 213327 columns, 441520 non-zeros
      0: obj =   0.000000000e+00 inf =   4.200e+01 (42)
     42: obj =   2.323148200e+01 inf =   0.000e+00 (0)
Perturbing LP to avoid stalling [249]...
*  1055: obj =   1.842592700e+01 inf =   0.000e+00 (290) 4
*  1962: obj =   1.842592700e+01 inf =   0.000e+00 (421) 6
*  2770: obj =   1.842592700e+01 inf =   0.000e+00 (535) 6
*  3500: obj =   1.842592700e+01 inf =   0.000e+00 (88831) 5
*  4167: obj =   1.842592700e+01 inf =   0.000e+00 (671) 5
*  4820: obj =   1.842592700e+01 inf =   0.000e+00 (672) 6
*  5463: obj =   1.842592700e+01 inf =   0.000e+00 (783) 5
*  6063: obj =   1.842592700e+01 inf =   0.000e+00 (770) 4
*  6623: obj =   1.842592700e+01 inf =   0.000e+00 (917) 5
*  7154: obj =   1.842592700e+01 inf =   0.000e+00 (1010) 4
*  7683: obj =   1.842592700e+01 inf =   0.000e+00 (1126) 4
*  8211: obj =   1.842592700e+01 inf =   0.000e+00 (88836) 5
*  8734: obj =   1.842592700e+01 inf =   0.000e+00 (1176) 4
*  9247: obj =   1.842592700e+01 inf =   0.000e+00 (1257) 5
*  9768: obj =   1.842592700e+01 inf =   0.000e+00 (1316) 4
* 10272: obj =   1.842592700e+01 inf =   0.000e+00 (1445) 5
* 10789: obj =   5.768518000e+00 inf =   2.220e-16 (1105) 5
* 11428: obj =   5.490740000e+00 inf =   2.220e-16 (970) 6
* 12010: obj =   4.444443000e+00 inf =   2.220e-16 (682) 5
* 12605: obj =   4.444443000e+00 inf =   2.220e-16 (571) 6
* 13285: obj =   4.351850000e+00 inf =   2.220e-16 (97) 6
Removing LP perturbation [13377]...
* 13377: obj =   4.351850000e+00 inf =   0.000e+00 (0) 1
OPTIMAL LP SOLUTION FOUND
Integer optimization begins...
Long-step dual simplex will be used
+ 13377: mip =     not found yet >=              -inf        (1; 0)
+ 13377: >>>>>   4.351850000e+00 >=   4.351850000e+00   0.0% (1; 0)
+ 13377: mip =   4.351850000e+00 >=     tree is empty   0.0% (0; 1)
INTEGER OPTIMAL SOLUTION FOUND
Time used:   106.6 secs
Memory used: 243.9 Mb (255773993 bytes)
Writing MIP solution to 'input/p2p-Gnutella30.html/p2p-Gnutella30.txt.gz.8.lp.sol'...
Objective:  obj = 4.35185 (MINimum)
