GLPSOL--GLPK LP/MIP Solver 5.0
Parameter(s) specified in the command line:
 --lp input/wiki-Vote.html/wiki-Vote.txt.gz.360.lp.reach_chain_detours.lp
 -o input/wiki-Vote.html/wiki-Vote.txt.gz.360.lp.reach_chain_detours.lp.sol
Reading problem data from 'input/wiki-Vote.html/wiki-Vote.txt.gz.360.lp.reach_chain_detours.lp'...
39449 rows, 80191 columns, 197232 non-zeros
80191 integer variables, all of which are binary
119645 lines were read
GLPK Integer Optimizer 5.0
39449 rows, 80191 columns, 197232 non-zeros
80191 integer variables, all of which are binary
Preprocessing...
1 hidden packing inequaliti(es) were detected
39306 rows, 80048 columns, 195884 non-zeros
80048 integer variables, all of which are binary
Scaling...
 A: min|aij| =  1.000e+00  max|aij| =  1.000e+00  ratio =  1.000e+00
Problem data seem to be well scaled
Constructing initial basis...
Size of triangular part is 39306
Solving LP relaxation...
GLPK Simplex Optimizer 5.0
39306 rows, 80048 columns, 195884 non-zeros
      0: obj =   0.000000000e+00 inf =   1.860e+02 (186)
    186: obj =   9.189333300e+01 inf =   0.000e+00 (0)
Perturbing LP to avoid stalling [391]...
*  2210: obj =   8.655555500e+01 inf =   0.000e+00 (287) 17
*  3840: obj =   8.655555500e+01 inf =   0.000e+00 (375) 16
*  5280: obj =   4.590659248e+01 inf =   6.893e-04 (1211) 13
*  6517: obj =   4.590656462e+01 inf =   1.182e-02 (1102) 13
*  7786: obj =   1.945374521e+01 inf =   1.833e-02 (1030) 12
*  9001: obj =   1.945370556e+01 inf =   3.296e-02 (1020) 12
* 10214: obj =   1.945367154e+01 inf =   4.319e-02 (976) 12
* 11431: obj =   1.484128221e+01 inf =   4.710e-02 (955) 12
Removing LP perturbation [11927]...
* 11927: obj =   0.000000000e+00 inf =   7.577e-13 (0) 4
OPTIMAL LP SOLUTION FOUND
Integer optimization begins...
Long-step dual simplex will be used
+ 11927: mip =     not found yet >=              -inf        (1; 0)
Solution found by heuristic: 0
+ 11927: mip =   0.000000000e+00 >=     tree is empty   0.0% (0; 1)
INTEGER OPTIMAL SOLUTION FOUND
Time used:   42.6 secs
Memory used: 99.2 Mb (103979430 bytes)
Writing MIP solution to 'input/wiki-Vote.html/wiki-Vote.txt.gz.360.lp.reach_chain_detours.lp.sol'...
Objective:  obj = 0 (MINimum)
