GLPSOL--GLPK LP/MIP Solver 5.0
Parameter(s) specified in the command line:
 --lp input/cit-HepPh.html/cit-HepPh.txt.gz.246.lp.reach_chain_detours.lp
 -o input/cit-HepPh.html/cit-HepPh.txt.gz.246.lp.reach_chain_detours.lp.sol
Reading problem data from 'input/cit-HepPh.html/cit-HepPh.txt.gz.246.lp.reach_chain_detours.lp'...
139961 rows, 292621 columns, 699792 non-zeros
292621 integer variables, all of which are binary
432587 lines were read
GLPK Integer Optimizer 5.0
139961 rows, 292621 columns, 699792 non-zeros
292621 integer variables, all of which are binary
Preprocessing...
139958 rows, 292618 columns, 699113 non-zeros
292618 integer variables, all of which are binary
Scaling...
 A: min|aij| =  1.000e+00  max|aij| =  1.000e+00  ratio =  1.000e+00
Problem data seem to be well scaled
Constructing initial basis...
Size of triangular part is 139958
Solving LP relaxation...
GLPK Simplex Optimizer 5.0
139958 rows, 292618 columns, 699113 non-zeros
      0: obj =   0.000000000e+00 inf =   3.770e+02 (377)
    377: obj =   2.033373040e+02 inf =   0.000e+00 (0)
Perturbing LP to avoid stalling [578]...
*  1178: obj =   2.008305420e+02 inf =   0.000e+00 (601) 4
*  1867: obj =   2.008305420e+02 inf =   0.000e+00 (629) 7
*  2515: obj =   2.008305420e+02 inf =   0.000e+00 (629) 6
*  3153: obj =   1.503951240e+02 inf =   0.000e+00 (2817) 5
*  3769: obj =   1.503951240e+02 inf =   5.551e-16 (2961) 5
*  4342: obj =   1.503951240e+02 inf =   1.330e-07 (3105) 5
*  4952: obj =   9.888268222e+01 inf =   2.795e-04 (2268) 6
*  5641: obj =   3.604723050e+01 inf =   5.785e-04 (1903) 4
*  6257: obj =   3.432175548e+01 inf =   2.041e-03 (2063) 6
*  6878: obj =   3.432171681e+01 inf =   3.458e-03 (2029) 5
*  7489: obj =   3.347650225e+01 inf =   4.303e-03 (1994) 6
*  8107: obj =   3.347646372e+01 inf =   4.800e-03 (1875) 5
*  8723: obj =   1.601275733e+01 inf =   3.803e-03 (1724) 6
*  9349: obj =   6.582141701e+00 inf =   3.614e-03 (1675) 5
*  9977: obj =   2.626817679e+00 inf =   3.699e-03 (140348) 6
* 10605: obj =   2.245753874e+00 inf =   3.890e-03 (1746) 5
* 11229: obj =   2.245728409e+00 inf =   4.209e-03 (1667) 5
* 11851: obj =   2.245710944e+00 inf =   4.167e-03 (1634) 5
* 12451: obj =   2.245698735e+00 inf =   3.774e-03 (1635) 5
* 13024: obj =   1.119138980e+00 inf =   3.466e-03 (140159) 6
* 13548: obj =   7.034589487e-01 inf =   2.811e-03 (140098) 5
* 14062: obj =   5.727666080e-01 inf =   2.319e-03 (140129) 5
* 14571: obj =   5.727510285e-01 inf =   3.885e-03 (140147) 5
* 15083: obj =   5.727361531e-01 inf =   4.518e-03 (140172) 5
* 15577: obj =   5.727274252e-01 inf =   3.906e-03 (140200) 5
* 16085: obj =   3.381092756e-01 inf =   3.287e-03 (1767) 4
* 16580: obj =   3.380851716e-01 inf =   3.142e-03 (1732) 5
* 17095: obj =   3.380759168e-01 inf =   3.279e-03 (1709) 5
* 17608: obj =   7.675429845e-02 inf =   4.045e-03 (1568) 5
Removing LP perturbation [17756]...
* 17756: obj =   0.000000000e+00 inf =   3.997e-15 (0) 2
OPTIMAL LP SOLUTION FOUND
Integer optimization begins...
Long-step dual simplex will be used
+ 17756: mip =     not found yet >=              -inf        (1; 0)
Solution found by heuristic: 0
+ 17756: mip =   0.000000000e+00 >=     tree is empty   0.0% (0; 1)
INTEGER OPTIMAL SOLUTION FOUND
Time used:   149.5 secs
Memory used: 360.1 Mb (377610808 bytes)
Writing MIP solution to 'input/cit-HepPh.html/cit-HepPh.txt.gz.246.lp.reach_chain_detours.lp.sol'...
Objective:  obj = 0 (MINimum)
