Launched as 5 input/ca-HepTh.html/ca-HepTh.txt.gz 0


Execution time and memory used at after reading from file: 8.100000e-01 seconds, 17149952 bytes of memory usage, 16784 kB of memory peak and 00:01 elapsed time
Statistics on the network after reading from file
	Number of nodes: 9877
	Number of allocated nodes: 10240
	Number of edges: 51946
	Maximum in degree: 65 (node 1441)
	Maximum out degree: 65 (node 1441)

Execution time and memory used at after adding costs: 8.100000e-01 seconds, 17149952 bytes of memory usage, 16784 kB of memory peak and 00:01 elapsed time
Statistics on the network after adding costs
	Number of nodes: 9877
	Number of allocated nodes: 10240
	Number of edges: 51946
	Maximum in degree: 65 (node 1441)
	Maximum out degree: 65 (node 1441)

Execution time and memory used at before starting main computation: 8.300000e-01 seconds, 17420288 bytes of memory usage, 17528 kB of memory peak and 00:01 elapsed time
Statistics on the network before starting main computation
	Number of nodes: 9877
	Number of allocated nodes: 10240
	Number of edges: 51946
	Maximum in degree: 65 (node 1441)
	Maximum out degree: 65 (node 1441)
	source 86 (node 1441) with out degree 65
	target 15 (node 19615) with in degree 60

Execution time and memory used at after creating milp without reductions: 8.900000e-01 seconds, 17420288 bytes of memory usage, 17528 kB of memory peak and 00:01 elapsed time
Statistics on the network after creating milp without reductions
	Number of nodes: 9877
	Number of allocated nodes: 10240
	Number of edges: 51946
	Maximum in degree: 65 (node 1441)
	Maximum out degree: 65 (node 1441)
	source 86 (node 1441) with out degree 65
	target 15 (node 19615) with in degree 60

Execution time and memory used at after reachability and chains reduction: 1.320000e+00 seconds, 17694720 bytes of memory usage, 19176 kB of memory peak and 00:01 elapsed time
Statistics on the network after reachability and chains reduction
	Number of nodes: 7176
	Number of allocated nodes: 10240
	Number of edges: 46624
	Maximum in degree: 63 (node 1441)
	Maximum out degree: 63 (node 1441)
	source 86 (node 1441) with out degree 63
	target 15 (node 19615) with in degree 58

Execution time and memory used at after detours elimination: 1.899900e+02 seconds, 18743296 bytes of memory usage, 19176 kB of memory peak and 03:10 elapsed time
Statistics on the network after detours elimination
	Number of nodes: 6857
	Number of allocated nodes: 10240
	Number of edges: 45674
	Maximum in degree: 63 (node 1441)
	Maximum out degree: 63 (node 1441)
	source 86 (node 1441) with out degree 63
	target 15 (node 19615) with in degree 58

Execution time and memory used at after creating milp with detours elimination (all transformations): 1.900400e+02 seconds, 18743296 bytes of memory usage, 19176 kB of memory peak and 03:10 elapsed time
Statistics on the network after creating milp with detours elimination (all transformations)
	Number of nodes: 6857
	Number of allocated nodes: 10240
	Number of edges: 45674
	Maximum in degree: 63 (node 1441)
	Maximum out degree: 63 (node 1441)
	source 86 (node 1441) with out degree 63
	target 15 (node 19615) with in degree 58
