Version 1.2 launched as -e 0.1 12 input/higgs-twitter.html/higgs-retweet_network.edgelist.gz 39


Execution time and memory used at after reading from file: 9.191900e+02 seconds, 57704448 bytes of memory usage, 56388 kB of memory peak and 15:19 elapsed time
Statistics on the network after reading from file
	Number of nodes: 256491
	Number of allocated nodes: 257024
	Number of edges: 328132
	Maximum in degree: 14060 (node 88)
	Maximum out degree: 134 (node 38535)

Execution time and memory used at before starting main computation: 9.191900e+02 seconds, 57704448 bytes of memory usage, 57872 kB of memory peak and 15:19 elapsed time
Statistics on the network before starting main computation
	Number of nodes: 256491
	Number of allocated nodes: 257024
	Number of edges: 328132
	Maximum in degree: 14060 (node 88)
	Maximum out degree: 134 (node 38535)
	source 274 (node 38535) with out degree 134
	target 19 (node 88) with in degree 14060

Execution time and memory used at after iteration 1 (MF = 44.000000): 5.733190e+03 seconds, 403128320 bytes of memory usage, 449284 kB of memory peak and 01:35:34 elapsed time
Statistics on the network after iteration 1 (MF = 44.000000)
	Number of nodes: 256491
	Number of allocated nodes: 257024
	Number of edges: 328132
	Maximum in degree: 14060 (node 88)
	Maximum out degree: 134 (node 38535)
	source 274 (node 38535) with out degree 134
	target 19 (node 88) with in degree 14060

Execution time and memory used at after iteration 2 (MF = 14.000000): 5.765970e+03 seconds, 403128320 bytes of memory usage, 449284 kB of memory peak and 01:36:07 elapsed time
Statistics on the network after iteration 2 (MF = 14.000000)
	Number of nodes: 256491
	Number of allocated nodes: 257024
	Number of edges: 328132
	Maximum in degree: 14060 (node 88)
	Maximum out degree: 134 (node 38535)
	source 274 (node 38535) with out degree 134
	target 19 (node 88) with in degree 14060

Execution time and memory used at after iteration 3 (MF = 29.000000): 5.802410e+03 seconds, 403128320 bytes of memory usage, 449312 kB of memory peak and 01:36:43 elapsed time
Statistics on the network after iteration 3 (MF = 29.000000)
	Number of nodes: 256491
	Number of allocated nodes: 257024
	Number of edges: 328132
	Maximum in degree: 14060 (node 88)
	Maximum out degree: 134 (node 38535)
	source 274 (node 38535) with out degree 134
	target 19 (node 88) with in degree 14060
