GLPSOL--GLPK LP/MIP Solver 5.0
Parameter(s) specified in the command line:
 --lp input/soc-sign-bitcoin-alpha.html/soc-sign-bitcoinalpha.csv.gz.200.lp
 -o input/soc-sign-bitcoin-alpha.html/soc-sign-bitcoinalpha.csv.gz.200.lp.sol
Reading problem data from 'input/soc-sign-bitcoin-alpha.html/soc-sign-bitcoinalpha.csv.gz.200.lp'...
24189 rows, 52155 columns, 120932 non-zeros
52155 integer variables, all of which are binary
76349 lines were read
GLPK Integer Optimizer 5.0
24189 rows, 52155 columns, 120932 non-zeros
52155 integer variables, all of which are binary
Preprocessing...
23546 rows, 51508 columns, 117625 non-zeros
51508 integer variables, all of which are binary
Scaling...
 A: min|aij| =  1.000e+00  max|aij| =  1.000e+00  ratio =  1.000e+00
Problem data seem to be well scaled
Constructing initial basis...
Size of triangular part is 23546
Solving LP relaxation...
GLPK Simplex Optimizer 5.0
23546 rows, 51508 columns, 117625 non-zeros
      0: obj =   0.000000000e+00 inf =   2.510e+02 (251)
    251: obj =   1.534256900e+02 inf =   0.000e+00 (0)
Perturbing LP to avoid stalling [454]...
*  3104: obj =   1.483851480e+02 inf =   0.000e+00 (349) 25
*  5654: obj =   1.483851480e+02 inf =   0.000e+00 (379) 25
*  7910: obj =   1.245257275e+02 inf =   1.257e-05 (3200) 21
*  9405: obj =   1.241527121e+02 inf =   5.716e-03 (3142) 15
* 10849: obj =   9.250333181e+01 inf =   6.592e-03 (2904) 14
* 12291: obj =   7.412128060e+01 inf =   1.598e-02 (3153) 13
* 13685: obj =   7.321790504e+01 inf =   2.094e-02 (3550) 14
* 15099: obj =   6.735346777e+01 inf =   2.282e-02 (3458) 14
* 16900: obj =   2.765524917e+01 inf =   1.967e-02 (8731) 17
* 18916: obj =   2.587203137e+01 inf =   1.170e-02 (3104) 19
* 20957: obj =   2.312685881e+01 inf =   1.289e-02 (8555) 20
* 24310: obj =   1.195710168e+01 inf =   1.043e-02 (7738) 31
* 27685: obj =   1.195691760e+01 inf =   1.128e-02 (7034) 28
* 29988: obj =   1.195656425e+01 inf =   2.261e-02 (6740) 19
* 32428: obj =   1.195618554e+01 inf =   2.146e-02 (6469) 23
* 35128: obj =   1.195581554e+01 inf =   1.886e-02 (5753) 25
* 37705: obj =   1.195548690e+01 inf =   1.386e-02 (5073) 23
* 40079: obj =   1.039417399e+01 inf =   1.508e-02 (5068) 22
* 42107: obj =   1.039363890e+01 inf =   2.690e-02 (4343) 20
* 44076: obj =   1.039329443e+01 inf =   3.432e-02 (3726) 19
* 45947: obj =   1.039300484e+01 inf =   3.492e-02 (3710) 19
* 47412: obj =   1.039290608e+01 inf =   2.949e-02 (3469) 14
* 49276: obj =   1.039104355e+01 inf =   2.485e-02 (6606) 18
* 51305: obj =   1.038995074e+01 inf =   2.579e-02 (6043) 20
* 53341: obj =   1.038911772e+01 inf =   2.256e-02 (5593) 20
* 55473: obj =   1.038870149e+01 inf =   2.980e-02 (5279) 21
* 57981: obj =   9.897072060e+00 inf =   2.609e-02 (4795) 23
* 59834: obj =   9.896583154e+00 inf =   2.994e-02 (4138) 18
* 61826: obj =   9.896132021e+00 inf =   3.830e-02 (3666) 20
* 63914: obj =   9.895879589e+00 inf =   3.904e-02 (3226) 20
* 66015: obj =   9.893445253e+00 inf =   3.042e-02 (5779) 21
* 67962: obj =   9.892427055e+00 inf =   2.480e-02 (5257) 19
* 70177: obj =   9.892003516e+00 inf =   2.389e-02 (4808) 22
* 72355: obj =   9.409727219e+00 inf =   2.944e-02 (4408) 20
* 74292: obj =   9.409391005e+00 inf =   3.700e-02 (3802) 19
* 76322: obj =   9.409098994e+00 inf =   3.844e-02 (3450) 21
* 78282: obj =   9.406586825e+00 inf =   3.403e-02 (5586) 19
* 80173: obj =   9.405263783e+00 inf =   3.015e-02 (5003) 19
* 82230: obj =   9.404824912e+00 inf =   2.674e-02 (4553) 20
* 84726: obj =   9.404442327e+00 inf =   2.505e-02 (3838) 22
* 86821: obj =   8.962257603e+00 inf =   2.847e-02 (3592) 19
* 88768: obj =   8.961995706e+00 inf =   3.208e-02 (3180) 20
* 90940: obj =   8.958194948e+00 inf =   2.779e-02 (4621) 21
* 92991: obj =   8.957577534e+00 inf =   2.024e-02 (4088) 20
* 95368: obj =   7.683735988e+00 inf =   1.975e-02 (3597) 23
* 98065: obj =   4.787047492e+00 inf =   1.828e-02 (2774) 23
*100790: obj =   3.146607452e+00 inf =   1.706e-02 (1869) 22
Removing LP perturbation [103763]...
*103763: obj =   3.118244000e+00 inf =   0.000e+00 (0) 21
OPTIMAL LP SOLUTION FOUND
Integer optimization begins...
Long-step dual simplex will be used
+103763: mip =     not found yet >=              -inf        (1; 0)
+103763: >>>>>   3.118244000e+00 >=   3.118244000e+00   0.0% (1; 0)
+103763: mip =   3.118244000e+00 >=     tree is empty   0.0% (0; 1)
INTEGER OPTIMAL SOLUTION FOUND
Time used:   240.3 secs
Memory used: 62.4 Mb (65416034 bytes)
Writing MIP solution to 'input/soc-sign-bitcoin-alpha.html/soc-sign-bitcoinalpha.csv.gz.200.lp.sol'...
Objective:  obj = 3.118244 (MINimum)
