	Command being timed: "/usr/app/src/glpk-5.0/examples/glpsol --lp input/com-Amazon.html/com-amazon.ungraph.txt.gz.96.lp -o input/com-Amazon.html/com-amazon.ungraph.txt.gz.96.lp.sol"
	User time (seconds): 107.09
	System time (seconds): 2.01
	Percent of CPU this job got: 99%
	Elapsed (wall clock) time (h:mm:ss or m:ss): 1:49.12
	Average shared text size (kbytes): 0
	Average unshared data size (kbytes): 0
	Average stack size (kbytes): 0
	Average total size (kbytes): 0
	Maximum resident set size (kbytes): 2595668
	Average resident set size (kbytes): 0
	Major (requiring I/O) page faults: 0
	Minor (reclaiming a frame) page faults: 978607
	Voluntary context switches: 39
	Involuntary context switches: 255
	Swaps: 0
	File system inputs: 0
	File system outputs: 484640
	Socket messages sent: 0
	Socket messages received: 0
	Signals delivered: 0
	Page size (bytes): 4096
	Exit status: 0
