Version 1.2 launched as -e 0.1 12 input/soc-Slashdot0811.html/soc-Slashdot0811.txt.gz 464


Execution time and memory used at after reading from file: 7.069000e+01 seconds, 50663424 bytes of memory usage, 49512 kB of memory peak and 01:10 elapsed time
Statistics on the network after reading from file
	Number of nodes: 77360
	Number of allocated nodes: 77824
	Number of edges: 828161
	Maximum in degree: 2539 (node 2481)
	Maximum out degree: 2507 (node 2481)

Execution time and memory used at after adding costs: 7.071000e+01 seconds, 50663424 bytes of memory usage, 49512 kB of memory peak and 01:10 elapsed time
Statistics on the network after adding costs
	Number of nodes: 77360
	Number of allocated nodes: 77824
	Number of edges: 828161
	Maximum in degree: 2539 (node 2481)
	Maximum out degree: 2507 (node 2481)

Execution time and memory used at before starting main computation: 7.350000e+01 seconds, 52961280 bytes of memory usage, 52540 kB of memory peak and 01:13 elapsed time
Statistics on the network before starting main computation
	Number of nodes: 77360
	Number of allocated nodes: 77824
	Number of edges: 828161
	Maximum in degree: 2539 (node 2481)
	Maximum out degree: 2507 (node 2481)
	source 511 (node 2481) with out degree 2507
	target 368 (node 394) with in degree 2326

Execution time and memory used at after iteration 1 (MF = 1584.428062): 1.665690e+03 seconds, 813215744 bytes of memory usage, 1060168 kB of memory peak and 27:45 elapsed time
Statistics on the network after iteration 1 (MF = 1584.428062)
	Number of nodes: 77360
	Number of allocated nodes: 77824
	Number of edges: 828161
	Maximum in degree: 2539 (node 2481)
	Maximum out degree: 2507 (node 2481)
	source 511 (node 2481) with out degree 2507
	target 368 (node 394) with in degree 2326

Execution time and memory used at after iteration 2 (MF = 1396.151209): 2.484550e+03 seconds, 813215744 bytes of memory usage, 1062852 kB of memory peak and 41:24 elapsed time
Statistics on the network after iteration 2 (MF = 1396.151209)
	Number of nodes: 77360
	Number of allocated nodes: 77824
	Number of edges: 828161
	Maximum in degree: 2539 (node 2481)
	Maximum out degree: 2507 (node 2481)
	source 511 (node 2481) with out degree 2507
	target 368 (node 394) with in degree 2326

Execution time and memory used at after iteration 3 (MF = 1389.766944): 3.460590e+03 seconds, 946774016 bytes of memory usage, 1147672 kB of memory peak and 57:40 elapsed time
Statistics on the network after iteration 3 (MF = 1389.766944)
	Number of nodes: 77360
	Number of allocated nodes: 77824
	Number of edges: 828161
	Maximum in degree: 2539 (node 2481)
	Maximum out degree: 2507 (node 2481)
	source 511 (node 2481) with out degree 2507
	target 368 (node 394) with in degree 2326

Execution time and memory used at after iteration 4 (MF = 1392.183115): 8.972393e+04 seconds, 983826432 bytes of memory usage, 19046956 kB of memory peak and 1-00:55:33 elapsed time
Statistics on the network after iteration 4 (MF = 1392.183115)
	Number of nodes: 77360
	Number of allocated nodes: 77824
	Number of edges: 828161
	Maximum in degree: 2539 (node 2481)
	Maximum out degree: 2507 (node 2481)
	source 511 (node 2481) with out degree 2507
	target 368 (node 394) with in degree 2326
