GLPSOL--GLPK LP/MIP Solver 5.0
Parameter(s) specified in the command line:
 --lp input/cit-HepTh.html/cit-HepTh.txt.gz.336.lp -o input/cit-HepTh.html/cit-HepTh.txt.gz.336.lp.sol
Reading problem data from 'input/cit-HepTh.html/cit-HepTh.txt.gz.336.lp'...
352771 rows, 733305 columns, 1763842 non-zeros
733305 integer variables, all of which are binary
1086081 lines were read
GLPK Integer Optimizer 5.0
352771 rows, 733305 columns, 1763842 non-zeros
733305 integer variables, all of which are binary
Preprocessing...
1 hidden packing inequaliti(es) were detected
351908 rows, 732442 columns, 1757420 non-zeros
732442 integer variables, all of which are binary
Scaling...
 A: min|aij| =  1.000e+00  max|aij| =  1.000e+00  ratio =  1.000e+00
Problem data seem to be well scaled
Constructing initial basis...
Size of triangular part is 351908
Solving LP relaxation...
GLPK Simplex Optimizer 5.0
351908 rows, 732442 columns, 1757420 non-zeros
      0: obj =   0.000000000e+00 inf =   2.414e+03 (2414)
    339: obj =   2.917164040e+02 inf =   2.075e+03 (2075)
    692: obj =   5.902832770e+02 inf =   1.722e+03 (1722)
   1054: obj =   8.957080160e+02 inf =   1.360e+03 (1360)
   1416: obj =   1.200870661e+03 inf =   9.980e+02 (998)
   1759: obj =   1.490751037e+03 inf =   6.550e+02 (655)
   2108: obj =   1.785642503e+03 inf =   3.060e+02 (306)
   2414: obj =   2.042841760e+03 inf =   0.000e+00 (0)
Perturbing LP to avoid stalling [2615]...
*  2770: obj =   2.040167700e+03 inf =   0.000e+00 (2763)
*  3101: obj =   2.040167700e+03 inf =   0.000e+00 (3094)
*  3444: obj =   2.040167700e+03 inf =   0.000e+00 (3418)
*  3731: obj =   2.040167700e+03 inf =   0.000e+00 (3422) 2
*  3995: obj =   2.040167700e+03 inf =   0.000e+00 (3435) 2
*  4247: obj =   2.040167700e+03 inf =   0.000e+00 (3455) 2
*  4475: obj =   2.040167700e+03 inf =   0.000e+00 (3482) 2
*  4697: obj =   2.040167700e+03 inf =   0.000e+00 (3490) 2
*  4921: obj =   2.040167700e+03 inf =   0.000e+00 (3493) 2
*  5162: obj =   2.040167700e+03 inf =   0.000e+00 (3505) 3
*  5403: obj =   2.040167700e+03 inf =   0.000e+00 (3519) 2
*  5644: obj =   2.040167700e+03 inf =   0.000e+00 (3530) 2
*  5872: obj =   2.040167700e+03 inf =   0.000e+00 (3540) 2
*  6106: obj =   2.040167700e+03 inf =   0.000e+00 (3555) 2
*  6328: obj =   2.040167700e+03 inf =   0.000e+00 (3561) 2
*  6556: obj =   2.040167700e+03 inf =   0.000e+00 (3578) 2
*  6772: obj =   2.040167700e+03 inf =   0.000e+00 (3594) 3
*  7000: obj =   2.040167700e+03 inf =   0.000e+00 (3600) 2
*  7227: obj =   2.040167700e+03 inf =   0.000e+00 (3620) 2
*  7443: obj =   2.040167700e+03 inf =   0.000e+00 (3631) 2
*  7665: obj =   2.040167700e+03 inf =   0.000e+00 (3633) 2
*  7880: obj =   2.040167700e+03 inf =   0.000e+00 (3650) 2
*  8094: obj =   2.040167700e+03 inf =   0.000e+00 (3647) 2
*  8309: obj =   2.040167700e+03 inf =   0.000e+00 (3650) 2
*  8526: obj =   2.040167700e+03 inf =   0.000e+00 (3664) 2
*  8736: obj =   2.040167700e+03 inf =   0.000e+00 (3685) 2
*  8932: obj =   2.040167700e+03 inf =   0.000e+00 (3679) 2
*  9142: obj =   2.040167700e+03 inf =   0.000e+00 (3676) 2
*  9353: obj =   2.040167700e+03 inf =   0.000e+00 (3680) 2
*  9564: obj =   2.040167700e+03 inf =   0.000e+00 (3685) 3
*  9770: obj =   2.040167700e+03 inf =   0.000e+00 (3717) 2
*  9975: obj =   2.040167700e+03 inf =   0.000e+00 (3697) 2
* 10178: obj =   2.040167700e+03 inf =   0.000e+00 (3709) 2
* 10377: obj =   2.040167700e+03 inf =   0.000e+00 (3706) 2
* 10575: obj =   2.040167700e+03 inf =   0.000e+00 (3730) 1
* 10776: obj =   2.040167700e+03 inf =   0.000e+00 (3717) 2
* 10977: obj =   2.040167700e+03 inf =   0.000e+00 (3726) 2
* 11174: obj =   2.040167700e+03 inf =   0.000e+00 (3731) 2
* 11374: obj =   2.040167700e+03 inf =   0.000e+00 (3736) 2
* 11577: obj =   2.040167700e+03 inf =   0.000e+00 (3750) 2
* 11777: obj =   2.040167700e+03 inf =   0.000e+00 (3737) 2
* 11976: obj =   2.040167700e+03 inf =   0.000e+00 (3733) 2
* 12175: obj =   2.040167700e+03 inf =   0.000e+00 (3731) 2
* 12373: obj =   2.040167700e+03 inf =   0.000e+00 (3738) 2
* 12566: obj =   2.040167700e+03 inf =   0.000e+00 (3741) 2
* 12762: obj =   2.040167700e+03 inf =   0.000e+00 (3761) 2
* 12956: obj =   2.040167700e+03 inf =   0.000e+00 (3761) 2
* 13149: obj =   2.040167700e+03 inf =   0.000e+00 (3773) 2
* 13343: obj =   2.040167700e+03 inf =   0.000e+00 (3791) 2
* 13534: obj =   2.040167700e+03 inf =   0.000e+00 (3785) 2
* 13728: obj =   2.040167700e+03 inf =   0.000e+00 (3784) 1
* 13918: obj =   2.040167700e+03 inf =   0.000e+00 (3779) 2
* 14111: obj =   2.040167700e+03 inf =   0.000e+00 (3788) 2
* 14298: obj =   2.040167700e+03 inf =   0.000e+00 (3800) 2
* 14490: obj =   2.040167700e+03 inf =   0.000e+00 (3792) 2
* 14682: obj =   2.040167700e+03 inf =   0.000e+00 (3791) 2
* 14874: obj =   2.040167700e+03 inf =   0.000e+00 (3785) 2
* 15067: obj =   2.040167700e+03 inf =   0.000e+00 (3789) 2
* 15257: obj =   2.040167700e+03 inf =   0.000e+00 (3804) 1
* 15446: obj =   2.040167700e+03 inf =   0.000e+00 (3806) 2
* 15630: obj =   2.040167700e+03 inf =   0.000e+00 (3824) 2
* 15820: obj =   2.040167700e+03 inf =   0.000e+00 (3828) 2
* 16006: obj =   2.040167700e+03 inf =   0.000e+00 (3835) 2
* 16193: obj =   2.040167700e+03 inf =   0.000e+00 (3829) 2
* 16380: obj =   2.040167700e+03 inf =   0.000e+00 (3827) 1
* 16561: obj =   2.040167700e+03 inf =   0.000e+00 (3839) 2
* 16748: obj =   2.040167700e+03 inf =   0.000e+00 (3829) 2
* 16931: obj =   2.040167700e+03 inf =   0.000e+00 (3822) 2
* 17109: obj =   2.040167700e+03 inf =   0.000e+00 (3833) 2
* 17295: obj =   2.040167700e+03 inf =   0.000e+00 (3842) 1
* 17481: obj =   2.040167700e+03 inf =   0.000e+00 (3838) 2
* 17661: obj =   2.040167700e+03 inf =   0.000e+00 (3835) 2
* 17841: obj =   2.040167700e+03 inf =   0.000e+00 (3834) 2
* 18026: obj =   2.040167700e+03 inf =   0.000e+00 (3832) 2
* 18213: obj =   2.040167700e+03 inf =   0.000e+00 (3846) 1
* 18387: obj =   2.040167700e+03 inf =   0.000e+00 (3845) 2
* 18568: obj =   2.040167700e+03 inf =   0.000e+00 (3846) 2
* 18751: obj =   2.040167700e+03 inf =   0.000e+00 (3849) 2
* 18932: obj =   2.040167700e+03 inf =   0.000e+00 (3843) 2
* 19114: obj =   2.040167700e+03 inf =   0.000e+00 (3879) 1
* 19295: obj =   2.040167700e+03 inf =   0.000e+00 (3852) 2
* 19477: obj =   2.040167700e+03 inf =   0.000e+00 (3848) 2
* 19658: obj =   2.040167700e+03 inf =   0.000e+00 (3849) 2
* 19837: obj =   2.040167700e+03 inf =   0.000e+00 (3857) 2
* 20022: obj =   2.040167700e+03 inf =   0.000e+00 (3865) 1
* 20203: obj =   2.040167700e+03 inf =   0.000e+00 (3854) 2
* 20376: obj =   2.040167700e+03 inf =   0.000e+00 (3857) 2
* 20556: obj =   2.040167700e+03 inf =   0.000e+00 (3876) 2
* 20741: obj =   2.040167700e+03 inf =   0.000e+00 (3901) 1
* 20917: obj =   2.040167700e+03 inf =   0.000e+00 (3908) 2
* 21086: obj =   2.040167700e+03 inf =   0.000e+00 (3886) 2
* 21264: obj =   2.040167700e+03 inf =   0.000e+00 (3906) 2
* 21442: obj =   2.040167700e+03 inf =   0.000e+00 (3894) 1
* 21616: obj =   2.040167700e+03 inf =   0.000e+00 (3897) 2
* 21790: obj =   2.040167700e+03 inf =   0.000e+00 (3897) 2
* 21967: obj =   2.040167700e+03 inf =   0.000e+00 (3917) 2
* 22139: obj =   2.040167700e+03 inf =   0.000e+00 (3927) 1
* 22313: obj =   2.040167700e+03 inf =   0.000e+00 (3899) 2
* 22488: obj =   2.040167700e+03 inf =   0.000e+00 (3915) 2
* 22669: obj =   2.040167700e+03 inf =   0.000e+00 (3932) 1
* 22838: obj =   2.040167700e+03 inf =   0.000e+00 (3902) 2
* 23003: obj =   2.040167700e+03 inf =   0.000e+00 (3915) 2
* 23183: obj =   2.040167700e+03 inf =   0.000e+00 (3920) 2
* 23362: obj =   2.040167700e+03 inf =   0.000e+00 (3931) 1
* 23533: obj =   2.040167700e+03 inf =   0.000e+00 (3929) 2
* 23698: obj =   2.040167700e+03 inf =   0.000e+00 (3917) 2
* 23877: obj =   2.040167700e+03 inf =   0.000e+00 (3961) 1
* 24048: obj =   2.040167700e+03 inf =   0.000e+00 (3949) 2
* 24215: obj =   2.040167700e+03 inf =   0.000e+00 (3949) 2
* 24388: obj =   2.040167700e+03 inf =   0.000e+00 (3962) 1
* 24565: obj =   1.888136192e+03 inf =   0.000e+00 (23696) 2
* 24701: obj =   1.888136192e+03 inf =   0.000e+00 (23684) 2
* 24838: obj =   1.888136192e+03 inf =   0.000e+00 (23636) 1
* 24983: obj =   1.888136192e+03 inf =   0.000e+00 (23618) 1
* 25106: obj =   1.888136192e+03 inf =   0.000e+00 (23594) 2
* 25252: obj =   1.888136192e+03 inf =   0.000e+00 (23551) 1
* 25390: obj =   1.888136192e+03 inf =   2.498e-16 (23508) 1
* 25517: obj =   1.888136191e+03 inf =   1.350e-05 (23484) 2
* 25662: obj =   1.888136191e+03 inf =   2.844e-05 (23399) 1
* 25813: obj =   1.888136186e+03 inf =   2.340e-04 (23337) 2
* 25961: obj =   1.888136176e+03 inf =   6.056e-04 (23289) 1
* 26110: obj =   1.888136145e+03 inf =   1.753e-03 (23217) 1
* 26228: obj =   1.888136085e+03 inf =   3.866e-03 (23157) 2
* 26375: obj =   1.888136048e+03 inf =   5.096e-03 (23092) 1
* 26523: obj =   1.888136011e+03 inf =   6.343e-03 (23025) 2
* 26668: obj =   1.888135984e+03 inf =   7.232e-03 (22992) 1
* 26817: obj =   1.888135913e+03 inf =   9.474e-03 (22925) 1
* 26941: obj =   1.888135877e+03 inf =   1.054e-02 (22861) 2
* 27091: obj =   1.888135866e+03 inf =   1.082e-02 (22787) 1
* 27231: obj =   1.888135712e+03 inf =   1.537e-02 (22735) 2
* 27377: obj =   1.888135646e+03 inf =   1.732e-02 (22668) 1
* 27528: obj =   1.888135561e+03 inf =   1.994e-02 (22613) 1
* 27655: obj =   1.888135488e+03 inf =   2.215e-02 (22552) 2
* 27808: obj =   1.888135434e+03 inf =   2.367e-02 (22463) 1
* 27938: obj =   1.888135363e+03 inf =   2.575e-02 (22417) 2
* 28091: obj =   1.888135261e+03 inf =   2.845e-02 (22342) 1
* 28241: obj =   1.888135175e+03 inf =   3.070e-02 (22268) 2
* 28382: obj =   1.888134956e+03 inf =   3.652e-02 (22185) 1
* 28538: obj =   1.888134845e+03 inf =   3.968e-02 (22095) 1
* 28670: obj =   1.888134769e+03 inf =   4.172e-02 (22005) 2
* 28822: obj =   1.888134617e+03 inf =   4.600e-02 (21972) 1
* 28953: obj =   1.888134554e+03 inf =   4.755e-02 (21935) 2
* 29106: obj =   1.888134405e+03 inf =   5.126e-02 (21839) 1
* 29251: obj =   1.888134343e+03 inf =   5.265e-02 (21777) 2
* 29401: obj =   1.888134317e+03 inf =   5.332e-02 (21755) 1
* 29546: obj =   1.888134197e+03 inf =   5.615e-02 (21701) 1
* 29673: obj =   1.888134143e+03 inf =   5.734e-02 (21656) 2
* 29827: obj =   1.888133861e+03 inf =   6.399e-02 (21602) 1
* 29959: obj =   1.888133745e+03 inf =   6.659e-02 (21508) 2
* 30107: obj =   1.888133645e+03 inf =   6.890e-02 (21459) 1
* 30259: obj =   1.888133451e+03 inf =   7.371e-02 (21390) 1
* 30394: obj =   1.888133277e+03 inf =   7.769e-02 (21364) 2
* 30544: obj =   1.888133123e+03 inf =   8.128e-02 (21320) 1
* 30667: obj =   1.888132981e+03 inf =   8.427e-02 (21271) 2
* 30802: obj =   1.888132898e+03 inf =   8.558e-02 (21185) 1
* 30933: obj =   1.888132761e+03 inf =   8.845e-02 (21150) 1
* 31071: obj =   1.888132671e+03 inf =   8.985e-02 (21097) 2
* 31229: obj =   1.888132559e+03 inf =   9.169e-02 (21018) 1
* 31374: obj =   1.888132429e+03 inf =   9.393e-02 (20962) 2
* 31518: obj =   1.888132293e+03 inf =   9.618e-02 (20902) 1
* 31672: obj =   1.888132137e+03 inf =   9.867e-02 (20829) 1
* 31810: obj =   1.888131995e+03 inf =   1.016e-01 (20767) 2
* 31960: obj =   1.888131851e+03 inf =   1.051e-01 (20709) 1
* 32097: obj =   1.888131808e+03 inf =   1.054e-01 (20659) 2
* 32252: obj =   1.888131519e+03 inf =   1.112e-01 (20605) 1
* 32392: obj =   1.888131430e+03 inf =   1.128e-01 (20568) 2
* 32549: obj =   1.888131269e+03 inf =   1.155e-01 (20495) 1
* 32687: obj =   1.888131078e+03 inf =   1.188e-01 (20476) 2
* 32847: obj =   1.888130996e+03 inf =   1.197e-01 (20396) 1
* 32990: obj =   1.888130837e+03 inf =   1.228e-01 (20369) 2
* 33140: obj =   1.888130660e+03 inf =   1.258e-01 (20292) 1
* 33293: obj =   1.888130608e+03 inf =   1.257e-01 (20252) 2
* 33453: obj =   1.888130542e+03 inf =   1.260e-01 (20162) 1
* 33597: obj =   1.888130428e+03 inf =   1.270e-01 (20094) 2
* 33753: obj =   1.888130256e+03 inf =   1.291e-01 (20043) 1
* 33900: obj =   1.888130133e+03 inf =   1.310e-01 (20012) 2
* 34058: obj =   1.888130086e+03 inf =   1.307e-01 (19974) 1
* 34203: obj =   1.888130039e+03 inf =   1.311e-01 (19965) 2
* 34361: obj =   1.888130012e+03 inf =   1.306e-01 (19893) 1
* 34506: obj =   1.888129932e+03 inf =   1.310e-01 (19841) 2
* 34663: obj =   1.888129741e+03 inf =   1.325e-01 (19791) 1
* 34809: obj =   1.888129528e+03 inf =   1.338e-01 (19704) 2
* 34964: obj =   1.888129387e+03 inf =   1.348e-01 (19638) 1
* 35112: obj =   1.888129337e+03 inf =   1.339e-01 (19559) 2
* 35265: obj =   1.888129270e+03 inf =   1.342e-01 (19461) 1
* 35415: obj =   1.888129242e+03 inf =   1.334e-01 (19397) 2
* 35572: obj =   1.888129064e+03 inf =   1.348e-01 (19347) 1
* 35718: obj =   1.888128939e+03 inf =   1.360e-01 (19252) 2
* 35864: obj =   1.888128764e+03 inf =   1.376e-01 (19247) 1
* 36018: obj =   1.888128569e+03 inf =   1.395e-01 (19188) 1
* 36163: obj =   1.888128442e+03 inf =   1.401e-01 (19148) 2
* 36312: obj =   1.888128302e+03 inf =   1.412e-01 (19096) 1
* 36448: obj =   1.888128038e+03 inf =   1.420e-01 (19037) 2
* 36608: obj =   1.846074070e+03 inf =   1.434e-01 (19483) 1
* 36753: obj =   1.846073946e+03 inf =   1.456e-01 (19472) 2
* 36905: obj =   1.846073776e+03 inf =   1.485e-01 (19444) 1
* 37043: obj =   1.846073604e+03 inf =   1.510e-01 (19399) 2
* 37201: obj =   1.846073521e+03 inf =   1.519e-01 (19363) 1
* 37348: obj =   1.846073497e+03 inf =   1.517e-01 (19288) 2
* 37506: obj =   1.846073231e+03 inf =   1.557e-01 (19263) 1
* 37644: obj =   1.846073153e+03 inf =   1.567e-01 (19241) 2
* 37782: obj =   1.846073091e+03 inf =   1.571e-01 (19200) 1
* 37937: obj =   1.846072871e+03 inf =   1.605e-01 (19162) 1
* 38081: obj =   1.846072654e+03 inf =   1.663e-01 (19119) 2
* 38234: obj =   1.846072494e+03 inf =   1.695e-01 (19113) 1
* 38375: obj =   1.846072344e+03 inf =   1.723e-01 (19090) 2
* 38532: obj =   1.846072151e+03 inf =   1.754e-01 (19059) 1
* 38676: obj =   1.846071954e+03 inf =   1.788e-01 (19051) 2
* 38817: obj =   1.846071857e+03 inf =   1.800e-01 (18994) 1
* 38961: obj =   1.846071768e+03 inf =   1.811e-01 (18962) 2
* 39115: obj =   1.846071591e+03 inf =   1.838e-01 (18945) 1
* 39265: obj =   1.846071424e+03 inf =   1.865e-01 (18887) 2
* 39419: obj =   1.846071195e+03 inf =   1.902e-01 (18872) 1
* 39568: obj =   1.846070949e+03 inf =   1.944e-01 (18849) 2
* 39721: obj =   1.846070683e+03 inf =   1.985e-01 (18786) 1
* 39863: obj =   1.846070599e+03 inf =   1.994e-01 (18725) 1
* 40008: obj =   1.846070441e+03 inf =   2.018e-01 (18689) 2
* 40167: obj =   1.846070322e+03 inf =   2.029e-01 (18625) 1
* 40310: obj =   1.846070154e+03 inf =   2.045e-01 (18570) 2
* 40465: obj =   1.846069984e+03 inf =   2.063e-01 (18514) 1
* 40615: obj =   1.846069665e+03 inf =   2.105e-01 (18451) 2
* 40774: obj =   1.846069456e+03 inf =   2.128e-01 (18400) 1
* 40915: obj =   1.846069313e+03 inf =   2.141e-01 (18350) 2
* 41071: obj =   1.846069177e+03 inf =   2.151e-01 (18277) 1
* 41222: obj =   1.846068949e+03 inf =   2.170e-01 (18219) 2
* 41379: obj =   1.846068780e+03 inf =   2.183e-01 (18162) 1
* 41519: obj =   1.846068505e+03 inf =   2.207e-01 (18139) 2
* 41681: obj =   1.846068169e+03 inf =   2.239e-01 (18065) 1
* 41831: obj =   1.846068073e+03 inf =   2.237e-01 (17994) 2
* 41984: obj =   1.846067916e+03 inf =   2.241e-01 (17936) 1
* 42129: obj =   1.846067701e+03 inf =   2.255e-01 (17900) 2
* 42286: obj =   1.846067692e+03 inf =   2.244e-01 (17883) 1
* 42435: obj =   1.846067447e+03 inf =   2.259e-01 (17849) 2
* 42588: obj =   1.846067329e+03 inf =   2.256e-01 (17817) 1
* 42739: obj =   1.846066975e+03 inf =   2.269e-01 (17772) 2
* 42896: obj =   1.846066819e+03 inf =   2.268e-01 (17733) 1
* 43044: obj =   1.846066538e+03 inf =   2.275e-01 (17697) 2
* 43201: obj =   1.846066373e+03 inf =   2.272e-01 (17631) 1
* 43352: obj =   1.846066096e+03 inf =   2.278e-01 (17570) 2
* 43511: obj =   1.846065974e+03 inf =   2.268e-01 (17512) 1
* 43657: obj =   1.846065735e+03 inf =   2.264e-01 (17438) 2
* 43815: obj =   1.846065565e+03 inf =   2.261e-01 (17414) 1
* 43963: obj =   1.846065428e+03 inf =   2.257e-01 (17366) 2
* 44120: obj =   1.846065237e+03 inf =   2.249e-01 (17330) 2
* 44275: obj =   1.846065077e+03 inf =   2.241e-01 (17296) 1
* 44426: obj =   1.846064938e+03 inf =   2.224e-01 (17201) 2
* 44584: obj =   1.846064679e+03 inf =   2.210e-01 (17132) 1
* 44731: obj =   1.846064562e+03 inf =   2.194e-01 (17062) 2
* 44888: obj =   1.846064255e+03 inf =   2.177e-01 (17024) 1
* 45037: obj =   1.846063814e+03 inf =   2.154e-01 (16952) 2
* 45198: obj =   1.846063564e+03 inf =   2.146e-01 (16922) 1
* 45344: obj =   1.846063191e+03 inf =   2.130e-01 (16864) 2
* 45505: obj =   1.846062660e+03 inf =   2.111e-01 (16817) 1
* 45659: obj =   1.846061780e+03 inf =   2.093e-01 (16765) 2
* 45817: obj =   1.846058653e+03 inf =   2.057e-01 (16706) 1
* 45971: obj =   1.732948355e+03 inf =   2.051e-01 (15719) 2
* 46136: obj =   1.732947885e+03 inf =   2.047e-01 (15697) 1
* 46294: obj =   1.732947022e+03 inf =   2.041e-01 (15666) 2
* 46452: obj =   1.732945926e+03 inf =   2.035e-01 (15639) 1
* 46608: obj =   1.732944126e+03 inf =   2.030e-01 (15604) 2
* 46774: obj =   1.732943218e+03 inf =   2.028e-01 (15569) 2
* 46943: obj =   1.732942493e+03 inf =   2.028e-01 (15569) 1
* 47103: obj =   1.732941593e+03 inf =   2.026e-01 (15524) 2
* 47272: obj =   1.732940889e+03 inf =   2.025e-01 (15494) 1
* 47436: obj =   1.732940213e+03 inf =   2.025e-01 (15460) 2
* 47600: obj =   1.732939754e+03 inf =   2.028e-01 (15448) 2
* 47771: obj =   1.732939389e+03 inf =   2.029e-01 (15421) 1
* 47939: obj =   1.732939128e+03 inf =   2.029e-01 (15389) 2
* 48108: obj =   1.732938995e+03 inf =   2.037e-01 (15377) 1
* 48269: obj =   1.732938882e+03 inf =   2.052e-01 (15338) 2
* 48428: obj =   1.732938734e+03 inf =   2.068e-01 (15291) 2
* 48603: obj =   1.732938323e+03 inf =   2.090e-01 (15274) 1
* 48762: obj =   1.732938190e+03 inf =   2.094e-01 (15261) 2
* 48927: obj =   1.732937934e+03 inf =   2.112e-01 (15231) 1
* 49088: obj =   1.732937788e+03 inf =   2.122e-01 (15209) 2
* 49248: obj =   1.732937595e+03 inf =   2.128e-01 (15182) 2
* 49415: obj =   1.732937473e+03 inf =   2.143e-01 (15155) 1
* 49575: obj =   1.732937288e+03 inf =   2.150e-01 (15134) 2
* 49741: obj =   1.732937142e+03 inf =   2.156e-01 (15126) 2
* 49909: obj =   1.732936765e+03 inf =   2.156e-01 (15102) 1
* 50070: obj =   1.732936562e+03 inf =   2.174e-01 (15071) 2
* 50236: obj =   1.732936475e+03 inf =   2.179e-01 (15051) 1
* 50399: obj =   1.732936233e+03 inf =   2.178e-01 (15040) 2
* 50564: obj =   1.732935985e+03 inf =   2.189e-01 (15011) 2
* 50734: obj =   1.732935858e+03 inf =   2.191e-01 (14989) 1
* 50898: obj =   1.732935559e+03 inf =   2.209e-01 (14954) 2
* 51063: obj =   1.732935433e+03 inf =   2.210e-01 (14927) 2
* 51235: obj =   1.732935243e+03 inf =   2.210e-01 (14893) 1
* 51397: obj =   1.732935120e+03 inf =   2.212e-01 (14859) 2
* 51567: obj =   1.732934959e+03 inf =   2.210e-01 (14861) 1
* 51731: obj =   1.732934872e+03 inf =   2.208e-01 (14826) 2
* 51896: obj =   1.732934705e+03 inf =   2.206e-01 (14774) 2
* 52068: obj =   1.732934536e+03 inf =   2.207e-01 (14751) 1
* 52229: obj =   1.732934465e+03 inf =   2.201e-01 (14751) 2
* 52394: obj =   1.732934249e+03 inf =   2.195e-01 (14704) 2
* 52563: obj =   1.732934194e+03 inf =   2.190e-01 (14700) 1
* 52728: obj =   1.732934052e+03 inf =   2.180e-01 (14686) 2
* 52893: obj =   1.732933912e+03 inf =   2.175e-01 (14690) 2
* 53065: obj =   1.732933830e+03 inf =   2.170e-01 (14667) 1
* 53228: obj =   1.732933672e+03 inf =   2.156e-01 (14623) 2
* 53399: obj =   1.732933355e+03 inf =   2.147e-01 (14558) 1
* 53564: obj =   1.732933049e+03 inf =   2.135e-01 (14536) 2
* 53730: obj =   1.732932444e+03 inf =   2.122e-01 (14485) 2
* 53893: obj =   1.732932257e+03 inf =   2.111e-01 (14448) 1
* 54054: obj =   1.732932020e+03 inf =   2.092e-01 (14440) 2
* 54220: obj =   1.732931954e+03 inf =   2.083e-01 (14447) 2
* 54382: obj =   1.732931803e+03 inf =   2.065e-01 (14457) 1
* 54534: obj =   1.732931461e+03 inf =   2.039e-01 (14456) 2
* 54706: obj =   1.732931074e+03 inf =   2.029e-01 (14458) 1
* 54871: obj =   1.732930949e+03 inf =   2.020e-01 (14414) 2
* 55027: obj =   1.732930770e+03 inf =   2.006e-01 (14410) 2
* 55191: obj =   1.732930414e+03 inf =   1.990e-01 (14353) 1
* 55346: obj =   1.732930357e+03 inf =   1.984e-01 (14338) 2
* 55514: obj =   1.732930050e+03 inf =   1.961e-01 (14333) 1
* 55670: obj =   1.732929881e+03 inf =   1.949e-01 (14289) 2
* 55829: obj =   1.732929437e+03 inf =   1.927e-01 (14264) 2
* 55995: obj =   1.732928825e+03 inf =   1.908e-01 (14217) 1
* 56153: obj =   1.732928671e+03 inf =   1.902e-01 (14173) 2
* 56318: obj =   1.732928416e+03 inf =   1.886e-01 (14127) 1
* 56464: obj =   1.732928227e+03 inf =   1.867e-01 (14103) 2
* 56622: obj =   1.732927870e+03 inf =   1.838e-01 (14077) 1
* 56780: obj =   1.732927627e+03 inf =   1.818e-01 (14049) 2
* 56942: obj =   1.732927296e+03 inf =   1.787e-01 (14064) 2
* 57108: obj =   1.732927071e+03 inf =   1.768e-01 (14016) 1
* 57268: obj =   1.732926684e+03 inf =   1.753e-01 (13997) 2
* 57434: obj =   1.732926130e+03 inf =   1.740e-01 (13988) 1
* 57601: obj =   1.732925939e+03 inf =   1.730e-01 (13975) 2
* 57767: obj =   1.667921838e+03 inf =   1.706e-01 (13924) 2
* 57934: obj =   1.667921656e+03 inf =   1.690e-01 (13905) 1
* 58095: obj =   1.667921523e+03 inf =   1.683e-01 (13861) 2
* 58263: obj =   1.667920272e+03 inf =   1.682e-01 (13815) 1
* 58427: obj =   1.667919720e+03 inf =   1.663e-01 (13798) 2
* 58584: obj =   1.667919161e+03 inf =   1.651e-01 (13808) 2
* 58755: obj =   1.667918856e+03 inf =   1.633e-01 (13775) 1
* 58920: obj =   1.667918548e+03 inf =   1.618e-01 (13740) 2
* 59080: obj =   1.667917783e+03 inf =   1.600e-01 (13743) 2
* 59248: obj =   1.667917458e+03 inf =   1.587e-01 (13720) 1
* 59408: obj =   1.667917011e+03 inf =   1.570e-01 (13719) 2
* 59576: obj =   1.667916744e+03 inf =   1.552e-01 (13685) 1
* 59737: obj =   1.667916212e+03 inf =   1.511e-01 (13618) 2
* 59903: obj =   1.667915521e+03 inf =   1.465e-01 (13572) 2
* 60074: obj =   1.667914827e+03 inf =   1.426e-01 (13554) 1
* 60237: obj =   1.667914247e+03 inf =   1.390e-01 (13544) 2
* 60400: obj =   1.667914098e+03 inf =   1.385e-01 (13512) 1
* 60566: obj =   1.667913725e+03 inf =   1.365e-01 (13488) 2
* 60732: obj =   1.667913053e+03 inf =   1.322e-01 (13412) 2
* 60901: obj =   1.667912465e+03 inf =   1.289e-01 (13356) 1
* 61057: obj =   1.667911788e+03 inf =   1.261e-01 (13315) 2
* 61224: obj =   1.667910714e+03 inf =   1.225e-01 (13261) 2
* 61389: obj =   1.643018026e+03 inf =   1.181e-01 (14300) 1
* 61548: obj =   1.643017899e+03 inf =   1.181e-01 (14269) 2
* 61716: obj =   1.643017750e+03 inf =   1.177e-01 (14259) 1
* 61884: obj =   1.643017608e+03 inf =   1.167e-01 (14258) 2
* 62049: obj =   1.643017478e+03 inf =   1.153e-01 (14234) 2
* 62220: obj =   1.643017406e+03 inf =   1.148e-01 (14178) 1
* 62395: obj =   1.643017291e+03 inf =   1.142e-01 (14157) 2
* 62567: obj =   1.643017211e+03 inf =   1.137e-01 (14127) 2
* 62736: obj =   1.643017089e+03 inf =   1.128e-01 (14122) 1
* 62900: obj =   1.643017005e+03 inf =   1.121e-01 (14109) 2
* 63068: obj =   1.643016853e+03 inf =   1.094e-01 (14093) 2
* 63237: obj =   1.643016729e+03 inf =   1.073e-01 (14089) 1
* 63411: obj =   1.643016671e+03 inf =   1.069e-01 (14109) 2
* 63584: obj =   1.643016561e+03 inf =   1.062e-01 (14094) 2
* 63756: obj =   1.643016484e+03 inf =   1.048e-01 (14087) 1
* 63924: obj =   1.643016354e+03 inf =   1.033e-01 (14067) 2
* 64094: obj =   1.643016219e+03 inf =   1.019e-01 (14007) 1
* 64266: obj =   1.643016110e+03 inf =   1.009e-01 (13973) 2
* 64433: obj =   1.643016046e+03 inf =   9.975e-02 (13965) 2
* 64609: obj =   1.643015839e+03 inf =   9.780e-02 (13949) 1
* 64776: obj =   1.643015441e+03 inf =   9.686e-02 (13931) 2
* 64945: obj =   1.635307913e+03 inf =   9.486e-02 (13541) 2
* 65111: obj =   1.635307840e+03 inf =   9.328e-02 (13526) 1
* 65275: obj =   1.635306644e+03 inf =   9.087e-02 (13489) 2
* 65440: obj =   1.635306241e+03 inf =   8.798e-02 (13441) 1
* 65607: obj =   1.635306103e+03 inf =   8.737e-02 (13452) 2
* 65778: obj =   1.635305941e+03 inf =   8.602e-02 (13413) 2
* 65946: obj =   1.635305807e+03 inf =   8.379e-02 (13417) 1
* 66112: obj =   1.635305670e+03 inf =   8.156e-02 (13375) 2
* 66282: obj =   1.635305468e+03 inf =   7.855e-02 (13357) 2
* 66464: obj =   1.635305369e+03 inf =   7.819e-02 (13362) 1
* 66629: obj =   1.635305223e+03 inf =   7.656e-02 (13319) 2
* 66802: obj =   1.635305087e+03 inf =   7.516e-02 (13300) 1
* 66972: obj =   1.635304941e+03 inf =   7.342e-02 (13296) 2
* 67146: obj =   1.635304884e+03 inf =   7.299e-02 (13285) 2
* 67321: obj =   1.635304708e+03 inf =   7.137e-02 (13270) 1
* 67489: obj =   1.635304521e+03 inf =   6.848e-02 (13242) 2
* 67662: obj =   1.635304410e+03 inf =   6.704e-02 (13193) 2
* 67833: obj =   1.635304322e+03 inf =   6.581e-02 (13231) 1
* 67999: obj =   1.635304190e+03 inf =   6.345e-02 (13196) 2
* 68172: obj =   1.635304089e+03 inf =   6.256e-02 (13201) 2
* 68348: obj =   1.635303950e+03 inf =   6.051e-02 (13157) 1
* 68512: obj =   1.635303895e+03 inf =   5.962e-02 (13137) 2
* 68677: obj =   1.635303790e+03 inf =   5.825e-02 (13137) 2
* 68854: obj =   1.635303660e+03 inf =   5.575e-02 (13115) 1
* 69025: obj =   1.635303597e+03 inf =   5.522e-02 (13112) 2
* 69191: obj =   1.635303498e+03 inf =   5.417e-02 (13077) 1
* 69362: obj =   1.635303422e+03 inf =   5.239e-02 (13005) 2
* 69533: obj =   1.635303360e+03 inf =   5.125e-02 (12998) 2
* 69705: obj =   1.635303269e+03 inf =   5.062e-02 (12970) 1
* 69874: obj =   1.635303217e+03 inf =   4.986e-02 (12957) 2
* 70045: obj =   1.635303113e+03 inf =   4.851e-02 (12938) 2
* 70224: obj =   1.635303041e+03 inf =   4.824e-02 (12886) 1
* 70390: obj =   1.635302928e+03 inf =   4.682e-02 (12866) 2
* 70558: obj =   1.624577132e+03 inf =   4.551e-02 (13117) 2
* 70732: obj =   1.624577035e+03 inf =   4.500e-02 (13117) 1
* 70903: obj =   1.624576819e+03 inf =   4.365e-02 (13108) 2
* 71061: obj =   1.624576311e+03 inf =   4.197e-02 (13066) 2
* 71237: obj =   1.624575904e+03 inf =   4.066e-02 (13046) 1
* 71411: obj =   1.624575519e+03 inf =   3.962e-02 (13023) 2
* 71583: obj =   1.612572667e+03 inf =   3.867e-02 (12816) 2
* 71751: obj =   1.612571849e+03 inf =   3.827e-02 (12807) 1
* 71911: obj =   1.612571627e+03 inf =   3.847e-02 (12789) 2
* 72079: obj =   1.612571555e+03 inf =   3.838e-02 (12779) 1
* 72233: obj =   1.612571507e+03 inf =   3.835e-02 (12747) 2
* 72411: obj =   1.612571357e+03 inf =   3.814e-02 (12692) 1
* 72586: obj =   1.612571240e+03 inf =   3.806e-02 (12659) 2
* 72758: obj =   1.612571150e+03 inf =   3.805e-02 (12629) 2
* 72927: obj =   1.612571067e+03 inf =   3.806e-02 (12586) 1
* 73101: obj =   1.612570915e+03 inf =   3.771e-02 (12609) 2
* 73275: obj =   1.612570824e+03 inf =   3.725e-02 (12571) 2
* 73450: obj =   1.612570543e+03 inf =   3.697e-02 (12509) 1
* 73614: obj =   1.612570281e+03 inf =   3.700e-02 (12501) 2
* 73789: obj =   1.612570056e+03 inf =   3.676e-02 (12500) 2
* 73967: obj =   1.612569799e+03 inf =   3.660e-02 (12457) 1
* 74127: obj =   1.600317771e+03 inf =   3.654e-02 (12413) 2
* 74294: obj =   1.600317450e+03 inf =   3.591e-02 (12428) 1
* 74463: obj =   1.600317315e+03 inf =   3.570e-02 (12429) 2
* 74628: obj =   1.600316946e+03 inf =   3.548e-02 (12413) 2
* 74803: obj =   1.600316603e+03 inf =   3.488e-02 (12383) 1
* 74968: obj =   1.600316483e+03 inf =   3.451e-02 (12377) 2
* 75137: obj =   1.600316441e+03 inf =   3.431e-02 (12365) 2
* 75309: obj =   1.600316307e+03 inf =   3.405e-02 (12355) 1
* 75474: obj =   1.600316229e+03 inf =   3.388e-02 (12355) 2
* 75644: obj =   1.600316196e+03 inf =   3.365e-02 (12333) 2
* 75814: obj =   1.597046928e+03 inf =   3.320e-02 (12353) 1
* 75986: obj =   1.597046796e+03 inf =   3.307e-02 (12321) 2
* 76155: obj =   1.597046564e+03 inf =   3.250e-02 (12312) 1
* 76326: obj =   1.597046458e+03 inf =   3.232e-02 (12294) 2
* 76487: obj =   1.597046319e+03 inf =   3.199e-02 (12282) 2
* 76660: obj =   1.597046226e+03 inf =   3.181e-02 (12260) 1
* 76828: obj =   1.597046157e+03 inf =   3.158e-02 (12242) 2
* 76998: obj =   1.597046090e+03 inf =   3.150e-02 (12223) 2
* 77177: obj =   1.597046029e+03 inf =   3.136e-02 (12216) 1
* 77345: obj =   1.597045966e+03 inf =   3.126e-02 (12177) 2
* 77519: obj =   1.597045927e+03 inf =   3.118e-02 (12174) 2
* 77696: obj =   1.597045868e+03 inf =   3.120e-02 (12161) 1
* 77870: obj =   1.585543621e+03 inf =   3.113e-02 (12110) 2
* 78040: obj =   1.585543260e+03 inf =   3.140e-02 (12120) 1
* 78211: obj =   1.585542981e+03 inf =   3.129e-02 (12095) 2
* 78381: obj =   1.585542705e+03 inf =   3.104e-02 (12083) 2
* 78552: obj =   1.585542532e+03 inf =   3.117e-02 (12081) 1
* 78723: obj =   1.585542429e+03 inf =   3.125e-02 (12053) 2
* 78893: obj =   1.585542333e+03 inf =   3.127e-02 (12037) 2
* 79072: obj =   1.585542275e+03 inf =   3.139e-02 (11982) 1
* 79240: obj =   1.585542214e+03 inf =   3.135e-02 (11986) 2
* 79418: obj =   1.581612684e+03 inf =   3.116e-02 (11904) 2
* 79599: obj =   1.581612630e+03 inf =   3.100e-02 (11883) 1
* 79776: obj =   1.581612333e+03 inf =   3.093e-02 (11855) 2
* 79947: obj =   1.581612222e+03 inf =   3.089e-02 (11874) 2
* 80124: obj =   1.581612144e+03 inf =   3.089e-02 (11872) 1
* 80293: obj =   1.581612081e+03 inf =   3.065e-02 (11860) 2
* 80457: obj =   1.581612046e+03 inf =   3.061e-02 (11861) 2
* 80625: obj =   1.581611984e+03 inf =   3.064e-02 (11821) 1
* 80790: obj =   1.581611916e+03 inf =   3.040e-02 (11824) 2
* 80964: obj =   1.581611856e+03 inf =   3.032e-02 (11788) 1
* 81131: obj =   1.581611737e+03 inf =   3.014e-02 (11797) 2
* 81300: obj =   1.581611645e+03 inf =   3.025e-02 (11790) 2
* 81474: obj =   1.581611023e+03 inf =   3.020e-02 (11755) 1
* 81638: obj =   1.559684526e+03 inf =   3.029e-02 (12183) 2
* 81800: obj =   1.559684349e+03 inf =   3.027e-02 (12192) 1
* 81961: obj =   1.559683955e+03 inf =   3.047e-02 (12193) 2
* 82126: obj =   1.559683810e+03 inf =   3.075e-02 (12134) 2
* 82295: obj =   1.559683668e+03 inf =   3.089e-02 (12116) 1
* 82450: obj =   1.559683437e+03 inf =   3.198e-02 (12109) 2
* 82619: obj =   1.559683250e+03 inf =   3.314e-02 (12103) 2
* 82787: obj =   1.559683085e+03 inf =   3.306e-02 (12100) 1
* 82931: obj =   1.559683010e+03 inf =   3.300e-02 (12080) 2
* 83094: obj =   1.559682893e+03 inf =   3.306e-02 (12078) 1
* 83259: obj =   1.559682802e+03 inf =   3.302e-02 (12050) 2
* 83429: obj =   1.559682719e+03 inf =   3.301e-02 (12028) 1
* 83585: obj =   1.559682645e+03 inf =   3.323e-02 (11998) 2
* 83752: obj =   1.559682583e+03 inf =   3.324e-02 (11969) 2
* 83923: obj =   1.559682504e+03 inf =   3.321e-02 (12006) 1
* 84090: obj =   1.559682424e+03 inf =   3.326e-02 (11963) 2
* 84255: obj =   1.559682230e+03 inf =   3.312e-02 (11939) 2
* 84423: obj =   1.516557966e+03 inf =   3.309e-02 (11564) 1
* 84583: obj =   1.516556211e+03 inf =   3.310e-02 (11548) 2
* 84744: obj =   1.516555765e+03 inf =   3.293e-02 (11527) 1
* 84905: obj =   1.516555336e+03 inf =   3.305e-02 (11511) 2
* 85070: obj =   1.516554929e+03 inf =   3.335e-02 (11504) 1
* 85232: obj =   1.516554684e+03 inf =   3.305e-02 (11470) 2
* 85389: obj =   1.516554411e+03 inf =   3.302e-02 (11457) 1
* 85548: obj =   1.516554185e+03 inf =   3.313e-02 (11456) 2
* 85709: obj =   1.516553959e+03 inf =   3.294e-02 (11450) 2
* 85874: obj =   1.516553799e+03 inf =   3.263e-02 (11415) 1
* 86026: obj =   1.516553689e+03 inf =   3.249e-02 (11369) 2
* 86193: obj =   1.516553528e+03 inf =   3.226e-02 (11370) 1
* 86354: obj =   1.516553375e+03 inf =   3.190e-02 (11372) 2
* 86518: obj =   1.516553242e+03 inf =   3.147e-02 (11374) 1
* 86670: obj =   1.516553129e+03 inf =   3.112e-02 (11338) 2
* 86831: obj =   1.516552993e+03 inf =   3.091e-02 (11353) 2
* 86992: obj =   1.516552900e+03 inf =   3.067e-02 (11322) 1
* 87149: obj =   1.516552787e+03 inf =   3.067e-02 (11297) 2
* 87314: obj =   1.516552705e+03 inf =   3.062e-02 (11284) 1
* 87475: obj =   1.516552596e+03 inf =   3.139e-02 (11239) 2
* 87637: obj =   1.516552481e+03 inf =   3.255e-02 (11239) 1
* 87793: obj =   1.516552325e+03 inf =   3.671e-02 (11226) 2
* 87955: obj =   1.516552223e+03 inf =   4.045e-02 (11208) 2
* 88124: obj =   1.516552145e+03 inf =   4.239e-02 (11189) 1
* 88289: obj =   1.516552121e+03 inf =   4.303e-02 (11163) 2
* 88455: obj =   1.516552024e+03 inf =   4.741e-02 (11166) 1
* 88623: obj =   1.516551951e+03 inf =   5.338e-02 (11144) 2
* 88790: obj =   1.516551892e+03 inf =   5.833e-02 (11101) 2
* 88960: obj =   1.516551822e+03 inf =   6.634e-02 (11056) 1
* 89140: obj =   1.511568988e+03 inf =   6.623e-02 (11358) 2
* 89336: obj =   1.511568718e+03 inf =   6.613e-02 (11293) 2
* 89529: obj =   1.511568524e+03 inf =   6.638e-02 (11282) 2
* 89728: obj =   1.509989629e+03 inf =   6.821e-02 (11276) 1
* 89899: obj =   1.509989603e+03 inf =   6.682e-02 (11291) 2
* 90070: obj =   1.509989570e+03 inf =   6.629e-02 (11272) 2
* 90245: obj =   1.509989516e+03 inf =   6.636e-02 (11281) 2
* 90415: obj =   1.509989498e+03 inf =   6.601e-02 (11290) 1
* 90595: obj =   1.508933329e+03 inf =   6.568e-02 (11354) 2
* 90771: obj =   1.508933290e+03 inf =   6.479e-02 (11317) 2
* 90952: obj =   1.508933243e+03 inf =   6.381e-02 (11301) 1
* 91116: obj =   1.508933222e+03 inf =   6.334e-02 (11285) 2
* 91290: obj =   1.508933197e+03 inf =   6.292e-02 (11252) 2
* 91467: obj =   1.507524387e+03 inf =   6.171e-02 (11301) 1
* 91637: obj =   1.507524350e+03 inf =   6.128e-02 (11261) 2
* 91812: obj =   1.507524267e+03 inf =   6.088e-02 (11278) 2
* 91979: obj =   1.507524215e+03 inf =   6.056e-02 (11268) 1
* 92145: obj =   1.507524129e+03 inf =   6.040e-02 (11256) 2
* 92303: obj =   1.507524104e+03 inf =   6.021e-02 (11283) 2
* 92465: obj =   1.507524061e+03 inf =   6.039e-02 (11260) 1
* 92630: obj =   1.507524029e+03 inf =   6.035e-02 (11265) 2
* 92806: obj =   1.507523998e+03 inf =   6.001e-02 (11237) 1
* 92967: obj =   1.507523974e+03 inf =   5.974e-02 (11268) 2
* 93133: obj =   1.507523953e+03 inf =   5.941e-02 (11286) 2
* 93309: obj =   1.507523928e+03 inf =   5.940e-02 (11287) 1
* 93473: obj =   1.505541720e+03 inf =   5.893e-02 (11214) 2
* 93640: obj =   1.505541695e+03 inf =   5.802e-02 (11221) 2
* 93814: obj =   1.505541656e+03 inf =   5.715e-02 (11225) 1
* 93984: obj =   1.505541638e+03 inf =   5.668e-02 (11206) 2
* 94152: obj =   1.505541612e+03 inf =   5.606e-02 (11183) 2
* 94320: obj =   1.505541579e+03 inf =   5.528e-02 (11169) 1
* 94486: obj =   1.505541540e+03 inf =   5.514e-02 (11161) 2
* 94663: obj =   1.505541521e+03 inf =   5.473e-02 (11139) 2
* 94832: obj =   1.505541479e+03 inf =   5.435e-02 (11138) 1
* 95000: obj =   1.505541423e+03 inf =   5.371e-02 (11135) 2
* 95176: obj =   1.505541302e+03 inf =   5.310e-02 (11099) 2
* 95357: obj =   1.505541210e+03 inf =   5.269e-02 (11092) 1
* 95524: obj =   1.505541050e+03 inf =   5.230e-02 (11114) 2
* 95697: obj =   1.500632119e+03 inf =   5.199e-02 (10922) 2
* 95872: obj =   1.500632050e+03 inf =   5.162e-02 (10952) 1
* 96037: obj =   1.500632018e+03 inf =   5.123e-02 (10943) 2
* 96206: obj =   1.500631866e+03 inf =   5.099e-02 (10920) 2
* 96381: obj =   1.500631842e+03 inf =   5.069e-02 (10945) 1
* 96551: obj =   1.494846504e+03 inf =   5.042e-02 (10727) 2
* 96723: obj =   1.494846264e+03 inf =   5.035e-02 (10706) 1
* 96895: obj =   1.494846209e+03 inf =   4.985e-02 (10702) 2
* 97066: obj =   1.494846130e+03 inf =   5.001e-02 (10668) 2
* 97238: obj =   1.494846064e+03 inf =   5.010e-02 (10674) 1
* 97398: obj =   1.494846022e+03 inf =   5.001e-02 (10665) 2
* 97572: obj =   1.494845968e+03 inf =   4.966e-02 (10660) 2
* 97748: obj =   1.494845910e+03 inf =   4.960e-02 (10620) 1
* 97906: obj =   1.494845871e+03 inf =   4.990e-02 (10633) 2
* 98076: obj =   1.494845832e+03 inf =   5.026e-02 (10636) 1
* 98251: obj =   1.494845774e+03 inf =   5.036e-02 (10596) 2
* 98425: obj =   1.494845763e+03 inf =   5.030e-02 (10589) 2
* 98599: obj =   1.494845702e+03 inf =   5.009e-02 (10570) 2
* 98784: obj =   1.494845680e+03 inf =   4.993e-02 (10573) 1
* 98960: obj =   1.494845653e+03 inf =   4.995e-02 (10518) 2
* 99127: obj =   1.494845633e+03 inf =   4.987e-02 (10504) 2
* 99296: obj =   1.494845623e+03 inf =   4.981e-02 (10485) 1
* 99469: obj =   1.494845599e+03 inf =   4.988e-02 (10479) 2
* 99647: obj =   1.494845571e+03 inf =   4.991e-02 (10469) 1
* 99813: obj =   1.494845558e+03 inf =   4.967e-02 (10440) 2
* 99984: obj =   1.494845509e+03 inf =   4.932e-02 (10414) 2
*100160: obj =   1.494845433e+03 inf =   4.922e-02 (10419) 1
*100324: obj =   1.494845329e+03 inf =   4.905e-02 (10397) 2
*100490: obj =   1.483053394e+03 inf =   4.888e-02 (10731) 1
*100658: obj =   1.483053153e+03 inf =   4.869e-02 (10731) 2
*100828: obj =   1.483053045e+03 inf =   4.855e-02 (10725) 2
*100999: obj =   1.483052878e+03 inf =   4.840e-02 (10674) 1
*101158: obj =   1.483052812e+03 inf =   4.828e-02 (10665) 2
*101329: obj =   1.483052313e+03 inf =   4.808e-02 (10655) 1
*101501: obj =   1.463467599e+03 inf =   4.814e-02 (10826) 2
*101671: obj =   1.463465989e+03 inf =   4.821e-02 (10806) 2
*101842: obj =   1.463465874e+03 inf =   4.825e-02 (10767) 1
*102014: obj =   1.463465763e+03 inf =   4.830e-02 (10747) 2
*102186: obj =   1.463465648e+03 inf =   4.855e-02 (10741) 2
*102366: obj =   1.463465571e+03 inf =   4.863e-02 (10748) 1
*102540: obj =   1.463465491e+03 inf =   4.826e-02 (10773) 2
*102714: obj =   1.463465441e+03 inf =   4.843e-02 (10742) 2
*102892: obj =   1.463465398e+03 inf =   4.890e-02 (10716) 2
*103069: obj =   1.463465366e+03 inf =   4.873e-02 (10702) 1
*103241: obj =   1.463465293e+03 inf =   4.942e-02 (10668) 2
*103403: obj =   1.458606841e+03 inf =   4.926e-02 (10586) 2
*103582: obj =   1.458606746e+03 inf =   4.899e-02 (10562) 1
*103752: obj =   1.458606610e+03 inf =   4.875e-02 (10529) 2
*103924: obj =   1.458606554e+03 inf =   4.851e-02 (10487) 2
*104099: obj =   1.458606526e+03 inf =   4.846e-02 (10473) 1
*104274: obj =   1.458606474e+03 inf =   4.811e-02 (10460) 2
*104450: obj =   1.458606437e+03 inf =   4.779e-02 (10434) 2
*104629: obj =   1.454307454e+03 inf =   4.776e-02 (10400) 1
*104806: obj =   1.454307430e+03 inf =   4.771e-02 (10350) 2
*104988: obj =   1.453165146e+03 inf =   4.761e-02 (10326) 1
*105163: obj =   1.453165115e+03 inf =   4.753e-02 (10316) 2
*105336: obj =   1.453165098e+03 inf =   4.774e-02 (10272) 2
*105520: obj =   1.452157896e+03 inf =   4.760e-02 (10295) 2
*105704: obj =   1.452157872e+03 inf =   4.744e-02 (10268) 1
*105880: obj =   1.451930150e+03 inf =   4.717e-02 (10268) 2
*106064: obj =   1.451930130e+03 inf =   4.697e-02 (10258) 2
*106252: obj =   1.447503517e+03 inf =   4.685e-02 (10224) 1
*106432: obj =   1.445863564e+03 inf =   4.679e-02 (20746) 2
*106627: obj =   1.445863140e+03 inf =   4.706e-02 (20710) 2
*106807: obj =   1.445863089e+03 inf =   4.713e-02 (20648) 1
*106975: obj =   1.445862899e+03 inf =   4.711e-02 (20591) 2
*107144: obj =   1.445862810e+03 inf =   4.702e-02 (20530) 1
*107311: obj =   1.445862660e+03 inf =   4.688e-02 (20509) 2
*107483: obj =   1.445862655e+03 inf =   4.678e-02 (20465) 1
*107639: obj =   1.445862333e+03 inf =   4.709e-02 (20408) 2
*107801: obj =   1.445862149e+03 inf =   4.736e-02 (20355) 2
*107965: obj =   1.445861919e+03 inf =   4.729e-02 (20310) 1
*108119: obj =   1.445861658e+03 inf =   4.743e-02 (20274) 2
*108271: obj =   1.445861549e+03 inf =   4.723e-02 (20242) 1
*108435: obj =   1.445861475e+03 inf =   4.687e-02 (20250) 2
*108607: obj =   1.445859922e+03 inf =   4.656e-02 (20186) 1
*108758: obj =   1.445641964e+03 inf =   4.679e-02 (11255) 2
*108923: obj =   1.445641913e+03 inf =   4.668e-02 (11241) 1
*109092: obj =   1.445641869e+03 inf =   4.669e-02 (11225) 2
*109255: obj =   1.445641826e+03 inf =   4.662e-02 (11219) 2
*109416: obj =   1.445641773e+03 inf =   4.686e-02 (11212) 1
*109575: obj =   1.445641717e+03 inf =   4.784e-02 (11197) 2
*109746: obj =   1.445641677e+03 inf =   4.799e-02 (11147) 1
*109908: obj =   1.445641633e+03 inf =   4.800e-02 (11147) 2
*110067: obj =   1.445641605e+03 inf =   4.786e-02 (11083) 2
*110235: obj =   1.445641559e+03 inf =   4.762e-02 (11038) 1
*110396: obj =   1.445641441e+03 inf =   4.744e-02 (11028) 2
*110555: obj =   1.445523104e+03 inf =   4.722e-02 (10931) 1
*110719: obj =   1.445522751e+03 inf =   4.736e-02 (10848) 2
*110893: obj =   1.445522616e+03 inf =   4.758e-02 (10727) 1
*111062: obj =   1.445522475e+03 inf =   4.769e-02 (10630) 2
*111228: obj =   1.445522353e+03 inf =   4.839e-02 (10586) 2
*111403: obj =   1.445522337e+03 inf =   4.828e-02 (10553) 1
*111570: obj =   1.445522315e+03 inf =   4.815e-02 (10514) 2
*111745: obj =   1.445522292e+03 inf =   4.821e-02 (10494) 1
*111933: obj =   1.444648769e+03 inf =   4.813e-02 (10281) 2
*112147: obj =   1.444647930e+03 inf =   4.807e-02 (10192) 2
*112358: obj =   1.444647645e+03 inf =   4.792e-02 (10175) 2
*112547: obj =   1.444642165e+03 inf =   4.778e-02 (10104) 2
*112728: obj =   1.444639918e+03 inf =   4.755e-02 (10079) 2
*112924: obj =   1.444639134e+03 inf =   4.771e-02 (10053) 1
*113112: obj =   1.444638711e+03 inf =   4.807e-02 (10009) 2
*113285: obj =   1.444638406e+03 inf =   4.777e-02 (10002) 2
*113469: obj =   1.444637958e+03 inf =   4.895e-02 (9994) 2
*113668: obj =   1.444637584e+03 inf =   5.256e-02 (9959) 1
*113844: obj =   1.444637515e+03 inf =   5.227e-02 (9937) 2
*114024: obj =   1.444637429e+03 inf =   5.203e-02 (9936) 2
*114205: obj =   1.444637387e+03 inf =   5.168e-02 (9929) 2
*114376: obj =   1.444637223e+03 inf =   5.158e-02 (9911) 1
*114542: obj =   1.444637145e+03 inf =   5.160e-02 (9923) 2
*114714: obj =   1.444637011e+03 inf =   5.172e-02 (9912) 2
*114891: obj =   1.444636794e+03 inf =   5.227e-02 (9898) 1
*115063: obj =   1.444636606e+03 inf =   5.260e-02 (9846) 2
*115235: obj =   1.444636496e+03 inf =   5.260e-02 (9839) 2
*115412: obj =   1.444636291e+03 inf =   5.270e-02 (9850) 1
*115581: obj =   1.444636167e+03 inf =   5.363e-02 (9823) 2
*115755: obj =   1.444636091e+03 inf =   5.354e-02 (9801) 1
*115914: obj =   1.444636028e+03 inf =   5.338e-02 (9801) 2
*116092: obj =   1.444635953e+03 inf =   5.289e-02 (9765) 2
*116273: obj =   1.444634945e+03 inf =   5.256e-02 (9783) 1
*116459: obj =   1.443310831e+03 inf =   5.259e-02 (10474) 2
*116621: obj =   1.443310814e+03 inf =   5.251e-02 (10488) 2
*116799: obj =   1.443310786e+03 inf =   5.223e-02 (10479) 1
*116973: obj =   1.443241846e+03 inf =   5.190e-02 (10213) 2
*117147: obj =   1.443241810e+03 inf =   5.077e-02 (10173) 2
*117313: obj =   1.443241750e+03 inf =   5.061e-02 (10160) 1
*117480: obj =   1.443241703e+03 inf =   5.055e-02 (10149) 2
*117658: obj =   1.443241684e+03 inf =   5.049e-02 (10139) 2
*117836: obj =   1.443241667e+03 inf =   5.027e-02 (10111) 1
*118013: obj =   1.443241639e+03 inf =   4.967e-02 (10087) 2
*118189: obj =   1.443241583e+03 inf =   4.927e-02 (10075) 2
*118362: obj =   1.443241306e+03 inf =   4.898e-02 (10081) 1
*118530: obj =   1.424922120e+03 inf =   4.860e-02 (10470) 2
*118706: obj =   1.424921925e+03 inf =   4.847e-02 (10441) 2
*118880: obj =   1.424921855e+03 inf =   4.828e-02 (10438) 1
*119018: obj =   1.424921820e+03 inf =   4.794e-02 (10450) 2
*119174: obj =   1.424921804e+03 inf =   4.764e-02 (10433) 1
*119332: obj =   1.424921794e+03 inf =   4.728e-02 (10427) 2
*119483: obj =   1.424921764e+03 inf =   4.739e-02 (10410) 1
*119637: obj =   1.424921710e+03 inf =   4.714e-02 (10399) 2
*119799: obj =   1.424921668e+03 inf =   4.676e-02 (10366) 1
*119964: obj =   1.424921628e+03 inf =   4.633e-02 (10367) 2
*120133: obj =   1.424921611e+03 inf =   4.591e-02 (10368) 1
*120298: obj =   1.423556433e+03 inf =   4.581e-02 (10361) 2
*120472: obj =   1.421451782e+03 inf =   4.573e-02 (10288) 1
*120649: obj =   1.420040044e+03 inf =   4.548e-02 (10225) 2
*120824: obj =   1.420040015e+03 inf =   4.544e-02 (10192) 1
*120987: obj =   1.418720114e+03 inf =   4.533e-02 (10202) 2
*121150: obj =   1.418720064e+03 inf =   4.524e-02 (10207) 1
*121278: obj =   1.418720022e+03 inf =   4.496e-02 (10188) 1
*121391: obj =   1.416237685e+03 inf =   4.494e-02 (10097) 2
*121507: obj =   1.416237672e+03 inf =   4.488e-02 (10094) 1
*121631: obj =   1.416237285e+03 inf =   4.476e-02 (10064) 1
*121752: obj =   1.416237177e+03 inf =   4.492e-02 (10052) 1
*121864: obj =   1.416237134e+03 inf =   4.485e-02 (10041) 1
*121970: obj =   1.416237102e+03 inf =   4.484e-02 (10040) 1
*122076: obj =   1.416237071e+03 inf =   4.492e-02 (10045) 1
*122183: obj =   1.416237054e+03 inf =   4.490e-02 (10047) 1
*122292: obj =   1.416237032e+03 inf =   4.481e-02 (10043) 1
*122402: obj =   1.416236997e+03 inf =   4.448e-02 (10041) 1
*122518: obj =   1.416236955e+03 inf =   4.442e-02 (10041) 1
*122638: obj =   1.416236932e+03 inf =   4.451e-02 (10046) 2
*122752: obj =   1.416236914e+03 inf =   4.449e-02 (10022) 1
*122868: obj =   1.416236905e+03 inf =   4.445e-02 (10007) 1
*122982: obj =   1.416236893e+03 inf =   4.445e-02 (9987) 1
*123099: obj =   1.416236874e+03 inf =   4.447e-02 (9968) 1
*123228: obj =   1.414362847e+03 inf =   4.433e-02 (9971) 1
*123353: obj =   1.414362817e+03 inf =   4.419e-02 (9960) 1
*123470: obj =   1.414362776e+03 inf =   4.428e-02 (9938) 2
*123582: obj =   1.414362761e+03 inf =   4.440e-02 (9937) 1
*123697: obj =   1.414362748e+03 inf =   4.460e-02 (9944) 1
*123816: obj =   1.413199040e+03 inf =   4.463e-02 (9612) 1
*123931: obj =   1.413199014e+03 inf =   4.480e-02 (9584) 1
*124048: obj =   1.413198956e+03 inf =   4.526e-02 (9569) 1
*124164: obj =   1.413198920e+03 inf =   4.571e-02 (9530) 1
*124292: obj =   1.413198881e+03 inf =   4.575e-02 (9514) 1
*124415: obj =   1.413198868e+03 inf =   4.556e-02 (9543) 2
*124558: obj =   1.413198854e+03 inf =   4.543e-02 (9522) 1
*124701: obj =   1.413198838e+03 inf =   4.545e-02 (9497) 1
*124830: obj =   1.413198827e+03 inf =   4.537e-02 (9484) 1
*124955: obj =   1.413198803e+03 inf =   4.531e-02 (9482) 2
*125095: obj =   1.413198781e+03 inf =   4.534e-02 (9471) 1
*125236: obj =   1.407605899e+03 inf =   4.525e-02 (10042) 1
*125373: obj =   1.406575959e+03 inf =   4.520e-02 (10002) 2
*125510: obj =   1.406208936e+03 inf =   4.513e-02 (9982) 1
*125637: obj =   1.406208852e+03 inf =   4.510e-02 (9986) 1
*125764: obj =   1.406208817e+03 inf =   4.498e-02 (9978) 1
*125894: obj =   1.401622853e+03 inf =   4.492e-02 (9892) 2
*126020: obj =   1.401622818e+03 inf =   4.490e-02 (9895) 1
*126156: obj =   1.395475524e+03 inf =   4.496e-02 (9901) 1
*126280: obj =   1.395475515e+03 inf =   4.497e-02 (9878) 1
*126400: obj =   1.395475493e+03 inf =   4.482e-02 (9876) 1
*126514: obj =   1.395475460e+03 inf =   4.526e-02 (9858) 2
*126643: obj =   1.395475408e+03 inf =   4.547e-02 (9884) 1
*126778: obj =   1.395475380e+03 inf =   4.541e-02 (9885) 1
*126917: obj =   1.395475359e+03 inf =   4.537e-02 (9861) 1
*127047: obj =   1.395475326e+03 inf =   4.537e-02 (9847) 2
*127175: obj =   1.395475310e+03 inf =   4.520e-02 (9835) 1
*127305: obj =   1.395475289e+03 inf =   4.508e-02 (9837) 1
*127428: obj =   1.395475286e+03 inf =   4.499e-02 (9828) 1
*127538: obj =   1.395475269e+03 inf =   4.487e-02 (9838) 2
*127656: obj =   1.395475256e+03 inf =   4.482e-02 (9829) 1
*127772: obj =   1.395475245e+03 inf =   4.477e-02 (9839) 1
*127889: obj =   1.395475243e+03 inf =   4.464e-02 (9843) 1
*128018: obj =   1.393732751e+03 inf =   4.454e-02 (9862) 1
*128134: obj =   1.393732734e+03 inf =   4.445e-02 (9869) 1
*128249: obj =   1.393732721e+03 inf =   4.432e-02 (9868) 1
*128354: obj =   1.393732713e+03 inf =   4.416e-02 (9861) 2
*128487: obj =   1.393732672e+03 inf =   4.408e-02 (9862) 1
*128618: obj =   1.393732627e+03 inf =   4.365e-02 (9851) 1
*128755: obj =   1.392619329e+03 inf =   4.355e-02 (9761) 1
*128879: obj =   1.392619082e+03 inf =   4.358e-02 (9763) 2
*129013: obj =   1.392619048e+03 inf =   4.353e-02 (9761) 1
*129146: obj =   1.392619008e+03 inf =   4.359e-02 (9767) 1
*129276: obj =   1.392618984e+03 inf =   4.365e-02 (9737) 1
*129398: obj =   1.392618963e+03 inf =   4.385e-02 (9703) 2
*129529: obj =   1.392618939e+03 inf =   4.422e-02 (9682) 1
*129663: obj =   1.392618908e+03 inf =   4.418e-02 (9673) 1
*129793: obj =   1.392618876e+03 inf =   4.449e-02 (9651) 1
*129914: obj =   1.392618852e+03 inf =   4.486e-02 (9609) 2
*130035: obj =   1.392618834e+03 inf =   4.503e-02 (9590) 1
*130154: obj =   1.392618820e+03 inf =   4.525e-02 (9576) 1
*130282: obj =   1.392618804e+03 inf =   4.544e-02 (9572) 1
*130414: obj =   1.392618788e+03 inf =   4.538e-02 (9558) 2
*130552: obj =   1.392618762e+03 inf =   4.551e-02 (9582) 1
*130685: obj =   1.392618737e+03 inf =   4.598e-02 (9564) 1
*130821: obj =   1.392618715e+03 inf =   4.723e-02 (9533) 1
*130964: obj =   1.389765560e+03 inf =   4.826e-02 (22756) 2
*131112: obj =   1.389765547e+03 inf =   4.837e-02 (22738) 1
*131249: obj =   1.389765518e+03 inf =   4.845e-02 (22740) 2
*131377: obj =   1.389765491e+03 inf =   4.875e-02 (22721) 1
*131504: obj =   1.389765445e+03 inf =   5.080e-02 (22687) 1
*131631: obj =   1.389765143e+03 inf =   5.179e-02 (22656) 1
*131751: obj =   1.389764960e+03 inf =   5.527e-02 (22630) 1
*131879: obj =   1.389764798e+03 inf =   5.717e-02 (22594) 2
*132011: obj =   1.389764655e+03 inf =   5.923e-02 (22557) 1
*132136: obj =   1.389764555e+03 inf =   5.971e-02 (22512) 1
*132263: obj =   1.389764486e+03 inf =   5.986e-02 (22467) 1
*132401: obj =   1.389764447e+03 inf =   5.983e-02 (22428) 1
*132531: obj =   1.389764277e+03 inf =   6.044e-02 (22404) 1
*132644: obj =   1.389764252e+03 inf =   6.037e-02 (22357) 2
*132764: obj =   1.389764145e+03 inf =   6.022e-02 (22332) 1
*132892: obj =   1.389764089e+03 inf =   6.002e-02 (22305) 1
*133018: obj =   1.389764046e+03 inf =   5.986e-02 (22312) 1
*133154: obj =   1.389763834e+03 inf =   5.977e-02 (22266) 1
*133281: obj =   1.389763609e+03 inf =   6.025e-02 (22228) 2
*133416: obj =   1.389763215e+03 inf =   6.069e-02 (22209) 1
*133550: obj =   1.389755981e+03 inf =   6.067e-02 (10125) 1
*133687: obj =   1.389755906e+03 inf =   6.071e-02 (10106) 1
*133814: obj =   1.389755899e+03 inf =   6.069e-02 (10129) 1
*133933: obj =   1.389755866e+03 inf =   6.090e-02 (10130) 2
*134074: obj =   1.389755848e+03 inf =   6.102e-02 (10119) 1
*134210: obj =   1.389755806e+03 inf =   6.109e-02 (10109) 1
*134336: obj =   1.389755773e+03 inf =   6.098e-02 (10091) 1
*134445: obj =   1.389755745e+03 inf =   6.105e-02 (10047) 2
*134569: obj =   1.389755727e+03 inf =   6.098e-02 (10037) 1
*134700: obj =   1.389755688e+03 inf =   6.126e-02 (10013) 1
*134839: obj =   1.389755671e+03 inf =   6.096e-02 (9996) 1
*134967: obj =   1.389755657e+03 inf =   6.087e-02 (10003) 2
*135101: obj =   1.389755622e+03 inf =   6.103e-02 (9965) 1
*135231: obj =   1.389755579e+03 inf =   6.095e-02 (9971) 1
*135352: obj =   1.389755550e+03 inf =   6.079e-02 (9981) 1
*135471: obj =   1.389754983e+03 inf =   6.093e-02 (9953) 1
*135585: obj =   1.389754732e+03 inf =   6.183e-02 (9889) 1
*135701: obj =   1.389754655e+03 inf =   6.172e-02 (9863) 2
*135831: obj =   1.389754502e+03 inf =   6.167e-02 (9829) 1
*135969: obj =   1.389753443e+03 inf =   6.178e-02 (9775) 1
*136098: obj =   1.389753402e+03 inf =   6.196e-02 (9721) 1
*136228: obj =   1.389753372e+03 inf =   6.184e-02 (9708) 1
*136359: obj =   1.389753349e+03 inf =   6.175e-02 (9692) 2
*136495: obj =   1.389753246e+03 inf =   6.164e-02 (9639) 1
*136628: obj =   1.389753208e+03 inf =   6.152e-02 (9622) 1
*136756: obj =   1.389753168e+03 inf =   6.145e-02 (9602) 2
*136896: obj =   1.389753129e+03 inf =   6.138e-02 (9559) 1
*137039: obj =   1.389751045e+03 inf =   6.128e-02 (9617) 1
*137174: obj =   1.389750857e+03 inf =   6.116e-02 (9604) 2
*137320: obj =   1.389749908e+03 inf =   6.103e-02 (9536) 1
*137471: obj =   1.389749800e+03 inf =   6.046e-02 (9477) 1
*137608: obj =   1.389749195e+03 inf =   6.049e-02 (9459) 2
*137745: obj =   1.389749008e+03 inf =   6.039e-02 (9398) 1
*137876: obj =   1.389748937e+03 inf =   6.036e-02 (9402) 1
*138007: obj =   1.389748869e+03 inf =   6.048e-02 (9379) 2
*138144: obj =   1.389748811e+03 inf =   6.061e-02 (9352) 1
*138284: obj =   1.389748771e+03 inf =   6.089e-02 (9308) 1
*138420: obj =   1.389748749e+03 inf =   6.084e-02 (9278) 1
*138553: obj =   1.389748717e+03 inf =   6.093e-02 (9270) 2
*138688: obj =   1.389748670e+03 inf =   6.173e-02 (9232) 1
*138846: obj =   1.389747921e+03 inf =   6.168e-02 (9332) 1
*138982: obj =   1.389747902e+03 inf =   6.023e-02 (9323) 2
*139123: obj =   1.389747881e+03 inf =   5.970e-02 (9301) 1
*139256: obj =   1.389747859e+03 inf =   5.936e-02 (9290) 1
*139391: obj =   1.389747844e+03 inf =   5.901e-02 (9266) 2
*139535: obj =   1.388319605e+03 inf =   5.873e-02 (9237) 1
*139667: obj =   1.388319584e+03 inf =   5.826e-02 (9241) 1
*139786: obj =   1.388319574e+03 inf =   5.811e-02 (9215) 2
*139940: obj =   1.386550255e+03 inf =   5.797e-02 (9111) 1
*140089: obj =   1.384979871e+03 inf =   5.784e-02 (9119) 1
*140219: obj =   1.384979862e+03 inf =   5.754e-02 (9117) 2
*140360: obj =   1.384979848e+03 inf =   5.726e-02 (9093) 1
*140511: obj =   1.384855630e+03 inf =   5.696e-02 (9060) 1
*140660: obj =   1.384855573e+03 inf =   5.688e-02 (9018) 2
*140797: obj =   1.384631416e+03 inf =   5.649e-02 (9105) 1
*140942: obj =   1.384631409e+03 inf =   5.625e-02 (9040) 1
*141088: obj =   1.384631387e+03 inf =   5.595e-02 (9026) 2
*141232: obj =   1.383690408e+03 inf =   5.571e-02 (9032) 1
*141370: obj =   1.383690391e+03 inf =   5.538e-02 (9018) 1
*141504: obj =   1.383690380e+03 inf =   5.512e-02 (9009) 2
*141644: obj =   1.383690344e+03 inf =   5.489e-02 (8980) 1
*141775: obj =   1.382384817e+03 inf =   5.455e-02 (9387) 1
*141907: obj =   1.382384719e+03 inf =   5.432e-02 (9370) 1
*142033: obj =   1.382384670e+03 inf =   5.404e-02 (9335) 2
*142164: obj =   1.382384628e+03 inf =   5.408e-02 (9293) 1
*142318: obj =   1.382384507e+03 inf =   5.419e-02 (9254) 1
*142455: obj =   1.382384450e+03 inf =   5.387e-02 (9241) 2
*142598: obj =   1.382384372e+03 inf =   5.343e-02 (9252) 1
*142724: obj =   1.380041281e+03 inf =   5.338e-02 (8754) 1
*142852: obj =   1.380041254e+03 inf =   5.311e-02 (8764) 2
*142991: obj =   1.380041248e+03 inf =   5.301e-02 (8765) 1
*143141: obj =   1.373646097e+03 inf =   5.304e-02 (8808) 1
*143308: obj =   1.341092693e+03 inf =   5.304e-02 (8807) 1
*143446: obj =   1.341092514e+03 inf =   5.295e-02 (8799) 1
*143585: obj =   1.341092504e+03 inf =   5.293e-02 (8792) 2
*143738: obj =   1.341092414e+03 inf =   5.310e-02 (8767) 1
*143879: obj =   1.341092398e+03 inf =   5.353e-02 (8781) 2
*144021: obj =   1.341092295e+03 inf =   5.355e-02 (8774) 1
*144169: obj =   1.341092248e+03 inf =   5.348e-02 (8771) 1
*144306: obj =   1.341092223e+03 inf =   5.342e-02 (8770) 2
*144442: obj =   1.341092211e+03 inf =   5.375e-02 (8737) 1
*144571: obj =   1.341092194e+03 inf =   5.361e-02 (8734) 1
*144709: obj =   1.341092179e+03 inf =   5.359e-02 (8706) 1
*144836: obj =   1.341092152e+03 inf =   5.370e-02 (8688) 2
*144972: obj =   1.341092139e+03 inf =   5.375e-02 (8687) 1
*145123: obj =   1.341092122e+03 inf =   5.387e-02 (8655) 1
*145269: obj =   1.341092111e+03 inf =   5.378e-02 (8643) 2
*145414: obj =   1.341092091e+03 inf =   5.355e-02 (8623) 1
*145547: obj =   1.341092073e+03 inf =   5.327e-02 (8621) 2
*145676: obj =   1.341092048e+03 inf =   5.311e-02 (8624) 1
*145826: obj =   1.341092026e+03 inf =   5.303e-02 (8614) 1
*145964: obj =   1.341092001e+03 inf =   5.345e-02 (8649) 2
*146095: obj =   1.341091967e+03 inf =   5.434e-02 (8642) 1
*146229: obj =   1.341091957e+03 inf =   5.493e-02 (8615) 1
*146367: obj =   1.341091956e+03 inf =   5.469e-02 (8619) 1
*146499: obj =   1.341091951e+03 inf =   5.448e-02 (8612) 2
*146638: obj =   1.341091926e+03 inf =   5.419e-02 (8592) 1
*146768: obj =   1.341091621e+03 inf =   5.461e-02 (8576) 1
*146900: obj =   1.336929646e+03 inf =   5.457e-02 (8989) 1
*147027: obj =   1.336929624e+03 inf =   5.448e-02 (8976) 2
*147173: obj =   1.335794984e+03 inf =   5.387e-02 (9122) 1
*147321: obj =   1.335794924e+03 inf =   5.395e-02 (9090) 1
*147461: obj =   1.335794899e+03 inf =   5.398e-02 (9093) 2
*147671: obj =   1.237703952e+03 inf =   5.391e-02 (8999)
*147808: obj =   1.236019129e+03 inf =   5.397e-02 (9024) 2
*147949: obj =   1.236019102e+03 inf =   5.387e-02 (9009) 1
*148089: obj =   1.235797943e+03 inf =   5.384e-02 (9044) 1
*148227: obj =   1.235159686e+03 inf =   5.378e-02 (9047) 2
*148369: obj =   1.234916215e+03 inf =   5.370e-02 (9042) 1
*148533: obj =   1.204087848e+03 inf =   5.347e-02 (9104) 1
*148666: obj =   1.204087838e+03 inf =   5.272e-02 (9113) 1
*148794: obj =   1.204087810e+03 inf =   5.232e-02 (9098) 1
*148917: obj =   1.204087791e+03 inf =   5.243e-02 (9082) 2
*149041: obj =   1.204087763e+03 inf =   5.297e-02 (9083) 1
*149167: obj =   1.204087712e+03 inf =   5.405e-02 (9069) 1
*149297: obj =   1.204087689e+03 inf =   5.452e-02 (9057) 1
*149432: obj =   1.200841418e+03 inf =   5.435e-02 (9004) 2
*149560: obj =   1.200841404e+03 inf =   5.448e-02 (9013) 1
*149691: obj =   1.200841389e+03 inf =   5.448e-02 (9002) 1
*149832: obj =   1.200841380e+03 inf =   5.453e-02 (9008) 1
*149966: obj =   1.200841368e+03 inf =   5.441e-02 (8994) 2
*150107: obj =   1.200841352e+03 inf =   5.429e-02 (8966) 1
*150256: obj =   1.200841281e+03 inf =   5.415e-02 (8964) 1
*150405: obj =   1.194768782e+03 inf =   5.423e-02 (8866) 2
*150561: obj =   1.193360967e+03 inf =   5.412e-02 (8853) 1
*150699: obj =   1.193360953e+03 inf =   5.360e-02 (8841) 2
*150849: obj =   1.193092570e+03 inf =   5.358e-02 (8859) 1
*150993: obj =   1.193092542e+03 inf =   5.350e-02 (8845) 2
*151127: obj =   1.193092513e+03 inf =   5.329e-02 (8825) 1
*151265: obj =   1.193092485e+03 inf =   5.415e-02 (8813) 1
*151391: obj =   1.193092482e+03 inf =   5.428e-02 (8820) 1
*151510: obj =   1.193092466e+03 inf =   5.441e-02 (8785) 2
*151640: obj =   1.193092454e+03 inf =   5.436e-02 (8765) 1
*151772: obj =   1.193092433e+03 inf =   5.448e-02 (8743) 1
*151903: obj =   1.193092409e+03 inf =   5.452e-02 (8694) 1
*152032: obj =   1.193092387e+03 inf =   5.438e-02 (8700) 2
*152174: obj =   1.192669186e+03 inf =   5.423e-02 (8763) 1
*152359: obj =   1.120172885e+03 inf =   5.418e-02 (8728) 1
*152504: obj =   1.108624207e+03 inf =   5.411e-02 (8886) 1
*152649: obj =   1.106487209e+03 inf =   5.401e-02 (8677) 1
*152808: obj =   1.076100755e+03 inf =   5.436e-02 (8697) 1
*152943: obj =   1.075104577e+03 inf =   5.427e-02 (8689) 2
*153081: obj =   1.075104529e+03 inf =   5.492e-02 (8704) 1
*153243: obj =   1.070036058e+03 inf =   5.489e-02 (8640) 1
*153400: obj =   1.070036052e+03 inf =   5.481e-02 (8665) 2
*153552: obj =   1.070036038e+03 inf =   5.483e-02 (8654) 1
*153694: obj =   1.070036000e+03 inf =   5.472e-02 (8661) 1
*153847: obj =   1.070035831e+03 inf =   5.460e-02 (8671) 2
*153991: obj =   1.068263089e+03 inf =   5.473e-02 (8846) 1
*154128: obj =   1.066558248e+03 inf =   5.459e-02 (7787) 2
*154270: obj =   1.066558126e+03 inf =   5.365e-02 (7780) 1
*154396: obj =   1.066558077e+03 inf =   5.384e-02 (7786) 1
*154521: obj =   1.066558013e+03 inf =   5.433e-02 (7789) 1
*154631: obj =   1.066557978e+03 inf =   5.471e-02 (7787) 2
*154757: obj =   1.066557968e+03 inf =   5.465e-02 (7795) 1
*154886: obj =   1.066557687e+03 inf =   5.488e-02 (7775) 1
*155014: obj =   1.066557594e+03 inf =   5.515e-02 (7777) 1
*155154: obj =   1.059127419e+03 inf =   5.522e-02 (8875) 2
*155301: obj =   1.059127382e+03 inf =   5.534e-02 (8843) 1
*155440: obj =   1.059127366e+03 inf =   5.559e-02 (8837) 1
*155572: obj =   1.059127348e+03 inf =   5.564e-02 (8849) 2
*155726: obj =   1.057838596e+03 inf =   5.546e-02 (8807) 1
*155875: obj =   1.057838565e+03 inf =   5.543e-02 (8793) 2
*156031: obj =   1.057838533e+03 inf =   5.550e-02 (8762) 1
*156176: obj =   1.057838512e+03 inf =   5.547e-02 (8763) 1
*156302: obj =   1.057838479e+03 inf =   5.605e-02 (8763) 2
*156425: obj =   1.057838446e+03 inf =   5.705e-02 (8753) 1
*156550: obj =   1.057838434e+03 inf =   5.739e-02 (8728) 1
*156684: obj =   1.057838419e+03 inf =   5.749e-02 (8696) 1
*156831: obj =   1.057838400e+03 inf =   5.729e-02 (8718) 2
*156981: obj =   1.057838384e+03 inf =   5.742e-02 (8696) 1
*157115: obj =   1.057306586e+03 inf =   5.726e-02 (8783) 2
*157248: obj =   1.057306554e+03 inf =   5.787e-02 (8788) 1
*157391: obj =   1.057306543e+03 inf =   5.786e-02 (8792) 1
*157534: obj =   1.057306530e+03 inf =   5.750e-02 (8758) 2
*157686: obj =   1.055596664e+03 inf =   5.743e-02 (8710) 1
*157827: obj =   1.055596649e+03 inf =   5.733e-02 (8700) 2
*157956: obj =   1.055596632e+03 inf =   5.732e-02 (8676) 1
*158097: obj =   1.055596620e+03 inf =   5.685e-02 (8695) 1
*158244: obj =   1.054586099e+03 inf =   5.668e-02 (8711) 2
*158397: obj =   1.054586046e+03 inf =   5.634e-02 (8722) 1
*158547: obj =   1.054585941e+03 inf =   5.621e-02 (8715) 1
*158682: obj =   1.054585919e+03 inf =   5.608e-02 (8708) 2
*158820: obj =   1.054585891e+03 inf =   5.624e-02 (8742) 1
*158969: obj =   1.053072876e+03 inf =   5.611e-02 (8641) 2
*159116: obj =   1.052835604e+03 inf =   5.589e-02 (8629) 1
*159264: obj =   1.051779718e+03 inf =   5.567e-02 (8591) 1
*159429: obj =   1.035069375e+03 inf =   5.557e-02 (8614) 2
*159593: obj =   1.030491037e+03 inf =   5.557e-02 (8648) 1
*159740: obj =   1.030491023e+03 inf =   5.541e-02 (8623) 2
*159891: obj =   1.030490930e+03 inf =   5.501e-02 (8630) 1
*160026: obj =   1.030490873e+03 inf =   5.471e-02 (8619) 1
*160142: obj =   1.030490839e+03 inf =   5.456e-02 (8592) 2
*160280: obj =   1.030490774e+03 inf =   5.444e-02 (8580) 1
*160432: obj =   1.030490749e+03 inf =   5.448e-02 (8557) 1
*160571: obj =   1.030490713e+03 inf =   5.456e-02 (8529) 2
*160705: obj =   1.030490695e+03 inf =   5.432e-02 (8526) 1
*160858: obj =   1.030490667e+03 inf =   5.428e-02 (8505) 1
*161004: obj =   1.030490643e+03 inf =   5.427e-02 (8468) 2
*161157: obj =   1.030490621e+03 inf =   5.434e-02 (8474) 1
*161308: obj =   1.030490608e+03 inf =   5.433e-02 (8459) 2
*161454: obj =   1.030490587e+03 inf =   5.410e-02 (8458) 1
*161611: obj =   1.028993748e+03 inf =   5.400e-02 (8306) 2
*161760: obj =   1.028993678e+03 inf =   5.385e-02 (8267) 1
*161919: obj =   1.028993643e+03 inf =   5.354e-02 (8272) 2
*162073: obj =   1.028993593e+03 inf =   5.376e-02 (8250) 1
*162228: obj =   1.028993556e+03 inf =   5.385e-02 (8252) 2
*162366: obj =   1.028993512e+03 inf =   5.471e-02 (8253) 1
*162517: obj =   1.028993490e+03 inf =   5.459e-02 (8235) 1
*162655: obj =   1.028993422e+03 inf =   5.453e-02 (8223) 2
*162796: obj =   1.028993362e+03 inf =   5.468e-02 (8211) 1
*162935: obj =   1.028993342e+03 inf =   5.468e-02 (8208) 1
*163064: obj =   1.028993278e+03 inf =   5.489e-02 (8208) 2
*163210: obj =   1.027890773e+03 inf =   5.454e-02 (8586) 1
*163362: obj =   1.027619353e+03 inf =   5.481e-02 (8649) 1
*163517: obj =   1.025259098e+03 inf =   5.469e-02 (8574) 2
*163678: obj =   1.025259069e+03 inf =   5.468e-02 (8561) 1
*163828: obj =   1.024292977e+03 inf =   5.456e-02 (8539) 2
*163978: obj =   1.024292960e+03 inf =   5.484e-02 (8537) 1
*164117: obj =   1.024292949e+03 inf =   5.495e-02 (8556) 2
*164250: obj =   1.024292922e+03 inf =   5.570e-02 (8535) 1
*164383: obj =   1.024292897e+03 inf =   5.655e-02 (8550) 1
*164519: obj =   1.024292890e+03 inf =   5.674e-02 (8519) 1
*164652: obj =   1.022680316e+03 inf =   5.766e-02 (7412) 2
*164782: obj =   1.022680276e+03 inf =   5.856e-02 (7411) 1
*164919: obj =   1.022680258e+03 inf =   5.866e-02 (7405) 1
*165055: obj =   1.022680233e+03 inf =   5.889e-02 (7390) 2
*165192: obj =   1.022680210e+03 inf =   5.908e-02 (7419) 1
*165321: obj =   1.022680156e+03 inf =   6.001e-02 (7415) 1
*165453: obj =   1.022680132e+03 inf =   6.027e-02 (7412) 1
*165586: obj =   1.022680066e+03 inf =   6.140e-02 (7390) 2
*165719: obj =   1.022680017e+03 inf =   6.223e-02 (7368) 1
*165840: obj =   1.022679986e+03 inf =   6.256e-02 (7373) 1
*165966: obj =   1.022679985e+03 inf =   6.219e-02 (7361) 1
*166086: obj =   1.022679962e+03 inf =   6.212e-02 (7376) 2
*166208: obj =   1.022679954e+03 inf =   6.156e-02 (7392) 1
*166344: obj =   1.022679913e+03 inf =   6.152e-02 (7367) 1
*166482: obj =   1.022679856e+03 inf =   6.211e-02 (7367) 1
*166617: obj =   1.022679835e+03 inf =   6.196e-02 (7336) 2
*166744: obj =   1.022679829e+03 inf =   6.190e-02 (7331) 1
*166877: obj =   1.022518132e+03 inf =   6.164e-02 (8405) 1
*167011: obj =   1.022518121e+03 inf =   6.141e-02 (8432) 2
*167157: obj =   1.022375130e+03 inf =   6.138e-02 (8482) 1
*167308: obj =   1.022375109e+03 inf =   6.116e-02 (8490) 1
*167458: obj =   1.022375074e+03 inf =   6.102e-02 (8485) 2
*167606: obj =   1.022375045e+03 inf =   6.084e-02 (8471) 1
*167746: obj =   1.022375021e+03 inf =   6.083e-02 (8475) 2
*167892: obj =   1.022375004e+03 inf =   6.104e-02 (8458) 1
*168042: obj =   1.022374955e+03 inf =   6.101e-02 (8462) 2
*168196: obj =   1.022374933e+03 inf =   6.097e-02 (8427) 1
*168338: obj =   1.022374898e+03 inf =   6.165e-02 (8412) 2
*168484: obj =   1.022374879e+03 inf =   6.149e-02 (8388) 1
*168625: obj =   1.022374858e+03 inf =   6.130e-02 (8370) 1
*168761: obj =   1.022374835e+03 inf =   6.120e-02 (8349) 2
*168905: obj =   1.022374810e+03 inf =   6.123e-02 (8302) 1
*169051: obj =   1.022374786e+03 inf =   6.114e-02 (8283) 1
*169194: obj =   1.022374765e+03 inf =   6.202e-02 (8272) 2
*169344: obj =   1.019529966e+03 inf =   6.198e-02 (8285) 1
*169535: obj =   9.680199377e+02 inf =   6.173e-02 (8343) 1
*169728: obj =   9.117385339e+02 inf =   6.153e-02 (8290) 1
*169868: obj =   9.117385115e+02 inf =   6.151e-02 (8303) 2
*170014: obj =   9.117385054e+02 inf =   6.162e-02 (8297) 1
*170162: obj =   9.117384886e+02 inf =   6.179e-02 (8319) 2
*170315: obj =   9.117384853e+02 inf =   6.181e-02 (8321) 1
*170458: obj =   9.117384673e+02 inf =   6.143e-02 (8308) 1
*170599: obj =   9.117384446e+02 inf =   6.123e-02 (8264) 2
*170761: obj =   9.083809046e+02 inf =   6.050e-02 (8225) 1
*170927: obj =   8.924396938e+02 inf =   6.035e-02 (8235) 1
*171078: obj =   8.903845523e+02 inf =   6.013e-02 (7082) 2
*171228: obj =   8.903845080e+02 inf =   6.007e-02 (7104) 1
*171379: obj =   8.868526938e+02 inf =   5.993e-02 (8288) 2
*171585: obj =   8.063678596e+02 inf =   5.994e-02 (8235) 1
*171751: obj =   7.783245168e+02 inf =   5.988e-02 (8247) 1
*171908: obj =   7.602858729e+02 inf =   5.980e-02 (8259) 1
*172060: obj =   7.602858549e+02 inf =   5.967e-02 (8233) 1
*172205: obj =   7.571197427e+02 inf =   5.960e-02 (8236) 2
*172353: obj =   7.571196810e+02 inf =   5.949e-02 (8244) 1
*172494: obj =   7.571196440e+02 inf =   5.948e-02 (8227) 2
*172641: obj =   7.561699822e+02 inf =   5.925e-02 (7966) 1
*172796: obj =   7.561699521e+02 inf =   5.903e-02 (7924) 2
*172966: obj =   7.367478743e+02 inf =   5.947e-02 (8183) 1
*173164: obj =   6.758303420e+02 inf =   5.917e-02 (6982) 1
*173319: obj =   6.758303195e+02 inf =   5.832e-02 (6962) 1
*173463: obj =   6.758302906e+02 inf =   5.826e-02 (6949) 2
*173600: obj =   6.758302330e+02 inf =   5.985e-02 (6950) 1
*173732: obj =   6.758302171e+02 inf =   6.029e-02 (6932) 1
*173860: obj =   6.758301791e+02 inf =   6.125e-02 (6938) 1
*173986: obj =   6.758301711e+02 inf =   6.147e-02 (6922) 2
*174126: obj =   6.758301579e+02 inf =   6.163e-02 (6933) 1
*174268: obj =   6.758301450e+02 inf =   6.187e-02 (6919) 1
*174395: obj =   6.758301308e+02 inf =   6.207e-02 (6888) 2
*174526: obj =   6.758301056e+02 inf =   6.259e-02 (6901) 1
*174674: obj =   6.758300892e+02 inf =   6.271e-02 (6913) 1
*174814: obj =   6.758300762e+02 inf =   6.249e-02 (6919) 2
*174970: obj =   6.758300551e+02 inf =   6.217e-02 (6900) 1
*175120: obj =   6.754162378e+02 inf =   6.198e-02 (8055) 2
*175267: obj =   6.754162169e+02 inf =   6.181e-02 (8018) 1
*175414: obj =   6.754161974e+02 inf =   6.185e-02 (8031) 1
*175565: obj =   6.754161623e+02 inf =   6.117e-02 (8013) 2
*175717: obj =   6.741474359e+02 inf =   6.107e-02 (7937) 1
*175853: obj =   6.741474065e+02 inf =   6.100e-02 (7911) 2
*176006: obj =   6.741473506e+02 inf =   6.143e-02 (7890) 1
*176155: obj =   6.741473176e+02 inf =   6.176e-02 (7917) 2
*176289: obj =   6.741472218e+02 inf =   6.241e-02 (7905) 1
*176411: obj =   6.741471854e+02 inf =   6.277e-02 (7881) 1
*176536: obj =   6.741470014e+02 inf =   6.547e-02 (7862) 1
*176678: obj =   6.741469279e+02 inf =   6.593e-02 (7872) 2
*176822: obj =   6.741468013e+02 inf =   6.592e-02 (7873) 1
*176955: obj =   6.741467474e+02 inf =   6.658e-02 (7861) 1
*177081: obj =   6.741467121e+02 inf =   6.660e-02 (7834) 2
*177208: obj =   6.741466581e+02 inf =   6.653e-02 (7840) 1
*177351: obj =   6.741465599e+02 inf =   6.655e-02 (7853) 1
*177494: obj =   6.741465193e+02 inf =   6.642e-02 (7854) 1
*177624: obj =   6.741464178e+02 inf =   6.635e-02 (7839) 2
*177750: obj =   6.741462850e+02 inf =   6.626e-02 (7811) 1
*177891: obj =   6.741461728e+02 inf =   6.593e-02 (7825) 1
*178039: obj =   6.691577163e+02 inf =   6.560e-02 (8032) 2
*178195: obj =   6.649906599e+02 inf =   6.537e-02 (8010) 1
*178333: obj =   6.649906306e+02 inf =   6.511e-02 (8016) 2
*178458: obj =   6.649903373e+02 inf =   6.515e-02 (7999) 1
*178581: obj =   6.631375399e+02 inf =   6.582e-02 (7986) 1
*178732: obj =   6.609973952e+02 inf =   6.575e-02 (7826) 1
*178905: obj =   6.579030178e+02 inf =   6.538e-02 (6450) 1
*179064: obj =   6.536615618e+02 inf =   6.546e-02 (6479) 1
*179205: obj =   6.488169515e+02 inf =   6.566e-02 (7704) 1
*179349: obj =   6.472858220e+02 inf =   6.578e-02 (7682) 1
*179497: obj =   6.472858041e+02 inf =   6.570e-02 (7670) 2
*179647: obj =   6.472857982e+02 inf =   6.538e-02 (7632) 1
*179788: obj =   6.472857695e+02 inf =   6.388e-02 (7640) 2
*179936: obj =   6.472857535e+02 inf =   6.357e-02 (7637) 1
*180093: obj =   6.472857225e+02 inf =   6.325e-02 (7613) 1
*180248: obj =   6.468458595e+02 inf =   6.316e-02 (6319) 2
*180389: obj =   6.468458220e+02 inf =   6.254e-02 (6322) 1
*180521: obj =   6.468457619e+02 inf =   6.249e-02 (6321) 2
*180662: obj =   6.468456796e+02 inf =   6.329e-02 (6308) 1
*180800: obj =   6.468456255e+02 inf =   6.373e-02 (6285) 1
*180928: obj =   6.468455809e+02 inf =   6.416e-02 (6295) 2
*181053: obj =   6.468455099e+02 inf =   6.458e-02 (6293) 1
*181185: obj =   6.468451058e+02 inf =   6.494e-02 (6297) 1
*181319: obj =   6.468450388e+02 inf =   6.501e-02 (6276) 1
*181444: obj =   6.468449900e+02 inf =   6.511e-02 (6263) 2
*181569: obj =   6.468448818e+02 inf =   6.616e-02 (6264) 1
*181694: obj =   6.468448198e+02 inf =   6.715e-02 (6267) 1
*181822: obj =   6.468447935e+02 inf =   6.724e-02 (6305) 1
*181951: obj =   6.468446605e+02 inf =   6.833e-02 (6301) 2
*182088: obj =   6.468445142e+02 inf =   7.058e-02 (6289) 1
*182226: obj =   6.468444848e+02 inf =   7.112e-02 (6285) 1
*182355: obj =   6.468444416e+02 inf =   7.193e-02 (6272) 1
*182490: obj =   6.468443706e+02 inf =   7.281e-02 (6259) 2
*182627: obj =   6.468443391e+02 inf =   7.320e-02 (6259) 1
*182759: obj =   6.468443207e+02 inf =   7.290e-02 (6250) 1
*182877: obj =   6.468442903e+02 inf =   7.287e-02 (6240) 2
*183012: obj =   6.468442613e+02 inf =   7.236e-02 (6265) 1
*183145: obj =   6.468442366e+02 inf =   7.207e-02 (6250) 1
*183269: obj =   6.468441934e+02 inf =   7.196e-02 (6254) 1
*183388: obj =   6.468441654e+02 inf =   7.205e-02 (6245) 2
*183514: obj =   6.468441373e+02 inf =   7.169e-02 (6285) 1
*183634: obj =   6.468441151e+02 inf =   7.167e-02 (6263) 1
*183759: obj =   6.468441039e+02 inf =   7.103e-02 (6279) 1
*183890: obj =   6.468440711e+02 inf =   7.067e-02 (6288) 1
*184024: obj =   6.468440475e+02 inf =   7.007e-02 (6292) 2
*184160: obj =   6.468440192e+02 inf =   6.941e-02 (6298) 1
*184310: obj =   6.468439608e+02 inf =   6.887e-02 (6307) 1
*184443: obj =   6.468439292e+02 inf =   6.865e-02 (6303) 2
*184578: obj =   6.468439125e+02 inf =   6.803e-02 (6301) 1
*184706: obj =   6.468438131e+02 inf =   6.762e-02 (6301) 1
*184830: obj =   6.468434623e+02 inf =   6.737e-02 (6307) 2
*184963: obj =   6.421242411e+02 inf =   6.704e-02 (7685) 1
*185097: obj =   6.421242045e+02 inf =   6.697e-02 (7680) 1
*185230: obj =   6.421241746e+02 inf =   6.696e-02 (7618) 1
*185358: obj =   6.348948859e+02 inf =   6.687e-02 (6939) 2
*185487: obj =   6.348948341e+02 inf =   6.698e-02 (6946) 1
*185622: obj =   6.335430541e+02 inf =   6.728e-02 (7205) 1
*185757: obj =   6.333807800e+02 inf =   6.760e-02 (7437) 2
*185881: obj =   6.333807681e+02 inf =   6.789e-02 (7449) 1
*186005: obj =   6.326375744e+02 inf =   6.696e-02 (7222) 1
*186135: obj =   6.287772389e+02 inf =   6.684e-02 (6465) 1
*186257: obj =   6.276421424e+02 inf =   6.676e-02 (7576) 1
*186389: obj =   6.262672058e+02 inf =   6.705e-02 (7561) 1
*186515: obj =   6.262671778e+02 inf =   6.713e-02 (7550) 2
*186639: obj =   6.262671602e+02 inf =   6.672e-02 (7552) 1
*186759: obj =   6.262671376e+02 inf =   6.627e-02 (7547) 1
*186884: obj =   6.262671174e+02 inf =   6.645e-02 (7565) 1
*187013: obj =   6.262670978e+02 inf =   6.678e-02 (7571) 1
*187149: obj =   6.252493238e+02 inf =   6.677e-02 (7524) 2
*187283: obj =   6.252492995e+02 inf =   6.686e-02 (7509) 1
*187413: obj =   6.238748542e+02 inf =   6.709e-02 (7166) 1
*187543: obj =   6.238748277e+02 inf =   6.745e-02 (7144) 2
*187689: obj =   6.226739298e+02 inf =   6.766e-02 (7556) 1
*187827: obj =   6.226739122e+02 inf =   6.774e-02 (7548) 1
*187970: obj =   6.226737834e+02 inf =   6.759e-02 (7549) 2
*188116: obj =   6.226737514e+02 inf =   6.748e-02 (7546) 1
*188261: obj =   6.226736583e+02 inf =   6.735e-02 (7530) 2
*188395: obj =   6.226735498e+02 inf =   6.722e-02 (7518) 1
*188539: obj =   6.226734813e+02 inf =   6.778e-02 (7518) 1
*188677: obj =   6.226734641e+02 inf =   6.741e-02 (7517) 2
*188812: obj =   6.226734455e+02 inf =   6.717e-02 (7500) 1
*188940: obj =   6.199524215e+02 inf =   6.712e-02 (7468) 1
*189087: obj =   6.195144254e+02 inf =   6.680e-02 (7467) 2
*189234: obj =   6.195143980e+02 inf =   6.682e-02 (7469) 1
*189368: obj =   6.195143821e+02 inf =   6.613e-02 (7463) 1
*189507: obj =   6.183422247e+02 inf =   6.600e-02 (7462) 2
*189650: obj =   6.183421966e+02 inf =   6.518e-02 (7472) 1
*189784: obj =   6.183421776e+02 inf =   6.450e-02 (7463) 1
*189915: obj =   6.183421555e+02 inf =   6.384e-02 (7433) 2
*190044: obj =   6.183421448e+02 inf =   6.460e-02 (7406) 1
*190171: obj =   6.183420684e+02 inf =   6.466e-02 (7389) 1
*190302: obj =   6.183420380e+02 inf =   6.414e-02 (7387) 1
*190437: obj =   6.183420332e+02 inf =   6.420e-02 (7380) 2
*190587: obj =   6.183419973e+02 inf =   6.432e-02 (7365) 1
*190730: obj =   6.183419767e+02 inf =   6.434e-02 (7367) 2
*190881: obj =   6.160218388e+02 inf =   6.425e-02 (7355) 1
*191137: obj =   4.716272563e+02 inf =   6.425e-02 (7340)
*191288: obj =   4.703509091e+02 inf =   6.400e-02 (7240) 2
*191436: obj =   4.703508695e+02 inf =   6.378e-02 (7219) 1
*191579: obj =   4.703508191e+02 inf =   6.374e-02 (7170) 2
*191733: obj =   4.667525866e+02 inf =   6.357e-02 (6282) 1
*191883: obj =   4.606518624e+02 inf =   6.334e-02 (5992) 1
*192022: obj =   4.589379248e+02 inf =   6.305e-02 (5989) 1
*192161: obj =   4.571944307e+02 inf =   6.300e-02 (5763) 2
*192311: obj =   4.571942801e+02 inf =   6.295e-02 (5755) 1
*192458: obj =   4.558860738e+02 inf =   6.275e-02 (5746) 1
*192580: obj =   4.528565730e+02 inf =   6.236e-02 (5770) 2
*192716: obj =   4.528565625e+02 inf =   6.200e-02 (5803) 1
*192856: obj =   4.528565421e+02 inf =   5.982e-02 (5801) 1
*192986: obj =   4.528565135e+02 inf =   5.883e-02 (5808) 2
*193122: obj =   4.528564835e+02 inf =   5.841e-02 (5812) 1
*193265: obj =   4.528562772e+02 inf =   5.824e-02 (5816) 1
*193400: obj =   4.528554351e+02 inf =   5.792e-02 (5831) 2
*193542: obj =   4.481473484e+02 inf =   5.792e-02 (5802) 1
*193682: obj =   4.463452960e+02 inf =   5.792e-02 (5772) 1
*193812: obj =   4.418117205e+02 inf =   5.797e-02 (5718) 2
*193947: obj =   4.408597075e+02 inf =   5.800e-02 (5718) 1
*194090: obj =   4.272222630e+02 inf =   5.794e-02 (5635) 1
*194226: obj =   4.227163532e+02 inf =   5.783e-02 (5613) 1
*194367: obj =   4.224515464e+02 inf =   5.776e-02 (5591) 1
*194504: obj =   4.220853998e+02 inf =   5.776e-02 (5622) 1
*194629: obj =   4.220853731e+02 inf =   5.764e-02 (5597) 2
*194761: obj =   4.220853378e+02 inf =   5.761e-02 (5571) 1
*194897: obj =   4.219013563e+02 inf =   5.771e-02 (5599) 1
*195030: obj =   4.219013128e+02 inf =   5.753e-02 (5589) 2
*195167: obj =   4.219012522e+02 inf =   5.746e-02 (5538) 1
*195311: obj =   4.219011882e+02 inf =   5.724e-02 (5549) 1
*195446: obj =   4.219011606e+02 inf =   5.745e-02 (5535) 2
*195593: obj =   4.219011232e+02 inf =   5.776e-02 (5532) 1
*195734: obj =   4.219010921e+02 inf =   5.749e-02 (5519) 1
*195873: obj =   4.219010727e+02 inf =   5.752e-02 (5512) 2
*196010: obj =   4.210375800e+02 inf =   5.757e-02 (6998) 1
*196145: obj =   4.210373589e+02 inf =   5.748e-02 (6995) 1
*196273: obj =   4.210372875e+02 inf =   5.737e-02 (6990) 2
*196410: obj =   4.210372432e+02 inf =   5.763e-02 (6995) 1
*196538: obj =   4.210372182e+02 inf =   5.880e-02 (6989) 1
*196665: obj =   4.210371760e+02 inf =   6.124e-02 (6970) 1
*196796: obj =   4.210371446e+02 inf =   6.156e-02 (6940) 2
*196928: obj =   4.210371094e+02 inf =   6.183e-02 (6927) 1
*197060: obj =   4.210370859e+02 inf =   6.212e-02 (6908) 1
*197167: obj =   4.210370728e+02 inf =   6.214e-02 (6910) 1
*197292: obj =   4.210370570e+02 inf =   6.214e-02 (6939) 1
*197428: obj =   4.210370456e+02 inf =   6.233e-02 (6921) 2
*197564: obj =   4.210370317e+02 inf =   6.254e-02 (6909) 1
*197711: obj =   4.210370218e+02 inf =   6.243e-02 (6898) 1
*197860: obj =   4.210369921e+02 inf =   6.227e-02 (6880) 2
*198016: obj =   4.152435730e+02 inf =   6.209e-02 (5456) 1
*198182: obj =   3.963444435e+02 inf =   6.199e-02 (5409) 1
*198329: obj =   3.868978215e+02 inf =   6.210e-02 (5402) 1
*198475: obj =   3.859976110e+02 inf =   6.230e-02 (5594) 2
*198632: obj =   3.853850897e+02 inf =   6.233e-02 (5388) 1
*198781: obj =   3.849697143e+02 inf =   6.217e-02 (5334) 2
*198901: obj =   3.849696998e+02 inf =   6.187e-02 (5324) 1
*199003: obj =   3.840176895e+02 inf =   6.173e-02 (5344) 1
*199101: obj =   3.840176817e+02 inf =   6.158e-02 (5323) 1
*199226: obj =   3.711676389e+02 inf =   6.144e-02 (5218)
*199361: obj =   3.682175373e+02 inf =   6.046e-02 (5400) 2
*199479: obj =   3.682175248e+02 inf =   6.036e-02 (5403) 1
*199592: obj =   3.636041237e+02 inf =   6.026e-02 (5323) 1
*199726: obj =   3.636041010e+02 inf =   6.065e-02 (5319) 1
*199857: obj =   3.636040857e+02 inf =   6.055e-02 (5317) 2
*199986: obj =   3.636040447e+02 inf =   5.997e-02 (5323) 1
*200116: obj =   3.636040153e+02 inf =   5.985e-02 (5304) 1
*200255: obj =   3.636039956e+02 inf =   5.978e-02 (5292) 1
*200396: obj =   3.636039554e+02 inf =   5.948e-02 (5286) 2
*200548: obj =   3.555259471e+02 inf =   5.944e-02 (5163) 1
*200685: obj =   3.555258892e+02 inf =   5.915e-02 (5176) 1
*200817: obj =   3.497710004e+02 inf =   5.871e-02 (5157) 2
*200966: obj =   3.497708745e+02 inf =   5.865e-02 (5160) 1
*201104: obj =   3.497708322e+02 inf =   5.862e-02 (5152) 1
*201234: obj =   3.497708073e+02 inf =   5.850e-02 (5164) 2
*201373: obj =   3.497707671e+02 inf =   5.836e-02 (5143) 1
*201525: obj =   3.497706785e+02 inf =   5.818e-02 (5135) 2
*201667: obj =   3.475919709e+02 inf =   5.810e-02 (5097) 1
*201804: obj =   3.475919577e+02 inf =   5.813e-02 (5095) 1
*201951: obj =   3.291550628e+02 inf =   5.809e-02 (5010) 1
*202101: obj =   3.233168553e+02 inf =   5.795e-02 (4873) 1
*202277: obj =   3.162902293e+02 inf =   5.763e-02 (4693)
*202412: obj =   3.162901939e+02 inf =   5.812e-02 (4680) 1
*202571: obj =   3.138111967e+02 inf =   5.819e-02 (4665) 2
*202731: obj =   3.125618760e+02 inf =   5.817e-02 (4628) 1
*202914: obj =   2.701726373e+02 inf =   5.817e-02 (4584) 1
*203097: obj =   2.030480219e+02 inf =   5.816e-02 (4521) 1
*203264: obj =   1.720755335e+02 inf =   5.807e-02 (4494) 1
*203419: obj =   1.538923561e+02 inf =   5.808e-02 (4483) 2
*203575: obj =   1.534132652e+02 inf =   5.810e-02 (4464) 1
*203715: obj =   1.517549308e+02 inf =   5.820e-02 (4435) 1
*203864: obj =   1.515106964e+02 inf =   5.821e-02 (4428) 2
*204010: obj =   1.501953440e+02 inf =   5.806e-02 (4399) 1
*204193: obj =   8.937882328e+01 inf =   5.806e-02 (4307) 1
*204321: obj =   8.937880903e+01 inf =   5.830e-02 (4301) 1
*204445: obj =   8.937878833e+01 inf =   6.054e-02 (4291) 1
*204581: obj =   8.937877145e+01 inf =   6.111e-02 (4301) 2
*204728: obj =   8.559554185e+01 inf =   6.105e-02 (4286) 1
*204882: obj =   8.559552990e+01 inf =   6.086e-02 (4280) 1
*205043: obj =   7.853499000e+01 inf =   6.076e-02 (4214) 2
*205206: obj =   7.837062757e+01 inf =   6.066e-02 (4168) 1
*205351: obj =   7.837060936e+01 inf =   6.057e-02 (4172) 1
*205488: obj =   7.837059373e+01 inf =   6.072e-02 (4181) 2
*205630: obj =   7.837057967e+01 inf =   6.060e-02 (4195) 1
*205775: obj =   7.837055741e+01 inf =   6.054e-02 (4164) 1
*205898: obj =   7.837054816e+01 inf =   6.046e-02 (4171) 2
*206027: obj =   7.837053247e+01 inf =   6.041e-02 (4170) 1
*206153: obj =   7.837052523e+01 inf =   6.016e-02 (4163) 1
*206288: obj =   7.816957962e+01 inf =   6.014e-02 (4199) 1
*206439: obj =   7.800483618e+01 inf =   5.978e-02 (4154) 2
*206585: obj =   7.800482191e+01 inf =   5.974e-02 (4123) 1
*206723: obj =   7.800480427e+01 inf =   5.937e-02 (4131) 1
*206852: obj =   7.800479599e+01 inf =   5.907e-02 (4102) 2
*206994: obj =   7.800477836e+01 inf =   5.885e-02 (4085) 1
*207123: obj =   7.717311210e+01 inf =   5.858e-02 (4095) 1
*207241: obj =   7.717309498e+01 inf =   5.821e-02 (4089) 1
*207377: obj =   7.717308311e+01 inf =   5.800e-02 (4055) 2
*207532: obj =   7.717303439e+01 inf =   5.776e-02 (4021) 1
*207678: obj =   7.717302491e+01 inf =   5.751e-02 (4040) 1
*207829: obj =   7.625633012e+01 inf =   5.726e-02 (4011) 2
*207977: obj =   7.493185562e+01 inf =   5.710e-02 (4002) 1
*208117: obj =   7.376564675e+01 inf =   5.707e-02 (4045) 2
*208260: obj =   7.376561496e+01 inf =   5.705e-02 (4035) 1
*208407: obj =   7.376560187e+01 inf =   5.694e-02 (4000) 1
*208546: obj =   7.311103199e+01 inf =   5.680e-02 (3980) 2
*208685: obj =   7.248627389e+01 inf =   5.651e-02 (3951) 1
*208827: obj =   7.232517709e+01 inf =   5.612e-02 (3930) 1
*208963: obj =   7.232516966e+01 inf =   5.577e-02 (3942) 2
*209091: obj =   7.232516710e+01 inf =   5.551e-02 (3963) 1
*209228: obj =   6.517260478e+01 inf =   5.597e-02 (3939) 1
*209366: obj =   5.243241679e+01 inf =   5.597e-02 (5404) 1
*209502: obj =   5.243030166e+01 inf =   5.588e-02 (5393) 2
*209636: obj =   5.242916891e+01 inf =   5.598e-02 (5401) 1
*209776: obj =   5.242881085e+01 inf =   5.608e-02 (5399) 1
*209910: obj =   5.242845552e+01 inf =   5.607e-02 (5402) 2
*210046: obj =   5.242828605e+01 inf =   5.611e-02 (5416) 1
*210190: obj =   5.242810928e+01 inf =   5.655e-02 (5407) 1
*210319: obj =   5.242792931e+01 inf =   5.656e-02 (5402) 2
*210456: obj =   5.242776476e+01 inf =   5.678e-02 (5390) 1
*210593: obj =   5.242756833e+01 inf =   5.730e-02 (5396) 1
*210732: obj =   5.242736647e+01 inf =   5.850e-02 (5385) 2
*210871: obj =   5.242726405e+01 inf =   5.911e-02 (5341) 1
*211009: obj =   5.242717296e+01 inf =   5.951e-02 (5342) 1
*211146: obj =   5.242705051e+01 inf =   6.179e-02 (5309) 2
*211299: obj =   5.242696287e+01 inf =   6.220e-02 (5285) 1
*211449: obj =   5.242691282e+01 inf =   6.258e-02 (5259) 2
*211594: obj =   5.242683074e+01 inf =   6.583e-02 (5215) 1
*211749: obj =   5.242681475e+01 inf =   6.737e-02 (5181) 2
*211901: obj =   5.242679400e+01 inf =   6.843e-02 (5140) 1
*212052: obj =   5.242677726e+01 inf =   6.981e-02 (5091) 2
*212196: obj =   5.242675210e+01 inf =   7.382e-02 (5080) 1
*212369: obj =   5.015018657e+01 inf =   7.361e-02 (5032) 1
*212517: obj =   5.015018135e+01 inf =   7.341e-02 (5037) 2
*212663: obj =   4.947646247e+01 inf =   7.274e-02 (4992) 1
*212828: obj =   4.947645056e+01 inf =   7.257e-02 (4963) 1
*212977: obj =   4.947644382e+01 inf =   7.187e-02 (4951) 2
*213117: obj =   4.947643764e+01 inf =   7.063e-02 (4928) 1
*213259: obj =   4.947643223e+01 inf =   7.020e-02 (4894) 1
*213407: obj =   4.947642252e+01 inf =   6.964e-02 (4899) 1
*213551: obj =   4.947641624e+01 inf =   6.919e-02 (4904) 2
*213713: obj =   4.947640003e+01 inf =   6.860e-02 (4892) 1
*213866: obj =   4.905401383e+01 inf =   6.797e-02 (4885) 2
*214016: obj =   4.864975517e+01 inf =   6.768e-02 (4839) 1
*214192: obj =   4.864974432e+01 inf =   6.764e-02 (4721)
*214368: obj =   4.864972558e+01 inf =   6.759e-02 (4601)
*214530: obj =   4.819149276e+01 inf =   6.721e-02 (4339) 1
*214672: obj =   4.819147305e+01 inf =   6.707e-02 (4356) 2
*214830: obj =   4.819142681e+01 inf =   6.718e-02 (4362) 1
*214986: obj =   4.819137436e+01 inf =   6.726e-02 (4376) 1
*215143: obj =   4.619685928e+01 inf =   6.704e-02 (4834) 2
*215307: obj =   4.492063940e+01 inf =   6.498e-02 (4813) 1
*215471: obj =   4.407353088e+01 inf =   6.469e-02 (4768) 2
*215620: obj =   4.407352005e+01 inf =   6.458e-02 (4775) 1
*215753: obj =   4.407351272e+01 inf =   6.414e-02 (4761) 2
*215908: obj =   4.407350344e+01 inf =   6.380e-02 (4772) 1
*216054: obj =   4.407349378e+01 inf =   6.351e-02 (4752) 2
*216200: obj =   4.407348848e+01 inf =   6.337e-02 (4737) 1
*216340: obj =   4.276359371e+01 inf =   6.304e-02 (4854) 1
*216489: obj =   4.274305053e+01 inf =   6.258e-02 (3662) 2
*216634: obj =   4.274304615e+01 inf =   6.231e-02 (3659) 1
*216775: obj =   4.274303361e+01 inf =   6.177e-02 (3647) 1
*216923: obj =   4.274302546e+01 inf =   6.166e-02 (3619) 2
*217082: obj =   4.237491307e+01 inf =   6.171e-02 (4522) 1
*217243: obj =   4.206240758e+01 inf =   6.231e-02 (4460) 2
*217391: obj =   4.206240150e+01 inf =   6.227e-02 (4450) 1
*217535: obj =   4.206239056e+01 inf =   6.215e-02 (4413) 2
*217691: obj =   4.206236402e+01 inf =   6.273e-02 (4400) 1
*217841: obj =   4.206234855e+01 inf =   6.338e-02 (4388) 2
*217988: obj =   4.206233767e+01 inf =   6.376e-02 (4374) 1
*218155: obj =   4.206232951e+01 inf =   6.355e-02 (4247) 1
*218337: obj =   4.206232678e+01 inf =   6.348e-02 (4087)
*218512: obj =   4.206232328e+01 inf =   6.350e-02 (3960)
*218672: obj =   4.206231917e+01 inf =   6.283e-02 (3983) 2
*218819: obj =   4.206230323e+01 inf =   6.419e-02 (3993) 1
*218960: obj =   4.206229309e+01 inf =   6.488e-02 (4002) 1
*219092: obj =   4.206228515e+01 inf =   6.558e-02 (3987) 2
*219234: obj =   4.206228166e+01 inf =   6.563e-02 (3990) 1
*219374: obj =   4.206227803e+01 inf =   6.539e-02 (3973) 1
*219501: obj =   4.206227428e+01 inf =   6.506e-02 (3964) 2
*219632: obj =   4.206226901e+01 inf =   6.484e-02 (3946) 1
*219761: obj =   4.206226411e+01 inf =   6.463e-02 (3957) 1
*219895: obj =   4.206226201e+01 inf =   6.449e-02 (3936) 2
*220063: obj =   4.206225910e+01 inf =   6.427e-02 (3837)
*220227: obj =   4.206224518e+01 inf =   6.396e-02 (3770) 1
*220371: obj =   4.206223961e+01 inf =   6.342e-02 (3753) 1
*220508: obj =   4.206223473e+01 inf =   6.304e-02 (3741) 1
*220634: obj =   4.206222475e+01 inf =   6.391e-02 (3754) 2
*220775: obj =   4.206221971e+01 inf =   6.401e-02 (3746) 1
*220911: obj =   4.206221310e+01 inf =   6.431e-02 (3730) 1
*221030: obj =   4.206220900e+01 inf =   6.452e-02 (3735) 2
*221148: obj =   4.206220433e+01 inf =   6.512e-02 (3728) 1
*221301: obj =   4.206219534e+01 inf =   6.547e-02 (3656)
*221449: obj =   4.206218013e+01 inf =   6.539e-02 (3590) 1
*221600: obj =   4.206217582e+01 inf =   6.545e-02 (3562) 1
*221739: obj =   4.206217360e+01 inf =   6.514e-02 (3516) 2
*221924: obj =   4.206217352e+01 inf =   6.476e-02 (3383)
*222076: obj =   4.206216868e+01 inf =   6.469e-02 (3339) 1
*222237: obj =   4.206216573e+01 inf =   6.475e-02 (3260) 1
*222366: obj =   4.206215981e+01 inf =   6.506e-02 (3232) 1
*222496: obj =   4.206215699e+01 inf =   6.525e-02 (3238) 1
*222634: obj =   4.206215632e+01 inf =   6.495e-02 (3241) 2
*222785: obj =   4.204242421e+01 inf =   6.474e-02 (5224) 1
*222933: obj =   4.204241620e+01 inf =   6.456e-02 (5199) 2
*223067: obj =   4.204241014e+01 inf =   6.428e-02 (5225) 1
*223199: obj =   4.204239445e+01 inf =   6.345e-02 (5245) 1
*223324: obj =   4.204238155e+01 inf =   6.296e-02 (5180) 1
*223445: obj =   4.204237593e+01 inf =   6.275e-02 (5163) 2
*223567: obj =   4.204235072e+01 inf =   6.191e-02 (5159) 1
*223695: obj =   4.204231408e+01 inf =   6.107e-02 (5142) 1
*223820: obj =   4.204229115e+01 inf =   6.102e-02 (5138) 1
*223944: obj =   4.204225787e+01 inf =   6.081e-02 (5124) 2
*224082: obj =   4.204222280e+01 inf =   6.145e-02 (5139) 1
*224217: obj =   4.204220297e+01 inf =   6.234e-02 (5119) 1
*224342: obj =   4.204218220e+01 inf =   6.330e-02 (5096) 1
*224467: obj =   4.204217075e+01 inf =   6.425e-02 (5106) 2
*224605: obj =   4.204215455e+01 inf =   6.495e-02 (5112) 1
*224744: obj =   4.204213141e+01 inf =   6.816e-02 (5074) 1
*224897: obj =   4.148020749e+01 inf =   6.803e-02 (3221) 2
*225052: obj =   4.148020380e+01 inf =   6.676e-02 (3244) 1
*225193: obj =   4.148019808e+01 inf =   6.574e-02 (3229) 2
*225336: obj =   4.148019705e+01 inf =   6.551e-02 (3211) 1
*225465: obj =   4.148019203e+01 inf =   6.487e-02 (3210) 1
*225591: obj =   4.148018570e+01 inf =   6.426e-02 (3232) 2
*225731: obj =   4.148018026e+01 inf =   6.389e-02 (3216) 1
*225848: obj =   4.148017246e+01 inf =   6.331e-02 (3230) 1
*225980: obj =   4.148016244e+01 inf =   6.355e-02 (3238) 1
*226109: obj =   4.148015856e+01 inf =   6.357e-02 (3241) 2
*226243: obj =   4.148015450e+01 inf =   6.350e-02 (3217) 1
*226373: obj =   4.148014561e+01 inf =   6.393e-02 (3189) 1
*226508: obj =   4.148014039e+01 inf =   6.405e-02 (3180) 2
*226645: obj =   4.148013795e+01 inf =   6.390e-02 (3192) 1
*226778: obj =   4.148013355e+01 inf =   6.424e-02 (3162) 1
*226922: obj =   4.146947507e+01 inf =   6.410e-02 (3440) 2
*227068: obj =   4.146946954e+01 inf =   6.366e-02 (3420) 1
*227209: obj =   4.146946202e+01 inf =   6.318e-02 (3371) 1
*227337: obj =   4.146945731e+01 inf =   6.297e-02 (3392) 2
*227485: obj =   4.146944939e+01 inf =   6.272e-02 (3364) 1
*227623: obj =   4.146943475e+01 inf =   6.228e-02 (3342) 1
*227760: obj =   4.146942274e+01 inf =   6.263e-02 (3336) 2
*227885: obj =   4.146941304e+01 inf =   6.347e-02 (3332) 1
*228017: obj =   4.146940590e+01 inf =   6.448e-02 (3296) 1
*228169: obj =   4.007928449e+01 inf =   6.431e-02 (3032) 2
*228317: obj =   3.975804887e+01 inf =   6.455e-02 (3037) 1
*228451: obj =   3.975804451e+01 inf =   6.350e-02 (3036) 1
*228575: obj =   3.975804148e+01 inf =   6.325e-02 (3033) 2
*228706: obj =   3.975803764e+01 inf =   6.310e-02 (3002) 1
*228836: obj =   3.975803487e+01 inf =   6.287e-02 (3018) 1
*228963: obj =   3.975803075e+01 inf =   6.288e-02 (3052) 1
*229092: obj =   3.975802838e+01 inf =   6.278e-02 (2986) 2
*229218: obj =   3.975802454e+01 inf =   6.282e-02 (2967) 1
*229344: obj =   3.975801969e+01 inf =   6.296e-02 (2979) 1
*229475: obj =   3.953657845e+01 inf =   6.362e-02 (2972) 1
*229606: obj =   3.953657267e+01 inf =   6.365e-02 (2995) 2
*229731: obj =   3.953657074e+01 inf =   6.380e-02 (2946) 1
*229884: obj =   3.876877148e+01 inf =   6.354e-02 (2950) 1
*230035: obj =   3.835882225e+01 inf =   6.341e-02 (3294) 2
*230165: obj =   3.835881983e+01 inf =   6.316e-02 (3275) 1
*230300: obj =   3.835881403e+01 inf =   6.259e-02 (3262) 1
*230439: obj =   3.835880893e+01 inf =   6.264e-02 (3255) 2
*230592: obj =   3.835880014e+01 inf =   6.337e-02 (3251) 1
*230732: obj =   3.835879499e+01 inf =   6.312e-02 (3206) 1
*230867: obj =   3.835879079e+01 inf =   6.342e-02 (3209) 2
*231001: obj =   3.835878514e+01 inf =   6.380e-02 (3179) 1
*231158: obj =   3.776071723e+01 inf =   6.365e-02 (2918) 1
*231301: obj =   3.738672921e+01 inf =   6.343e-02 (2933) 2
*231456: obj =   3.726542689e+01 inf =   6.329e-02 (2898) 1
*231592: obj =   3.726542333e+01 inf =   6.272e-02 (2890) 2
*231719: obj =   3.726541985e+01 inf =   6.272e-02 (2894) 1
*231849: obj =   3.726541562e+01 inf =   6.303e-02 (2863) 1
*231979: obj =   3.726541474e+01 inf =   6.298e-02 (2871) 1
*232113: obj =   3.726541194e+01 inf =   6.299e-02 (2833) 2
*232274: obj =   3.703355454e+01 inf =   6.273e-02 (2858) 1
*232411: obj =   3.703355304e+01 inf =   6.282e-02 (2822) 1
*232542: obj =   3.692300200e+01 inf =   6.275e-02 (2807) 2
*232683: obj =   3.692299976e+01 inf =   6.316e-02 (2763) 1
*232849: obj =   3.650162848e+01 inf =   6.295e-02 (2745) 1
*233001: obj =   3.630304024e+01 inf =   6.268e-02 (2751) 2
*233160: obj =   3.621197902e+01 inf =   6.258e-02 (2749) 1
*233315: obj =   3.612998407e+01 inf =   6.228e-02 (2715) 2
*233478: obj =   3.605034329e+01 inf =   6.196e-02 (2703) 1
*233617: obj =   3.605034224e+01 inf =   6.201e-02 (2703) 1
*233754: obj =   3.605034025e+01 inf =   6.191e-02 (2696) 2
*233901: obj =   3.605033600e+01 inf =   6.186e-02 (2644) 1
*234056: obj =   3.597439287e+01 inf =   6.170e-02 (2567) 1
*234208: obj =   3.571734061e+01 inf =   6.137e-02 (2543) 2
*234362: obj =   3.556444725e+01 inf =   6.123e-02 (2541) 1
*234530: obj =   3.551404401e+01 inf =   6.105e-02 (2531) 1
*234688: obj =   3.551404188e+01 inf =   6.074e-02 (2523) 2
*234851: obj =   3.541827430e+01 inf =   6.066e-02 (2450) 1
*235008: obj =   3.537055831e+01 inf =   6.030e-02 (2371) 2
*235164: obj =   3.527894837e+01 inf =   6.023e-02 (2651) 1
*235319: obj =   3.519763117e+01 inf =   6.011e-02 (2585) 1
*235468: obj =   3.508808894e+01 inf =   5.993e-02 (2534) 2
*235626: obj =   3.502861337e+01 inf =   5.985e-02 (2466) 1
*235788: obj =   3.498447238e+01 inf =   5.958e-02 (2228) 2
*235965: obj =   3.487257964e+01 inf =   5.936e-02 (2172) 1
*236125: obj =   3.480839948e+01 inf =   5.906e-02 (2090) 1
*236274: obj =   3.477781965e+01 inf =   5.873e-02 (2032) 2
*236425: obj =   3.471095101e+01 inf =   5.861e-02 (2004) 1
*236568: obj =   3.468473995e+01 inf =   5.843e-02 (1984) 1
*236715: obj =   3.462516160e+01 inf =   5.837e-02 (1960) 2
*236888: obj =   3.449848172e+01 inf =   5.811e-02 (1857) 1
*237059: obj =   3.444538727e+01 inf =   5.773e-02 (1782) 1
*237217: obj =   3.441715998e+01 inf =   5.750e-02 (1673) 2
*237388: obj =   3.434289757e+01 inf =   5.696e-02 (1532) 1
*237551: obj =   3.424007464e+01 inf =   5.670e-02 (1430) 1
*237719: obj =   3.417959101e+01 inf =   5.681e-02 (1320) 2
*237882: obj =   3.408195454e+01 inf =   5.668e-02 (1371) 1
*238042: obj =   3.400764976e+01 inf =   5.642e-02 (1090) 1
*238201: obj =   3.392566047e+01 inf =   5.629e-02 (947) 2
*238378: obj =   3.390348186e+01 inf =   5.614e-02 (819) 1
*238530: obj =   3.390348181e+01 inf =   5.606e-02 (833) 1
*238698: obj =   3.381578049e+01 inf =   5.594e-02 (730) 2
*238878: obj =   3.371900567e+01 inf =   5.575e-02 (590) 1
*239038: obj =   3.366020224e+01 inf =   5.562e-02 (473) 2
*239201: obj =   3.363147004e+01 inf =   5.541e-02 (449) 1
*239361: obj =   3.358357954e+01 inf =   5.520e-02 (281) 1
*239515: obj =   3.355266558e+01 inf =   5.515e-02 (203) 2
*239679: obj =   3.352476520e+01 inf =   5.506e-02 (65) 1
Removing LP perturbation [239753]...
*239753: obj =   3.354167400e+01 inf =   0.000e+00 (0) 1
OPTIMAL LP SOLUTION FOUND
Integer optimization begins...
Long-step dual simplex will be used
+239753: mip =     not found yet >=              -inf        (1; 0)
+239753: >>>>>   3.354167400e+01 >=   3.354167400e+01   0.0% (1; 0)
+239753: mip =   3.354167400e+01 >=     tree is empty   0.0% (0; 1)
INTEGER OPTIMAL SOLUTION FOUND
Time used:   7826.6 secs
Memory used: 898.1 Mb (941677176 bytes)
Writing MIP solution to 'input/cit-HepTh.html/cit-HepTh.txt.gz.336.lp.sol'...
Objective:  obj = 33.541674 (MINimum)
