	Command being timed: "/usr/app/src/glpk-5.0/examples/glpsol --lp input/gemsec-Deezer.html/HR_edges.csv.gz.230.lp.reach_chain_detours.lp -o input/gemsec-Deezer.html/HR_edges.csv.gz.230.lp.reach_chain_detours.lp.sol"
	User time (seconds): 1882.04
	System time (seconds): 1.64
	Percent of CPU this job got: 99%
	Elapsed (wall clock) time (h:mm:ss or m:ss): 31:23.75
	Average shared text size (kbytes): 0
	Average unshared data size (kbytes): 0
	Average stack size (kbytes): 0
	Average total size (kbytes): 0
	Maximum resident set size (kbytes): 289524
	Average resident set size (kbytes): 0
	Major (requiring I/O) page faults: 0
	Minor (reclaiming a frame) page faults: 126291
	Voluntary context switches: 37
	Involuntary context switches: 1676
	Swaps: 0
	File system inputs: 0
	File system outputs: 53672
	Socket messages sent: 0
	Socket messages received: 0
	Signals delivered: 0
	Page size (bytes): 4096
	Exit status: 0
