GLPSOL--GLPK LP/MIP Solver 5.0
Parameter(s) specified in the command line:
 --lp input/com-Amazon.html/com-amazon.ungraph.txt.gz.48.lp -o input/com-Amazon.html/com-amazon.ungraph.txt.gz.48.lp.sol
Reading problem data from 'input/com-Amazon.html/com-amazon.ungraph.txt.gz.48.lp'...
925875 rows, 2186607 columns, 4629362 non-zeros
2186607 integer variables, all of which are binary
3112487 lines were read
GLPK Integer Optimizer 5.0
925875 rows, 2186607 columns, 4629362 non-zeros
2186607 integer variables, all of which are binary
Preprocessing...
925772 rows, 2186494 columns, 4628572 non-zeros
2186494 integer variables, all of which are binary
Scaling...
 A: min|aij| =  1.000e+00  max|aij| =  1.000e+00  ratio =  1.000e+00
Problem data seem to be well scaled
Constructing initial basis...
Size of triangular part is 925772
Solving LP relaxation...
GLPK Simplex Optimizer 5.0
925772 rows, 2186494 columns, 4628572 non-zeros
      0: obj =   0.000000000e+00 inf =   2.160e+02 (216)
    117: obj =   3.925352000e+01 inf =   9.900e+01 (99)
    216: obj =   7.145240400e+01 inf =   0.000e+00 (0)
*   334: obj =   7.031795100e+01 inf =   0.000e+00 (227)
Perturbing LP to avoid stalling [417]...
*   439: obj =   7.031795100e+01 inf =   0.000e+00 (230) 1
*   543: obj =   6.817604203e+01 inf =   0.000e+00 (451) 1
*   654: obj =   6.152971256e+01 inf =   0.000e+00 (425) 1
*   780: obj =   5.662267483e+01 inf =   0.000e+00 (483)
*   891: obj =   4.921198174e+01 inf =   0.000e+00 (514)
*  1003: obj =   4.269903399e+01 inf =   2.100e-08 (434) 1
*  1110: obj =   3.178257320e+01 inf =   7.300e-08 (381) 1
*  1240: obj =   1.917647193e+01 inf =   1.355e-06 (510)
*  1362: obj =   1.237255290e+01 inf =   1.288e-06 (926039) 1
*  1485: obj =   3.404762895e+00 inf =   1.317e-06 (496) 1
*  1591: obj =   1.763304889e+00 inf =   1.174e-06 (387)
*  1699: obj =   4.607828831e-01 inf =   1.062e-06 (283)
*  1810: obj =   2.450968792e-01 inf =   1.020e-06 (166) 1
Removing LP perturbation [1922]...
*  1922: obj =   0.000000000e+00 inf =   0.000e+00 (0) 1
OPTIMAL LP SOLUTION FOUND
Integer optimization begins...
Long-step dual simplex will be used
+  1922: mip =     not found yet >=              -inf        (1; 0)
+  1922: >>>>>   0.000000000e+00 >=   0.000000000e+00   0.0% (1; 0)
+  1922: mip =   0.000000000e+00 >=     tree is empty   0.0% (0; 1)
INTEGER OPTIMAL SOLUTION FOUND
Time used:   91.4 secs
Memory used: 2529.1 Mb (2651921116 bytes)
Writing MIP solution to 'input/com-Amazon.html/com-amazon.ungraph.txt.gz.48.lp.sol'...
Objective:  obj = 0 (MINimum)
