	Command being timed: "/usr/app/src/glpk-5.0/examples/glpsol --lp input/gemsec-Facebook.html/artist_edges.csv.gz.369.lp -o input/gemsec-Facebook.html/artist_edges.csv.gz.369.lp.sol"
	User time (seconds): 166390.53
	System time (seconds): 1416.14
	Percent of CPU this job got: 100%
	Elapsed (wall clock) time (h:mm:ss or m:ss): 46:36:45
	Average shared text size (kbytes): 0
	Average unshared data size (kbytes): 0
	Average stack size (kbytes): 0
	Average total size (kbytes): 0
	Maximum resident set size (kbytes): 2026128
	Average resident set size (kbytes): 0
	Major (requiring I/O) page faults: 0
	Minor (reclaiming a frame) page faults: 1093330
	Voluntary context switches: 7946
	Involuntary context switches: 137115
	Swaps: 0
	File system inputs: 0
	File system outputs: 409920
	Socket messages sent: 0
	Socket messages received: 0
	Signals delivered: 0
	Page size (bytes): 4096
	Exit status: 0
