	Command being timed: "/usr/app/src/glpk-5.0/examples/glpsol --lp input/web-flickr.html/flickrEdges.txt.gz.870.lp.reach_chain_detours.lp -o input/web-flickr.html/flickrEdges.txt.gz.870.lp.reach_chain_detours.lp.sol"
	User time (seconds): 4164.68
	System time (seconds): 14.92
	Percent of CPU this job got: 99%
	Elapsed (wall clock) time (h:mm:ss or m:ss): 1:09:39
	Average shared text size (kbytes): 0
	Average unshared data size (kbytes): 0
	Average stack size (kbytes): 0
	Average total size (kbytes): 0
	Maximum resident set size (kbytes): 1349732
	Average resident set size (kbytes): 0
	Major (requiring I/O) page faults: 3
	Minor (reclaiming a frame) page faults: 1854482
	Voluntary context switches: 53
	Involuntary context switches: 5886
	Swaps: 0
	File system inputs: 528
	File system outputs: 278384
	Socket messages sent: 0
	Socket messages received: 0
	Signals delivered: 0
	Page size (bytes): 4096
	Exit status: 0
