GLPSOL--GLPK LP/MIP Solver 5.0
Parameter(s) specified in the command line:
 --lp input/gemsec-Facebook.html/athletes_edges.csv.gz.48.lp -o input/gemsec-Facebook.html/athletes_edges.csv.gz.48.lp.sol
Reading problem data from 'input/gemsec-Facebook.html/athletes_edges.csv.gz.48.lp'...
86815 rows, 187492 columns, 434062 non-zeros
187492 integer variables, all of which are binary
274312 lines were read
GLPK Integer Optimizer 5.0
86815 rows, 187492 columns, 434062 non-zeros
187492 integer variables, all of which are binary
Preprocessing...
1 hidden packing inequaliti(es) were detected
86616 rows, 187290 columns, 432775 non-zeros
187290 integer variables, all of which are binary
Scaling...
 A: min|aij| =  1.000e+00  max|aij| =  1.000e+00  ratio =  1.000e+00
Problem data seem to be well scaled
Constructing initial basis...
Size of triangular part is 86616
Solving LP relaxation...
GLPK Simplex Optimizer 5.0
86616 rows, 187290 columns, 432775 non-zeros
      0: obj =   0.000000000e+00 inf =   2.500e+02 (250)
    250: obj =   1.613722460e+02 inf =   0.000e+00 (0)
Perturbing LP to avoid stalling [454]...
*  1413: obj =   1.560181210e+02 inf =   0.000e+00 (462) 8
*  2292: obj =   1.452635540e+02 inf =   8.290e-07 (1616) 8
*  3051: obj =   1.414706837e+02 inf =   5.147e-04 (1830) 6
*  3769: obj =   1.350202651e+02 inf =   4.430e-03 (1821) 6
*  4527: obj =   1.347429876e+02 inf =   7.626e-03 (1810) 7
*  5411: obj =   1.325124384e+02 inf =   5.591e-03 (1905) 7
*  6293: obj =   1.302561880e+02 inf =   4.184e-03 (1769) 8
*  7044: obj =   1.291570258e+02 inf =   5.812e-03 (1754) 7
*  7818: obj =   1.208002804e+02 inf =   5.611e-03 (1850) 7
*  8484: obj =   1.182529349e+02 inf =   9.232e-03 (1764) 5
*  9122: obj =   1.182528965e+02 inf =   1.084e-02 (1786) 6
*  9791: obj =   1.182528525e+02 inf =   1.198e-02 (1920) 6
* 10418: obj =   1.182527944e+02 inf =   1.376e-02 (2002) 5
* 11019: obj =   1.182527663e+02 inf =   1.272e-02 (2078) 5
* 11579: obj =   1.182527109e+02 inf =   1.231e-02 (2144) 6
* 12127: obj =   1.182526530e+02 inf =   1.065e-02 (2191) 5
* 12733: obj =   1.182526045e+02 inf =   8.044e-03 (2263) 5
* 13338: obj =   1.081061502e+02 inf =   6.856e-03 (2371) 6
* 13917: obj =   1.081059318e+02 inf =   6.470e-03 (2387) 6
* 14487: obj =   1.025233154e+02 inf =   5.617e-03 (2344) 5
* 15038: obj =   9.341227021e+01 inf =   5.398e-03 (2273) 6
* 15641: obj =   9.213490793e+01 inf =   5.234e-03 (3388) 5
* 16286: obj =   9.213467443e+01 inf =   5.428e-03 (2694) 7
* 16903: obj =   9.213456204e+01 inf =   5.421e-03 (88055) 6
* 17599: obj =   8.682256367e+01 inf =   5.635e-03 (2176) 5
* 18221: obj =   8.682249935e+01 inf =   5.348e-03 (2069) 6
* 18868: obj =   8.682240836e+01 inf =   4.768e-03 (1986) 7
* 19510: obj =   8.146505583e+01 inf =   4.641e-03 (3380) 6
* 20194: obj =   8.146445936e+01 inf =   4.840e-03 (2516) 7
* 20815: obj =   8.146430097e+01 inf =   4.606e-03 (2030) 5
* 21429: obj =   7.658583404e+01 inf =   4.398e-03 (3226) 6
* 22029: obj =   7.658556757e+01 inf =   4.756e-03 (3029) 6
* 22673: obj =   7.658539159e+01 inf =   5.803e-03 (88051) 6
* 23366: obj =   7.597567369e+01 inf =   5.591e-03 (3094) 6
* 24048: obj =   7.597550724e+01 inf =   5.354e-03 (2775) 7
* 24738: obj =   7.597541701e+01 inf =   5.044e-03 (2469) 6
* 25460: obj =   7.597535172e+01 inf =   4.767e-03 (2233) 7
* 26156: obj =   7.293908591e+01 inf =   4.489e-03 (2050) 7
* 26856: obj =   5.602645565e+01 inf =   4.347e-03 (3456) 6
* 27456: obj =   5.602631918e+01 inf =   4.201e-03 (3451) 5
* 28173: obj =   5.602612127e+01 inf =   4.570e-03 (3323) 8
* 28910: obj =   5.602603046e+01 inf =   4.430e-03 (3140) 7
* 29682: obj =   5.411646210e+01 inf =   4.052e-03 (2734) 6
* 30475: obj =   2.979622446e+01 inf =   4.061e-03 (2448) 7
* 31153: obj =   2.979605575e+01 inf =   4.261e-03 (2174) 7
* 31948: obj =   2.835227989e+01 inf =   4.186e-03 (3597) 7
* 32609: obj =   2.835216923e+01 inf =   4.414e-03 (3574) 6
* 33294: obj =   2.835204201e+01 inf =   4.220e-03 (3364) 7
* 33984: obj =   2.835129833e+01 inf =   4.227e-03 (2542) 7
* 34651: obj =   2.835105649e+01 inf =   4.402e-03 (2216) 6
* 35404: obj =   2.763589883e+01 inf =   3.866e-03 (3639) 7
* 36048: obj =   2.763577820e+01 inf =   4.283e-03 (3443) 7
* 36741: obj =   2.763572038e+01 inf =   4.277e-03 (3302) 7
* 37372: obj =   2.763557276e+01 inf =   4.517e-03 (3800) 6
* 38044: obj =   2.763479572e+01 inf =   5.495e-03 (3331) 6
* 38776: obj =   2.763444544e+01 inf =   5.518e-03 (2888) 7
* 39474: obj =   2.763424164e+01 inf =   5.147e-03 (2524) 7
* 40116: obj =   2.763410828e+01 inf =   4.842e-03 (2199) 6
* 40878: obj =   2.694188667e+01 inf =   4.222e-03 (3796) 8
* 41499: obj =   2.346898856e+01 inf =   4.205e-03 (3745) 6
* 42119: obj =   2.346886774e+01 inf =   4.743e-03 (3488) 6
* 42844: obj =   2.346873201e+01 inf =   5.120e-03 (3274) 7
* 43564: obj =   2.346866516e+01 inf =   4.806e-03 (3123) 7
* 44240: obj =   2.223518889e+01 inf =   5.577e-03 (4001) 6
* 44855: obj =   2.223485166e+01 inf =   5.140e-03 (3658) 5
* 45601: obj =   2.223466861e+01 inf =   4.958e-03 (3159) 7
* 46268: obj =   2.223447197e+01 inf =   6.090e-03 (2764) 6
* 46906: obj =   2.223440914e+01 inf =   5.568e-03 (2466) 6
* 47506: obj =   2.223432234e+01 inf =   5.151e-03 (2310) 6
* 48136: obj =   1.458230373e+01 inf =   4.842e-03 (2165) 6
* 48692: obj =   1.402089791e+01 inf =   3.965e-03 (1968) 5
* 49359: obj =   8.050092686e+00 inf =   3.829e-03 (3029) 5
* 49887: obj =   8.050008198e+00 inf =   4.165e-03 (2811) 5
* 50414: obj =   8.049962107e+00 inf =   3.551e-03 (2536) 5
* 50986: obj =   8.049893603e+00 inf =   2.696e-03 (2216) 5
* 51497: obj =   8.049832552e+00 inf =   2.224e-03 (2687) 5
* 52121: obj =   8.049735814e+00 inf =   2.267e-03 (2355) 6
* 52694: obj =   8.049675168e+00 inf =   2.405e-03 (2019) 6
* 53160: obj =   8.049389087e+00 inf =   2.493e-03 (2112) 4
* 53695: obj =   8.049298799e+00 inf =   2.549e-03 (1898) 5
* 54283: obj =   7.391315732e+00 inf =   2.782e-03 (1558) 5
* 55003: obj =   3.905174524e+00 inf =   2.479e-03 (2190) 6
* 55678: obj =   3.286748920e+00 inf =   2.760e-03 (1144) 6
* 56362: obj =   3.120776449e+00 inf =   2.431e-03 (1578) 6
* 56874: obj =   3.120759278e+00 inf =   2.269e-03 (1337) 5
* 57514: obj =   1.555254692e+00 inf =   2.251e-03 (1256) 6
* 58149: obj =   5.669379238e-01 inf =   2.051e-03 (676) 6
* 58753: obj =   5.669181891e-01 inf =   2.403e-03 (633) 6
* 59478: obj =   1.747789602e-01 inf =   2.516e-03 (714) 7
Removing LP perturbation [59834]...
* 59834: obj =   0.000000000e+00 inf =   0.000e+00 (0) 3
OPTIMAL LP SOLUTION FOUND
Integer optimization begins...
Long-step dual simplex will be used
+ 59834: mip =     not found yet >=              -inf        (1; 0)
+ 59834: >>>>>   0.000000000e+00 >=   0.000000000e+00   0.0% (1; 0)
+ 59834: mip =   0.000000000e+00 >=     tree is empty   0.0% (0; 1)
INTEGER OPTIMAL SOLUTION FOUND
Time used:   449.3 secs
Memory used: 223.5 Mb (234364816 bytes)
Writing MIP solution to 'input/gemsec-Facebook.html/athletes_edges.csv.gz.48.lp.sol'...
Objective:  obj = 0 (MINimum)
