Command terminated by signal 6
	Command being timed: "/usr/app/src/main 5 input/soc-lj-comm-watchers.html/soc-lj-comm-watchers-11.txt.gz 0"
	User time (seconds): 195067.94
	System time (seconds): 486.08
	Percent of CPU this job got: 99%
	Elapsed (wall clock) time (h:mm:ss or m:ss): 54:21:45
	Average shared text size (kbytes): 0
	Average unshared data size (kbytes): 0
	Average stack size (kbytes): 0
	Average total size (kbytes): 0
	Maximum resident set size (kbytes): 447404
	Average resident set size (kbytes): 0
	Major (requiring I/O) page faults: 3
	Minor (reclaiming a frame) page faults: 256631823
	Voluntary context switches: 46
	Involuntary context switches: 513402
	Swaps: 0
	File system inputs: 320
	File system outputs: 8
	Socket messages sent: 0
	Socket messages received: 0
	Signals delivered: 0
	Page size (bytes): 4096
	Exit status: 0
