Version 1.2 launched as -e 0.1 12 input/soc-Slashdot0902.html/soc-Slashdot0902.txt.gz 1880


Execution time and memory used at after reading from file: 7.482000e+01 seconds, 52723712 bytes of memory usage, 51524 kB of memory peak and 01:15 elapsed time
Statistics on the network after reading from file
	Number of nodes: 82168
	Number of allocated nodes: 82944
	Number of edges: 870161
	Maximum in degree: 2552 (node 2494)
	Maximum out degree: 2510 (node 2494)

Execution time and memory used at after adding costs: 7.484000e+01 seconds, 52723712 bytes of memory usage, 51524 kB of memory peak and 01:15 elapsed time
Statistics on the network after adding costs
	Number of nodes: 82168
	Number of allocated nodes: 82944
	Number of edges: 870161
	Maximum in degree: 2552 (node 2494)
	Maximum out degree: 2510 (node 2494)

Execution time and memory used at before starting main computation: 7.780000e+01 seconds, 54886400 bytes of memory usage, 54440 kB of memory peak and 01:18 elapsed time
Statistics on the network before starting main computation
	Number of nodes: 82168
	Number of allocated nodes: 82944
	Number of edges: 870161
	Maximum in degree: 2552 (node 2494)
	Maximum out degree: 2510 (node 2494)
	source 515 (node 2494) with out degree 2510
	target 369 (node 398) with in degree 2354

Execution time and memory used at after iteration 1 (MF = 1597.164362): 1.862180e+03 seconds, 850702336 bytes of memory usage, 1112024 kB of memory peak and 31:02 elapsed time
Statistics on the network after iteration 1 (MF = 1597.164362)
	Number of nodes: 82168
	Number of allocated nodes: 82944
	Number of edges: 870161
	Maximum in degree: 2552 (node 2494)
	Maximum out degree: 2510 (node 2494)
	source 515 (node 2494) with out degree 2510
	target 369 (node 398) with in degree 2354

Execution time and memory used at after iteration 2 (MF = 485.593244): 2.356600e+03 seconds, 850702336 bytes of memory usage, 1115720 kB of memory peak and 39:17 elapsed time
Statistics on the network after iteration 2 (MF = 485.593244)
	Number of nodes: 82168
	Number of allocated nodes: 82944
	Number of edges: 870161
	Maximum in degree: 2552 (node 2494)
	Maximum out degree: 2510 (node 2494)
	source 515 (node 2494) with out degree 2510
	target 369 (node 398) with in degree 2354

Execution time and memory used at after iteration 3 (MF = 1087.892137): 1.364046e+05 seconds, 1494683648 bytes of memory usage, 2489188 kB of memory peak and 1-13:53:28 elapsed time
Statistics on the network after iteration 3 (MF = 1087.892137)
	Number of nodes: 82168
	Number of allocated nodes: 82944
	Number of edges: 870161
	Maximum in degree: 2552 (node 2494)
	Maximum out degree: 2510 (node 2494)
	source 515 (node 2494) with out degree 2510
	target 369 (node 398) with in degree 2354
