	Command being timed: "/usr/app/src/glpk-5.0/examples/glpsol --lp input/web-flickr.html/flickrEdges.txt.gz.1160.lp.reach_chain_detours.lp -o input/web-flickr.html/flickrEdges.txt.gz.1160.lp.reach_chain_detours.lp.sol"
	User time (seconds): 1038.70
	System time (seconds): 7.45
	Percent of CPU this job got: 99%
	Elapsed (wall clock) time (h:mm:ss or m:ss): 17:26.27
	Average shared text size (kbytes): 0
	Average unshared data size (kbytes): 0
	Average stack size (kbytes): 0
	Average total size (kbytes): 0
	Maximum resident set size (kbytes): 1350032
	Average resident set size (kbytes): 0
	Major (requiring I/O) page faults: 0
	Minor (reclaiming a frame) page faults: 1201787
	Voluntary context switches: 43
	Involuntary context switches: 1926
	Swaps: 0
	File system inputs: 0
	File system outputs: 277600
	Socket messages sent: 0
	Socket messages received: 0
	Signals delivered: 0
	Page size (bytes): 4096
	Exit status: 0
